
Gurobi 13.0.2 (win64) logging started Mon Sep  7 17:40:46 2026

Set parameter LogFile to value "C:\codex_mobileess_workspace\MobileESS_v41r1_premay_voltage_security_margin\dayahead\artifacts\v41r1_b1_flexibility_diagnostic\2025-05-04\ABLATION_MIGRATION_ONLY.log"
Gurobi Optimizer version 13.0.2 build v13.0.2rc1 (win64 - Windows 11+.0 (26200.2))

CPU model: 13th Gen Intel(R) Core(TM) i7-13620H, instruction set [SSE2|AVX|AVX2]
Thread count: 10 physical cores, 16 logical processors, using up to 4 threads

Non-default parameters:
TimeLimit  180
FeasibilityTol  1e-09
IntFeasTol  1e-09
MIPGap  0
MIPGapAbs  0
OptimalityTol  1e-09
Method  1
NodefileStart  0.5
LogToConsole  0
Seed  20260905
Threads  4

Optimize a model with 746774 rows, 965530 columns and 6693924 nonzeros (Min)
Model fingerprint: 0x46b86526
Model has 1 linear objective coefficients
Model has 5247 simple general constraints
  1023 MAX, 3072 INDICATOR, 1152 PWL
Variable types: 137074 continuous, 828456 integer (407440 binary)
Coefficient statistics:
  Matrix range     [1e-13, 6e+01]
  Objective range  [1e+00, 1e+00]
  Bounds range     [5e-01, 1e+02]
  RHS range        [5e-09, 2e+03]
  PWLCon x range   [1e+00, 8e+01]
  PWLCon y range   [9e+00, 6e+01]
  GenCon rhs range [3e+01, 3e+01]
  GenCon coe range [1e+00, 1e+02]
  GenCon const rng [2e+01, 1e+02]

Loaded user MIP start with objective 0.536991
MIP start from previous solve did not produce a new incumbent solution
Processed MIP start in 1.36 seconds (1.23 work units)

Presolve removed 722896 rows and 900464 columns
Presolve time: 1.08s
Presolved: 23878 rows, 65066 columns, 272819 nonzeros
Presolved model has 1568 SOS constraint(s)
Variable types: 37046 continuous, 28020 integer (20722 binary)
Performing another presolve...
Presolve removed 19986 rows and 18274 columns
Presolve time: 3.11s

Root simplex log...

Iteration    Objective       Primal Inf.    Dual Inf.      Time
       0    5.3291652e-01   2.835418e+03   0.000000e+00      6s
    6622    5.3292045e-01   0.000000e+00   0.000000e+00      7s

Root relaxation: objective 5.329205e-01, 6622 iterations, 0.60 seconds (0.85 work units)
Total elapsed time = 6.79s (DegenMoves)

    Nodes    |    Current Node    |     Objective Bounds      |     Work
 Expl Unexpl |  Obj  Depth IntInf | Incumbent    BestBd   Gap | It/Node Time

     0     0    0.53292    0  792    0.53699    0.53292  0.76%     -    7s
     0     0    0.53292    0  834    0.53699    0.53292  0.76%     -    7s
     0     0    0.53292    0  869    0.53699    0.53292  0.76%     -    8s
     0     0    0.53292    0  894    0.53699    0.53292  0.76%     -    8s
     0     0    0.53292    0  878    0.53699    0.53292  0.76%     -    8s
     0     0    0.53292    0  891    0.53699    0.53292  0.76%     -    8s
     0     0    0.53292    0  891    0.53699    0.53292  0.76%     -    8s
     0     0    0.53292    0  891    0.53699    0.53292  0.76%     -    8s
     0     0    0.53292    0  891    0.53699    0.53292  0.76%     -    9s
     0     0    0.53292    0  891    0.53699    0.53292  0.76%     -    9s
     0     0    0.53292    0  865    0.53699    0.53292  0.76%     -    9s
     0     0    0.53292    0  962    0.53699    0.53292  0.76%     -   11s
     0     0    0.53292    0  980    0.53699    0.53292  0.76%     -   11s
     0     0    0.53292    0 1065    0.53699    0.53292  0.76%     -   12s
     0     0    0.53292    0  900    0.53699    0.53292  0.76%     -   12s
     0     0    0.53292    0 1081    0.53699    0.53292  0.76%     -   12s
     0     0    0.53292    0 1058    0.53699    0.53292  0.76%     -   12s
     0     0    0.53292    0 1062    0.53699    0.53292  0.76%     -   13s
     0     0    0.53292    0 1027    0.53699    0.53292  0.76%     -   13s
     0     0    0.53292    0 1105    0.53699    0.53292  0.76%     -   13s
     0     0    0.53292    0 1052    0.53699    0.53292  0.76%     -   13s
     0     0    0.53292    0 1053    0.53699    0.53292  0.76%     -   13s
     0     0    0.53292    0 1033    0.53699    0.53292  0.76%     -   15s
     0     0    0.53292    0 1014    0.53699    0.53292  0.76%     -   15s
     0     0    0.53292    0 1009    0.53699    0.53292  0.76%     -   16s
     0     0    0.53292    0 1049    0.53699    0.53292  0.76%     -   16s
     0     0    0.53292    0  911    0.53699    0.53292  0.76%     -   16s
     0     0    0.53292    0  911    0.53699    0.53292  0.76%     -   16s
     0     0    0.53292    0  902    0.53699    0.53292  0.76%     -   16s
     0     0    0.53292    0  996    0.53699    0.53292  0.76%     -   17s
     0     0    0.53292    0  935    0.53699    0.53292  0.76%     -   17s
     0     0    0.53292    0 1060    0.53699    0.53292  0.76%     -   17s
     0     0    0.53292    0 1074    0.53699    0.53292  0.76%     -   17s
     0     0    0.53292    0 1184    0.53699    0.53292  0.76%     -   20s
     0     0    0.53292    0 1178    0.53699    0.53292  0.76%     -   20s
     0     0    0.53292    0 1078    0.53699    0.53292  0.76%     -   20s
     0     0    0.53292    0 1068    0.53699    0.53292  0.76%     -   20s
     0     0    0.53292    0 1069    0.53699    0.53292  0.76%     -   21s
     0     0    0.53292    0 1090    0.53699    0.53292  0.76%     -   21s
     0     0    0.53292    0 1048    0.53699    0.53292  0.76%     -   21s
     0     0    0.53292    0 1051    0.53699    0.53292  0.76%     -   21s
     0     0    0.53292    0 1045    0.53699    0.53292  0.76%     -   22s
     0     0    0.53292    0 1096    0.53699    0.53292  0.76%     -   22s
     0     0    0.53292    0 1055    0.53699    0.53292  0.76%     -   22s
     0     0    0.53292    0 1226    0.53699    0.53292  0.76%     -   24s
     0     0    0.53292    0 1066    0.53699    0.53292  0.76%     -   24s
     0     0    0.53292    0 1082    0.53699    0.53292  0.76%     -   24s
     0     0    0.53292    0 1054    0.53699    0.53292  0.76%     -   24s
     0     0    0.53292    0 1061    0.53699    0.53292  0.76%     -   25s
     0     0    0.53292    0 1076    0.53699    0.53292  0.76%     -   25s
     0     0    0.53292    0 1052    0.53699    0.53292  0.76%     -   25s
     0     0    0.53292    0 1053    0.53699    0.53292  0.76%     -   25s
     0     0    0.53292    0 1089    0.53699    0.53292  0.76%     -   25s
     0     0    0.53292    0 1026    0.53699    0.53292  0.76%     -   26s
     0     0    0.53292    0 1049    0.53699    0.53292  0.76%     -   26s
     0     0    0.53292    0  767    0.53699    0.53292  0.76%     -   29s
     0     0    0.53292    0  773    0.53699    0.53292  0.76%     -   29s
     0     0    0.53292    0  765    0.53699    0.53292  0.76%     -   29s
     0     0    0.53292    0  776    0.53699    0.53292  0.76%     -   29s
     0     0    0.53292    0  776    0.53699    0.53292  0.76%     -   29s
     0     0    0.53292    0  776    0.53699    0.53292  0.76%     -   29s
     0     0    0.53292    0  776    0.53699    0.53292  0.76%     -   29s
     0     0    0.53292    0  773    0.53699    0.53292  0.76%     -   29s
     0     0    0.53292    0  775    0.53699    0.53292  0.76%     -   29s
     0     0    0.53292    0  773    0.53699    0.53292  0.76%     -   29s
     0     0    0.53292    0  775    0.53699    0.53292  0.76%     -   29s
     0     0    0.53292    0  901    0.53699    0.53292  0.76%     -   30s
     0     0    0.53292    0  912    0.53699    0.53292  0.76%     -   30s
     0     0    0.53292    0  910    0.53699    0.53292  0.76%     -   30s
     0     0    0.53292    0  910    0.53699    0.53292  0.76%     -   31s
     0     0    0.53292    0  910    0.53699    0.53292  0.76%     -   31s
     0     0    0.53292    0  913    0.53699    0.53292  0.76%     -   31s
     0     0    0.53292    0  756    0.53699    0.53292  0.76%     -   31s
     0     0    0.53292    0  784    0.53699    0.53292  0.76%     -   31s
     0     0    0.53292    0  784    0.53699    0.53292  0.76%     -   31s
     0     0    0.53292    0  784    0.53699    0.53292  0.76%     -   31s
     0     0    0.53292    0  784    0.53699    0.53292  0.76%     -   31s
     0     0    0.53631    0  573    0.53699    0.53631  0.13%     -   32s
     0     0    0.53631    0  264    0.53699    0.53631  0.13%     -   32s
     0     0    0.53631    0  227    0.53699    0.53631  0.13%     -   32s
     0     0    0.53631    0  227    0.53699    0.53631  0.13%     -   32s
     0     0    0.53631    0  227    0.53699    0.53631  0.13%     -   32s
     0     0    0.53631    0  227    0.53699    0.53631  0.13%     -   33s
     0     0    0.53631    0  227    0.53699    0.53631  0.13%     -   33s
     0     0    0.53631    0  227    0.53699    0.53631  0.13%     -   33s
     0     0    0.53631    0  227    0.53699    0.53631  0.13%     -   33s
     0     0    0.53631    0  227    0.53699    0.53631  0.13%     -   33s
     0     0    0.53631    0  227    0.53699    0.53631  0.13%     -   33s
     0     0    0.53631    0  227    0.53699    0.53631  0.13%     -   33s
     0     0    0.53631    0  604    0.53699    0.53631  0.13%     -   34s
     0     0    0.53631    0  460    0.53699    0.53631  0.13%     -   35s
     0     0    0.53631    0  460    0.53699    0.53631  0.13%     -   35s
     0     0    0.53631    0  460    0.53699    0.53631  0.13%     -   35s
     0     0    0.53631    0  631    0.53699    0.53631  0.13%     -   35s
     0     0    0.53631    0  639    0.53699    0.53631  0.13%     -   35s
     0     0    0.53631    0  567    0.53699    0.53631  0.13%     -   35s
     0     0    0.53631    0  609    0.53699    0.53631  0.13%     -   35s
     0     0    0.53631    0  609    0.53699    0.53631  0.13%     -   36s
     0     0    0.53631    0  609    0.53699    0.53631  0.13%     -   36s
     0     0    0.53631    0  609    0.53699    0.53631  0.13%     -   36s
     0     0    0.53631    0  358    0.53699    0.53631  0.13%     -   37s
     0     0    0.53631    0  358    0.53699    0.53631  0.13%     -   37s
     0     0    0.53631    0  358    0.53699    0.53631  0.13%     -   37s
     0     0    0.53631    0  358    0.53699    0.53631  0.13%     -   37s
     0     0    0.53631    0  358    0.53699    0.53631  0.13%     -   37s
     0     0    0.53631    0  358    0.53699    0.53631  0.13%     -   37s
     0     0    0.53631    0  358    0.53699    0.53631  0.13%     -   38s
     0     0    0.53631    0  358    0.53699    0.53631  0.13%     -   38s
     0     0    0.53631    0  358    0.53699    0.53631  0.13%     -   38s
     0     0    0.53631    0  358    0.53699    0.53631  0.13%     -   38s
     0     0    0.53631    0  358    0.53699    0.53631  0.13%     -   38s
     0     0    0.53631    0  408    0.53699    0.53631  0.13%     -   38s
     0     0    0.53631    0  541    0.53699    0.53631  0.13%     -   39s
     0     0    0.53631    0  610    0.53699    0.53631  0.13%     -   39s
     0     0    0.53631    0  612    0.53699    0.53631  0.13%     -   39s
     0     0    0.53631    0  612    0.53699    0.53631  0.13%     -   39s
     0     0    0.53631    0  550    0.53699    0.53631  0.13%     -   39s
     0     0    0.53631    0  577    0.53699    0.53631  0.13%     -   39s
     0     0    0.53631    0  577    0.53699    0.53631  0.13%     -   39s
     0     0    0.53631    0  577    0.53699    0.53631  0.13%     -   39s
     0     0    0.53631    0  577    0.53699    0.53631  0.13%     -   40s
     0     0    0.53631    0  577    0.53699    0.53631  0.13%     -   40s
     0     0    0.53631    0  577    0.53699    0.53631  0.13%     -   40s
     0     0    0.53631    0  382    0.53699    0.53631  0.13%     -   41s
     0     0    0.53631    0  382    0.53699    0.53631  0.13%     -   41s
     0     0    0.53631    0  382    0.53699    0.53631  0.13%     -   41s
     0     0    0.53631    0  382    0.53699    0.53631  0.13%     -   41s
     0     0    0.53631    0  382    0.53699    0.53631  0.13%     -   41s
     0     0    0.53631    0  382    0.53699    0.53631  0.13%     -   41s
     0     0    0.53631    0  382    0.53699    0.53631  0.13%     -   41s
     0     0    0.53631    0  382    0.53699    0.53631  0.13%     -   42s
     0     0    0.53631    0  382    0.53699    0.53631  0.13%     -   42s
     0     0    0.53631    0  382    0.53699    0.53631  0.13%     -   42s
     0     0    0.53631    0  382    0.53699    0.53631  0.13%     -   42s
H    0     0                       0.5369905    0.53631  0.13%     -   42s
     0     0    0.53631    0  421    0.53699    0.53631  0.13%     -   42s
     0     0    0.53631    0  498    0.53699    0.53631  0.13%     -   42s
     0     0    0.53631    0  497    0.53699    0.53631  0.13%     -   42s
     0     0    0.53631    0  536    0.53699    0.53631  0.13%     -   43s
     0     0    0.53631    0  536    0.53699    0.53631  0.13%     -   43s
     0     0    0.53631    0  536    0.53699    0.53631  0.13%     -   43s
     0     0    0.53631    0  536    0.53699    0.53631  0.13%     -   43s
     0     0    0.53631    0  536    0.53699    0.53631  0.13%     -   43s
     0     0    0.53631    0  536    0.53699    0.53631  0.13%     -   43s
     0     0    0.53631    0  536    0.53699    0.53631  0.13%     -   43s
     0     0    0.53631    0  536    0.53699    0.53631  0.13%     -   43s
     0     0    0.53631    0  536    0.53699    0.53631  0.13%     -   43s
     0     0    0.53631    0  367    0.53699    0.53631  0.13%     -   43s
     0     0    0.53631    0  367    0.53699    0.53631  0.13%     -   43s
     0     0    0.53631    0  367    0.53699    0.53631  0.13%     -   43s
     0     0    0.53631    0  367    0.53699    0.53631  0.13%     -   43s
     0     0    0.53631    0  367    0.53699    0.53631  0.13%     -   43s
     0     0    0.53631    0  367    0.53699    0.53631  0.13%     -   43s
     0     0    0.53631    0  367    0.53699    0.53631  0.13%     -   43s
     0     0    0.53631    0  367    0.53699    0.53631  0.13%     -   43s
     0     0    0.53631    0  367    0.53699    0.53631  0.13%     -   43s
     0     0    0.53631    0  367    0.53699    0.53631  0.13%     -   43s
     0     0    0.53631    0  367    0.53699    0.53631  0.13%     -   43s
     0     0    0.53631    0  563    0.53699    0.53631  0.13%     -   44s
     0     0    0.53631    0  563    0.53699    0.53631  0.13%     -   44s
     0     0    0.53631    0  563    0.53699    0.53631  0.13%     -   44s
     0     0    0.53631    0  563    0.53699    0.53631  0.13%     -   44s
     0     0    0.53631    0  563    0.53699    0.53631  0.13%     -   44s
     0     0    0.53631    0  563    0.53699    0.53631  0.13%     -   44s
     0     0    0.53631    0  563    0.53699    0.53631  0.13%     -   44s
     0     0    0.53631    0  563    0.53699    0.53631  0.13%     -   44s
     0     0    0.53631    0  563    0.53699    0.53631  0.13%     -   44s
     0     0    0.53631    0  563    0.53699    0.53631  0.13%     -   44s
     0     0    0.53631    0  563    0.53699    0.53631  0.13%     -   44s
     0     0    0.53631    0  197    0.53699    0.53631  0.13%     -   44s
     0     0    0.53631    0  197    0.53699    0.53631  0.13%     -   44s
     0     0    0.53631    0  197    0.53699    0.53631  0.13%     -   44s
     0     0    0.53631    0  482    0.53699    0.53631  0.13%     -   45s
     0     0    0.53631    0  503    0.53699    0.53631  0.13%     -   45s
     0     0    0.53631    0  501    0.53699    0.53631  0.13%     -   45s
     0     0    0.53631    0  501    0.53699    0.53631  0.13%     -   45s
     0     0    0.53631    0  501    0.53699    0.53631  0.13%     -   45s
     0     0    0.53631    0  501    0.53699    0.53631  0.13%     -   45s
     0     0    0.53631    0  501    0.53699    0.53631  0.13%     -   45s
     0     0    0.53631    0  501    0.53699    0.53631  0.13%     -   45s
     0     0    0.53631    0  501    0.53699    0.53631  0.13%     -   45s
     0     0    0.53631    0  501    0.53699    0.53631  0.13%     -   45s
     0     0    0.53631    0  501    0.53699    0.53631  0.13%     -   45s
     0     0    0.53631    0  348    0.53699    0.53631  0.13%     -   45s
     0     0    0.53631    0  254    0.53699    0.53631  0.13%     -   45s
     0     0    0.53631    0  254    0.53699    0.53631  0.13%     -   45s
     0     0    0.53631    0  254    0.53699    0.53631  0.13%     -   45s
     0     0    0.53631    0  254    0.53699    0.53631  0.13%     -   45s
     0     0    0.53631    0  254    0.53699    0.53631  0.13%     -   45s
     0     0    0.53631    0  254    0.53699    0.53631  0.13%     -   45s
     0     0    0.53631    0  254    0.53699    0.53631  0.13%     -   45s
     0     0    0.53631    0  254    0.53699    0.53631  0.13%     -   45s
     0     0    0.53631    0  254    0.53699    0.53631  0.13%     -   45s
     0     0    0.53631    0  254    0.53699    0.53631  0.13%     -   45s
     0     0    0.53631    0  194    0.53699    0.53631  0.13%     -   45s
     0     0    0.53631    0  194    0.53699    0.53631  0.13%     -   45s
     0     2    0.53631    0  194    0.53699    0.53631  0.13%     -   45s
H  349   141                       0.5363128    0.53631  0.00%  35.9   46s

Cutting planes:
  Learned: 3
  Gomory: 12
  Cover: 8
  Implied bound: 96
  Clique: 4
  MIR: 118
  StrongCG: 5
  GUB cover: 3
  Zero half: 6
  RLT: 3
  Relax-and-lift: 20
  BQP: 1

Explored 352 nodes (70841 simplex iterations) in 47.09 seconds (29.64 work units)
Thread count was 4 (of 16 available processors)

Solution count 5: 0.536313 0.536313 0.53699 ... 0.536991

Optimal solution found (tolerance 0.00e+00)
Warning: max constraint violation (1.0455e-09) exceeds tolerance
Warning: max general constraint violation (1.0455e-09) exceeds tolerance
Best objective 5.363128252782e-01, best bound 5.363128252782e-01, gap 0.0000%
