
Gurobi 13.0.2 (win64) logging started Mon Sep  7 17:49:46 2026

Set parameter LogFile to value "C:\codex_mobileess_workspace\MobileESS_v41r1_premay_voltage_security_margin\dayahead\artifacts\v41r1_b1_flexibility_diagnostic\2025-05-04\FRESH_COUPLED_CERTIFICATE_CHECK.log"
Gurobi Optimizer version 13.0.2 build v13.0.2rc1 (win64 - Windows 11+.0 (26200.2))

CPU model: 13th Gen Intel(R) Core(TM) i7-13620H, instruction set [SSE2|AVX|AVX2]
Thread count: 10 physical cores, 16 logical processors, using up to 4 threads

Non-default parameters:
TimeLimit  120
FeasibilityTol  1e-09
IntFeasTol  1e-09
MIPGap  0
MIPGapAbs  0
OptimalityTol  1e-09
Method  1
NodefileStart  0.5
LogToConsole  0
Seed  20260905
Threads  4

Optimize a model with 746774 rows, 965530 columns and 6693924 nonzeros (Min)
Model fingerprint: 0x8ad8a90e
Model has 1 linear objective coefficients
Model has 5247 simple general constraints
  1023 MAX, 3072 INDICATOR, 1152 PWL
Variable types: 137074 continuous, 828456 integer (407440 binary)
Coefficient statistics:
  Matrix range     [1e-13, 6e+01]
  Objective range  [1e+00, 1e+00]
  Bounds range     [5e-01, 1e+02]
  RHS range        [5e-09, 2e+03]
  PWLCon x range   [1e+00, 8e+01]
  PWLCon y range   [9e+00, 6e+01]
  GenCon rhs range [3e+01, 3e+01]
  GenCon coe range [1e+00, 1e+02]
  GenCon const rng [2e+01, 1e+02]

Loaded user MIP start with objective 0.536313

Presolve removed 722772 rows and 895311 columns
Presolve time: 0.68s
Presolved: 24002 rows, 70219 columns, 292713 nonzeros
Presolved model has 1568 SOS constraint(s)
Variable types: 40004 continuous, 30215 integer (22917 binary)
Performing another presolve...
Presolve removed 19893 rows and 14036 columns
Presolve time: 1.54s

Root relaxation: objective 5.329195e-01, 7328 iterations, 0.49 seconds (1.42 work units)

    Nodes    |    Current Node    |     Objective Bounds      |     Work
 Expl Unexpl |  Obj  Depth IntInf | Incumbent    BestBd   Gap | It/Node Time

     0     0    0.53292    0  948    0.53631    0.53292  0.63%     -    3s
     0     0    0.53292    0  976    0.53631    0.53292  0.63%     -    3s
     0     0    0.53292    0  987    0.53631    0.53292  0.63%     -    3s
     0     0    0.53292    0  976    0.53631    0.53292  0.63%     -    3s
     0     0    0.53292    0 1018    0.53631    0.53292  0.63%     -    3s
     0     0    0.53292    0 1009    0.53631    0.53292  0.63%     -    3s
     0     0    0.53292    0  992    0.53631    0.53292  0.63%     -    4s
     0     0    0.53292    0  992    0.53631    0.53292  0.63%     -    4s
     0     0    0.53292    0  994    0.53631    0.53292  0.63%     -    4s
     0     0    0.53292    0  994    0.53631    0.53292  0.63%     -    4s
     0     0    0.53292    0 1028    0.53631    0.53292  0.63%     -    4s
     0     0    0.53292    0 1065    0.53631    0.53292  0.63%     -    6s
     0     0    0.53292    0 1107    0.53631    0.53292  0.63%     -    6s
     0     0    0.53292    0 1073    0.53631    0.53292  0.63%     -    6s
     0     0    0.53292    0 1055    0.53631    0.53292  0.63%     -    6s
     0     0    0.53292    0 1091    0.53631    0.53292  0.63%     -    7s
     0     0    0.53292    0 1068    0.53631    0.53292  0.63%     -    7s
     0     0    0.53292    0 1058    0.53631    0.53292  0.63%     -    7s
     0     0    0.53292    0 1058    0.53631    0.53292  0.63%     -    7s
     0     0    0.53292    0 1058    0.53631    0.53292  0.63%     -    7s
     0     0    0.53292    0 1058    0.53631    0.53292  0.63%     -    7s
     0     0    0.53292    0 1058    0.53631    0.53292  0.63%     -    7s
     0     0    0.53292    0 1052    0.53631    0.53292  0.63%     -    9s
     0     0    0.53292    0 1092    0.53631    0.53292  0.63%     -    9s
     0     0    0.53292    0 1036    0.53631    0.53292  0.63%     -    9s
     0     0    0.53292    0 1059    0.53631    0.53292  0.63%     -    9s
     0     0    0.53292    0 1082    0.53631    0.53292  0.63%     -    9s
     0     0    0.53292    0 1050    0.53631    0.53292  0.63%     -    9s
     0     0    0.53292    0 1107    0.53631    0.53292  0.63%     -    9s
     0     0    0.53292    0 1076    0.53631    0.53292  0.63%     -    9s
     0     0    0.53292    0 1070    0.53631    0.53292  0.63%     -    9s
     0     0    0.53292    0 1100    0.53631    0.53292  0.63%     -   10s
     0     0    0.53292    0 1104    0.53631    0.53292  0.63%     -   10s
     0     0    0.53292    0 1146    0.53631    0.53292  0.63%     -   11s
     0     0    0.53292    0 1159    0.53631    0.53292  0.63%     -   11s
     0     0    0.53292    0 1170    0.53631    0.53292  0.63%     -   11s
     0     0    0.53292    0 1158    0.53631    0.53292  0.63%     -   11s
     0     0    0.53292    0 1150    0.53631    0.53292  0.63%     -   11s
     0     0    0.53292    0 1145    0.53631    0.53292  0.63%     -   11s
     0     0    0.53292    0 1148    0.53631    0.53292  0.63%     -   11s
     0     0    0.53292    0 1109    0.53631    0.53292  0.63%     -   11s
     0     0    0.53292    0 1109    0.53631    0.53292  0.63%     -   11s
     0     0    0.53292    0 1109    0.53631    0.53292  0.63%     -   11s
     0     0    0.53292    0 1086    0.53631    0.53292  0.63%     -   11s
     0     0    0.53292    0  957    0.53631    0.53292  0.63%     -   12s
     0     0    0.53292    0 1062    0.53631    0.53292  0.63%     -   12s
     0     0    0.53292    0 1056    0.53631    0.53292  0.63%     -   12s
     0     0    0.53292    0 1073    0.53631    0.53292  0.63%     -   12s
     0     0    0.53292    0 1065    0.53631    0.53292  0.63%     -   13s
     0     0    0.53292    0 1072    0.53631    0.53292  0.63%     -   13s
     0     0    0.53292    0 1072    0.53631    0.53292  0.63%     -   13s
     0     0    0.53292    0 1030    0.53631    0.53292  0.63%     -   13s
     0     0    0.53292    0 1031    0.53631    0.53292  0.63%     -   13s
     0     0    0.53292    0 1031    0.53631    0.53292  0.63%     -   13s
     0     0    0.53292    0 1031    0.53631    0.53292  0.63%     -   13s
     0     0    0.53292    0 1031    0.53631    0.53292  0.63%     -   13s
     0     0    0.53292    0 1088    0.53631    0.53292  0.63%     -   14s
     0     0    0.53292    0 1101    0.53631    0.53292  0.63%     -   14s
     0     0    0.53292    0 1069    0.53631    0.53292  0.63%     -   14s
     0     0    0.53292    0 1070    0.53631    0.53292  0.63%     -   14s
     0     0    0.53292    0 1071    0.53631    0.53292  0.63%     -   14s
     0     0    0.53292    0 1058    0.53631    0.53292  0.63%     -   14s
     0     0    0.53292    0 1085    0.53631    0.53292  0.63%     -   14s
     0     0    0.53292    0 1082    0.53631    0.53292  0.63%     -   14s
     0     0    0.53292    0 1088    0.53631    0.53292  0.63%     -   14s
     0     0    0.53292    0 1069    0.53631    0.53292  0.63%     -   14s
     0     0    0.53292    0 1091    0.53631    0.53292  0.63%     -   15s
     0     0    0.53292    0  927    0.53631    0.53292  0.63%     -   15s
     0     0    0.53292    0 1127    0.53631    0.53292  0.63%     -   16s
     0     0    0.53292    0 1048    0.53631    0.53292  0.63%     -   16s
     0     0    0.53292    0 1151    0.53631    0.53292  0.63%     -   16s
     0     0    0.53292    0 1123    0.53631    0.53292  0.63%     -   16s
     0     0    0.53292    0 1133    0.53631    0.53292  0.63%     -   16s
     0     0    0.53292    0 1108    0.53631    0.53292  0.63%     -   16s
     0     0    0.53292    0 1123    0.53631    0.53292  0.63%     -   16s
     0     0    0.53292    0 1104    0.53631    0.53292  0.63%     -   16s
     0     0    0.53292    0 1110    0.53631    0.53292  0.63%     -   16s
     0     0    0.53292    0 1077    0.53631    0.53292  0.63%     -   16s
     0     0    0.53292    0 1099    0.53631    0.53292  0.63%     -   17s
     0     0    0.53292    0 1166    0.53631    0.53292  0.63%     -   18s
     0     0    0.53292    0 1060    0.53631    0.53292  0.63%     -   18s
     0     0    0.53292    0 1042    0.53631    0.53292  0.63%     -   18s
     0     0    0.53292    0 1031    0.53631    0.53292  0.63%     -   18s
     0     0    0.53292    0 1031    0.53631    0.53292  0.63%     -   18s
     0     0    0.53292    0 1031    0.53631    0.53292  0.63%     -   18s
     0     0    0.53292    0 1031    0.53631    0.53292  0.63%     -   18s
     0     0    0.53292    0 1031    0.53631    0.53292  0.63%     -   18s
     0     0    0.53292    0 1031    0.53631    0.53292  0.63%     -   18s
     0     0    0.53292    0 1031    0.53631    0.53292  0.63%     -   18s
     0     0    0.53292    0 1031    0.53631    0.53292  0.63%     -   18s
     0     0    0.53292    0  867    0.53631    0.53292  0.63%     -   18s
     0     0    0.53292    0 1092    0.53631    0.53292  0.63%     -   19s
     0     0    0.53292    0 1110    0.53631    0.53292  0.63%     -   19s
     0     0    0.53292    0 1112    0.53631    0.53292  0.63%     -   19s
     0     0    0.53292    0 1044    0.53631    0.53292  0.63%     -   19s
     0     0    0.53292    0 1089    0.53631    0.53292  0.63%     -   19s
     0     0    0.53292    0 1072    0.53631    0.53292  0.63%     -   19s
     0     0    0.53292    0 1071    0.53631    0.53292  0.63%     -   19s
     0     0    0.53292    0 1071    0.53631    0.53292  0.63%     -   19s
     0     0    0.53292    0 1052    0.53631    0.53292  0.63%     -   19s
     0     0    0.53292    0 1077    0.53631    0.53292  0.63%     -   19s
     0     0    0.53292    0 1085    0.53631    0.53292  0.63%     -   20s
     0     0    0.53292    0 1135    0.53631    0.53292  0.63%     -   20s
     0     0    0.53292    0  986    0.53631    0.53292  0.63%     -   22s
     0     0    0.53292    0  981    0.53631    0.53292  0.63%     -   22s
     0     0    0.53292    0  999    0.53631    0.53292  0.63%     -   23s
     0     0    0.53292    0  962    0.53631    0.53292  0.63%     -   23s
     0     0    0.53292    0  962    0.53631    0.53292  0.63%     -   23s
     0     0    0.53292    0  962    0.53631    0.53292  0.63%     -   23s
     0     0    0.53292    0  962    0.53631    0.53292  0.63%     -   23s
     0     0    0.53292    0  962    0.53631    0.53292  0.63%     -   23s
     0     0    0.53292    0  962    0.53631    0.53292  0.63%     -   23s
     0     0    0.53292    0  962    0.53631    0.53292  0.63%     -   23s
     0     0    0.53292    0  962    0.53631    0.53292  0.63%     -   23s
     0     0    0.53292    0 1138    0.53631    0.53292  0.63%     -   25s
     0     0    0.53292    0 1142    0.53631    0.53292  0.63%     -   25s
     0     0    0.53292    0 1142    0.53631    0.53292  0.63%     -   25s
     0     0    0.53292    0 1133    0.53631    0.53292  0.63%     -   25s
     0     0    0.53292    0 1119    0.53631    0.53292  0.63%     -   25s
     0     0    0.53292    0 1091    0.53631    0.53292  0.63%     -   26s
     0     0    0.53292    0 1091    0.53631    0.53292  0.63%     -   26s
     0     0    0.53292    0 1091    0.53631    0.53292  0.63%     -   26s
     0     0    0.53292    0 1089    0.53631    0.53292  0.63%     -   26s
     0     0    0.53292    0 1089    0.53631    0.53292  0.63%     -   26s
     0     0    0.53292    0 1089    0.53631    0.53292  0.63%     -   26s
     0     0    0.53292    0 1124    0.53631    0.53292  0.63%     -   27s
     0     0    0.53292    0 1149    0.53631    0.53292  0.63%     -   27s
     0     0    0.53292    0 1166    0.53631    0.53292  0.63%     -   27s
     0     0    0.53292    0 1163    0.53631    0.53292  0.63%     -   28s
     0     0    0.53292    0 1159    0.53631    0.53292  0.63%     -   28s
     0     0    0.53292    0 1163    0.53631    0.53292  0.63%     -   28s
     0     0    0.53292    0 1167    0.53631    0.53292  0.63%     -   28s
     0     0    0.53292    0 1167    0.53631    0.53292  0.63%     -   28s
     0     0    0.53292    0 1167    0.53631    0.53292  0.63%     -   28s
     0     0    0.53292    0 1167    0.53631    0.53292  0.63%     -   28s
     0     0    0.53292    0 1167    0.53631    0.53292  0.63%     -   28s
     0     0    0.53292    0 1115    0.53631    0.53292  0.63%     -   29s
     0     0    0.53292    0  910    0.53631    0.53292  0.63%     -   30s
     0     0    0.53292    0  875    0.53631    0.53292  0.63%     -   30s
     0     0    0.53292    0  939    0.53631    0.53292  0.63%     -   30s
     0     0    0.53292    0  959    0.53631    0.53292  0.63%     -   30s
     0     0    0.53292    0  968    0.53631    0.53292  0.63%     -   30s
     0     0    0.53292    0  994    0.53631    0.53292  0.63%     -   30s
     0     0    0.53292    0  994    0.53631    0.53292  0.63%     -   30s
     0     0    0.53292    0  994    0.53631    0.53292  0.63%     -   30s
     0     0    0.53292    0  925    0.53631    0.53292  0.63%     -   30s
     0     0    0.53292    0  932    0.53631    0.53292  0.63%     -   30s
     0     0    0.53292    0  938    0.53631    0.53292  0.63%     -   30s
     0     0    0.53292    0 1025    0.53631    0.53292  0.63%     -   32s
     0     0    0.53292    0 1011    0.53631    0.53292  0.63%     -   32s
     0     0    0.53292    0  997    0.53631    0.53292  0.63%     -   32s
     0     0    0.53292    0  997    0.53631    0.53292  0.63%     -   32s
     0     0    0.53292    0  997    0.53631    0.53292  0.63%     -   32s
     0     0    0.53292    0  997    0.53631    0.53292  0.63%     -   32s
     0     0    0.53292    0  997    0.53631    0.53292  0.63%     -   32s
     0     0    0.53292    0  997    0.53631    0.53292  0.63%     -   32s
     0     0    0.53292    0  997    0.53631    0.53292  0.63%     -   32s
     0     0    0.53292    0  997    0.53631    0.53292  0.63%     -   32s
     0     0    0.53292    0  997    0.53631    0.53292  0.63%     -   32s
     0     0    0.53292    0 1033    0.53631    0.53292  0.63%     -   33s
     0     0    0.53292    0 1033    0.53631    0.53292  0.63%     -   33s
     0     0    0.53292    0 1033    0.53631    0.53292  0.63%     -   33s
     0     0    0.53292    0 1033    0.53631    0.53292  0.63%     -   33s
     0     0    0.53292    0 1033    0.53631    0.53292  0.63%     -   33s
     0     0    0.53292    0 1033    0.53631    0.53292  0.63%     -   33s
     0     0    0.53292    0 1033    0.53631    0.53292  0.63%     -   33s
     0     0    0.53292    0 1033    0.53631    0.53292  0.63%     -   33s
     0     0    0.53292    0 1033    0.53631    0.53292  0.63%     -   33s
     0     0    0.53292    0 1033    0.53631    0.53292  0.63%     -   33s
     0     0    0.53292    0 1033    0.53631    0.53292  0.63%     -   33s
     0     0    0.53292    0 1141    0.53631    0.53292  0.63%     -   33s
     0     0    0.53292    0 1084    0.53631    0.53292  0.63%     -   33s
     0     0    0.53292    0 1084    0.53631    0.53292  0.63%     -   33s
     0     0    0.53292    0 1084    0.53631    0.53292  0.63%     -   33s
     0     0    0.53292    0 1003    0.53631    0.53292  0.63%     -   34s
     0     0    0.53292    0 1032    0.53631    0.53292  0.63%     -   34s
     0     0    0.53292    0 1032    0.53631    0.53292  0.63%     -   34s
     0     0    0.53292    0 1032    0.53631    0.53292  0.63%     -   34s
     0     0    0.53292    0 1032    0.53631    0.53292  0.63%     -   34s
     0     0    0.53292    0 1032    0.53631    0.53292  0.63%     -   34s
     0     0    0.53292    0 1032    0.53631    0.53292  0.63%     -   34s
     0     0    0.53292    0 1032    0.53631    0.53292  0.63%     -   34s
     0     0    0.53292    0 1032    0.53631    0.53292  0.63%     -   34s
     0     0    0.53292    0 1032    0.53631    0.53292  0.63%     -   34s
     0     0    0.53292    0 1032    0.53631    0.53292  0.63%     -   34s
     0     0    0.53292    0 1032    0.53631    0.53292  0.63%     -   34s
     0     0    0.53292    0 1143    0.53631    0.53292  0.63%     -   34s
     0     0    0.53292    0 1143    0.53631    0.53292  0.63%     -   34s
     0     0    0.53292    0 1143    0.53631    0.53292  0.63%     -   34s
     0     0    0.53292    0 1143    0.53631    0.53292  0.63%     -   34s
     0     0    0.53292    0 1143    0.53631    0.53292  0.63%     -   35s
     0     0    0.53292    0 1143    0.53631    0.53292  0.63%     -   35s
     0     0    0.53292    0 1143    0.53631    0.53292  0.63%     -   35s
     0     0    0.53292    0 1143    0.53631    0.53292  0.63%     -   35s
     0     0    0.53292    0 1143    0.53631    0.53292  0.63%     -   35s
     0     0    0.53292    0 1143    0.53631    0.53292  0.63%     -   35s
     0     0    0.53292    0 1143    0.53631    0.53292  0.63%     -   35s
     0     0    0.53292    0 1073    0.53631    0.53292  0.63%     -   35s
     0     0    0.53292    0 1039    0.53631    0.53292  0.63%     -   36s
     0     0    0.53292    0  994    0.53631    0.53292  0.63%     -   36s
     0     0    0.53292    0  994    0.53631    0.53292  0.63%     -   36s
     0     0    0.53292    0  922    0.53631    0.53292  0.63%     -   37s
     0     0    0.53292    0  906    0.53631    0.53292  0.63%     -   38s
     0     0    0.53292    0  900    0.53631    0.53292  0.63%     -   38s
     0     0    0.53292    0  900    0.53631    0.53292  0.63%     -   38s
     0     0    0.53292    0  900    0.53631    0.53292  0.63%     -   38s
     0     0    0.53292    0  900    0.53631    0.53292  0.63%     -   38s
     0     0    0.53292    0  900    0.53631    0.53292  0.63%     -   38s
     0     0    0.53292    0  900    0.53631    0.53292  0.63%     -   38s
     0     0    0.53292    0  900    0.53631    0.53292  0.63%     -   38s
     0     0    0.53292    0  900    0.53631    0.53292  0.63%     -   38s
     0     0    0.53292    0  900    0.53631    0.53292  0.63%     -   38s
     0     0    0.53292    0  900    0.53631    0.53292  0.63%     -   38s
     0     0    0.53292    0 1038    0.53631    0.53292  0.63%     -   38s
     0     0    0.53292    0 1030    0.53631    0.53292  0.63%     -   38s
     0     0    0.53292    0 1030    0.53631    0.53292  0.63%     -   38s
     0     0    0.53292    0 1030    0.53631    0.53292  0.63%     -   38s
     0     0    0.53292    0 1030    0.53631    0.53292  0.63%     -   38s
     0     0    0.53292    0 1030    0.53631    0.53292  0.63%     -   38s
     0     0    0.53292    0 1030    0.53631    0.53292  0.63%     -   38s
     0     0    0.53292    0 1030    0.53631    0.53292  0.63%     -   38s
     0     0    0.53292    0 1030    0.53631    0.53292  0.63%     -   38s
     0     0    0.53292    0 1030    0.53631    0.53292  0.63%     -   38s
     0     0    0.53292    0 1030    0.53631    0.53292  0.63%     -   38s
     0     0    0.53292    0 1027    0.53631    0.53292  0.63%     -   39s
     0     0    0.53292    0 1027    0.53631    0.53292  0.63%     -   39s
     0     0    0.53292    0 1027    0.53631    0.53292  0.63%     -   39s
     0     0    0.53292    0 1027    0.53631    0.53292  0.63%     -   39s
     0     0    0.53292    0 1027    0.53631    0.53292  0.63%     -   39s
     0     0    0.53292    0 1027    0.53631    0.53292  0.63%     -   39s
     0     0    0.53292    0 1027    0.53631    0.53292  0.63%     -   39s
     0     0    0.53292    0 1027    0.53631    0.53292  0.63%     -   39s
     0     0    0.53292    0 1027    0.53631    0.53292  0.63%     -   39s
     0     0    0.53292    0 1027    0.53631    0.53292  0.63%     -   39s
     0     0    0.53292    0 1027    0.53631    0.53292  0.63%     -   39s
     0     0    0.53292    0 1193    0.53631    0.53292  0.63%     -   39s
     0     0    0.53292    0 1193    0.53631    0.53292  0.63%     -   39s
     0     0    0.53292    0 1193    0.53631    0.53292  0.63%     -   39s
     0     0    0.53292    0 1193    0.53631    0.53292  0.63%     -   39s
     0     0    0.53292    0 1193    0.53631    0.53292  0.63%     -   39s
     0     0    0.53292    0 1193    0.53631    0.53292  0.63%     -   39s
     0     0    0.53292    0 1193    0.53631    0.53292  0.63%     -   39s
     0     0    0.53292    0 1193    0.53631    0.53292  0.63%     -   39s
     0     0    0.53292    0 1193    0.53631    0.53292  0.63%     -   39s
     0     0    0.53292    0 1193    0.53631    0.53292  0.63%     -   39s
     0     0    0.53292    0 1193    0.53631    0.53292  0.63%     -   39s
     0     0    0.53292    0 1110    0.53631    0.53292  0.63%     -   40s
     0     0    0.53292    0 1031    0.53631    0.53292  0.63%     -   40s
     0     0    0.53292    0 1076    0.53631    0.53292  0.63%     -   40s
     0     0    0.53292    0 1076    0.53631    0.53292  0.63%     -   40s
     0     0    0.53292    0 1076    0.53631    0.53292  0.63%     -   40s
     0     0    0.53292    0 1076    0.53631    0.53292  0.63%     -   40s
     0     0    0.53292    0 1076    0.53631    0.53292  0.63%     -   40s
     0     0    0.53292    0 1076    0.53631    0.53292  0.63%     -   40s
     0     0    0.53292    0 1076    0.53631    0.53292  0.63%     -   40s
     0     0    0.53292    0 1076    0.53631    0.53292  0.63%     -   40s
     0     0    0.53292    0 1076    0.53631    0.53292  0.63%     -   40s
     0     0    0.53292    0 1076    0.53631    0.53292  0.63%     -   40s
     0     0    0.53292    0 1009    0.53631    0.53292  0.63%     -   41s
     0     0    0.53292    0 1006    0.53631    0.53292  0.63%     -   41s
     0     0    0.53292    0 1006    0.53631    0.53292  0.63%     -   41s
     0     0    0.53292    0 1006    0.53631    0.53292  0.63%     -   41s
     0     0    0.53292    0 1006    0.53631    0.53292  0.63%     -   41s
     0     0    0.53292    0 1006    0.53631    0.53292  0.63%     -   41s
     0     0    0.53292    0 1006    0.53631    0.53292  0.63%     -   41s
     0     0    0.53292    0 1006    0.53631    0.53292  0.63%     -   41s
     0     0    0.53292    0 1006    0.53631    0.53292  0.63%     -   41s
     0     0    0.53292    0 1006    0.53631    0.53292  0.63%     -   41s
     0     0    0.53292    0 1006    0.53631    0.53292  0.63%     -   41s
     0     0    0.53292    0 1043    0.53631    0.53292  0.63%     -   42s
     0     0    0.53292    0 1043    0.53631    0.53292  0.63%     -   42s
     0     0    0.53292    0 1058    0.53631    0.53292  0.63%     -   42s
     0     0    0.53292    0  843    0.53631    0.53292  0.63%     -   42s
     0     0    0.53292    0 1056    0.53631    0.53292  0.63%     -   43s
     0     0    0.53292    0 1104    0.53631    0.53292  0.63%     -   43s
     0     0    0.53292    0  979    0.53631    0.53292  0.63%     -   43s
     0     0    0.53292    0  979    0.53631    0.53292  0.63%     -   44s
     0     0    0.53292    0  944    0.53631    0.53292  0.63%     -   44s
     0     2    0.53292    0  930    0.53631    0.53292  0.63%     -   44s
     3     8    0.53343    2 1173    0.53631    0.53292  0.63%   262   45s
   334   150    0.53360   52 1189    0.53631    0.53292  0.63%   206   50s
  1062   312    0.53360  209 1070    0.53631    0.53292  0.63%   105   55s
  2075   493 infeasible  432         0.53631    0.53292  0.63%  71.3   60s
  2253   580    0.53427   34 2647    0.53631    0.53292  0.63%  71.1   69s

Explored 2254 nodes (282315 simplex iterations) in 70.26 seconds (128.09 work units)
Thread count was 4 (of 16 available processors)

Solution count 1: 0.536313 

Optimal solution found (tolerance 0.00e+00)
Best objective 5.363128252782e-01, best bound 5.363128252782e-01, gap 0.0000%
