
Gurobi 13.0.2 (win64) logging started Mon Sep  7 17:42:12 2026

Set parameter LogFile to value "C:\codex_mobileess_workspace\MobileESS_v41r1_premay_voltage_security_margin\dayahead\artifacts\v41r1_b1_flexibility_diagnostic\2025-05-04\PRODUCTION_GAP_REPLAY.log"
Gurobi Optimizer version 13.0.2 build v13.0.2rc1 (win64 - Windows 11+.0 (26200.2))

CPU model: 13th Gen Intel(R) Core(TM) i7-13620H, instruction set [SSE2|AVX|AVX2]
Thread count: 10 physical cores, 16 logical processors, using up to 4 threads

Non-default parameters:
TimeLimit  60
FeasibilityTol  1e-09
IntFeasTol  1e-09
MIPGap  0.03
MIPGapAbs  0
OptimalityTol  1e-09
Method  1
NodefileStart  0.5
LogToConsole  0
Seed  20260905
Threads  4

Optimize a model with 746774 rows, 965530 columns and 6693924 nonzeros (Min)
Model fingerprint: 0x09a27d6d
Model has 1 linear objective coefficients
Model has 5247 simple general constraints
  1023 MAX, 3072 INDICATOR, 1152 PWL
Variable types: 137074 continuous, 828456 integer (407440 binary)
Coefficient statistics:
  Matrix range     [1e-13, 6e+01]
  Objective range  [1e+00, 1e+00]
  Bounds range     [5e-01, 1e+02]
  RHS range        [5e-09, 2e+03]
  PWLCon x range   [1e+00, 8e+01]
  PWLCon y range   [9e+00, 6e+01]
  GenCon rhs range [3e+01, 3e+01]
  GenCon coe range [1e+00, 1e+02]
  GenCon const rng [2e+01, 1e+02]

Loaded user MIP start with objective 0.538348

Presolve removed 722772 rows and 895311 columns
Presolve time: 1.07s
Presolved: 24002 rows, 70219 columns, 292713 nonzeros
Presolved model has 1568 SOS constraint(s)
Variable types: 40004 continuous, 30215 integer (22917 binary)
Performing another presolve...
Presolve removed 19893 rows and 14026 columns
Presolve time: 2.71s

Root relaxation: interrupted, 0 iterations, 0.02 seconds (0.00 work units)

Explored 1 nodes (0 simplex iterations) in 4.52 seconds (4.42 work units)
Thread count was 4 (of 16 available processors)

Solution count 2: 0.538348 0.538348 

Optimal solution found (tolerance 3.00e-02)
Best objective 5.383475197373e-01, best bound 5.273107933261e-01, gap 2.0501%
