
Gurobi 13.0.2 (win64) logging started Thu Oct  8 08:45:19 2026

Set parameter LogFile to value "C:\v42_m1_exact_solver_redesign_20261008\docs\v42_m_practical_exact_solver_overnight_20261008\external_production\external_nodes\0040\LP.log"
Gurobi Optimizer version 13.0.2 build v13.0.2rc1 (win64 - Windows 11+.0 (26200.2))

CPU model: 13th Gen Intel(R) Core(TM) i7-13620H, instruction set [SSE2|AVX|AVX2]
Thread count: 10 physical cores, 16 logical processors, using up to 1 threads

Non-default parameters:
TimeLimit  900
FeasibilityTol  1e-08
IntFeasTol  1e-08
MIPGap  0.005
OptimalityTol  1e-08
Method  2
LPWarmStart  0
Crossover  0
DegenMoves  0
MIPFocus  3
NodeMethod  1
LogToConsole  0
Seed  20260929
Threads  1

Optimize a model with 582808 rows, 306040 columns and 5351612 nonzeros (Min)
Model fingerprint: 0xb5383050
Model has 1 linear objective coefficients
Coefficient statistics:
  Matrix range     [1e-13, 4e+02]
  Objective range  [1e+00, 1e+00]
  Bounds range     [3e-08, 2e+03]
  RHS range        [2e-24, 2e+03]
Warning: Model contains large matrix coefficient range
         Consider reformulating model or setting NumericFocus parameter
         to avoid numerical issues.

Presolve removed 175710 rows and 27327 columns
Presolve time: 2.12s
Presolved: 407098 rows, 299008 columns, 4428597 nonzeros
Elapsed ordering time = 5s
Ordering time: 5.48s

Barrier statistics:
 Dense cols : 959
 AA' NZ     : 3.787e+07
 Factor NZ  : 5.722e+07 (roughly 700 MB of memory)
 Factor Ops : 3.124e+10 (roughly 1 second per iteration)
 Threads    : 1

                  Objective                Residual
Iter       Primal          Dual         Primal    Dual     Compl     Time
   0   1.27525761e+03 -5.00179684e+05  6.52e+07 7.87e-07  1.02e+04    13s
   1   1.70158023e+03 -3.67360185e+05  4.36e+07 6.07e-03  4.39e+03    14s
   2   4.60698597e+02 -2.61962884e+05  1.80e+07 4.92e-04  5.58e+03    16s
   3   3.63296410e+01 -1.04242966e+05  1.39e+06 7.74e-15  4.40e+02    18s
   4   8.16893573e-01 -5.80273665e+04  4.42e+03 8.80e-10  9.27e+00    19s
   5   7.52434742e-01 -1.09019003e+04  1.76e+03 2.12e-10  1.71e+00    21s
   6   7.22233470e-01 -6.71998742e+02  2.69e+02 9.36e-11  1.15e-01    23s
   7   7.26490263e-01 -2.38281688e+02  9.35e+01 3.37e-11  4.08e-02    26s
   8   7.29319563e-01 -6.80254531e+01  3.36e+01 9.17e-12  1.29e-02    28s
   9   7.34428326e-01 -2.71802468e+01  1.46e+01 2.60e-09  5.34e-03    30s
  10   7.31864945e-01 -1.73685805e+01  6.56e+00 2.27e-09  3.14e-03    32s
  11   6.92882869e-01 -2.64274079e+00  4.11e-01 9.73e-09  4.88e-04    34s
  12   6.37282138e-01 -6.03659574e-01  2.48e-01 1.63e-08  1.78e-04    36s
  13   6.16413627e-01 -2.50018381e-02  1.90e-01 5.25e-08  9.05e-05    39s
  14   6.07094923e-01  1.91165808e-01  1.11e-01 3.97e-08  5.75e-05    41s
  15   6.00114541e-01  2.71382939e-01  8.07e-02 3.35e-08  4.51e-05    42s
  16   5.95609399e-01  3.03445762e-01  6.47e-02 3.08e-08  3.99e-05    44s
  17   5.86585904e-01  4.13971170e-01  3.65e-02 3.63e-08  2.32e-05    47s
  18   5.79147222e-01  5.25593340e-01  1.99e-02 2.99e-08  6.90e-06    50s
  19   5.76031278e-01  5.44802181e-01  1.43e-02 2.26e-08  3.91e-06    52s
  20   5.72985360e-01  5.53123209e-01  8.14e-03 1.64e-08  2.44e-06    54s
  21   5.71634933e-01  5.59527698e-01  5.48e-03 1.07e-08  1.44e-06    56s
  22   5.70628795e-01  5.62114525e-01  3.36e-03 8.65e-09  1.02e-06    58s
  23   5.70049379e-01  5.63908839e-01  2.13e-03 8.40e-09  7.31e-07    60s
  24   5.69864674e-01  5.65958954e-01  1.74e-03 7.77e-09  4.84e-07    62s
  25   5.69758240e-01  5.66216842e-01  1.50e-03 7.66e-09  4.40e-07    64s
  26   5.69625763e-01  5.66971445e-01  1.19e-03 7.18e-09  3.39e-07    66s
  27   5.69589131e-01  5.67369729e-01  1.11e-03 6.85e-09  2.91e-07    68s
  28   5.69509710e-01  5.67732273e-01  9.13e-04 6.62e-09  2.40e-07    69s
  29   5.69456220e-01  5.68016583e-01  7.88e-04 6.62e-09  2.01e-07    71s
  30   5.69434460e-01  5.68203873e-01  7.39e-04 6.63e-09  1.77e-07    73s
  31   5.69338529e-01  5.68516347e-01  5.13e-04 6.51e-09  1.28e-07    74s
  32   5.69318946e-01  5.68626562e-01  4.72e-04 6.30e-09  1.14e-07    76s
  33   5.69256593e-01  5.68829970e-01  3.37e-04 6.08e-09  8.18e-08    78s
  34   5.69232301e-01  5.68897471e-01  2.82e-04 5.99e-09  7.05e-08    79s
  35   5.69205458e-01  5.69015753e-01  2.24e-04 5.91e-09  5.23e-08    81s
  36   5.69177674e-01  5.69111895e-01  1.63e-04 5.73e-09  3.62e-08    83s
  37   5.69165143e-01  5.69152531e-01  1.37e-04 5.54e-09  2.80e-08    85s
  38   5.69136822e-01  5.69190902e-01  7.81e-05 5.62e-09  1.80e-08    87s
  39   5.69130896e-01  5.69213050e-01  6.68e-05 5.46e-09  1.18e-08    89s
  40   5.69109167e-01  5.69230271e-01  2.63e-05 4.90e-09  3.93e-09    91s
  41   5.69103281e-01  5.69217673e-01  1.84e-05 4.41e-09  1.95e-09    93s
  42   5.69099912e-01  5.69212674e-01  1.46e-05 4.26e-09  1.44e-09    94s
  43   5.69099547e-01  5.69210826e-01  1.42e-05 4.17e-09  1.38e-09    96s
  44   5.69097284e-01  5.69208383e-01  1.19e-05 4.16e-09  1.13e-09    99s
  45   5.69090900e-01  5.69195342e-01  6.01e-06 3.79e-09  4.73e-10   101s
  46   5.69089223e-01  5.69184991e-01  5.05e-06 3.72e-09  3.28e-10   103s
  47   5.69088462e-01  5.69181590e-01  4.66e-06 3.68e-09  2.73e-10   105s
  48   5.69088130e-01  5.69181387e-01  4.50e-06 3.68e-09  2.64e-10   106s
  49   5.69085272e-01  5.69179437e-01  3.17e-06 3.65e-09  1.76e-10   108s
  50   5.69084935e-01  5.69177324e-01  3.04e-06 3.61e-09  1.61e-10   110s
  51   5.69083777e-01  5.69172032e-01  2.62e-06 3.52e-09  1.33e-10   112s
  52   5.69082873e-01  5.69171725e-01  2.32e-06 3.52e-09  1.16e-10   114s
  53   5.69082120e-01  5.69169343e-01  2.03e-06 3.40e-09  9.97e-11   116s
  54   5.69080677e-01  5.69167928e-01  1.44e-06 3.25e-09  6.96e-11   119s
  55   5.69080489e-01  5.69165729e-01  1.38e-06 3.12e-09  6.67e-11   120s
  56   5.69081358e-01  5.69158050e-01  1.21e-06 2.84e-09  6.69e-11   123s
  57   5.69080238e-01  5.69139619e-01  7.37e-07 1.99e-09  3.27e-11   125s
  58   5.69080151e-01  5.69127245e-01  4.68e-07 1.52e-09  2.17e-11   127s
  59   5.69080109e-01  5.69122875e-01  3.91e-07 1.27e-09  1.81e-11   129s
  60   5.69079886e-01  5.69099941e-01  9.02e-08 8.83e-10  3.07e-12   131s
  61   5.69079679e-01  5.69100148e-01  1.65e-08 8.96e-10  2.68e-12   133s
  62   5.69079668e-01  5.69100108e-01  1.57e-08 8.94e-10  2.62e-12   135s
  63   5.69079646e-01  5.69100031e-01  1.42e-08 8.91e-10  2.51e-12   137s
  64   5.69079628e-01  5.69099901e-01  1.32e-08 8.86e-10  2.21e-12   139s
  65   5.69079596e-01  5.69099720e-01  1.15e-08 8.78e-10  1.75e-12   140s
  66   5.69079579e-01  5.69099528e-01  1.06e-08 8.70e-10  1.17e-12   142s
  67   5.69079563e-01  5.69099296e-01  9.30e-09 8.60e-10  3.78e-13   144s

Barrier solved model in 67 iterations and 144.18 seconds (269.76 work units)
Optimal objective 5.69079563e-01


User-callback calls 9154, time in user-callback 0.18 sec
Discarded solution information
Set parameter Method to value 2
Set parameter Crossover to value 0
Set parameter LPWarmStart to value 0
Set parameter NumericFocus to value 0
Set parameter DualReductions to value 1
Set parameter InfUnbdInfo to value 0
Set parameter TimeLimit to value 900
