
Gurobi 13.0.2 (win64) logging started Tue Oct  6 11:04:27 2026

Set parameter LogFile to value "docs/v42_m_stage_exact_completion/logs/PRICE_0121_MESS01.log"
Gurobi Optimizer version 13.0.2 build v13.0.2rc1 (win64 - Windows 11+.0 (26200.2))

CPU model: 13th Gen Intel(R) Core(TM) i7-13620H, instruction set [SSE2|AVX|AVX2]
Thread count: 10 physical cores, 16 logical processors, using up to 1 threads

Non-default parameters:
TimeLimit  20
FeasibilityTol  1e-08
IntFeasTol  1e-08
MIPGap  0
MIPGapAbs  0
OptimalityTol  1e-08
Method  2
Crossover  2
DegenMoves  0
MIPFocus  3
NodeMethod  1
CutPasses  1
LogToConsole  0
Seed  20260929
Threads  1

Optimize a model with 51458 rows, 58814 columns and 314503 nonzeros (Min)
Model fingerprint: 0x8ee3af63
Model has 4537 linear objective coefficients and an objective constant of 1.0133021484736793e-02
Variable types: 6796 continuous, 52018 integer (52018 binary)
Coefficient statistics:
  Matrix range     [2e-01, 4e+02]
  Objective range  [9e-14, 7e-06]
  Bounds range     [1e+00, 1e+03]
  RHS range        [1e+00, 8e+02]

Loaded user MIP start with objective -0.00169637

Presolve removed 8934 rows and 2 columns
Presolve time: 0.59s
Presolved: 42524 rows, 58812 columns, 292169 nonzeros
Variable types: 6794 continuous, 52018 integer (52018 binary)
Root relaxation presolve removed 2 rows and 2 columns
Root relaxation presolved: 42522 rows, 58810 columns, 292165 nonzeros

Root barrier log...

Ordering time: 0.04s

Barrier statistics:
 AA' NZ     : 5.988e+05
 Factor NZ  : 1.086e+06 (roughly 50 MB of memory)
 Factor Ops : 7.173e+07 (less than 1 second per iteration)
 Threads    : 1

                  Objective                Residual
Iter       Primal          Dual         Primal    Dual     Compl     Time
   0   2.47643757e-02 -3.44328615e+04  1.80e+04 1.13e-04  3.80e+00     1s
   1  -3.85057844e-02 -2.95264265e+04  2.42e+03 3.01e-03  5.56e-01     1s
   2   8.01685415e-02 -9.26836300e+03  3.51e+02 1.56e-04  9.62e-02     1s
   3  -6.85857996e-03 -2.43497434e+03  8.38e+01 1.40e-15  2.33e-02     1s
   4  -5.27499778e-02 -1.93637371e+03  4.22e+01 1.30e-15  1.66e-02     1s
   5  -6.86299984e-02 -1.52735238e+03  2.56e+01 1.99e-15  1.26e-02     1s
   6  -7.23791728e-02 -1.20932660e+03  1.69e+01 1.99e-15  9.95e-03     1s
   7  -6.68155035e-02 -1.04173594e+03  1.38e+01 2.45e-15  8.69e-03     1s
   8  -5.12801982e-02 -9.33792819e+02  1.10e+01 2.58e-15  7.48e-03     1s
   9   9.04071197e-03 -3.84872864e+02  3.37e+00 4.35e-15  2.88e-03     1s
  10   1.29065230e-02 -1.47139972e+02  1.11e+00 1.92e-15  1.09e-03     1s
  11   1.41207749e-02 -1.01082920e+02  3.22e-01 2.10e-15  6.83e-04     1s
  12   1.43308840e-02 -1.43312708e+01  5.24e-04 1.95e-15  9.10e-05     1s
  13   1.13208512e-02 -1.93652351e+00  1.72e-09 1.16e-15  1.23e-05     1s
  14   6.75965940e-03 -4.09361707e-01  7.76e-10 8.38e-16  2.64e-06     2s
  15   4.35562235e-03 -1.41357370e-01  1.13e-10 1.03e-15  9.24e-07     2s
  16   1.36433008e-03 -8.43620712e-02  1.51e-10 7.68e-16  5.43e-07     2s
  17   1.21255459e-04 -5.45153506e-02  1.01e-10 6.39e-16  3.46e-07     2s
  18  -2.27231050e-03 -4.39003072e-02  3.26e-11 5.94e-16  2.64e-07     2s
  19  -2.71217191e-03 -3.46604314e-02  2.65e-11 6.20e-16  2.03e-07     2s
  20  -3.44816698e-03 -2.63367845e-02  1.63e-11 5.67e-16  1.45e-07     2s
  21  -3.84186527e-03 -2.21838453e-02  1.10e-11 5.90e-16  1.16e-07     2s
  22  -4.07251539e-03 -1.73318486e-02  6.91e-12 5.30e-16  8.40e-08     2s
  23  -4.19719102e-03 -1.39565868e-02  3.67e-11 5.58e-16  6.19e-08     2s
  24  -4.23546309e-03 -1.31632831e-02  3.45e-11 5.90e-16  5.66e-08     2s
  25  -4.33839965e-03 -1.09242931e-02  2.45e-11 5.84e-16  4.17e-08     2s
  26  -4.51053458e-03 -9.56563477e-03  1.79e-11 6.65e-16  3.20e-08     2s
  27  -4.60992259e-03 -7.64156497e-03  1.35e-11 5.19e-16  1.92e-08     2s
  28  -4.66945475e-03 -7.19034753e-03  1.41e-11 5.57e-16  1.60e-08     2s
  29  -4.70087329e-03 -6.75837057e-03  1.63e-11 5.53e-16  1.30e-08     2s
  30  -4.80061364e-03 -6.43395989e-03  4.78e-11 6.53e-16  1.04e-08     2s
  31  -4.80820451e-03 -6.25983205e-03  5.29e-11 6.77e-16  9.20e-09     2s
  32  -4.83172958e-03 -6.11964752e-03  6.20e-11 7.35e-16  8.16e-09     2s
  33  -4.86350978e-03 -5.88433328e-03  3.60e-11 6.73e-16  6.47e-09     2s
  34  -4.90877684e-03 -5.56148833e-03  3.27e-11 6.03e-16  4.14e-09     2s
  35  -4.92590634e-03 -5.48725060e-03  3.64e-11 5.71e-16  3.56e-09     2s
  36  -4.95711964e-03 -5.37992654e-03  5.96e-11 5.32e-16  2.68e-09     2s
  37  -4.97019478e-03 -5.34329419e-03  5.27e-11 6.19e-16  2.36e-09     2s
  38  -4.97705606e-03 -5.30678174e-03  4.68e-11 7.33e-16  2.09e-09     2s
  39  -4.99209296e-03 -5.25118482e-03  4.02e-11 7.04e-16  1.64e-09     2s
  40  -5.01033368e-03 -5.20956054e-03  6.82e-11 6.38e-16  1.26e-09     2s
  41  -5.02782260e-03 -5.17724085e-03  4.13e-11 7.06e-16  9.47e-10     2s
  42  -5.03506324e-03 -5.15282492e-03  2.48e-11 6.13e-16  7.46e-10     2s
  43  -5.03593129e-03 -5.14422874e-03  5.68e-11 7.70e-16  6.86e-10     2s
  44  -5.03853800e-03 -5.11949221e-03  5.38e-11 6.44e-16  5.13e-10     2s
  45  -5.04135649e-03 -5.10975853e-03  5.49e-11 3.75e-15  4.34e-10     2s
  46  -5.04275531e-03 -5.10448638e-03  5.65e-11 4.93e-15  3.91e-10     2s
  47  -5.04455565e-03 -5.08210199e-03  1.04e-10 9.11e-15  2.38e-10     2s
  48  -5.04782284e-03 -5.07585561e-03  2.17e-10 8.84e-14  1.78e-10     3s
  49  -5.04905817e-03 -5.06583983e-03  5.39e-10 5.46e-13  1.06e-10     3s
  50  -5.04995015e-03 -5.06386620e-03  8.46e-10 7.38e-13  8.83e-11     3s
  51  -5.05004458e-03 -5.06290461e-03  8.50e-10 7.98e-13  8.16e-11     3s
  52  -5.05039560e-03 -5.06216348e-03  8.68e-10 8.55e-13  7.47e-11     3s
  53  -5.05083503e-03 -5.05904084e-03  9.02e-10 1.56e-12  5.21e-11     3s
  54  -5.05106101e-03 -5.05654513e-03  7.90e-10 1.65e-12  3.48e-11     3s
  55  -5.05127229e-03 -5.05523986e-03  6.56e-10 2.64e-12  2.53e-11     3s
  56  -5.05137945e-03 -5.05417071e-03  5.51e-10 3.01e-12  1.78e-11     3s
  57  -5.05170783e-03 -5.05366710e-03  2.60e-10 3.41e-12  1.25e-11     3s
  58  -5.05182485e-03 -5.05325332e-03  1.01e-10 3.05e-12  9.16e-12     3s
  59  -5.05188069e-03 -5.05295384e-03  6.69e-11 2.47e-12  6.89e-12     3s
  60  -5.05189065e-03 -5.05257060e-03  8.45e-11 6.87e-12  4.37e-12     3s
  61  -5.05190139e-03 -5.05206898e-03  8.64e-11 1.76e-11  1.09e-12     3s
  62  -5.05191516e-03 -5.05192364e-03  1.42e-11 1.90e-11  8.33e-14     3s

Barrier solved model in 62 iterations and 2.91 seconds (3.66 work units)
Optimal objective -5.05191516e-03

Crossover time: 0.63 seconds (1.11 work units)

Root relaxation: objective -5.051887e-03, 34907 iterations, 2.68 seconds (3.80 work units)

    Nodes    |    Current Node    |     Objective Bounds      |     Work
 Expl Unexpl |  Obj  Depth IntInf | Incumbent    BestBd   Gap | It/Node Time

     0     0   -0.00505    0  527   -0.00170   -0.00505   198%     -    3s
H    0     0                      -0.0017698   -0.00505   185%     -    4s
H    0     0                      -0.0021679   -0.00505   133%     -    5s
H    0     0                      -0.0022992   -0.00505   120%     -    5s
H    0     0                      -0.0023332   -0.00505   117%     -    5s

Explored 1 nodes (34907 simplex iterations) in 5.94 seconds (6.90 work units)
Thread count was 1 (of 16 available processors)

Solution count 5: -0.00233317 -0.00229923 -0.00216789 ... -0.00169637

Solve interrupted
Best objective -2.333169727984e-03, best bound -5.051887419221e-03, gap 116.5246%

User-callback calls 1578, time in user-callback 1.14 sec
