
Gurobi 13.0.2 (win64) logging started Tue Oct  6 11:08:59 2026

Set parameter LogFile to value "docs/v42_m_stage_exact_completion/logs/PRICE_0134_MESS02.log"
Gurobi Optimizer version 13.0.2 build v13.0.2rc1 (win64 - Windows 11+.0 (26200.2))

CPU model: 13th Gen Intel(R) Core(TM) i7-13620H, instruction set [SSE2|AVX|AVX2]
Thread count: 10 physical cores, 16 logical processors, using up to 1 threads

Non-default parameters:
TimeLimit  20
FeasibilityTol  1e-08
IntFeasTol  1e-08
MIPGap  0
MIPGapAbs  0
OptimalityTol  1e-08
Method  2
Crossover  2
DegenMoves  0
MIPFocus  3
NodeMethod  1
CutPasses  1
LogToConsole  0
Seed  20260929
Threads  1

Optimize a model with 51527 rows, 58895 columns and 314932 nonzeros (Min)
Model fingerprint: 0x59104632
Model has 4537 linear objective coefficients and an objective constant of 1.0343681009587706e-02
Variable types: 6805 continuous, 52090 integer (52090 binary)
Coefficient statistics:
  Matrix range     [2e-01, 4e+02]
  Objective range  [7e-14, 7e-06]
  Bounds range     [1e+00, 1e+03]
  RHS range        [1e+00, 8e+02]

Loaded user MIP start with objective -0.00121444

Presolve removed 8946 rows and 2 columns
Presolve time: 0.59s
Presolved: 42581 rows, 58893 columns, 292568 nonzeros
Variable types: 6803 continuous, 52090 integer (52090 binary)
Root relaxation presolve removed 1 rows and 1 columns
Root relaxation presolved: 42580 rows, 58892 columns, 292566 nonzeros

Root barrier log...

Ordering time: 0.04s

Barrier statistics:
 AA' NZ     : 5.996e+05
 Factor NZ  : 1.096e+06 (roughly 50 MB of memory)
 Factor Ops : 7.451e+07 (less than 1 second per iteration)
 Threads    : 1

                  Objective                Residual
Iter       Primal          Dual         Primal    Dual     Compl     Time
   0   2.37816091e-02 -3.44919795e+04  1.80e+04 1.13e-04  3.80e+00     1s
   1  -3.13878356e-02 -2.94153192e+04  2.54e+03 3.23e-03  5.75e-01     1s
   2   7.35426545e-02 -1.16582696e+04  4.08e+02 2.75e-04  1.20e-01     1s
   3   2.28912273e-02 -2.59626283e+03  1.04e+02 5.54e-15  2.60e-02     1s
   4  -1.85518547e-02 -2.37340102e+03  6.65e+01 5.80e-15  2.12e-02     1s
   5  -4.07630803e-02 -2.15226988e+03  4.89e+01 6.19e-15  1.83e-02     1s
   6  -6.40636304e-02 -1.85101984e+03  3.12e+01 6.31e-15  1.49e-02     1s
   7  -7.48763474e-02 -1.60919847e+03  2.22e+01 6.44e-15  1.28e-02     1s
   8  -7.88327227e-02 -1.42195880e+03  1.74e+01 6.74e-15  1.13e-02     1s
   9  -7.67814964e-02 -1.24703281e+03  1.43e+01 6.90e-15  1.01e-02     1s
  10  -7.13716849e-02 -1.21541526e+03  1.30e+01 6.57e-15  9.57e-03     1s
  11  -1.51513904e-02 -1.02944327e+03  8.75e+00 6.02e-15  7.72e-03     2s
  12  -4.00989525e-03 -5.47120227e+02  5.52e+00 2.29e-14  4.26e-03     2s
  13   1.16136519e-02 -1.66753615e+02  1.40e+00 1.41e-14  1.30e-03     2s
  14   1.43129832e-02 -3.07354582e+01  2.63e-01 1.26e-14  2.28e-04     2s
  15   1.41899167e-02 -4.03116049e+00  2.50e-04 1.29e-14  2.56e-05     2s
  16   7.88285997e-03 -7.83683839e-01  1.40e-07 1.27e-14  5.01e-06     2s
  17   7.17737622e-03 -4.32403492e-01  5.10e-08 1.35e-14  2.78e-06     2s
  18   5.18055710e-03 -2.33373226e-01  2.08e-08 1.53e-14  1.51e-06     2s
  19   3.33928550e-03 -9.84904733e-02  8.61e-09 1.33e-14  6.45e-07     2s
  20   2.27229777e-03 -8.07174403e-02  6.08e-09 1.60e-14  5.25e-07     2s
  21   6.12217870e-05 -5.66133731e-02  3.22e-09 1.55e-14  3.59e-07     2s
  22  -2.27388104e-03 -4.13331115e-02  1.25e-09 1.71e-14  2.47e-07     2s
  23  -2.90738248e-03 -3.01902135e-02  8.34e-10 1.66e-14  1.73e-07     2s
  24  -3.15451596e-03 -2.90108160e-02  6.83e-10 2.05e-14  1.64e-07     2s
  25  -3.46776820e-03 -2.62618143e-02  5.09e-10 2.06e-14  1.44e-07     2s
  26  -3.92277139e-03 -2.16910597e-02  2.68e-10 2.36e-14  1.12e-07     2s
  27  -4.15880303e-03 -1.47029137e-02  1.42e-10 1.76e-14  6.68e-08     2s
  28  -4.23949405e-03 -1.34488099e-02  1.17e-10 1.98e-14  5.83e-08     2s
  29  -4.31165922e-03 -1.18532030e-02  9.46e-11 1.84e-14  4.77e-08     2s
  30  -4.32985514e-03 -1.15619446e-02  9.05e-11 2.28e-14  4.58e-08     2s
  31  -4.39645601e-03 -9.51583695e-03  6.93e-11 1.92e-14  3.24e-08     2s
  32  -4.43611134e-03 -8.18479687e-03  6.13e-11 1.90e-14  2.37e-08     2s
  33  -4.54111033e-03 -7.16404678e-03  4.42e-11 1.75e-14  1.66e-08     2s
  34  -4.60339897e-03 -6.28293806e-03  3.16e-11 1.57e-14  1.06e-08     2s
  35  -4.69180332e-03 -5.95991343e-03  4.42e-11 1.68e-14  8.03e-09     2s
  36  -4.74858388e-03 -5.75743365e-03  2.96e-10 1.73e-14  6.39e-09     2s
  37  -4.77852914e-03 -5.54754155e-03  2.56e-10 1.82e-14  4.87e-09     2s
  38  -4.80159162e-03 -5.41024031e-03  2.49e-10 1.84e-14  3.85e-09     2s
  39  -4.86053965e-03 -5.32134919e-03  1.68e-10 1.92e-14  2.92e-09     2s
  40  -4.88343120e-03 -5.28045145e-03  1.41e-10 1.88e-14  2.51e-09     2s
  41  -4.89655339e-03 -5.19734812e-03  1.30e-10 1.79e-14  1.90e-09     2s
  42  -4.91477645e-03 -5.17184080e-03  1.95e-10 1.91e-14  1.63e-09     2s
  43  -4.93789656e-03 -5.11745655e-03  1.40e-10 1.73e-14  1.14e-09     2s
  44  -4.95927393e-03 -5.10008135e-03  1.78e-10 2.00e-14  8.91e-10     2s
  45  -4.96592094e-03 -5.09070154e-03  1.55e-10 2.07e-14  7.90e-10     2s
  46  -4.98170384e-03 -5.06099470e-03  1.02e-10 1.89e-14  5.02e-10     2s
  47  -4.99407110e-03 -5.04613317e-03  1.09e-10 1.91e-14  3.30e-10     3s
  48  -5.00193326e-03 -5.03395226e-03  9.46e-11 2.16e-14  2.03e-10     3s
  49  -5.00801826e-03 -5.03026000e-03  8.30e-11 2.80e-14  1.41e-10     3s
  50  -5.01135562e-03 -5.01794789e-03  4.69e-11 1.25e-12  4.18e-11     3s
  51  -5.01296159e-03 -5.01574963e-03  2.31e-10 1.75e-12  1.77e-11     3s
  52  -5.01428206e-03 -5.01525344e-03  5.81e-11 1.60e-12  6.23e-12     3s
  53  -5.01462262e-03 -5.01472728e-03  2.57e-11 5.69e-13  6.84e-13     3s
  54  -5.01464053e-03 -5.01464054e-03  3.52e-12 2.06e-14  6.85e-16     3s

Barrier solved model in 54 iterations and 2.69 seconds (3.36 work units)
Optimal objective -5.01464053e-03

Crossover time: 0.33 seconds (0.56 work units)

Root relaxation: objective -5.014641e-03, 19127 iterations, 2.16 seconds (2.94 work units)

    Nodes    |    Current Node    |     Objective Bounds      |     Work
 Expl Unexpl |  Obj  Depth IntInf | Incumbent    BestBd   Gap | It/Node Time

     0     0   -0.00501    0  184   -0.00121   -0.00501   313%     -    3s
H    0     0                      -0.0013271   -0.00501   278%     -    3s
H    0     0                      -0.0013272   -0.00501   278%     -    3s
H    0     0                      -0.0013299   -0.00501   277%     -    4s
H    0     0                      -0.0013620   -0.00501   268%     -    4s
H    0     0                      -0.0014604   -0.00501   243%     -    4s

Explored 1 nodes (19127 simplex iterations) in 4.51 seconds (4.67 work units)
Thread count was 1 (of 16 available processors)

Solution count 5: -0.00146037 -0.00132989 -0.00132718 ... -0.00121444

Solve interrupted
Best objective -1.460372342971e-03, best bound -5.014640549873e-03, gap 243.3810%

User-callback calls 1098, time in user-callback 1.12 sec
