
Gurobi 13.0.2 (win64) logging started Tue Oct  6 11:20:05 2026

Set parameter LogFile to value "docs/v42_m_stage_exact_completion/logs/PRICE_0155_MESS03.log"
Gurobi Optimizer version 13.0.2 build v13.0.2rc1 (win64 - Windows 11+.0 (26200.2))

CPU model: 13th Gen Intel(R) Core(TM) i7-13620H, instruction set [SSE2|AVX|AVX2]
Thread count: 10 physical cores, 16 logical processors, using up to 1 threads

Non-default parameters:
TimeLimit  20
FeasibilityTol  1e-08
IntFeasTol  1e-08
MIPGap  0
MIPGapAbs  0
OptimalityTol  1e-08
Method  2
Crossover  2
DegenMoves  0
MIPFocus  3
NodeMethod  1
CutPasses  1
LogToConsole  0
Seed  20260929
Threads  1

Optimize a model with 51596 rows, 58976 columns and 315361 nonzeros (Min)
Model fingerprint: 0xf5b0701d
Model has 4533 linear objective coefficients and an objective constant of 1.0764108638841377e-02
Variable types: 6814 continuous, 52162 integer (52162 binary)
Coefficient statistics:
  Matrix range     [2e-01, 4e+02]
  Objective range  [4e-14, 8e-06]
  Bounds range     [1e+00, 1e+03]
  RHS range        [1e+00, 8e+02]

Loaded user MIP start with objective -0.000825731

Presolve removed 8958 rows and 2 columns
Presolve time: 0.58s
Presolved: 42638 rows, 58974 columns, 292967 nonzeros
Variable types: 6812 continuous, 52162 integer (52162 binary)
Root relaxation presolve removed 3 rows and 2 columns
Root relaxation presolved: 42635 rows, 58972 columns, 292915 nonzeros

Root barrier log...

Ordering time: 0.04s

Barrier statistics:
 AA' NZ     : 6.006e+05
 Factor NZ  : 1.080e+06 (roughly 50 MB of memory)
 Factor Ops : 6.927e+07 (less than 1 second per iteration)
 Threads    : 1

                  Objective                Residual
Iter       Primal          Dual         Primal    Dual     Compl     Time
   0   1.79443777e-02 -3.45219712e+04  1.80e+04 1.24e-04  3.80e+00     1s
   1  -3.88315367e-02 -2.93372286e+04  2.38e+03 2.53e-03  5.43e-01     1s
   2   8.04492789e-02 -8.95723520e+03  3.44e+02 9.85e-05  9.27e-02     1s
   3  -8.97978981e-03 -2.39569810e+03  7.54e+01 2.32e-15  2.20e-02     1s
   4  -5.23388337e-02 -1.90050906e+03  3.93e+01 2.22e-15  1.58e-02     1s
   5  -6.71079889e-02 -1.45955221e+03  2.45e+01 2.07e-15  1.20e-02     1s
   6  -6.96916195e-02 -1.16396359e+03  1.69e+01 3.13e-15  9.56e-03     1s
   7  -3.56577290e-02 -1.02371852e+03  1.25e+01 3.44e-15  8.25e-03     1s
   8   1.18670826e-02 -3.22649970e+02  3.22e+00 3.28e-15  2.54e-03     1s
   9   1.51844363e-02 -1.28449045e+02  3.77e-01 3.16e-15  8.69e-04     1s
  10   1.54047467e-02 -2.54373253e+01  3.36e-02 2.60e-15  1.63e-04     1s
  11   1.39627945e-02 -2.09896584e+00  3.67e-12 1.84e-15  1.34e-05     1s
  12   7.65641501e-03 -3.92327788e-01  4.21e-12 2.92e-16  2.53e-06     1s
  13   7.55392264e-03 -2.94716098e-01  3.09e-12 2.26e-16  1.91e-06     1s
  14   4.61490962e-03 -1.40141103e-01  8.43e-12 9.84e-17  9.15e-07     1s
  15   1.59217843e-03 -9.59849443e-02  9.28e-12 6.81e-17  6.17e-07     1s
  16  -4.14125279e-04 -5.82942980e-02  3.46e-12 3.66e-17  3.66e-07     2s
  17  -2.30490293e-03 -3.91142473e-02  7.15e-12 2.68e-17  2.33e-07     2s
  18  -3.38876509e-03 -3.44182273e-02  1.48e-11 2.33e-17  1.96e-07     2s
  19  -3.62907421e-03 -2.50457041e-02  1.17e-11 1.55e-17  1.35e-07     2s
  20  -3.91096114e-03 -2.09505038e-02  8.31e-12 1.32e-17  1.08e-07     2s
  21  -4.15242763e-03 -1.53296756e-02  1.43e-11 8.77e-18  7.07e-08     2s
  22  -4.27808962e-03 -1.22821290e-02  2.30e-11 7.37e-18  5.06e-08     2s
  23  -4.31226352e-03 -9.33321537e-03  1.38e-11 4.76e-18  3.17e-08     2s
  24  -4.45788096e-03 -7.79532448e-03  1.99e-11 4.44e-18  2.11e-08     2s
  25  -4.56587937e-03 -6.77683739e-03  1.82e-11 3.76e-18  1.40e-08     2s
  26  -4.64552608e-03 -5.89166899e-03  1.58e-11 3.30e-18  7.88e-09     2s
  27  -4.66168062e-03 -5.68014491e-03  1.99e-11 3.55e-18  6.44e-09     2s
  28  -4.70560034e-03 -5.43596430e-03  2.02e-11 3.20e-18  4.62e-09     2s
  29  -4.71169825e-03 -5.26428463e-03  1.32e-11 3.62e-18  3.49e-09     2s
  30  -4.74089342e-03 -5.17727127e-03  1.17e-11 3.88e-18  2.76e-09     2s
  31  -4.75838260e-03 -5.10662161e-03  1.23e-11 4.03e-18  2.20e-09     2s
  32  -4.78227892e-03 -5.01452030e-03  2.97e-11 3.87e-18  1.47e-09     2s
  33  -4.78835991e-03 -4.99485359e-03  3.18e-11 4.62e-18  1.31e-09     2s
  34  -4.80244948e-03 -4.95660464e-03  2.11e-11 4.23e-18  9.75e-10     2s
  35  -4.80913968e-03 -4.92525183e-03  2.41e-11 3.96e-18  7.34e-10     2s
  36  -4.81323750e-03 -4.92308248e-03  1.94e-11 4.47e-18  6.95e-10     2s
  37  -4.82105777e-03 -4.88179322e-03  7.06e-12 3.78e-18  3.84e-10     2s
  38  -4.82913270e-03 -4.87501893e-03  3.17e-11 3.45e-18  2.90e-10     2s
  39  -4.83160156e-03 -4.85747917e-03  4.95e-11 3.10e-18  1.64e-10     2s
  40  -4.83367675e-03 -4.85228848e-03  3.59e-11 5.16e-15  1.18e-10     2s
  41  -4.83464175e-03 -4.84124846e-03  3.61e-11 4.34e-12  4.19e-11     2s
  42  -4.83538128e-03 -4.83983106e-03  2.49e-11 4.01e-12  2.82e-11     2s
  43  -4.83569839e-03 -4.83654636e-03  1.40e-11 5.26e-12  5.46e-12     2s
  44  -4.83593573e-03 -4.83597678e-03  9.28e-12 1.40e-12  2.69e-13     2s
  45  -4.83595163e-03 -4.83595170e-03  1.97e-13 5.22e-14  8.40e-16     2s

Barrier solved model in 45 iterations and 2.28 seconds (2.92 work units)
Optimal objective -4.83595163e-03

Crossover time: 0.28 seconds (0.41 work units)

Root relaxation: objective -4.835952e-03, 16612 iterations, 1.72 seconds (2.36 work units)

    Nodes    |    Current Node    |     Objective Bounds      |     Work
 Expl Unexpl |  Obj  Depth IntInf | Incumbent    BestBd   Gap | It/Node Time

     0     0   -0.00484    0  427   -0.00083   -0.00484   486%     -    2s
H    0     0                      -0.0010561   -0.00484   358%     -    2s
H    0     0                      -0.0010883   -0.00484   344%     -    3s
H    0     0                      -0.0010952   -0.00484   342%     -    3s
H    0     0                      -0.0011124   -0.00484   335%     -    3s

Explored 1 nodes (16612 simplex iterations) in 3.68 seconds (3.67 work units)
Thread count was 1 (of 16 available processors)

Solution count 3: -0.00111236 -0.0010883 -0.000825731 

Solve interrupted
Best objective -1.112356380573e-03, best bound -4.835951632278e-03, gap 334.7484%

User-callback calls 879, time in user-callback 1.08 sec
