
Gurobi 13.0.2 (win64) logging started Tue Oct  6 11:27:23 2026

Set parameter LogFile to value "docs/v42_m_stage_exact_completion/logs/PRICE_0175_MESS03.log"
Gurobi Optimizer version 13.0.2 build v13.0.2rc1 (win64 - Windows 11+.0 (26200.2))

CPU model: 13th Gen Intel(R) Core(TM) i7-13620H, instruction set [SSE2|AVX|AVX2]
Thread count: 10 physical cores, 16 logical processors, using up to 1 threads

Non-default parameters:
TimeLimit  20
FeasibilityTol  1e-08
IntFeasTol  1e-08
MIPGap  0
MIPGapAbs  0
OptimalityTol  1e-08
Method  2
Crossover  2
DegenMoves  0
MIPFocus  3
NodeMethod  1
CutPasses  1
LogToConsole  0
Seed  20260929
Threads  1

Optimize a model with 51596 rows, 58976 columns and 315361 nonzeros (Min)
Model fingerprint: 0x300e44f4
Model has 4535 linear objective coefficients and an objective constant of 1.1067691806673934e-02
Variable types: 6814 continuous, 52162 integer (52162 binary)
Coefficient statistics:
  Matrix range     [2e-01, 4e+02]
  Objective range  [3e-14, 7e-06]
  Bounds range     [1e+00, 1e+03]
  RHS range        [1e+00, 8e+02]

Loaded user MIP start with objective -0.000481454

Presolve removed 8958 rows and 2 columns
Presolve time: 0.66s
Presolved: 42638 rows, 58974 columns, 292967 nonzeros
Variable types: 6812 continuous, 52162 integer (52162 binary)
Root relaxation presolve removed 3 rows and 2 columns
Root relaxation presolved: 42635 rows, 58972 columns, 292915 nonzeros

Root barrier log...

Ordering time: 0.05s

Barrier statistics:
 AA' NZ     : 6.006e+05
 Factor NZ  : 1.080e+06 (roughly 50 MB of memory)
 Factor Ops : 6.927e+07 (less than 1 second per iteration)
 Threads    : 1

                  Objective                Residual
Iter       Primal          Dual         Primal    Dual     Compl     Time
   0   1.94736429e-02 -3.45219726e+04  1.80e+04 1.20e-04  3.80e+00     1s
   1  -3.81452809e-02 -2.93371390e+04  2.38e+03 2.53e-03  5.43e-01     1s
   2   8.07239488e-02 -8.95715143e+03  3.44e+02 9.85e-05  9.27e-02     1s
   3  -8.52110372e-03 -2.39570101e+03  7.54e+01 1.92e-15  2.20e-02     1s
   4  -5.17981385e-02 -1.90049920e+03  3.93e+01 2.02e-15  1.58e-02     1s
   5  -6.65720816e-02 -1.45951516e+03  2.45e+01 2.37e-15  1.20e-02     1s
   6  -6.91887170e-02 -1.16394092e+03  1.69e+01 3.00e-15  9.56e-03     1s
   7  -3.52609605e-02 -1.02370174e+03  1.25e+01 3.98e-15  8.25e-03     1s
   8   1.21466726e-02 -3.22657401e+02  3.22e+00 3.88e-15  2.54e-03     1s
   9   1.54603108e-02 -1.28390523e+02  3.77e-01 3.04e-15  8.69e-04     2s
  10   1.56820524e-02 -2.54312156e+01  3.34e-02 2.33e-15  1.63e-04     2s
  11   1.42401048e-02 -2.09905543e+00  3.91e-12 1.64e-15  1.34e-05     2s
  12   7.92226231e-03 -3.80959074e-01  4.78e-12 2.51e-16  2.46e-06     2s
  13   8.07234843e-03 -2.14608251e-01  7.98e-12 1.43e-16  1.41e-06     2s
  14   4.91944371e-03 -1.27843574e-01  1.62e-11 8.34e-17  8.39e-07     2s
  15   2.34836862e-03 -9.19324639e-02  1.29e-11 6.14e-17  5.96e-07     2s
  16  -7.14281844e-06 -6.38717629e-02  6.38e-12 4.43e-17  4.04e-07     2s
  17  -1.15801304e-03 -4.11452942e-02  4.33e-12 2.72e-17  2.53e-07     2s
  18  -2.74393654e-03 -2.94707796e-02  9.88e-12 1.80e-17  1.69e-07     2s
  19  -3.01061981e-03 -2.56287605e-02  7.53e-12 1.62e-17  1.43e-07     2s
  20  -3.12747554e-03 -1.97981424e-02  7.28e-12 1.19e-17  1.05e-07     2s
  21  -3.63503908e-03 -1.58170716e-02  9.40e-12 8.73e-18  7.70e-08     2s
  22  -3.75999833e-03 -1.18414861e-02  9.74e-12 6.87e-18  5.11e-08     2s
  23  -3.85171567e-03 -1.12752458e-02  1.03e-11 6.52e-18  4.69e-08     2s
  24  -3.92142512e-03 -8.23306021e-03  8.11e-12 4.84e-18  2.73e-08     2s
  25  -4.10434311e-03 -6.64504535e-03  2.33e-11 4.21e-18  1.61e-08     2s
  26  -4.18077745e-03 -5.63439868e-03  1.32e-11 4.14e-18  9.19e-09     2s
  27  -4.22285695e-03 -5.38146953e-03  1.84e-11 3.71e-18  7.33e-09     2s
  28  -4.24767153e-03 -5.06642411e-03  1.25e-11 3.74e-18  5.18e-09     2s
  29  -4.26924285e-03 -4.92004944e-03  1.63e-11 3.06e-18  4.11e-09     2s
  30  -4.27275287e-03 -4.76228029e-03  1.99e-11 3.31e-18  3.10e-09     2s
  31  -4.29085623e-03 -4.72176077e-03  2.25e-10 3.35e-18  2.72e-09     2s
  32  -4.31852974e-03 -4.63469879e-03  1.44e-10 3.74e-18  2.00e-09     2s
  33  -4.32357884e-03 -4.58306729e-03  1.40e-10 3.84e-18  1.64e-09     2s
  34  -4.33580654e-03 -4.52632922e-03  1.16e-10 3.90e-18  1.20e-09     2s
  35  -4.35315048e-03 -4.48260550e-03  7.26e-11 4.00e-18  8.18e-10     2s
  36  -4.36062436e-03 -4.45992061e-03  5.08e-11 3.83e-18  6.28e-10     2s
  37  -4.37455132e-03 -4.43136514e-03  2.64e-11 3.71e-18  3.59e-10     2s
  38  -4.37755929e-03 -4.41856589e-03  4.14e-11 3.62e-18  2.59e-10     2s
  39  -4.37883935e-03 -4.41513857e-03  3.84e-11 2.55e-14  2.30e-10     2s
  40  -4.37929037e-03 -4.41299484e-03  8.45e-11 2.14e-14  2.13e-10     2s
  41  -4.38197162e-03 -4.40614684e-03  8.63e-11 1.81e-12  1.53e-10     2s
  42  -4.38347943e-03 -4.40082201e-03  6.13e-11 4.76e-12  1.10e-10     2s
  43  -4.38691030e-03 -4.39517243e-03  1.36e-10 5.57e-12  5.24e-11     3s
  44  -4.38854455e-03 -4.38890759e-03  3.16e-10 5.24e-12  2.34e-12     3s
  45  -4.38871574e-03 -4.38873221e-03  7.16e-12 2.08e-12  9.97e-14     3s
  46  -4.38871886e-03 -4.38871902e-03  2.04e-12 2.02e-12  1.09e-15     3s

Barrier solved model in 46 iterations and 2.61 seconds (2.96 work units)
Optimal objective -4.38871886e-03

Crossover time: 0.59 seconds (1.07 work units)

Root relaxation: objective -4.388714e-03, 23581 iterations, 2.27 seconds (3.05 work units)

    Nodes    |    Current Node    |     Objective Bounds      |     Work
 Expl Unexpl |  Obj  Depth IntInf | Incumbent    BestBd   Gap | It/Node Time

     0     0   -0.00439    0  218   -0.00048   -0.00439   812%     -    3s
H    0     0                      -0.0010069   -0.00439   336%     -    3s
H    0     0                      -0.0010269   -0.00439   327%     -    3s
H    0     0                      -0.0011006   -0.00439   299%     -    4s
H    0     0                      -0.0013018   -0.00439   237%     -    4s

Explored 1 nodes (23581 simplex iterations) in 4.96 seconds (4.94 work units)
Thread count was 1 (of 16 available processors)

Solution count 4: -0.00130184 -0.00110057 -0.00102686 -0.000481454 

Solve interrupted
Best objective -1.301840676503e-03, best bound -4.388713731636e-03, gap 237.1160%

User-callback calls 1149, time in user-callback 1.23 sec
