
Gurobi 13.0.2 (win64) logging started Tue Oct  6 11:25:58 2026

Set parameter LogFile to value "docs/v42_m_stage_exact_completion/logs/PRICE_0171_MESS03.log"
Gurobi Optimizer version 13.0.2 build v13.0.2rc1 (win64 - Windows 11+.0 (26200.2))

CPU model: 13th Gen Intel(R) Core(TM) i7-13620H, instruction set [SSE2|AVX|AVX2]
Thread count: 10 physical cores, 16 logical processors, using up to 1 threads

Non-default parameters:
TimeLimit  20
FeasibilityTol  1e-08
IntFeasTol  1e-08
MIPGap  0
MIPGapAbs  0
OptimalityTol  1e-08
Method  2
Crossover  2
DegenMoves  0
MIPFocus  3
NodeMethod  1
CutPasses  1
LogToConsole  0
Seed  20260929
Threads  1

Optimize a model with 51596 rows, 58976 columns and 315361 nonzeros (Min)
Model fingerprint: 0x076399b0
Model has 4535 linear objective coefficients and an objective constant of 1.1041206548074750e-02
Variable types: 6814 continuous, 52162 integer (52162 binary)
Coefficient statistics:
  Matrix range     [2e-01, 4e+02]
  Objective range  [3e-14, 7e-06]
  Bounds range     [1e+00, 1e+03]
  RHS range        [1e+00, 8e+02]

Loaded user MIP start with objective -0.000541309

Presolve removed 8958 rows and 2 columns
Presolve time: 0.65s
Presolved: 42638 rows, 58974 columns, 292967 nonzeros
Variable types: 6812 continuous, 52162 integer (52162 binary)
Root relaxation presolve removed 3 rows and 2 columns
Root relaxation presolved: 42635 rows, 58972 columns, 292915 nonzeros

Root barrier log...

Ordering time: 0.04s

Barrier statistics:
 AA' NZ     : 6.006e+05
 Factor NZ  : 1.080e+06 (roughly 50 MB of memory)
 Factor Ops : 6.927e+07 (less than 1 second per iteration)
 Threads    : 1

                  Objective                Residual
Iter       Primal          Dual         Primal    Dual     Compl     Time
   0   1.86871691e-02 -3.45219725e+04  1.80e+04 1.20e-04  3.80e+00     1s
   1  -3.82963908e-02 -2.93371302e+04  2.38e+03 2.53e-03  5.43e-01     1s
   2   8.07008376e-02 -8.95714021e+03  3.44e+02 9.85e-05  9.27e-02     1s
   3  -8.56147254e-03 -2.39567723e+03  7.54e+01 2.33e-15  2.20e-02     1s
   4  -5.18510894e-02 -1.90047127e+03  3.93e+01 2.38e-15  1.58e-02     1s
   5  -6.66256220e-02 -1.45948363e+03  2.45e+01 2.36e-15  1.20e-02     1s
   6  -6.92382161e-02 -1.16391705e+03  1.69e+01 3.54e-15  9.56e-03     1s
   7  -3.52916126e-02 -1.02368463e+03  1.25e+01 3.75e-15  8.25e-03     1s
   8   1.21245140e-02 -3.22649445e+02  3.21e+00 3.89e-15  2.54e-03     1s
   9   1.54370445e-02 -1.28373674e+02  3.77e-01 3.05e-15  8.69e-04     2s
  10   1.56585548e-02 -2.54295049e+01  3.33e-02 2.48e-15  1.63e-04     2s
  11   1.42175982e-02 -2.09840189e+00  5.03e-12 1.78e-15  1.34e-05     2s
  12   7.89776723e-03 -3.87604880e-01  5.44e-12 2.71e-16  2.50e-06     2s
  13   8.01595106e-03 -2.15666681e-01  6.26e-12 1.64e-16  1.41e-06     2s
  14   4.75574156e-03 -1.28888475e-01  1.14e-11 9.24e-17  8.45e-07     2s
  15   2.08706406e-03 -9.38053287e-02  6.80e-12 7.27e-17  6.06e-07     2s
  16  -1.85762836e-04 -5.66189378e-02  4.41e-12 4.13e-17  3.57e-07     2s
  17  -1.95286503e-03 -3.73999815e-02  5.07e-12 2.93e-17  2.24e-07     2s
  18  -2.51089246e-03 -2.34542328e-02  5.14e-12 1.47e-17  1.32e-07     2s
  19  -2.79494889e-03 -2.25066819e-02  4.72e-12 1.40e-17  1.25e-07     2s
  20  -3.52322143e-03 -1.50843436e-02  1.30e-11 9.47e-18  7.31e-08     2s
  21  -3.89468669e-03 -1.11011329e-02  1.42e-11 6.53e-18  4.56e-08     2s
  22  -3.98469049e-03 -8.49488453e-03  1.80e-11 6.39e-18  2.85e-08     2s
  23  -4.06406701e-03 -7.87065640e-03  1.28e-11 6.31e-18  2.41e-08     2s
  24  -4.17272767e-03 -5.95146173e-03  2.45e-11 3.54e-18  1.12e-08     2s
  25  -4.27341399e-03 -5.28500417e-03  1.58e-11 2.94e-18  6.40e-09     2s
  26  -4.30286287e-03 -4.95634510e-03  1.11e-11 3.47e-18  4.13e-09     2s
  27  -4.30371402e-03 -4.90283489e-03  1.12e-11 4.46e-18  3.79e-09     2s
  28  -4.34594636e-03 -4.77366336e-03  1.41e-11 3.62e-18  2.70e-09     2s
  29  -4.36022931e-03 -4.67214123e-03  9.81e-12 3.57e-18  1.97e-09     2s
  30  -4.36668019e-03 -4.63915032e-03  7.78e-12 3.52e-18  1.72e-09     2s
  31  -4.38977566e-03 -4.56764973e-03  8.37e-12 3.20e-18  1.12e-09     2s
  32  -4.40552951e-03 -4.52280336e-03  9.66e-12 3.68e-18  7.41e-10     2s
  33  -4.41661175e-03 -4.48216790e-03  1.21e-11 3.48e-18  4.14e-10     2s
  34  -4.42081783e-03 -4.47231132e-03  1.13e-11 1.60e-14  3.26e-10     2s
  35  -4.42236428e-03 -4.46890366e-03  9.21e-12 2.05e-14  2.94e-10     2s
  36  -4.42692296e-03 -4.46389281e-03  7.99e-11 2.53e-14  2.34e-10     2s
  37  -4.42857515e-03 -4.45166324e-03  6.64e-11 7.67e-13  1.46e-10     2s
  38  -4.43180059e-03 -4.44345836e-03  1.12e-10 6.13e-12  7.38e-11     2s
  39  -4.43459166e-03 -4.43659059e-03  2.64e-10 8.74e-12  1.27e-11     2s
  40  -4.43512777e-03 -4.43546089e-03  6.69e-11 3.42e-12  2.15e-12     2s
  41  -4.43514820e-03 -4.43516442e-03  1.58e-10 1.88e-12  1.57e-13     2s
  42  -4.43515099e-03 -4.43514557e-03  1.40e-10 1.73e-12  1.77e-14     2s

Barrier solved model in 42 iterations and 2.50 seconds (2.81 work units)
Optimal objective -4.43515099e-03

Crossover time: 0.51 seconds (0.75 work units)

Root relaxation: objective -4.435070e-03, 23808 iterations, 2.07 seconds (2.59 work units)

    Nodes    |    Current Node    |     Objective Bounds      |     Work
 Expl Unexpl |  Obj  Depth IntInf | Incumbent    BestBd   Gap | It/Node Time

     0     0   -0.00444    0  590   -0.00054   -0.00444   719%     -    3s
H    0     0                      -0.0010242   -0.00444   333%     -    3s
H    0     0                      -0.0010940   -0.00444   305%     -    3s
H    0     0                      -0.0024116   -0.00444  83.9%     -    4s
H    0     0                      -0.0024796   -0.00444  78.9%     -    4s

Explored 1 nodes (23808 simplex iterations) in 4.63 seconds (4.35 work units)
Thread count was 1 (of 16 available processors)

Solution count 4: -0.00247963 -0.00241164 -0.00109402 -0.000541309 

Solve interrupted
Best objective -2.479631585101e-03, best bound -4.435069861804e-03, gap 78.8600%

User-callback calls 1043, time in user-callback 1.26 sec
