
Gurobi 13.0.2 (win64) logging started Tue Oct  6 11:24:27 2026

Set parameter LogFile to value "docs/v42_m_stage_exact_completion/logs/PRICE_0167_MESS03.log"
Gurobi Optimizer version 13.0.2 build v13.0.2rc1 (win64 - Windows 11+.0 (26200.2))

CPU model: 13th Gen Intel(R) Core(TM) i7-13620H, instruction set [SSE2|AVX|AVX2]
Thread count: 10 physical cores, 16 logical processors, using up to 1 threads

Non-default parameters:
TimeLimit  20
FeasibilityTol  1e-08
IntFeasTol  1e-08
MIPGap  0
MIPGapAbs  0
OptimalityTol  1e-08
Method  2
Crossover  2
DegenMoves  0
MIPFocus  3
NodeMethod  1
CutPasses  1
LogToConsole  0
Seed  20260929
Threads  1

Optimize a model with 51596 rows, 58976 columns and 315361 nonzeros (Min)
Model fingerprint: 0x8e299d0a
Model has 4535 linear objective coefficients and an objective constant of 1.0971364932796591e-02
Variable types: 6814 continuous, 52162 integer (52162 binary)
Coefficient statistics:
  Matrix range     [2e-01, 4e+02]
  Objective range  [3e-14, 7e-06]
  Bounds range     [1e+00, 1e+03]
  RHS range        [1e+00, 8e+02]

Loaded user MIP start with objective -0.000601958

Presolve removed 8958 rows and 2 columns
Presolve time: 0.64s
Presolved: 42638 rows, 58974 columns, 292967 nonzeros
Variable types: 6812 continuous, 52162 integer (52162 binary)
Root relaxation presolve removed 3 rows and 2 columns
Root relaxation presolved: 42635 rows, 58972 columns, 292915 nonzeros

Root barrier log...

Ordering time: 0.04s

Barrier statistics:
 AA' NZ     : 6.006e+05
 Factor NZ  : 1.080e+06 (roughly 50 MB of memory)
 Factor Ops : 6.927e+07 (less than 1 second per iteration)
 Threads    : 1

                  Objective                Residual
Iter       Primal          Dual         Primal    Dual     Compl     Time
   0   1.70246823e-02 -3.45219720e+04  1.80e+04 1.19e-04  3.80e+00     1s
   1  -3.86476688e-02 -2.93371232e+04  2.38e+03 2.53e-03  5.43e-01     1s
   2   8.06184064e-02 -8.95712176e+03  3.44e+02 9.85e-05  9.27e-02     1s
   3  -8.68540110e-03 -2.39565607e+03  7.54e+01 2.37e-15  2.20e-02     1s
   4  -5.19960056e-02 -1.90044979e+03  3.93e+01 2.13e-15  1.58e-02     1s
   5  -6.67667941e-02 -1.45946546e+03  2.45e+01 2.29e-15  1.20e-02     1s
   6  -6.93688660e-02 -1.16390168e+03  1.69e+01 3.34e-15  9.56e-03     1s
   7  -3.53878424e-02 -1.02367373e+03  1.25e+01 3.79e-15  8.24e-03     1s
   8   1.20621613e-02 -3.22640925e+02  3.22e+00 3.23e-15  2.54e-03     1s
   9   1.53766435e-02 -1.28377060e+02  3.77e-01 3.09e-15  8.69e-04     1s
  10   1.55976330e-02 -2.54297115e+01  3.34e-02 2.12e-15  1.63e-04     2s
  11   1.41565682e-02 -2.09876323e+00  5.88e-12 1.75e-15  1.34e-05     2s
  12   7.83680682e-03 -3.93098960e-01  4.92e-12 3.12e-16  2.54e-06     2s
  13   7.91320503e-03 -2.14844746e-01  7.43e-12 1.71e-16  1.41e-06     2s
  14   4.39677774e-03 -1.35966178e-01  4.32e-12 1.13e-16  8.88e-07     2s
  15   1.89322288e-03 -9.36326048e-02  5.08e-12 7.29e-17  6.04e-07     2s
  16  -3.28482289e-04 -6.13214965e-02  7.23e-12 4.98e-17  3.86e-07     2s
  17  -1.86603915e-03 -4.16003485e-02  6.16e-12 3.17e-17  2.51e-07     2s
  18  -2.89822935e-03 -3.21409668e-02  1.49e-11 2.41e-17  1.85e-07     2s
  19  -3.07576523e-03 -2.38181598e-02  1.78e-11 1.66e-17  1.31e-07     2s
  20  -3.70395932e-03 -1.89160020e-02  2.19e-11 1.38e-17  9.62e-08     2s
  21  -3.86639567e-03 -1.37199902e-02  2.88e-11 8.58e-18  6.23e-08     2s
  22  -3.99641948e-03 -1.01196556e-02  2.26e-11 6.17e-18  3.87e-08     2s
  23  -4.09486105e-03 -8.90565826e-03  1.62e-11 5.35e-18  3.04e-08     2s
  24  -4.16357749e-03 -7.81331670e-03  2.05e-11 4.59e-18  2.31e-08     2s
  25  -4.29212423e-03 -6.45584396e-03  1.79e-11 4.26e-18  1.37e-08     2s
  26  -4.34376176e-03 -5.48439741e-03  2.34e-11 3.70e-18  7.21e-09     2s
  27  -4.36599611e-03 -5.08884342e-03  1.85e-11 3.21e-18  4.57e-09     2s
  28  -4.39346921e-03 -4.91416439e-03  2.67e-11 3.69e-18  3.29e-09     2s
  29  -4.42749771e-03 -4.79140464e-03  2.59e-11 3.50e-18  2.30e-09     2s
  30  -4.43817514e-03 -4.72130075e-03  2.50e-11 3.56e-18  1.79e-09     2s
  31  -4.45227589e-03 -4.68466566e-03  2.01e-11 3.85e-18  1.47e-09     2s
  32  -4.46841067e-03 -4.65629185e-03  2.99e-11 4.10e-18  1.19e-09     2s
  33  -4.48135291e-03 -4.59770923e-03  2.95e-11 3.25e-18  7.36e-10     2s
  34  -4.48631677e-03 -4.55620625e-03  2.54e-11 3.47e-18  4.42e-10     2s
  35  -4.49661981e-03 -4.54550098e-03  6.04e-11 1.93e-14  3.09e-10     2s
  36  -4.49834712e-03 -4.53984156e-03  4.86e-11 2.78e-14  2.62e-10     2s
  37  -4.50246531e-03 -4.52952465e-03  2.80e-11 1.08e-13  1.71e-10     2s
  38  -4.50572963e-03 -4.52265791e-03  7.34e-11 4.44e-12  1.07e-10     2s
  39  -4.50781773e-03 -4.51406935e-03  2.75e-10 9.23e-12  3.96e-11     2s
  40  -4.50800945e-03 -4.50960876e-03  1.85e-10 3.41e-12  1.02e-11     2s
  41  -4.50811446e-03 -4.50907670e-03  1.43e-10 2.71e-12  6.13e-12     2s
  42  -4.50835858e-03 -4.50853379e-03  4.64e-11 1.61e-12  1.15e-12     2s
  43  -4.50836697e-03 -4.50839973e-03  2.31e-11 1.24e-11  3.26e-13     3s
  44  -4.50837212e-03 -4.50838107e-03  1.31e-11 5.01e-12  1.25e-13     3s

Barrier solved model in 44 iterations and 2.54 seconds (2.88 work units)
Optimal objective -4.50837212e-03

Crossover time: 0.55 seconds (0.83 work units)

Root relaxation: objective -4.507600e-03, 29118 iterations, 2.17 seconds (2.74 work units)

    Nodes    |    Current Node    |     Objective Bounds      |     Work
 Expl Unexpl |  Obj  Depth IntInf | Incumbent    BestBd   Gap | It/Node Time

     0     0   -0.00451    0  615   -0.00060   -0.00451   649%     -    3s
H    0     0                      -0.0013138   -0.00451   243%     -    3s
H    0     0                      -0.0013907   -0.00451   224%     -    3s
H    0     0                      -0.0025797   -0.00451  74.7%     -    4s
H    0     0                      -0.0027131   -0.00451  66.1%     -    4s

Explored 1 nodes (29118 simplex iterations) in 4.34 seconds (4.07 work units)
Thread count was 1 (of 16 available processors)

Solution count 3: -0.00271315 -0.00139069 -0.000601958 

Solve interrupted
Best objective -2.713147879711e-03, best bound -4.507599560854e-03, gap 66.1391%

User-callback calls 928, time in user-callback 1.20 sec
