
Gurobi 13.0.2 (win64) logging started Tue Oct  6 11:21:33 2026

Set parameter LogFile to value "docs/v42_m_stage_exact_completion/logs/PRICE_0159_MESS03.log"
Gurobi Optimizer version 13.0.2 build v13.0.2rc1 (win64 - Windows 11+.0 (26200.2))

CPU model: 13th Gen Intel(R) Core(TM) i7-13620H, instruction set [SSE2|AVX|AVX2]
Thread count: 10 physical cores, 16 logical processors, using up to 1 threads

Non-default parameters:
TimeLimit  20
FeasibilityTol  1e-08
IntFeasTol  1e-08
MIPGap  0
MIPGapAbs  0
OptimalityTol  1e-08
Method  2
Crossover  2
DegenMoves  0
MIPFocus  3
NodeMethod  1
CutPasses  1
LogToConsole  0
Seed  20260929
Threads  1

Optimize a model with 51596 rows, 58976 columns and 315361 nonzeros (Min)
Model fingerprint: 0xe8b14604
Model has 4533 linear objective coefficients and an objective constant of 1.0845445691821162e-02
Variable types: 6814 continuous, 52162 integer (52162 binary)
Coefficient statistics:
  Matrix range     [2e-01, 4e+02]
  Objective range  [4e-14, 8e-06]
  Bounds range     [1e+00, 1e+03]
  RHS range        [1e+00, 8e+02]

Loaded user MIP start with objective -0.000743158

Presolve removed 8958 rows and 2 columns
Presolve time: 0.57s
Presolved: 42638 rows, 58974 columns, 292967 nonzeros
Variable types: 6812 continuous, 52162 integer (52162 binary)
Root relaxation presolve removed 3 rows and 2 columns
Root relaxation presolved: 42635 rows, 58972 columns, 292915 nonzeros

Root barrier log...

Ordering time: 0.04s

Barrier statistics:
 AA' NZ     : 6.006e+05
 Factor NZ  : 1.080e+06 (roughly 50 MB of memory)
 Factor Ops : 6.927e+07 (less than 1 second per iteration)
 Threads    : 1

                  Objective                Residual
Iter       Primal          Dual         Primal    Dual     Compl     Time
   0   1.75645397e-02 -3.45219715e+04  1.80e+04 1.23e-04  3.80e+00     1s
   1  -3.87861915e-02 -2.93372156e+04  2.38e+03 2.53e-03  5.43e-01     1s
   2   8.05069376e-02 -8.95721323e+03  3.44e+02 9.85e-05  9.27e-02     1s
   3  -8.88135635e-03 -2.39567049e+03  7.54e+01 2.30e-15  2.20e-02     1s
   4  -5.22255965e-02 -1.90047677e+03  3.93e+01 2.58e-15  1.58e-02     1s
   5  -6.69923379e-02 -1.45951124e+03  2.45e+01 2.20e-15  1.20e-02     1s
   6  -6.95786217e-02 -1.16393370e+03  1.69e+01 3.55e-15  9.56e-03     1s
   7  -3.55562350e-02 -1.02369700e+03  1.25e+01 4.42e-15  8.25e-03     1s
   8   1.19462564e-02 -3.22643419e+02  3.22e+00 3.37e-15  2.54e-03     1s
   9   1.52625761e-02 -1.28410380e+02  3.77e-01 2.81e-15  8.69e-04     1s
  10   1.54824897e-02 -2.54333242e+01  3.35e-02 2.28e-15  1.63e-04     1s
  11   1.40401582e-02 -2.09885552e+00  3.95e-12 1.75e-15  1.34e-05     1s
  12   7.73519160e-03 -3.92474719e-01  4.81e-12 2.76e-16  2.53e-06     1s
  13   7.73317401e-03 -2.95200101e-01  5.07e-12 2.08e-16  1.92e-06     1s
  14   4.77838465e-03 -1.42483142e-01  8.57e-12 1.02e-16  9.31e-07     1s
  15   1.75534507e-03 -9.74512125e-02  7.44e-12 7.13e-17  6.27e-07     1s
  16  -2.41512945e-04 -5.78398883e-02  5.10e-12 4.23e-17  3.64e-07     2s
  17  -1.76173648e-03 -3.56237214e-02  5.45e-12 2.42e-17  2.14e-07     2s
  18  -2.94487563e-03 -2.74042073e-02  7.59e-12 1.92e-17  1.55e-07     2s
  19  -3.22131189e-03 -2.55501233e-02  9.04e-12 1.76e-17  1.41e-07     2s
  20  -3.50317976e-03 -2.26819748e-02  1.02e-11 1.62e-17  1.21e-07     2s
  21  -3.83842011e-03 -1.63567252e-02  1.75e-11 8.72e-18  7.92e-08     2s
  22  -4.03732309e-03 -1.13692024e-02  1.09e-11 5.97e-18  4.64e-08     2s
  23  -4.16398264e-03 -8.17412679e-03  1.12e-11 4.23e-18  2.54e-08     2s
  24  -4.26403803e-03 -7.47986810e-03  1.17e-11 4.06e-18  2.03e-08     2s
  25  -4.31523383e-03 -6.84870103e-03  9.80e-12 3.84e-18  1.60e-08     2s
  26  -4.36869124e-03 -6.03408091e-03  1.95e-11 3.65e-18  1.05e-08     2s
  27  -4.41931191e-03 -5.88802898e-03  3.10e-11 3.88e-18  9.29e-09     2s
  28  -4.45143276e-03 -5.68002831e-03  2.85e-11 4.56e-18  7.77e-09     2s
  29  -4.46234359e-03 -5.64850344e-03  2.21e-11 4.67e-18  7.50e-09     2s
  30  -4.49582973e-03 -5.41462203e-03  1.91e-11 4.56e-18  5.81e-09     2s
  31  -4.50967195e-03 -5.28943381e-03  1.85e-11 4.29e-18  4.93e-09     2s
  32  -4.52853908e-03 -5.21515411e-03  1.72e-11 4.67e-18  4.34e-09     2s
  33  -4.53380300e-03 -5.16198601e-03  1.69e-11 4.89e-18  3.97e-09     2s
  34  -4.55973572e-03 -5.06270473e-03  2.77e-11 5.30e-18  3.18e-09     2s
  35  -4.56870876e-03 -4.99086875e-03  2.92e-11 4.83e-18  2.67e-09     2s
  36  -4.59728525e-03 -4.95332324e-03  2.55e-11 5.11e-18  2.25e-09     2s
  37  -4.62544542e-03 -4.82871434e-03  3.00e-11 4.50e-18  1.29e-09     2s
  38  -4.63541059e-03 -4.78704469e-03  2.27e-11 4.04e-18  9.59e-10     2s
  39  -4.64554683e-03 -4.75398545e-03  2.48e-11 3.32e-18  6.86e-10     2s
  40  -4.65306636e-03 -4.73350878e-03  1.42e-11 3.57e-18  5.09e-10     2s
  41  -4.65455188e-03 -4.71096242e-03  8.43e-12 3.29e-18  3.57e-10     2s
  42  -4.65574421e-03 -4.70049020e-03  8.41e-12 4.08e-18  2.83e-10     2s
  43  -4.66217816e-03 -4.69815648e-03  1.89e-11 3.71e-18  2.27e-10     2s
  44  -4.66423279e-03 -4.68857869e-03  1.84e-11 3.90e-18  1.54e-10     2s
  45  -4.66674355e-03 -4.68031199e-03  2.73e-11 5.28e-12  8.59e-11     2s
  46  -4.66904240e-03 -4.67384636e-03  6.51e-11 6.08e-12  3.05e-11     2s
  47  -4.66925007e-03 -4.67007666e-03  4.02e-11 5.42e-12  5.33e-12     2s
  48  -4.66961682e-03 -4.66964342e-03  3.14e-11 1.21e-12  1.99e-13     2s
  49  -4.66962621e-03 -4.66962624e-03  4.96e-13 2.78e-14  6.75e-16     2s

Barrier solved model in 49 iterations and 2.38 seconds (3.06 work units)
Optimal objective -4.66962621e-03

Crossover time: 0.30 seconds (0.45 work units)

Root relaxation: objective -4.669626e-03, 18014 iterations, 1.86 seconds (2.54 work units)

    Nodes    |    Current Node    |     Objective Bounds      |     Work
 Expl Unexpl |  Obj  Depth IntInf | Incumbent    BestBd   Gap | It/Node Time

     0     0   -0.00467    0  508   -0.00074   -0.00467   528%     -    2s
H    0     0                      -0.0009871   -0.00467   373%     -    3s
H    0     0                      -0.0010358   -0.00467   351%     -    3s
H    0     0                      -0.0014094   -0.00467   231%     -    3s
H    0     0                      -0.0023660   -0.00467  97.4%     -    4s

Explored 1 nodes (18014 simplex iterations) in 4.20 seconds (4.33 work units)
Thread count was 1 (of 16 available processors)

Solution count 4: -0.00236597 -0.00140945 -0.00103576 -0.000743158 

Solve interrupted
Best objective -2.365973400586e-03, best bound -4.669626219835e-03, gap 97.3660%

User-callback calls 1065, time in user-callback 1.09 sec
