
Gurobi 13.0.2 (win64) logging started Tue Oct  6 11:16:38 2026

Set parameter LogFile to value "docs/v42_m_stage_exact_completion/logs/PRICE_0147_MESS03.log"
Gurobi Optimizer version 13.0.2 build v13.0.2rc1 (win64 - Windows 11+.0 (26200.2))

CPU model: 13th Gen Intel(R) Core(TM) i7-13620H, instruction set [SSE2|AVX|AVX2]
Thread count: 10 physical cores, 16 logical processors, using up to 1 threads

Non-default parameters:
TimeLimit  120
FeasibilityTol  1e-08
IntFeasTol  1e-08
MIPGap  0
MIPGapAbs  0
OptimalityTol  1e-08
Method  2
Crossover  2
DegenMoves  0
MIPFocus  3
NodeMethod  1
CutPasses  1
LogToConsole  0
Seed  20260929
Threads  1

Optimize a model with 51596 rows, 58976 columns and 315361 nonzeros (Min)
Model fingerprint: 0x88bbf9a4
Model has 2520 linear objective coefficients and an objective constant of 1.1661091929536767e-02
Variable types: 6814 continuous, 52162 integer (52162 binary)
Coefficient statistics:
  Matrix range     [2e-01, 4e+02]
  Objective range  [6e-13, 1e-05]
  Bounds range     [1e+00, 1e+03]
  RHS range        [1e+00, 8e+02]

Loaded user MIP start with objective 2.01228e-16

Presolve removed 8958 rows and 2 columns
Presolve time: 0.58s
Presolved: 42638 rows, 58974 columns, 292967 nonzeros
Variable types: 6812 continuous, 52162 integer (52162 binary)
Root relaxation presolve removed 3 rows and 2 columns
Root relaxation presolved: 42635 rows, 58972 columns, 292915 nonzeros

Root barrier log...

Ordering time: 0.04s

Barrier statistics:
 AA' NZ     : 6.006e+05
 Factor NZ  : 1.080e+06 (roughly 50 MB of memory)
 Factor Ops : 6.927e+07 (less than 1 second per iteration)
 Threads    : 1

                  Objective                Residual
Iter       Primal          Dual         Primal    Dual     Compl     Time
   0  -2.84166626e-04 -3.45219704e+04  1.80e+04 1.53e-04  3.80e+00     1s
   1  -4.02737352e-02 -2.93377954e+04  2.38e+03 2.53e-03  5.43e-01     1s
   2   8.10352571e-02 -8.95773725e+03  3.44e+02 9.85e-05  9.27e-02     1s
   3  -7.99068995e-03 -2.39495540e+03  7.54e+01 2.08e-15  2.20e-02     1s
   4  -5.13930596e-02 -1.89971698e+03  3.93e+01 1.96e-15  1.58e-02     1s
   5  -6.62676659e-02 -1.45859323e+03  2.45e+01 2.45e-15  1.20e-02     1s
   6  -6.89451759e-02 -1.16326894e+03  1.69e+01 3.54e-15  9.56e-03     1s
   7  -3.48308367e-02 -1.02321819e+03  1.25e+01 3.77e-15  8.24e-03     1s
   8   1.24631805e-02 -3.22506276e+02  3.22e+00 3.43e-15  2.54e-03     1s
   9   1.59728727e-02 -1.28073658e+02  3.77e-01 3.35e-15  8.67e-04     1s
  10   1.61979210e-02 -2.53755369e+01  3.30e-02 2.34e-15  1.63e-04     1s
  11   1.46373973e-02 -2.49660983e+00  7.28e-05 1.71e-15  1.59e-05     1s
  12   7.95966796e-03 -8.65512068e-01  2.21e-05 5.21e-16  5.52e-06     1s
  13   8.29656090e-03 -6.69615326e-01  1.82e-05 3.95e-16  4.29e-06     1s
  14   3.83894876e-03 -2.55214859e-01  3.72e-06 1.54e-16  1.64e-06     1s
  15   1.53062656e-03 -1.61601998e-01  1.93e-06 8.89e-17  1.03e-06     1s
  16  -1.91884425e-03 -1.22621541e-01  7.82e-07 7.27e-17  7.63e-07     1s
  17  -4.15326676e-03 -8.36172682e-02  3.38e-07 4.83e-17  5.02e-07     1s
  18  -5.47459158e-03 -6.22233158e-02  1.56e-07 3.55e-17  3.59e-07     1s
  19  -5.79248434e-03 -5.03191127e-02  1.23e-07 2.64e-17  2.82e-07     1s
  20  -6.29439926e-03 -4.68480716e-02  7.85e-08 2.62e-17  2.56e-07     1s
  21  -6.52051123e-03 -3.71851930e-02  5.87e-08 1.80e-17  1.94e-07     1s
  22  -6.64149733e-03 -3.57911190e-02  5.01e-08 1.94e-17  1.84e-07     1s
  23  -6.76635221e-03 -3.00670154e-02  4.03e-08 1.57e-17  1.47e-07     1s
  24  -7.00294981e-03 -2.16952898e-02  2.36e-08 1.10e-17  9.29e-08     2s
  25  -7.31278822e-03 -1.97431622e-02  8.05e-09 9.59e-18  7.86e-08     2s
  26  -7.40579772e-03 -1.54034802e-02  5.19e-09 5.81e-18  5.06e-08     2s
  27  -7.50986648e-03 -1.28384756e-02  3.47e-09 4.36e-18  3.37e-08     2s
  28  -7.72387680e-03 -1.01949594e-02  9.51e-10 3.24e-18  1.56e-08     2s
  29  -7.84236094e-03 -9.09214262e-03  1.78e-10 3.73e-18  7.90e-09     2s
  30  -7.89183859e-03 -8.67724031e-03  3.45e-11 3.88e-18  4.97e-09     2s
  31  -7.90600786e-03 -8.36356369e-03  1.70e-11 3.43e-18  2.89e-09     2s
  32  -7.91852218e-03 -8.09677738e-03  1.93e-11 3.34e-18  1.13e-09     2s
  33  -7.92490563e-03 -7.95598479e-03  1.90e-11 3.02e-18  1.96e-10     2s
  34  -7.92635578e-03 -7.93974372e-03  7.31e-11 3.17e-18  8.46e-11     2s
  35  -7.92683725e-03 -7.93471886e-03  3.62e-11 7.10e-13  4.98e-11     2s
  36  -7.92721315e-03 -7.93146379e-03  2.53e-11 1.37e-12  2.69e-11     2s
  37  -7.92728966e-03 -7.92911314e-03  2.69e-11 4.17e-12  1.15e-11     2s
  38  -7.92729841e-03 -7.92817807e-03  7.68e-11 9.63e-12  5.58e-12     2s
  39  -7.92732278e-03 -7.92768362e-03  2.98e-11 1.10e-11  2.31e-12     2s
  40  -7.92734365e-03 -7.92738191e-03  5.14e-12 6.74e-12  2.61e-13     2s
  41  -7.92734952e-03 -7.92735056e-03  1.14e-12 2.16e-12  1.03e-14     2s

Barrier solved model in 41 iterations and 1.99 seconds (2.79 work units)
Optimal objective -7.92734952e-03

Crossover time: 0.62 seconds (0.91 work units)

Root relaxation: objective -7.927350e-03, 38929 iterations, 1.96 seconds (2.73 work units)

    Nodes    |    Current Node    |     Objective Bounds      |     Work
 Expl Unexpl |  Obj  Depth IntInf | Incumbent    BestBd   Gap | It/Node Time

     0     0   -0.00793    0 1341    0.00000   -0.00793      -     -    2s
H    0     0                      -0.0038536   -0.00793   106%     -    2s
H    0     0                      -0.0044090   -0.00793  79.8%     -    3s
H    0     0                      -0.0044624   -0.00793  77.6%     -    3s
H    0     0                      -0.0049830   -0.00793  59.1%     -    3s
H    0     0                      -0.0051159   -0.00793  55.0%     -    3s
H    0     0                      -0.0051598   -0.00793  53.6%     -    3s
     0     0   -0.00792    0 1109   -0.00516   -0.00792  53.5%     -    7s
H    0     0                      -0.0051758   -0.00791  52.9%     -    9s
H    0     0                      -0.0051777   -0.00791  52.8%     -    9s
     0     0   -0.00791    0 1240   -0.00518   -0.00791  52.8%     -   15s
     0     0   -0.00791    0 1011   -0.00518   -0.00791  52.8%     -   18s
     0     2   -0.00791    0 1011   -0.00518   -0.00791  52.8%     -   20s
H    1     1                      -0.0054079   -0.00791  46.3%   0.0   22s
H    1     1                      -0.0054413   -0.00791  45.4%   0.0   22s
     5     7   -0.00770    3  909   -0.00544   -0.00770  41.5%   488   25s
    12    14   -0.00748    6  783   -0.00544   -0.00748  37.5%   717   30s
    22    24   -0.00732    5  839   -0.00544   -0.00732  34.6%   674   35s
    30    32   -0.00665    4  800   -0.00544   -0.00720  32.4%   706   40s
H   37    37                      -0.0054480   -0.00702  28.8%   665   43s
H   37    37                      -0.0054481   -0.00702  28.8%   665   43s
    40    39   -0.00593    4  803   -0.00545   -0.00696  27.7%   725   45s
H   45    40                      -0.0054589   -0.00685  25.4%   735   48s
    50    43     cutoff    5        -0.00546   -0.00677  24.1%   794   50s
    68    49   -0.00558    9  759   -0.00546   -0.00646  18.3%   766   55s
H   74    32                      -0.0056871   -0.00625  9.94%   811   59s
H   74    30                      -0.0057108   -0.00625  9.49%   811   59s
H   74    30                      -0.0057184   -0.00625  9.34%   811   59s
    77    30     cutoff    7        -0.00572   -0.00612  7.01%   831   60s
    94    18   -0.00596    8  738   -0.00572   -0.00598  4.57%   800   65s
   114     8   -0.00572    9  617   -0.00572   -0.00573  0.25%   769   70s
   120    10     cutoff   12        -0.00572   -0.00573  0.25%   794   75s
   127    17   -0.00573   18  394   -0.00572   -0.00573  0.25%   782   80s
H  129    12                      -0.0057228   -0.00573  0.17%   777   82s
H  129    12                      -0.0057229   -0.00573  0.17%   777   82s
   136    20   -0.00573    0 1109   -0.00572   -0.00573  0.17%   778   95s
   138    21   -0.00573    0 1350   -0.00572   -0.00573  0.17%   767  107s
   139    22   -0.00573    0  205   -0.00572   -0.00573  0.17%   761  110s
H  139    20                      -0.0057290   -0.00573  0.06%   761  111s
   142    24   -0.00573   17  287   -0.00573   -0.00573  0.06%  1032  115s
H  147    24                      -0.0057313   -0.00573  0.03%  1013  119s
H  147    23                      -0.0057325   -0.00573  0.00%  1013  119s

Cutting planes:
  Lift-and-project: 5
  MIR: 170
  Flow cover: 28
  RLT: 277
  Relax-and-lift: 1
  BQP: 116

Explored 148 nodes (231641 simplex iterations) in 120.01 seconds (212.38 work units)
Thread count was 1 (of 16 available processors)

Solution count 10: -0.00573245 -0.00572902 -0.00572287 ... -0.00544813

Time limit reached
Best objective -5.732450252749e-03, best bound -5.732717220114e-03, gap 0.0047%

User-callback calls 23100, time in user-callback 0.65 sec
Set parameter Threads to value 1
Set parameter Method to value 2
Set parameter NodeMethod to value 1
Set parameter Crossover to value 2
Set parameter DegenMoves to value 0
Set parameter CutPasses to value 1
Set parameter MIPFocus to value 3
Set parameter MIPGap to value 0
Set parameter MIPGapAbs to value 0
Set parameter FeasibilityTol to value 1e-08
Set parameter IntFeasTol to value 1e-08
Set parameter OptimalityTol to value 1e-08
Set parameter Seed to value 20260929
Set parameter TimeLimit to value 20
