
Gurobi 13.0.2 (win64) logging started Tue Oct  6 11:02:57 2026

Set parameter LogFile to value "docs/v42_m_stage_exact_completion/logs/PRICE_0119_MESS03.log"
Gurobi Optimizer version 13.0.2 build v13.0.2rc1 (win64 - Windows 11+.0 (26200.2))

CPU model: 13th Gen Intel(R) Core(TM) i7-13620H, instruction set [SSE2|AVX|AVX2]
Thread count: 10 physical cores, 16 logical processors, using up to 1 threads

Non-default parameters:
TimeLimit  20
FeasibilityTol  1e-08
IntFeasTol  1e-08
MIPGap  0
MIPGapAbs  0
OptimalityTol  1e-08
Method  2
Crossover  2
DegenMoves  0
MIPFocus  3
NodeMethod  1
CutPasses  1
LogToConsole  0
Seed  20260929
Threads  1

Optimize a model with 51596 rows, 58976 columns and 315361 nonzeros (Min)
Model fingerprint: 0xe95c35d3
Model has 4539 linear objective coefficients and an objective constant of 0.0100758083029769
Variable types: 6814 continuous, 52162 integer (52162 binary)
Coefficient statistics:
  Matrix range     [2e-01, 4e+02]
  Objective range  [1e-13, 7e-06]
  Bounds range     [1e+00, 1e+03]
  RHS range        [1e+00, 8e+02]

Loaded user MIP start with objective -0.00204505

Presolve removed 8958 rows and 2 columns
Presolve time: 0.59s
Presolved: 42638 rows, 58974 columns, 292967 nonzeros
Variable types: 6812 continuous, 52162 integer (52162 binary)
Root relaxation presolve removed 3 rows and 2 columns
Root relaxation presolved: 42635 rows, 58972 columns, 292915 nonzeros

Root barrier log...

Ordering time: 0.04s

Barrier statistics:
 AA' NZ     : 6.006e+05
 Factor NZ  : 1.080e+06 (roughly 50 MB of memory)
 Factor Ops : 6.927e+07 (less than 1 second per iteration)
 Threads    : 1

                  Objective                Residual
Iter       Primal          Dual         Primal    Dual     Compl     Time
   0   2.26787039e-02 -3.45219718e+04  1.80e+04 1.14e-04  3.80e+00     1s
   1  -3.87806450e-02 -2.93369752e+04  2.38e+03 2.53e-03  5.43e-01     1s
   2   7.97644192e-02 -8.95699042e+03  3.44e+02 9.85e-05  9.27e-02     1s
   3  -9.70443996e-03 -2.39532459e+03  7.54e+01 2.17e-15  2.20e-02     1s
   4  -5.30428961e-02 -1.90004236e+03  3.93e+01 2.03e-15  1.58e-02     1s
   5  -6.77899081e-02 -1.45898628e+03  2.45e+01 2.37e-15  1.20e-02     1s
   6  -7.03430323e-02 -1.16354351e+03  1.69e+01 3.39e-15  9.56e-03     1s
   7  -3.62465050e-02 -1.02341681e+03  1.25e+01 3.54e-15  8.24e-03     1s
   8   1.12389560e-02 -3.22525181e+02  3.21e+00 3.51e-15  2.54e-03     1s
   9   1.45276205e-02 -1.28048242e+02  3.76e-01 3.47e-15  8.66e-04     1s
  10   1.47386248e-02 -2.53989036e+01  3.28e-02 2.64e-15  1.63e-04     1s
  11   1.33109912e-02 -2.09415362e+00  7.94e-12 2.03e-15  1.33e-05     1s
  12   7.01950027e-03 -3.64596222e-01  7.79e-12 2.56e-16  2.35e-06     1s
  13   6.85573830e-03 -2.49004332e-01  7.95e-12 1.77e-16  1.62e-06     1s
  14   3.53169070e-03 -1.27101886e-01  7.12e-12 9.15e-17  8.26e-07     2s
  15   2.48817951e-03 -9.00209502e-02  5.36e-12 6.19e-17  5.85e-07     2s
  16   2.22471383e-04 -6.31219508e-02  8.23e-12 4.61e-17  4.01e-07     2s
  17  -2.14829829e-03 -4.20768737e-02  5.19e-12 3.16e-17  2.52e-07     2s
  18  -2.69666629e-03 -3.72959998e-02  4.15e-12 2.83e-17  2.19e-07     2s
  19  -3.15701634e-03 -2.55952979e-02  5.43e-12 1.93e-17  1.42e-07     2s
  20  -3.99176731e-03 -1.96080153e-02  1.88e-11 1.28e-17  9.87e-08     2s
  21  -4.15492342e-03 -1.31599325e-02  1.12e-11 6.94e-18  5.69e-08     2s
  22  -4.35589568e-03 -1.01960770e-02  1.24e-11 5.62e-18  3.69e-08     2s
  23  -4.41852357e-03 -8.34871029e-03  1.06e-11 4.07e-18  2.49e-08     2s
  24  -4.55886995e-03 -7.52494255e-03  1.15e-11 4.64e-18  1.88e-08     2s
  25  -4.62842095e-03 -6.67339426e-03  9.46e-12 3.46e-18  1.29e-08     2s
  26  -4.70995812e-03 -6.18767881e-03  1.11e-11 3.41e-18  9.34e-09     2s
  27  -4.71632572e-03 -5.80874224e-03  1.04e-11 3.62e-18  6.91e-09     2s
  28  -4.76475497e-03 -5.71687762e-03  1.16e-11 4.25e-18  6.02e-09     2s
  29  -4.79998316e-03 -5.64513273e-03  8.18e-12 4.85e-18  5.34e-09     2s
  30  -4.80606121e-03 -5.49800464e-03  8.02e-12 4.03e-18  4.38e-09     2s
  31  -4.84186356e-03 -5.39995629e-03  1.57e-11 4.31e-18  3.53e-09     2s
  32  -4.85282571e-03 -5.27634238e-03  1.89e-11 4.27e-18  2.68e-09     2s
  33  -4.88120949e-03 -5.22903642e-03  1.95e-11 4.05e-18  2.20e-09     2s
  34  -4.90952649e-03 -5.15095342e-03  1.96e-11 3.86e-18  1.53e-09     2s
  35  -4.91979911e-03 -5.10050998e-03  1.19e-11 3.56e-18  1.14e-09     2s
  36  -4.92501398e-03 -5.04812094e-03  2.27e-11 2.87e-18  7.78e-10     2s
  37  -4.92698322e-03 -5.04449788e-03  1.82e-11 4.50e-18  7.43e-10     2s
  38  -4.93149997e-03 -5.03345346e-03  1.34e-11 3.52e-18  6.45e-10     2s
  39  -4.93217425e-03 -5.02606407e-03  1.33e-11 3.90e-18  5.94e-10     2s
  40  -4.93519765e-03 -5.00903514e-03  1.37e-11 7.11e-13  4.67e-10     2s
  41  -4.94480421e-03 -4.98622952e-03  3.60e-11 1.87e-12  2.62e-10     2s
  42  -4.94883047e-03 -4.97055437e-03  3.49e-11 1.74e-12  1.37e-10     2s
  43  -4.95187053e-03 -4.96363825e-03  4.68e-11 1.47e-12  7.45e-11     2s
  44  -4.95296019e-03 -4.95894015e-03  3.51e-11 1.47e-12  3.79e-11     2s
  45  -4.95371483e-03 -4.95660292e-03  2.57e-11 1.57e-12  1.84e-11     2s
  46  -4.95427743e-03 -4.95452979e-03  5.67e-11 6.04e-12  1.69e-12     2s
  47  -4.95430782e-03 -4.95433587e-03  2.66e-11 3.30e-12  2.21e-13     2s
  48  -4.95431903e-03 -4.95433396e-03  6.66e-11 4.22e-13  1.01e-13     2s
  49  -4.95433269e-03 -4.95433290e-03  2.21e-11 4.71e-13  7.78e-15     2s

Barrier solved model in 49 iterations and 2.49 seconds (3.07 work units)
Optimal objective -4.95433269e-03

Crossover time: 0.43 seconds (0.73 work units)

Root relaxation: objective -4.954037e-03, 26652 iterations, 2.06 seconds (2.82 work units)

    Nodes    |    Current Node    |     Objective Bounds      |     Work
 Expl Unexpl |  Obj  Depth IntInf | Incumbent    BestBd   Gap | It/Node Time

     0     0   -0.00495    0  487   -0.00205   -0.00495   142%     -    2s
H    0     0                      -0.0022340   -0.00495   122%     -    3s
H    0     0                      -0.0022590   -0.00495   119%     -    4s
H    0     0                      -0.0022904   -0.00495   116%     -    4s
H    0     0                      -0.0022992   -0.00495   115%     -    4s
H    0     0                      -0.0023169   -0.00495   114%     -    4s
H    0     0                      -0.0023291   -0.00495   113%     -    5s
H    0     0                      -0.0023532   -0.00495   111%     -    5s
     0     0   -0.00491    0  423   -0.00235   -0.00491   109%     -    7s
     0     2   -0.00491    0  423   -0.00235   -0.00491   109%     -    8s
     1     3   -0.00422    1  419   -0.00235   -0.00491   109%   324   10s
    10    12   -0.00460    5  221   -0.00235   -0.00474   102%   873   15s

Cutting planes:
  MIR: 137
  Flow cover: 239
  BQP: 52

Explored 18 nodes (45852 simplex iterations) in 20.22 seconds (36.77 work units)
Thread count was 1 (of 16 available processors)

Solution count 7: -0.00235315 -0.00231685 -0.00229924 ... -0.00204505

Time limit reached
Best objective -2.353152902872e-03, best bound -4.670809462927e-03, gap 98.4915%

User-callback calls 4986, time in user-callback 1.61 sec
