
Gurobi 13.0.2 (win64) logging started Tue Oct  6 11:21:33 2026

Set parameter LogFile to value "docs/v42_m_stage_exact_completion/logs/PRICE_0158_MESS02.log"
Gurobi Optimizer version 13.0.2 build v13.0.2rc1 (win64 - Windows 11+.0 (26200.2))

CPU model: 13th Gen Intel(R) Core(TM) i7-13620H, instruction set [SSE2|AVX|AVX2]
Thread count: 10 physical cores, 16 logical processors, using up to 1 threads

Non-default parameters:
TimeLimit  20
FeasibilityTol  1e-08
IntFeasTol  1e-08
MIPGap  0
MIPGapAbs  0
OptimalityTol  1e-08
Method  2
Crossover  2
DegenMoves  0
MIPFocus  3
NodeMethod  1
CutPasses  1
LogToConsole  0
Seed  20260929
Threads  1

Optimize a model with 51527 rows, 58895 columns and 314932 nonzeros (Min)
Model fingerprint: 0xee12e0f9
Model has 4533 linear objective coefficients and an objective constant of 1.0766803922704595e-02
Variable types: 6805 continuous, 52090 integer (52090 binary)
Coefficient statistics:
  Matrix range     [2e-01, 4e+02]
  Objective range  [4e-14, 8e-06]
  Bounds range     [1e+00, 1e+03]
  RHS range        [1e+00, 8e+02]

Loaded user MIP start with objective -0.000361732

Presolve removed 8946 rows and 2 columns
Presolve time: 0.57s
Presolved: 42581 rows, 58893 columns, 292568 nonzeros
Variable types: 6803 continuous, 52090 integer (52090 binary)
Root relaxation presolve removed 1 rows and 1 columns
Root relaxation presolved: 42580 rows, 58892 columns, 292566 nonzeros

Root barrier log...

Ordering time: 0.04s

Barrier statistics:
 AA' NZ     : 5.996e+05
 Factor NZ  : 1.096e+06 (roughly 50 MB of memory)
 Factor Ops : 7.451e+07 (less than 1 second per iteration)
 Threads    : 1

                  Objective                Residual
Iter       Primal          Dual         Primal    Dual     Compl     Time
   0   1.74554838e-02 -3.44919791e+04  1.80e+04 1.23e-04  3.80e+00     1s
   1  -3.19078168e-02 -2.94156106e+04  2.54e+03 3.23e-03  5.75e-01     1s
   2   7.38023498e-02 -1.16582417e+04  4.08e+02 2.75e-04  1.20e-01     1s
   3   2.32404690e-02 -2.59575288e+03  1.04e+02 2.50e-15  2.60e-02     1s
   4  -1.82041079e-02 -2.37310007e+03  6.64e+01 2.61e-15  2.12e-02     1s
   5  -4.03707091e-02 -2.15232479e+03  4.89e+01 2.79e-15  1.83e-02     1s
   6  -6.36455962e-02 -1.85088212e+03  3.12e+01 2.65e-15  1.49e-02     1s
   7  -7.44545400e-02 -1.60917093e+03  2.22e+01 2.75e-15  1.28e-02     1s
   8  -7.84137001e-02 -1.42190930e+03  1.74e+01 2.87e-15  1.13e-02     1s
   9  -7.63746960e-02 -1.24696935e+03  1.43e+01 2.87e-15  1.01e-02     1s
  10  -7.09677378e-02 -1.21536996e+03  1.30e+01 2.75e-15  9.57e-03     1s
  11  -1.47428239e-02 -1.02933027e+03  8.75e+00 3.27e-15  7.72e-03     1s
  12  -3.61792132e-03 -5.47269524e+02  5.52e+00 2.24e-15  4.27e-03     1s
  13   1.20090091e-02 -1.66748212e+02  1.41e+00 4.40e-15  1.30e-03     2s
  14   1.47226941e-02 -3.07374356e+01  2.63e-01 2.56e-15  2.28e-04     2s
  15   1.45965011e-02 -4.03848658e+00  2.50e-04 1.88e-15  2.57e-05     2s
  16   8.22749310e-03 -7.92529386e-01  1.42e-07 9.07e-16  5.07e-06     2s
  17   7.60176133e-03 -4.40326617e-01  6.09e-08 8.73e-16  2.84e-06     2s
  18   5.49861601e-03 -2.21873433e-01  2.52e-08 9.21e-16  1.44e-06     2s
  19   3.20444858e-03 -9.97924520e-02  8.83e-09 5.26e-16  6.52e-07     2s
  20   2.36971701e-03 -7.97351540e-02  6.76e-09 5.26e-16  5.20e-07     2s
  21  -1.58229063e-04 -5.69898515e-02  2.27e-09 4.93e-16  3.60e-07     2s
  22  -1.59419540e-03 -4.08821153e-02  1.23e-09 5.32e-16  2.49e-07     2s
  23  -2.63327721e-03 -3.69864790e-02  6.87e-10 5.28e-16  2.17e-07     2s
  24  -2.85095910e-03 -3.14782238e-02  5.84e-10 6.41e-16  1.81e-07     2s
  25  -3.32002129e-03 -2.62552668e-02  3.73e-10 6.71e-16  1.45e-07     2s
  26  -3.60756279e-03 -2.03329275e-02  2.59e-10 5.92e-16  1.06e-07     2s
  27  -3.82040791e-03 -1.66494963e-02  1.84e-10 5.75e-16  8.12e-08     2s
  28  -4.03073036e-03 -1.45511125e-02  1.15e-10 6.04e-16  6.66e-08     2s
  29  -4.11738525e-03 -1.32838626e-02  8.24e-11 6.41e-16  5.80e-08     2s
  30  -4.19673277e-03 -1.17795528e-02  6.55e-11 6.22e-16  4.80e-08     2s
  31  -4.26949902e-03 -1.08319551e-02  4.66e-11 6.60e-16  4.15e-08     2s
  32  -4.33613098e-03 -8.08648959e-03  3.30e-11 5.13e-16  2.37e-08     2s
  33  -4.40194673e-03 -6.93096788e-03  3.32e-11 5.48e-16  1.60e-08     2s
  34  -4.43397460e-03 -6.52075157e-03  2.90e-11 5.74e-16  1.32e-08     2s
  35  -4.44053479e-03 -6.43649409e-03  2.77e-11 6.93e-16  1.26e-08     2s
  36  -4.45640830e-03 -6.23599613e-03  2.73e-11 7.03e-16  1.13e-08     2s
  37  -4.49717559e-03 -5.90520596e-03  3.11e-11 7.51e-16  8.91e-09     2s
  38  -4.51494195e-03 -5.73707072e-03  3.10e-11 7.90e-16  7.74e-09     2s
  39  -4.53037982e-03 -5.58011617e-03  3.55e-11 7.33e-16  6.65e-09     2s
  40  -4.53639655e-03 -5.51603786e-03  3.38e-11 7.06e-16  6.20e-09     2s
  41  -4.56565530e-03 -5.40561702e-03  4.09e-11 6.51e-16  5.32e-09     2s
  42  -4.58696248e-03 -5.24303990e-03  2.61e-11 6.13e-16  4.15e-09     2s
  43  -4.60596301e-03 -5.19552159e-03  2.82e-11 7.21e-16  3.73e-09     2s
  44  -4.61789072e-03 -5.13709921e-03  2.91e-11 8.43e-16  3.29e-09     2s
  45  -4.62161494e-03 -5.11004350e-03  2.96e-11 8.77e-16  3.09e-09     2s
  46  -4.63242040e-03 -5.07597741e-03  2.24e-11 7.63e-16  2.81e-09     2s
  47  -4.65816277e-03 -4.97884283e-03  2.80e-11 6.86e-16  2.03e-09     2s
  48  -4.67837129e-03 -4.96093185e-03  3.30e-10 7.44e-16  1.79e-09     2s
  49  -4.69862783e-03 -4.88243562e-03  1.99e-10 6.46e-16  1.16e-09     3s
  50  -4.70644975e-03 -4.86751334e-03  1.61e-10 6.06e-16  1.02e-09     3s
  51  -4.71818930e-03 -4.82564594e-03  1.07e-10 5.52e-16  6.80e-10     3s
  52  -4.72774506e-03 -4.78680060e-03  7.02e-11 4.35e-16  3.74e-10     3s
  53  -4.73666981e-03 -4.77694289e-03  5.20e-11 4.75e-16  2.55e-10     3s
  54  -4.74026474e-03 -4.76562362e-03  2.75e-11 5.10e-16  1.61e-10     3s
  55  -4.74142369e-03 -4.76277489e-03  2.88e-11 2.90e-13  1.35e-10     3s
  56  -4.74408249e-03 -4.75293123e-03  6.20e-11 4.23e-12  5.61e-11     3s
  57  -4.74740204e-03 -4.74855083e-03  3.65e-11 8.90e-12  7.48e-12     3s
  58  -4.74824751e-03 -4.74829132e-03  5.99e-11 3.24e-12  3.47e-13     3s
  59  -4.74827406e-03 -4.74827400e-03  8.45e-13 9.24e-14  7.88e-16     3s

Barrier solved model in 59 iterations and 2.81 seconds (3.59 work units)
Optimal objective -4.74827406e-03

Crossover time: 0.28 seconds (0.47 work units)

Root relaxation: objective -4.748269e-03, 21111 iterations, 2.27 seconds (3.09 work units)

    Nodes    |    Current Node    |     Objective Bounds      |     Work
 Expl Unexpl |  Obj  Depth IntInf | Incumbent    BestBd   Gap | It/Node Time

     0     0   -0.00475    0  374   -0.00036   -0.00475  1213%     -    3s
H    0     0                      -0.0010456   -0.00475   354%     -    3s
H    0     0                      -0.0010756   -0.00475   341%     -    3s
H    0     0                      -0.0014776   -0.00475   221%     -    4s
H    0     0                      -0.0024523   -0.00475  93.6%     -    4s

Explored 1 nodes (21111 simplex iterations) in 4.61 seconds (4.87 work units)
Thread count was 1 (of 16 available processors)

Solution count 4: -0.0024523 -0.00147763 -0.00107564 -0.000361732 

Solve interrupted
Best objective -2.452296972191e-03, best bound -4.748268679072e-03, gap 93.6254%

User-callback calls 1164, time in user-callback 1.09 sec
