
Gurobi 13.0.2 (win64) logging started Tue Oct  6 11:27:23 2026

Set parameter LogFile to value "docs/v42_m_stage_exact_completion/logs/PRICE_0173_MESS01.log"
Gurobi Optimizer version 13.0.2 build v13.0.2rc1 (win64 - Windows 11+.0 (26200.2))

CPU model: 13th Gen Intel(R) Core(TM) i7-13620H, instruction set [SSE2|AVX|AVX2]
Thread count: 10 physical cores, 16 logical processors, using up to 1 threads

Non-default parameters:
TimeLimit  20
FeasibilityTol  1e-08
IntFeasTol  1e-08
MIPGap  0
MIPGapAbs  0
OptimalityTol  1e-08
Method  2
Crossover  2
DegenMoves  0
MIPFocus  3
NodeMethod  1
CutPasses  1
LogToConsole  0
Seed  20260929
Threads  1

Optimize a model with 51458 rows, 58814 columns and 314503 nonzeros (Min)
Model fingerprint: 0x981896f8
Model has 4535 linear objective coefficients and an objective constant of 1.0973776259397628e-02
Variable types: 6796 continuous, 52018 integer (52018 binary)
Coefficient statistics:
  Matrix range     [2e-01, 4e+02]
  Objective range  [3e-14, 7e-06]
  Bounds range     [1e+00, 1e+03]
  RHS range        [1e+00, 8e+02]

Loaded user MIP start with objective -0.000264132

Presolve removed 8934 rows and 2 columns
Presolve time: 0.64s
Presolved: 42524 rows, 58812 columns, 292169 nonzeros
Variable types: 6794 continuous, 52018 integer (52018 binary)
Root relaxation presolve removed 2 rows and 2 columns
Root relaxation presolved: 42522 rows, 58810 columns, 292165 nonzeros

Root barrier log...

Ordering time: 0.05s

Barrier statistics:
 AA' NZ     : 5.988e+05
 Factor NZ  : 1.086e+06 (roughly 50 MB of memory)
 Factor Ops : 7.173e+07 (less than 1 second per iteration)
 Threads    : 1

                  Objective                Residual
Iter       Primal          Dual         Primal    Dual     Compl     Time
   0   1.94153196e-02 -3.44328622e+04  1.80e+04 1.20e-04  3.80e+00     1s
   1  -3.82901881e-02 -2.95266161e+04  2.42e+03 3.01e-03  5.56e-01     1s
   2   8.09719006e-02 -9.26865846e+03  3.51e+02 1.56e-04  9.62e-02     1s
   3  -5.83929184e-03 -2.43493286e+03  8.38e+01 1.39e-15  2.33e-02     1s
   4  -5.16938406e-02 -1.93633543e+03  4.22e+01 1.39e-15  1.66e-02     1s
   5  -6.76083875e-02 -1.52731930e+03  2.56e+01 2.20e-15  1.26e-02     1s
   6  -7.14163873e-02 -1.20929793e+03  1.69e+01 2.40e-15  9.95e-03     1s
   7  -6.59023265e-02 -1.04170888e+03  1.38e+01 2.37e-15  8.69e-03     1s
   8  -5.04081884e-02 -9.33678909e+02  1.10e+01 2.55e-15  7.48e-03     1s
   9   9.81226349e-03 -3.84728406e+02  3.37e+00 1.92e-15  2.88e-03     2s
  10   1.36777013e-02 -1.47113275e+02  1.11e+00 2.63e-15  1.09e-03     2s
  11   1.49040731e-02 -1.01086999e+02  3.22e-01 2.33e-15  6.83e-04     2s
  12   1.51213639e-02 -1.43481934e+01  5.26e-04 2.06e-15  9.11e-05     2s
  13   1.20731406e-02 -1.94165832e+00  7.56e-10 6.02e-15  1.24e-05     2s
  14   7.46545905e-03 -4.08126443e-01  3.38e-10 3.43e-15  2.63e-06     2s
  15   4.74515996e-03 -1.50044718e-01  3.98e-11 3.53e-15  9.81e-07     2s
  16   1.33146246e-03 -9.84135428e-02  1.89e-11 3.91e-15  6.32e-07     2s
  17  -3.70648093e-04 -6.19236798e-02  1.27e-11 3.70e-15  3.90e-07     2s
  18  -2.30444189e-03 -4.85107627e-02  1.90e-11 4.03e-15  2.93e-07     2s
  19  -2.85239898e-03 -2.79603729e-02  1.00e-11 3.72e-15  1.59e-07     2s
  20  -3.32905785e-03 -2.11120467e-02  1.46e-10 3.84e-15  1.13e-07     2s
  21  -3.47996308e-03 -1.71013170e-02  1.23e-10 4.04e-15  8.63e-08     2s
  22  -3.66283376e-03 -1.45868313e-02  9.05e-11 4.35e-15  6.92e-08     2s
  23  -3.92888302e-03 -1.08621920e-02  5.74e-11 4.01e-15  4.39e-08     2s
  24  -4.11942930e-03 -8.73778614e-03  2.97e-11 4.06e-15  2.93e-08     2s
  25  -4.19966888e-03 -7.04879204e-03  1.84e-11 4.51e-15  1.81e-08     2s
  26  -4.25247089e-03 -6.19038490e-03  1.06e-11 3.93e-15  1.23e-08     2s
  27  -4.28875680e-03 -5.60287627e-03  1.07e-11 4.13e-15  8.33e-09     2s
  28  -4.31169444e-03 -5.31381865e-03  1.76e-11 3.80e-15  6.35e-09     2s
  29  -4.34586620e-03 -5.12319265e-03  1.85e-11 4.50e-15  4.93e-09     2s
  30  -4.36223794e-03 -5.02820611e-03  1.74e-11 5.14e-15  4.22e-09     2s
  31  -4.36666252e-03 -4.90947757e-03  1.83e-11 4.75e-15  3.44e-09     2s
  32  -4.38310345e-03 -4.79664425e-03  2.37e-11 4.61e-15  2.62e-09     2s
  33  -4.39572109e-03 -4.70403966e-03  4.44e-11 4.28e-15  1.95e-09     2s
  34  -4.41083520e-03 -4.65152786e-03  4.75e-11 4.27e-15  1.53e-09     2s
  35  -4.41336757e-03 -4.62963675e-03  5.53e-11 4.85e-15  1.37e-09     2s
  36  -4.41857419e-03 -4.59828240e-03  5.40e-11 4.75e-15  1.14e-09     2s
  37  -4.43461001e-03 -4.56821447e-03  4.26e-11 4.82e-15  8.47e-10     2s
  38  -4.44312629e-03 -4.56114126e-03  5.08e-11 4.84e-15  7.48e-10     2s
  39  -4.45479862e-03 -4.52188185e-03  3.35e-11 4.20e-15  4.25e-10     2s
  40  -4.46550835e-03 -4.51092948e-03  3.64e-11 4.13e-15  2.88e-10     2s
  41  -4.46916330e-03 -4.50499286e-03  2.60e-11 5.63e-15  2.27e-10     3s
  42  -4.47254388e-03 -4.49516634e-03  6.10e-11 1.38e-12  1.43e-10     3s
  43  -4.47429859e-03 -4.48951519e-03  1.10e-10 8.37e-13  9.66e-11     3s
  44  -4.47797845e-03 -4.48667148e-03  1.80e-10 1.82e-12  5.53e-11     3s
  45  -4.48140746e-03 -4.48216145e-03  2.28e-10 7.82e-12  4.87e-12     3s
  46  -4.48166685e-03 -4.48212477e-03  1.10e-10 6.93e-12  2.98e-12     3s
  47  -4.48188800e-03 -4.48203210e-03  1.05e-10 4.10e-12  9.56e-13     3s
  48  -4.48189607e-03 -4.48199449e-03  2.59e-10 2.89e-12  6.54e-13     3s
  49  -4.48190185e-03 -4.48191465e-03  1.33e-10 1.10e-11  8.58e-14     3s
  50  -4.48190323e-03 -4.48190732e-03  8.68e-11 8.57e-12  3.09e-14     3s

Barrier solved model in 50 iterations and 2.79 seconds (3.20 work units)
Optimal objective -4.48190323e-03

Crossover time: 0.78 seconds (1.40 work units)

Root relaxation: objective -4.481841e-03, 31177 iterations, 2.65 seconds (3.62 work units)

    Nodes    |    Current Node    |     Objective Bounds      |     Work
 Expl Unexpl |  Obj  Depth IntInf | Incumbent    BestBd   Gap | It/Node Time

     0     0   -0.00448    0  379   -0.00026   -0.00448  1597%     -    3s
H    0     0                      -0.0010996   -0.00448   308%     -    3s
H    0     0                      -0.0011225   -0.00448   299%     -    4s
H    0     0                      -0.0011835   -0.00448   279%     -    4s
H    0     0                      -0.0013927   -0.00448   222%     -    5s

Explored 1 nodes (31177 simplex iterations) in 5.89 seconds (6.34 work units)
Thread count was 1 (of 16 available processors)

Solution count 4: -0.00139266 -0.00118351 -0.00112251 -0.000264132 

Solve interrupted
Best objective -1.392657542153e-03, best bound -4.481840659897e-03, gap 221.8193%

User-callback calls 1426, time in user-callback 1.25 sec
