
Gurobi 13.0.2 (win64) logging started Tue Oct  6 11:07:38 2026

Set parameter LogFile to value "docs/v42_m_stage_exact_completion/logs/PRICE_0131_MESS03.log"
Gurobi Optimizer version 13.0.2 build v13.0.2rc1 (win64 - Windows 11+.0 (26200.2))

CPU model: 13th Gen Intel(R) Core(TM) i7-13620H, instruction set [SSE2|AVX|AVX2]
Thread count: 10 physical cores, 16 logical processors, using up to 1 threads

Non-default parameters:
TimeLimit  20
FeasibilityTol  1e-08
IntFeasTol  1e-08
MIPGap  0
MIPGapAbs  0
OptimalityTol  1e-08
Method  2
Crossover  2
DegenMoves  0
MIPFocus  3
NodeMethod  1
CutPasses  1
LogToConsole  0
Seed  20260929
Threads  1

Optimize a model with 51596 rows, 58976 columns and 315361 nonzeros (Min)
Model fingerprint: 0x042996b6
Model has 4537 linear objective coefficients and an objective constant of 1.0330552898396265e-02
Variable types: 6814 continuous, 52162 integer (52162 binary)
Coefficient statistics:
  Matrix range     [2e-01, 4e+02]
  Objective range  [8e-14, 7e-06]
  Bounds range     [1e+00, 1e+03]
  RHS range        [1e+00, 8e+02]

Loaded user MIP start with objective -0.00139838

Presolve removed 8958 rows and 2 columns
Presolve time: 0.60s
Presolved: 42638 rows, 58974 columns, 292967 nonzeros
Variable types: 6812 continuous, 52162 integer (52162 binary)
Root relaxation presolve removed 3 rows and 2 columns
Root relaxation presolved: 42635 rows, 58972 columns, 292915 nonzeros

Root barrier log...

Ordering time: 0.04s

Barrier statistics:
 AA' NZ     : 6.006e+05
 Factor NZ  : 1.080e+06 (roughly 50 MB of memory)
 Factor Ops : 6.927e+07 (less than 1 second per iteration)
 Threads    : 1

                  Objective                Residual
Iter       Primal          Dual         Primal    Dual     Compl     Time
   0   2.45903685e-02 -3.45219721e+04  1.80e+04 1.13e-04  3.80e+00     1s
   1  -3.83091854e-02 -2.93369588e+04  2.38e+03 2.53e-03  5.43e-01     1s
   2   8.00607360e-02 -8.95695377e+03  3.44e+02 9.85e-05  9.27e-02     1s
   3  -9.40742636e-03 -2.39553942e+03  7.54e+01 2.66e-15  2.20e-02     1s
   4  -5.27374005e-02 -1.90030063e+03  3.93e+01 2.02e-15  1.58e-02     1s
   5  -6.74805198e-02 -1.45929968e+03  2.45e+01 2.21e-15  1.20e-02     1s
   6  -7.00405872e-02 -1.16377347e+03  1.69e+01 3.36e-15  9.56e-03     1s
   7  -3.59903683e-02 -1.02358230e+03  1.25e+01 3.53e-15  8.24e-03     1s
   8   1.14897018e-02 -3.22585500e+02  3.21e+00 3.00e-15  2.54e-03     1s
   9   1.47704798e-02 -1.28225608e+02  3.77e-01 2.92e-15  8.67e-04     1s
  10   1.49863639e-02 -2.54179143e+01  3.31e-02 2.53e-15  1.63e-04     1s
  11   1.35621433e-02 -2.09222414e+00  5.18e-12 1.66e-15  1.33e-05     1s
  12   7.24549074e-03 -4.11058946e-01  6.01e-12 3.02e-16  2.65e-06     1s
  13   7.02582184e-03 -2.71696622e-01  4.48e-12 2.07e-16  1.76e-06     1s
  14   4.04615884e-03 -1.46112499e-01  5.13e-12 1.14e-16  9.49e-07     1s
  15   1.72716038e-03 -9.82137977e-02  5.02e-12 7.52e-17  6.32e-07     2s
  16  -4.90062832e-04 -6.21940814e-02  5.27e-12 4.56e-17  3.90e-07     2s
  17  -1.75048267e-03 -4.32533946e-02  6.97e-12 3.28e-17  2.62e-07     2s
  18  -2.17706317e-03 -3.84651177e-02  6.12e-12 2.64e-17  2.29e-07     2s
  19  -2.74880600e-03 -3.29348298e-02  5.57e-12 2.33e-17  1.91e-07     2s
  20  -2.85011649e-03 -3.09796241e-02  4.83e-12 2.08e-17  1.78e-07     2s
  21  -3.33773437e-03 -2.79456723e-02  1.19e-11 1.89e-17  1.56e-07     2s
  22  -3.75010532e-03 -2.19945114e-02  9.11e-12 1.53e-17  1.15e-07     2s
  23  -3.97105969e-03 -2.08225510e-02  1.32e-11 1.42e-17  1.07e-07     2s
  24  -4.14856896e-03 -1.44401771e-02  9.73e-12 9.13e-18  6.51e-08     2s
  25  -4.29427354e-03 -1.27777762e-02  1.73e-11 8.28e-18  5.36e-08     2s
  26  -4.38776481e-03 -1.09993609e-02  1.47e-11 7.33e-18  4.18e-08     2s
  27  -4.48989562e-03 -8.83154187e-03  1.39e-11 5.14e-18  2.75e-08     2s
  28  -4.53822815e-03 -7.54158809e-03  1.52e-11 4.34e-18  1.90e-08     2s
  29  -4.66977928e-03 -7.17595706e-03  2.14e-11 4.57e-18  1.58e-08     2s
  30  -4.72246451e-03 -6.43529912e-03  1.47e-11 4.28e-18  1.08e-08     2s
  31  -4.75170864e-03 -6.02654520e-03  1.84e-11 3.86e-18  8.06e-09     2s
  32  -4.77244962e-03 -5.76276727e-03  2.31e-11 4.68e-18  6.26e-09     2s
  33  -4.81649906e-03 -5.55637868e-03  3.43e-11 4.26e-18  4.68e-09     2s
  34  -4.82790024e-03 -5.47069511e-03  2.73e-11 3.72e-18  4.06e-09     2s
  35  -4.84431549e-03 -5.32390496e-03  2.87e-11 3.71e-18  3.03e-09     2s
  36  -4.86609249e-03 -5.27461456e-03  2.91e-11 4.16e-18  2.58e-09     2s
  37  -4.89128097e-03 -5.15376508e-03  3.05e-11 3.47e-18  1.66e-09     2s
  38  -4.90210949e-03 -5.08181589e-03  7.39e-11 3.57e-18  1.14e-09     2s
  39  -4.90862546e-03 -5.05727606e-03  8.37e-11 3.93e-18  9.40e-10     2s
  40  -4.91556920e-03 -5.01693341e-03  5.30e-11 3.22e-18  6.41e-10     2s
  41  -4.92155600e-03 -4.99949048e-03  6.65e-11 3.28e-18  4.93e-10     2s
  42  -4.92462821e-03 -4.98320424e-03  5.31e-11 6.06e-16  3.70e-10     2s
  43  -4.92724793e-03 -4.97932677e-03  5.83e-11 1.01e-15  3.29e-10     2s
  44  -4.92782185e-03 -4.96889722e-03  6.41e-11 4.23e-13  2.60e-10     2s
  45  -4.93196491e-03 -4.95879063e-03  4.71e-11 2.15e-12  1.70e-10     2s
  46  -4.93409483e-03 -4.95408603e-03  5.29e-11 4.66e-12  1.27e-10     2s
  47  -4.93568483e-03 -4.94756109e-03  2.94e-11 6.53e-12  7.53e-11     2s
  48  -4.93820136e-03 -4.94301852e-03  1.15e-10 6.85e-12  3.07e-11     2s
  49  -4.93873843e-03 -4.94102852e-03  1.15e-10 4.53e-12  1.47e-11     2s
  50  -4.93899857e-03 -4.94080983e-03  9.59e-11 4.07e-12  1.16e-11     2s
  51  -4.93943935e-03 -4.94000729e-03  6.02e-11 1.73e-12  3.67e-12     3s
  52  -4.93954504e-03 -4.93999277e-03  4.81e-11 1.54e-12  2.90e-12     3s
  53  -4.93987771e-03 -4.93997390e-03  8.91e-12 1.14e-12  6.63e-13     3s
  54  -4.93989979e-03 -4.93996284e-03  1.22e-11 4.46e-13  4.06e-13     3s
  55  -4.93995911e-03 -4.93996094e-03  6.20e-12 1.07e-13  1.66e-14     3s

Barrier solved model in 55 iterations and 2.62 seconds (3.30 work units)
Optimal objective -4.93995911e-03

Crossover time: 0.56 seconds (0.92 work units)

Root relaxation: objective -4.939886e-03, 31602 iterations, 2.33 seconds (3.25 work units)

    Nodes    |    Current Node    |     Objective Bounds      |     Work
 Expl Unexpl |  Obj  Depth IntInf | Incumbent    BestBd   Gap | It/Node Time

     0     0   -0.00494    0  259   -0.00140   -0.00494   253%     -    3s
H    0     0                      -0.0014996   -0.00494   229%     -    3s
H    0     0                      -0.0019069   -0.00494   159%     -    4s
H    0     0                      -0.0019121   -0.00494   158%     -    6s
H    0     0                      -0.0019350   -0.00494   155%     -    7s

Explored 1 nodes (31602 simplex iterations) in 7.44 seconds (9.07 work units)
Thread count was 1 (of 16 available processors)

Solution count 5: -0.00193501 -0.00191209 -0.0019069 ... -0.00139838

Solve interrupted
Best objective -1.935010918682e-03, best bound -4.939886374542e-03, gap 155.2898%

User-callback calls 2362, time in user-callback 1.12 sec
