
Gurobi 13.0.2 (win64) logging started Tue Oct  6 11:18:52 2026

Set parameter LogFile to value "docs/v42_m_stage_exact_completion/logs/PRICE_0150_MESS02.log"
Gurobi Optimizer version 13.0.2 build v13.0.2rc1 (win64 - Windows 11+.0 (26200.2))

CPU model: 13th Gen Intel(R) Core(TM) i7-13620H, instruction set [SSE2|AVX|AVX2]
Thread count: 10 physical cores, 16 logical processors, using up to 1 threads

Non-default parameters:
TimeLimit  20
FeasibilityTol  1e-08
IntFeasTol  1e-08
MIPGap  0
MIPGapAbs  0
OptimalityTol  1e-08
Method  2
Crossover  2
DegenMoves  0
MIPFocus  3
NodeMethod  1
CutPasses  1
LogToConsole  0
Seed  20260929
Threads  1

Optimize a model with 51527 rows, 58895 columns and 314932 nonzeros (Min)
Model fingerprint: 0xae489acb
Model has 4533 linear objective coefficients and an objective constant of 1.0617714227265467e-02
Variable types: 6805 continuous, 52090 integer (52090 binary)
Coefficient statistics:
  Matrix range     [2e-01, 4e+02]
  Objective range  [5e-14, 8e-06]
  Bounds range     [1e+00, 1e+03]
  RHS range        [1e+00, 8e+02]

Loaded user MIP start with objective -0.000631733
MIP start from previous solve produced solution with objective -0.00213513 (0.51s)
MIP start from previous solve produced solution with objective -0.00213584 (0.69s)
Loaded MIP start from previous solve with objective -0.00213584

Presolve removed 8946 rows and 2 columns
Presolve time: 0.56s
Presolved: 42581 rows, 58893 columns, 292568 nonzeros
Variable types: 6803 continuous, 52090 integer (52090 binary)
Root relaxation presolve removed 1 rows and 1 columns
Root relaxation presolved: 42580 rows, 58892 columns, 292566 nonzeros

Root barrier log...

Ordering time: 0.04s

Barrier statistics:
 AA' NZ     : 5.996e+05
 Factor NZ  : 1.096e+06 (roughly 50 MB of memory)
 Factor Ops : 7.451e+07 (less than 1 second per iteration)
 Threads    : 1

                  Objective                Residual
Iter       Primal          Dual         Primal    Dual     Compl     Time
   0   1.78514767e-02 -3.44919788e+04  1.80e+04 1.24e-04  3.80e+00     2s
   1  -3.20154308e-02 -2.94156265e+04  2.54e+03 3.23e-03  5.75e-01     2s
   2   7.37297472e-02 -1.16582877e+04  4.08e+02 2.75e-04  1.20e-01     2s
   3   2.31085218e-02 -2.59572782e+03  1.04e+02 1.49e-15  2.60e-02     2s
   4  -1.83786936e-02 -2.37308556e+03  6.64e+01 1.46e-15  2.12e-02     2s
   5  -4.05645833e-02 -2.15232866e+03  4.89e+01 1.40e-15  1.83e-02     2s
   6  -6.38593464e-02 -1.85087778e+03  3.12e+01 2.27e-15  1.49e-02     2s
   7  -7.46755080e-02 -1.60917139e+03  2.22e+01 2.08e-15  1.28e-02     2s
   8  -7.86360390e-02 -1.42191323e+03  1.74e+01 1.93e-15  1.13e-02     2s
   9  -7.65921534e-02 -1.24698011e+03  1.43e+01 2.24e-15  1.01e-02     2s
  10  -7.11811819e-02 -1.21537339e+03  1.30e+01 2.47e-15  9.57e-03     2s
  11  -1.49081938e-02 -1.02936049e+03  8.75e+00 2.80e-15  7.72e-03     2s
  12  -3.77152155e-03 -5.47278199e+02  5.52e+00 2.45e-15  4.27e-03     2s
  13   1.18662631e-02 -1.66767663e+02  1.41e+00 2.80e-15  1.30e-03     2s
  14   1.45786709e-02 -3.07393506e+01  2.63e-01 1.15e-14  2.28e-04     2s
  15   1.44527186e-02 -4.03820299e+00  2.50e-04 6.51e-15  2.57e-05     2s
  16   8.09762154e-03 -7.89760095e-01  1.41e-07 6.62e-15  5.05e-06     2s
  17   7.41111768e-03 -4.38384393e-01  5.87e-08 6.77e-15  2.82e-06     2s
  18   5.31060360e-03 -2.27736621e-01  2.40e-08 7.00e-15  1.48e-06     2s
  19   2.56133453e-03 -1.02326300e-01  8.28e-09 6.67e-15  6.64e-07     2s
  20   1.99633099e-03 -8.11651514e-02  6.82e-09 8.28e-15  5.26e-07     2s
  21  -1.08611797e-03 -6.32017009e-02  2.13e-09 8.07e-15  3.93e-07     2s
  22  -2.43905068e-03 -4.03483567e-02  1.03e-09 8.28e-15  2.40e-07     2s
  23  -2.86252262e-03 -3.20819516e-02  7.72e-10 8.15e-15  1.85e-07     2s
  24  -2.99715245e-03 -3.04836136e-02  7.02e-10 9.59e-15  1.74e-07     3s
  25  -3.35052955e-03 -2.30171902e-02  5.34e-10 1.01e-14  1.25e-07     3s
  26  -3.85767623e-03 -1.78400996e-02  2.81e-10 8.33e-15  8.85e-08     3s
  27  -4.11912057e-03 -1.38635451e-02  1.71e-10 8.07e-15  6.17e-08     3s
  28  -4.21719704e-03 -1.31877364e-02  1.36e-10 9.90e-15  5.68e-08     3s
  29  -4.29523245e-03 -1.06283653e-02  1.12e-10 1.08e-14  4.01e-08     3s
  30  -4.45304150e-03 -1.02650912e-02  7.35e-11 1.00e-14  3.68e-08     3s
  31  -4.51655462e-03 -7.75988165e-03  6.29e-11 8.17e-15  2.05e-08     3s
  32  -4.59139222e-03 -6.90943605e-03  3.34e-11 8.39e-15  1.47e-08     3s
  33  -4.63988223e-03 -6.17441361e-03  3.32e-11 8.28e-15  9.71e-09     3s
  34  -4.66633417e-03 -5.84573551e-03  2.60e-11 9.12e-15  7.47e-09     3s
  35  -4.72263136e-03 -5.58124852e-03  2.32e-11 1.00e-14  5.44e-09     3s
  36  -4.74623123e-03 -5.35847192e-03  3.06e-11 7.81e-15  3.88e-09     3s
  37  -4.77473041e-03 -5.30465154e-03  3.58e-11 9.67e-15  3.35e-09     3s
  38  -4.79906716e-03 -5.24646320e-03  1.01e-10 9.53e-15  2.83e-09     3s
  39  -4.81274754e-03 -5.18038410e-03  8.82e-11 9.56e-15  2.33e-09     3s
  40  -4.85505789e-03 -5.13524517e-03  9.14e-11 1.02e-14  1.77e-09     3s
  41  -4.86825736e-03 -5.07738901e-03  8.12e-11 9.83e-15  1.32e-09     3s
  42  -4.87686898e-03 -5.05147585e-03  7.38e-11 9.94e-15  1.11e-09     3s
  43  -4.89956924e-03 -5.02648874e-03  4.15e-11 9.97e-15  8.03e-10     3s
  44  -4.91560166e-03 -4.99507200e-03  6.03e-11 8.61e-15  5.03e-10     3s
  45  -4.92479706e-03 -4.97732917e-03  4.68e-11 1.12e-14  3.33e-10     3s
  46  -4.93426569e-03 -4.96613612e-03  5.71e-11 2.10e-14  2.02e-10     3s
  47  -4.93909516e-03 -4.96157654e-03  5.35e-11 1.17e-12  1.42e-10     3s
  48  -4.94321986e-03 -4.95078034e-03  1.81e-10 1.13e-11  4.80e-11     3s
  49  -4.94586614e-03 -4.94725100e-03  1.28e-10 8.36e-12  8.87e-12     3s
  50  -4.94638993e-03 -4.94641120e-03  1.29e-11 1.44e-12  1.54e-13     3s
  51  -4.94640369e-03 -4.94640373e-03  4.26e-13 5.86e-14  9.14e-16     3s

Barrier solved model in 51 iterations and 3.25 seconds (3.30 work units)
Optimal objective -4.94640369e-03

Crossover time: 0.33 seconds (0.57 work units)

Root relaxation: objective -4.946404e-03, 22166 iterations, 2.03 seconds (2.85 work units)

    Nodes    |    Current Node    |     Objective Bounds      |     Work
 Expl Unexpl |  Obj  Depth IntInf | Incumbent    BestBd   Gap | It/Node Time

     0     0   -0.00495    0  381   -0.00214   -0.00495   132%     -    3s
H    0     0                      -0.0021358   -0.00495   132%     -    4s

Explored 1 nodes (22166 simplex iterations) in 4.49 seconds (4.82 work units)
Thread count was 1 (of 16 available processors)

Solution count 2: -0.00213584 -0.00213584 

Solve interrupted
Best objective -2.135842229599e-03, best bound -4.946403705705e-03, gap 131.5903%

User-callback calls 1130, time in user-callback 1.13 sec
