
Gurobi 13.0.2 (win64) logging started Tue Oct  6 11:20:05 2026

Set parameter LogFile to value "docs/v42_m_stage_exact_completion/logs/PRICE_0153_MESS01.log"
Gurobi Optimizer version 13.0.2 build v13.0.2rc1 (win64 - Windows 11+.0 (26200.2))

CPU model: 13th Gen Intel(R) Core(TM) i7-13620H, instruction set [SSE2|AVX|AVX2]
Thread count: 10 physical cores, 16 logical processors, using up to 1 threads

Non-default parameters:
TimeLimit  20
FeasibilityTol  1e-08
IntFeasTol  1e-08
MIPGap  0
MIPGapAbs  0
OptimalityTol  1e-08
Method  2
Crossover  2
DegenMoves  0
MIPFocus  3
NodeMethod  1
CutPasses  1
LogToConsole  0
Seed  20260929
Threads  1

Optimize a model with 51458 rows, 58814 columns and 314503 nonzeros (Min)
Model fingerprint: 0x4c66ff92
Model has 4533 linear objective coefficients and an objective constant of 1.0673229536211691e-02
Variable types: 6796 continuous, 52018 integer (52018 binary)
Coefficient statistics:
  Matrix range     [2e-01, 4e+02]
  Objective range  [4e-14, 8e-06]
  Bounds range     [1e+00, 1e+03]
  RHS range        [1e+00, 8e+02]

Loaded user MIP start with objective -0.000704191

Presolve removed 8934 rows and 2 columns
Presolve time: 0.58s
Presolved: 42524 rows, 58812 columns, 292169 nonzeros
Variable types: 6794 continuous, 52018 integer (52018 binary)
Root relaxation presolve removed 2 rows and 2 columns
Root relaxation presolved: 42522 rows, 58810 columns, 292165 nonzeros

Root barrier log...

Ordering time: 0.04s

Barrier statistics:
 AA' NZ     : 5.988e+05
 Factor NZ  : 1.086e+06 (roughly 50 MB of memory)
 Factor Ops : 7.173e+07 (less than 1 second per iteration)
 Threads    : 1

                  Objective                Residual
Iter       Primal          Dual         Primal    Dual     Compl     Time
   0   1.78899242e-02 -3.44328608e+04  1.80e+04 1.24e-04  3.80e+00     1s
   1  -3.89759223e-02 -2.95267040e+04  2.42e+03 3.01e-03  5.56e-01     1s
   2   8.07015089e-02 -9.26878072e+03  3.51e+02 1.56e-04  9.62e-02     1s
   3  -6.28640936e-03 -2.43490404e+03  8.38e+01 1.51e-15  2.33e-02     1s
   4  -5.22256285e-02 -1.93632504e+03  4.22e+01 1.98e-15  1.66e-02     1s
   5  -6.81398019e-02 -1.52730668e+03  2.56e+01 2.55e-15  1.26e-02     1s
   6  -7.19154021e-02 -1.20928980e+03  1.69e+01 2.08e-15  9.95e-03     1s
   7  -6.63625075e-02 -1.04170512e+03  1.38e+01 3.89e-15  8.69e-03     1s
   8  -5.08201384e-02 -9.33700534e+02  1.10e+01 4.24e-15  7.48e-03     1s
   9   9.52872417e-03 -3.84745717e+02  3.37e+00 2.86e-15  2.88e-03     1s
  10   1.34059927e-02 -1.47111080e+02  1.11e+00 3.09e-15  1.09e-03     1s
  11   1.46304349e-02 -1.01081184e+02  3.22e-01 3.72e-15  6.83e-04     1s
  12   1.48438365e-02 -1.43462372e+01  5.25e-04 1.50e-14  9.11e-05     1s
  13   1.17925074e-02 -1.94093481e+00  2.68e-09 1.30e-14  1.24e-05     1s
  14   7.16990976e-03 -4.36441451e-01  1.19e-09 1.31e-14  2.81e-06     1s
  15   6.12106949e-03 -1.64732777e-01  3.95e-10 1.45e-14  1.08e-06     2s
  16   1.83202323e-03 -1.00882204e-01  1.45e-10 1.41e-14  6.51e-07     2s
  17   2.18498063e-04 -6.47406466e-02  9.79e-11 1.52e-14  4.12e-07     2s
  18  -1.36034473e-03 -4.45989690e-02  6.40e-11 1.34e-14  2.74e-07     2s
  19  -2.90854524e-03 -3.11382018e-02  3.25e-11 1.66e-14  1.79e-07     2s
  20  -3.22321288e-03 -2.75898658e-02  2.61e-11 1.74e-14  1.54e-07     2s
  21  -3.65839199e-03 -2.32334527e-02  1.88e-11 1.85e-14  1.24e-07     2s
  22  -4.04200083e-03 -1.78960110e-02  1.47e-11 1.77e-14  8.78e-08     2s
  23  -4.32459159e-03 -1.30222307e-02  1.32e-11 1.76e-14  5.51e-08     2s
  24  -4.42024932e-03 -1.06954730e-02  9.18e-12 1.55e-14  3.98e-08     2s
  25  -4.48235415e-03 -8.94662496e-03  3.32e-11 1.64e-14  2.83e-08     2s
  26  -4.55182888e-03 -7.26703485e-03  1.84e-11 1.53e-14  1.72e-08     2s
  27  -4.69321211e-03 -6.44187101e-03  1.82e-11 1.52e-14  1.11e-08     2s
  28  -4.77536954e-03 -5.75634158e-03  1.04e-11 1.56e-14  6.22e-09     2s
  29  -4.79922339e-03 -5.41225505e-03  9.99e-12 1.49e-14  3.89e-09     2s
  30  -4.81350646e-03 -5.39989435e-03  9.63e-12 1.82e-14  3.72e-09     2s
  31  -4.82532008e-03 -5.19417165e-03  8.22e-12 1.70e-14  2.34e-09     2s
  32  -4.85387556e-03 -5.12395796e-03  3.69e-11 1.65e-14  1.71e-09     2s
  33  -4.87565614e-03 -5.11226384e-03  1.06e-11 1.92e-14  1.50e-09     2s
  34  -4.89023721e-03 -5.01574305e-03  9.09e-12 1.53e-14  7.96e-10     2s
  35  -4.90016045e-03 -4.97788380e-03  1.09e-11 1.45e-14  4.93e-10     2s
  36  -4.90990715e-03 -4.96872824e-03  1.56e-11 1.70e-14  3.73e-10     2s
  37  -4.91522516e-03 -4.96122301e-03  1.92e-11 1.80e-14  2.92e-10     2s
  38  -4.91743429e-03 -4.94942321e-03  1.57e-11 1.84e-14  2.03e-10     2s
  39  -4.92202659e-03 -4.94262754e-03  4.15e-11 4.12e-14  1.31e-10     2s
  40  -4.92365901e-03 -4.93326506e-03  5.46e-11 1.30e-12  6.10e-11     2s
  41  -4.92457667e-03 -4.92970938e-03  6.87e-11 2.80e-12  3.26e-11     2s
  42  -4.92529632e-03 -4.92717633e-03  4.22e-10 2.84e-12  1.20e-11     2s
  43  -4.92556659e-03 -4.92612676e-03  1.59e-10 1.44e-12  3.59e-12     2s
  44  -4.92557214e-03 -4.92605202e-03  3.16e-10 1.23e-12  3.07e-12     2s
  45  -4.92557398e-03 -4.92600475e-03  1.78e-09 1.10e-12  2.76e-12     2s
  46  -4.92558005e-03 -4.92589421e-03  1.22e-09 1.98e-12  2.01e-12     2s
  47  -4.92558493e-03 -4.92586024e-03  6.93e-10 2.11e-12  1.76e-12     2s
  48  -4.92558402e-03 -4.92570844e-03  1.95e-09 7.57e-12  8.00e-13     2s
  49  -4.92559134e-03 -4.92570017e-03  3.50e-10 7.72e-12  7.03e-13     2s
  50  -4.92559453e-03 -4.92560864e-03  1.41e-10 1.32e-11  1.04e-13     2s
  51  -4.92559659e-03 -4.92559625e-03  7.27e-11 1.21e-11  1.80e-14     3s

Barrier solved model in 51 iterations and 2.52 seconds (3.23 work units)
Optimal objective -4.92559659e-03

Crossover time: 0.54 seconds (0.98 work units)

Root relaxation: objective -4.925582e-03, 27616 iterations, 2.21 seconds (3.23 work units)

    Nodes    |    Current Node    |     Objective Bounds      |     Work
 Expl Unexpl |  Obj  Depth IntInf | Incumbent    BestBd   Gap | It/Node Time

     0     0   -0.00493    0  212   -0.00070   -0.00493   599%     -    3s
H    0     0                      -0.0012369   -0.00493   298%     -    3s
H    0     0                      -0.0012578   -0.00493   292%     -    3s
H    0     0                      -0.0013137   -0.00493   275%     -    4s
H    0     0                      -0.0017384   -0.00493   183%     -    4s

Explored 1 nodes (27616 simplex iterations) in 4.53 seconds (4.94 work units)
Thread count was 1 (of 16 available processors)

Solution count 4: -0.00173836 -0.00131367 -0.00125776 -0.000704191 

Solve interrupted
Best objective -1.738364828883e-03, best bound -4.925581805553e-03, gap 183.3457%

User-callback calls 1050, time in user-callback 1.10 sec
