
Gurobi 13.0.2 (win64) logging started Tue Oct  6 11:11:49 2026

Set parameter LogFile to value "docs/v42_m_stage_exact_completion/logs/PRICE_0143_MESS03.log"
Gurobi Optimizer version 13.0.2 build v13.0.2rc1 (win64 - Windows 11+.0 (26200.2))

CPU model: 13th Gen Intel(R) Core(TM) i7-13620H, instruction set [SSE2|AVX|AVX2]
Thread count: 10 physical cores, 16 logical processors, using up to 1 threads

Non-default parameters:
TimeLimit  20
FeasibilityTol  1e-08
IntFeasTol  1e-08
MIPGap  0
MIPGapAbs  0
OptimalityTol  1e-08
Method  2
Crossover  2
DegenMoves  0
MIPFocus  3
NodeMethod  1
CutPasses  1
LogToConsole  0
Seed  20260929
Threads  1

Optimize a model with 51596 rows, 58976 columns and 315361 nonzeros (Min)
Model fingerprint: 0x0b8bf592
Model has 4533 linear objective coefficients and an objective constant of 1.0582406506749072e-02
Variable types: 6814 continuous, 52162 integer (52162 binary)
Coefficient statistics:
  Matrix range     [2e-01, 4e+02]
  Objective range  [5e-14, 8e-06]
  Bounds range     [1e+00, 1e+03]
  RHS range        [1e+00, 8e+02]

Loaded user MIP start with objective -0.00101942

Presolve removed 8958 rows and 2 columns
Presolve time: 0.61s
Presolved: 42638 rows, 58974 columns, 292967 nonzeros
Variable types: 6812 continuous, 52162 integer (52162 binary)
Root relaxation presolve removed 3 rows and 2 columns
Root relaxation presolved: 42635 rows, 58972 columns, 292915 nonzeros

Root barrier log...

Ordering time: 0.04s

Barrier statistics:
 AA' NZ     : 6.006e+05
 Factor NZ  : 1.080e+06 (roughly 50 MB of memory)
 Factor Ops : 6.927e+07 (less than 1 second per iteration)
 Threads    : 1

                  Objective                Residual
Iter       Primal          Dual         Primal    Dual     Compl     Time
   0   1.99806039e-02 -3.45219713e+04  1.80e+04 1.21e-04  3.80e+00     1s
   1  -3.87637746e-02 -2.93371515e+04  2.38e+03 2.53e-03  5.43e-01     1s
   2   8.03630053e-02 -8.95719904e+03  3.44e+02 9.85e-05  9.27e-02     1s
   3  -9.18251139e-03 -2.39590470e+03  7.54e+01 2.40e-15  2.20e-02     1s
   4  -5.25754439e-02 -1.90073293e+03  3.93e+01 2.28e-15  1.58e-02     1s
   5  -6.73533165e-02 -1.45982023e+03  2.45e+01 2.70e-15  1.20e-02     1s
   6  -6.99360872e-02 -1.16415949e+03  1.69e+01 3.60e-15  9.56e-03     1s
   7  -3.59175793e-02 -1.02385926e+03  1.25e+01 4.31e-15  8.25e-03     1s
   8   1.17007251e-02 -3.22698576e+02  3.22e+00 3.13e-15  2.54e-03     1s
   9   1.50114193e-02 -1.28561607e+02  3.77e-01 2.91e-15  8.70e-04     1s
  10   1.52310588e-02 -2.54546651e+01  3.37e-02 2.34e-15  1.63e-04     1s
  11   1.37988909e-02 -2.09606692e+00  5.82e-12 1.74e-15  1.33e-05     1s
  12   7.48353645e-03 -4.01820213e-01  3.42e-12 2.58e-16  2.59e-06     1s
  13   7.48382161e-03 -2.16434933e-01  5.97e-12 1.52e-16  1.42e-06     2s
  14   3.87280290e-03 -1.20692197e-01  5.54e-12 8.53e-17  7.88e-07     2s
  15   1.27030424e-03 -9.24702240e-02  1.19e-11 6.62e-17  5.93e-07     2s
  16  -1.09024986e-03 -5.41665697e-02  1.22e-11 3.37e-17  3.36e-07     2s
  17  -2.75727830e-03 -3.91534836e-02  8.89e-12 2.64e-17  2.30e-07     2s
  18  -3.06467556e-03 -2.94663640e-02  7.77e-12 1.91e-17  1.67e-07     2s
  19  -3.55800888e-03 -2.72350687e-02  1.34e-11 1.79e-17  1.50e-07     2s
  20  -3.99529149e-03 -2.21316611e-02  1.53e-11 1.30e-17  1.15e-07     2s
  21  -4.21306078e-03 -1.98156918e-02  1.69e-11 1.17e-17  9.87e-08     2s
  22  -4.26191687e-03 -1.55737168e-02  1.17e-11 8.69e-18  7.15e-08     2s
  23  -4.39424558e-03 -1.39092337e-02  1.94e-11 8.17e-18  6.02e-08     2s
  24  -4.43077201e-03 -8.44927565e-03  1.65e-11 4.20e-18  2.54e-08     2s
  25  -4.54736462e-03 -6.91670804e-03  2.67e-11 3.92e-18  1.50e-08     2s
  26  -4.58269905e-03 -6.77352713e-03  1.56e-11 4.38e-18  1.39e-08     2s
  27  -4.62803282e-03 -6.01741224e-03  1.60e-11 3.19e-18  8.78e-09     2s
  28  -4.68202179e-03 -5.62732340e-03  1.92e-11 3.92e-18  5.98e-09     2s
  29  -4.69819179e-03 -5.51403379e-03  2.30e-11 4.06e-18  5.16e-09     2s
  30  -4.71748963e-03 -5.42604640e-03  1.15e-11 4.14e-18  4.48e-09     2s
  31  -4.73260767e-03 -5.30497632e-03  1.50e-11 3.64e-18  3.62e-09     2s
  32  -4.74353004e-03 -5.16396094e-03  3.95e-11 3.79e-18  2.66e-09     2s
  33  -4.75669577e-03 -5.13033966e-03  6.32e-11 4.23e-18  2.36e-09     2s
  34  -4.76158587e-03 -5.08049535e-03  5.29e-11 4.82e-18  2.02e-09     2s
  35  -4.77639589e-03 -5.01550209e-03  6.01e-11 4.10e-18  1.51e-09     2s
  36  -4.79029283e-03 -4.96706242e-03  4.87e-11 4.16e-18  1.12e-09     2s
  37  -4.79798280e-03 -4.94029250e-03  5.92e-11 4.44e-18  9.00e-10     2s
  38  -4.81645711e-03 -4.87695943e-03  5.15e-11 3.15e-18  3.83e-10     2s
  39  -4.82164679e-03 -4.86079105e-03  3.04e-11 3.38e-18  2.47e-10     2s
  40  -4.82678746e-03 -4.85530267e-03  3.70e-11 3.48e-18  1.80e-10     2s
  41  -4.82896713e-03 -4.83763679e-03  1.02e-10 3.64e-13  5.49e-11     2s
  42  -4.83165930e-03 -4.83290838e-03  1.33e-10 3.36e-12  7.99e-12     2s
  43  -4.83214419e-03 -4.83217900e-03  7.38e-12 1.69e-12  2.44e-13     2s
  44  -4.83215254e-03 -4.83215275e-03  2.17e-13 5.08e-14  1.85e-15     2s

Barrier solved model in 44 iterations and 2.36 seconds (2.87 work units)
Optimal objective -4.83215254e-03

Crossover time: 0.32 seconds (0.47 work units)

Root relaxation: objective -4.832153e-03, 18018 iterations, 1.81 seconds (2.36 work units)

    Nodes    |    Current Node    |     Objective Bounds      |     Work
 Expl Unexpl |  Obj  Depth IntInf | Incumbent    BestBd   Gap | It/Node Time

     0     0   -0.00483    0  204   -0.00102   -0.00483   374%     -    2s
H    0     0                      -0.0010691   -0.00483   352%     -    3s
H    0     0                      -0.0011336   -0.00483   326%     -    3s
H    0     0                      -0.0011744   -0.00483   311%     -    3s
H    0     0                      -0.0012692   -0.00483   281%     -    4s

Explored 1 nodes (18018 simplex iterations) in 4.20 seconds (4.18 work units)
Thread count was 1 (of 16 available processors)

Solution count 4: -0.00126923 -0.00117444 -0.00113358 -0.00101942 

Solve interrupted
Best objective -1.269225694284e-03, best bound -4.832152549508e-03, gap 280.7166%

User-callback calls 994, time in user-callback 1.15 sec
