
Gurobi 13.0.2 (win64) logging started Tue Oct  6 11:06:07 2026

Set parameter LogFile to value "docs/v42_m_stage_exact_completion/logs/PRICE_0125_MESS01.log"
Gurobi Optimizer version 13.0.2 build v13.0.2rc1 (win64 - Windows 11+.0 (26200.2))

CPU model: 13th Gen Intel(R) Core(TM) i7-13620H, instruction set [SSE2|AVX|AVX2]
Thread count: 10 physical cores, 16 logical processors, using up to 1 threads

Non-default parameters:
TimeLimit  20
FeasibilityTol  1e-08
IntFeasTol  1e-08
MIPGap  0
MIPGapAbs  0
OptimalityTol  1e-08
Method  2
Crossover  2
DegenMoves  0
MIPFocus  3
NodeMethod  1
CutPasses  1
LogToConsole  0
Seed  20260929
Threads  1

Optimize a model with 51458 rows, 58814 columns and 314503 nonzeros (Min)
Model fingerprint: 0x5f99f783
Model has 4537 linear objective coefficients and an objective constant of 1.0234917614715146e-02
Variable types: 6796 continuous, 52018 integer (52018 binary)
Coefficient statistics:
  Matrix range     [2e-01, 4e+02]
  Objective range  [8e-14, 7e-06]
  Bounds range     [1e+00, 1e+03]
  RHS range        [1e+00, 8e+02]

Loaded user MIP start with objective -0.00151415

Presolve removed 8934 rows and 2 columns
Presolve time: 0.61s
Presolved: 42524 rows, 58812 columns, 292169 nonzeros
Variable types: 6794 continuous, 52018 integer (52018 binary)
Root relaxation presolve removed 2 rows and 2 columns
Root relaxation presolved: 42522 rows, 58810 columns, 292165 nonzeros

Root barrier log...

Ordering time: 0.04s

Barrier statistics:
 AA' NZ     : 5.988e+05
 Factor NZ  : 1.086e+06 (roughly 50 MB of memory)
 Factor Ops : 7.173e+07 (less than 1 second per iteration)
 Threads    : 1

                  Objective                Residual
Iter       Primal          Dual         Primal    Dual     Compl     Time
   0   2.55976517e-02 -3.44328616e+04  1.80e+04 1.14e-04  3.80e+00     1s
   1  -3.83362198e-02 -2.95264551e+04  2.42e+03 3.01e-03  5.56e-01     1s
   2   8.03602457e-02 -9.26841453e+03  3.51e+02 1.56e-04  9.62e-02     1s
   3  -6.73915909e-03 -2.43496479e+03  8.38e+01 2.17e-15  2.33e-02     1s
   4  -5.26667722e-02 -1.93636948e+03  4.22e+01 2.02e-15  1.66e-02     1s
   5  -6.85624630e-02 -1.52734859e+03  2.56e+01 2.27e-15  1.26e-02     1s
   6  -7.23178723e-02 -1.20932333e+03  1.69e+01 2.16e-15  9.95e-03     1s
   7  -6.67529902e-02 -1.04173311e+03  1.38e+01 3.14e-15  8.69e-03     1s
   8  -5.12108233e-02 -9.33776753e+02  1.10e+01 2.58e-15  7.48e-03     1s
   9   9.12464739e-03 -3.84853005e+02  3.37e+00 2.33e-15  2.88e-03     1s
  10   1.29983312e-02 -1.47136585e+02  1.11e+00 1.81e-15  1.09e-03     1s
  11   1.42147950e-02 -1.01083536e+02  3.22e-01 2.04e-15  6.83e-04     1s
  12   1.44246492e-02 -1.43338042e+01  5.24e-04 1.61e-15  9.10e-05     1s
  13   1.14150014e-02 -1.93569049e+00  1.83e-09 9.45e-16  1.23e-05     2s
  14   6.84884000e-03 -4.05311141e-01  8.24e-10 3.58e-16  2.61e-06     2s
  15   4.50082013e-03 -1.42609889e-01  8.28e-11 2.55e-16  9.32e-07     2s
  16   1.06822366e-03 -9.01075237e-02  3.31e-11 2.62e-16  5.78e-07     2s
  17  -1.02898132e-03 -6.09058603e-02  1.84e-11 2.62e-16  3.80e-07     2s
  18  -1.93771564e-03 -4.33580074e-02  1.34e-11 2.52e-16  2.63e-07     2s
  19  -2.81924151e-03 -3.47714445e-02  1.16e-10 2.83e-16  2.03e-07     2s
  20  -3.25862154e-03 -2.71659666e-02  8.05e-11 2.79e-16  1.52e-07     2s
  21  -3.34338475e-03 -2.54290325e-02  7.29e-11 3.00e-16  1.40e-07     2s
  22  -3.79567801e-03 -1.81041506e-02  4.03e-11 2.98e-16  9.07e-08     2s
  23  -4.00655418e-03 -1.13543335e-02  2.24e-11 2.61e-16  4.66e-08     2s
  24  -4.24948778e-03 -9.47732849e-03  9.08e-12 2.34e-16  3.31e-08     2s
  25  -4.42097730e-03 -8.27206512e-03  1.54e-11 2.56e-16  2.44e-08     2s
  26  -4.52998154e-03 -7.73343931e-03  1.25e-11 2.70e-16  2.03e-08     2s
  27  -4.57739703e-03 -6.56935751e-03  1.09e-11 2.49e-16  1.26e-08     2s
  28  -4.69537505e-03 -6.28088100e-03  2.26e-11 2.57e-16  1.00e-08     2s
  29  -4.73851929e-03 -5.79602107e-03  1.62e-11 2.68e-16  6.70e-09     2s
  30  -4.79926521e-03 -5.63116781e-03  2.38e-11 2.98e-16  5.27e-09     2s
  31  -4.85165382e-03 -5.47605776e-03  1.35e-11 2.79e-16  3.96e-09     2s
  32  -4.89020965e-03 -5.31034830e-03  3.29e-11 2.44e-16  2.66e-09     2s
  33  -4.91515495e-03 -5.25867780e-03  3.12e-11 2.97e-16  2.18e-09     2s
  34  -4.93446451e-03 -5.17535046e-03  2.53e-11 3.06e-16  1.53e-09     2s
  35  -4.96134786e-03 -5.13331715e-03  2.81e-11 2.86e-16  1.09e-09     2s
  36  -4.96978686e-03 -5.11129067e-03  3.67e-11 2.89e-16  8.97e-10     2s
  37  -4.97831270e-03 -5.09783283e-03  1.41e-10 3.50e-16  7.58e-10     2s
  38  -4.98462070e-03 -5.06549401e-03  1.45e-10 2.65e-16  5.13e-10     2s
  39  -4.99022741e-03 -5.05558798e-03  1.03e-10 4.37e-16  4.14e-10     2s
  40  -4.99409892e-03 -5.04966602e-03  8.25e-11 6.84e-16  3.52e-10     2s
  41  -4.99715773e-03 -5.03516098e-03  1.26e-10 1.21e-15  2.41e-10     2s
  42  -5.00065391e-03 -5.02906879e-03  1.05e-10 8.75e-14  1.80e-10     2s
  43  -5.00408479e-03 -5.01699408e-03  9.13e-11 7.36e-13  8.19e-11     2s
  44  -5.00447178e-03 -5.01411697e-03  6.13e-11 8.94e-13  6.12e-11     2s
  45  -5.00467314e-03 -5.01361202e-03  6.74e-11 9.64e-13  5.67e-11     2s
  46  -5.00520877e-03 -5.01115297e-03  8.25e-11 3.07e-12  3.78e-11     2s
  47  -5.00544200e-03 -5.00977232e-03  1.50e-10 3.83e-12  2.76e-11     3s
  48  -5.00548972e-03 -5.00882974e-03  2.20e-10 4.14e-12  2.13e-11     3s
  49  -5.00551872e-03 -5.00875721e-03  2.38e-10 4.22e-12  2.07e-11     3s
  50  -5.00571969e-03 -5.00834781e-03  3.27e-10 3.99e-12  1.68e-11     3s
  51  -5.00586720e-03 -5.00790065e-03  3.53e-10 3.91e-12  1.30e-11     3s
  52  -5.00589699e-03 -5.00754223e-03  3.37e-10 4.07e-12  1.06e-11     3s
  53  -5.00606988e-03 -5.00714473e-03  1.33e-10 3.95e-12  6.95e-12     3s
  54  -5.00617623e-03 -5.00687179e-03  1.37e-10 4.28e-12  4.54e-12     3s
  55  -5.00623134e-03 -5.00658704e-03  1.54e-10 9.00e-12  2.34e-12     3s
  56  -5.00624081e-03 -5.00636847e-03  4.37e-10 1.24e-11  8.57e-13     3s
  57  -5.00624838e-03 -5.00625350e-03  1.19e-10 1.14e-11  4.58e-14     3s

Barrier solved model in 57 iterations and 2.80 seconds (3.46 work units)
Optimal objective -5.00624838e-03

Crossover time: 0.59 seconds (1.02 work units)

Root relaxation: objective -5.006019e-03, 32186 iterations, 2.51 seconds (3.51 work units)

    Nodes    |    Current Node    |     Objective Bounds      |     Work
 Expl Unexpl |  Obj  Depth IntInf | Incumbent    BestBd   Gap | It/Node Time

     0     0   -0.00501    0  545   -0.00151   -0.00501   231%     -    3s
H    0     0                      -0.0015204   -0.00501   229%     -    4s
H    0     0                      -0.0015790   -0.00501   217%     -    4s
H    0     0                      -0.0015918   -0.00501   214%     -    5s
H    0     0                      -0.0016365   -0.00501   206%     -    5s
H    0     0                      -0.0017143   -0.00501   192%     -    5s

Explored 1 nodes (32186 simplex iterations) in 5.92 seconds (6.74 work units)
Thread count was 1 (of 16 available processors)

Solution count 5: -0.00171426 -0.0015918 -0.00157898 ... -0.00151415

Solve interrupted
Best objective -1.714256866437e-03, best bound -5.006019205254e-03, gap 192.0227%

User-callback calls 1430, time in user-callback 1.14 sec
