
Gurobi 13.0.2 (win64) logging started Tue Oct  6 11:07:59 2026

Set parameter LogFile to value "docs/v42_m_stage_exact_completion/logs/RMP_0033.log"
Gurobi Optimizer version 13.0.2 build v13.0.2rc1 (win64 - Windows 11+.0 (26200.2))

CPU model: 13th Gen Intel(R) Core(TM) i7-13620H, instruction set [SSE2|AVX|AVX2]
Thread count: 10 physical cores, 16 logical processors, using up to 1 threads

Non-default parameters:
TimeLimit  300
FeasibilityTol  1e-08
IntFeasTol  1e-08
OptimalityTol  1e-08
Method  2
LPWarmStart  0
BarConvTol  1e-11
Crossover  1
PreDual  0
LogToConsole  0
Seed  20260929
Threads  1

Optimize a model with 679959 rows, 82898 columns and 7462360 nonzeros (Min)
Model fingerprint: 0x280a5b64
Model has 1 linear objective coefficients
Coefficient statistics:
  Matrix range     [1e-13, 4e+02]
  Objective range  [1e+00, 1e+00]
  Bounds range     [1e+00, 1e+00]
  RHS range        [2e-24, 2e+03]
Warning: Model contains large matrix coefficient range
         Consider reformulating model or setting NumericFocus parameter
         to avoid numerical issues.

Presolve time: 1.96s
Presolved: 180538 rows, 61092 columns, 2623989 nonzeros

Ordering time: 1.35s

Barrier statistics:
 Dense cols : 3780
 AA' NZ     : 3.628e+06
 Factor NZ  : 1.338e+07 (roughly 200 MB of memory)
 Factor Ops : 2.152e+10 (less than 1 second per iteration)
 Threads    : 1

                  Objective                Residual
Iter       Primal          Dual         Primal    Dual     Compl     Time
   0   1.00825428e+04 -2.66338701e+06  3.61e+08 0.00e+00  1.28e+05     6s
   1   1.00826346e+04 -2.64933217e+06  3.61e+08 6.14e+01  1.28e+05     6s
   2   1.00822060e+04 -2.67110432e+06  3.61e+08 1.10e+02  1.28e+05     7s
   3   1.00820931e+04 -2.68756699e+06  3.61e+08 1.17e+02  1.28e+05     8s
   4   1.00819693e+04 -2.68658483e+06  3.61e+08 1.80e+02  1.28e+05     8s
   5   1.00823089e+04 -2.68770213e+06  3.61e+08 1.79e+02  1.28e+05     9s
   6   1.00821209e+04 -2.69654350e+06  3.61e+08 1.78e+02  1.28e+05     9s
   7   1.00823484e+04 -2.69584035e+06  3.61e+08 1.77e+02  1.28e+05    10s
   8   1.00820105e+04 -2.70764609e+06  3.61e+08 1.78e+02  1.28e+05    11s
   9   1.00828065e+04 -2.72324229e+06  3.61e+08 1.78e+02  1.28e+05    11s
  10   1.00827897e+04 -2.72974238e+06  3.61e+08 1.91e+02  1.28e+05    12s
  11   1.00826012e+04 -2.73640924e+06  3.61e+08 1.91e+02  1.28e+05    13s
  12   1.00825345e+04 -2.69585755e+06  3.61e+08 1.87e+02  1.28e+05    13s
  13   1.00831237e+04 -2.70882355e+06  3.61e+08 1.83e+02  1.27e+05    14s
  14   1.00836295e+04 -2.71157491e+06  3.61e+08 1.76e+02  1.27e+05    15s
  15   1.00835542e+04 -2.70292757e+06  3.61e+08 1.82e+02  1.27e+05    15s
  16   1.00837142e+04 -2.71102334e+06  3.61e+08 1.87e+02  1.27e+05    16s
  17   1.00837779e+04 -2.70992401e+06  3.61e+08 1.86e+02  1.27e+05    16s
  18   1.00837879e+04 -2.72811923e+06  3.61e+08 1.82e+02  1.27e+05    17s
  19   1.00837921e+04 -2.72808827e+06  3.61e+08 1.82e+02  1.27e+05    18s
  20   1.00838614e+04 -2.72841305e+06  3.61e+08 1.82e+02  1.27e+05    18s
  21   1.00838105e+04 -2.72939854e+06  3.61e+08 1.84e+02  1.27e+05    19s

Barrier performed 21 iterations in 19.02 seconds (31.52 work units)
Numerical trouble encountered

Model may be infeasible or unbounded.  Consider using the
homogeneous algorithm (through parameter 'BarHomogeneous')

Iteration    Objective       Primal Inf.    Dual Inf.      Time
       0    1.0000000e+00   1.690730e+06   5.932799e+10     20s
   32599    1.0000000e+00   2.329485e+03   2.510944e+09     26s
   33959    1.0000000e+00   2.973502e+02   4.898529e+08     31s
   35449    1.0000000e+00   3.779516e+01   4.258151e+06     35s
   37309    6.3469025e-01   0.000000e+00   7.014548e-01     40s
   38639    5.7377103e-01   0.000000e+00   1.598129e-01     45s
Crossover changed status from Numeric to Optimal
   39008    5.7351997e-01   0.000000e+00   0.000000e+00     47s

Solved in 39008 iterations and 47.39 seconds (113.62 work units)
Optimal objective  5.735199668e-01

User-callback calls 41079, time in user-callback 1.95 sec
Discarded solution information including additional information
Set parameter Threads to value 1
Set parameter Method to value 2
Set parameter Crossover to value 1
Set parameter LPWarmStart to value 0
Set parameter PreDual to value 0
Set parameter BarConvTol to value 1e-11
Set parameter Seed to value 20260929
Set parameter FeasibilityTol to value 1e-08
Set parameter IntFeasTol to value 1e-08
Set parameter OptimalityTol to value 1e-08
Set parameter TimeLimit to value 300
