
Gurobi 13.0.2 (win64) logging started Tue Oct  6 11:05:01 2026

Set parameter LogFile to value "docs/v42_m_stage_exact_completion/logs/RMP_0031.log"
Gurobi Optimizer version 13.0.2 build v13.0.2rc1 (win64 - Windows 11+.0 (26200.2))

CPU model: 13th Gen Intel(R) Core(TM) i7-13620H, instruction set [SSE2|AVX|AVX2]
Thread count: 10 physical cores, 16 logical processors, using up to 1 threads

Non-default parameters:
TimeLimit  300
FeasibilityTol  1e-08
IntFeasTol  1e-08
OptimalityTol  1e-08
Method  2
LPWarmStart  0
BarConvTol  1e-11
Crossover  1
PreDual  0
LogToConsole  0
Seed  20260929
Threads  1

Optimize a model with 679959 rows, 82867 columns and 7450458 nonzeros (Min)
Model fingerprint: 0x33595e80
Model has 1 linear objective coefficients
Coefficient statistics:
  Matrix range     [1e-13, 4e+02]
  Objective range  [1e+00, 1e+00]
  Bounds range     [1e+00, 1e+00]
  RHS range        [2e-24, 2e+03]
Warning: Model contains large matrix coefficient range
         Consider reformulating model or setting NumericFocus parameter
         to avoid numerical issues.

Presolve time: 1.94s
Presolved: 177636 rows, 60182 columns, 2566649 nonzeros

Ordering time: 1.32s

Barrier statistics:
 Dense cols : 3727
 AA' NZ     : 3.526e+06
 Factor NZ  : 1.263e+07 (roughly 200 MB of memory)
 Factor Ops : 1.929e+10 (less than 1 second per iteration)
 Threads    : 1

                  Objective                Residual
Iter       Primal          Dual         Primal    Dual     Compl     Time
   0   9.16986530e+03 -2.87809904e+06  3.09e+08 0.00e+00  1.17e+05     5s
   1   9.17006486e+03 -2.92676464e+06  3.09e+08 3.37e+01  1.17e+05     6s
   2   9.16970849e+03 -2.94849869e+06  3.09e+08 7.74e+02  1.17e+05     7s
   3   9.16988712e+03 -2.95824832e+06  3.09e+08 7.72e+02  1.17e+05     7s
   4   9.16997774e+03 -2.98416741e+06  3.09e+08 7.73e+02  1.17e+05     8s
   5   9.16981966e+03 -2.99476556e+06  3.09e+08 7.88e+02  1.17e+05     8s
   6   9.17027229e+03 -3.06064838e+06  3.09e+08 7.78e+02  1.17e+05     9s
   7   9.17031859e+03 -3.05934135e+06  3.09e+08 7.75e+02  1.17e+05     9s
   8   9.17050063e+03 -3.04415699e+06  3.09e+08 7.75e+02  1.17e+05    10s
   9   9.17052754e+03 -3.05771073e+06  3.09e+08 7.77e+02  1.17e+05    11s
  10   9.17068448e+03 -3.05688738e+06  3.09e+08 7.77e+02  1.17e+05    11s
  11   9.17035698e+03 -3.07138610e+06  3.09e+08 7.98e+02  1.17e+05    12s
  12   9.17025277e+03 -3.10388491e+06  3.09e+08 7.99e+02  1.17e+05    12s
  13   9.17009515e+03 -3.11671951e+06  3.09e+08 7.98e+02  1.16e+05    13s
  14   9.17025968e+03 -3.14879621e+06  3.09e+08 7.91e+02  1.16e+05    13s
  15   9.17037334e+03 -3.16893547e+06  3.09e+08 7.89e+02  1.16e+05    14s
  16   9.17045829e+03 -3.16769225e+06  3.09e+08 7.62e+02  1.16e+05    15s
  17   9.17083391e+03 -3.23710587e+06  3.09e+08 7.63e+02  1.16e+05    15s
  18   9.17082777e+03 -3.23364428e+06  3.09e+08 7.63e+02  1.16e+05    16s
  19   9.17084497e+03 -3.25788153e+06  3.09e+08 7.58e+02  1.16e+05    16s
  20   9.17077045e+03 -3.25776167e+06  3.09e+08 7.57e+02  1.16e+05    17s
  21   9.17062686e+03 -3.27072424e+06  3.09e+08 7.57e+02  1.16e+05    18s

Barrier performed 21 iterations in 17.54 seconds (29.68 work units)
Numerical trouble encountered

Model may be infeasible or unbounded.  Consider using the
homogeneous algorithm (through parameter 'BarHomogeneous')

Iteration    Objective       Primal Inf.    Dual Inf.      Time
       0    1.0000000e+00   1.679764e+06   5.751597e+10     19s
   26965    1.0000000e+00   1.456570e+05   1.739092e+10     20s
   31958    1.0000000e+00   3.373537e+03   1.526551e+09     25s
   33388    1.0000000e+00   6.325490e+02   5.335648e+08     30s
   34728    1.0000000e+00   1.985900e+02   2.067365e+09     35s
   36288    8.4111037e-01   7.042567e+01   2.777985e+11     40s
   37918    6.4056899e-01   0.000000e+00   6.537766e+00     46s
   39238    5.7396677e-01   0.000000e+00   8.472795e-01     50s
Crossover changed status from Numeric to Optimal
   39682    5.7371116e-01   0.000000e+00   0.000000e+00     52s

Solved in 39682 iterations and 52.49 seconds (129.17 work units)
Optimal objective  5.737111579e-01

User-callback calls 41897, time in user-callback 2.27 sec
Discarded solution information including additional information
Set parameter Threads to value 1
Set parameter Method to value 2
Set parameter Crossover to value 1
Set parameter LPWarmStart to value 0
Set parameter PreDual to value 0
Set parameter BarConvTol to value 1e-11
Set parameter Seed to value 20260929
Set parameter FeasibilityTol to value 1e-08
Set parameter IntFeasTol to value 1e-08
Set parameter OptimalityTol to value 1e-08
Set parameter TimeLimit to value 300
