
Gurobi 13.0.2 (win64) logging started Tue Oct  6 11:27:45 2026

Set parameter LogFile to value "docs/v42_m_stage_exact_completion/logs/RMP_0043.log"
Gurobi Optimizer version 13.0.2 build v13.0.2rc1 (win64 - Windows 11+.0 (26200.2))

CPU model: 13th Gen Intel(R) Core(TM) i7-13620H, instruction set [SSE2|AVX|AVX2]
Thread count: 10 physical cores, 16 logical processors, using up to 1 threads

Non-default parameters:
TimeLimit  300
FeasibilityTol  1e-08
IntFeasTol  1e-08
OptimalityTol  1e-08
Method  2
LPWarmStart  0
BarConvTol  1e-11
Crossover  1
PreDual  0
LogToConsole  0
Seed  20260929
Threads  1

Optimize a model with 679959 rows, 83058 columns and 7514086 nonzeros (Min)
Model fingerprint: 0xf6cbcc5d
Model has 1 linear objective coefficients
Coefficient statistics:
  Matrix range     [1e-13, 4e+02]
  Objective range  [1e+00, 1e+00]
  Bounds range     [1e+00, 1e+00]
  RHS range        [2e-24, 2e+03]
Warning: Model contains large matrix coefficient range
         Consider reformulating model or setting NumericFocus parameter
         to avoid numerical issues.

Presolve time: 2.07s
Presolved: 189893 rows, 63320 columns, 2771753 nonzeros

Ordering time: 1.56s

Barrier statistics:
 Dense cols : 3915
 AA' NZ     : 3.884e+06
 Factor NZ  : 1.489e+07 (roughly 220 MB of memory)
 Factor Ops : 2.626e+10 (roughly 1 second per iteration)
 Threads    : 1

                  Objective                Residual
Iter       Primal          Dual         Primal    Dual     Compl     Time
   0   1.00233663e+04 -2.91204965e+06  4.15e+08 0.00e+00  1.27e+05     6s
   1   1.00237452e+04 -2.96878421e+06  4.15e+08 5.14e+01  1.28e+05     7s
   2   1.00245479e+04 -3.03543257e+06  4.15e+08 9.68e+01  1.28e+05     8s
   3   1.00246333e+04 -3.10810627e+06  4.15e+08 2.22e+03  1.28e+05     9s
   4   1.00244794e+04 -3.22612228e+06  4.15e+08 5.29e+03  1.28e+05     9s
   5   1.00243691e+04 -3.21093229e+06  4.15e+08 4.95e+03  1.28e+05    10s
   6   1.00244234e+04 -3.22166036e+06  4.15e+08 4.36e+03  1.28e+05    11s
   7   1.00245843e+04 -3.22883609e+06  4.15e+08 4.48e+03  1.28e+05    12s
   8   1.00245870e+04 -3.23885796e+06  4.15e+08 4.62e+03  1.28e+05    12s
   9   1.00247468e+04 -3.24234986e+06  4.15e+08 4.64e+03  1.28e+05    13s
  10   1.00247124e+04 -3.26521449e+06  4.15e+08 4.69e+03  1.28e+05    14s
  11   1.00247208e+04 -3.24556345e+06  4.15e+08 4.54e+03  1.28e+05    15s
  12   1.00247726e+04 -3.23477661e+06  4.15e+08 4.92e+03  1.27e+05    15s
  13   1.00250873e+04 -3.30545230e+06  4.15e+08 4.92e+03  1.27e+05    16s
  14   1.00250686e+04 -3.28106881e+06  4.15e+08 4.77e+03  1.27e+05    17s
  15   1.00253956e+04 -3.41836311e+06  4.15e+08 8.10e+03  1.27e+05    18s
  16   1.00254524e+04 -3.47193318e+06  4.15e+08 8.63e+03  1.27e+05    18s
  17   1.00259134e+04 -3.47155698e+06  4.15e+08 8.73e+03  1.27e+05    19s
  18   1.00260142e+04 -3.41776778e+06  4.15e+08 7.27e+03  1.27e+05    20s
  19   1.00261668e+04 -3.52333700e+06  4.15e+08 9.81e+03  1.27e+05    21s
  20   1.00262107e+04 -3.54389337e+06  4.15e+08 9.54e+03  1.27e+05    22s
  21   1.00259678e+04 -3.54380549e+06  4.15e+08 9.53e+03  1.27e+05    22s

Barrier performed 21 iterations in 22.34 seconds (35.65 work units)
Numerical trouble encountered

Model may be infeasible or unbounded.  Consider using the
homogeneous algorithm (through parameter 'BarHomogeneous')

Iteration    Objective       Primal Inf.    Dual Inf.      Time
       0    1.0000000e+00   1.693294e+06   6.161301e+10     23s
   26794    1.0000000e+00   2.298279e+05   1.675115e+10     25s
   31953    1.0000000e+00   4.345366e+04   1.163677e+10     30s
   34855    1.0000000e+00   1.373297e+03   1.106885e+10     36s
   35905    1.0000000e+00   4.958962e+02   3.984353e+08     40s
   37195    1.0000000e+00   4.397451e+01   2.528175e+08     46s
   38345    5.7447389e-01   0.000000e+00   6.142948e-01     50s
Crossover changed status from Numeric to Optimal

Extra simplex iterations after uncrush: 1
   39300    5.7293862e-01   0.000000e+00   0.000000e+00     55s

Solved in 39300 iterations and 55.04 seconds (126.13 work units)
Optimal objective  5.729386155e-01

User-callback calls 41685, time in user-callback 2.32 sec
