
Gurobi 13.0.2 (win64) logging started Tue Oct  6 11:12:08 2026

Set parameter LogFile to value "docs/v42_m_stage_exact_completion/logs/RMP_0036.log"
Gurobi Optimizer version 13.0.2 build v13.0.2rc1 (win64 - Windows 11+.0 (26200.2))

CPU model: 13th Gen Intel(R) Core(TM) i7-13620H, instruction set [SSE2|AVX|AVX2]
Thread count: 10 physical cores, 16 logical processors, using up to 1 threads

Non-default parameters:
TimeLimit  300
FeasibilityTol  1e-08
IntFeasTol  1e-08
OptimalityTol  1e-08
Method  2
LPWarmStart  0
BarConvTol  1e-11
Crossover  1
PreDual  0
LogToConsole  0
Seed  20260929
Threads  1

Optimize a model with 679959 rows, 82946 columns and 7481777 nonzeros (Min)
Model fingerprint: 0xf8bdf431
Model has 1 linear objective coefficients
Coefficient statistics:
  Matrix range     [1e-13, 4e+02]
  Objective range  [1e+00, 1e+00]
  Bounds range     [1e+00, 1e+00]
  RHS range        [2e-24, 2e+03]
Warning: Model contains large matrix coefficient range
         Consider reformulating model or setting NumericFocus parameter
         to avoid numerical issues.

Presolve time: 1.92s
Presolved: 182197 rows, 61441 columns, 2662742 nonzeros

Ordering time: 1.42s

Barrier statistics:
 Dense cols : 3823
 AA' NZ     : 3.687e+06
 Factor NZ  : 1.378e+07 (roughly 200 MB of memory)
 Factor Ops : 2.281e+10 (less than 1 second per iteration)
 Threads    : 1

                  Objective                Residual
Iter       Primal          Dual         Primal    Dual     Compl     Time
   0   1.05203060e+04 -2.68967621e+06  4.04e+08 0.00e+00  1.34e+05     6s
   1   1.05202766e+04 -2.72581357e+06  4.04e+08 1.29e+02  1.34e+05     7s
   2   1.05205526e+04 -2.72251090e+06  4.04e+08 1.36e+02  1.34e+05     7s
   3   1.05206398e+04 -3.12855773e+06  4.04e+08 9.85e+03  1.34e+05     8s
   4   1.05205684e+04 -3.13601584e+06  4.04e+08 9.86e+03  1.34e+05     9s
   5   1.05209528e+04 -3.19737880e+06  4.04e+08 1.06e+04  1.34e+05     9s
   6   1.05210290e+04 -3.45067956e+06  4.04e+08 1.61e+04  1.34e+05    10s
   7   1.05209344e+04 -3.41679653e+06  4.04e+08 1.56e+04  1.34e+05    11s
   8   1.05208902e+04 -3.41626441e+06  4.04e+08 1.55e+04  1.34e+05    11s
   9   1.05209551e+04 -3.40126720e+06  4.04e+08 1.50e+04  1.34e+05    12s
  10   1.05209839e+04 -3.42164174e+06  4.04e+08 1.50e+04  1.34e+05    13s
  11   1.05209833e+04 -3.42845312e+06  4.04e+08 1.55e+04  1.34e+05    13s
  12   1.05208802e+04 -3.41746289e+06  4.04e+08 1.51e+04  1.34e+05    14s
  13   1.05208649e+04 -3.43459556e+06  4.04e+08 1.55e+04  1.34e+05    14s
  14   1.05209038e+04 -3.43482550e+06  4.04e+08 1.55e+04  1.33e+05    15s
  15   1.05208990e+04 -3.40938523e+06  4.04e+08 1.47e+04  1.33e+05    16s
  16   1.05208599e+04 -4.16357850e+06  4.04e+08 3.36e+04  1.33e+05    16s
  17   1.05211482e+04 -4.19898533e+06  4.04e+08 3.30e+04  1.33e+05    17s
  18   1.05211918e+04 -4.63455615e+06  4.04e+08 4.39e+04  1.33e+05    18s
  19   1.05210205e+04 -4.62959515e+06  4.04e+08 4.39e+04  1.33e+05    18s
  20   1.05208964e+04 -4.59532030e+06  4.04e+08 4.28e+04  1.33e+05    19s
  21   1.05210842e+04 -4.53483220e+06  4.04e+08 4.12e+04  1.33e+05    20s

Barrier performed 21 iterations in 19.73 seconds (32.84 work units)
Numerical trouble encountered

Model may be infeasible or unbounded.  Consider using the
homogeneous algorithm (through parameter 'BarHomogeneous')

Iteration    Objective       Primal Inf.    Dual Inf.      Time
       0    1.0000000e+00   1.684800e+06   5.966820e+10     21s
   31777    1.0000000e+00   1.608986e+04   7.405872e+09     25s
   33558    1.0000000e+00   4.691581e+02   1.355047e+09     30s
   34988    1.0000000e+00   3.884795e+01   1.095196e+09     35s
   36668    6.4343524e-01   0.000000e+00   4.004019e+00     40s
   38138    5.7357391e-01   0.000000e+00   3.232408e-01     45s
Crossover changed status from Numeric to Optimal

Extra simplex iterations after uncrush: 4
   38643    5.7330926e-01   0.000000e+00   0.000000e+00     48s

Solved in 38643 iterations and 48.08 seconds (116.92 work units)
Optimal objective  5.733092627e-01

User-callback calls 40803, time in user-callback 1.96 sec
Discarded solution information including additional information
Set parameter Threads to value 1
Set parameter Method to value 2
Set parameter Crossover to value 1
Set parameter LPWarmStart to value 0
Set parameter PreDual to value 0
Set parameter BarConvTol to value 1e-11
Set parameter Seed to value 20260929
Set parameter FeasibilityTol to value 1e-08
Set parameter IntFeasTol to value 1e-08
Set parameter OptimalityTol to value 1e-08
Set parameter TimeLimit to value 300
