
Gurobi 13.0.2 (win64) logging started Tue Oct  6 11:24:47 2026

Set parameter LogFile to value "docs/v42_m_stage_exact_completion/logs/RMP_0041.log"
Gurobi Optimizer version 13.0.2 build v13.0.2rc1 (win64 - Windows 11+.0 (26200.2))

CPU model: 13th Gen Intel(R) Core(TM) i7-13620H, instruction set [SSE2|AVX|AVX2]
Thread count: 10 physical cores, 16 logical processors, using up to 1 threads

Non-default parameters:
TimeLimit  300
FeasibilityTol  1e-08
IntFeasTol  1e-08
OptimalityTol  1e-08
Method  2
LPWarmStart  0
BarConvTol  1e-11
Crossover  1
PreDual  0
LogToConsole  0
Seed  20260929
Threads  1

Optimize a model with 679959 rows, 83026 columns and 7504309 nonzeros (Min)
Model fingerprint: 0x42a70d12
Model has 1 linear objective coefficients
Coefficient statistics:
  Matrix range     [1e-13, 4e+02]
  Objective range  [1e+00, 1e+00]
  Bounds range     [1e+00, 1e+00]
  RHS range        [2e-24, 2e+03]
Warning: Model contains large matrix coefficient range
         Consider reformulating model or setting NumericFocus parameter
         to avoid numerical issues.

Presolve time: 2.07s
Presolved: 189450 rows, 63185 columns, 2757121 nonzeros

Ordering time: 1.53s

Barrier statistics:
 Dense cols : 3901
 AA' NZ     : 3.861e+06
 Factor NZ  : 1.469e+07 (roughly 200 MB of memory)
 Factor Ops : 2.565e+10 (roughly 1 second per iteration)
 Threads    : 1

                  Objective                Residual
Iter       Primal          Dual         Primal    Dual     Compl     Time
   0   7.07688912e+03 -2.84793799e+06  2.88e+08 0.00e+00  9.00e+04     6s
   1   7.07687567e+03 -2.87591896e+06  2.88e+08 7.41e+02  9.00e+04     7s
   2   7.07684960e+03 -2.87310281e+06  2.88e+08 7.17e+02  9.00e+04     8s
   3   7.07687411e+03 -2.87065541e+06  2.88e+08 7.43e+02  9.00e+04     8s
   4   7.07696611e+03 -2.88018365e+06  2.88e+08 7.42e+02  9.00e+04     9s
   5   7.07704812e+03 -2.87724665e+06  2.88e+08 7.97e+02  9.00e+04    10s
   6   7.07712780e+03 -2.88429328e+06  2.88e+08 9.42e+02  9.00e+04    11s
   7   7.07708382e+03 -2.87348129e+06  2.88e+08 4.88e+02  9.00e+04    11s
   8   7.07710142e+03 -2.88308627e+06  2.88e+08 4.64e+02  9.00e+04    12s
   9   7.07717773e+03 -2.89845848e+06  2.88e+08 8.58e+02  9.00e+04    13s
  10   7.07731416e+03 -2.90651730e+06  2.88e+08 8.53e+02  9.00e+04    14s
  11   7.07733938e+03 -2.89530217e+06  2.88e+08 4.52e+02  9.00e+04    14s
  12   7.07761903e+03 -2.91530497e+06  2.87e+08 4.08e+02  8.98e+04    15s
  13   7.07764082e+03 -2.84723707e+06  2.87e+08 4.35e+02  8.96e+04    16s
  14   7.07763132e+03 -2.85178850e+06  2.87e+08 4.43e+02  8.95e+04    17s
  15   7.07770050e+03 -2.84709750e+06  2.87e+08 4.57e+02  8.94e+04    17s
  16   7.07834688e+03 -2.85889010e+06  2.87e+08 3.23e+02  8.94e+04    18s
  17   7.07833483e+03 -2.86791252e+06  2.87e+08 2.27e+02  8.93e+04    19s
  18   7.07833460e+03 -2.87256524e+06  2.87e+08 2.26e+02  8.93e+04    20s
  19   7.07852188e+03 -2.88955525e+06  2.87e+08 2.25e+02  8.93e+04    20s
  20   7.07889409e+03 -2.89685950e+06  2.87e+08 2.23e+02  8.93e+04    21s
  21   7.07890886e+03 -2.88125988e+06  2.87e+08 2.25e+02  8.93e+04    22s

Barrier performed 21 iterations in 21.80 seconds (35.13 work units)
Numerical trouble encountered

Model may be infeasible or unbounded.  Consider using the
homogeneous algorithm (through parameter 'BarHomogeneous')

Iteration    Objective       Primal Inf.    Dual Inf.      Time
       0    1.0000000e+00   1.704151e+06   6.119083e+10     23s
   28274    1.0000000e+00   1.588502e+05   6.255027e+09     25s
   33732    1.0000000e+00   5.155818e+03   6.292967e+09     30s
   35082    1.0000000e+00   4.321760e+02   8.080273e+08     35s
   36452    1.0000000e+00   7.424920e+01   2.038250e+07     41s
   37952    1.0000000e+00   4.088078e+01   4.604643e+09     45s
   39302    5.7856505e-01   0.000000e+00   2.890426e+00     50s
   40492    5.7298221e-01   0.000000e+00   2.094910e-04     55s
Crossover changed status from Numeric to Optimal
   40531    5.7297913e-01   0.000000e+00   0.000000e+00     56s

Solved in 40531 iterations and 56.19 seconds (132.51 work units)
Optimal objective  5.729791309e-01

User-callback calls 42749, time in user-callback 2.46 sec
Discarded solution information including additional information
Set parameter Threads to value 1
Set parameter Method to value 2
Set parameter Crossover to value 1
Set parameter LPWarmStart to value 0
Set parameter PreDual to value 0
Set parameter BarConvTol to value 1e-11
Set parameter Seed to value 20260929
Set parameter FeasibilityTol to value 1e-08
Set parameter IntFeasTol to value 1e-08
Set parameter OptimalityTol to value 1e-08
Set parameter TimeLimit to value 300
