
Gurobi 13.0.2 (win64) logging started Tue Oct  6 11:10:47 2026

Set parameter LogFile to value "docs/v42_m_stage_exact_completion/logs/RMP_0035.log"
Gurobi Optimizer version 13.0.2 build v13.0.2rc1 (win64 - Windows 11+.0 (26200.2))

CPU model: 13th Gen Intel(R) Core(TM) i7-13620H, instruction set [SSE2|AVX|AVX2]
Thread count: 10 physical cores, 16 logical processors, using up to 1 threads

Non-default parameters:
TimeLimit  300
FeasibilityTol  1e-08
IntFeasTol  1e-08
OptimalityTol  1e-08
Method  2
LPWarmStart  0
BarConvTol  1e-11
Crossover  1
PreDual  0
LogToConsole  0
Seed  20260929
Threads  1

Optimize a model with 679959 rows, 82930 columns and 7475193 nonzeros (Min)
Model fingerprint: 0xa1f947ae
Model has 1 linear objective coefficients
Coefficient statistics:
  Matrix range     [1e-13, 4e+02]
  Objective range  [1e+00, 1e+00]
  Bounds range     [1e+00, 1e+00]
  RHS range        [2e-24, 2e+03]
Warning: Model contains large matrix coefficient range
         Consider reformulating model or setting NumericFocus parameter
         to avoid numerical issues.

Presolve time: 2.16s
Presolved: 181945 rows, 61381 columns, 2650163 nonzeros

Ordering time: 1.40s

Barrier statistics:
 Dense cols : 3807
 AA' NZ     : 3.672e+06
 Factor NZ  : 1.371e+07 (roughly 200 MB of memory)
 Factor Ops : 2.256e+10 (less than 1 second per iteration)
 Threads    : 1

                  Objective                Residual
Iter       Primal          Dual         Primal    Dual     Compl     Time
   0   1.04907373e+04 -2.66075479e+06  3.95e+08 0.00e+00  1.33e+05     6s
   1   1.04907270e+04 -2.67221765e+06  3.95e+08 1.69e+02  1.33e+05     7s
   2   1.04904946e+04 -2.73933367e+06  3.95e+08 1.72e+02  1.34e+05     7s
   3   1.04908582e+04 -2.77495217e+06  3.95e+08 1.56e+02  1.34e+05     8s
   4   1.04907968e+04 -2.76638190e+06  3.95e+08 1.89e+02  1.34e+05     9s
   5   1.04907355e+04 -2.76751735e+06  3.95e+08 1.91e+02  1.34e+05     9s
   6   1.04910296e+04 -2.80145706e+06  3.95e+08 1.94e+02  1.34e+05    10s
   7   1.04909969e+04 -2.81049789e+06  3.95e+08 1.76e+02  1.34e+05    11s
   8   1.04911616e+04 -2.82722026e+06  3.95e+08 1.85e+02  1.34e+05    11s
   9   1.04912289e+04 -2.86761098e+06  3.95e+08 2.17e+02  1.34e+05    12s
  10   1.04914301e+04 -2.87987566e+06  3.95e+08 2.32e+02  1.34e+05    13s
  11   1.04914295e+04 -2.89130370e+06  3.95e+08 2.39e+02  1.34e+05    13s
  12   1.04916569e+04 -2.87726709e+06  3.95e+08 2.51e+02  1.33e+05    14s
  13   1.04916818e+04 -2.88289663e+06  3.95e+08 3.23e+02  1.33e+05    15s
  14   1.04918377e+04 -2.88610621e+06  3.95e+08 3.23e+02  1.33e+05    15s
  15   1.04914446e+04 -2.88350432e+06  3.95e+08 3.12e+02  1.33e+05    16s
  16   1.04910873e+04 -2.89202122e+06  3.95e+08 3.09e+02  1.33e+05    17s
  17   1.04912831e+04 -2.90222260e+06  3.95e+08 3.16e+02  1.33e+05    17s
  18   1.04913937e+04 -2.89690713e+06  3.95e+08 2.95e+02  1.33e+05    18s
  19   1.04912458e+04 -2.91009897e+06  3.95e+08 2.94e+02  1.33e+05    19s
  20   1.04912829e+04 -2.92190320e+06  3.95e+08 5.28e+02  1.33e+05    19s
  21   1.04912986e+04 -2.91757173e+06  3.95e+08 5.26e+02  1.32e+05    20s

Barrier performed 21 iterations in 19.81 seconds (32.45 work units)
Numerical trouble encountered

Model may be infeasible or unbounded.  Consider using the
homogeneous algorithm (through parameter 'BarHomogeneous')

Iteration    Objective       Primal Inf.    Dual Inf.      Time
       0    1.0000000e+00   1.683098e+06   5.970258e+10     21s
   32011    1.0000000e+00   7.198055e+03   6.204733e+09     25s
   33374    1.0000000e+00   6.202094e+02   1.008355e+09     30s
   34724    1.0000000e+00   4.066179e+01   4.251025e+09     35s
   36334    1.0000000e+00   1.710143e+01   2.332895e+09     40s
   37804    5.7392652e-01   0.000000e+00   3.908269e-01     45s
Crossover changed status from Numeric to Optimal

Extra simplex iterations after uncrush: 2
   38419    5.7334779e-01   0.000000e+00   0.000000e+00     49s

Solved in 38419 iterations and 48.72 seconds (114.70 work units)
Optimal objective  5.733477941e-01

User-callback calls 40611, time in user-callback 2.03 sec
Discarded solution information including additional information
Set parameter Threads to value 1
Set parameter Method to value 2
Set parameter Crossover to value 1
Set parameter LPWarmStart to value 0
Set parameter PreDual to value 0
Set parameter BarConvTol to value 1e-11
Set parameter Seed to value 20260929
Set parameter FeasibilityTol to value 1e-08
Set parameter IntFeasTol to value 1e-08
Set parameter OptimalityTol to value 1e-08
Set parameter TimeLimit to value 300
