
Gurobi 13.0.2 (win64) logging started Tue Oct  6 11:26:21 2026

Set parameter LogFile to value "docs/v42_m_stage_exact_completion/logs/RMP_0042.log"
Gurobi Optimizer version 13.0.2 build v13.0.2rc1 (win64 - Windows 11+.0 (26200.2))

CPU model: 13th Gen Intel(R) Core(TM) i7-13620H, instruction set [SSE2|AVX|AVX2]
Thread count: 10 physical cores, 16 logical processors, using up to 1 threads

Non-default parameters:
TimeLimit  300
FeasibilityTol  1e-08
IntFeasTol  1e-08
OptimalityTol  1e-08
Method  2
LPWarmStart  0
BarConvTol  1e-11
Crossover  1
PreDual  0
LogToConsole  0
Seed  20260929
Threads  1

Optimize a model with 679959 rows, 83042 columns and 7508580 nonzeros (Min)
Model fingerprint: 0xfc39ca40
Model has 1 linear objective coefficients
Coefficient statistics:
  Matrix range     [1e-13, 4e+02]
  Objective range  [1e+00, 1e+00]
  Bounds range     [1e+00, 1e+00]
  RHS range        [2e-24, 2e+03]
Warning: Model contains large matrix coefficient range
         Consider reformulating model or setting NumericFocus parameter
         to avoid numerical issues.

Presolve time: 2.11s
Presolved: 189845 rows, 63293 columns, 2765345 nonzeros

Ordering time: 1.56s

Barrier statistics:
 Dense cols : 3909
 AA' NZ     : 3.877e+06
 Factor NZ  : 1.495e+07 (roughly 220 MB of memory)
 Factor Ops : 2.635e+10 (roughly 1 second per iteration)
 Threads    : 1

                  Objective                Residual
Iter       Primal          Dual         Primal    Dual     Compl     Time
   0   1.00118357e+04 -2.91178306e+06  4.07e+08 0.00e+00  1.27e+05     6s
   1   1.00118541e+04 -2.95204234e+06  4.07e+08 4.98e+02  1.28e+05     7s
   2   1.00151072e+04 -3.10922637e+06  4.07e+08 5.99e+02  1.28e+05     8s
   3   1.00155096e+04 -3.00150521e+06  4.07e+08 4.13e+03  1.28e+05     9s
   4   1.00155104e+04 -3.00050621e+06  4.07e+08 4.14e+03  1.28e+05     9s
   5   1.00155388e+04 -3.09020950e+06  4.07e+08 2.53e+03  1.28e+05    10s
   6   1.00155491e+04 -3.10784407e+06  4.07e+08 2.84e+03  1.28e+05    11s
   7   1.00237682e+04 -3.21498687e+06  4.06e+08 2.62e+03  1.28e+05    12s
   8   1.00238335e+04 -3.28804556e+06  4.06e+08 6.55e+02  1.28e+05    12s
   9   1.00238496e+04 -3.27368104e+06  4.06e+08 6.59e+02  1.28e+05    13s
  10   1.00238382e+04 -3.27601234e+06  4.06e+08 6.70e+02  1.28e+05    14s
  11   1.00239406e+04 -3.30956760e+06  4.06e+08 6.53e+02  1.28e+05    15s
  12   1.00241334e+04 -3.27614224e+06  4.06e+08 6.85e+02  1.27e+05    15s
  13   1.00242212e+04 -3.27764721e+06  4.06e+08 6.65e+02  1.27e+05    16s
  14   1.00242617e+04 -3.27795228e+06  4.06e+08 6.67e+02  1.27e+05    17s
  15   1.00244779e+04 -3.21991279e+06  4.06e+08 4.06e+03  1.27e+05    18s
  16   1.00246325e+04 -3.21782135e+06  4.06e+08 4.07e+03  1.27e+05    18s
  17   1.00247680e+04 -3.17485855e+06  4.06e+08 5.30e+03  1.27e+05    19s
  18   1.00243169e+04 -3.17620560e+06  4.06e+08 5.29e+03  1.27e+05    20s
  19   1.00243119e+04 -3.17107306e+06  4.06e+08 5.49e+03  1.27e+05    21s
  20   1.00250299e+04 -3.17577656e+06  4.06e+08 5.99e+03  1.27e+05    22s
  21   1.00252291e+04 -3.18078188e+06  4.06e+08 5.95e+03  1.27e+05    22s

Barrier performed 21 iterations in 22.25 seconds (35.58 work units)
Numerical trouble encountered

Model may be infeasible or unbounded.  Consider using the
homogeneous algorithm (through parameter 'BarHomogeneous')

Iteration    Objective       Primal Inf.    Dual Inf.      Time
       0    1.0000000e+00   1.700504e+06   6.145998e+10     23s
   28620    1.0000000e+00   1.466060e+05   1.954341e+10     25s
   33997    1.0000000e+00   2.217398e+03   3.757726e+09     30s
   35247    1.0000000e+00   3.639405e+02   5.728776e+08     36s
   36547    5.9075794e-01   0.000000e+00   3.222389e+01     40s
   37707    5.7310030e-01   0.000000e+00   4.594859e-02     45s
Crossover changed status from Numeric to Optimal
   38143    5.7296958e-01   0.000000e+00   0.000000e+00     48s

Solved in 38143 iterations and 47.64 seconds (104.49 work units)
Optimal objective  5.729695797e-01

User-callback calls 40415, time in user-callback 1.96 sec
Discarded solution information including additional information
Set parameter Threads to value 1
Set parameter Method to value 2
Set parameter Crossover to value 1
Set parameter LPWarmStart to value 0
Set parameter PreDual to value 0
Set parameter BarConvTol to value 1e-11
Set parameter Seed to value 20260929
Set parameter FeasibilityTol to value 1e-08
Set parameter IntFeasTol to value 1e-08
Set parameter OptimalityTol to value 1e-08
Set parameter TimeLimit to value 300
