
Gurobi 13.0.2 (win64) logging started Tue Oct  6 11:21:54 2026

Set parameter LogFile to value "docs/v42_m_stage_exact_completion/logs/RMP_0039.log"
Gurobi Optimizer version 13.0.2 build v13.0.2rc1 (win64 - Windows 11+.0 (26200.2))

CPU model: 13th Gen Intel(R) Core(TM) i7-13620H, instruction set [SSE2|AVX|AVX2]
Thread count: 10 physical cores, 16 logical processors, using up to 1 threads

Non-default parameters:
TimeLimit  300
FeasibilityTol  1e-08
IntFeasTol  1e-08
OptimalityTol  1e-08
Method  2
LPWarmStart  0
BarConvTol  1e-11
Crossover  1
PreDual  0
LogToConsole  0
Seed  20260929
Threads  1

Optimize a model with 679959 rows, 82994 columns and 7496131 nonzeros (Min)
Model fingerprint: 0x62267295
Model has 1 linear objective coefficients
Coefficient statistics:
  Matrix range     [1e-13, 4e+02]
  Objective range  [1e+00, 1e+00]
  Bounds range     [1e+00, 1e+00]
  RHS range        [2e-24, 2e+03]
Warning: Model contains large matrix coefficient range
         Consider reformulating model or setting NumericFocus parameter
         to avoid numerical issues.

Presolve time: 1.95s
Presolved: 185771 rows, 62170 columns, 2710387 nonzeros

Ordering time: 1.42s

Barrier statistics:
 Dense cols : 3854
 AA' NZ     : 3.777e+06
 Factor NZ  : 1.427e+07 (roughly 200 MB of memory)
 Factor Ops : 2.416e+10 (less than 1 second per iteration)
 Threads    : 1

                  Objective                Residual
Iter       Primal          Dual         Primal    Dual     Compl     Time
   0   7.06708500e+03 -2.70769002e+06  2.86e+08 0.00e+00  8.99e+04     6s
   1   7.06704628e+03 -2.75270115e+06  2.86e+08 1.26e+03  8.99e+04     7s
   2   7.06717279e+03 -2.77962323e+06  2.86e+08 1.42e+03  8.99e+04     7s
   3   7.06734065e+03 -2.78803095e+06  2.86e+08 1.41e+03  9.00e+04     8s
   4   7.06762334e+03 -2.78122369e+06  2.86e+08 1.38e+03  8.99e+04     9s
   5   7.06762355e+03 -3.15453883e+06  2.86e+08 1.06e+04  8.99e+04     9s
   6   7.06764917e+03 -3.15837209e+06  2.86e+08 1.06e+04  8.99e+04    10s
   7   7.06767408e+03 -3.15150189e+06  2.86e+08 1.04e+04  8.99e+04    11s
   8   7.06771543e+03 -3.14965130e+06  2.86e+08 1.04e+04  8.99e+04    11s
   9   7.06754711e+03 -3.14753521e+06  2.86e+08 1.04e+04  8.99e+04    12s
  10   7.06757745e+03 -3.17156484e+06  2.86e+08 1.04e+04  8.99e+04    13s
  11   7.06741010e+03 -3.17294492e+06  2.86e+08 1.05e+04  8.99e+04    13s
  12   7.06744365e+03 -3.15172999e+06  2.86e+08 1.06e+04  8.96e+04    14s
  13   7.06749368e+03 -3.15504355e+06  2.86e+08 1.04e+04  8.94e+04    15s
  14   7.06750037e+03 -3.15613252e+06  2.86e+08 1.05e+04  8.93e+04    15s
  15   7.06752221e+03 -3.17310441e+06  2.86e+08 1.03e+04  8.92e+04    16s
  16   7.06749613e+03 -3.16988222e+06  2.86e+08 1.03e+04  8.91e+04    17s
  17   7.06748127e+03 -3.17016374e+06  2.86e+08 1.02e+04  8.91e+04    17s
  18   7.06739593e+03 -3.17293832e+06  2.86e+08 1.01e+04  8.91e+04    18s
  19   7.06735765e+03 -3.17115686e+06  2.86e+08 1.01e+04  8.90e+04    19s
  20   7.06737171e+03 -3.17581160e+06  2.86e+08 1.02e+04  8.90e+04    19s
  21   7.06737146e+03 -3.17678546e+06  2.86e+08 1.02e+04  8.90e+04    20s

Barrier performed 21 iterations in 19.89 seconds (33.98 work units)
Numerical trouble encountered

Model may be infeasible or unbounded.  Consider using the
homogeneous algorithm (through parameter 'BarHomogeneous')

Iteration    Objective       Primal Inf.    Dual Inf.      Time
       0    1.0000000e+00   1.699339e+06   6.048628e+10     21s
   30404    1.0000000e+00   5.441177e+04   1.695437e+10     25s
   33701    1.0000000e+00   9.683646e+02   3.071926e+09     30s
   35001    1.0000000e+00   2.382777e+02   3.488948e+08     35s
   36511    1.0000000e+00   5.527968e+01   2.573257e+08     40s
   38001    5.7568598e-01   0.000000e+00   4.211020e-02     45s
Crossover changed status from Numeric to Optimal
   38874    5.7309943e-01   0.000000e+00   0.000000e+00     49s

Solved in 38874 iterations and 49.17 seconds (119.09 work units)
Optimal objective  5.730994267e-01

User-callback calls 41048, time in user-callback 1.81 sec
Discarded solution information including additional information
Set parameter Threads to value 1
Set parameter Method to value 2
Set parameter Crossover to value 1
Set parameter LPWarmStart to value 0
Set parameter PreDual to value 0
Set parameter BarConvTol to value 1e-11
Set parameter Seed to value 20260929
Set parameter FeasibilityTol to value 1e-08
Set parameter IntFeasTol to value 1e-08
Set parameter OptimalityTol to value 1e-08
Set parameter TimeLimit to value 300
