
Gurobi 13.0.2 (win64) logging started Tue Oct  6 11:19:10 2026

Set parameter LogFile to value "docs/v42_m_stage_exact_completion/logs/RMP_0037.log"
Gurobi Optimizer version 13.0.2 build v13.0.2rc1 (win64 - Windows 11+.0 (26200.2))

CPU model: 13th Gen Intel(R) Core(TM) i7-13620H, instruction set [SSE2|AVX|AVX2]
Thread count: 10 physical cores, 16 logical processors, using up to 1 threads

Non-default parameters:
TimeLimit  300
FeasibilityTol  1e-08
IntFeasTol  1e-08
OptimalityTol  1e-08
Method  2
LPWarmStart  0
BarConvTol  1e-11
Crossover  1
PreDual  0
LogToConsole  0
Seed  20260929
Threads  1

Optimize a model with 679959 rows, 82962 columns and 7485676 nonzeros (Min)
Model fingerprint: 0xff1fd9a2
Model has 1 linear objective coefficients
Coefficient statistics:
  Matrix range     [1e-13, 4e+02]
  Objective range  [1e+00, 1e+00]
  Bounds range     [1e+00, 1e+00]
  RHS range        [2e-24, 2e+03]
Warning: Model contains large matrix coefficient range
         Consider reformulating model or setting NumericFocus parameter
         to avoid numerical issues.

Presolve time: 2.00s
Presolved: 185332 rows, 62060 columns, 2694193 nonzeros

Ordering time: 1.38s

Barrier statistics:
 Dense cols : 3838
 AA' NZ     : 3.744e+06
 Factor NZ  : 1.407e+07 (roughly 200 MB of memory)
 Factor Ops : 2.363e+10 (less than 1 second per iteration)
 Threads    : 1

                  Objective                Residual
Iter       Primal          Dual         Primal    Dual     Compl     Time
   0   7.07400077e+03 -2.70737043e+06  2.78e+08 0.00e+00  9.00e+04     6s
   1   7.07420586e+03 -2.73947798e+06  2.78e+08 9.57e+01  9.01e+04     6s
   2   7.07420142e+03 -2.76145769e+06  2.78e+08 9.81e+01  9.01e+04     7s
   3   7.07422556e+03 -2.77096338e+06  2.78e+08 1.21e+02  9.01e+04     8s
   4   7.07419205e+03 -2.78311135e+06  2.78e+08 1.40e+02  9.01e+04     8s
   5   7.07448215e+03 -2.79900462e+06  2.78e+08 1.42e+02  9.02e+04     9s
   6   7.07457975e+03 -2.80387670e+06  2.78e+08 1.41e+02  9.02e+04    10s
   7   7.07455217e+03 -2.82777715e+06  2.78e+08 3.54e+02  9.02e+04    10s
   8   7.07465082e+03 -2.83680264e+06  2.78e+08 4.02e+02  9.01e+04    11s
   9   7.07483460e+03 -2.89750475e+06  2.78e+08 2.56e+02  9.02e+04    12s
  10   7.07526417e+03 -2.91828044e+06  2.78e+08 2.18e+02  9.03e+04    12s
  11   7.07527106e+03 -2.92675491e+06  2.78e+08 2.25e+02  9.03e+04    13s
  12   7.07525085e+03 -2.90012271e+06  2.78e+08 2.43e+02  9.00e+04    14s
  13   7.07531015e+03 -2.89952703e+06  2.78e+08 2.46e+02  8.99e+04    14s
  14   7.07542309e+03 -2.90021809e+06  2.78e+08 2.67e+02  8.98e+04    15s
  15   7.07590450e+03 -2.92413253e+06  2.78e+08 2.60e+02  8.98e+04    16s
  16   7.07592474e+03 -2.95904616e+06  2.78e+08 1.32e+03  8.98e+04    16s
  17   7.07613452e+03 -2.95201865e+06  2.78e+08 1.24e+03  8.97e+04    17s
  18   7.07595837e+03 -2.93785425e+06  2.78e+08 1.21e+03  8.96e+04    18s
  19   7.07599635e+03 -2.91817591e+06  2.78e+08 1.06e+03  8.94e+04    18s
  20   7.07599552e+03 -2.92020591e+06  2.78e+08 1.06e+03  8.94e+04    19s
  21   7.07611143e+03 -2.93039399e+06  2.78e+08 1.06e+03  8.94e+04    20s

Barrier performed 21 iterations in 19.73 seconds (33.36 work units)
Numerical trouble encountered

Model may be infeasible or unbounded.  Consider using the
homogeneous algorithm (through parameter 'BarHomogeneous')

Iteration    Objective       Primal Inf.    Dual Inf.      Time
       0    1.0000000e+00   1.692761e+06   6.010504e+10     21s
   31201    1.0000000e+00   3.314597e+04   3.731847e+10     25s
   33944    1.0000000e+00   5.005431e+02   7.452432e+08     30s
   35264    6.4444890e-01   0.000000e+00   1.350274e+01     35s
   36574    5.7353839e-01   0.000000e+00   2.729239e+00     40s
Crossover changed status from Numeric to Optimal
   37064    5.7325370e-01   0.000000e+00   0.000000e+00     42s

Solved in 37064 iterations and 42.46 seconds (99.58 work units)
Optimal objective  5.732537005e-01

User-callback calls 39228, time in user-callback 1.60 sec
Discarded solution information including additional information
Set parameter Threads to value 1
Set parameter Method to value 2
Set parameter Crossover to value 1
Set parameter LPWarmStart to value 0
Set parameter PreDual to value 0
Set parameter BarConvTol to value 1e-11
Set parameter Seed to value 20260929
Set parameter FeasibilityTol to value 1e-08
Set parameter IntFeasTol to value 1e-08
Set parameter OptimalityTol to value 1e-08
Set parameter TimeLimit to value 300
