
Gurobi 13.0.2 (win64) logging started Tue Oct  6 11:06:41 2026

Set parameter LogFile to value "docs/v42_m_stage_exact_completion/logs/RMP_0032.log"
Gurobi Optimizer version 13.0.2 build v13.0.2rc1 (win64 - Windows 11+.0 (26200.2))

CPU model: 13th Gen Intel(R) Core(TM) i7-13620H, instruction set [SSE2|AVX|AVX2]
Thread count: 10 physical cores, 16 logical processors, using up to 1 threads

Non-default parameters:
TimeLimit  300
FeasibilityTol  1e-08
IntFeasTol  1e-08
OptimalityTol  1e-08
Method  2
LPWarmStart  0
BarConvTol  1e-11
Crossover  1
PreDual  0
LogToConsole  0
Seed  20260929
Threads  1

Optimize a model with 679959 rows, 82882 columns and 7455146 nonzeros (Min)
Model fingerprint: 0xa18d7bd3
Model has 1 linear objective coefficients
Coefficient statistics:
  Matrix range     [1e-13, 4e+02]
  Objective range  [1e+00, 1e+00]
  Bounds range     [1e+00, 1e+00]
  RHS range        [2e-24, 2e+03]
Warning: Model contains large matrix coefficient range
         Consider reformulating model or setting NumericFocus parameter
         to avoid numerical issues.

Presolve time: 2.02s
Presolved: 179125 rows, 60731 columns, 2597819 nonzeros

Ordering time: 1.38s

Barrier statistics:
 Dense cols : 3756
 AA' NZ     : 3.578e+06
 Factor NZ  : 1.312e+07 (roughly 200 MB of memory)
 Factor Ops : 2.070e+10 (less than 1 second per iteration)
 Threads    : 1

                  Objective                Residual
Iter       Primal          Dual         Primal    Dual     Compl     Time
   0   9.68313167e+03 -2.78434237e+06  3.38e+08 0.00e+00  1.23e+05     6s
   1   9.68354802e+03 -2.79802500e+06  3.38e+08 5.47e+01  1.23e+05     6s
   2   9.68350368e+03 -2.82259917e+06  3.38e+08 7.10e+01  1.23e+05     7s
   3   9.68355780e+03 -2.82411593e+06  3.38e+08 7.44e+01  1.23e+05     8s
   4   9.68359018e+03 -2.82413768e+06  3.38e+08 7.32e+01  1.23e+05     8s
   5   9.68355091e+03 -2.82376701e+06  3.38e+08 7.04e+01  1.23e+05     9s
   6   9.68356210e+03 -2.82445414e+06  3.38e+08 6.19e+01  1.23e+05     9s
   7   9.68379793e+03 -2.86987741e+06  3.38e+08 1.09e+02  1.23e+05    10s
   8   9.68371406e+03 -2.86869942e+06  3.38e+08 1.03e+02  1.23e+05    11s
   9   9.68371318e+03 -2.86727497e+06  3.38e+08 2.51e+02  1.23e+05    11s
  10   9.68399278e+03 -2.89128025e+06  3.38e+08 2.59e+02  1.23e+05    12s
  11   9.68347265e+03 -2.92968560e+06  3.38e+08 2.48e+02  1.23e+05    13s
  12   9.68354283e+03 -2.90350142e+06  3.38e+08 2.55e+02  1.23e+05    13s
  13   9.68339597e+03 -2.90959646e+06  3.38e+08 2.34e+02  1.23e+05    14s
  14   9.68338696e+03 -2.90239307e+06  3.38e+08 2.34e+02  1.23e+05    14s
  15   9.68339039e+03 -2.90276933e+06  3.38e+08 5.00e+02  1.23e+05    15s
  16   9.68352527e+03 -2.90030271e+06  3.38e+08 4.87e+02  1.22e+05    16s
  17   9.68362485e+03 -2.91317530e+06  3.38e+08 4.76e+02  1.22e+05    16s
  18   9.68350741e+03 -2.91146822e+06  3.38e+08 4.76e+02  1.22e+05    17s
  19   9.68348412e+03 -2.91716439e+06  3.38e+08 4.71e+02  1.22e+05    17s
  20   9.68341148e+03 -2.91978202e+06  3.38e+08 4.73e+02  1.22e+05    18s
  21   9.68343795e+03 -2.91954309e+06  3.38e+08 4.73e+02  1.22e+05    19s

Barrier performed 21 iterations in 18.61 seconds (30.88 work units)
Numerical trouble encountered

Model may be infeasible or unbounded.  Consider using the
homogeneous algorithm (through parameter 'BarHomogeneous')

Iteration    Objective       Primal Inf.    Dual Inf.      Time
       0    1.0000000e+00   1.694422e+06   5.850937e+10     20s
   20528    1.0000000e+00   3.207040e+05   1.380145e+10     20s
   32147    1.0000000e+00   4.355089e+03   7.544685e+09     25s
   33519    1.0000000e+00   6.665462e+02   2.392846e+08     30s
   35059    8.0839798e-01   3.760520e+01   6.140040e+06     35s
   36619    5.7682412e-01   0.000000e+00   3.050447e+00     40s
Crossover changed status from Numeric to Optimal
   37466    5.7358230e-01   0.000000e+00   0.000000e+00     44s

Solved in 37466 iterations and 44.26 seconds (103.10 work units)
Optimal objective  5.735823012e-01

User-callback calls 39632, time in user-callback 1.89 sec
Discarded solution information including additional information
Set parameter Threads to value 1
Set parameter Method to value 2
Set parameter Crossover to value 1
Set parameter LPWarmStart to value 0
Set parameter PreDual to value 0
Set parameter BarConvTol to value 1e-11
Set parameter Seed to value 20260929
Set parameter FeasibilityTol to value 1e-08
Set parameter IntFeasTol to value 1e-08
Set parameter OptimalityTol to value 1e-08
Set parameter TimeLimit to value 300
