
Gurobi 13.0.2 (win64) logging started Thu Oct  8 16:38:01 2026

Set parameter LogFile to value "D:\v42_may12_p1_exact_rescue_20261008\docs\v42_may12_p1_exact_rescue_20261008\P1\S0\PRICE\B\9c18560120c4\NATIVE_SOLVER.log"
Set parameter TimeLimit to value 60
Gurobi Optimizer version 13.0.2 build v13.0.2rc1 (win64 - Windows 11+.0 (26200.2))

CPU model: 13th Gen Intel(R) Core(TM) i7-13620H, instruction set [SSE2|AVX|AVX2]
Thread count: 10 physical cores, 16 logical processors, using up to 1 threads

Non-default parameters:
TimeLimit  60
MIPGap  0.005
Method  2
MIPFocus  3
NodeMethod  1
LogToConsole  0
Seed  20260929
Threads  1

Optimize a model with 13949 rows, 14069 columns and 61987 nonzeros (Min)
Model fingerprint: 0xe53e82b5
Model has 1509 linear objective coefficients
Coefficient statistics:
  Matrix range     [1e+00, 8e+04]
  Objective range  [3e-21, 8e-05]
  Bounds range     [4e+01, 3e+06]
  RHS range        [4e+01, 3e+06]

Presolve removed 5603 rows and 3358 columns
Presolve time: 0.02s
Presolved: 8346 rows, 10711 columns, 44064 nonzeros

Ordering time: 0.01s

Barrier statistics:
 Dense cols : 25
 AA' NZ     : 5.282e+04
 Factor NZ  : 2.038e+05 (roughly 10 MB of memory)
 Factor Ops : 8.016e+06 (less than 1 second per iteration)
 Threads    : 1

                  Objective                Residual
Iter       Primal          Dual         Primal    Dual     Compl     Time
   0  -1.63212781e+00 -1.01300353e+02  9.10e+04 0.00e+00  1.42e+01     0s
   1  -1.01130253e+00 -5.56068661e+01  5.63e+04 7.32e-07  7.12e+00     0s
   2  -1.52213603e-01 -3.88393644e+01  8.24e+03 6.03e-07  1.57e+00     0s
   3  -3.92755420e-02 -1.18251153e+01  2.08e+03 4.87e-07  4.02e-01     0s
   4  -1.43084597e-02 -2.98932005e+00  7.29e+02 2.51e-06  1.14e-01     0s
   5  -1.78530768e-03 -9.58165706e-01  6.21e+01 1.59e-06  2.35e-02     0s
   6  -6.82384369e-04 -1.63773753e-01  3.12e+00 4.02e-08  3.41e-03     0s
   7  -6.68519946e-04 -3.71753095e-02  7.29e-01 8.48e-09  7.44e-04     0s
   8  -7.87914156e-04 -1.31154346e-02  2.84e-01 2.94e-09  2.50e-04     0s
   9  -1.29022551e-03 -1.05162034e-02  1.21e-01 2.21e-09  1.86e-04     0s
  10  -1.48604723e-03 -8.55615565e-03  9.32e-02 1.71e-09  1.43e-04     0s
  11  -1.59159896e-03 -8.26825148e-03  8.42e-02 1.62e-09  1.35e-04     0s
  12  -1.87754862e-03 -6.62446334e-03  5.94e-02 1.33e-09  9.62e-05     0s
  13  -2.38290341e-03 -3.78163635e-03  1.80e-02 3.64e-10  2.84e-05     0s
  14  -2.58679350e-03 -3.13554054e-03  7.48e-03 3.33e-10  1.12e-05     0s
  15  -2.70231685e-03 -2.95477105e-03  3.20e-03 3.36e-10  5.14e-06     0s
  16  -2.78885010e-03 -2.83140646e-03  3.77e-04 9.84e-11  8.62e-07     0s
  17  -2.80079147e-03 -2.80797001e-03  6.03e-05 4.54e-11  1.45e-07     0s
  18  -2.80312715e-03 -2.80341874e-03  1.86e-06 3.28e-12  5.89e-09     0s
  19  -2.80323110e-03 -2.80323111e-03  1.23e-10 2.27e-13  2.77e-13     0s

Barrier solved model in 19 iterations and 0.13 seconds (0.19 work units)
Optimal objective -2.80323110e-03

Crossover log...

    4279 DPushes remaining with DInf 0.0000000e+00                 0s
       0 DPushes remaining with DInf 0.0000000e+00                 0s

    1759 PPushes remaining with PInf 0.0000000e+00                 0s
       0 PPushes remaining with PInf 0.0000000e+00                 0s

  Push phase complete: Pinf 0.0000000e+00, Dinf 2.5448393e-14      0s

Crossover time: 0.05 seconds (0.04 work units)
Iteration    Objective       Primal Inf.    Dual Inf.      Time
    5337   -2.8032311e-03   0.000000e+00   0.000000e+00      0s

Solved in 5337 iterations and 0.19 seconds (0.23 work units)
Optimal objective -2.803231106e-03

User-callback calls 6308, time in user-callback 0.03 sec
