
Gurobi 13.0.2 (win64) logging started Thu Oct  8 19:47:44 2026

Set parameter OutputFlag to value 1
Set parameter LogToConsole to value 0
Set parameter NodefileDir to value "D:\v42_m1_global_physical_proof_20261008\docs\v42_m1_global_physical_proof_20261008\tmp"
Gurobi Optimizer version 13.0.2 build v13.0.2rc1 (win64 - Windows 11+.0 (26200.2))

CPU model: 13th Gen Intel(R) Core(TM) i7-13620H, instruction set [SSE2|AVX|AVX2]
Thread count: 10 physical cores, 16 logical processors, using up to 1 threads

Non-default parameters:
TimeLimit  575
FeasibilityTol  1e-08
IntFeasTol  1e-08
MIPGap  0.005
OptimalityTol  1e-08
Method  2
Crossover  2
DegenMoves  0
MIPFocus  3
NodeMethod  1
DualReductions  0
LogToConsole  0
Seed  20260929
Threads  1

Optimize a model with 35962 rows, 61024 columns and 310935 nonzeros (Max)
Model fingerprint: 0xac84e572
Model has 2298 linear objective coefficients
Variable types: 58695 continuous, 2329 integer (2329 binary)
Coefficient statistics:
  Matrix range     [2e-01, 4e+02]
  Objective range  [3e-16, 8e-06]
  Bounds range     [1e+00, 1e+03]
  RHS range        [1e+00, 1e+03]

Presolve removed 23 rows and 23 columns
Presolve time: 0.21s
Presolved: 35939 rows, 61001 columns, 261660 nonzeros
Variable types: 58672 continuous, 2329 integer (2329 binary)
Found heuristic solution: objective 0.0021008
Root relaxation presolved: 35939 rows, 61001 columns, 261660 nonzeros

Root barrier log...

Ordering time: 0.05s

Barrier statistics:
 Dense cols : 1
 AA' NZ     : 4.376e+05
 Factor NZ  : 1.211e+06 (roughly 50 MB of memory)
 Factor Ops : 1.127e+08 (less than 1 second per iteration)
 Threads    : 1

                  Objective                Residual
Iter       Primal          Dual         Primal    Dual     Compl     Time
   0  -6.90602054e-02  3.42481259e+04  2.28e+04 1.21e-04  4.39e+00     1s
   1   1.17531778e-01  3.09027868e+04  3.32e+03 6.09e-03  7.12e-01     1s
   2  -1.85715468e-02  1.24533925e+04  6.09e+02 2.57e-04  1.51e-01     1s
   3  -3.18549501e-02  3.67972190e+03  1.60e+02 2.97e-05  3.84e-02     1s
   4   4.86698249e-02  2.92822912e+03  5.88e+01 1.92e-05  2.45e-02     1s
   5   6.64927179e-02  2.52217644e+03  3.60e+01 1.54e-05  2.00e-02     1s
   6   7.38616066e-02  2.16355488e+03  2.77e+01 1.20e-05  1.71e-02     1s
   7   7.88416465e-02  1.86283344e+03  2.12e+01 1.04e-05  1.47e-02     1s
   8   7.71598380e-02  1.37609073e+03  1.75e+01 8.14e-06  1.15e-02     1s
   9   6.69165288e-02  1.22264315e+03  1.28e+01 6.74e-06  1.01e-02     1s
  10   8.52613776e-03  5.12941446e+02  6.03e+00 7.16e-15  4.39e-03     1s
  11   2.40372412e-03  1.55370540e+02  3.66e+00 4.36e-15  1.67e-03     1s
  12  -3.54678942e-03  8.68690776e+01  6.90e-01 3.65e-15  6.82e-04     1s
  13  -4.59683355e-03  1.64804480e+01  6.56e-02 3.49e-15  1.12e-04     1s
  14  -2.74276027e-03  1.85130210e+00  1.07e-11 3.03e-09  1.21e-05     1s
  15   3.98099375e-03  1.94956172e-01  1.16e-11 3.55e-16  1.24e-06     1s
  16   6.81931936e-03  4.52793865e-02  1.47e-11 6.79e-17  2.51e-07     1s
  17   9.45232684e-03  2.97013084e-02  1.51e-11 3.41e-17  1.32e-07     1s
  18   1.01016624e-02  2.07683232e-02  1.67e-11 1.82e-17  6.95e-08     1s
  19   1.05218165e-02  1.69840820e-02  1.20e-11 1.09e-17  4.21e-08     1s
  20   1.07528221e-02  1.45128849e-02  9.21e-12 5.98e-18  2.45e-08     1s
  21   1.07852915e-02  1.30305550e-02  8.55e-12 3.74e-18  1.46e-08     1s
  22   1.08325448e-02  1.23634867e-02  9.07e-12 2.96e-18  9.98e-09     1s
  23   1.09581269e-02  1.19942394e-02  7.91e-12 2.61e-18  6.75e-09     1s
  24   1.09924276e-02  1.14540534e-02  5.82e-12 1.79e-18  3.01e-09     1s
  25   1.10638506e-02  1.12926281e-02  1.66e-11 1.78e-18  1.49e-09     1s
  26   1.10887154e-02  1.11912346e-02  1.63e-11 1.64e-18  6.68e-10     1s
  27   1.11186520e-02  1.11500076e-02  1.82e-11 1.63e-18  2.04e-10     1s
  28   1.11238661e-02  1.11374619e-02  1.03e-11 1.41e-12  8.87e-11     1s
  29   1.11245184e-02  1.11292221e-02  6.68e-12 6.86e-12  3.08e-11     2s
  30   1.11252749e-02  1.11272923e-02  2.55e-12 8.50e-12  1.34e-11     2s
  31   1.11255584e-02  1.11258959e-02  6.22e-12 1.20e-11  2.34e-12     2s
  32   1.11256111e-02  1.11256297e-02  1.92e-11 6.30e-12  1.47e-13     2s
  33   1.11256190e-02  1.11256185e-02  1.20e-12 6.57e-12  7.91e-15     2s

Barrier solved model in 33 iterations and 1.63 seconds (2.05 work units)
Optimal objective 1.11256190e-02

Crossover time: 0.63 seconds (0.81 work units)

Root relaxation: objective 1.112532e-02, 40923 iterations, 1.89 seconds (2.31 work units)

    Nodes    |    Current Node    |     Objective Bounds      |     Work
 Expl Unexpl |  Obj  Depth IntInf | Incumbent    BestBd   Gap | It/Node Time

     0     0    0.01113    0 1439    0.00210    0.01113   430%     -    2s
H    0     0                       0.0110869    0.01113  0.35%     -    2s

Explored 1 nodes (40923 simplex iterations) in 2.45 seconds (3.07 work units)
Thread count was 1 (of 16 available processors)

Solution count 2: 0.0110869 0.00210079 

Optimal solution found (tolerance 5.00e-03)
Best objective 1.108694727571e-02, best bound 1.112531752790e-02, gap 0.3461%

User-callback calls 700, time in user-callback 0.00 sec
