
Gurobi 13.0.2 (win64) logging started Mon Sep  7 17:59:52 2026

Set parameter LogFile to value "C:\codex_mobileess_workspace\MobileESS_v41r1_premay_voltage_security_margin\dayahead\artifacts\v41r1_first_improvement\KNOWN_P1_PAIR_r2\SOLVER.log"
Set parameter WorkLimit to value 1e+100
Set parameter SolutionLimit to value 1
Set parameter MIPFocus to value 1
Set parameter MIPGap to value 0.0001
Set parameter MIPGapAbs to value 0
Set parameter TimeLimit to value 20
Gurobi Optimizer version 13.0.2 build v13.0.2rc1 (win64 - Windows 11+.0 (26200.2))

CPU model: 13th Gen Intel(R) Core(TM) i7-13620H, instruction set [SSE2|AVX|AVX2]
Thread count: 10 physical cores, 16 logical processors, using up to 4 threads

Non-default parameters:
SolutionLimit  1
TimeLimit  20
FeasibilityTol  1e-09
IntFeasTol  1e-09
MIPGapAbs  0
OptimalityTol  1e-09
Method  1
MIPFocus  1
NodefileStart  0.5
LogToConsole  0
Seed  20260905
Threads  4

Optimize a model with 746775 rows, 965530 columns and 6693925 nonzeros (Min)
Model fingerprint: 0x04212e9f
Model has 0 linear objective coefficients
Model has 5247 simple general constraints
  1023 MAX, 3072 INDICATOR, 1152 PWL
Variable types: 137074 continuous, 828456 integer (407440 binary)
Coefficient statistics:
  Matrix range     [1e-13, 1e+03]
  Objective range  [0e+00, 0e+00]
  Bounds range     [5e-01, 1e+02]
  RHS range        [5e-09, 2e+03]
  PWLCon x range   [1e+00, 8e+01]
  PWLCon y range   [9e+00, 6e+01]
  GenCon rhs range [3e+01, 3e+01]
  GenCon coe range [1e+00, 1e+02]
  GenCon const rng [2e+01, 1e+02]
Warning: Model contains large matrix coefficient range
         Consider reformulating model or setting NumericFocus parameter
         to avoid numerical issues.

User MIP start did not produce a new incumbent solution
User MIP start violates constraint FO_TEMPORARY_ACTIVE_OBJECTIVE_IMPROVEMENT by 0.000010000

Presolve removed 735404 rows and 949054 columns
Presolve time: 0.65s
Presolved: 11371 rows, 16476 columns, 40321 nonzeros
Presolved model has 729 SOS constraint(s)
Variable types: 5857 continuous, 10619 integer (4154 binary)
Performing another presolve...
Presolve removed 11258 rows and 16078 columns
Presolve time: 0.13s

Root relaxation: objective 0.000000e+00, 63 iterations, 0.00 seconds (0.00 work units)

    Nodes    |    Current Node    |     Objective Bounds      |     Work
 Expl Unexpl |  Obj  Depth IntInf | Incumbent    BestBd   Gap | It/Node Time

     0     0    0.00000    0   25          -    0.00000      -     -    0s
H    0     0                       0.0000000    0.00000  0.00%     -    0s
     0     0    0.00000    0   25    0.00000    0.00000  0.00%     -    0s

Explored 1 nodes (100 simplex iterations) in 1.10 seconds (1.38 work units)
Thread count was 4 (of 16 available processors)

Solution count 1: 0 

Optimal solution found (tolerance 1.00e-04)
Best objective 0.000000000000e+00, best bound 0.000000000000e+00, gap 0.0000%

User-callback calls 384, time in user-callback 0.00 sec
Set parameter WorkLimit to value 1e+100
Set parameter SolutionLimit to value 1
Set parameter MIPFocus to value 1
Set parameter MIPGap to value 0.0001
Set parameter MIPGapAbs to value 0
Set parameter TimeLimit to value 20
Gurobi Optimizer version 13.0.2 build v13.0.2rc1 (win64 - Windows 11+.0 (26200.2))

CPU model: 13th Gen Intel(R) Core(TM) i7-13620H, instruction set [SSE2|AVX|AVX2]
Thread count: 10 physical cores, 16 logical processors, using up to 4 threads

Non-default parameters:
SolutionLimit  1
TimeLimit  20
FeasibilityTol  1e-09
IntFeasTol  1e-09
MIPGapAbs  0
OptimalityTol  1e-09
Method  1
MIPFocus  1
NodefileStart  0.5
LogToConsole  0
Seed  20260905
Threads  4

Optimize a model with 746775 rows, 965530 columns and 6693925 nonzeros (Min)
Model fingerprint: 0xd37c9bd6
Model has 0 linear objective coefficients
Model has 5247 simple general constraints
  1023 MAX, 3072 INDICATOR, 1152 PWL
Variable types: 137074 continuous, 828456 integer (407440 binary)
Coefficient statistics:
  Matrix range     [1e-13, 1e+03]
  Objective range  [0e+00, 0e+00]
  Bounds range     [5e-01, 1e+02]
  RHS range        [5e-09, 2e+03]
  PWLCon x range   [1e+00, 8e+01]
  PWLCon y range   [9e+00, 6e+01]
  GenCon rhs range [3e+01, 3e+01]
  GenCon coe range [1e+00, 1e+02]
  GenCon const rng [2e+01, 1e+02]
Warning: Model contains large matrix coefficient range
         Consider reformulating model or setting NumericFocus parameter
         to avoid numerical issues.

User MIP start did not produce a new incumbent solution
User MIP start violates constraint FO_TEMPORARY_ACTIVE_OBJECTIVE_IMPROVEMENT by 0.000010000
MIP start from previous solve did not produce a new incumbent solution

Presolve removed 735394 rows and 949048 columns
Presolve time: 0.64s
Presolved: 11381 rows, 16482 columns, 40345 nonzeros
Presolved model has 729 SOS constraint(s)
Variable types: 5863 continuous, 10619 integer (4154 binary)
Performing another presolve...
Presolve removed 10970 rows and 9358 columns
Presolve time: 0.00s

Explored 1 nodes (0 simplex iterations) in 1.56 seconds (2.44 work units)
Thread count was 4 (of 16 available processors)

Solution count 0

Model is infeasible
Best objective -, best bound -, gap -

User-callback calls 381, time in user-callback 0.00 sec
Set parameter WorkLimit to value 1e+100
Set parameter SolutionLimit to value 1
Set parameter MIPFocus to value 1
Set parameter MIPGap to value 0.0001
Set parameter MIPGapAbs to value 0
Set parameter TimeLimit to value 20
Gurobi Optimizer version 13.0.2 build v13.0.2rc1 (win64 - Windows 11+.0 (26200.2))

CPU model: 13th Gen Intel(R) Core(TM) i7-13620H, instruction set [SSE2|AVX|AVX2]
Thread count: 10 physical cores, 16 logical processors, using up to 4 threads

Non-default parameters:
SolutionLimit  1
TimeLimit  20
FeasibilityTol  1e-09
IntFeasTol  1e-09
MIPGapAbs  0
OptimalityTol  1e-09
Method  1
MIPFocus  1
NodefileStart  0.5
LogToConsole  0
Seed  20260905
Threads  4

Optimize a model with 746775 rows, 965530 columns and 6693925 nonzeros (Min)
Model fingerprint: 0xd37c9bd6
Model has 0 linear objective coefficients
Model has 5247 simple general constraints
  1023 MAX, 3072 INDICATOR, 1152 PWL
Variable types: 137074 continuous, 828456 integer (407440 binary)
Coefficient statistics:
  Matrix range     [1e-13, 1e+03]
  Objective range  [0e+00, 0e+00]
  Bounds range     [5e-01, 1e+02]
  RHS range        [5e-09, 2e+03]
  PWLCon x range   [1e+00, 8e+01]
  PWLCon y range   [9e+00, 6e+01]
  GenCon rhs range [3e+01, 3e+01]
  GenCon coe range [1e+00, 1e+02]
  GenCon const rng [2e+01, 1e+02]
Warning: Model contains large matrix coefficient range
         Consider reformulating model or setting NumericFocus parameter
         to avoid numerical issues.

User MIP start did not produce a new incumbent solution
User MIP start violates constraint FO_TEMPORARY_ACTIVE_OBJECTIVE_IMPROVEMENT by 0.000010000
MIP start from previous solve did not produce a new incumbent solution

Presolve removed 735394 rows and 949048 columns
Presolve time: 0.66s
Presolved: 11381 rows, 16482 columns, 40345 nonzeros
Presolved model has 729 SOS constraint(s)
Variable types: 5863 continuous, 10619 integer (4154 binary)
Performing another presolve...
Presolve removed 10970 rows and 9358 columns
Presolve time: 0.00s

Explored 1 nodes (0 simplex iterations) in 1.57 seconds (2.44 work units)
Thread count was 4 (of 16 available processors)

Solution count 0

Model is infeasible
Best objective -, best bound -, gap -

User-callback calls 381, time in user-callback 0.00 sec
Set parameter WorkLimit to value 1e+100
Set parameter SolutionLimit to value 1
Set parameter MIPFocus to value 1
Set parameter MIPGap to value 0.0001
Set parameter MIPGapAbs to value 0
Set parameter TimeLimit to value 20
Gurobi Optimizer version 13.0.2 build v13.0.2rc1 (win64 - Windows 11+.0 (26200.2))

CPU model: 13th Gen Intel(R) Core(TM) i7-13620H, instruction set [SSE2|AVX|AVX2]
Thread count: 10 physical cores, 16 logical processors, using up to 4 threads

Non-default parameters:
SolutionLimit  1
TimeLimit  20
FeasibilityTol  1e-09
IntFeasTol  1e-09
MIPGapAbs  0
OptimalityTol  1e-09
Method  1
MIPFocus  1
NodefileStart  0.5
LogToConsole  0
Seed  20260905
Threads  4

Optimize a model with 746775 rows, 965530 columns and 6693925 nonzeros (Min)
Model fingerprint: 0xd37c9bd6
Model has 0 linear objective coefficients
Model has 5247 simple general constraints
  1023 MAX, 3072 INDICATOR, 1152 PWL
Variable types: 137074 continuous, 828456 integer (407440 binary)
Coefficient statistics:
  Matrix range     [1e-13, 1e+03]
  Objective range  [0e+00, 0e+00]
  Bounds range     [5e-01, 1e+02]
  RHS range        [5e-09, 2e+03]
  PWLCon x range   [1e+00, 8e+01]
  PWLCon y range   [9e+00, 6e+01]
  GenCon rhs range [3e+01, 3e+01]
  GenCon coe range [1e+00, 1e+02]
  GenCon const rng [2e+01, 1e+02]
Warning: Model contains large matrix coefficient range
         Consider reformulating model or setting NumericFocus parameter
         to avoid numerical issues.

User MIP start did not produce a new incumbent solution
User MIP start violates constraint FO_TEMPORARY_ACTIVE_OBJECTIVE_IMPROVEMENT by 0.000010000
MIP start from previous solve did not produce a new incumbent solution

Presolve removed 735394 rows and 949048 columns
Presolve time: 0.64s
Presolved: 11381 rows, 16482 columns, 40345 nonzeros
Presolved model has 729 SOS constraint(s)
Variable types: 5863 continuous, 10619 integer (4154 binary)
Performing another presolve...
Presolve removed 10970 rows and 9358 columns
Presolve time: 0.00s

Explored 1 nodes (0 simplex iterations) in 1.55 seconds (2.44 work units)
Thread count was 4 (of 16 available processors)

Solution count 0

Model is infeasible
Best objective -, best bound -, gap -

User-callback calls 381, time in user-callback 0.00 sec
Set parameter WorkLimit to value 1e+100
Set parameter SolutionLimit to value 1
Set parameter MIPFocus to value 1
Set parameter MIPGap to value 0.0001
Set parameter MIPGapAbs to value 0
Set parameter TimeLimit to value 20
Gurobi Optimizer version 13.0.2 build v13.0.2rc1 (win64 - Windows 11+.0 (26200.2))

CPU model: 13th Gen Intel(R) Core(TM) i7-13620H, instruction set [SSE2|AVX|AVX2]
Thread count: 10 physical cores, 16 logical processors, using up to 4 threads

Non-default parameters:
SolutionLimit  1
TimeLimit  20
FeasibilityTol  1e-09
IntFeasTol  1e-09
MIPGapAbs  0
OptimalityTol  1e-09
Method  1
MIPFocus  1
NodefileStart  0.5
LogToConsole  0
Seed  20260905
Threads  4

Optimize a model with 746775 rows, 965530 columns and 6693925 nonzeros (Min)
Model fingerprint: 0xd37c9bd6
Model has 0 linear objective coefficients
Model has 5247 simple general constraints
  1023 MAX, 3072 INDICATOR, 1152 PWL
Variable types: 137074 continuous, 828456 integer (407440 binary)
Coefficient statistics:
  Matrix range     [1e-13, 1e+03]
  Objective range  [0e+00, 0e+00]
  Bounds range     [5e-01, 1e+02]
  RHS range        [5e-09, 2e+03]
  PWLCon x range   [1e+00, 8e+01]
  PWLCon y range   [9e+00, 6e+01]
  GenCon rhs range [3e+01, 3e+01]
  GenCon coe range [1e+00, 1e+02]
  GenCon const rng [2e+01, 1e+02]
Warning: Model contains large matrix coefficient range
         Consider reformulating model or setting NumericFocus parameter
         to avoid numerical issues.

User MIP start did not produce a new incumbent solution
User MIP start violates constraint FO_TEMPORARY_ACTIVE_OBJECTIVE_IMPROVEMENT by 0.000010000
MIP start from previous solve did not produce a new incumbent solution

Presolve removed 735394 rows and 949048 columns
Presolve time: 0.66s
Presolved: 11381 rows, 16482 columns, 40345 nonzeros
Presolved model has 729 SOS constraint(s)
Variable types: 5863 continuous, 10619 integer (4154 binary)
Performing another presolve...
Presolve removed 10970 rows and 9358 columns
Presolve time: 0.00s

Explored 1 nodes (0 simplex iterations) in 1.56 seconds (2.44 work units)
Thread count was 4 (of 16 available processors)

Solution count 0

Model is infeasible
Best objective -, best bound -, gap -

User-callback calls 381, time in user-callback 0.00 sec
Set parameter WorkLimit to value 1e+100
Set parameter SolutionLimit to value 1
Set parameter MIPFocus to value 1
Set parameter MIPGap to value 0.0001
Set parameter MIPGapAbs to value 0
Set parameter TimeLimit to value 20
Gurobi Optimizer version 13.0.2 build v13.0.2rc1 (win64 - Windows 11+.0 (26200.2))

CPU model: 13th Gen Intel(R) Core(TM) i7-13620H, instruction set [SSE2|AVX|AVX2]
Thread count: 10 physical cores, 16 logical processors, using up to 4 threads

Non-default parameters:
SolutionLimit  1
TimeLimit  20
FeasibilityTol  1e-09
IntFeasTol  1e-09
MIPGapAbs  0
OptimalityTol  1e-09
Method  1
MIPFocus  1
NodefileStart  0.5
LogToConsole  0
Seed  20260905
Threads  4

Optimize a model with 746775 rows, 965530 columns and 6693925 nonzeros (Min)
Model fingerprint: 0xd37c9bd6
Model has 0 linear objective coefficients
Model has 5247 simple general constraints
  1023 MAX, 3072 INDICATOR, 1152 PWL
Variable types: 137074 continuous, 828456 integer (407440 binary)
Coefficient statistics:
  Matrix range     [1e-13, 1e+03]
  Objective range  [0e+00, 0e+00]
  Bounds range     [5e-01, 1e+02]
  RHS range        [5e-09, 2e+03]
  PWLCon x range   [1e+00, 8e+01]
  PWLCon y range   [9e+00, 6e+01]
  GenCon rhs range [3e+01, 3e+01]
  GenCon coe range [1e+00, 1e+02]
  GenCon const rng [2e+01, 1e+02]
Warning: Model contains large matrix coefficient range
         Consider reformulating model or setting NumericFocus parameter
         to avoid numerical issues.

User MIP start did not produce a new incumbent solution
User MIP start violates constraint FO_TEMPORARY_ACTIVE_OBJECTIVE_IMPROVEMENT by 0.000010000
MIP start from previous solve did not produce a new incumbent solution

Presolve removed 735394 rows and 949048 columns
Presolve time: 0.66s
Presolved: 11381 rows, 16482 columns, 40345 nonzeros
Presolved model has 729 SOS constraint(s)
Variable types: 5863 continuous, 10619 integer (4154 binary)
Performing another presolve...
Presolve removed 10970 rows and 9358 columns
Presolve time: 0.00s

Explored 1 nodes (0 simplex iterations) in 1.58 seconds (2.44 work units)
Thread count was 4 (of 16 available processors)

Solution count 0

Model is infeasible
Best objective -, best bound -, gap -

User-callback calls 383, time in user-callback 0.00 sec
Set parameter WorkLimit to value 1e+100
Set parameter SolutionLimit to value 1
Set parameter MIPFocus to value 1
Set parameter MIPGap to value 0.0001
Set parameter MIPGapAbs to value 0
Set parameter TimeLimit to value 20
Gurobi Optimizer version 13.0.2 build v13.0.2rc1 (win64 - Windows 11+.0 (26200.2))

CPU model: 13th Gen Intel(R) Core(TM) i7-13620H, instruction set [SSE2|AVX|AVX2]
Thread count: 10 physical cores, 16 logical processors, using up to 4 threads

Non-default parameters:
SolutionLimit  1
TimeLimit  20
FeasibilityTol  1e-09
IntFeasTol  1e-09
MIPGapAbs  0
OptimalityTol  1e-09
Method  1
MIPFocus  1
NodefileStart  0.5
LogToConsole  0
Seed  20260905
Threads  4

Optimize a model with 746775 rows, 965530 columns and 6693925 nonzeros (Min)
Model fingerprint: 0xd37c9bd6
Model has 0 linear objective coefficients
Model has 5247 simple general constraints
  1023 MAX, 3072 INDICATOR, 1152 PWL
Variable types: 137074 continuous, 828456 integer (407440 binary)
Coefficient statistics:
  Matrix range     [1e-13, 1e+03]
  Objective range  [0e+00, 0e+00]
  Bounds range     [5e-01, 1e+02]
  RHS range        [5e-09, 2e+03]
  PWLCon x range   [1e+00, 8e+01]
  PWLCon y range   [9e+00, 6e+01]
  GenCon rhs range [3e+01, 3e+01]
  GenCon coe range [1e+00, 1e+02]
  GenCon const rng [2e+01, 1e+02]
Warning: Model contains large matrix coefficient range
         Consider reformulating model or setting NumericFocus parameter
         to avoid numerical issues.

User MIP start did not produce a new incumbent solution
User MIP start violates constraint FO_TEMPORARY_ACTIVE_OBJECTIVE_IMPROVEMENT by 0.000010000
MIP start from previous solve did not produce a new incumbent solution

Presolve removed 735394 rows and 949048 columns
Presolve time: 0.63s
Presolved: 11381 rows, 16482 columns, 40345 nonzeros
Presolved model has 729 SOS constraint(s)
Variable types: 5863 continuous, 10619 integer (4154 binary)
Performing another presolve...
Presolve removed 10970 rows and 9358 columns
Presolve time: 0.00s

Explored 1 nodes (0 simplex iterations) in 1.54 seconds (2.44 work units)
Thread count was 4 (of 16 available processors)

Solution count 0

Model is infeasible
Best objective -, best bound -, gap -

User-callback calls 380, time in user-callback 0.00 sec
Set parameter WorkLimit to value 1e+100
Set parameter SolutionLimit to value 1
Set parameter MIPFocus to value 1
Set parameter MIPGap to value 0.0001
Set parameter MIPGapAbs to value 0
Set parameter TimeLimit to value 20
Gurobi Optimizer version 13.0.2 build v13.0.2rc1 (win64 - Windows 11+.0 (26200.2))

CPU model: 13th Gen Intel(R) Core(TM) i7-13620H, instruction set [SSE2|AVX|AVX2]
Thread count: 10 physical cores, 16 logical processors, using up to 4 threads

Non-default parameters:
SolutionLimit  1
TimeLimit  20
FeasibilityTol  1e-09
IntFeasTol  1e-09
MIPGapAbs  0
OptimalityTol  1e-09
Method  1
MIPFocus  1
NodefileStart  0.5
LogToConsole  0
Seed  20260905
Threads  4

Optimize a model with 746775 rows, 965530 columns and 6693925 nonzeros (Min)
Model fingerprint: 0xd37c9bd6
Model has 0 linear objective coefficients
Model has 5247 simple general constraints
  1023 MAX, 3072 INDICATOR, 1152 PWL
Variable types: 137074 continuous, 828456 integer (407440 binary)
Coefficient statistics:
  Matrix range     [1e-13, 1e+03]
  Objective range  [0e+00, 0e+00]
  Bounds range     [5e-01, 1e+02]
  RHS range        [5e-09, 2e+03]
  PWLCon x range   [1e+00, 8e+01]
  PWLCon y range   [9e+00, 6e+01]
  GenCon rhs range [3e+01, 3e+01]
  GenCon coe range [1e+00, 1e+02]
  GenCon const rng [2e+01, 1e+02]
Warning: Model contains large matrix coefficient range
         Consider reformulating model or setting NumericFocus parameter
         to avoid numerical issues.

User MIP start did not produce a new incumbent solution
User MIP start violates constraint FO_TEMPORARY_ACTIVE_OBJECTIVE_IMPROVEMENT by 0.000010000
MIP start from previous solve did not produce a new incumbent solution

Presolve removed 735394 rows and 949048 columns
Presolve time: 0.63s
Presolved: 11381 rows, 16482 columns, 40345 nonzeros
Presolved model has 729 SOS constraint(s)
Variable types: 5863 continuous, 10619 integer (4154 binary)
Performing another presolve...
Presolve removed 10970 rows and 9358 columns
Presolve time: 0.00s

Explored 1 nodes (0 simplex iterations) in 1.54 seconds (2.44 work units)
Thread count was 4 (of 16 available processors)

Solution count 0

Model is infeasible
Best objective -, best bound -, gap -

User-callback calls 381, time in user-callback 0.00 sec
Set parameter WorkLimit to value 1e+100
Set parameter SolutionLimit to value 1
Set parameter MIPFocus to value 1
Set parameter MIPGap to value 0.0001
Set parameter MIPGapAbs to value 0
Set parameter TimeLimit to value 20
Gurobi Optimizer version 13.0.2 build v13.0.2rc1 (win64 - Windows 11+.0 (26200.2))

CPU model: 13th Gen Intel(R) Core(TM) i7-13620H, instruction set [SSE2|AVX|AVX2]
Thread count: 10 physical cores, 16 logical processors, using up to 4 threads

Non-default parameters:
SolutionLimit  1
TimeLimit  20
FeasibilityTol  1e-09
IntFeasTol  1e-09
MIPGapAbs  0
OptimalityTol  1e-09
Method  1
MIPFocus  1
NodefileStart  0.5
LogToConsole  0
Seed  20260905
Threads  4

Optimize a model with 746775 rows, 965530 columns and 6693925 nonzeros (Min)
Model fingerprint: 0xd37c9bd6
Model has 0 linear objective coefficients
Model has 5247 simple general constraints
  1023 MAX, 3072 INDICATOR, 1152 PWL
Variable types: 137074 continuous, 828456 integer (407440 binary)
Coefficient statistics:
  Matrix range     [1e-13, 1e+03]
  Objective range  [0e+00, 0e+00]
  Bounds range     [5e-01, 1e+02]
  RHS range        [5e-09, 2e+03]
  PWLCon x range   [1e+00, 8e+01]
  PWLCon y range   [9e+00, 6e+01]
  GenCon rhs range [3e+01, 3e+01]
  GenCon coe range [1e+00, 1e+02]
  GenCon const rng [2e+01, 1e+02]
Warning: Model contains large matrix coefficient range
         Consider reformulating model or setting NumericFocus parameter
         to avoid numerical issues.

User MIP start did not produce a new incumbent solution
User MIP start violates constraint FO_TEMPORARY_ACTIVE_OBJECTIVE_IMPROVEMENT by 0.000010000
MIP start from previous solve did not produce a new incumbent solution

Presolve removed 735394 rows and 949048 columns
Presolve time: 0.63s
Presolved: 11381 rows, 16482 columns, 40345 nonzeros
Presolved model has 729 SOS constraint(s)
Variable types: 5863 continuous, 10619 integer (4154 binary)
Performing another presolve...
Presolve removed 10970 rows and 9358 columns
Presolve time: 0.00s

Explored 1 nodes (0 simplex iterations) in 1.55 seconds (2.44 work units)
Thread count was 4 (of 16 available processors)

Solution count 0

Model is infeasible
Best objective -, best bound -, gap -

User-callback calls 380, time in user-callback 0.00 sec
Set parameter WorkLimit to value 1e+100
Set parameter SolutionLimit to value 1
Set parameter MIPFocus to value 1
Set parameter MIPGap to value 0.0001
Set parameter MIPGapAbs to value 0
Set parameter TimeLimit to value 20
Gurobi Optimizer version 13.0.2 build v13.0.2rc1 (win64 - Windows 11+.0 (26200.2))

CPU model: 13th Gen Intel(R) Core(TM) i7-13620H, instruction set [SSE2|AVX|AVX2]
Thread count: 10 physical cores, 16 logical processors, using up to 4 threads

Non-default parameters:
SolutionLimit  1
TimeLimit  20
FeasibilityTol  1e-09
IntFeasTol  1e-09
MIPGapAbs  0
OptimalityTol  1e-09
Method  1
MIPFocus  1
NodefileStart  0.5
LogToConsole  0
Seed  20260905
Threads  4

Optimize a model with 746775 rows, 965530 columns and 6693925 nonzeros (Min)
Model fingerprint: 0xd37c9bd6
Model has 0 linear objective coefficients
Model has 5247 simple general constraints
  1023 MAX, 3072 INDICATOR, 1152 PWL
Variable types: 137074 continuous, 828456 integer (407440 binary)
Coefficient statistics:
  Matrix range     [1e-13, 1e+03]
  Objective range  [0e+00, 0e+00]
  Bounds range     [5e-01, 1e+02]
  RHS range        [5e-09, 2e+03]
  PWLCon x range   [1e+00, 8e+01]
  PWLCon y range   [9e+00, 6e+01]
  GenCon rhs range [3e+01, 3e+01]
  GenCon coe range [1e+00, 1e+02]
  GenCon const rng [2e+01, 1e+02]
Warning: Model contains large matrix coefficient range
         Consider reformulating model or setting NumericFocus parameter
         to avoid numerical issues.

User MIP start did not produce a new incumbent solution
User MIP start violates constraint FO_TEMPORARY_ACTIVE_OBJECTIVE_IMPROVEMENT by 0.000010000
MIP start from previous solve did not produce a new incumbent solution

Presolve removed 735394 rows and 949048 columns
Presolve time: 0.63s
Presolved: 11381 rows, 16482 columns, 40345 nonzeros
Presolved model has 729 SOS constraint(s)
Variable types: 5863 continuous, 10619 integer (4154 binary)
Performing another presolve...
Presolve removed 10970 rows and 9358 columns
Presolve time: 0.01s

Explored 1 nodes (0 simplex iterations) in 1.55 seconds (2.44 work units)
Thread count was 4 (of 16 available processors)

Solution count 0

Model is infeasible
Best objective -, best bound -, gap -

User-callback calls 381, time in user-callback 0.00 sec
Set parameter WorkLimit to value 1e+100
Set parameter SolutionLimit to value 1
Set parameter MIPFocus to value 1
Set parameter MIPGap to value 0.0001
Set parameter MIPGapAbs to value 0
Set parameter TimeLimit to value 20
Gurobi Optimizer version 13.0.2 build v13.0.2rc1 (win64 - Windows 11+.0 (26200.2))

CPU model: 13th Gen Intel(R) Core(TM) i7-13620H, instruction set [SSE2|AVX|AVX2]
Thread count: 10 physical cores, 16 logical processors, using up to 4 threads

Non-default parameters:
SolutionLimit  1
TimeLimit  20
FeasibilityTol  1e-09
IntFeasTol  1e-09
MIPGapAbs  0
OptimalityTol  1e-09
Method  1
MIPFocus  1
NodefileStart  0.5
LogToConsole  0
Seed  20260905
Threads  4

Optimize a model with 746775 rows, 965530 columns and 6693925 nonzeros (Min)
Model fingerprint: 0xd37c9bd6
Model has 0 linear objective coefficients
Model has 5247 simple general constraints
  1023 MAX, 3072 INDICATOR, 1152 PWL
Variable types: 137074 continuous, 828456 integer (407440 binary)
Coefficient statistics:
  Matrix range     [1e-13, 1e+03]
  Objective range  [0e+00, 0e+00]
  Bounds range     [5e-01, 1e+02]
  RHS range        [5e-09, 2e+03]
  PWLCon x range   [1e+00, 8e+01]
  PWLCon y range   [9e+00, 6e+01]
  GenCon rhs range [3e+01, 3e+01]
  GenCon coe range [1e+00, 1e+02]
  GenCon const rng [2e+01, 1e+02]
Warning: Model contains large matrix coefficient range
         Consider reformulating model or setting NumericFocus parameter
         to avoid numerical issues.

User MIP start did not produce a new incumbent solution
User MIP start violates constraint FO_TEMPORARY_ACTIVE_OBJECTIVE_IMPROVEMENT by 0.000010000
MIP start from previous solve did not produce a new incumbent solution

Presolve removed 735394 rows and 949048 columns
Presolve time: 0.66s
Presolved: 11381 rows, 16482 columns, 40345 nonzeros
Presolved model has 729 SOS constraint(s)
Variable types: 5863 continuous, 10619 integer (4154 binary)
Performing another presolve...
Presolve removed 10970 rows and 9358 columns
Presolve time: 0.00s

Explored 1 nodes (0 simplex iterations) in 1.58 seconds (2.44 work units)
Thread count was 4 (of 16 available processors)

Solution count 0

Model is infeasible
Best objective -, best bound -, gap -

User-callback calls 381, time in user-callback 0.00 sec
Set parameter WorkLimit to value 1e+100
Set parameter SolutionLimit to value 1
Set parameter MIPFocus to value 1
Set parameter MIPGap to value 0.0001
Set parameter MIPGapAbs to value 0
Set parameter TimeLimit to value 20
Gurobi Optimizer version 13.0.2 build v13.0.2rc1 (win64 - Windows 11+.0 (26200.2))

CPU model: 13th Gen Intel(R) Core(TM) i7-13620H, instruction set [SSE2|AVX|AVX2]
Thread count: 10 physical cores, 16 logical processors, using up to 4 threads

Non-default parameters:
SolutionLimit  1
TimeLimit  20
FeasibilityTol  1e-09
IntFeasTol  1e-09
MIPGapAbs  0
OptimalityTol  1e-09
Method  1
MIPFocus  1
NodefileStart  0.5
LogToConsole  0
Seed  20260905
Threads  4

Optimize a model with 746775 rows, 965530 columns and 6693925 nonzeros (Min)
Model fingerprint: 0xd37c9bd6
Model has 0 linear objective coefficients
Model has 5247 simple general constraints
  1023 MAX, 3072 INDICATOR, 1152 PWL
Variable types: 137074 continuous, 828456 integer (407440 binary)
Coefficient statistics:
  Matrix range     [1e-13, 1e+03]
  Objective range  [0e+00, 0e+00]
  Bounds range     [5e-01, 1e+02]
  RHS range        [5e-09, 2e+03]
  PWLCon x range   [1e+00, 8e+01]
  PWLCon y range   [9e+00, 6e+01]
  GenCon rhs range [3e+01, 3e+01]
  GenCon coe range [1e+00, 1e+02]
  GenCon const rng [2e+01, 1e+02]
Warning: Model contains large matrix coefficient range
         Consider reformulating model or setting NumericFocus parameter
         to avoid numerical issues.

User MIP start did not produce a new incumbent solution
User MIP start violates constraint FO_TEMPORARY_ACTIVE_OBJECTIVE_IMPROVEMENT by 0.000010000
MIP start from previous solve did not produce a new incumbent solution

Presolve removed 735394 rows and 949048 columns
Presolve time: 0.64s
Presolved: 11381 rows, 16482 columns, 40345 nonzeros
Presolved model has 729 SOS constraint(s)
Variable types: 5863 continuous, 10619 integer (4154 binary)
Performing another presolve...
Presolve removed 10970 rows and 9358 columns
Presolve time: 0.00s

Explored 1 nodes (0 simplex iterations) in 1.57 seconds (2.44 work units)
Thread count was 4 (of 16 available processors)

Solution count 0

Model is infeasible
Best objective -, best bound -, gap -

User-callback calls 381, time in user-callback 0.00 sec
Set parameter WorkLimit to value 1e+100
Set parameter SolutionLimit to value 1
Set parameter MIPFocus to value 1
Set parameter MIPGap to value 0.0001
Set parameter MIPGapAbs to value 0
Set parameter TimeLimit to value 20
Gurobi Optimizer version 13.0.2 build v13.0.2rc1 (win64 - Windows 11+.0 (26200.2))

CPU model: 13th Gen Intel(R) Core(TM) i7-13620H, instruction set [SSE2|AVX|AVX2]
Thread count: 10 physical cores, 16 logical processors, using up to 4 threads

Non-default parameters:
SolutionLimit  1
TimeLimit  20
FeasibilityTol  1e-09
IntFeasTol  1e-09
MIPGapAbs  0
OptimalityTol  1e-09
Method  1
MIPFocus  1
NodefileStart  0.5
LogToConsole  0
Seed  20260905
Threads  4

Optimize a model with 746775 rows, 965530 columns and 6693925 nonzeros (Min)
Model fingerprint: 0xd37c9bd6
Model has 0 linear objective coefficients
Model has 5247 simple general constraints
  1023 MAX, 3072 INDICATOR, 1152 PWL
Variable types: 137074 continuous, 828456 integer (407440 binary)
Coefficient statistics:
  Matrix range     [1e-13, 1e+03]
  Objective range  [0e+00, 0e+00]
  Bounds range     [5e-01, 1e+02]
  RHS range        [5e-09, 2e+03]
  PWLCon x range   [1e+00, 8e+01]
  PWLCon y range   [9e+00, 6e+01]
  GenCon rhs range [3e+01, 3e+01]
  GenCon coe range [1e+00, 1e+02]
  GenCon const rng [2e+01, 1e+02]
Warning: Model contains large matrix coefficient range
         Consider reformulating model or setting NumericFocus parameter
         to avoid numerical issues.

User MIP start did not produce a new incumbent solution
User MIP start violates constraint FO_TEMPORARY_ACTIVE_OBJECTIVE_IMPROVEMENT by 0.000010000
MIP start from previous solve did not produce a new incumbent solution

Presolve removed 735394 rows and 949048 columns
Presolve time: 0.66s
Presolved: 11381 rows, 16482 columns, 40345 nonzeros
Presolved model has 729 SOS constraint(s)
Variable types: 5863 continuous, 10619 integer (4154 binary)
Performing another presolve...
Presolve removed 10970 rows and 9358 columns
Presolve time: 0.00s

Explored 1 nodes (0 simplex iterations) in 1.60 seconds (2.44 work units)
Thread count was 4 (of 16 available processors)

Solution count 0

Model is infeasible
Best objective -, best bound -, gap -

User-callback calls 380, time in user-callback 0.00 sec
