2026-09-29T03:21:58.714625+00:00 FIT 1 EXPANDING_R2_ABL_D features 101 rows 371864
2026-09-29T03:21:58.759625+00:00 PREDICT 1 EXPANDING_R2_ABL_D fit_seconds 0.0
2026-09-29T03:22:04.092398+00:00 DONE 1 EXPANDING_R2_ABL_D coverage 0.5799765173410405 gt4h 0.22085201793721973
2026-09-29T03:22:04.312945+00:00 FIT 2 EXPANDING_R2_ABL_D features 101 rows 392695
2026-09-29T03:22:04.358945+00:00 PREDICT 2 EXPANDING_R2_ABL_D fit_seconds 0.0
2026-09-29T03:22:13.487916+00:00 DONE 2 EXPANDING_R2_ABL_D coverage 0.944458302153488 gt4h 0.8647058823529412
2026-09-29T03:22:13.753469+00:00 FIT 3 EXPANDING_R2_ABL_D features 101 rows 416865
2026-09-29T03:22:13.796471+00:00 PREDICT 3 EXPANDING_R2_ABL_D fit_seconds 0.0
2026-09-29T03:22:34.316413+00:00 DONE 3 EXPANDING_R2_ABL_D coverage 0.9354296323108718 gt4h 0.6301828716277386
2026-09-29T03:22:34.560447+00:00 FIT 4 EXPANDING_R2_ABL_D features 101 rows 464642
2026-09-29T03:22:34.599451+00:00 PREDICT 4 EXPANDING_R2_ABL_D fit_seconds 0.0
2026-09-29T03:22:40.394747+00:00 DONE 4 EXPANDING_R2_ABL_D coverage 0.7655550943222176 gt4h 0.4639886386691012
2026-09-29T03:22:40.721805+00:00 FIT 5 EXPANDING_R2_ABL_D features 101 rows 541997
2026-09-29T03:22:40.769804+00:00 PREDICT 5 EXPANDING_R2_ABL_D fit_seconds 0.0
2026-09-29T03:22:56.231994+00:00 DONE 5 EXPANDING_R2_ABL_D coverage 0.9435753153598813 gt4h 0.8149808782803639
2026-09-29T03:22:56.449046+00:00 FIT 1 EXPANDING_R2_ABL_C features 221 rows 371864
2026-09-29T03:24:29.149769+00:00 PREDICT 1 EXPANDING_R2_ABL_C fit_seconds 91.56713699997636
2026-09-29T03:24:35.606767+00:00 DONE 1 EXPANDING_R2_ABL_C coverage 0.48889089595375723 gt4h 0.026090501426824297
2026-09-29T03:24:35.844309+00:00 FIT 2 EXPANDING_R2_ABL_C features 221 rows 392695
2026-09-29T03:26:34.417021+00:00 PREDICT 2 EXPANDING_R2_ABL_C fit_seconds 117.40450810000766
2026-09-29T03:26:46.797520+00:00 DONE 2 EXPANDING_R2_ABL_C coverage 0.9529115046700479 gt4h 0.8079044117647058
2026-09-29T03:26:47.110606+00:00 FIT 3 EXPANDING_R2_ABL_C features 221 rows 416865
2026-09-29T03:29:34.678428+00:00 PREDICT 3 EXPANDING_R2_ABL_C fit_seconds 166.14356350002345
2026-09-29T03:30:05.703088+00:00 DONE 3 EXPANDING_R2_ABL_C coverage 0.9358383055240942 gt4h 0.6456635886293681
2026-09-29T03:30:06.034780+00:00 FIT 4 EXPANDING_R2_ABL_C features 221 rows 464642
2026-09-29T03:32:59.859492+00:00 PREDICT 4 EXPANDING_R2_ABL_C fit_seconds 172.20231319998857
2026-09-29T03:33:06.805893+00:00 DONE 4 EXPANDING_R2_ABL_C coverage 0.7997324846639915 gt4h 0.40008115236356256
2026-09-29T03:33:07.141466+00:00 FIT 5 EXPANDING_R2_ABL_C features 221 rows 541997
2026-09-29T03:36:23.241361+00:00 PREDICT 5 EXPANDING_R2_ABL_C fit_seconds 194.47339589998592
2026-09-29T03:37:16.544499+00:00 DONE 5 EXPANDING_R2_ABL_C coverage 0.9447965619589413 gt4h 0.8209152050639589
