
Gurobi 13.0.2 (win64) logging started Thu Oct  8 08:00:40 2026

Set parameter LogFile to value "C:\v42_m1_exact_solver_redesign_20261008\docs\v42_m_practical_exact_solver_overnight_20261008\external_production\external_nodes\0028\LP.log"
Gurobi Optimizer version 13.0.2 build v13.0.2rc1 (win64 - Windows 11+.0 (26200.2))

CPU model: 13th Gen Intel(R) Core(TM) i7-13620H, instruction set [SSE2|AVX|AVX2]
Thread count: 10 physical cores, 16 logical processors, using up to 1 threads

Non-default parameters:
TimeLimit  900
FeasibilityTol  1e-08
IntFeasTol  1e-08
MIPGap  0.005
OptimalityTol  1e-08
Method  2
LPWarmStart  0
Crossover  0
DegenMoves  0
MIPFocus  3
NodeMethod  1
LogToConsole  0
Seed  20260929
Threads  1

Optimize a model with 582808 rows, 306040 columns and 5351612 nonzeros (Min)
Model fingerprint: 0x19e43ac5
Model has 1 linear objective coefficients
Coefficient statistics:
  Matrix range     [1e-13, 4e+02]
  Objective range  [1e+00, 1e+00]
  Bounds range     [3e-08, 2e+03]
  RHS range        [2e-24, 2e+03]
Warning: Model contains large matrix coefficient range
         Consider reformulating model or setting NumericFocus parameter
         to avoid numerical issues.

Presolve removed 175679 rows and 27296 columns
Presolve time: 2.06s
Presolved: 407129 rows, 299043 columns, 4428774 nonzeros
Elapsed ordering time = 5s
Ordering time: 5.46s

Barrier statistics:
 Dense cols : 961
 AA' NZ     : 3.785e+07
 Factor NZ  : 5.718e+07 (roughly 700 MB of memory)
 Factor Ops : 3.119e+10 (roughly 1 second per iteration)
 Threads    : 1

                  Objective                Residual
Iter       Primal          Dual         Primal    Dual     Compl     Time
   0   1.27525717e+03 -5.00189571e+05  6.52e+07 7.87e-07  1.02e+04    13s
   1   1.70157962e+03 -3.67347272e+05  4.36e+07 6.07e-03  4.39e+03    14s
   2   4.60726191e+02 -2.61951715e+05  1.80e+07 4.92e-04  5.58e+03    16s
   3   3.63318610e+01 -1.04241110e+05  1.39e+06 1.49e-09  4.40e+02    18s
   4   8.17153920e-01 -5.80354059e+04  4.43e+03 7.45e-15  9.27e+00    19s
   5   7.52539776e-01 -1.02302135e+04  1.76e+03 2.30e-14  1.62e+00    21s
   6   7.21858971e-01 -6.59643206e+02  2.72e+02 2.68e-14  1.12e-01    23s
   7   7.26571133e-01 -2.28647418e+02  1.03e+02 2.65e-14  3.97e-02    26s
   8   7.30355514e-01 -9.78262627e+01  5.34e+01 2.49e-14  1.79e-02    28s
   9   7.37399710e-01 -2.50898247e+01  1.73e+01 3.78e-09  5.04e-03    30s
  10   7.31918004e-01 -1.14365861e+01  6.30e+00 4.05e-09  2.19e-03    32s
  11   6.85281011e-01 -1.95108361e+00  7.67e-01 9.01e-09  4.09e-04    34s
  12   6.30466538e-01 -2.74125916e-01  4.41e-01 4.31e-08  1.36e-04    36s
  13   6.17460454e-01  3.00771138e-02  3.45e-01 3.43e-08  8.63e-05    39s
  14   6.07109852e-01  2.57958244e-01  1.79e-01 2.76e-08  4.92e-05    41s
  15   6.02538284e-01  2.98322519e-01  1.47e-01 2.53e-08  4.24e-05    43s
  16   6.00009362e-01  3.26159579e-01  1.32e-01 2.67e-08  3.80e-05    44s
  17   5.94485045e-01  3.53750060e-01  1.02e-01 3.12e-08  3.31e-05    46s
  18   5.85534053e-01  4.70449323e-01  6.13e-02 5.17e-08  1.55e-05    49s
  19   5.81050886e-01  5.16416216e-01  4.38e-02 3.95e-08  8.51e-06    51s
  20   5.78437389e-01  5.29704264e-01  3.34e-02 3.20e-08  6.33e-06    53s
  21   5.75181135e-01  5.41764330e-01  2.23e-02 2.29e-08  4.26e-06    55s
  22   5.72316323e-01  5.53724027e-01  1.21e-02 1.30e-08  2.30e-06    58s
  23   5.71398575e-01  5.59247611e-01  8.93e-03 9.69e-09  1.51e-06    60s
  24   5.70842834e-01  5.60309259e-01  6.81e-03 9.53e-09  1.30e-06    61s
  25   5.70381177e-01  5.61792126e-01  5.01e-03 9.12e-09  1.05e-06    63s
  26   5.70078106e-01  5.63105503e-01  3.84e-03 8.51e-09  8.54e-07    65s
  27   5.69900762e-01  5.65065199e-01  3.12e-03 7.93e-09  6.10e-07    68s
  28   5.69777843e-01  5.66539231e-01  2.64e-03 8.00e-09  4.22e-07    70s
  29   5.69678432e-01  5.66940531e-01  2.24e-03 7.79e-09  3.63e-07    72s
  30   5.69583312e-01  5.67324900e-01  1.84e-03 7.53e-09  3.05e-07    73s
  31   5.69544540e-01  5.67749393e-01  1.69e-03 7.23e-09  2.51e-07    75s
  32   5.69446148e-01  5.67893567e-01  1.30e-03 7.14e-09  2.19e-07    77s
  33   5.69385190e-01  5.68314064e-01  1.06e-03 6.76e-09  1.62e-07    78s
  34   5.69319550e-01  5.68496633e-01  7.99e-04 6.66e-09  1.32e-07    80s
  35   5.69255364e-01  5.68593998e-01  5.62e-04 6.55e-09  1.12e-07    82s
  36   5.69219630e-01  5.68901811e-01  4.19e-04 6.31e-09  6.98e-08    84s
  37   5.69176665e-01  5.69029131e-01  2.73e-04 6.29e-09  4.83e-08    86s
  38   5.69149689e-01  5.69158712e-01  1.70e-04 5.90e-09  2.75e-08    88s
  39   5.69135619e-01  5.69185558e-01  1.21e-04 5.56e-09  2.05e-08    90s
  40   5.69115198e-01  5.69229801e-01  5.57e-05 6.05e-09  1.06e-08    92s
  41   5.69104740e-01  5.69234414e-01  3.01e-05 5.46e-09  5.74e-09    94s
  42   5.69104215e-01  5.69233090e-01  2.88e-05 5.35e-09  5.43e-09    96s
  43   5.69103553e-01  5.69232639e-01  2.74e-05 5.31e-09  5.30e-09    98s
  44   5.69096375e-01  5.69223852e-01  1.44e-05 4.85e-09  3.20e-09   100s
  45   5.69091922e-01  5.69211358e-01  8.98e-06 4.34e-09  1.66e-09   102s
  46   5.69090186e-01  5.69200455e-01  7.48e-06 4.45e-09  1.03e-09   104s
  47   5.69087832e-01  5.69200064e-01  5.84e-06 4.45e-09  9.60e-10   105s
  48   5.69084403e-01  5.69187432e-01  3.68e-06 4.47e-09  3.58e-10   107s
  49   5.69083353e-01  5.69185834e-01  3.10e-06 4.31e-09  2.79e-10   110s
  50   5.69082618e-01  5.69185154e-01  2.64e-06 4.24e-09  2.55e-10   111s
  51   5.69084951e-01  5.69180668e-01  2.60e-06 4.11e-09  2.79e-10   114s
  52   5.69084075e-01  5.69171168e-01  2.18e-06 3.37e-09  2.09e-10   116s
  53   5.69083721e-01  5.69165765e-01  2.00e-06 3.07e-09  1.76e-10   118s
  54   5.69082524e-01  5.69154282e-01  8.78e-07 2.62e-09  1.01e-10   120s
  55   5.69082440e-01  5.69151357e-01  8.25e-07 2.51e-09  9.57e-11   121s
  56   5.69081975e-01  5.69121262e-01  3.61e-07 1.36e-09  5.06e-11   124s
  57   5.69081634e-01  5.69112138e-01  4.45e-08 9.34e-10  1.48e-11   126s
  58   5.69081541e-01  5.69108169e-01  5.42e-08 9.00e-10  1.00e-11   128s
  59   5.69081539e-01  5.69107993e-01  5.39e-08 9.01e-10  9.81e-12   130s
  60   5.69081471e-01  5.69103669e-01  4.07e-08 9.34e-10  4.65e-12   132s
  61   5.69081457e-01  5.69103157e-01  3.94e-08 8.84e-10  4.44e-12   134s
  62   5.69081415e-01  5.69102360e-01  2.72e-08 8.73e-10  2.95e-12   136s
  63   5.69081352e-01  5.69101825e-01  1.43e-08 8.64e-10  1.68e-12   138s
  64   5.69081352e-01  5.69101824e-01  1.43e-08 8.64e-10  1.68e-12   140s
  65   5.69081345e-01  5.69101727e-01  4.34e-08 8.64e-10  1.56e-12   141s
  66   5.69081329e-01  5.69101664e-01  4.04e-08 8.62e-10  1.47e-12   143s
  67   5.69081306e-01  5.69101582e-01  3.65e-08 8.61e-10  1.34e-12   145s
  68   5.69081280e-01  5.69101427e-01  2.67e-08 8.59e-10  1.08e-12   147s
  69   5.69081259e-01  5.69101011e-01  2.20e-08 8.53e-10  6.50e-13   149s

Barrier solved model in 69 iterations and 149.04 seconds (277.67 work units)
Optimal objective 5.69081259e-01


User-callback calls 9793, time in user-callback 0.19 sec
Discarded solution information
Set parameter Method to value 2
Set parameter Crossover to value 0
Set parameter LPWarmStart to value 0
Set parameter NumericFocus to value 0
Set parameter DualReductions to value 1
Set parameter InfUnbdInfo to value 0
Set parameter TimeLimit to value 900
