
Gurobi 13.0.2 (win64) logging started Thu Oct  8 08:24:50 2026

Set parameter LogFile to value "C:\v42_m1_exact_solver_redesign_20261008\docs\v42_m_practical_exact_solver_overnight_20261008\external_production\external_nodes\0035\LP.log"
Gurobi Optimizer version 13.0.2 build v13.0.2rc1 (win64 - Windows 11+.0 (26200.2))

CPU model: 13th Gen Intel(R) Core(TM) i7-13620H, instruction set [SSE2|AVX|AVX2]
Thread count: 10 physical cores, 16 logical processors, using up to 1 threads

Non-default parameters:
TimeLimit  900
FeasibilityTol  1e-08
IntFeasTol  1e-08
MIPGap  0.005
OptimalityTol  1e-08
Method  2
LPWarmStart  0
Crossover  0
DegenMoves  0
MIPFocus  3
NodeMethod  1
LogToConsole  0
Seed  20260929
Threads  1

Optimize a model with 582808 rows, 306040 columns and 5351612 nonzeros (Min)
Model fingerprint: 0x5bfbdf4e
Model has 1 linear objective coefficients
Coefficient statistics:
  Matrix range     [1e-13, 4e+02]
  Objective range  [1e+00, 1e+00]
  Bounds range     [3e-08, 2e+03]
  RHS range        [2e-24, 2e+03]
Warning: Model contains large matrix coefficient range
         Consider reformulating model or setting NumericFocus parameter
         to avoid numerical issues.

Presolve removed 175774 rows and 27411 columns
Presolve time: 2.03s
Presolved: 407034 rows, 298914 columns, 4428106 nonzeros
Elapsed ordering time = 5s
Ordering time: 5.53s

Barrier statistics:
 Dense cols : 965
 AA' NZ     : 3.780e+07
 Factor NZ  : 5.707e+07 (roughly 700 MB of memory)
 Factor Ops : 3.110e+10 (roughly 1 second per iteration)
 Threads    : 1

                  Objective                Residual
Iter       Primal          Dual         Primal    Dual     Compl     Time
   0   1.27525784e+03 -5.00160731e+05  6.52e+07 7.87e-07  1.02e+04    13s
   1   1.70158064e+03 -3.67289043e+05  4.36e+07 6.07e-03  4.39e+03    14s
   2   4.60595153e+02 -2.61897246e+05  1.80e+07 4.92e-04  5.58e+03    16s
   3   3.63209052e+01 -1.04204679e+05  1.39e+06 1.09e-11  4.40e+02    18s
   4   8.16174360e-01 -5.80170189e+04  4.40e+03 7.80e-15  9.26e+00    19s
   5   7.49056840e-01 -8.11734005e+03  1.67e+03 2.48e-14  1.30e+00    21s
   6   7.21311804e-01 -5.29020177e+02  2.72e+02 8.07e-11  9.38e-02    23s
   7   7.26911661e-01 -1.80727124e+02  1.07e+02 2.28e-11  3.34e-02    25s
   8   7.29357455e-01 -6.88281206e+01  4.60e+01 8.05e-12  1.38e-02    27s
   9   7.38687919e-01 -1.50701171e+01  1.57e+01 2.71e-09  3.65e-03    30s
  10   6.94459555e-01 -1.94113452e+00  5.64e-01 1.61e-08  4.06e-04    32s
  11   6.33897314e-01 -4.63884052e-01  3.45e-01 1.82e-08  1.62e-04    35s
  12   6.25440246e-01 -1.02470817e-02  2.31e-01 1.47e-08  9.10e-05    37s
  13   6.12318659e-01  2.26057946e-01  1.63e-01 1.42e-08  5.40e-05    39s
  14   6.04125548e-01  3.39342377e-01  1.15e-01 1.64e-08  3.64e-05    41s
  15   5.96346684e-01  4.00471333e-01  8.04e-02 3.06e-08  2.65e-05    43s
  16   5.92639728e-01  4.33446480e-01  6.80e-02 3.52e-08  2.14e-05    45s
  17   5.89029711e-01  4.68132754e-01  5.67e-02 3.42e-08  1.61e-05    47s
  18   5.83591881e-01  4.94934044e-01  4.03e-02 2.78e-08  1.16e-05    49s
  19   5.79790269e-01  5.14045092e-01  2.98e-02 2.32e-08  8.47e-06    51s
  20   5.77040427e-01  5.32467482e-01  2.23e-02 1.63e-08  5.63e-06    53s
  21   5.74585339e-01  5.47101521e-01  1.63e-02 1.86e-08  3.38e-06    55s
  22   5.72735856e-01  5.52921579e-01  1.15e-02 2.05e-08  2.42e-06    56s
  23   5.71937414e-01  5.56574189e-01  9.30e-03 1.55e-08  1.87e-06    58s
  24   5.70738860e-01  5.59917575e-01  6.05e-03 1.30e-08  1.32e-06    60s
  25   5.70474931e-01  5.61921731e-01  5.27e-03 1.20e-08  1.05e-06    62s
  26   5.69992546e-01  5.63640049e-01  3.80e-03 1.02e-08  7.91e-07    64s
  27   5.69802198e-01  5.65140641e-01  3.16e-03 8.47e-09  5.93e-07    65s
  28   5.69561047e-01  5.66105783e-01  2.38e-03 6.95e-09  4.50e-07    67s
  29   5.69465561e-01  5.66825594e-01  2.11e-03 5.51e-09  3.55e-07    69s
  30   5.69387480e-01  5.67338966e-01  1.84e-03 5.00e-09  2.85e-07    71s
  31   5.69295635e-01  5.67593359e-01  1.52e-03 5.07e-09  2.42e-07    73s
  32   5.69282120e-01  5.67737844e-01  1.48e-03 5.10e-09  2.24e-07    75s
  33   5.69199427e-01  5.68054407e-01  1.22e-03 5.16e-09  1.77e-07    77s
  34   5.69127160e-01  5.68228380e-01  9.72e-04 5.12e-09  1.48e-07    79s
  35   5.69069599e-01  5.68322726e-01  7.48e-04 5.08e-09  1.29e-07    80s
  36   5.69050411e-01  5.68539738e-01  6.85e-04 4.92e-09  1.02e-07    82s
  37   5.68991436e-01  5.68733091e-01  4.59e-04 4.90e-09  7.06e-08    84s
  38   5.68961392e-01  5.68817265e-01  3.46e-04 4.80e-09  5.58e-08    86s
  39   5.68948674e-01  5.68866342e-01  3.02e-04 4.64e-09  4.84e-08    88s
  40   5.68927479e-01  5.68919439e-01  2.26e-04 4.52e-09  3.82e-08    90s
  41   5.68912022e-01  5.68964235e-01  1.73e-04 4.42e-09  2.79e-08    92s
  42   5.68884086e-01  5.68998650e-01  7.97e-05 4.31e-09  1.94e-08    95s
  43   5.68869193e-01  5.69030567e-01  4.20e-05 4.13e-09  1.21e-08    98s
  44   5.68864410e-01  5.69035949e-01  3.26e-05 4.05e-09  9.88e-09   100s
  45   5.68863285e-01  5.69033062e-01  3.06e-05 3.93e-09  7.49e-09   102s
  46   5.68856140e-01  5.69028885e-01  1.87e-05 4.01e-09  5.33e-09   104s
  47   5.68853821e-01  5.69028078e-01  1.57e-05 4.21e-09  4.36e-09   106s
  48   5.68848356e-01  5.69019734e-01  9.33e-06 4.49e-09  2.45e-09   108s
  49   5.68847896e-01  5.69018221e-01  8.87e-06 4.42e-09  2.34e-09   109s
  50   5.68847118e-01  5.69013323e-01  7.97e-06 4.43e-09  2.02e-09   112s
  51   5.68846625e-01  5.69006235e-01  7.27e-06 4.27e-09  1.76e-09   114s
  52   5.68845435e-01  5.68996167e-01  5.71e-06 4.19e-09  1.25e-09   116s
  53   5.68845105e-01  5.68992049e-01  5.32e-06 4.15e-09  1.10e-09   118s
  54   5.68843932e-01  5.68986659e-01  3.99e-06 4.20e-09  8.63e-10   120s
  55   5.68843507e-01  5.68983729e-01  3.60e-06 4.18e-09  7.58e-10   122s
  56   5.68843283e-01  5.68983615e-01  3.44e-06 4.18e-09  7.48e-10   124s
  57   5.68843077e-01  5.68976256e-01  3.28e-06 4.30e-09  4.73e-10   125s
  58   5.68842546e-01  5.68972542e-01  2.80e-06 4.36e-09  3.60e-10   127s
  59   5.68841693e-01  5.68972072e-01  2.17e-06 4.36e-09  3.17e-10   129s
  60   5.68841099e-01  5.68970933e-01  1.81e-06 4.42e-09  2.41e-10   131s
  61   5.68840881e-01  5.68953361e-01  1.66e-06 4.43e-09  2.21e-10   132s
  62   5.68840628e-01  5.68951331e-01  1.52e-06 4.39e-09  1.82e-10   134s
  63   5.68840312e-01  5.68950985e-01  1.34e-06 4.38e-09  1.71e-10   135s
  64   5.68839380e-01  5.68949489e-01  9.10e-07 4.34e-09  1.24e-10   137s
  65   5.68839066e-01  5.68949103e-01  8.06e-07 4.34e-09  1.11e-10   139s
  66   5.68838522e-01  5.68948982e-01  6.24e-07 4.30e-09  9.13e-11   141s
  67   5.68838108e-01  5.68948740e-01  5.25e-07 4.28e-09  8.14e-11   143s
  68   5.68837941e-01  5.68948336e-01  4.88e-07 4.26e-09  7.17e-11   145s
  69   5.68837706e-01  5.68946773e-01  4.37e-07 4.18e-09  5.87e-11   147s
  70   5.68837672e-01  5.68945676e-01  4.31e-07 4.06e-09  5.46e-11   149s
  71   5.68837593e-01  5.68945380e-01  4.12e-07 4.01e-09  5.30e-11   150s
  72   5.68836913e-01  5.68941049e-01  2.52e-07 3.15e-09  3.93e-11   153s
  73   5.68836607e-01  5.68938904e-01  2.08e-07 2.78e-09  3.38e-11   155s
  74   5.68836147e-01  5.68937123e-01  1.53e-07 2.35e-09  2.75e-11   158s
  75   5.68835945e-01  5.68935662e-01  1.36e-07 2.17e-09  1.95e-11   159s
  76   5.68835226e-01  5.68934586e-01  7.92e-08 2.28e-09  1.43e-11   161s
  77   5.68835120e-01  5.68932840e-01  1.14e-07 2.17e-09  1.24e-11   164s
  78   5.68835111e-01  5.68929697e-01  2.46e-07 2.10e-09  1.17e-11   166s
  79   5.68835082e-01  5.68929622e-01  2.43e-07 2.10e-09  1.16e-11   169s
  80   5.68834757e-01  5.68929179e-01  2.27e-07 2.16e-09  1.03e-11   171s
  81   5.68834759e-01  5.68928897e-01  2.26e-07 2.15e-09  1.05e-11   173s
  82   5.68833575e-01  5.68928480e-01  1.41e-07 2.15e-09  9.99e-12   176s
  83   5.68833466e-01  5.68925864e-01  1.38e-07 2.19e-09  7.55e-12   178s
  84   5.68833398e-01  5.68925300e-01  1.35e-07 2.20e-09  7.05e-12   180s
  85   5.68833220e-01  5.68924898e-01  1.31e-07 2.21e-09  6.56e-12   183s
  86   5.68832863e-01  5.68924160e-01  1.14e-07 2.23e-09  5.80e-12   185s
  87   5.68832399e-01  5.68923412e-01  9.85e-08 2.21e-09  5.19e-12   188s
  88   5.68832337e-01  5.68923078e-01  9.45e-08 2.22e-09  4.97e-12   190s
  89   5.68831963e-01  5.68922252e-01  8.25e-08 2.24e-09  4.38e-12   192s
  90   5.68831860e-01  5.68922655e-01  8.16e-08 2.26e-09  4.36e-12   195s
  91   5.68831891e-01  5.68921442e-01  8.76e-08 2.22e-09  4.44e-12   197s
  92   5.68831819e-01  5.68919936e-01  8.14e-08 2.17e-09  4.29e-12   199s
  93   5.68831583e-01  5.68919630e-01  6.66e-08 2.17e-09  3.54e-12   201s
  94   5.68831526e-01  5.68919663e-01  6.00e-08 2.16e-09  3.01e-12   203s
  95   5.68831524e-01  5.68919657e-01  5.99e-08 2.16e-09  3.00e-12   205s
  96   5.68831483e-01  5.68918775e-01  5.94e-08 2.17e-09  2.98e-12   206s
  97   5.68831438e-01  5.68918717e-01  5.74e-08 2.17e-09  2.87e-12   208s
  98   5.68831358e-01  5.68918606e-01  5.39e-08 2.18e-09  2.66e-12   210s
  99   5.68831079e-01  5.68917770e-01  5.61e-08 2.22e-09  1.78e-12   212s
 100   5.68831076e-01  5.68917168e-01  5.57e-08 2.20e-09  1.77e-12   214s
 101   5.68830960e-01  5.68915805e-01  5.04e-08 2.15e-09  1.84e-12   216s
 102   5.68830840e-01  5.68915077e-01  4.60e-08 2.14e-09  1.69e-12   218s
 103   5.68830624e-01  5.68914264e-01  4.18e-08 2.13e-09  1.57e-12   220s
 104   5.68830472e-01  5.68911481e-01  3.64e-08 2.10e-09  1.19e-12   222s
 105   5.68829997e-01  5.68911268e-01  2.92e-08 2.10e-09  1.01e-12   224s
 106   5.68829879e-01  5.68911063e-01  3.15e-08 2.10e-09  9.17e-13   226s
 107   5.68829658e-01  5.68909987e-01  2.83e-08 2.10e-09  7.35e-13   228s

Barrier solved model in 107 iterations and 227.59 seconds (430.63 work units)
Optimal objective 5.68829658e-01


User-callback calls 14149, time in user-callback 0.26 sec
Discarded solution information
Set parameter Method to value 2
Set parameter Crossover to value 0
Set parameter LPWarmStart to value 0
Set parameter NumericFocus to value 0
Set parameter DualReductions to value 1
Set parameter InfUnbdInfo to value 0
Set parameter TimeLimit to value 900
