
Gurobi 13.0.2 (win64) logging started Wed Oct  7 16:44:42 2026

Set parameter LogFile to value "C:\v42_b1_may19_prescreening_rescue_20261007\S_D\LP_NATIVE.log"
Gurobi Optimizer version 13.0.2 build v13.0.2rc1 (win64 - Windows 11+.0 (26200.2))

CPU model: 13th Gen Intel(R) Core(TM) i7-13620H, instruction set [SSE2|AVX|AVX2]
Thread count: 10 physical cores, 16 logical processors, using up to 1 threads

Non-default parameters:
TimeLimit  600
MIPGap  0.005
Method  2
Crossover  0
LogToConsole  0
Seed  20260929
Threads  1

Optimize a model with 3029328 rows, 2685921 columns and 18263451 nonzeros (Min)
Model fingerprint: 0x60d06724
Model has 0 linear objective coefficients
Coefficient statistics:
  Matrix range     [1e-13, 5e+06]
  Objective range  [0e+00, 0e+00]
  Bounds range     [5e-02, 1e+06]
  RHS range        [1e-07, 5e+06]
Warning: Model contains large matrix coefficient range
         Consider reformulating model or setting NumericFocus parameter
         to avoid numerical issues.

Presolve removed 287530 rows and 162071 columns (presolve time = 5s)...
Presolve removed 371059 rows and 162253 columns
Presolve time: 9.06s
Presolved: 2658269 rows, 2525879 columns, 12266081 nonzeros
Elapsed ordering time = 5s
Elapsed ordering time = 8s
Elapsed ordering time = 10s
Elapsed ordering time = 14s
Elapsed ordering time = 15s
Ordering time: 18.41s

Barrier statistics:
 AA' NZ     : 1.301e+07
 Factor NZ  : 1.940e+08 (roughly 2.0 GB of memory)
 Factor Ops : 3.192e+11 (roughly 18 seconds per iteration)
 Threads    : 1

                  Objective                Residual
Iter       Primal          Dual         Primal    Dual     Compl     Time
   0   0.00000000e+00 -1.41432176e+06  1.62e+07 0.00e+00  2.11e+03    34s
   1   0.00000000e+00 -1.60552150e+06  7.23e+06 1.75e-02  9.60e+02    47s
   2   0.00000000e+00 -1.68803284e+06  6.75e+05 2.50e-14  9.73e+01    66s
   3   0.00000000e+00 -1.26536627e+06  8.57e+04 2.42e-14  1.31e+01    85s
   4   0.00000000e+00 -5.94433692e+05  1.96e+04 3.63e-14  3.18e+00   106s
   5   0.00000000e+00 -2.86773484e+05  4.78e+03 8.10e-14  8.80e-01   126s
   6   0.00000000e+00 -1.60581346e+05  3.25e+03 7.93e-14  5.38e-01   146s
   7   0.00000000e+00 -9.36567303e+04  1.09e+03 6.24e-14  2.10e-01   165s
   8   0.00000000e+00 -5.09969091e+04  6.32e+02 7.02e-14  1.13e-01   185s
   9   0.00000000e+00 -3.70081376e+04  4.01e+02 7.14e-14  7.50e-02   204s
  10   0.00000000e+00 -2.23982676e+04  2.44e+02 7.65e-14  4.54e-02   224s
  11   0.00000000e+00 -1.56388408e+04  1.25e+02 6.35e-14  2.73e-02   245s
  12   0.00000000e+00 -9.05362425e+03  7.20e+01 4.63e-14  1.56e-02   266s
  13   0.00000000e+00 -5.10906784e+03  3.97e+01 2.28e-14  8.63e-03   286s
  14   0.00000000e+00 -3.29016046e+03  2.71e+01 1.62e-14  5.61e-03   306s
  15   0.00000000e+00 -2.08731477e+03  1.63e+01 1.13e-14  3.41e-03   326s
  16   0.00000000e+00 -1.52323450e+03  1.21e+01 8.23e-15  2.47e-03   347s
  17   0.00000000e+00 -1.32653912e+03  1.01e+01 6.84e-15  2.11e-03   367s
  18   0.00000000e+00 -1.11961024e+03  8.41e+00 5.89e-15  1.76e-03   386s
  19   0.00000000e+00 -8.06409418e+02  6.88e+00 4.56e-15  1.35e-03   405s
  20   0.00000000e+00 -5.64633372e+02  5.14e+00 4.73e-15  1.00e-03   426s
  21   0.00000000e+00 -4.57075764e+02  4.39e+00 8.12e-15  8.63e-04   444s
  22   0.00000000e+00 -3.19532615e+02  3.77e+00 1.39e-14  7.28e-04   466s
  23   0.00000000e+00 -2.41876598e+02  3.44e+00 1.54e-14  6.56e-04   485s
  24   0.00000000e+00 -1.65276177e+02  2.97e+00 1.85e-14  5.78e-04   504s
  25   0.00000000e+00 -1.03283581e+02  2.82e+00 2.90e-14  5.50e-04   522s
  26   0.00000000e+00 -5.21947245e+01  2.63e+00 3.28e-14  5.17e-04   541s
  27   0.00000000e+00  3.25219503e+01  2.53e+00 4.03e-14  4.97e-04   560s
  28   0.00000000e+00  9.37296425e+01  2.46e+00 5.37e-14  4.84e-04   579s
  29   0.00000000e+00  2.01081970e+02  2.36e+00 5.71e-14  4.66e-04   599s

Barrier performed 29 iterations in 600.04 seconds (376.33 work units)
Time limit reached


User-callback calls 12993, time in user-callback 0.19 sec
