
Gurobi 13.0.2 (win64) logging started Thu Oct  8 08:50:39 2026

Set parameter LogFile to value "C:\v42_m1_exact_solver_redesign_20261008\docs\v42_m_practical_exact_solver_overnight_20261008\external_production\external_nodes\0042\LP.log"
Gurobi Optimizer version 13.0.2 build v13.0.2rc1 (win64 - Windows 11+.0 (26200.2))

CPU model: 13th Gen Intel(R) Core(TM) i7-13620H, instruction set [SSE2|AVX|AVX2]
Thread count: 10 physical cores, 16 logical processors, using up to 1 threads

Non-default parameters:
TimeLimit  900
FeasibilityTol  1e-08
IntFeasTol  1e-08
MIPGap  0.005
OptimalityTol  1e-08
Method  2
LPWarmStart  0
Crossover  0
DegenMoves  0
MIPFocus  3
NodeMethod  1
LogToConsole  0
Seed  20260929
Threads  1

Optimize a model with 582808 rows, 306040 columns and 5351612 nonzeros (Min)
Model fingerprint: 0x7175a6d3
Model has 1 linear objective coefficients
Coefficient statistics:
  Matrix range     [1e-13, 4e+02]
  Objective range  [1e+00, 1e+00]
  Bounds range     [3e-08, 2e+03]
  RHS range        [2e-24, 2e+03]
Warning: Model contains large matrix coefficient range
         Consider reformulating model or setting NumericFocus parameter
         to avoid numerical issues.

Presolve removed 175696 rows and 27321 columns
Presolve time: 2.07s
Presolved: 407112 rows, 299026 columns, 4428631 nonzeros
Elapsed ordering time = 5s
Ordering time: 5.54s

Barrier statistics:
 Dense cols : 961
 AA' NZ     : 3.785e+07
 Factor NZ  : 5.730e+07 (roughly 700 MB of memory)
 Factor Ops : 3.154e+10 (roughly 1 second per iteration)
 Threads    : 1

                  Objective                Residual
Iter       Primal          Dual         Primal    Dual     Compl     Time
   0   1.27525734e+03 -5.00200255e+05  6.52e+07 7.87e-07  1.02e+04    13s
   1   1.70157989e+03 -3.67356824e+05  4.36e+07 6.07e-03  4.39e+03    14s
   2   4.60718186e+02 -2.61960802e+05  1.80e+07 4.92e-04  5.58e+03    16s
   3   3.63314944e+01 -1.04248605e+05  1.39e+06 6.00e-10  4.40e+02    18s
   4   8.19246579e-01 -5.80395011e+04  4.51e+03 7.76e-15  9.30e+00    19s
   5   7.51136773e-01 -1.04632152e+04  1.74e+03 2.51e-14  1.65e+00    21s
   6   7.21340025e-01 -6.84877745e+02  2.68e+02 6.54e-12  1.16e-01    24s
   7   7.25487223e-01 -2.53871355e+02  9.60e+01 2.75e-14  4.32e-02    26s
   8   7.28144815e-01 -9.34623570e+01  3.89e+01 2.90e-14  1.72e-02    28s
   9   7.34936930e-01 -3.65160854e+01  1.22e+01 1.78e-09  6.48e-03    30s
  10   7.32126625e-01 -6.55620625e+00  1.92e+00 9.08e-09  1.20e-03    33s
  11   6.61337167e-01 -7.50331436e-01  1.35e-01 1.51e-08  1.97e-04    35s
  12   6.22643715e-01 -2.53760670e-01  1.05e-01 3.91e-08  1.21e-04    37s
  13   6.16692031e-01  3.39678400e-02  8.65e-02 6.49e-08  7.98e-05    39s
  14   6.06910506e-01  2.15038086e-01  5.19e-02 5.06e-08  5.30e-05    42s
  15   6.00427194e-01  3.02106962e-01  3.98e-02 4.23e-08  4.01e-05    44s
  16   5.97772472e-01  3.45396754e-01  3.56e-02 3.68e-08  3.38e-05    45s
  17   5.92764371e-01  3.93374622e-01  2.76e-02 3.44e-08  2.66e-05    47s
  18   5.85471684e-01  4.60809807e-01  1.75e-02 2.94e-08  1.64e-05    49s
  19   5.79972618e-01  4.96453979e-01  1.10e-02 2.17e-08  1.08e-05    51s
  20   5.78209673e-01  5.17140094e-01  9.28e-03 1.99e-08  7.83e-06    53s
  21   5.76288533e-01  5.28782909e-01  7.39e-03 1.45e-08  6.04e-06    54s
  22   5.73585649e-01  5.44322374e-01  4.78e-03 1.54e-08  3.67e-06    56s
  23   5.72687819e-01  5.48500988e-01  3.90e-03 1.54e-08  3.02e-06    58s
  24   5.72438462e-01  5.49574410e-01  3.66e-03 1.48e-08  2.86e-06    60s
  25   5.72123778e-01  5.52824389e-01  3.34e-03 1.44e-08  2.41e-06    62s
  26   5.71476032e-01  5.56409098e-01  2.64e-03 1.19e-08  1.88e-06    64s
  27   5.70685210e-01  5.60131587e-01  1.68e-03 1.08e-08  1.32e-06    66s
  28   5.70445294e-01  5.61584065e-01  1.38e-03 9.07e-09  1.11e-06    68s
  29   5.70275482e-01  5.62686122e-01  1.17e-03 7.72e-09  9.54e-07    70s
  30   5.70147630e-01  5.63611698e-01  1.00e-03 6.60e-09  8.25e-07    71s
  31   5.69965814e-01  5.65898996e-01  7.63e-04 6.12e-09  5.23e-07    73s
  32   5.69855094e-01  5.66669994e-01  6.23e-04 5.85e-09  4.14e-07    75s
  33   5.69753468e-01  5.67142211e-01  4.95e-04 5.64e-09  3.43e-07    77s
  34   5.69656780e-01  5.67560587e-01  3.68e-04 5.42e-09  2.79e-07    79s
  35   5.69499032e-01  5.68713898e-01  1.57e-04 6.00e-09  1.17e-07    82s
  36   5.69423520e-01  5.68995460e-01  7.18e-05 6.01e-09  7.30e-08    85s
  37   5.69404072e-01  5.69096033e-01  5.17e-05 6.16e-09  5.74e-08    86s
  38   5.69393544e-01  5.69143366e-01  4.12e-05 6.20e-09  4.96e-08    88s
  39   5.69383818e-01  5.69219305e-01  3.19e-05 5.98e-09  3.74e-08    90s
  40   5.69375928e-01  5.69269909e-01  2.43e-05 6.19e-09  2.88e-08    91s
  41   5.69365647e-01  5.69330128e-01  1.43e-05 5.35e-09  1.88e-08    93s
  42   5.69361800e-01  5.69368252e-01  1.09e-05 3.05e-09  1.08e-08    95s
  43   5.69360956e-01  5.69376813e-01  1.01e-05 2.38e-09  8.52e-09    97s
  44   5.69355538e-01  5.69377988e-01  5.03e-06 2.08e-09  6.15e-09    99s
  45   5.69351962e-01  5.69378730e-01  1.56e-06 2.02e-09  1.14e-09   102s
  46   5.69350773e-01  5.69374150e-01  6.46e-07 1.75e-09  4.69e-10   104s
  47   5.69350393e-01  5.69371557e-01  4.17e-07 1.57e-09  2.47e-10   105s
  48   5.69350063e-01  5.69370293e-01  2.46e-07 1.42e-09  1.33e-10   108s
  49   5.69350031e-01  5.69369775e-01  2.30e-07 1.36e-09  1.06e-10   110s
  50   5.69350018e-01  5.69368944e-01  2.24e-07 1.30e-09  9.89e-11   112s
  51   5.69349810e-01  5.69369816e-01  1.20e-07 1.34e-09  6.14e-11   115s
  52   5.69349795e-01  5.69368973e-01  1.10e-07 1.28e-09  4.96e-11   116s
  53   5.69349643e-01  5.69367655e-01  6.20e-08 1.18e-09  2.40e-11   118s
  54   5.69349452e-01  5.69367558e-01  2.46e-08 1.14e-09  5.90e-12   120s
  55   5.69349420e-01  5.69367556e-01  2.13e-08 1.13e-09  4.75e-12   122s
  56   5.69349416e-01  5.69367586e-01  2.09e-08 1.13e-09  4.25e-12   124s
  57   5.69349412e-01  5.69367781e-01  2.05e-08 1.13e-09  4.11e-12   125s
  58   5.69349355e-01  5.69369011e-01  1.69e-08 1.14e-09  2.90e-12   127s
  59   5.69349290e-01  5.69370074e-01  1.86e-08 1.15e-09  1.82e-12   129s
  60   5.69349289e-01  5.69369823e-01  2.30e-08 1.13e-09  1.72e-12   131s
  61   5.69349289e-01  5.69368755e-01  2.29e-08 1.08e-09  1.70e-12   133s
  62   5.69349287e-01  5.69368110e-01  2.80e-08 1.04e-09  1.57e-12   134s
  63   5.69349286e-01  5.69368234e-01  2.80e-08 1.05e-09  1.56e-12   136s
  64   5.69349251e-01  5.69368620e-01  2.23e-08 1.06e-09  1.27e-12   138s
  65   5.69349218e-01  5.69368639e-01  1.98e-08 1.06e-09  1.18e-12   140s
  66   5.69349196e-01  5.69368420e-01  3.20e-08 1.04e-09  9.72e-13   142s
  67   5.69349186e-01  5.69368428e-01  3.06e-08 1.04e-09  9.07e-13   144s
  68   5.69349177e-01  5.69368427e-01  6.60e-08 1.04e-09  8.56e-13   146s
  69   5.69349167e-01  5.69368413e-01  6.20e-08 1.03e-09  8.00e-13   148s
  70   5.69349164e-01  5.69368278e-01  6.12e-08 1.02e-09  7.75e-13   150s

Barrier solved model in 70 iterations and 149.86 seconds (281.88 work units)
Optimal objective 5.69349164e-01


User-callback calls 9020, time in user-callback 0.16 sec
Discarded solution information
Set parameter Method to value 2
Set parameter Crossover to value 0
Set parameter LPWarmStart to value 0
Set parameter NumericFocus to value 0
Set parameter DualReductions to value 1
Set parameter InfUnbdInfo to value 0
Set parameter TimeLimit to value 900
