Set parameter Username
Set parameter LicenseID to value 2845475
Academic license - for non-commercial use only - expires 2027-07-18
Set parameter OutputFlag to value 1
Set parameter LogToConsole to value 0
Set parameter Username
Set parameter LicenseID to value 2845475
Academic license - for non-commercial use only - expires 2027-07-18
Set parameter OutputFlag to value 1
Set parameter LogToConsole to value 0
Set parameter Username
Set parameter LicenseID to value 2845475
Set parameter Username
Set parameter LicenseID to value 2845475
Academic license - for non-commercial use only - expires 2027-07-18
Set parameter OutputFlag to value 1
Set parameter LogToConsole to value 0
Academic license - for non-commercial use only - expires 2027-07-18
Set parameter OutputFlag to value 1
Set parameter LogToConsole to value 0
Set parameter Username
Set parameter LicenseID to value 2845475
Academic license - for non-commercial use only - expires 2027-07-18
Set parameter OutputFlag to value 1
Set parameter LogToConsole to value 0
POLICY_RMP 1 DISCOVERY 0.5872526721935815 23.727552499913145
POLICY_ROUND 1 DISCOVERY 16 0.5215744487783405 0.5872526721935815 43.784817199921235
WARM_COLD cold 33.887538400013 2 0.5863035015459692 False
WARM_COLD warm 38.878449200012255 2 0.5863035015459692 True
WARM_COLD warm 39.00683349999599 2 0.5863035015459692 True
WARM_COLD cold 34.10426350001944 2 0.5863035015459692 False
POLICY_RMP 2 DISCOVERY 0.5863035015459692 223.71220179996453
POLICY_ROUND 2 DISCOVERY 16 0.5215744487783405 0.5863035015459692 243.78670999995666
POLICY_RMP 3 DISCOVERY 0.5856426290409378 277.7332228999585
POLICY_ROUND 3 DISCOVERY 16 0.5215744487783405 0.5856426290409378 297.7918761000037
POLICY_RMP 4 DISCOVERY 0.5851388671470722 329.68796920002205
POLICY_ROUND 4 DISCOVERY 16 0.5215744487783405 0.5851388671470722 349.7309443000122
POLICY_RMP 5 DISCOVERY 0.5844456494556451 385.8197653000243
POLICY_ROUND 5 DISCOVERY 16 0.5215744487783405 0.5844456494556451 405.88315670000156
POLICY_RMP 6 CERTIFICATION 0.5836817975103938 443.92511149996426
POLICY_ROUND 6 CERTIFICATION 0 0.5215744487783405 0.5836817975103938 496.64203099993756
POLICY_RMP 7 FINAL_CERTIFICATION 0.5836817975103938 496.64826399990125
POLICY_ROUND 7 FINAL_CERTIFICATION 0 0.5215744487783405 0.5836817975103938 501.6940648998716
THROUGHPUT_DONE {'scientific_base': '851956172cf9b5cde5ebcfb2f3145b90de024987', 'PR141_head': 'cae31ce64c83d1e94c158a46e2739fd2ff7e7da3', 'preopt_commit': '747c602cac1ae6a0dad650e360d136eb72e608e1', 'status': 'POLICY_CANARY_INCONCLUSIVE', 'materiality': 'INCONCLUSIVE', 'policy_canary': 'NOT_SUPPORTED', 'stop_reason': 'THROUGHPUT_FINAL_CERTIFICATION_COMPLETE', 'workers': 4, 'resource_PASS': True, 'resource_safety_failure_observed': False, 'initial_retained_columns': 1078, 'new_RMP_solves': 7, 'new_pricing_calls': 28, 'new_discovery_columns': 80, 'retained_columns': 1158, 'discovery_rounds': 5, 'certification_rounds': 2, 'median_discovery_round_wall': 70.3343452999834, 'median_certification_round_wall': 75.04198429995449, 'old_columns_per_minute': 0.80998069224726, 'new_columns_per_minute': 6.9100104199372385, 'RMP_warmstart_tested': True, 'RMP_warmstart_selected': False, 'dual_stabilization_tested': True, 'dual_stabilization_selected': True, 'actual_4way_pricing_calls': 28, 'true_4way_resource_PASS': True, 'time_to_first_new_certified_LB': 667.2287356000161, 'heavy_to_first_new_certified_LB': 496.64203099993756, 'best_corrected_LB': 0.5215744487783405, 'smallest_RMP_upper': 0.5836817975103938, 'final_interval': [0.5215744487783405, 0.5836817975103938], 'material_threshold': 0.5737116103498322, 'DW_ROOT_OPTIMAL_CERTIFIED': False, 'DW_ROOT_LB': None, 'total_optimize_wall_union': 501.6940648998716, 'sum_native_optimize_wall': 926.836973899859, 'total_elapsed_including_build_audit': 694.6445610999945, 'heavy_wall_to_materiality_decision': None, 'build_seconds': 32.20897599996533, 'May_production': [0, 0, 0], 'no_branch_and_price': True, 'old_TIME_LIMIT_retroactively_added': False, 'smoothing_enabled': True, 'smoothing_mode': 'adaptive_exponential', 'smoothing_alpha_initial': 0.3, 'smoothing_alpha_final': 0.125, 'SMOOTHING_STAGNATION': False, 'smoothing_proposed': 147, 'smoothing_true_negative': 121, 'smoothing_rejected_after_true_RC': 14, 'smoothing_accepted': 80, 'box_proximal_trust_region_run': False}
