
Gurobi 13.0.2 (win64) logging started Mon Oct  5 22:53:34 2026

Set parameter LogFile to value "C:\v42_m1_accel_vnext\docs\v42_m1_accel_vnext\02\box\BOX_GUIDANCE.log"
Gurobi Optimizer version 13.0.2 build v13.0.2rc1 (win64 - Windows 11+.0 (26200.2))

CPU model: 13th Gen Intel(R) Core(TM) i7-13620H, instruction set [SSE2|AVX|AVX2]
Thread count: 10 physical cores, 16 logical processors, using up to 1 threads

Non-default parameters:
TimeLimit  90
FeasibilityTol  1e-08
IntFeasTol  1e-08
OptimalityTol  1e-08
Method  2
LPWarmStart  0
BarConvTol  1e-11
Crossover  1
PreDual  0
LogToConsole  0
Seed  20260929
Threads  1

Optimize a model with 679959 rows, 91873 columns and 7434335 nonzeros (Min)
Model fingerprint: 0x0658e082
Model has 9053 linear objective coefficients
Coefficient statistics:
  Matrix range     [1e-13, 4e+02]
  Objective range  [3e-11, 1e+00]
  Bounds range     [1e+00, 1e+00]
  RHS range        [2e-24, 2e+03]
Warning: Model contains large matrix coefficient range
         Consider reformulating model or setting NumericFocus parameter
         to avoid numerical issues.

Presolve time: 3.67s
Presolved: 375417 rows, 107123 columns, 4147174 nonzeros

Ordering time: 2.71s

Barrier statistics:
 Dense cols : 4751
 AA' NZ     : 6.490e+06
 Factor NZ  : 1.670e+07 (roughly 300 MB of memory)
 Factor Ops : 2.043e+10 (roughly 1 second per iteration)
 Threads    : 1

                  Objective                Residual
Iter       Primal          Dual         Primal    Dual     Compl     Time
   0   3.45637761e+03 -2.97265924e+05  5.39e+07 5.19e-03  6.16e+04     9s
   1   4.18986972e+03 -2.62463906e+05  3.60e+07 8.10e-01  2.92e+04    10s
   2   1.61587278e+03 -2.20949733e+05  3.40e+07 5.06e+00  2.46e+05    11s
   3   9.36437343e+02 -1.49943198e+05  6.69e+05 4.75e+00  5.02e+03    13s
   4   5.10331128e+02 -7.73902199e+04  2.98e+04 2.47e+01  3.05e+02    17s
   5   1.42073095e+02 -6.12452428e+04  4.13e+03 1.64e+01  9.72e+01    23s
   6   7.68721999e+01 -1.37402345e+04  1.64e+03 2.51e+00  1.90e+01    29s
   7   1.57629429e+01 -1.78272655e+03  6.99e+01 1.61e-01  2.10e+00    36s
   8   2.07109061e+00 -8.75847329e+01  3.86e+00 7.48e-03  1.03e-01    43s
   9   1.02132920e+00 -1.22710805e+01  4.82e-01 9.73e-04  1.52e-02    49s
  10   8.73182269e-01 -5.43486261e+00  2.12e-01 4.36e-04  7.12e-03    53s
  11   7.73387673e-01 -1.92972398e+00  7.20e-02 1.72e-04  2.97e-03    54s
  12   7.40663051e-01 -6.24596740e-01  4.21e-02 8.15e-05  1.43e-03    55s
  13   7.11907322e-01 -3.51701824e-02  1.74e-02 3.88e-05  7.24e-04    55s
  14   7.01281729e-01  1.83483336e-01  1.03e-02 2.43e-05  4.63e-04    56s
  15   6.94697743e-01  3.21028187e-01  7.11e-03 1.52e-05  3.01e-04    56s
  16   6.91895329e-01  3.46077716e-01  6.01e-03 1.37e-05  2.71e-04    57s
  17   6.88254134e-01  4.41611291e-01  4.75e-03 7.87e-06  1.59e-04    58s
  18   6.82265867e-01  4.88105989e-01  2.74e-03 4.99e-06  1.03e-04    58s
  19   6.78724752e-01  5.17662936e-01  1.94e-03 3.21e-06  6.75e-05    59s
  20   6.76364409e-01  5.29456093e-01  1.49e-03 2.51e-06  5.32e-05    60s
  21   6.72915555e-01  5.57365078e-01  9.58e-04 8.47e-07  2.00e-05    61s
  22   6.70187769e-01  5.60176777e-01  6.72e-04 6.71e-07  1.61e-05    62s
  23   6.68668918e-01  5.67058132e-01  5.52e-04 2.99e-07  7.67e-06    62s
  24   6.67778343e-01  5.69310971e-01  4.87e-04 1.78e-07  4.86e-06    63s
  25   6.66380553e-01  5.70116118e-01  3.95e-04 1.50e-07  3.82e-06    64s
  26   6.66211055e-01  5.70530665e-01  3.85e-04 1.53e-07  3.32e-06    64s
  27   6.64565958e-01  5.71184764e-01  2.94e-04 1.50e-07  2.50e-06    65s
  28   6.62649859e-01  5.72170426e-01  2.11e-04 1.33e-07  1.33e-06    66s
  29   6.60560982e-01  5.72693166e-01  1.44e-04 1.23e-07  7.59e-07    67s
  30   6.58932658e-01  5.73063465e-01  1.08e-04 1.20e-07  4.83e-07    68s
  31   6.58701457e-01  5.73171186e-01  1.03e-04 1.31e-07  4.24e-07    68s
  32   6.58008294e-01  5.73350184e-01  9.13e-05 1.20e-07  3.23e-07    69s
  33   6.56458486e-01  5.73427280e-01  6.76e-05 1.07e-07  2.48e-07    70s
  34   6.55684985e-01  5.73564037e-01  5.86e-05 1.07e-07  2.11e-07    71s
  35   6.54826223e-01  5.73631300e-01  5.01e-05 1.07e-07  1.76e-07    71s
  36   6.54092190e-01  5.73675352e-01  4.37e-05 1.07e-07  1.53e-07    72s
  37   6.53821422e-01  5.73719814e-01  4.17e-05 1.07e-07  1.41e-07    73s
  38   6.53271809e-01  5.73743369e-01  3.77e-05 1.10e-07  1.27e-07    74s
  39   6.52220579e-01  5.73819050e-01  3.07e-05 1.14e-07  1.03e-07    74s
  40   6.51607317e-01  5.73880839e-01  2.73e-05 1.37e-07  9.12e-08    75s
  41   6.51297834e-01  5.73907624e-01  2.54e-05 1.34e-07  1.19e-07    76s
  42   6.50292578e-01  5.73926022e-01  2.07e-05 1.20e-07  9.48e-08    76s
  43   6.49951664e-01  5.73934122e-01  1.94e-05 1.20e-07  8.54e-08    77s
  44   6.49659003e-01  5.73936736e-01  1.84e-05 1.20e-07  8.00e-08    78s
  45   6.49263215e-01  5.73937413e-01  1.71e-05 1.20e-07  7.45e-08    79s
  46   6.48524279e-01  5.73942018e-01  1.48e-05 1.18e-07  6.39e-08    80s
  47   6.47885469e-01  5.73944363e-01  1.30e-05 1.17e-07  5.77e-08    80s
  48   6.47209739e-01  5.73952020e-01  1.14e-05 1.17e-07  5.24e-08    81s
  49   6.46542610e-01  5.73967913e-01  9.96e-06 1.18e-07  4.52e-08    82s
  50   6.45993002e-01  5.73975711e-01  8.93e-06 1.07e-07  4.04e-08    83s
  51   6.45793038e-01  5.73964489e-01  8.58e-06 1.00e-07  4.10e-08    84s
  52   6.45006421e-01  5.73962133e-01  7.31e-06 9.89e-08  3.50e-08    84s
  53   6.44860628e-01  5.73961089e-01  7.10e-06 9.77e-08  3.54e-08    85s
  54   6.44570682e-01  5.73960406e-01  6.71e-06 9.71e-08  3.35e-08    86s
  55   6.44272807e-01  5.73960625e-01  6.32e-06 9.67e-08  3.21e-08    87s
  56   6.43887393e-01  5.73957843e-01  5.86e-06 9.62e-08  2.98e-08    88s
  57   6.43661227e-01  5.73953454e-01  5.59e-06 9.53e-08  3.13e-08    89s
  58   6.43557885e-01  5.73954831e-01  5.48e-06 9.52e-08  3.12e-08    89s
  59   6.43531454e-01  5.73955235e-01  5.45e-06 9.52e-08  3.15e-08    90s

Barrier performed 59 iterations in 90.39 seconds (79.19 work units)
Time limit reached


Stopped in 0 iterations and 90.42 seconds (82.69 work units)
Time limit reached
