
Gurobi 13.0.2 (win64) logging started Thu Oct  8 07:49:40 2026

Set parameter LogFile to value "C:\v42_m1_exact_solver_redesign_20261008\docs\v42_m_practical_exact_solver_overnight_20261008\external_production\external_nodes\0025\LP.log"
Gurobi Optimizer version 13.0.2 build v13.0.2rc1 (win64 - Windows 11+.0 (26200.2))

CPU model: 13th Gen Intel(R) Core(TM) i7-13620H, instruction set [SSE2|AVX|AVX2]
Thread count: 10 physical cores, 16 logical processors, using up to 1 threads

Non-default parameters:
TimeLimit  900
FeasibilityTol  1e-08
IntFeasTol  1e-08
MIPGap  0.005
OptimalityTol  1e-08
Method  2
LPWarmStart  0
Crossover  0
DegenMoves  0
MIPFocus  3
NodeMethod  1
LogToConsole  0
Seed  20260929
Threads  1

Optimize a model with 582808 rows, 306040 columns and 5351612 nonzeros (Min)
Model fingerprint: 0xa5488931
Model has 1 linear objective coefficients
Coefficient statistics:
  Matrix range     [1e-13, 4e+02]
  Objective range  [1e+00, 1e+00]
  Bounds range     [3e-08, 2e+03]
  RHS range        [2e-24, 2e+03]
Warning: Model contains large matrix coefficient range
         Consider reformulating model or setting NumericFocus parameter
         to avoid numerical issues.

Presolve removed 175733 rows and 27382 columns
Presolve time: 2.11s
Presolved: 407075 rows, 298947 columns, 4428339 nonzeros
Elapsed ordering time = 5s
Ordering time: 5.42s

Barrier statistics:
 Dense cols : 965
 AA' NZ     : 3.781e+07
 Factor NZ  : 5.729e+07 (roughly 700 MB of memory)
 Factor Ops : 3.153e+10 (roughly 1 second per iteration)
 Threads    : 1

                  Objective                Residual
Iter       Primal          Dual         Primal    Dual     Compl     Time
   0   1.27525808e+03 -5.00167783e+05  6.52e+07 7.87e-07  1.02e+04    13s
   1   1.70158092e+03 -3.67363275e+05  4.36e+07 6.07e-03  4.39e+03    14s
   2   4.60624027e+02 -2.61965963e+05  1.80e+07 4.92e-04  5.58e+03    16s
   3   3.63232859e+01 -1.04244034e+05  1.39e+06 6.58e-15  4.40e+02    18s
   4   8.15723689e-01 -5.80247004e+04  4.38e+03 1.28e-09  9.26e+00    19s
   5   7.48943607e-01 -8.09924261e+03  1.66e+03 2.16e-14  1.30e+00    21s
   6   7.21636987e-01 -6.86753203e+02  3.00e+02 2.23e-14  1.18e-01    23s
   7   7.25239047e-01 -2.04323776e+02  1.02e+02 2.84e-14  3.67e-02    26s
   8   7.32055671e-01 -7.88273957e+01  3.42e+01 2.62e-14  1.44e-02    28s
   9   7.38484047e-01 -9.58917660e+00  6.69e+00 4.54e-09  2.12e-03    30s
  10   6.79364589e-01 -1.23215059e+00  3.96e-01 1.49e-08  2.90e-04    33s
  11   6.26959480e-01 -2.30078111e-01  2.81e-01 1.83e-08  1.26e-04    35s
  12   6.12242264e-01  1.10527244e-01  1.86e-01 1.75e-08  7.14e-05    37s
  13   6.06036198e-01  2.63810459e-01  1.27e-01 1.99e-08  4.75e-05    39s
  14   5.99426156e-01  3.58468860e-01  9.09e-02 1.98e-08  3.29e-05    41s
  15   5.94788599e-01  4.19253803e-01  7.40e-02 2.97e-08  2.37e-05    43s
  16   5.88883670e-01  4.51477599e-01  5.62e-02 3.38e-08  1.84e-05    45s
  17   5.84633671e-01  4.80119659e-01  4.06e-02 3.06e-08  1.39e-05    47s
  18   5.81380170e-01  5.03336442e-01  3.18e-02 2.42e-08  1.02e-05    49s
  19   5.79592943e-01  5.15490074e-01  2.72e-02 2.07e-08  8.32e-06    51s
  20   5.78144424e-01  5.21275393e-01  2.35e-02 1.92e-08  7.35e-06    52s
  21   5.75654666e-01  5.45210365e-01  1.79e-02 2.16e-08  3.80e-06    55s
  22   5.72659745e-01  5.54288655e-01  1.03e-02 1.42e-08  2.22e-06    57s
  23   5.70992464e-01  5.57399100e-01  6.10e-03 1.15e-08  1.63e-06    59s
  24   5.70284261e-01  5.61538299e-01  4.09e-03 8.57e-09  1.06e-06    61s
  25   5.69929422e-01  5.63884748e-01  3.04e-03 7.42e-09  7.47e-07    63s
  26   5.69630477e-01  5.66066364e-01  2.26e-03 6.59e-09  4.64e-07    65s
  27   5.69413387e-01  5.66951818e-01  1.66e-03 5.97e-09  3.36e-07    67s
  28   5.69301528e-01  5.67589037e-01  1.34e-03 5.29e-09  2.48e-07    69s
  29   5.69189091e-01  5.67931694e-01  1.00e-03 5.51e-09  1.93e-07    71s
  30   5.69134249e-01  5.68033681e-01  8.40e-04 5.51e-09  1.74e-07    72s
  31   5.69105705e-01  5.68305322e-01  7.72e-04 5.50e-09  1.38e-07    74s
  32   5.69036461e-01  5.68444402e-01  5.81e-04 5.45e-09  1.12e-07    76s
  33   5.68976158e-01  5.68620733e-01  4.17e-04 5.29e-09  8.28e-08    78s
  34   5.68948255e-01  5.68716392e-01  3.38e-04 5.14e-09  6.70e-08    80s
  35   5.68925664e-01  5.68798481e-01  2.67e-04 5.12e-09  5.35e-08    82s
  36   5.68902632e-01  5.68893212e-01  2.05e-04 4.95e-09  3.88e-08    84s
  37   5.68891100e-01  5.68959105e-01  1.73e-04 4.76e-09  2.82e-08    86s
  38   5.68871363e-01  5.69011022e-01  1.21e-04 4.56e-09  1.87e-08    88s
  39   5.68863310e-01  5.69019969e-01  1.01e-04 4.45e-09  1.46e-08    90s
  40   5.68850599e-01  5.69056935e-01  7.13e-05 4.28e-09  7.50e-09    92s
  41   5.68836619e-01  5.69063147e-01  4.06e-05 4.27e-09  4.45e-09    94s
  42   5.68833028e-01  5.69062001e-01  3.40e-05 4.41e-09  3.12e-09    96s
  43   5.68828420e-01  5.69059704e-01  2.67e-05 4.44e-09  2.46e-09    98s
  44   5.68826965e-01  5.69052922e-01  2.45e-05 4.47e-09  2.22e-09   100s
  45   5.68824973e-01  5.69049688e-01  2.19e-05 4.48e-09  2.02e-09   102s
  46   5.68823065e-01  5.69022917e-01  1.93e-05 4.09e-09  1.27e-09   104s
  47   5.68821613e-01  5.69015962e-01  1.68e-05 4.06e-09  1.14e-09   106s
  48   5.68820575e-01  5.69006238e-01  1.56e-05 3.97e-09  9.29e-10   108s
  49   5.68817771e-01  5.69005783e-01  1.22e-05 3.93e-09  7.62e-10   110s
  50   5.68816714e-01  5.69003436e-01  1.10e-05 3.82e-09  6.64e-10   112s
  51   5.68816450e-01  5.68996482e-01  1.05e-05 3.81e-09  5.38e-10   113s
  52   5.68815029e-01  5.68994273e-01  8.27e-06 3.83e-09  4.53e-10   115s
  53   5.68812701e-01  5.68980689e-01  4.00e-06 3.96e-09  2.79e-10   118s
  54   5.68812265e-01  5.68964852e-01  3.56e-06 4.13e-09  2.02e-10   119s
  55   5.68811932e-01  5.68960136e-01  3.24e-06 4.15e-09  1.78e-10   121s
  56   5.68811750e-01  5.68956705e-01  2.87e-06 4.09e-09  1.78e-10   123s
  57   5.68811059e-01  5.68948518e-01  2.30e-06 4.15e-09  1.26e-10   125s
  58   5.68810346e-01  5.68944978e-01  1.80e-06 4.17e-09  1.02e-10   127s
  59   5.68809814e-01  5.68942066e-01  1.48e-06 4.20e-09  7.80e-11   129s
  60   5.68809333e-01  5.68932749e-01  1.23e-06 4.19e-09  4.94e-11   131s
  61   5.68809116e-01  5.68930200e-01  1.14e-06 4.14e-09  4.40e-11   133s
  62   5.68809027e-01  5.68929376e-01  1.10e-06 4.12e-09  4.22e-11   134s
  63   5.68808552e-01  5.68928714e-01  9.11e-07 4.16e-09  3.59e-11   136s
  64   5.68808162e-01  5.68924211e-01  7.76e-07 4.08e-09  2.75e-11   138s
  65   5.68807510e-01  5.68920549e-01  5.67e-07 3.99e-09  2.13e-11   140s
  66   5.68806667e-01  5.68921043e-01  3.78e-07 3.86e-09  1.52e-11   142s
  67   5.68806401e-01  5.68917855e-01  3.37e-07 3.62e-09  1.22e-11   144s
  68   5.68805811e-01  5.68917014e-01  2.55e-07 3.59e-09  9.30e-12   146s
  69   5.68805758e-01  5.68916357e-01  2.44e-07 3.48e-09  9.06e-12   148s
  70   5.68805634e-01  5.68913764e-01  2.30e-07 3.45e-09  8.79e-12   150s
  71   5.68805527e-01  5.68911122e-01  2.18e-07 3.02e-09  8.77e-12   152s
  72   5.68804996e-01  5.68908088e-01  1.52e-07 2.64e-09  6.46e-12   154s
  73   5.68804758e-01  5.68908012e-01  1.29e-07 2.63e-09  6.66e-12   157s
  74   5.68804758e-01  5.68907536e-01  1.29e-07 2.60e-09  6.79e-12   159s
  75   5.68804391e-01  5.68905782e-01  9.48e-08 2.39e-09  4.81e-12   162s
  76   5.68804352e-01  5.68903680e-01  9.21e-08 2.01e-09  4.70e-12   165s
  77   5.68803833e-01  5.68901620e-01  8.41e-08 1.84e-09  4.89e-12   168s
  78   5.68803544e-01  5.68897726e-01  7.02e-08 1.93e-09  6.12e-12   171s
  79   5.68803118e-01  5.68897655e-01  6.06e-08 1.93e-09  5.18e-12   173s
  80   5.68802895e-01  5.68896705e-01  5.91e-08 1.94e-09  4.91e-12   176s
  81   5.68802794e-01  5.68896215e-01  5.72e-08 1.97e-09  4.71e-12   178s
  82   5.68802555e-01  5.68896138e-01  5.28e-08 1.98e-09  4.41e-12   180s
  83   5.68801419e-01  5.68891609e-01  1.34e-08 2.30e-09  1.44e-12   181s
  84   5.68801397e-01  5.68891035e-01  1.32e-08 2.34e-09  1.26e-12   183s
  85   5.68800833e-01  5.68890681e-01  1.68e-08 2.36e-09  1.01e-12   185s
  86   5.68800649e-01  5.68890503e-01  1.61e-08 2.37e-09  9.61e-13   187s
  87   5.68800612e-01  5.68890400e-01  1.60e-08 2.37e-09  9.56e-13   190s
  88   5.68800572e-01  5.68890131e-01  1.56e-08 2.39e-09  9.28e-13   192s
  89   5.68800477e-01  5.68889770e-01  1.51e-08 2.39e-09  9.23e-13   194s
  90   5.68800332e-01  5.68889660e-01  1.43e-08 2.38e-09  8.76e-13   196s
  91   5.68800099e-01  5.68888991e-01  5.22e-08 2.38e-09  8.07e-13   198s
  92   5.68800036e-01  5.68888753e-01  4.71e-08 2.38e-09  7.72e-13   200s

Barrier solved model in 92 iterations and 199.87 seconds (373.47 work units)
Optimal objective 5.68800036e-01


User-callback calls 11572, time in user-callback 0.21 sec
Discarded solution information
Set parameter Method to value 2
Set parameter Crossover to value 0
Set parameter LPWarmStart to value 0
Set parameter NumericFocus to value 0
Set parameter DualReductions to value 1
Set parameter InfUnbdInfo to value 0
Set parameter TimeLimit to value 900
