
Gurobi 13.0.2 (win64) logging started Thu Oct  8 23:46:28 2026

Set parameter LogFile to value "D:\MobileESS_V42\runtime\v42_m1_anytime_gap_frontier\anytime_may01_20261008_frontier01\000_UB_000_U1_00_NATIVE.log"
Gurobi Optimizer version 13.0.2 build v13.0.2rc1 (win64 - Windows 11+.0 (26200.2))

CPU model: 13th Gen Intel(R) Core(TM) i7-13620H, instruction set [SSE2|AVX|AVX2]
Thread count: 10 physical cores, 16 logical processors, using up to 1 threads

Non-default parameters:
TimeLimit  120
FeasibilityTol  1e-08
IntFeasTol  1e-08
MIPGap  0.005
OptimalityTol  1e-08
Method  2
MIPFocus  1
Threads  1

Optimize a model with 582809 rows, 306040 columns and 5352031 nonzeros (Min)
Model fingerprint: 0xf4f47591
Model has 1 linear objective coefficients
Variable types: 296718 continuous, 9322 integer (9322 binary)
Coefficient statistics:
  Matrix range     [1e-13, 4e+02]
  Objective range  [1e+00, 1e+00]
  Bounds range     [3e-08, 2e+03]
  RHS range        [2e-24, 2e+03]
Warning: Model contains large matrix coefficient range
         Consider reformulating model or setting NumericFocus parameter
         to avoid numerical issues.

Loaded user MIP start with objective 0.594997

Presolve removed 533367 rows and 293892 columns
Presolve time: 1.58s
Presolved: 49442 rows, 12148 columns, 291645 nonzeros
Variable types: 11655 continuous, 493 integer (493 binary)
Performing another presolve...
Presolve removed 25731 rows and 4556 columns
Presolve time: 0.51s
Root barrier log...

Ordering time: 0.02s

Barrier statistics:
 Dense cols : 256
 AA' NZ     : 4.064e+05
 Factor NZ  : 6.763e+05 (roughly 20 MB of memory)
 Factor Ops : 4.466e+07 (less than 1 second per iteration)
 Threads    : 1

                  Objective                Residual
Iter       Primal          Dual         Primal    Dual     Compl     Time
   0   8.47774456e+02 -2.08988380e+04  7.19e+04 1.88e-05  8.16e+01     2s
   1   8.48081674e+02 -3.47616888e+04  4.86e+04 2.60e-02  4.30e+01     2s
   2   8.38662942e+02 -3.96710209e+04  3.56e+04 9.28e-14  2.73e+01     2s
   3   1.08210133e+02 -2.97087296e+04  4.57e+03 4.20e-10  3.98e+00     2s
   4   1.74386517e+01 -1.40504780e+04  7.15e+02 2.42e-13  8.24e-01     2s
   5   5.99692171e+00 -2.80883882e+03  2.29e+02 3.23e-14  1.81e-01     2s
   6   3.20307444e+00 -1.14077237e+03  1.11e+02 1.19e-14  7.74e-02     2s
   7   1.78004327e+00 -4.64428866e+02  5.03e+01 2.10e-10  3.28e-02     2s
   8   1.12461400e+00 -2.52833214e+02  2.25e+01 2.95e-10  1.56e-02     2s
   9   8.85228113e-01 -1.62506579e+02  1.23e+01 2.56e-10  9.08e-03     2s
  10   7.74208681e-01 -1.08118156e+02  7.61e+00 1.74e-10  5.73e-03     3s
  11   6.99449204e-01 -5.00951681e+01  4.43e+00 2.24e-10  2.69e-03     3s
  12   6.77209436e-01 -3.23685587e+01  3.49e+00 3.63e-16  1.79e-03     3s
  13   6.55728963e-01 -1.53581478e+01  2.58e+00 1.06e-10  9.30e-04     3s
  14   6.30409285e-01 -9.64191883e+00  1.50e+00 2.17e-10  5.26e-04     3s
  15   6.18313256e-01 -6.90442333e+00  9.90e-01 1.33e-10  3.51e-04     3s
  16   6.11246031e-01 -2.52883347e+00  6.90e-01 1.87e-16  1.56e-04     3s
  17   6.06398657e-01 -1.23767122e+00  4.84e-01 1.15e-10  9.30e-05     3s
  18   6.02570222e-01 -9.33100234e-01  3.21e-01 3.05e-12  7.04e-05     3s
  19   5.99839825e-01 -5.48893221e-01  2.06e-01 1.98e-10  4.89e-05     3s
  20   5.97914281e-01  2.07372549e-01  1.24e-01 2.90e-10  1.81e-05     3s
  21   5.96684907e-01  4.08028034e-01  7.17e-02 5.19e-10  8.66e-06     3s
  22   5.95392512e-01  5.51320857e-01  1.68e-02 6.70e-17  1.78e-06     3s
  23   5.94996526e-01  5.87714985e-01  5.80e-09 1.91e-11  2.21e-07     3s
  24   5.94994643e-01  5.90022199e-01  1.59e-10 1.28e-11  1.51e-07     3s
  25   5.94715765e-01  5.90257123e-01  2.45e-10 1.20e-11  1.35e-07     3s
  26   5.94317081e-01  5.92665916e-01  2.60e-10 4.02e-12  5.01e-08     3s

Barrier performed 26 iterations in 2.71 seconds (3.39 work units)
Objective cutoff exceeded


Root relaxation: interrupted, 0 iterations, 0.49 seconds (0.74 work units)

    Nodes    |    Current Node    |     Objective Bounds      |     Work
 Expl Unexpl |  Obj  Depth IntInf | Incumbent    BestBd   Gap | It/Node Time

     0     0          -    0         0.59500    0.59267  0.39%     -    2s

Explored 1 nodes (0 simplex iterations) in 2.82 seconds (3.40 work units)
Thread count was 1 (of 16 available processors)

Solution count 1: 0.594997 

Optimal solution found (tolerance 5.00e-03)
Best objective 5.949967486930e-01, best bound 5.926659156585e-01, gap 0.3917%

User-callback calls 536, time in user-callback 0.00 sec
