
Gurobi 13.0.2 (win64) logging started Thu Oct  8 16:36:48 2026

Set parameter LogFile to value "D:\v42_may12_p1_exact_rescue_20261008\docs\v42_may12_p1_exact_rescue_20261008\P1\S0\PRICE\B\1b032deb990c\NATIVE_SOLVER.log"
Set parameter TimeLimit to value 60
Gurobi Optimizer version 13.0.2 build v13.0.2rc1 (win64 - Windows 11+.0 (26200.2))

CPU model: 13th Gen Intel(R) Core(TM) i7-13620H, instruction set [SSE2|AVX|AVX2]
Thread count: 10 physical cores, 16 logical processors, using up to 1 threads

Non-default parameters:
TimeLimit  60
MIPGap  0.005
Method  2
MIPFocus  3
NodeMethod  1
LogToConsole  0
Seed  20260929
Threads  1

Optimize a model with 16061 rows, 16445 columns and 107395 nonzeros (Min)
Model fingerprint: 0xfdfd21fc
Model has 2375 linear objective coefficients
Coefficient statistics:
  Matrix range     [1e+00, 8e+04]
  Objective range  [3e-21, 7e-04]
  Bounds range     [9e+00, 7e+05]
  RHS range        [9e+00, 7e+05]

Presolve removed 8471 rows and 6226 columns
Presolve time: 0.02s
Presolved: 7590 rows, 10219 columns, 82704 nonzeros

Ordering time: 0.01s

Barrier statistics:
 Dense cols : 25
 AA' NZ     : 1.265e+05
 Factor NZ  : 4.238e+05 (roughly 10 MB of memory)
 Factor Ops : 4.390e+07 (less than 1 second per iteration)
 Threads    : 1

                  Objective                Residual
Iter       Primal          Dual         Primal    Dual     Compl     Time
   0   2.88964491e-01 -3.19705762e+01  1.70e+05 7.86e-03  1.22e+01     0s
   1   1.48058991e-01 -2.30582424e+01  1.17e+05 1.25e-04  8.31e+00     0s
   2   2.31908934e-02 -1.38386412e+01  2.38e+04 1.80e-06  1.74e+00     0s
   3  -3.61611276e-04 -8.71986547e+00  7.40e+03 6.37e-07  5.87e-01     0s
   4  -6.35563403e-03 -3.14699891e+00  2.25e+03 7.81e-07  1.67e-01     0s
   5  -7.75239858e-03 -8.29554855e-01  2.29e+02 4.07e-07  2.62e-02     0s
   6  -5.55693474e-03 -2.14228908e-01  7.45e+01 6.21e-07  6.50e-03     0s
   7  -4.95352161e-03 -1.68009484e-01  4.06e+01 4.31e-07  4.32e-03     0s
   8  -4.29317716e-03 -7.71098740e-02  2.08e+01 2.42e-07  1.97e-03     0s
   9  -4.04311372e-03 -4.34922216e-02  3.55e+00 1.12e-07  8.84e-04     0s
  10  -4.41974551e-03 -2.27869102e-02  4.53e-01 4.90e-08  3.86e-04     0s
  11  -5.00047609e-03 -1.79953923e-02  1.84e-01 3.52e-08  2.71e-04     0s
  12  -5.55208761e-03 -1.20124392e-02  7.20e-02 1.54e-08  1.35e-04     0s
  13  -5.82144703e-03 -9.63898697e-03  4.43e-02 8.17e-09  7.95e-05     0s
  14  -6.11084704e-03 -8.59363606e-03  2.40e-02 5.89e-09  5.17e-05     0s
  15  -6.42744358e-03 -8.24324812e-03  1.33e-02 8.86e-09  3.78e-05     0s
  16  -6.57852444e-03 -7.90294785e-03  9.94e-03 6.82e-09  2.76e-05     0s
  17  -6.91030643e-03 -7.42156265e-03  4.01e-03 1.57e-08  1.06e-05     0s
  18  -7.12369743e-03 -7.39120966e-03  1.03e-03 1.26e-08  5.56e-06     0s
  19  -7.17226461e-03 -7.36179962e-03  4.22e-04 6.78e-09  3.94e-06     0s
  20  -7.19918593e-03 -7.22304865e-03  9.66e-05 1.76e-08  4.96e-07     0s
  21  -7.20943094e-03 -7.20967027e-03  1.10e-07 1.13e-08  4.97e-09     0s
  22  -7.20959969e-03 -7.20959993e-03  1.51e-10 1.56e-11  4.97e-12     0s

Barrier solved model in 22 iterations and 0.24 seconds (0.39 work units)
Optimal objective -7.20959969e-03

Crossover log...

    6080 DPushes remaining with DInf 0.0000000e+00                 0s
       0 DPushes remaining with DInf 0.0000000e+00                 0s

     149 PPushes remaining with PInf 0.0000000e+00                 0s
       0 PPushes remaining with PInf 0.0000000e+00                 0s

  Push phase complete: Pinf 0.0000000e+00, Dinf 1.1058862e-16      0s

Crossover time: 0.04 seconds (0.02 work units)
Iteration    Objective       Primal Inf.    Dual Inf.      Time
    3102   -7.2095999e-03   0.000000e+00   0.000000e+00      0s

Solved in 3102 iterations and 0.29 seconds (0.41 work units)
Optimal objective -7.209599861e-03

User-callback calls 6514, time in user-callback 0.03 sec
