
Gurobi 13.0.2 (win64) logging started Fri Oct  9 00:06:12 2026

Set parameter LogFile to value "D:\MobileESS_V42\runtime\v42_m1_anytime_gap_frontier\anytime_may01_20261008_frontier02_continuation\025_UB_008_U4_01_NATIVE.log"
Gurobi Optimizer version 13.0.2 build v13.0.2rc1 (win64 - Windows 11+.0 (26200.2))

CPU model: 13th Gen Intel(R) Core(TM) i7-13620H, instruction set [SSE2|AVX|AVX2]
Thread count: 10 physical cores, 16 logical processors, using up to 1 threads

Non-default parameters:
TimeLimit  300
FeasibilityTol  1e-08
IntFeasTol  1e-08
MIPGap  0.005
OptimalityTol  1e-08
Method  2
MIPFocus  1
Threads  1

Optimize a model with 582809 rows, 306040 columns and 5352540 nonzeros (Min)
Model fingerprint: 0x1a329cb8
Model has 1 linear objective coefficients
Variable types: 296718 continuous, 9322 integer (9322 binary)
Coefficient statistics:
  Matrix range     [1e-13, 4e+02]
  Objective range  [1e+00, 1e+00]
  Bounds range     [3e-08, 2e+03]
  RHS range        [2e-24, 2e+03]
Warning: Model contains large matrix coefficient range
         Consider reformulating model or setting NumericFocus parameter
         to avoid numerical issues.

Loaded user MIP start with objective 0.588455

Presolve removed 506799 rows and 287030 columns
Presolve time: 2.34s
Presolved: 76010 rows, 19010 columns, 429709 nonzeros
Variable types: 18063 continuous, 947 integer (947 binary)
Performing another presolve...
Presolve removed 25672 rows and 3978 columns
Presolve time: 1.25s
Root barrier log...

Ordering time: 0.11s

Barrier statistics:
 Dense cols : 424
 AA' NZ     : 9.651e+05
 Factor NZ  : 1.700e+06 (roughly 40 MB of memory)
 Factor Ops : 1.637e+08 (less than 1 second per iteration)
 Threads    : 1

                  Objective                Residual
Iter       Primal          Dual         Primal    Dual     Compl     Time
   0   3.97397635e+02 -3.95637006e+04  9.43e+04 9.78e-06  3.93e+01     5s
   1   3.98180400e+02 -4.65268473e+04  4.85e+04 5.98e-02  2.22e+01     5s
   2   2.08029131e+02 -5.80816558e+04  3.37e+04 5.43e-03  1.64e+01     5s
   3   6.03420974e+01 -3.71001041e+04  9.44e+03 1.97e-04  4.57e+00     5s
   4   1.91917523e+01 -2.13623149e+04  2.92e+03 2.52e-11  1.48e+00     5s
   5   7.47204243e+00 -1.02767141e+04  1.08e+03 2.18e-11  5.46e-01     5s
   6   4.73306781e+00 -5.04317507e+03  6.52e+02 7.22e-15  3.03e-01     5s
   7   2.91176422e+00 -3.52642142e+03  3.69e+02 3.55e-15  1.82e-01     5s
   8   1.61177859e+00 -2.50513122e+03  1.67e+02 1.02e-11  9.43e-02     5s
   9   1.18156821e+00 -1.95194795e+03  1.00e+02 1.69e-14  6.16e-02     5s
  10   9.36404876e-01 -1.38278914e+03  6.23e+01 1.33e-14  3.93e-02     5s
  11   8.11378842e-01 -9.63646088e+02  4.28e+01 4.77e-12  2.60e-02     5s
  12   7.35100435e-01 -6.37372103e+02  3.07e+01 1.01e-11  1.70e-02     5s
  13   6.57858205e-01 -4.36652222e+02  1.80e+01 2.96e-12  1.04e-02     5s
  14   6.17198211e-01 -3.04008533e+02  1.00e+01 1.93e-12  6.44e-03     6s
  15   6.05719249e-01 -1.91886669e+02  7.22e+00 4.55e-13  4.04e-03     6s
  16   5.96309291e-01 -1.47656693e+02  4.60e+00 4.04e-12  2.87e-03     6s
  17   5.95988309e-01 -1.03225069e+02  4.24e+00 3.58e-12  2.09e-03     6s
  18   5.90334964e-01 -6.53262488e+01  2.43e+00 3.69e-12  1.25e-03     6s
  19   5.87405296e-01 -2.32948622e+01  1.34e+00 8.00e-16  4.65e-04     6s
  20   5.85135602e-01 -7.42834714e+00  4.26e-01 7.67e-13  1.43e-04     6s
  21   5.84177438e-01 -7.29462138e-01  2.06e-03 1.92e-15  1.93e-05     6s
  22   5.84083985e-01  5.05591747e-01  3.62e-06 2.05e-13  1.15e-06     6s
  23   5.83376334e-01  5.56835607e-01  1.05e-08 7.19e-14  3.89e-07     6s
  24   5.82926053e-01  5.63127566e-01  7.04e-09 5.03e-14  2.90e-07     6s
  25   5.82754742e-01  5.68575512e-01  5.66e-09 3.20e-14  2.08e-07     6s
  26   5.82414781e-01  5.71788639e-01  3.63e-09 2.86e-14  1.56e-07     6s
  27   5.82164410e-01  5.76135475e-01  1.96e-09 1.03e-14  8.84e-08     6s
  28   5.81978660e-01  5.78620352e-01  1.04e-09 3.95e-13  4.93e-08     7s
  29   5.81920104e-01  5.79526461e-01  7.95e-10 6.27e-13  3.51e-08     7s
  30   5.81875190e-01  5.79844313e-01  5.96e-10 1.05e-11  2.98e-08     7s
  31   5.81861742e-01  5.80021697e-01  5.30e-10 1.06e-11  2.70e-08     7s
  32   5.81827749e-01  5.80481443e-01  4.08e-10 4.53e-11  1.97e-08     7s
  33   5.81800222e-01  5.80710599e-01  3.05e-10 8.36e-11  1.60e-08     7s
  34   5.81769168e-01  5.81209244e-01  1.85e-10 3.92e-11  8.21e-09     7s
  35   5.81745364e-01  5.81424900e-01  7.40e-11 2.18e-11  4.70e-09     7s
  36   5.81739044e-01  5.81604597e-01  7.08e-11 8.22e-12  1.97e-09     7s
  37   5.81735416e-01  5.81676991e-01  7.92e-11 3.28e-12  8.57e-10     7s
  38   5.81730771e-01  5.81700620e-01  5.45e-11 1.65e-12  4.42e-10     7s
  39   5.81727748e-01  5.81722030e-01  1.92e-10 6.03e-13  8.38e-11     7s
  40   5.81726744e-01  5.81726381e-01  5.51e-10 1.77e-13  5.31e-12     7s
  41   5.81726631e-01  5.81726614e-01  8.88e-11 2.25e-14  2.50e-13     8s
  42   5.81726625e-01  5.81726625e-01  2.42e-11 7.51e-16  4.43e-16     8s

Barrier solved model in 42 iterations and 7.61 seconds (5.58 work units)
Optimal objective 5.81726625e-01


Root crossover log...

    1438 DPushes remaining with DInf 0.0000000e+00                 8s
       0 DPushes remaining with DInf 0.0000000e+00                 8s

    2325 PPushes remaining with PInf 1.7653510e-05                 8s
       0 PPushes remaining with PInf 0.0000000e+00                 8s

  Push phase complete: Pinf 0.0000000e+00, Dinf 7.0318009e-06      8s


Root simplex log...

Iteration    Objective       Primal Inf.    Dual Inf.      Time
    3233    5.8172662e-01   0.000000e+00   7.031801e-06      8s
    3245    5.8172662e-01   0.000000e+00   0.000000e+00      8s
Crossover time: 0.57 seconds (0.70 work units)
    3245    5.8172662e-01   0.000000e+00   0.000000e+00      8s

Root relaxation: objective 5.817266e-01, 3245 iterations, 4.27 seconds (3.13 work units)
Total elapsed time = 8.23s (DegenMoves)

    Nodes    |    Current Node    |     Objective Bounds      |     Work
 Expl Unexpl |  Obj  Depth IntInf | Incumbent    BestBd   Gap | It/Node Time

     0     0    0.58173    0  200    0.58845    0.58173  1.14%     -    9s
     0     0    0.58176    0  201    0.58845    0.58176  1.14%     -   12s
     0     0    0.58179    0  209    0.58845    0.58179  1.13%     -   12s
     0     0    0.58179    0  209    0.58845    0.58179  1.13%     -   12s
     0     0    0.58190    0  276    0.58845    0.58190  1.11%     -   17s
     0     0    0.58191    0  280    0.58845    0.58191  1.11%     -   18s
     0     0    0.58203    0  252    0.58845    0.58203  1.09%     -   19s
     0     0    0.58205    0  251    0.58845    0.58205  1.09%     -   19s
     0     0    0.58208    0  250    0.58845    0.58208  1.08%     -   19s
     0     0    0.58208    0  250    0.58845    0.58208  1.08%     -   20s
     0     0    0.58208    0  250    0.58845    0.58208  1.08%     -   20s
     0     0    0.58208    0  250    0.58845    0.58208  1.08%     -   20s
     0     0    0.58208    0  237    0.58845    0.58208  1.08%     -   21s
H    0     0                       0.5877364    0.58208  0.96%     -   28s
H    0     0                       0.5877137    0.58208  0.96%     -   39s
H    0     0                       0.5877120    0.58208  0.96%     -   40s
     0     2    0.58208    0  237    0.58771    0.58208  0.96%     -   42s
     5     7    0.58270    5  208    0.58771    0.58211  0.95%   122   45s
    11    13    0.58483   11  146    0.58771    0.58211  0.95%   785   52s
    14    16    0.58497   13  152    0.58771    0.58211  0.95%  1144   56s
    19    21    0.58497   17  131    0.58771    0.58211  0.95%   957   60s
H   23    23                       0.5877117    0.58211  0.95%   831   64s
    24    26    0.58600   21  146    0.58771    0.58211  0.95%   986   67s
H   25    25                       0.5877092    0.58211  0.95%   947   69s
    25    27    0.58600   22  148    0.58771    0.58211  0.95%   947   70s
H   27    27                       0.5875279    0.58211  0.92%   877   75s
H   27    27                       0.5875005    0.58211  0.92%   877   77s
H   27    27                       0.5871278    0.58211  0.86%   877   77s
H   27    27                       0.5864022    0.58211  0.73%   877   79s
H   28    28                       0.5863998    0.58211  0.73%   847   83s
    29    31    0.58600   26  129    0.58640    0.58211  0.73%   821   87s
    30    32    0.58600   27  148    0.58640    0.58211  0.73%   837   90s
H   31    31                       0.5861938    0.58211  0.70%   810   94s
H   32    32                       0.5861140    0.58211  0.68%   899   95s
H   32    32                       0.5861139    0.58211  0.68%   899   96s
H   32    32                       0.5861137    0.58211  0.68%   899   96s
H   33    33                       0.5860906    0.58211  0.68%   877  100s
H   33    33                       0.5860884    0.58211  0.68%   877  101s
H   33    33                       0.5860884    0.58211  0.68%   877  101s
H   36    34                       0.5860862    0.58211  0.68%   963  109s
    36    36    0.58601   31  117    0.58609    0.58211  0.68%   970  110s
    46    39    0.58356    2  231    0.58609    0.58235  0.64%   917  116s
    54    47    0.58398   10  208    0.58609    0.58235  0.64%   883  120s
    67    56 infeasible   22         0.58609    0.58235  0.64%   820  126s
    71    54    0.58271    2  250    0.58609    0.58241  0.63%   877  132s
    72    55    0.58296    3  245    0.58609    0.58241  0.63%   930  140s
    81    64    0.58413   12  211    0.58609    0.58241  0.63%   903  145s
    88    68 infeasible   17         0.58609    0.58241  0.63%   908  150s
    93    69 infeasible   19         0.58609    0.58241  0.63%  1020  155s
    99    67 infeasible   18         0.58609    0.58241  0.63%  1153  161s
   101    65 infeasible    3         0.58609    0.58262  0.59%  1241  165s
   107    71    0.58379    9  200    0.58609    0.58264  0.59%  1296  170s
   115    75 infeasible   16         0.58609    0.58264  0.59%  1348  175s
   121    73 infeasible   15         0.58609    0.58264  0.59%  1447  181s
   128    80    0.58380   10  199    0.58609    0.58270  0.58%  1464  185s
   152    88 infeasible   23         0.58609    0.58270  0.58%  1346  190s
   164    99    0.58605   16  157    0.58609    0.58271  0.58%  1328  195s
   220   112 infeasible    3         0.58609    0.58289  0.55%  1027  200s
   237   121 infeasible   17         0.58609    0.58292  0.54%  1007  205s
   254   134    0.58567   16  239    0.58609    0.58298  0.53%  1028  212s
   267   147    0.58541   28  121    0.58609    0.58298  0.53%  1006  215s
   300   170    0.58584   47   37    0.58609    0.58298  0.53%   931  220s
   330   186    0.58379   12  228    0.58609    0.58299  0.53%   904  228s
   332   188    0.58445   13  176    0.58609    0.58299  0.53%   923  230s
   340   192 infeasible   20         0.58609    0.58299  0.53%   941  235s
   352   192    0.58394   12  174    0.58609    0.58302  0.52%   937  240s
   366   202    0.58542   18  122    0.58609    0.58302  0.52%   934  245s
   376   203 infeasible   24         0.58609    0.58302  0.52%   947  250s
   387   201 infeasible   26         0.58609    0.58302  0.52%   950  255s
   400   211    0.58529   18   72    0.58609    0.58302  0.52%   938  261s
   440   233 infeasible    9         0.58609    0.58304  0.52%   887  267s
   442   233    0.58351   10  225    0.58609    0.58306  0.52%   900  270s
   449   240    0.58532   17  202    0.58609    0.58306  0.52%   906  275s
   462   249    0.58586   25  158    0.58609    0.58306  0.52%   915  280s
   483   267    0.58600   38  126    0.58609    0.58306  0.52%   894  285s
   505   279    0.58592   27   78    0.58609    0.58307  0.51%   868  290s
   531   292    0.58344    6  213    0.58609    0.58309  0.51%   852  295s
   537   298    0.58532   12  161    0.58609    0.58309  0.51%   857  300s

Cutting planes:
  Cover: 7
  MIR: 38
  Flow cover: 48
  Network: 3
  Relax-and-lift: 2
  BQP: 2

Explored 538 nodes (478613 simplex iterations) in 300.12 seconds (730.72 work units)
Thread count was 1 (of 16 available processors)

Solution count 10: 0.586086 0.586088 0.586088 ... 0.586402

Time limit reached
Best objective 5.860861758346e-01, best bound 5.830851673488e-01, gap 0.5120%

User-callback calls 30016, time in user-callback 1.03 sec
