
Gurobi 13.0.2 (win64) logging started Thu Oct  8 06:03:52 2026

Set parameter LogFile to value "C:\v42_m1_exact_solver_redesign_20261008\docs\v42_m_practical_exact_solver_overnight_20261008\external_production\external_nodes\0002\LP.log"
Gurobi Optimizer version 13.0.2 build v13.0.2rc1 (win64 - Windows 11+.0 (26200.2))

CPU model: 13th Gen Intel(R) Core(TM) i7-13620H, instruction set [SSE2|AVX|AVX2]
Thread count: 10 physical cores, 16 logical processors, using up to 1 threads

Non-default parameters:
TimeLimit  900
FeasibilityTol  1e-08
IntFeasTol  1e-08
MIPGap  0.005
OptimalityTol  1e-08
Method  2
LPWarmStart  0
Crossover  0
DegenMoves  0
MIPFocus  3
NodeMethod  1
LogToConsole  0
Seed  20260929
Threads  1

Optimize a model with 582808 rows, 306040 columns and 5351612 nonzeros (Min)
Model fingerprint: 0x13a8d8b2
Model has 1 linear objective coefficients
Coefficient statistics:
  Matrix range     [1e-13, 4e+02]
  Objective range  [1e+00, 1e+00]
  Bounds range     [3e-08, 2e+03]
  RHS range        [2e-24, 2e+03]
Warning: Model contains large matrix coefficient range
         Consider reformulating model or setting NumericFocus parameter
         to avoid numerical issues.

Presolve removed 175625 rows and 27240 columns
Presolve time: 2.09s
Presolved: 407183 rows, 299087 columns, 4429133 nonzeros
Elapsed ordering time = 5s
Ordering time: 5.69s

Barrier statistics:
 Dense cols : 961
 AA' NZ     : 3.785e+07
 Factor NZ  : 5.717e+07 (roughly 700 MB of memory)
 Factor Ops : 3.123e+10 (roughly 1 second per iteration)
 Threads    : 1

                  Objective                Residual
Iter       Primal          Dual         Primal    Dual     Compl     Time
   0   1.27525671e+03 -5.00174915e+05  6.52e+07 7.87e-07  1.02e+04    13s
   1   1.70157891e+03 -3.67330803e+05  4.36e+07 6.07e-03  4.39e+03    15s
   2   4.60752377e+02 -2.61935307e+05  1.80e+07 4.92e-04  5.58e+03    16s
   3   3.63335501e+01 -1.04226377e+05  1.39e+06 6.44e-10  4.40e+02    18s
   4   8.09829494e-01 -5.80263661e+04  4.14e+03 7.55e-15  9.18e+00    20s
   5   7.50624084e-01 -1.17312055e+04  1.80e+03 1.75e-14  1.83e+00    22s
   6   7.19522623e-01 -7.61133845e+02  2.50e+02 1.33e-14  1.24e-01    24s
   7   7.23443963e-01 -2.61012420e+02  9.14e+01 1.39e-14  4.32e-02    26s
   8   7.25434653e-01 -1.08637653e+02  4.64e+01 1.35e-14  1.92e-02    28s
   9   7.33092000e-01 -2.48915356e+01  1.03e+01 3.16e-09  4.48e-03    31s
  10   7.19280732e-01 -2.05535749e+00  2.30e-01 1.22e-08  3.99e-04    33s
  11   6.72914719e-01 -1.00917850e+00  1.65e-01 7.04e-09  2.38e-04    35s
  12   6.39593719e-01 -5.45527517e-01  1.21e-01 1.23e-08  1.66e-04    37s
  13   6.28567954e-01 -1.27005334e-01  9.18e-02 1.45e-08  1.04e-04    39s
  14   6.13364097e-01  1.66513466e-01  6.05e-02 2.42e-08  6.06e-05    41s
  15   6.03489635e-01  3.17601411e-01  4.06e-02 2.05e-08  3.83e-05    43s
  16   5.95227346e-01  3.77563388e-01  2.92e-02 2.96e-08  2.90e-05    45s
  17   5.91470111e-01  4.19027682e-01  2.37e-02 2.71e-08  2.28e-05    47s
  18   5.86248396e-01  4.64145266e-01  1.79e-02 2.80e-08  1.60e-05    49s
  19   5.78055577e-01  5.22347528e-01  8.85e-03 1.46e-08  6.97e-06    52s
  20   5.74464086e-01  5.40129641e-01  5.57e-03 1.58e-08  4.18e-06    54s
  21   5.72621899e-01  5.50711272e-01  4.00e-03 1.35e-08  2.57e-06    56s
  22   5.71374818e-01  5.59789720e-01  2.72e-03 9.69e-09  1.36e-06    58s
  23   5.70149803e-01  5.64136037e-01  1.40e-03 8.37e-09  7.23e-07    60s
  24   5.69786304e-01  5.66128450e-01  1.03e-03 7.26e-09  4.63e-07    62s
  25   5.69581406e-01  5.66669925e-01  8.25e-04 6.71e-09  3.77e-07    64s
  26   5.69243396e-01  5.67506119e-01  5.17e-04 6.01e-09  2.42e-07    66s
  27   5.69071143e-01  5.68117373e-01  3.53e-04 6.62e-09  1.53e-07    68s
  28   5.68980146e-01  5.68486614e-01  2.58e-04 6.80e-09  9.88e-08    70s
  29   5.68950777e-01  5.68560941e-01  2.31e-04 6.81e-09  8.65e-08    72s
  30   5.68896348e-01  5.68728762e-01  1.77e-04 6.79e-09  5.97e-08    74s
  31   5.68842483e-01  5.68888748e-01  1.23e-04 6.58e-09  3.31e-08    76s
  32   5.68806737e-01  5.68928874e-01  8.75e-05 6.19e-09  2.19e-08    78s
  33   5.68776376e-01  5.68947944e-01  5.57e-05 5.55e-09  1.18e-08    80s
  34   5.68760995e-01  5.68943611e-01  4.22e-05 5.07e-09  7.59e-09    82s
  35   5.68753262e-01  5.68939771e-01  3.42e-05 4.71e-09  5.73e-09    84s
  36   5.68744284e-01  5.68934778e-01  2.42e-05 4.40e-09  4.38e-09    85s
  37   5.68742119e-01  5.68918212e-01  2.13e-05 4.37e-09  3.82e-09    87s
  38   5.68739319e-01  5.68911768e-01  1.90e-05 4.55e-09  3.23e-09    89s
  39   5.68738274e-01  5.68887414e-01  1.76e-05 4.74e-09  2.72e-09    90s
  40   5.68733571e-01  5.68877708e-01  1.25e-05 4.77e-09  2.02e-09    92s
  41   5.68731465e-01  5.68863864e-01  9.92e-06 4.83e-09  1.57e-09    94s
  42   5.68730261e-01  5.68853532e-01  8.70e-06 4.90e-09  1.28e-09    95s
  43   5.68727505e-01  5.68845603e-01  6.01e-06 4.87e-09  9.08e-10    97s
  44   5.68724501e-01  5.68826584e-01  3.05e-06 5.00e-09  3.44e-10   100s
  45   5.68724402e-01  5.68821664e-01  2.98e-06 4.97e-09  3.10e-10   101s
  46   5.68723786e-01  5.68813610e-01  2.50e-06 4.89e-09  2.55e-10   103s
  47   5.68722427e-01  5.68807155e-01  1.27e-06 3.73e-09  1.40e-10   106s
  48   5.68721105e-01  5.68800485e-01  5.86e-07 3.68e-09  6.24e-11   108s
  49   5.68720215e-01  5.68795886e-01  3.21e-07 3.45e-09  3.54e-11   110s
  50   5.68720165e-01  5.68795604e-01  3.13e-07 3.44e-09  3.40e-11   112s
  51   5.68720077e-01  5.68793047e-01  2.98e-07 3.41e-09  3.10e-11   113s
  52   5.68719841e-01  5.68790458e-01  2.59e-07 3.37e-09  2.48e-11   116s
  53   5.68719308e-01  5.68789664e-01  1.79e-07 3.35e-09  1.70e-11   118s
  54   5.68719057e-01  5.68789611e-01  1.52e-07 3.34e-09  1.47e-11   120s
  55   5.68719041e-01  5.68789536e-01  1.51e-07 3.32e-09  1.41e-11   121s
  56   5.68719018e-01  5.68789530e-01  1.49e-07 3.31e-09  1.38e-11   123s
  57   5.68718898e-01  5.68789528e-01  1.38e-07 3.31e-09  1.28e-11   124s
  58   5.68718818e-01  5.68789531e-01  1.31e-07 3.30e-09  1.20e-11   126s
  59   5.68718805e-01  5.68789573e-01  1.30e-07 3.25e-09  1.14e-11   128s
  60   5.68718419e-01  5.68787759e-01  8.97e-08 2.52e-09  8.20e-12   131s
  61   5.68718402e-01  5.68786789e-01  7.58e-08 2.47e-09  7.75e-12   133s
  62   5.68718299e-01  5.68786581e-01  6.94e-08 2.48e-09  7.25e-12   135s
  63   5.68718149e-01  5.68785815e-01  6.10e-08 2.53e-09  6.38e-12   138s
  64   5.68718104e-01  5.68785393e-01  5.88e-08 2.55e-09  6.18e-12   139s
  65   5.68718064e-01  5.68785329e-01  5.68e-08 2.55e-09  5.97e-12   141s
  66   5.68718037e-01  5.68785298e-01  5.56e-08 2.56e-09  5.83e-12   143s
  67   5.68717831e-01  5.68785114e-01  4.59e-08 2.56e-09  4.68e-12   146s
  68   5.68717461e-01  5.68783475e-01  3.19e-08 2.59e-09  2.90e-12   148s
  69   5.68717084e-01  5.68781458e-01  2.53e-08 2.66e-09  2.76e-12   150s
  70   5.68716694e-01  5.68776070e-01  2.25e-08 3.23e-09  2.48e-12   153s
  71   5.68716450e-01  5.68776020e-01  2.04e-08 3.27e-09  2.38e-12   156s
  72   5.68716006e-01  5.68775485e-01  1.16e-08 3.37e-09  1.36e-12   158s
  73   5.68715044e-01  5.68774970e-01  2.73e-09 3.38e-09  1.73e-13   160s

Barrier solved model in 73 iterations and 159.88 seconds (298.32 work units)
Optimal objective 5.68715044e-01


User-callback calls 9874, time in user-callback 0.20 sec
Discarded solution information
Set parameter Method to value 2
Set parameter Crossover to value 0
Set parameter LPWarmStart to value 0
Set parameter NumericFocus to value 0
Set parameter DualReductions to value 1
Set parameter InfUnbdInfo to value 0
Set parameter TimeLimit to value 900
