
Gurobi 13.0.2 (win64) logging started Thu Oct  8 07:26:30 2026

Set parameter LogFile to value "C:\v42_m1_exact_solver_redesign_20261008\docs\v42_m_practical_exact_solver_overnight_20261008\external_production\external_nodes\0021\LP.log"
Gurobi Optimizer version 13.0.2 build v13.0.2rc1 (win64 - Windows 11+.0 (26200.2))

CPU model: 13th Gen Intel(R) Core(TM) i7-13620H, instruction set [SSE2|AVX|AVX2]
Thread count: 10 physical cores, 16 logical processors, using up to 1 threads

Non-default parameters:
TimeLimit  900
FeasibilityTol  1e-08
IntFeasTol  1e-08
MIPGap  0.005
OptimalityTol  1e-08
Method  2
LPWarmStart  0
BarConvTol  1e-12
Crossover  0
DegenMoves  0
MIPFocus  3
NodeMethod  1
LogToConsole  0
Seed  20260929
Threads  1

Optimize a model with 582808 rows, 306040 columns and 5351612 nonzeros (Min)
Model fingerprint: 0xe1d9c46c
Model has 1 linear objective coefficients
Coefficient statistics:
  Matrix range     [1e-13, 4e+02]
  Objective range  [1e+00, 1e+00]
  Bounds range     [3e-08, 2e+03]
  RHS range        [2e-24, 2e+03]
Warning: Model contains large matrix coefficient range
         Consider reformulating model or setting NumericFocus parameter
         to avoid numerical issues.

Presolve removed 175671 rows and 27296 columns
Presolve time: 1.99s
Presolved: 407137 rows, 299039 columns, 4428795 nonzeros
Elapsed ordering time = 5s
Ordering time: 5.51s

Barrier statistics:
 Dense cols : 965
 AA' NZ     : 3.779e+07
 Factor NZ  : 5.717e+07 (roughly 700 MB of memory)
 Factor Ops : 3.124e+10 (roughly 1 second per iteration)
 Threads    : 1

                  Objective                Residual
Iter       Primal          Dual         Primal    Dual     Compl     Time
   0   1.27525701e+03 -5.00184114e+05  6.52e+07 7.87e-07  1.02e+04    13s
   1   1.70157943e+03 -3.67345117e+05  4.36e+07 6.07e-03  4.39e+03    14s
   2   4.60780025e+02 -2.61948648e+05  1.80e+07 4.92e-04  5.58e+03    16s
   3   3.63372150e+01 -1.04231904e+05  1.39e+06 8.87e-15  4.40e+02    18s
   4   8.17166704e-01 -5.80283779e+04  4.43e+03 5.71e-10  9.27e+00    20s
   5   7.49567617e-01 -9.53363750e+03  1.68e+03 5.38e-10  1.51e+00    22s
   6   7.21281978e-01 -6.21196251e+02  2.76e+02 2.33e-14  1.07e-01    23s
   7   7.25047670e-01 -2.37854226e+02  9.06e+01 2.82e-14  4.04e-02    26s
   8   7.33422921e-01 -5.78638236e+01  3.81e+01 2.64e-14  1.17e-02    28s
   9   7.36660189e-01 -2.07726534e+01  9.80e+00 1.98e-09  3.91e-03    31s
  10   7.08208543e-01 -1.90923877e+00  3.28e-01 1.47e-08  3.85e-04    33s
  11   6.41331264e-01 -8.87384444e-01  2.33e-01 8.15e-09  2.21e-04    35s
  12   6.25661794e-01 -3.36230469e-01  1.98e-01 1.83e-08  1.37e-04    37s
  13   6.14277610e-01  7.31805125e-02  1.49e-01 4.73e-08  7.57e-05    40s
  14   6.06275636e-01  2.72578855e-01  7.78e-02 3.63e-08  4.55e-05    42s
  15   6.01616201e-01  3.32601992e-01  6.20e-02 3.31e-08  3.65e-05    43s
  16   5.98207896e-01  3.68587166e-01  5.26e-02 3.23e-08  3.10e-05    45s
  17   5.92762565e-01  4.47588504e-01  4.22e-02 4.31e-08  1.94e-05    47s
  18   5.83970863e-01  4.86712861e-01  2.38e-02 3.40e-08  1.27e-05    50s
  19   5.79584910e-01  5.23922449e-01  1.67e-02 2.04e-08  7.02e-06    52s
  20   5.76179939e-01  5.40417026e-01  1.17e-02 1.46e-08  4.37e-06    54s
  21   5.73703165e-01  5.47747204e-01  8.33e-03 1.45e-08  3.10e-06    55s
  22   5.72729224e-01  5.53545865e-01  7.06e-03 1.33e-08  2.22e-06    57s
  23   5.71820883e-01  5.56673491e-01  5.66e-03 1.21e-08  1.76e-06    59s
  24   5.70848646e-01  5.60754295e-01  4.06e-03 1.07e-08  1.18e-06    61s
  25   5.70190083e-01  5.62776194e-01  2.86e-03 9.64e-09  8.67e-07    63s
  26   5.69751485e-01  5.65058474e-01  2.00e-03 8.22e-09  5.65e-07    65s
  27   5.69572286e-01  5.66094181e-01  1.68e-03 7.56e-09  4.32e-07    67s
  28   5.69360041e-01  5.66685803e-01  1.24e-03 7.07e-09  3.41e-07    69s
  29   5.69287475e-01  5.67135028e-01  1.10e-03 6.08e-09  2.84e-07    71s
  30   5.69072238e-01  5.67922155e-01  7.01e-04 6.15e-09  1.72e-07    73s
  31   5.69006050e-01  5.68330502e-01  5.48e-04 6.34e-09  1.19e-07    75s
  32   5.68933920e-01  5.68543874e-01  4.09e-04 6.52e-09  8.32e-08    77s
  33   5.68886630e-01  5.68721978e-01  3.04e-04 6.38e-09  5.59e-08    80s
  34   5.68873761e-01  5.68749471e-01  2.74e-04 6.30e-09  5.07e-08    81s
  35   5.68855237e-01  5.68802901e-01  2.30e-04 6.10e-09  4.12e-08    83s
  36   5.68840762e-01  5.68838601e-01  1.96e-04 5.84e-09  3.38e-08    85s
  37   5.68812683e-01  5.68918546e-01  1.36e-04 5.44e-09  2.00e-08    87s
  38   5.68798684e-01  5.68937124e-01  1.10e-04 5.21e-09  1.54e-08    89s
  39   5.68781508e-01  5.68965357e-01  7.60e-05 4.73e-09  9.91e-09    91s
  40   5.68773159e-01  5.68974300e-01  5.85e-05 4.49e-09  7.76e-09    93s
  41   5.68765697e-01  5.68977449e-01  4.45e-05 4.40e-09  6.19e-09    94s
  42   5.68763520e-01  5.68977179e-01  4.06e-05 4.42e-09  5.49e-09    96s
  43   5.68761931e-01  5.68975532e-01  3.80e-05 4.45e-09  4.91e-09    98s
  44   5.68757390e-01  5.68972053e-01  3.03e-05 4.48e-09  4.11e-09   100s
  45   5.68753194e-01  5.68969215e-01  2.41e-05 4.53e-09  3.24e-09   101s
  46   5.68753286e-01  5.68946751e-01  2.35e-05 3.95e-09  3.00e-09   103s
  47   5.68751181e-01  5.68940751e-01  2.01e-05 3.96e-09  2.67e-09   105s
  48   5.68748849e-01  5.68928630e-01  1.50e-05 3.73e-09  2.27e-09   108s
  49   5.68747506e-01  5.68920633e-01  1.26e-05 3.60e-09  1.87e-09   110s
  50   5.68744873e-01  5.68900917e-01  7.08e-06 3.53e-09  1.26e-09   113s
  51   5.68743986e-01  5.68889182e-01  5.86e-06 5.29e-09  1.10e-09   115s
  52   5.68743247e-01  5.68872708e-01  3.97e-06 5.33e-09  5.50e-10   118s
  53   5.68742625e-01  5.68866344e-01  3.49e-06 5.01e-09  3.43e-10   121s
  54   5.68741121e-01  5.68863520e-01  2.20e-06 4.87e-09  2.32e-10   123s
  55   5.68741091e-01  5.68861778e-01  2.18e-06 4.81e-09  2.16e-10   124s
  56   5.68740188e-01  5.68856081e-01  1.50e-06 3.68e-09  1.51e-10   126s
  57   5.68738825e-01  5.68856610e-01  7.74e-07 3.71e-09  1.09e-10   128s
  58   5.68738603e-01  5.68850838e-01  7.10e-07 3.70e-09  6.10e-11   130s
  59   5.68738215e-01  5.68847025e-01  6.03e-07 3.67e-09  4.35e-11   132s
  60   5.68737397e-01  5.68839903e-01  3.99e-07 3.56e-09  2.31e-11   134s
  61   5.68736896e-01  5.68839469e-01  3.14e-07 3.54e-09  1.76e-11   136s
  62   5.68736483e-01  5.68839288e-01  2.59e-07 3.53e-09  1.38e-11   138s
  63   5.68736445e-01  5.68838604e-01  2.54e-07 3.50e-09  1.19e-11   139s
  64   5.68736213e-01  5.68837756e-01  2.27e-07 3.49e-09  1.07e-11   141s
  65   5.68736015e-01  5.68836866e-01  2.07e-07 3.48e-09  9.59e-12   142s
  66   5.68735996e-01  5.68836751e-01  2.05e-07 3.48e-09  9.48e-12   144s
  67   5.68735982e-01  5.68836056e-01  2.03e-07 3.45e-09  9.26e-12   146s
  68   5.68735916e-01  5.68834628e-01  1.94e-07 3.16e-09  8.90e-12   147s
  69   5.68735842e-01  5.68829325e-01  1.82e-07 2.28e-09  9.81e-12   149s
  70   5.68735102e-01  5.68825802e-01  9.61e-08 2.08e-09  4.24e-12   151s
  71   5.68734634e-01  5.68820227e-01  6.55e-08 2.83e-09  3.42e-12   153s
  72   5.68734278e-01  5.68824344e-01  5.03e-08 2.73e-09  9.52e-12   156s
  73   5.68733958e-01  5.68815502e-01  3.93e-08 3.70e-09  2.66e-12   157s
  74   5.68733841e-01  5.68815204e-01  3.62e-08 3.73e-09  2.38e-12   160s
  75   5.68733789e-01  5.68814615e-01  3.48e-08 3.73e-09  2.14e-12   162s
  76   5.68733673e-01  5.68813425e-01  3.33e-08 3.65e-09  2.10e-12   165s
  77   5.68733587e-01  5.68812975e-01  3.24e-08 3.61e-09  2.09e-12   168s
  78   5.68733099e-01  5.68810998e-01  2.63e-08 3.43e-09  2.08e-12   170s
  79   5.68732855e-01  5.68809810e-01  2.17e-08 3.53e-09  1.60e-12   172s
  80   5.68732713e-01  5.68809511e-01  1.94e-08 3.53e-09  1.41e-12   173s
  81   5.68732310e-01  5.68808422e-01  1.38e-08 3.59e-09  9.22e-13   175s
  82   5.68732249e-01  5.68808078e-01  1.32e-08 3.61e-09  8.39e-13   177s
  83   5.68732260e-01  5.68807920e-01  2.03e-08 3.62e-09  9.68e-13   179s
  84   5.68731718e-01  5.68807726e-01  1.23e-08 3.62e-09  6.11e-13   182s
  85   5.68731340e-01  5.68807350e-01  1.04e-08 3.64e-09  5.71e-13   184s
  86   5.68731232e-01  5.68807285e-01  9.53e-09 3.64e-09  5.27e-13   186s
  87   5.68731001e-01  5.68807146e-01  9.10e-09 3.64e-09  4.74e-13   188s
  88   5.68730928e-01  5.68807134e-01  8.85e-09 3.64e-09  4.64e-13   190s

Barrier performed 88 iterations in 190.34 seconds (353.91 work units)
Sub-optimal termination - objective 5.68733099e-01


User-callback calls 12028, time in user-callback 0.26 sec
