
Gurobi 13.0.2 (win64) logging started Thu Oct  8 06:57:49 2026

Set parameter LogFile to value "C:\v42_m1_exact_solver_redesign_20261008\docs\v42_m_practical_exact_solver_overnight_20261008\external_production\external_nodes\0016\LP.log"
Gurobi Optimizer version 13.0.2 build v13.0.2rc1 (win64 - Windows 11+.0 (26200.2))

CPU model: 13th Gen Intel(R) Core(TM) i7-13620H, instruction set [SSE2|AVX|AVX2]
Thread count: 10 physical cores, 16 logical processors, using up to 1 threads

Non-default parameters:
TimeLimit  900
FeasibilityTol  1e-08
IntFeasTol  1e-08
MIPGap  0.005
OptimalityTol  1e-08
Method  2
LPWarmStart  0
Crossover  0
DegenMoves  0
MIPFocus  3
NodeMethod  1
LogToConsole  0
Seed  20260929
Threads  1

Optimize a model with 582808 rows, 306040 columns and 5351612 nonzeros (Min)
Model fingerprint: 0x87c25276
Model has 1 linear objective coefficients
Coefficient statistics:
  Matrix range     [1e-13, 4e+02]
  Objective range  [1e+00, 1e+00]
  Bounds range     [3e-08, 2e+03]
  RHS range        [2e-24, 2e+03]
Warning: Model contains large matrix coefficient range
         Consider reformulating model or setting NumericFocus parameter
         to avoid numerical issues.

Presolve removed 175706 rows and 27328 columns
Presolve time: 2.04s
Presolved: 407102 rows, 299003 columns, 4428584 nonzeros
Elapsed ordering time = 5s
Ordering time: 5.40s

Barrier statistics:
 Dense cols : 866
 AA' NZ     : 3.908e+07
 Factor NZ  : 5.832e+07 (roughly 800 MB of memory)
 Factor Ops : 3.185e+10 (roughly 1 second per iteration)
 Threads    : 1

                  Objective                Residual
Iter       Primal          Dual         Primal    Dual     Compl     Time
   0   1.27525795e+03 -5.00174561e+05  6.52e+07 7.87e-07  1.02e+04    13s
   1   1.70158053e+03 -3.67298503e+05  4.36e+07 6.07e-03  4.38e+03    14s
   2   4.60417572e+02 -2.61905202e+05  1.80e+07 4.91e-04  5.58e+03    16s
   3   3.63016377e+01 -1.04228536e+05  1.39e+06 8.30e-15  4.40e+02    18s
   4   8.16854418e-01 -5.80296465e+04  4.44e+03 7.74e-15  9.27e+00    19s
   5   7.50380675e-01 -8.66810601e+03  1.71e+03 2.32e-14  1.39e+00    21s
   6   7.21978519e-01 -5.51726018e+02  2.77e+02 2.42e-14  9.74e-02    23s
   7   7.27527283e-01 -2.18588307e+02  1.01e+02 2.68e-14  3.80e-02    25s
   8   7.31285390e-01 -6.38951235e+01  4.14e+01 1.22e-12  1.25e-02    28s
   9   7.35986667e-01 -2.30444588e+01  7.37e+00 1.98e-09  3.93e-03    30s
  10   7.05329374e-01 -1.78337841e+00  1.22e-01 1.22e-08  3.49e-04    33s
  11   6.39311793e-01 -5.90301460e-01  8.95e-02 1.01e-08  1.71e-04    35s
  12   6.18815841e-01 -1.58450253e-01  7.39e-02 2.23e-08  1.07e-04    37s
  13   6.10479541e-01  1.87673582e-01  4.53e-02 4.25e-08  5.72e-05    39s
  14   6.01002629e-01  2.97775336e-01  3.00e-02 3.35e-08  4.07e-05    41s
  15   5.96187391e-01  3.66431366e-01  2.44e-02 3.24e-08  3.07e-05    43s
  16   5.90208302e-01  4.15736193e-01  1.81e-02 3.75e-08  2.31e-05    46s
  17   5.85094457e-01  4.59674037e-01  1.28e-02 3.32e-08  1.64e-05    48s
  18   5.78015872e-01  5.03971683e-01  6.08e-03 1.63e-08  9.46e-06    50s
  19   5.75706971e-01  5.31135450e-01  4.68e-03 1.39e-08  5.49e-06    52s
  20   5.74129314e-01  5.39081065e-01  3.73e-03 1.38e-08  4.25e-06    54s
  21   5.71972948e-01  5.52368315e-01  2.43e-03 1.13e-08  2.28e-06    56s
  22   5.70670374e-01  5.58333140e-01  1.49e-03 9.76e-09  1.42e-06    58s
  23   5.70027563e-01  5.60432193e-01  9.95e-04 9.08e-09  1.10e-06    60s
  24   5.69722578e-01  5.62638712e-01  7.57e-04 8.02e-09  8.24e-07    62s
  25   5.69535445e-01  5.63564998e-01  6.00e-04 7.61e-09  7.02e-07    63s
  26   5.69379712e-01  5.65028980e-01  4.71e-04 7.02e-09  5.25e-07    65s
  27   5.69241046e-01  5.66117585e-01  3.61e-04 5.77e-09  3.92e-07    67s
  28   5.69139707e-01  5.66968941e-01  2.80e-04 5.17e-09  2.87e-07    68s
  29   5.69091528e-01  5.67396854e-01  2.43e-04 5.46e-09  2.34e-07    70s
  30   5.69086757e-01  5.67559739e-01  2.40e-04 5.56e-09  2.15e-07    72s
  31   5.68966075e-01  5.68097142e-01  1.49e-04 5.82e-09  1.40e-07    74s
  32   5.68885644e-01  5.68500833e-01  8.97e-05 5.82e-09  8.38e-08    76s
  33   5.68850025e-01  5.68716505e-01  6.57e-05 5.61e-09  5.38e-08    78s
  34   5.68837159e-01  5.68739565e-01  5.72e-05 5.56e-09  4.94e-08    80s
  35   5.68822781e-01  5.68802504e-01  4.89e-05 5.38e-09  3.97e-08    82s
  36   5.68805610e-01  5.68862693e-01  3.84e-05 5.14e-09  2.94e-08    84s
  37   5.68793432e-01  5.68879129e-01  3.13e-05 5.05e-09  2.57e-08    85s
  38   5.68779389e-01  5.68912979e-01  2.27e-05 4.85e-09  1.83e-08    87s
  39   5.68775210e-01  5.68930087e-01  2.04e-05 4.56e-09  1.35e-08    89s
  40   5.68764407e-01  5.68930739e-01  1.41e-05 4.49e-09  1.15e-08    91s
  41   5.68760321e-01  5.68939409e-01  1.20e-05 4.26e-09  9.70e-09    93s
  42   5.68756903e-01  5.68949309e-01  1.04e-05 4.07e-09  7.88e-09    95s
  43   5.68752399e-01  5.68956148e-01  8.31e-06 3.89e-09  6.14e-09    97s
  44   5.68749366e-01  5.68956748e-01  6.96e-06 3.76e-09  5.01e-09    98s
  45   5.68748079e-01  5.68949494e-01  6.24e-06 3.76e-09  4.54e-09   100s
  46   5.68746535e-01  5.68936929e-01  5.19e-06 3.74e-09  3.92e-09   103s
  47   5.68743511e-01  5.68925825e-01  3.42e-06 3.76e-09  3.23e-09   104s
  48   5.68742658e-01  5.68917425e-01  2.93e-06 3.82e-09  2.78e-09   106s
  49   5.68741395e-01  5.68897592e-01  2.36e-06 3.93e-09  1.97e-09   108s
  50   5.68740103e-01  5.68889086e-01  1.83e-06 3.82e-09  1.47e-09   110s
  51   5.68738894e-01  5.68881765e-01  1.39e-06 3.87e-09  1.12e-09   113s
  52   5.68737516e-01  5.68867758e-01  9.62e-07 3.80e-09  4.62e-10   115s
  53   5.68736891e-01  5.68863641e-01  7.90e-07 3.79e-09  4.23e-10   116s
  54   5.68736039e-01  5.68863200e-01  6.03e-07 3.78e-09  3.69e-10   118s
  55   5.68735695e-01  5.68859815e-01  5.42e-07 3.75e-09  3.06e-10   120s
  56   5.68734776e-01  5.68856379e-01  3.92e-07 3.72e-09  2.24e-10   121s
  57   5.68734390e-01  5.68851991e-01  3.45e-07 3.68e-09  1.49e-10   123s
  58   5.68734340e-01  5.68848416e-01  3.39e-07 3.66e-09  1.34e-10   125s
  59   5.68733258e-01  5.68837517e-01  2.03e-07 3.67e-09  7.64e-11   127s
  60   5.68732962e-01  5.68833203e-01  1.79e-07 3.66e-09  6.04e-11   129s
  61   5.68732899e-01  5.68830056e-01  1.73e-07 3.60e-09  5.36e-11   131s
  62   5.68732624e-01  5.68823844e-01  1.43e-07 3.55e-09  4.20e-11   133s
  63   5.68732460e-01  5.68822972e-01  1.15e-07 3.36e-09  3.72e-11   134s
  64   5.68732276e-01  5.68819633e-01  1.14e-07 3.35e-09  3.05e-11   136s
  65   5.68732152e-01  5.68818826e-01  1.05e-07 3.34e-09  2.81e-11   138s
  66   5.68731760e-01  5.68818621e-01  1.23e-07 3.34e-09  2.32e-11   140s
  67   5.68731617e-01  5.68815677e-01  1.08e-07 3.27e-09  1.81e-11   143s
  68   5.68731317e-01  5.68813179e-01  8.83e-08 3.17e-09  1.33e-11   145s
  69   5.68730841e-01  5.68811653e-01  5.99e-08 3.04e-09  9.46e-12   147s
  70   5.68730780e-01  5.68811536e-01  6.61e-08 3.03e-09  9.11e-12   149s
  71   5.68730757e-01  5.68811450e-01  6.50e-08 3.04e-09  8.94e-12   151s
  72   5.68730693e-01  5.68811134e-01  6.21e-08 3.04e-09  8.46e-12   153s
  73   5.68730652e-01  5.68810190e-01  6.02e-08 3.04e-09  7.87e-12   155s
  74   5.68730433e-01  5.68809813e-01  5.08e-08 3.13e-09  6.76e-12   157s
  75   5.68730233e-01  5.68810524e-01  1.23e-07 3.21e-09  5.44e-12   159s
  76   5.68730154e-01  5.68810333e-01  1.15e-07 3.22e-09  5.14e-12   161s
  77   5.68730124e-01  5.68808977e-01  1.13e-07 3.28e-09  4.93e-12   163s
  78   5.68729939e-01  5.68808652e-01  1.00e-07 3.30e-09  4.42e-12   165s
  79   5.68729934e-01  5.68808577e-01  9.98e-08 3.30e-09  4.39e-12   168s
  80   5.68729872e-01  5.68808236e-01  9.70e-08 3.32e-09  4.28e-12   170s
  81   5.68729805e-01  5.68807018e-01  9.41e-08 3.38e-09  4.07e-12   172s
  82   5.68729657e-01  5.68806579e-01  8.78e-08 3.41e-09  3.82e-12   174s
  83   5.68729630e-01  5.68806498e-01  8.68e-08 3.42e-09  3.77e-12   176s
  84   5.68729553e-01  5.68805878e-01  8.26e-08 3.46e-09  3.59e-12   178s
  85   5.68729406e-01  5.68805332e-01  7.70e-08 3.47e-09  3.37e-12   180s
  86   5.68729246e-01  5.68803729e-01  7.23e-08 3.55e-09  3.01e-12   182s
  87   5.68729080e-01  5.68802883e-01  6.78e-08 3.52e-09  5.26e-12   184s
  88   5.68728866e-01  5.68801279e-01  6.19e-08 3.61e-09  3.46e-12   187s
  89   5.68728757e-01  5.68800506e-01  5.88e-08 3.65e-09  2.73e-12   188s
  90   5.68728692e-01  5.68800227e-01  5.53e-08 3.67e-09  2.56e-12   190s
  91   5.68728624e-01  5.68799128e-01  4.91e-07 3.71e-09  2.19e-12   192s
  92   5.68728516e-01  5.68798319e-01  4.67e-07 3.74e-09  2.00e-12   194s
  93   5.68728359e-01  5.68798010e-01  4.32e-07 3.75e-09  1.89e-12   196s
  94   5.68728274e-01  5.68797452e-01  4.15e-07 3.76e-09  1.88e-12   199s
  95   5.68728101e-01  5.68796775e-01  3.78e-07 3.78e-09  1.65e-12   201s
  96   5.68728068e-01  5.68796176e-01  3.72e-07 3.77e-09  1.61e-12   203s
  97   5.68728034e-01  5.68795661e-01  3.66e-07 3.74e-09  1.64e-12   205s
  98   5.68727913e-01  5.68794674e-01  2.73e-07 3.67e-09  1.75e-12   208s
  99   5.68727896e-01  5.68794501e-01  2.70e-07 3.66e-09  1.74e-12   210s
 100   5.68727801e-01  5.68793545e-01  2.61e-07 3.59e-09  1.76e-12   213s
 101   5.68727760e-01  5.68791793e-01  2.48e-07 3.46e-09  1.72e-12   215s
 102   5.68727686e-01  5.68791068e-01  2.35e-07 3.41e-09  1.61e-12   217s
 103   5.68727684e-01  5.68790908e-01  2.34e-07 3.40e-09  1.61e-12   219s
 104   5.68727516e-01  5.68788768e-01  2.08e-07 3.24e-09  1.54e-12   222s
 105   5.68727466e-01  5.68787265e-01  2.01e-07 3.13e-09  1.52e-12   224s
 106   5.68727461e-01  5.68787050e-01  2.00e-07 3.11e-09  1.52e-12   226s
 107   5.68727393e-01  5.68784904e-01  1.90e-07 2.95e-09  1.50e-12   228s
 108   5.68727306e-01  5.68783769e-01  1.79e-07 2.87e-09  1.43e-12   230s
 109   5.68727267e-01  5.68783450e-01  1.73e-07 2.85e-09  1.39e-12   232s
 110   5.68727266e-01  5.68784010e-01  1.73e-07 2.89e-09  1.38e-12   234s
 111   5.68727037e-01  5.68783239e-01  1.45e-07 2.84e-09  1.19e-12   236s
 112   5.68727006e-01  5.68783246e-01  1.43e-07 2.85e-09  1.17e-12   239s
 113   5.68726924e-01  5.68783351e-01  1.38e-07 2.89e-09  1.20e-12   241s
 114   5.68726891e-01  5.68782414e-01  1.35e-07 2.84e-09  1.10e-12   243s
 115   5.68726745e-01  5.68781357e-01  1.09e-07 2.83e-09  9.04e-13   245s
 116   5.68726703e-01  5.68781095e-01  1.06e-07 2.81e-09  8.83e-13   248s
 117   5.68726696e-01  5.68780521e-01  1.05e-07 2.79e-09  8.90e-13   251s
 118   5.68726648e-01  5.68775332e-01  9.65e-08 2.57e-09  1.03e-12   255s
 119   5.68726647e-01  5.68774453e-01  9.64e-08 2.53e-09  1.05e-12   257s
 120   5.68726644e-01  5.68771949e-01  9.30e-08 2.40e-09  1.03e-12   259s
 121   5.68726637e-01  5.68769212e-01  8.36e-08 2.28e-09  9.18e-13   261s
 122   5.68726634e-01  5.68769093e-01  8.01e-08 2.27e-09  8.76e-13   263s
 123   5.68726623e-01  5.68768462e-01  7.70e-08 2.29e-09  8.59e-13   266s
 124   5.68726622e-01  5.68768395e-01  7.70e-08 2.29e-09  8.58e-13   268s
 125   5.68726621e-01  5.68766530e-01  7.67e-08 2.24e-09  8.55e-13   270s
 126   5.68726619e-01  5.68766271e-01  7.45e-08 2.23e-09  8.22e-13   273s
 127   5.68726616e-01  5.68764255e-01  7.04e-08 2.11e-09  7.75e-13   276s

Barrier solved model in 127 iterations and 275.68 seconds (521.50 work units)
Optimal objective 5.68726616e-01


User-callback calls 17032, time in user-callback 0.28 sec
Discarded solution information
Set parameter Method to value 2
Set parameter Crossover to value 0
Set parameter LPWarmStart to value 0
Set parameter NumericFocus to value 0
Set parameter DualReductions to value 1
Set parameter InfUnbdInfo to value 0
Set parameter TimeLimit to value 900
