Set parameter Username
Set parameter LicenseID to value 2845475
Academic license - for non-commercial use only - expires 2027-07-18
Set parameter OutputFlag to value 1
Set parameter LogToConsole to value 0
ARM_START ORIGINAL rows 886017 nnz 8447855 native_limit 270
Traceback (most recent call last):
  File "C:\v42_m1_exact_redundancy_audit_20261006\benchmark_m1_redundancy.py", line 144, in <module>
    try:run()
        ^^^^^
  File "C:\v42_m1_exact_redundancy_audit_20261006\benchmark_m1_redundancy.py", line 127, in run
    original=arm('ORIGINAL',B,e,np.arange(B.shape[0]),validator,seed,lb,memory)
             ^^^^^^^^^^^^^^^^^^^^^^^^^^^^^^^^^^^^^^^^^^^^^^^^^^^^^^^^^^^^^^^^^^
  File "C:\v42_m1_exact_redundancy_audit_20261006\benchmark_m1_redundancy.py", line 108, in arm
    write('M1_REDUNDANCY_'+('BASELINE' if label=='ORIGINAL' else 'REDUCED')+'_RESULT.json',result)
  File "C:\v42_m1_exact_redundancy_audit_20261006\v42_redundancy\common.py", line 12, in write
    (OUT/name).write_text(json.dumps(data,indent=2,ensure_ascii=False,allow_nan=False)+'\n',encoding='utf-8')
                          ^^^^^^^^^^^^^^^^^^^^^^^^^^^^^^^^^^^^^^^^^^^^^^^^^^^^^^^^^^^^
  File "C:\Users\kjw39\AppData\Local\Programs\Python\Python311\Lib\json\__init__.py", line 238, in dumps
    **kw).encode(obj)
          ^^^^^^^^^^^
  File "C:\Users\kjw39\AppData\Local\Programs\Python\Python311\Lib\json\encoder.py", line 202, in encode
    chunks = list(chunks)
             ^^^^^^^^^^^^
  File "C:\Users\kjw39\AppData\Local\Programs\Python\Python311\Lib\json\encoder.py", line 432, in _iterencode
    yield from _iterencode_dict(o, _current_indent_level)
  File "C:\Users\kjw39\AppData\Local\Programs\Python\Python311\Lib\json\encoder.py", line 406, in _iterencode_dict
    yield from chunks
  File "C:\Users\kjw39\AppData\Local\Programs\Python\Python311\Lib\json\encoder.py", line 398, in _iterencode_dict
    yield _floatstr(value)
          ^^^^^^^^^^^^^^^^
  File "C:\Users\kjw39\AppData\Local\Programs\Python\Python311\Lib\json\encoder.py", line 240, in floatstr
    raise ValueError(
ValueError: Out of range float values are not JSON compliant: inf
