Set parameter Username
Set parameter LicenseID to value 2845475
Academic license - for non-commercial use only - expires 2027-07-18
Set parameter OutputFlag to value 1
Set parameter LogToConsole to value 0
Set parameter Username
Set parameter LicenseID to value 2845475
Academic license - for non-commercial use only - expires 2027-07-18
Set parameter OutputFlag to value 1
Set parameter LogToConsole to value 0
Set parameter Username
Set parameter LicenseID to value 2845475
Academic license - for non-commercial use only - expires 2027-07-18
Set parameter OutputFlag to value 1
Set parameter LogToConsole to value 0
Set parameter Username
Set parameter LicenseID to value 2845475
Academic license - for non-commercial use only - expires 2027-07-18
Set parameter OutputFlag to value 1
Set parameter LogToConsole to value 0
Set parameter Username
Set parameter LicenseID to value 2845475
Academic license - for non-commercial use only - expires 2027-07-18
Set parameter OutputFlag to value 1
Set parameter LogToConsole to value 0
POLICY_DONE {'scientific_base': '851956172cf9b5cde5ebcfb2f3145b90de024987', 'old_policy_stop_commit': '4fc7df0e309c348853f0364dc5a9f866f2310e93', 'preopt_commit': '6716e136527db8332eefc982b33e85379de335a1', 'status': 'POLICY_CANARY_INCONCLUSIVE', 'materiality': 'INCONCLUSIVE', 'policy_canary': 'INCONCLUSIVE', 'stop_reason': 'RMP_NOT_OPTIMAL', 'workers': 4, 'resource_PASS': False, 'resource_safety_failure_observed': False, 'initial_retained_columns': 1066, 'new_RMP_solves': 1, 'new_pricing_calls': 0, 'new_discovery_columns': 0, 'retained_columns': 1066, 'discovery_rounds': 0, 'certification_rounds': 0, 'median_discovery_round_wall': None, 'median_certification_round_wall': None, 'old_columns_per_minute': 0.2962470482195092, 'new_columns_per_minute': 0.0, 'time_to_first_new_certified_LB': None, 'heavy_to_first_new_certified_LB': None, 'best_corrected_LB': 0.5104145457228156, 'smallest_RMP_upper': None, 'final_interval': [0.5104145457228156, None], 'material_threshold': 0.5737116103498322, 'DW_ROOT_OPTIMAL_CERTIFIED': False, 'DW_ROOT_LB': None, 'total_optimize_wall_union': 0.3205601000227034, 'sum_native_optimize_wall': 0.3205601000227034, 'total_elapsed_including_build_audit': 49.53875110001536, 'heavy_wall_to_materiality_decision': None, 'build_seconds': 37.91117370000575, 'May_production': [0, 0, 0], 'no_branch_and_price': True, 'old_TIME_LIMIT_retroactively_added': False}
