
Gurobi 13.0.2 (win64) logging started Thu Oct  8 18:13:19 2026

Set parameter OutputFlag to value 1
Gurobi Optimizer version 13.0.2 build v13.0.2rc1 (win64 - Windows 11+.0 (26200.2))

CPU model: 13th Gen Intel(R) Core(TM) i7-13620H, instruction set [SSE2|AVX|AVX2]
Thread count: 10 physical cores, 16 logical processors, using up to 1 threads

Non-default parameters:
TimeLimit  1800
FeasibilityTol  1e-08
IntFeasTol  1e-08
MIPGap  0.005
OptimalityTol  1e-08
Method  2
Crossover  0
DegenMoves  0
MIPFocus  3
NodeMethod  1
LogToConsole  0
Seed  20260929
Threads  1

Optimize a model with 583459 rows, 306040 columns and 5352914 nonzeros (Min)
Model fingerprint: 0x4b55ab87
Model has 1 linear objective coefficients
Coefficient statistics:
  Matrix range     [1e-13, 4e+02]
  Objective range  [1e+00, 1e+00]
  Bounds range     [3e-08, 2e+03]
  RHS range        [2e-24, 2e+03]
Warning: Model contains large matrix coefficient range
         Consider reformulating model or setting NumericFocus parameter
         to avoid numerical issues.

Presolve removed 175625 rows and 27240 columns
Presolve time: 1.92s
Presolved: 407834 rows, 299087 columns, 4430435 nonzeros
Elapsed ordering time = 5s
Ordering time: 5.34s

Barrier statistics:
 Dense cols : 961
 AA' NZ     : 3.791e+07
 Factor NZ  : 5.766e+07 (roughly 700 MB of memory)
 Factor Ops : 3.166e+10 (roughly 1 second per iteration)
 Threads    : 1

                  Objective                Residual
Iter       Primal          Dual         Primal    Dual     Compl     Time
   0   1.27525419e+03 -5.00174290e+05  6.52e+07 7.87e-07  1.02e+04    12s
   1   1.71563159e+03 -3.65269827e+05  4.40e+07 3.63e-03  4.31e+03    14s
   2   2.86472017e+02 -2.64503832e+05  7.51e+06 3.85e-04  7.67e+02    16s
   3   3.59012913e+01 -5.91361870e+04  9.19e+05 8.07e-16  9.55e+01    17s
   4   2.14473184e+00 -2.56666399e+04  3.00e+04 7.34e-11  6.12e+00    19s
   5   1.10245801e+00 -6.23285383e+03  2.84e+03 2.66e-10  1.06e+00    21s
   6   1.00913298e+00 -8.74330570e+02  3.96e+02 1.84e-11  1.47e-01    23s
   7   9.97898816e-01 -2.42036235e+02  9.64e+01 5.72e-12  3.99e-02    25s
   8   9.95923373e-01 -8.19713519e+01  4.27e+01 1.91e-12  1.48e-02    27s
   9   9.93939126e-01 -1.03112929e+01  4.37e+00 1.36e-13  1.99e-03    29s
  10   7.46532832e-01 -1.84023216e+00  2.45e-01 7.50e-09  3.67e-04    31s
  11   6.63844124e-01 -3.26069715e-01  1.66e-01 1.03e-08  1.37e-04    34s
  12   6.25817627e-01  1.04154008e-02  1.29e-01 1.64e-08  8.36e-05    36s
  13   6.11508809e-01  2.73684055e-01  8.73e-02 2.62e-08  4.50e-05    39s
  14   6.02719721e-01  3.33156123e-01  6.95e-02 2.86e-08  3.57e-05    40s
  15   5.97704051e-01  3.76174941e-01  5.96e-02 5.05e-08  2.92e-05    42s
  16   5.92806007e-01  4.01098691e-01  4.95e-02 4.79e-08  2.51e-05    44s
  17   5.88547098e-01  4.46306105e-01  3.90e-02 3.62e-08  1.84e-05    46s
  18   5.82314114e-01  4.91628517e-01  2.61e-02 2.63e-08  1.15e-05    48s
  19   5.80439631e-01  5.12455949e-01  2.26e-02 2.18e-08  8.48e-06    49s
  20   5.77507524e-01  5.26697812e-01  1.72e-02 1.69e-08  6.23e-06    51s
  21   5.75141194e-01  5.35446733e-01  1.29e-02 1.40e-08  4.79e-06    53s
  22   5.73787033e-01  5.46677957e-01  1.06e-02 1.32e-08  3.15e-06    54s
  23   5.72813910e-01  5.49869150e-01  8.85e-03 1.25e-08  2.63e-06    56s
  24   5.71201958e-01  5.56829368e-01  5.92e-03 1.15e-08  1.56e-06    58s
  25   5.70304514e-01  5.60537795e-01  3.70e-03 9.55e-09  1.04e-06    60s
  26   5.69792371e-01  5.62808795e-01  2.54e-03 7.84e-09  7.41e-07    62s
  27   5.69380225e-01  5.65617980e-01  1.46e-03 6.53e-09  4.15e-07    65s
  28   5.69212339e-01  5.67008219e-01  1.06e-03 7.01e-09  2.55e-07    66s
  29   5.69081481e-01  5.67585745e-01  7.47e-04 7.17e-09  1.82e-07    68s
  30   5.68921585e-01  5.68143022e-01  3.78e-04 6.89e-09  1.08e-07    70s
  31   5.68823597e-01  5.68611019e-01  1.71e-04 6.33e-09  4.99e-08    72s
  32   5.68788153e-01  5.68807620e-01  1.03e-04 5.42e-09  2.42e-08    74s
  33   5.68760449e-01  5.68856309e-01  5.65e-05 5.00e-09  1.45e-08    76s
  34   5.68753766e-01  5.68884934e-01  4.72e-05 4.90e-09  9.16e-09    78s
  35   5.68745625e-01  5.68881755e-01  3.56e-05 5.04e-09  6.76e-09    80s
  36   5.68736964e-01  5.68902353e-01  2.33e-05 5.71e-09  1.81e-09    82s
  37   5.68732621e-01  5.68885582e-01  1.61e-05 5.61e-09  1.22e-09    84s
  38   5.68729769e-01  5.68858235e-01  1.12e-05 5.42e-09  7.84e-10    86s
  39   5.68725779e-01  5.68851408e-01  4.59e-06 5.38e-09  3.98e-10    88s
  40   5.68725575e-01  5.68844547e-01  4.43e-06 5.34e-09  3.56e-10    89s
  41   5.68725436e-01  5.68838783e-01  4.19e-06 5.36e-09  3.28e-10    91s
  42   5.68723482e-01  5.68836008e-01  2.52e-06 5.22e-09  2.12e-10    93s
  43   5.68723228e-01  5.68835114e-01  2.33e-06 5.21e-09  1.99e-10    95s
  44   5.68722805e-01  5.68832190e-01  2.18e-06 4.85e-09  1.67e-10    98s
  45   5.68722586e-01  5.68831154e-01  2.04e-06 4.65e-09  1.54e-10    99s
  46   5.68721891e-01  5.68830258e-01  1.62e-06 4.48e-09  1.25e-10   101s
  47   5.68721082e-01  5.68813401e-01  1.08e-06 3.75e-09  7.97e-11   103s
  48   5.68719788e-01  5.68757595e-01  3.85e-07 3.59e-09  1.92e-10   105s
  49   5.68719323e-01  5.68782878e-01  3.00e-07 3.50e-09  1.02e-10   107s
  50   5.68718931e-01  5.68797863e-01  2.43e-07 3.29e-09  5.12e-11   109s
  51   5.68717948e-01  5.68803669e-01  1.25e-07 3.19e-09  1.98e-11   111s
  52   5.68717542e-01  5.68802231e-01  9.81e-08 3.17e-09  1.40e-11   113s
  53   5.68717357e-01  5.68800739e-01  8.81e-08 3.12e-09  1.05e-11   115s
  54   5.68717251e-01  5.68800166e-01  8.29e-08 3.10e-09  9.46e-12   116s
  55   5.68717176e-01  5.68798886e-01  7.88e-08 3.07e-09  8.67e-12   118s
  56   5.68717175e-01  5.68798885e-01  7.88e-08 3.07e-09  8.67e-12   121s
  57   5.68717166e-01  5.68798874e-01  7.83e-08 3.07e-09  8.62e-12   122s
  58   5.68717163e-01  5.68798809e-01  7.80e-08 3.06e-09  8.72e-12   125s
  59   5.68716989e-01  5.68796870e-01  6.74e-08 2.66e-09  7.50e-12   127s
  60   5.68716639e-01  5.68792968e-01  4.80e-08 1.85e-09  5.60e-12   129s
  61   5.68716068e-01  5.68791412e-01  2.55e-08 1.78e-09  3.45e-12   131s
  62   5.68715902e-01  5.68790287e-01  2.37e-08 2.03e-09  3.12e-12   133s
  63   5.68715859e-01  5.68789255e-01  2.28e-08 2.29e-09  2.80e-12   134s
  64   5.68715588e-01  5.68788727e-01  1.77e-08 2.41e-09  2.38e-12   137s
  65   5.68715334e-01  5.68788098e-01  1.37e-08 2.55e-09  1.92e-12   139s
  66   5.68715273e-01  5.68787946e-01  1.34e-08 2.59e-09  1.84e-12   141s
  67   5.68715244e-01  5.68787861e-01  1.32e-08 2.61e-09  1.81e-12   143s
  68   5.68715240e-01  5.68787848e-01  1.32e-08 2.61e-09  1.80e-12   145s
  69   5.68715234e-01  5.68787835e-01  1.31e-08 2.61e-09  1.80e-12   148s
  70   5.68715202e-01  5.68787645e-01  1.29e-08 2.63e-09  1.76e-12   150s
  71   5.68715163e-01  5.68787638e-01  1.27e-08 2.64e-09  1.74e-12   152s
  72   5.68714839e-01  5.68786947e-01  1.09e-08 2.81e-09  1.44e-12   154s
  73   5.68714805e-01  5.68788088e-01  1.07e-08 2.74e-09  1.80e-12   158s
  74   5.68714686e-01  5.68787514e-01  1.04e-08 2.83e-09  1.64e-12   160s
  75   5.68714612e-01  5.68787476e-01  1.01e-08 2.83e-09  1.63e-12   163s
  76   5.68714561e-01  5.68786832e-01  1.00e-08 2.85e-09  1.94e-12   166s
  77   5.68714511e-01  5.68786491e-01  9.97e-09 2.86e-09  2.01e-12   169s
  78   5.68714497e-01  5.68786476e-01  9.95e-09 2.87e-09  2.01e-12   171s
  79   5.68714493e-01  5.68786475e-01  9.94e-09 2.87e-09  2.01e-12   174s
  80   5.68714079e-01  5.68785965e-01  9.36e-09 2.89e-09  1.85e-12   177s
  81   5.68713967e-01  5.68785365e-01  9.09e-09 2.91e-09  2.01e-12   180s
  82   5.68713762e-01  5.68784453e-01  8.78e-09 2.94e-09  2.16e-12   183s
  83   5.68713513e-01  5.68783759e-01  8.43e-09 2.95e-09  2.32e-12   185s
  84   5.68713144e-01  5.68782717e-01  7.90e-09 2.97e-09  2.28e-12   189s
  85   5.68713103e-01  5.68782230e-01  7.85e-09 2.98e-09  2.38e-12   192s
  86   5.68712912e-01  5.68781969e-01  7.60e-09 2.99e-09  2.31e-12   194s
  87   5.68712719e-01  5.68781532e-01  7.35e-09 3.00e-09  2.31e-12   197s
  88   5.68712552e-01  5.68780732e-01  7.14e-09 3.02e-09  2.39e-12   200s
  89   5.68712510e-01  5.68780420e-01  7.09e-09 3.02e-09  2.43e-12   202s
  90   5.68712404e-01  5.68780052e-01  6.96e-09 3.02e-09  2.43e-12   205s
  91   5.68712351e-01  5.68779929e-01  6.89e-09 3.02e-09  2.42e-12   207s
  92   5.68712308e-01  5.68779755e-01  6.84e-09 3.02e-09  2.43e-12   210s
  93   5.68712274e-01  5.68779603e-01  6.80e-09 3.02e-09  2.45e-12   213s
  94   5.68712253e-01  5.68777561e-01  6.63e-09 2.97e-09  2.79e-12   217s
  95   5.68712365e-01  5.68762731e-01  6.00e-09 2.38e-09  1.49e-11   219s
  96   5.68712359e-01  5.68761669e-01  5.98e-09 2.93e-09  1.51e-11   222s
  97   5.68712159e-01  5.68753199e-01  4.33e-09 2.43e-09  6.53e-12   225s
  98   5.68712158e-01  5.68751946e-01  4.32e-09 2.44e-09  6.65e-12   227s
  99   5.68712137e-01  5.68750850e-01  4.23e-09 2.45e-09  6.47e-12   230s
 100   5.68712113e-01  5.68746341e-01  4.04e-09 2.50e-09  6.55e-12   232s
 101   5.68712112e-01  5.68746194e-01  4.02e-09 2.50e-09  6.53e-12   234s
 102   5.68712108e-01  5.68746130e-01  4.00e-09 2.50e-09  6.49e-12   236s
 103   5.68712095e-01  5.68747735e-01  3.96e-09 2.58e-09  6.53e-12   239s
 104   5.68712092e-01  5.68744361e-01  3.94e-09 2.56e-09  6.58e-12   241s
 105   5.68712053e-01  5.68743976e-01  3.51e-09 2.54e-09  6.12e-12   247s
 106   5.68712037e-01  5.68742365e-01  3.41e-09 2.52e-09  6.20e-12   251s
 107   5.68712010e-01  5.68741997e-01  3.32e-09 2.51e-09  6.05e-12   254s
 108   5.68711951e-01  5.68741054e-01  3.05e-09 2.49e-09  5.61e-12   257s
 109   5.68711940e-01  5.68739817e-01  2.98e-09 2.46e-09  5.61e-12   259s
 110   5.68711930e-01  5.68739371e-01  2.92e-09 2.45e-09  5.53e-12   262s
 111   5.68711922e-01  5.68738527e-01  2.88e-09 2.43e-09  5.57e-12   264s
 112   5.68711900e-01  5.68738361e-01  2.73e-09 2.43e-09  5.31e-12   267s
 113   5.68711897e-01  5.68737920e-01  2.71e-09 2.41e-09  5.33e-12   269s
 114   5.68711874e-01  5.68737335e-01  2.59e-09 2.39e-09  5.16e-12   271s
 115   5.68711872e-01  5.68737093e-01  2.59e-09 2.38e-09  5.18e-12   274s
 116   5.68711869e-01  5.68737015e-01  2.56e-09 2.37e-09  5.13e-12   276s
 117   5.68711860e-01  5.68736014e-01  2.50e-09 2.32e-09  5.14e-12   279s
 118   5.68711840e-01  5.68735711e-01  2.44e-09 2.30e-09  4.95e-12   281s
 119   5.68711835e-01  5.68735610e-01  2.42e-09 2.29e-09  4.92e-12   285s
 120   5.68711835e-01  5.68735046e-01  2.63e-09 2.20e-09  4.82e-12   287s
 121   5.68711833e-01  5.68734944e-01  2.62e-09 2.18e-09  4.83e-12   290s
 122   5.68711813e-01  5.68734559e-01  3.51e-09 2.12e-09  4.06e-12   292s
 123   5.68711808e-01  5.68733384e-01  3.45e-09 1.95e-09  4.06e-12   295s
 124   5.68711793e-01  5.68731713e-01  3.12e-09 1.68e-09  3.77e-12   297s
 125   5.68711786e-01  5.68731008e-01  2.95e-09 1.59e-09  3.57e-12   299s
 126   5.68711781e-01  5.68730221e-01  2.86e-09 1.49e-09  3.43e-12   302s
 127   5.68711765e-01  5.68728160e-01  3.03e-09 1.23e-09  2.89e-12   304s
 128   5.68711756e-01  5.68726343e-01  2.67e-09 1.05e-09  2.22e-12   306s
 129   5.68711731e-01  5.68725774e-01  1.58e-09 9.81e-10  1.43e-12   308s
 130   5.68711718e-01  5.68724817e-01  1.32e-09 8.09e-10  1.10e-12   310s
 131   5.68711710e-01  5.68721542e-01  1.46e-09 4.03e-10  9.03e-13   312s
 132   5.68711709e-01  5.68720337e-01  1.49e-09 2.97e-10  8.71e-13   314s
 133   5.68711704e-01  5.68718942e-01  1.55e-09 2.50e-10  7.54e-13   316s

Barrier solved model in 133 iterations and 315.98 seconds (595.42 work units)
Optimal objective 5.68711704e-01


User-callback calls 16593, time in user-callback 0.16 sec
