
Gurobi 13.0.2 (win64) logging started Sun Oct  4 13:28:46 2026

Set parameter LogFile to value "docs/v42_m1_exact_dw_cg_root_resume/logs/PRICE_0912_MESS04.log"
Gurobi Optimizer version 13.0.2 build v13.0.2rc1 (win64 - Windows 11+.0 (26200.2))

CPU model: 13th Gen Intel(R) Core(TM) i7-13620H, instruction set [SSE2|AVX|AVX2]
Thread count: 10 physical cores, 16 logical processors, using up to 1 threads

Non-default parameters:
TimeLimit  600
FeasibilityTol  1e-08
IntFeasTol  1e-08
MIPGap  0
MIPGapAbs  0
OptimalityTol  1e-08
Method  2
Crossover  2
DegenMoves  0
MIPFocus  3
NodeMethod  1
CutPasses  1
LogToConsole  0
Seed  20260929
Threads  1

Optimize a model with 51481 rows, 58841 columns and 314646 nonzeros (Min)
Model fingerprint: 0x8f28b69b
Model has 3024 linear objective coefficients and an objective constant of 5.1777856215049030e-03
Variable types: 6799 continuous, 52042 integer (52042 binary)
Coefficient statistics:
  Matrix range     [2e-01, 4e+02]
  Objective range  [4e-13, 8e-06]
  Bounds range     [1e+00, 1e+03]
  RHS range        [1e+00, 8e+02]

Loaded user MIP start with objective 0.00174955
MIP start from previous solve produced solution with objective 0.00018329 (0.44s)
MIP start from previous solve produced solution with objective 0.000161939 (0.48s)
Loaded MIP start from previous solve with objective 0.000161939

Presolve removed 8938 rows and 2 columns
Presolve time: 0.92s
Presolved: 42543 rows, 58839 columns, 292302 nonzeros
Variable types: 6797 continuous, 52042 integer (52042 binary)
Root relaxation presolve removed 2 rows and 2 columns
Root relaxation presolved: 42541 rows, 58837 columns, 292298 nonzeros

Root barrier log...

Ordering time: 0.07s

Barrier statistics:
 AA' NZ     : 5.993e+05
 Factor NZ  : 1.094e+06 (roughly 50 MB of memory)
 Factor Ops : 7.380e+07 (less than 1 second per iteration)
 Threads    : 1

                  Objective                Residual
Iter       Primal          Dual         Primal    Dual     Compl     Time
   0  -6.05150174e-02 -3.44574331e+04  1.81e+04 1.29e-04  3.80e+00     2s
   1  -5.68411473e-02 -2.87598443e+04  2.42e+03 4.12e-03  5.55e-01     2s
   2   7.40555277e-02 -1.10091039e+04  3.51e+02 1.80e-04  1.09e-01     2s
   3   2.50207616e-02 -3.04267773e+03  1.06e+02 2.95e-06  2.93e-02     2s
   4  -4.76821625e-02 -2.40229447e+03  4.87e+01 2.17e-15  2.01e-02     2s
   5  -7.34572349e-02 -1.87407427e+03  2.86e+01 2.33e-15  1.51e-02     2s
   6  -7.92414947e-02 -1.41392051e+03  2.17e+01 2.49e-15  1.17e-02     2s
   7  -8.11614690e-02 -1.17109334e+03  1.62e+01 2.48e-15  9.76e-03     2s
   8  -6.66680886e-02 -8.68589030e+02  1.45e+01 2.31e-15  8.03e-03     3s
   9   5.94156479e-05 -5.91322487e+02  4.54e+00 1.85e-15  4.42e-03     3s
  10   3.93766787e-03 -2.15735926e+02  2.55e+00 2.95e-15  1.82e-03     3s
  11   7.66373804e-03 -3.06757021e+01  9.86e-01 2.39e-15  3.52e-04     3s
  12   9.83010805e-03 -1.26943174e+01  6.85e-02 1.71e-15  8.73e-05     3s
  13   8.64862226e-03 -1.13830980e+00  2.25e-11 3.72e-15  7.27e-06     3s
  14   1.54331056e-03 -5.60525838e-01  6.08e-11 2.34e-15  3.56e-06     3s
  15   3.75222650e-03 -1.99077182e-01  5.53e-11 1.76e-15  1.28e-06     3s
  16   1.15057861e-03 -1.16091330e-01  4.98e-11 1.78e-15  7.43e-07     3s
  17  -5.71685333e-03 -9.63377203e-02  3.01e-11 2.33e-15  5.74e-07     3s
  18  -1.14196431e-02 -7.47424045e-02  2.02e-11 1.93e-15  4.01e-07     3s
  19  -1.43429739e-02 -6.01217402e-02  2.40e-11 1.89e-15  2.90e-07     3s
  20  -1.85270548e-02 -5.18080753e-02  2.64e-11 2.15e-15  2.11e-07     3s
  21  -1.99566736e-02 -4.17457899e-02  1.39e-11 2.05e-15  1.38e-07     3s
  22  -2.10809442e-02 -3.87761569e-02  1.67e-11 2.28e-15  1.12e-07     3s
  23  -2.29214590e-02 -3.30611781e-02  2.69e-11 2.14e-15  6.42e-08     3s
  24  -2.36355108e-02 -2.99113919e-02  2.74e-11 1.94e-15  3.98e-08     3s
  25  -2.40690002e-02 -2.86331189e-02  2.06e-11 1.93e-15  2.89e-08     3s
  26  -2.41840746e-02 -2.82809607e-02  1.94e-11 2.43e-15  2.60e-08     3s
  27  -2.45183863e-02 -2.78497574e-02  2.35e-11 2.30e-15  2.11e-08     3s
  28  -2.50204796e-02 -2.71829832e-02  1.08e-10 2.30e-15  1.37e-08     3s
  29  -2.52464690e-02 -2.64099857e-02  1.16e-10 2.07e-15  7.37e-09     4s
  30  -2.53102549e-02 -2.60528131e-02  1.57e-10 1.87e-15  4.70e-09     4s
  31  -2.54686065e-02 -2.59495124e-02  4.01e-10 2.21e-15  3.05e-09     4s
  32  -2.55094168e-02 -2.58766156e-02  2.52e-10 2.20e-15  2.33e-09     4s
  33  -2.55112661e-02 -2.58102261e-02  2.32e-10 2.27e-15  1.89e-09     4s
  34  -2.55331357e-02 -2.56722693e-02  1.12e-10 1.89e-15  8.81e-10     4s
  35  -2.55431566e-02 -2.56003458e-02  2.36e-10 1.81e-15  3.62e-10     4s
  36  -2.55446249e-02 -2.55627155e-02  1.39e-10 1.71e-15  1.15e-10     4s
  37  -2.55469731e-02 -2.55476180e-02  7.99e-10 1.85e-13  4.09e-12     4s
  38  -2.55471879e-02 -2.55471891e-02  4.93e-12 8.92e-13  8.25e-15     4s

Barrier solved model in 38 iterations and 3.95 seconds (2.79 work units)
Optimal objective -2.55471879e-02

Crossover time: 0.53 seconds (0.47 work units)

Root relaxation: objective -2.554719e-02, 32958 iterations, 2.91 seconds (2.24 work units)

    Nodes    |    Current Node    |     Objective Bounds      |     Work
 Expl Unexpl |  Obj  Depth IntInf | Incumbent    BestBd   Gap | It/Node Time

     0     0   -0.02555    0 1214    0.00016   -0.02555      -     -    4s
H    0     0                      -0.0165902   -0.02555  54.0%     -    4s

Explored 1 nodes (32958 simplex iterations) in 4.83 seconds (3.44 work units)
Thread count was 1 (of 16 available processors)

Solution count 2: -0.0165902 0.000161939 

Solve interrupted
Best objective -1.659021842980e-02, best bound -2.554718811757e-02, gap 53.9895%

User-callback calls 1063, time in user-callback 0.56 sec
Set parameter Threads to value 1
Set parameter Method to value 2
Set parameter NodeMethod to value 1
Set parameter Crossover to value 2
Set parameter DegenMoves to value 0
Set parameter CutPasses to value 1
Set parameter MIPFocus to value 3
Set parameter MIPGap to value 0
Set parameter MIPGapAbs to value 0
Set parameter TimeLimit to value 600
Set parameter FeasibilityTol to value 1e-08
Set parameter OptimalityTol to value 1e-08
Set parameter IntFeasTol to value 1e-08
Set parameter Seed to value 20260929
