
Gurobi 13.0.2 (win64) logging started Sun Oct  4 13:38:18 2026

Set parameter LogFile to value "docs/v42_m1_exact_dw_cg_root_resume/logs/PRICE_0997_MESS01.log"
Gurobi Optimizer version 13.0.2 build v13.0.2rc1 (win64 - Windows 11+.0 (26200.2))

CPU model: 13th Gen Intel(R) Core(TM) i7-13620H, instruction set [SSE2|AVX|AVX2]
Thread count: 10 physical cores, 16 logical processors, using up to 1 threads

Non-default parameters:
TimeLimit  3.2308823009999469e+02
FeasibilityTol  1e-08
IntFeasTol  1e-08
MIPGap  0
MIPGapAbs  0
OptimalityTol  1e-08
Method  2
Crossover  2
DegenMoves  0
MIPFocus  3
NodeMethod  1
CutPasses  1
LogToConsole  0
Seed  20260929
Threads  1

Optimize a model with 51458 rows, 58814 columns and 314503 nonzeros (Min)
Model fingerprint: 0xcf40719a
Model has 3168 linear objective coefficients and an objective constant of 4.7368245799717934e-03
Variable types: 6796 continuous, 52018 integer (52018 binary)
Coefficient statistics:
  Matrix range     [2e-01, 4e+02]
  Objective range  [2e-11, 6e-06]
  Bounds range     [1e+00, 1e+03]
  RHS range        [1e+00, 8e+02]

Loaded user MIP start with objective 1.38917e-05
MIP start from previous solve produced solution with objective -0.00131296 (0.12s)
MIP start from previous solve produced solution with objective -0.001338 (0.16s)
Loaded MIP start from previous solve with objective -0.001338


Explored 0 nodes (0 simplex iterations) in 0.24 seconds (0.04 work units)
Thread count was 1 (of 16 available processors)

Solution count 3: -0.001338 -0.00131296 1.38917e-05 
No other solutions better than 0

Solve interrupted
Best objective -1.338003093973e-03, best bound -, gap -

User-callback calls 60, time in user-callback 0.18 sec
Set parameter Threads to value 1
Set parameter Method to value 2
Set parameter NodeMethod to value 1
Set parameter Crossover to value 2
Set parameter DegenMoves to value 0
Set parameter CutPasses to value 1
Set parameter MIPFocus to value 3
Set parameter MIPGap to value 0
Set parameter MIPGapAbs to value 0
Set parameter TimeLimit to value 2.9569631439994555e+02
Set parameter FeasibilityTol to value 1e-08
Set parameter OptimalityTol to value 1e-08
Set parameter IntFeasTol to value 1e-08
Set parameter Seed to value 20260929
