
Gurobi 13.0.2 (win64) logging started Sun Oct  4 13:42:55 2026

Set parameter LogFile to value "docs/v42_m1_exact_dw_cg_root_resume/logs/PRICE_1038_MESS02.log"
Gurobi Optimizer version 13.0.2 build v13.0.2rc1 (win64 - Windows 11+.0 (26200.2))

CPU model: 13th Gen Intel(R) Core(TM) i7-13620H, instruction set [SSE2|AVX|AVX2]
Thread count: 10 physical cores, 16 logical processors, using up to 1 threads

Non-default parameters:
TimeLimit  4.6224320799985435e+01
FeasibilityTol  1e-08
IntFeasTol  1e-08
MIPGap  0
MIPGapAbs  0
OptimalityTol  1e-08
Method  2
Crossover  2
DegenMoves  0
MIPFocus  3
NodeMethod  1
CutPasses  1
LogToConsole  0
Seed  20260929
Threads  1

Optimize a model with 51527 rows, 58895 columns and 314932 nonzeros (Min)
Model fingerprint: 0x5847ee45
Model has 3168 linear objective coefficients and an objective constant of 9.5247426021744820e-04
Variable types: 6805 continuous, 52090 integer (52090 binary)
Coefficient statistics:
  Matrix range     [2e-01, 4e+02]
  Objective range  [2e-11, 6e-06]
  Bounds range     [1e+00, 1e+03]
  RHS range        [1e+00, 8e+02]

Loaded user MIP start with objective 0.00029992
MIP start from previous solve produced solution with objective -0.000577998 (0.09s)
MIP start from previous solve produced solution with objective -0.00061122 (0.13s)
Loaded MIP start from previous solve with objective -0.00061122


Explored 0 nodes (0 simplex iterations) in 0.17 seconds (0.04 work units)
Thread count was 1 (of 16 available processors)

Solution count 3: -0.00061122 -0.000577998 0.00029992 
No other solutions better than 0

Solve interrupted
Best objective -6.112201375427e-04, best bound -, gap -

User-callback calls 59, time in user-callback 0.13 sec
Set parameter Threads to value 1
Set parameter Method to value 2
Set parameter NodeMethod to value 1
Set parameter Crossover to value 2
Set parameter DegenMoves to value 0
Set parameter CutPasses to value 1
Set parameter MIPFocus to value 3
Set parameter MIPGap to value 0
Set parameter MIPGapAbs to value 0
Set parameter TimeLimit to value 1.8850389299972448e+01
Set parameter FeasibilityTol to value 1e-08
Set parameter OptimalityTol to value 1e-08
Set parameter IntFeasTol to value 1e-08
Set parameter Seed to value 20260929
