
Gurobi 13.0.2 (win64) logging started Sun Oct  4 13:37:25 2026

Set parameter LogFile to value "docs/v42_m1_exact_dw_cg_root_resume/logs/PRICE_0992_MESS04.log"
Gurobi Optimizer version 13.0.2 build v13.0.2rc1 (win64 - Windows 11+.0 (26200.2))

CPU model: 13th Gen Intel(R) Core(TM) i7-13620H, instruction set [SSE2|AVX|AVX2]
Thread count: 10 physical cores, 16 logical processors, using up to 1 threads

Non-default parameters:
TimeLimit  3.7584460849995958e+02
FeasibilityTol  1e-08
IntFeasTol  1e-08
MIPGap  0
MIPGapAbs  0
OptimalityTol  1e-08
Method  2
Crossover  2
DegenMoves  0
MIPFocus  3
NodeMethod  1
CutPasses  1
LogToConsole  0
Seed  20260929
Threads  1

Optimize a model with 51481 rows, 58841 columns and 314646 nonzeros (Min)
Model fingerprint: 0x061bbcc7
Model has 3168 linear objective coefficients and an objective constant of 5.4642038579676968e-03
Variable types: 6799 continuous, 52042 integer (52042 binary)
Coefficient statistics:
  Matrix range     [2e-01, 4e+02]
  Objective range  [1e-11, 7e-06]
  Bounds range     [1e+00, 1e+03]
  RHS range        [1e+00, 8e+02]

Loaded user MIP start with objective 8.4082e-15
MIP start from previous solve produced solution with objective -0.00198719 (0.46s)
MIP start from previous solve produced solution with objective -0.00201969 (0.64s)
Loaded MIP start from previous solve with objective -0.00201969


Explored 0 nodes (0 simplex iterations) in 0.79 seconds (0.04 work units)
Thread count was 1 (of 16 available processors)

Solution count 3: -0.00201969 -0.00198719 8.4082e-15 
No other solutions better than 0

Solve interrupted
Best objective -2.019692443715e-03, best bound -, gap -

User-callback calls 64, time in user-callback 0.81 sec
Set parameter Threads to value 1
Set parameter Method to value 2
Set parameter NodeMethod to value 1
Set parameter Crossover to value 2
Set parameter DegenMoves to value 0
Set parameter CutPasses to value 1
Set parameter MIPFocus to value 3
Set parameter MIPGap to value 0
Set parameter MIPGapAbs to value 0
Set parameter TimeLimit to value 3.4777690349996556e+02
Set parameter FeasibilityTol to value 1e-08
Set parameter OptimalityTol to value 1e-08
Set parameter IntFeasTol to value 1e-08
Set parameter Seed to value 20260929
