
Gurobi 13.0.2 (win64) logging started Sun Oct  4 13:21:05 2026

Set parameter LogFile to value "docs/v42_m1_exact_dw_cg_root_resume/logs/PRICE_0838_MESS02.log"
Gurobi Optimizer version 13.0.2 build v13.0.2rc1 (win64 - Windows 11+.0 (26200.2))

CPU model: 13th Gen Intel(R) Core(TM) i7-13620H, instruction set [SSE2|AVX|AVX2]
Thread count: 10 physical cores, 16 logical processors, using up to 1 threads

Non-default parameters:
TimeLimit  600
FeasibilityTol  1e-08
IntFeasTol  1e-08
MIPGap  0
MIPGapAbs  0
OptimalityTol  1e-08
Method  2
Crossover  2
DegenMoves  0
MIPFocus  3
NodeMethod  1
CutPasses  1
LogToConsole  0
Seed  20260929
Threads  1

Optimize a model with 51527 rows, 58895 columns and 314932 nonzeros (Min)
Model fingerprint: 0x19c1c17f
Model has 2880 linear objective coefficients and an objective constant of 3.2386861191291191e-03
Variable types: 6805 continuous, 52090 integer (52090 binary)
Coefficient statistics:
  Matrix range     [2e-01, 4e+02]
  Objective range  [2e-11, 7e-06]
  Bounds range     [1e+00, 1e+03]
  RHS range        [1e+00, 8e+02]

Loaded user MIP start with objective 3.69167e-14

Presolve removed 8946 rows and 2 columns
Presolve time: 1.27s
Presolved: 42581 rows, 58893 columns, 292568 nonzeros
Variable types: 6803 continuous, 52090 integer (52090 binary)
Root relaxation presolve removed 1 rows and 1 columns
Root relaxation presolved: 42580 rows, 58892 columns, 292566 nonzeros

Root barrier log...

Ordering time: 0.36s

Barrier statistics:
 AA' NZ     : 5.996e+05
 Factor NZ  : 1.096e+06 (roughly 50 MB of memory)
 Factor Ops : 7.451e+07 (less than 1 second per iteration)
 Threads    : 1

                  Objective                Residual
Iter       Primal          Dual         Primal    Dual     Compl     Time
   0  -5.37283676e-02 -3.44919426e+04  1.80e+04 1.07e-04  3.80e+00     4s
   1  -5.13149732e-02 -2.94149084e+04  2.54e+03 3.23e-03  5.75e-01     4s
   2   7.10269790e-02 -1.16583573e+04  4.08e+02 2.75e-04  1.20e-01     4s
   3   1.78609672e-02 -2.59733893e+03  1.04e+02 3.17e-15  2.60e-02     4s
   4  -2.69458980e-02 -2.37409662e+03  6.65e+01 2.63e-15  2.13e-02     4s
   5  -5.11333237e-02 -2.15233344e+03  4.89e+01 2.78e-15  1.83e-02     4s
   6  -7.66602751e-02 -1.85150476e+03  3.12e+01 2.66e-15  1.49e-02     4s
   7  -8.85994338e-02 -1.60941952e+03  2.22e+01 3.56e-15  1.28e-02     4s
   8  -9.31470944e-02 -1.42223889e+03  1.74e+01 3.39e-15  1.13e-02     4s
   9  -9.13029640e-02 -1.24731502e+03  1.43e+01 2.72e-14  1.01e-02     4s
  10  -8.56356439e-02 -1.21561115e+03  1.30e+01 2.97e-14  9.57e-03     4s
  11  -2.39349597e-02 -1.03034960e+03  8.75e+00 2.48e-14  7.73e-03     5s
  12  -1.22208879e-02 -5.46686563e+02  5.50e+00 1.84e-14  4.26e-03     5s
  13   4.64505086e-03 -1.67367063e+02  1.39e+00 1.36e-14  1.30e-03     5s
  14   7.49351043e-03 -3.08074488e+01  2.59e-01 1.37e-14  2.28e-04     5s
  15   7.37253228e-03 -4.00355617e+00  2.49e-04 1.29e-14  2.54e-05     5s
  16   1.11865649e-03 -7.79201032e-01  1.41e-07 1.30e-14  4.94e-06     5s
  17  -1.14046140e-03 -4.11067708e-01  8.71e-08 1.37e-14  2.60e-06     5s
  18  -6.85775123e-03 -2.52392870e-01  3.54e-08 1.37e-14  1.55e-06     5s
  19  -1.30922079e-02 -1.78564967e-01  2.07e-08 1.50e-14  1.05e-06     5s
  20  -1.57837832e-02 -1.62280569e-01  1.61e-08 1.84e-14  9.27e-07     5s
  21  -1.84645565e-02 -1.46250465e-01  1.23e-08 1.99e-14  8.09e-07     5s
  22  -2.05504092e-02 -1.32095915e-01  9.60e-09 1.94e-14  7.06e-07     5s
  23  -2.46196376e-02 -1.18367686e-01  4.59e-09 2.06e-14  5.93e-07     5s
  24  -2.46856774e-02 -1.10628412e-01  4.50e-09 2.10e-14  5.44e-07     5s
  25  -2.54283627e-02 -9.56725491e-02  3.77e-09 2.23e-14  4.45e-07     5s
  26  -2.69923280e-02 -8.62176381e-02  2.36e-09 2.51e-14  3.75e-07     5s
  27  -2.82445262e-02 -8.08759535e-02  1.36e-09 2.63e-14  3.33e-07     5s
  28  -2.83715438e-02 -7.45410171e-02  1.22e-09 2.27e-14  2.92e-07     5s
  29  -2.84807981e-02 -6.81661226e-02  1.15e-09 2.38e-14  2.51e-07     5s
  30  -2.87404047e-02 -6.06967728e-02  1.00e-09 5.52e-11  2.02e-07     5s
  31  -2.91731768e-02 -5.51294516e-02  7.82e-10 2.47e-14  1.64e-07     5s
  32  -3.01360815e-02 -4.59165078e-02  3.55e-10 1.83e-14  9.99e-08     5s
  33  -3.05186323e-02 -4.32774966e-02  2.52e-10 2.15e-14  8.08e-08     5s
  34  -3.08381715e-02 -3.92752799e-02  1.75e-10 1.85e-14  5.34e-08     6s
  35  -3.13411964e-02 -3.60742797e-02  1.00e-10 1.65e-14  3.00e-08     6s
  36  -3.12902028e-02 -3.51566963e-02  9.83e-11 1.56e-14  2.45e-08     6s
  37  -3.15345252e-02 -3.43475617e-02  6.24e-11 1.64e-14  1.78e-08     6s
  38  -3.16964163e-02 -3.35865256e-02  4.95e-11 1.69e-14  1.20e-08     6s
  39  -3.18761324e-02 -3.29315817e-02  5.44e-11 1.54e-14  6.68e-09     6s
  40  -3.19606887e-02 -3.23960212e-02  5.63e-11 1.36e-14  2.76e-09     6s
  41  -3.20082425e-02 -3.22614351e-02  7.79e-11 1.58e-14  1.60e-09     6s
  42  -3.20255043e-02 -3.21785784e-02  4.15e-11 1.52e-14  9.69e-10     6s
  43  -3.20328096e-02 -3.21221548e-02  4.82e-11 1.56e-14  5.66e-10     6s
  44  -3.20427303e-02 -3.20900186e-02  5.41e-11 1.48e-14  2.99e-10     6s
  45  -3.20441636e-02 -3.20674728e-02  1.11e-10 1.36e-14  1.48e-10     6s
  46  -3.20445828e-02 -3.20533291e-02  7.95e-11 3.25e-13  5.54e-11     6s
  47  -3.20447389e-02 -3.20496607e-02  4.99e-11 6.14e-13  3.12e-11     6s
  48  -3.20449382e-02 -3.20450311e-02  1.94e-11 6.02e-13  5.93e-13     6s
  49  -3.20449582e-02 -3.20449583e-02  1.12e-12 9.82e-14  7.77e-16     6s

Barrier solved model in 49 iterations and 6.17 seconds (3.17 work units)
Optimal objective -3.20449582e-02


Root crossover log...

   16965 DPushes remaining with DInf 0.0000000e+00                 6s
       0 DPushes remaining with DInf 0.0000000e+00                 6s

   23072 PPushes remaining with PInf 7.1307460e-05                 6s
       0 PPushes remaining with PInf 0.0000000e+00                 7s

  Push phase complete: Pinf 0.0000000e+00, Dinf 7.0399848e-04      7s


Root simplex log...

Iteration    Objective       Primal Inf.    Dual Inf.      Time
   30243   -3.2044958e-02   0.000000e+00   0.000000e+00      7s
   30258   -3.2044958e-02   0.000000e+00   0.000000e+00      7s
Crossover time: 0.69 seconds (0.49 work units)
   30258   -3.2044958e-02   0.000000e+00   0.000000e+00      7s

Root relaxation: objective -3.204496e-02, 30258 iterations, 4.59 seconds (2.69 work units)

    Nodes    |    Current Node    |     Objective Bounds      |     Work
 Expl Unexpl |  Obj  Depth IntInf | Incumbent    BestBd   Gap | It/Node Time

     0     0   -0.03204    0 1352    0.00000   -0.03204      -     -    6s
H    0     0                      -0.0141769   -0.03204   126%     -    7s
H    0     0                      -0.0142046   -0.03204   126%     -    7s

Explored 1 nodes (30258 simplex iterations) in 7.28 seconds (3.89 work units)
Thread count was 1 (of 16 available processors)

Solution count 2: -0.0142046 3.69167e-14 

Solve interrupted
Best objective -1.420459613531e-02, best bound -3.204495824171e-02, gap 125.5957%

User-callback calls 1304, time in user-callback 2.53 sec
Set parameter Threads to value 1
Set parameter Method to value 2
Set parameter NodeMethod to value 1
Set parameter Crossover to value 2
Set parameter DegenMoves to value 0
Set parameter CutPasses to value 1
Set parameter MIPFocus to value 3
Set parameter MIPGap to value 0
Set parameter MIPGapAbs to value 0
Set parameter TimeLimit to value 600
Set parameter FeasibilityTol to value 1e-08
Set parameter OptimalityTol to value 1e-08
Set parameter IntFeasTol to value 1e-08
Set parameter Seed to value 20260929
