
Gurobi 13.0.2 (win64) logging started Sun Oct  4 13:43:21 2026

Set parameter LogFile to value "docs/v42_m1_exact_dw_cg_root_resume/logs/PRICE_1041_MESS01.log"
Gurobi Optimizer version 13.0.2 build v13.0.2rc1 (win64 - Windows 11+.0 (26200.2))

CPU model: 13th Gen Intel(R) Core(TM) i7-13620H, instruction set [SSE2|AVX|AVX2]
Thread count: 10 physical cores, 16 logical processors, using up to 1 threads

Non-default parameters:
TimeLimit  1.9693799999949988e+01
FeasibilityTol  1e-08
IntFeasTol  1e-08
MIPGap  0
MIPGapAbs  0
OptimalityTol  1e-08
Method  2
Crossover  2
DegenMoves  0
MIPFocus  3
NodeMethod  1
CutPasses  1
LogToConsole  0
Seed  20260929
Threads  1

Optimize a model with 51458 rows, 58814 columns and 314503 nonzeros (Min)
Model fingerprint: 0x273ff7de
Model has 3168 linear objective coefficients and an objective constant of 4.3768223787478610e-03
Variable types: 6796 continuous, 52018 integer (52018 binary)
Coefficient statistics:
  Matrix range     [2e-01, 4e+02]
  Objective range  [1e-10, 6e-06]
  Bounds range     [1e+00, 1e+03]
  RHS range        [1e+00, 8e+02]

Loaded user MIP start with objective 0.000384714
MIP start from previous solve produced solution with objective -0.00135404 (0.11s)
MIP start from previous solve produced solution with objective -0.00137296 (0.16s)
Loaded MIP start from previous solve with objective -0.00137296


Explored 0 nodes (0 simplex iterations) in 0.24 seconds (0.04 work units)
Thread count was 1 (of 16 available processors)

Solution count 4: -0.00137296 -0.00137296 -0.00135404 0.000384714 
No other solutions better than 0

Solve interrupted
Best objective -1.372964079966e-03, best bound -, gap -

User-callback calls 60, time in user-callback 0.18 sec
