
Gurobi 13.0.2 (win64) logging started Sun Oct  4 13:42:59 2026

Set parameter LogFile to value "docs/v42_m1_exact_dw_cg_root_resume/logs/PRICE_1040_MESS04.log"
Gurobi Optimizer version 13.0.2 build v13.0.2rc1 (win64 - Windows 11+.0 (26200.2))

CPU model: 13th Gen Intel(R) Core(TM) i7-13620H, instruction set [SSE2|AVX|AVX2]
Thread count: 10 physical cores, 16 logical processors, using up to 1 threads

Non-default parameters:
TimeLimit  4.1527787599945441e+01
FeasibilityTol  1e-08
IntFeasTol  1e-08
MIPGap  0
MIPGapAbs  0
OptimalityTol  1e-08
Method  2
Crossover  2
DegenMoves  0
MIPFocus  3
NodeMethod  1
CutPasses  1
LogToConsole  0
Seed  20260929
Threads  1

Optimize a model with 51481 rows, 58841 columns and 314646 nonzeros (Min)
Model fingerprint: 0x16260362
Model has 3168 linear objective coefficients and an objective constant of 5.2358629269109377e-03
Variable types: 6799 continuous, 52042 integer (52042 binary)
Coefficient statistics:
  Matrix range     [2e-01, 4e+02]
  Objective range  [2e-11, 6e-06]
  Bounds range     [1e+00, 1e+03]
  RHS range        [1e+00, 8e+02]

Loaded user MIP start with objective 8.57031e-14
MIP start from previous solve produced solution with objective -0.00115022 (0.47s)
MIP start from previous solve produced solution with objective -0.00119075 (0.60s)
Loaded MIP start from previous solve with objective -0.00119075


Explored 0 nodes (0 simplex iterations) in 0.72 seconds (0.04 work units)
Thread count was 1 (of 16 available processors)

Solution count 4: -0.00119075 -0.00119075 -0.00115022 8.57031e-14 
No other solutions better than 0

Solve interrupted
Best objective -1.190753938473e-03, best bound -, gap -

User-callback calls 65, time in user-callback 0.67 sec
Set parameter Threads to value 1
Set parameter Method to value 2
Set parameter NodeMethod to value 1
Set parameter Crossover to value 2
Set parameter DegenMoves to value 0
Set parameter CutPasses to value 1
Set parameter MIPFocus to value 3
Set parameter MIPGap to value 0
Set parameter MIPGapAbs to value 0
Set parameter TimeLimit to value 1.4200548499939032e+01
Set parameter FeasibilityTol to value 1e-08
Set parameter OptimalityTol to value 1e-08
Set parameter IntFeasTol to value 1e-08
Set parameter Seed to value 20260929
