
Gurobi 13.0.2 (win64) logging started Sun Oct  4 13:21:29 2026

Set parameter LogFile to value "docs/v42_m1_exact_dw_cg_root_resume/logs/RMP_0212.log"
Gurobi Optimizer version 13.0.2 build v13.0.2rc1 (win64 - Windows 11+.0 (26200.2))

CPU model: 13th Gen Intel(R) Core(TM) i7-13620H, instruction set [SSE2|AVX|AVX2]
Thread count: 10 physical cores, 16 logical processors, using up to 1 threads

Non-default parameters:
TimeLimit  300
FeasibilityTol  1e-08
IntFeasTol  1e-08
OptimalityTol  1e-08
Method  2
BarConvTol  1e-11
Crossover  1
PreDual  0
LogToConsole  0
Seed  20260929
Threads  1

Optimize a model with 679959 rows, 82061 columns and 7197771 nonzeros (Min)
Model has 1 linear objective coefficients
Coefficient statistics:
  Matrix range     [1e-13, 4e+02]
  Objective range  [1e+00, 1e+00]
  Bounds range     [1e+00, 1e+00]
  RHS range        [2e-24, 2e+03]
Warning: Model contains large matrix coefficient range
         Consider reformulating model or setting NumericFocus parameter
         to avoid numerical issues.

LP warm-start: discard basis
Presolve time: 2.01s
Presolved: 90587 rows, 27274 columns, 818780 nonzeros

Ordering time: 0.17s

Barrier statistics:
 Dense cols : 978
 AA' NZ     : 1.037e+06
 Factor NZ  : 1.756e+06 (roughly 60 MB of memory)
 Factor Ops : 2.465e+08 (less than 1 second per iteration)
 Threads    : 1

                  Objective                Residual
Iter       Primal          Dual         Primal    Dual     Compl     Time
   0   1.39562910e+02 -1.01653127e+05  2.04e+06 0.00e+00  1.79e+03     3s
   1   1.39524437e+02 -1.02892500e+05  2.04e+06 1.66e+01  1.79e+03     3s
   2   1.40980293e+02 -1.23185029e+05  2.02e+06 2.28e+01  1.75e+03     3s
   3   1.43295862e+02 -1.27777300e+05  1.98e+06 2.85e+01  1.73e+03     3s
   4   1.43553595e+02 -1.28128186e+05  1.98e+06 2.91e+01  1.72e+03     3s
   5   1.48308064e+02 -1.29179552e+05  1.91e+06 2.94e+01  1.69e+03     3s
   6   1.49027756e+02 -1.30313189e+05  1.90e+06 2.82e+01  1.68e+03     3s
   7   1.49049368e+02 -1.30395419e+05  1.89e+06 3.06e+01  1.68e+03     4s
   8   1.49349910e+02 -1.30559216e+05  1.89e+06 2.81e+01  1.68e+03     4s
   9   1.54701781e+02 -1.69040195e+05  1.81e+06 2.35e+01  1.62e+03     4s
  10   1.56363495e+02 -1.66694387e+05  1.78e+06 2.55e+01  1.59e+03     4s
  11   1.56455446e+02 -1.72058306e+05  1.78e+06 3.52e+01  1.59e+03     4s
  12   1.56809726e+02 -1.74651897e+05  1.78e+06 3.26e+01  1.58e+03     4s
  13   1.56844478e+02 -1.65849223e+05  1.77e+06 3.14e+01  1.56e+03     4s
  14   1.56887581e+02 -1.65620496e+05  1.77e+06 3.48e+01  1.55e+03     5s
  15   1.60485144e+02 -1.72414388e+05  1.73e+06 3.33e+01  1.53e+03     5s
  16   1.63025218e+02 -1.64523507e+05  1.69e+06 2.72e+01  1.47e+03     5s
  17   1.67169224e+02 -1.81819648e+05  1.63e+06 4.18e+01  1.41e+03     5s
  18   1.69864078e+02 -1.80456742e+05  1.59e+06 4.07e+01  1.39e+03     5s
  19   1.69859767e+02 -1.80349040e+05  1.59e+06 4.07e+01  1.39e+03     5s
  20   1.72379072e+02 -1.81549126e+05  1.55e+06 4.34e+01  1.35e+03     5s
  21   1.76550236e+02 -1.75231973e+05  1.49e+06 4.47e+01  1.30e+03     6s
  22   1.82430961e+02 -2.06035350e+05  1.40e+06 5.06e+01  1.23e+03     6s
  23   1.83846826e+02 -2.05753290e+05  1.37e+06 5.07e+01  1.21e+03     6s
  24   1.84548459e+02 -2.18398090e+05  1.35e+06 5.51e+01  1.18e+03     6s
  25   1.67850961e+02 -2.16049165e+05  1.28e+06 6.48e+01  1.12e+03     6s
  26   1.64202045e+02 -2.27381404e+05  1.25e+06 6.65e+01  1.09e+03     6s
  27   1.63029843e+02 -2.27948413e+05  1.24e+06 6.64e+01  1.08e+03     6s
  28   1.61653935e+02 -2.28467379e+05  1.23e+06 6.68e+01  1.07e+03     6s
  29   1.59881221e+02 -2.27104511e+05  1.21e+06 6.81e+01  1.05e+03     6s
  30   1.59786358e+02 -2.28464886e+05  1.21e+06 6.82e+01  1.04e+03     6s
  31   1.58655675e+02 -2.32097660e+05  1.20e+06 6.93e+01  1.03e+03     7s
  32   1.58585092e+02 -2.31312206e+05  1.20e+06 6.90e+01  1.03e+03     7s
  33   1.54286858e+02 -2.32396276e+05  1.16e+06 7.01e+01  9.94e+02     7s
  34   1.54286679e+02 -2.32587407e+05  1.16e+06 7.01e+01  9.92e+02     7s
  35   1.54283868e+02 -2.32338261e+05  1.16e+06 7.01e+01  9.93e+02     7s
  36   1.54277502e+02 -2.32714368e+05  1.16e+06 7.01e+01  9.92e+02     7s

Barrier performed 36 iterations in 7.17 seconds (6.65 work units)
Numerical trouble encountered

Model may be infeasible or unbounded.  Consider using the
homogeneous algorithm (through parameter 'BarHomogeneous')

Iteration    Objective       Primal Inf.    Dual Inf.      Time
       0    1.0000000e+00   3.021375e+05   1.970275e+10      8s
   11580    1.0000000e+00   6.260770e+02   1.722926e+08     10s
   13600    5.9771072e-01   0.000000e+00   5.520681e-03     15s
Crossover changed status from Numeric to Optimal
   13793    5.9767554e-01   0.000000e+00   0.000000e+00     16s

Solved in 13793 iterations and 16.31 seconds (22.87 work units)
Optimal objective  5.976755422e-01
Set parameter Threads to value 1
Set parameter Method to value 2
Set parameter Crossover to value 1
Set parameter TimeLimit to value 300
Set parameter FeasibilityTol to value 1e-08
Set parameter IntFeasTol to value 1e-08
Set parameter OptimalityTol to value 1e-08
Set parameter BarConvTol to value 1e-11
Set parameter PreDual to value 0
Set parameter Seed to value 20260929
