
Gurobi 13.0.2 (win64) logging started Sun Oct  4 13:25:27 2026

Set parameter LogFile to value "docs/v42_m1_exact_dw_cg_root_resume/logs/RMP_0222.log"
Gurobi Optimizer version 13.0.2 build v13.0.2rc1 (win64 - Windows 11+.0 (26200.2))

CPU model: 13th Gen Intel(R) Core(TM) i7-13620H, instruction set [SSE2|AVX|AVX2]
Thread count: 10 physical cores, 16 logical processors, using up to 1 threads

Non-default parameters:
TimeLimit  300
FeasibilityTol  1e-08
IntFeasTol  1e-08
OptimalityTol  1e-08
Method  2
BarConvTol  1e-11
Crossover  1
PreDual  0
LogToConsole  0
Seed  20260929
Threads  1

Optimize a model with 679959 rows, 82101 columns and 7199843 nonzeros (Min)
Model has 1 linear objective coefficients
Coefficient statistics:
  Matrix range     [1e-13, 4e+02]
  Objective range  [1e+00, 1e+00]
  Bounds range     [1e+00, 1e+00]
  RHS range        [2e-24, 2e+03]
Warning: Model contains large matrix coefficient range
         Consider reformulating model or setting NumericFocus parameter
         to avoid numerical issues.

LP warm-start: discard basis
Presolve time: 2.03s
Presolved: 91879 rows, 28117 columns, 836656 nonzeros

Ordering time: 0.19s

Barrier statistics:
 Dense cols : 1013
 AA' NZ     : 1.062e+06
 Factor NZ  : 1.861e+06 (roughly 70 MB of memory)
 Factor Ops : 3.153e+08 (less than 1 second per iteration)
 Threads    : 1

                  Objective                Residual
Iter       Primal          Dual         Primal    Dual     Compl     Time
   0   1.43219670e+02 -1.27011385e+05  2.10e+06 0.00e+00  1.83e+03     3s
   1   1.44646291e+02 -1.29951701e+05  2.07e+06 4.90e+01  1.81e+03     3s
   2   1.44862269e+02 -1.30666374e+05  2.07e+06 3.83e+01  1.81e+03     3s
   3   1.44863275e+02 -1.30653520e+05  2.07e+06 4.02e+01  1.81e+03     3s
   4   1.44967387e+02 -1.31161488e+05  2.07e+06 3.96e+01  1.80e+03     3s
   5   1.47687665e+02 -1.16505798e+05  2.03e+06 4.93e+01  1.78e+03     3s
   6   1.50662588e+02 -1.18190827e+05  1.99e+06 4.72e+01  1.75e+03     4s
   7   1.51627894e+02 -1.19587231e+05  1.97e+06 5.10e+01  1.75e+03     4s
   8   1.54137089e+02 -1.21920266e+05  1.94e+06 5.33e+01  1.72e+03     4s
   9   1.54825648e+02 -1.25224754e+05  1.92e+06 5.59e+01  1.71e+03     4s
  10   1.54744415e+02 -1.25216828e+05  1.92e+06 5.76e+01  1.71e+03     4s
  11   1.54927870e+02 -1.25388015e+05  1.92e+06 5.54e+01  1.71e+03     4s
  12   1.56962052e+02 -1.18043340e+05  1.89e+06 7.57e+01  1.65e+03     4s
  13   1.56955941e+02 -1.13994390e+05  1.89e+06 7.89e+01  1.65e+03     4s
  14   1.56957622e+02 -1.14015607e+05  1.89e+06 8.11e+01  1.65e+03     5s
  15   1.57493171e+02 -1.13244571e+05  1.88e+06 8.25e+01  1.64e+03     5s
  16   1.57664216e+02 -1.13709715e+05  1.88e+06 8.15e+01  1.63e+03     5s
  17   1.57833053e+02 -1.13707060e+05  1.88e+06 8.16e+01  1.63e+03     5s
  18   1.60506999e+02 -1.20085908e+05  1.84e+06 7.99e+01  1.60e+03     5s
  19   1.60504757e+02 -1.19806787e+05  1.84e+06 7.96e+01  1.60e+03     5s
  20   1.62370927e+02 -1.30511148e+05  1.81e+06 5.54e+01  1.57e+03     5s
  21   1.63446802e+02 -1.37190117e+05  1.79e+06 3.74e+01  1.53e+03     5s
  22   1.69541040e+02 -1.48133770e+05  1.70e+06 5.77e+01  1.48e+03     6s
  23   1.70172608e+02 -1.47626985e+05  1.69e+06 4.65e+01  1.47e+03     6s
  24   1.70579526e+02 -1.51527947e+05  1.68e+06 5.30e+01  1.46e+03     6s
  25   1.70746841e+02 -1.51534177e+05  1.68e+06 5.13e+01  1.45e+03     6s
  26   1.70798721e+02 -1.51368860e+05  1.68e+06 5.15e+01  1.44e+03     6s
  27   1.74484464e+02 -1.75847168e+05  1.62e+06 9.40e+01  1.39e+03     6s
  28   1.76297046e+02 -1.75276412e+05  1.60e+06 8.49e+01  1.37e+03     6s
  29   1.77772081e+02 -1.73978321e+05  1.57e+06 6.50e+01  1.35e+03     7s
  30   1.77777531e+02 -1.72633723e+05  1.57e+06 6.16e+01  1.35e+03     7s
  31   1.79037752e+02 -1.75989307e+05  1.55e+06 7.00e+01  1.33e+03     7s
  32   1.79083338e+02 -1.78542980e+05  1.55e+06 7.71e+01  1.32e+03     7s
  33   1.79106904e+02 -1.78580593e+05  1.55e+06 7.73e+01  1.32e+03     7s

Barrier performed 33 iterations in 7.10 seconds (6.86 work units)
Numerical trouble encountered

Model may be infeasible or unbounded.  Consider using the
homogeneous algorithm (through parameter 'BarHomogeneous')

Iteration    Objective       Primal Inf.    Dual Inf.      Time
       0    1.0000000e+00   3.101803e+05   1.998740e+10      8s
   11770    1.0000000e+00   1.178031e+03   5.991088e+08     10s
   13840    5.9577176e-01   0.000000e+00   9.118330e-01     15s
Crossover changed status from Numeric to Optimal
   14512    5.9506021e-01   0.000000e+00   0.000000e+00     18s

Solved in 14512 iterations and 18.05 seconds (25.67 work units)
Optimal objective  5.950602052e-01
Set parameter Threads to value 1
Set parameter Method to value 2
Set parameter Crossover to value 1
Set parameter TimeLimit to value 300
Set parameter FeasibilityTol to value 1e-08
Set parameter IntFeasTol to value 1e-08
Set parameter OptimalityTol to value 1e-08
Set parameter BarConvTol to value 1e-11
Set parameter PreDual to value 0
Set parameter Seed to value 20260929
