
Gurobi 13.0.2 (win64) logging started Sun Oct  4 13:23:12 2026

Set parameter LogFile to value "docs/v42_m1_exact_dw_cg_root_resume/logs/RMP_0216.log"
Gurobi Optimizer version 13.0.2 build v13.0.2rc1 (win64 - Windows 11+.0 (26200.2))

CPU model: 13th Gen Intel(R) Core(TM) i7-13620H, instruction set [SSE2|AVX|AVX2]
Thread count: 10 physical cores, 16 logical processors, using up to 1 threads

Non-default parameters:
TimeLimit  300
FeasibilityTol  1e-08
IntFeasTol  1e-08
OptimalityTol  1e-08
Method  2
BarConvTol  1e-11
Crossover  1
PreDual  0
LogToConsole  0
Seed  20260929
Threads  1

Optimize a model with 679959 rows, 82077 columns and 7198640 nonzeros (Min)
Model has 1 linear objective coefficients
Coefficient statistics:
  Matrix range     [1e-13, 4e+02]
  Objective range  [1e+00, 1e+00]
  Bounds range     [1e+00, 1e+00]
  RHS range        [2e-24, 2e+03]
Warning: Model contains large matrix coefficient range
         Consider reformulating model or setting NumericFocus parameter
         to avoid numerical issues.

LP warm-start: discard basis
Presolve time: 2.01s
Presolved: 91599 rows, 27921 columns, 831984 nonzeros

Ordering time: 0.09s

Barrier statistics:
 Dense cols : 1008
 AA' NZ     : 1.057e+06
 Factor NZ  : 1.848e+06 (roughly 70 MB of memory)
 Factor Ops : 3.101e+08 (less than 1 second per iteration)
 Threads    : 1

                  Objective                Residual
Iter       Primal          Dual         Primal    Dual     Compl     Time
   0   1.36490882e+02 -1.23911984e+05  2.00e+06 0.00e+00  1.75e+03     2s
   1   1.39447932e+02 -1.45275998e+05  1.95e+06 4.29e+01  1.69e+03     3s
   2   1.39678881e+02 -1.45716457e+05  1.95e+06 3.81e+01  1.69e+03     3s
   3   1.39634877e+02 -1.46143951e+05  1.95e+06 3.76e+01  1.68e+03     3s
   4   1.41613664e+02 -1.54933775e+05  1.92e+06 4.94e+01  1.65e+03     3s
   5   1.45383116e+02 -1.63351485e+05  1.86e+06 4.57e+01  1.61e+03     3s
   6   1.45388466e+02 -1.63378999e+05  1.86e+06 4.57e+01  1.61e+03     3s
   7   1.48349409e+02 -1.67416162e+05  1.81e+06 5.91e+01  1.57e+03     3s
   8   1.48414097e+02 -1.66988568e+05  1.81e+06 5.88e+01  1.57e+03     3s
   9   1.48781826e+02 -1.68656298e+05  1.81e+06 5.99e+01  1.56e+03     3s
  10   1.49137899e+02 -1.69432682e+05  1.80e+06 5.97e+01  1.56e+03     3s
  11   1.49251323e+02 -1.70333023e+05  1.80e+06 6.08e+01  1.56e+03     3s
  12   1.49248469e+02 -1.61451072e+05  1.80e+06 6.18e+01  1.55e+03     3s
  13   1.49260359e+02 -1.61808491e+05  1.80e+06 6.15e+01  1.54e+03     3s
  14   1.54928795e+02 -1.67221549e+05  1.71e+06 6.14e+01  1.49e+03     3s
  15   1.55683614e+02 -1.67417875e+05  1.70e+06 6.12e+01  1.47e+03     3s
  16   1.55738754e+02 -1.67555033e+05  1.70e+06 6.15e+01  1.47e+03     3s
  17   1.55806466e+02 -1.67414369e+05  1.70e+06 6.14e+01  1.47e+03     4s
  18   1.55788678e+02 -1.67744464e+05  1.70e+06 6.10e+01  1.46e+03     4s
  19   1.55862729e+02 -1.67754208e+05  1.70e+06 6.06e+01  1.45e+03     4s
  20   1.56070425e+02 -1.68292019e+05  1.70e+06 6.03e+01  1.45e+03     4s
  21   1.56149276e+02 -1.69113900e+05  1.70e+06 6.05e+01  1.44e+03     4s
  22   1.57625813e+02 -1.68988097e+05  1.67e+06 6.11e+01  1.43e+03     4s
  23   1.57779839e+02 -1.73354470e+05  1.67e+06 6.03e+01  1.42e+03     4s
  24   1.57782125e+02 -1.73369457e+05  1.67e+06 6.11e+01  1.42e+03     4s
  25   1.57927535e+02 -1.73200434e+05  1.67e+06 6.09e+01  1.42e+03     4s
  26   1.59085581e+02 -1.75850032e+05  1.65e+06 6.08e+01  1.40e+03     4s
  27   1.59247640e+02 -1.76506010e+05  1.65e+06 6.06e+01  1.40e+03     4s
  28   1.59245521e+02 -1.76263847e+05  1.65e+06 6.01e+01  1.39e+03     4s
  29   1.59521624e+02 -1.77271553e+05  1.65e+06 5.90e+01  1.39e+03     4s
  30   1.59499687e+02 -1.77803138e+05  1.64e+06 5.96e+01  1.39e+03     4s
  31   1.60898492e+02 -1.83052230e+05  1.62e+06 6.19e+01  1.37e+03     4s

Barrier performed 31 iterations in 4.38 seconds (6.83 work units)
Numerical trouble encountered

Model may be infeasible or unbounded.  Consider using the
homogeneous algorithm (through parameter 'BarHomogeneous')

Iteration    Objective       Primal Inf.    Dual Inf.      Time
       0    1.0000000e+00   3.055411e+05   1.994506e+10      5s
    9368    1.0000000e+00   6.251600e+04   1.012563e+09      5s
Crossover changed status from Numeric to Optimal
   13763    5.9588841e-01   0.000000e+00   0.000000e+00      9s

Solved in 13763 iterations and 9.24 seconds (22.05 work units)
Optimal objective  5.958884137e-01
Set parameter Threads to value 1
Set parameter Method to value 2
Set parameter Crossover to value 1
Set parameter TimeLimit to value 300
Set parameter FeasibilityTol to value 1e-08
Set parameter IntFeasTol to value 1e-08
Set parameter OptimalityTol to value 1e-08
Set parameter BarConvTol to value 1e-11
Set parameter PreDual to value 0
Set parameter Seed to value 20260929
