
Gurobi 13.0.2 (win64) logging started Sun Oct  4 13:24:34 2026

Set parameter LogFile to value "docs/v42_m1_exact_dw_cg_root_resume/logs/RMP_0220.log"
Gurobi Optimizer version 13.0.2 build v13.0.2rc1 (win64 - Windows 11+.0 (26200.2))

CPU model: 13th Gen Intel(R) Core(TM) i7-13620H, instruction set [SSE2|AVX|AVX2]
Thread count: 10 physical cores, 16 logical processors, using up to 1 threads

Non-default parameters:
TimeLimit  300
FeasibilityTol  1e-08
IntFeasTol  1e-08
OptimalityTol  1e-08
Method  2
BarConvTol  1e-11
Crossover  1
PreDual  0
LogToConsole  0
Seed  20260929
Threads  1

Optimize a model with 679959 rows, 82093 columns and 7199451 nonzeros (Min)
Model has 1 linear objective coefficients
Coefficient statistics:
  Matrix range     [1e-13, 4e+02]
  Objective range  [1e+00, 1e+00]
  Bounds range     [1e+00, 1e+00]
  RHS range        [2e-24, 2e+03]
Warning: Model contains large matrix coefficient range
         Consider reformulating model or setting NumericFocus parameter
         to avoid numerical issues.

LP warm-start: discard basis
Presolve time: 2.07s
Presolved: 91879 rows, 28109 columns, 836264 nonzeros

Ordering time: 0.17s

Barrier statistics:
 Dense cols : 1013
 AA' NZ     : 1.062e+06
 Factor NZ  : 1.862e+06 (roughly 70 MB of memory)
 Factor Ops : 3.153e+08 (less than 1 second per iteration)
 Threads    : 1

                  Objective                Residual
Iter       Primal          Dual         Primal    Dual     Compl     Time
   0   1.40861213e+02 -1.27011385e+05  2.06e+06 0.00e+00  1.80e+03     3s
   1   1.41261031e+02 -1.32815696e+05  2.06e+06 1.88e+01  1.80e+03     3s
   2   1.41810636e+02 -1.33352057e+05  2.05e+06 1.83e+01  1.79e+03     3s
   3   1.41862355e+02 -1.33305185e+05  2.05e+06 1.76e+01  1.79e+03     3s
   4   1.41858709e+02 -1.33456023e+05  2.05e+06 2.24e+01  1.79e+03     3s
   5   1.41867718e+02 -1.33456167e+05  2.05e+06 2.06e+01  1.79e+03     3s
   6   1.42200516e+02 -1.33814811e+05  2.05e+06 1.70e+01  1.79e+03     4s
   7   1.42204774e+02 -1.33908536e+05  2.05e+06 1.30e+01  1.79e+03     4s
   8   1.42274484e+02 -1.34162461e+05  2.04e+06 1.16e+01  1.78e+03     4s
   9   1.43808911e+02 -1.37725246e+05  2.02e+06 1.44e+01  1.77e+03     4s
  10   1.43981740e+02 -1.37645794e+05  2.02e+06 1.58e+01  1.77e+03     4s
  11   1.45105699e+02 -1.37114215e+05  2.00e+06 1.45e+01  1.76e+03     4s
  12   1.47018513e+02 -1.33821926e+05  1.97e+06 1.47e+01  1.73e+03     4s
  13   1.47121556e+02 -1.42496386e+05  1.97e+06 4.11e+01  1.70e+03     5s
  14   1.47105247e+02 -1.42365318e+05  1.97e+06 4.11e+01  1.70e+03     5s
  15   1.53387922e+02 -1.57992561e+05  1.87e+06 3.30e+01  1.65e+03     5s
  16   1.54233744e+02 -1.56493565e+05  1.86e+06 2.60e+01  1.62e+03     5s
  17   1.54479820e+02 -1.58397196e+05  1.85e+06 3.00e+01  1.62e+03     5s
  18   1.55775461e+02 -1.62958656e+05  1.83e+06 2.90e+01  1.60e+03     5s
  19   1.55784268e+02 -1.61198595e+05  1.83e+06 2.99e+01  1.59e+03     5s
  20   1.56060597e+02 -1.62470149e+05  1.83e+06 2.95e+01  1.58e+03     6s
  21   1.56290993e+02 -1.61885941e+05  1.82e+06 3.20e+01  1.57e+03     6s
  22   1.56362250e+02 -1.61640010e+05  1.82e+06 3.05e+01  1.57e+03     6s
  23   1.59190747e+02 -1.75274973e+05  1.78e+06 6.75e+01  1.51e+03     6s
  24   1.59488995e+02 -1.74780294e+05  1.78e+06 6.55e+01  1.50e+03     6s
  25   1.59629130e+02 -1.74615510e+05  1.77e+06 6.55e+01  1.50e+03     6s
  26   1.59672496e+02 -1.73981273e+05  1.77e+06 6.65e+01  1.49e+03     6s
  27   1.59674420e+02 -1.74013943e+05  1.77e+06 6.64e+01  1.49e+03     7s
  28   1.59687503e+02 -1.74759177e+05  1.77e+06 6.65e+01  1.49e+03     7s

Barrier performed 28 iterations in 6.75 seconds (6.58 work units)
Numerical trouble encountered

Model may be infeasible or unbounded.  Consider using the
homogeneous algorithm (through parameter 'BarHomogeneous')

Iteration    Objective       Primal Inf.    Dual Inf.      Time
       0    1.0000000e+00   3.105247e+05   2.005357e+10      7s
   12022    1.0000000e+00   2.869209e+02   3.257539e+08     10s
Crossover changed status from Numeric to Optimal
   13950    5.9532324e-01   0.000000e+00   0.000000e+00     16s

Solved in 13950 iterations and 15.73 seconds (22.52 work units)
Optimal objective  5.953232368e-01
Set parameter Threads to value 1
Set parameter Method to value 2
Set parameter Crossover to value 1
Set parameter TimeLimit to value 300
Set parameter FeasibilityTol to value 1e-08
Set parameter IntFeasTol to value 1e-08
Set parameter OptimalityTol to value 1e-08
Set parameter BarConvTol to value 1e-11
Set parameter PreDual to value 0
Set parameter Seed to value 20260929
