
Gurobi 13.0.2 (win64) logging started Sun Oct  4 13:25:55 2026

Set parameter LogFile to value "docs/v42_m1_exact_dw_cg_root_resume/logs/RMP_0223.log"
Gurobi Optimizer version 13.0.2 build v13.0.2rc1 (win64 - Windows 11+.0 (26200.2))

CPU model: 13th Gen Intel(R) Core(TM) i7-13620H, instruction set [SSE2|AVX|AVX2]
Thread count: 10 physical cores, 16 logical processors, using up to 1 threads

Non-default parameters:
TimeLimit  300
FeasibilityTol  1e-08
IntFeasTol  1e-08
OptimalityTol  1e-08
Method  2
BarConvTol  1e-11
Crossover  1
PreDual  0
LogToConsole  0
Seed  20260929
Threads  1

Optimize a model with 679959 rows, 82105 columns and 7200049 nonzeros (Min)
Model has 1 linear objective coefficients
Coefficient statistics:
  Matrix range     [1e-13, 4e+02]
  Objective range  [1e+00, 1e+00]
  Bounds range     [1e+00, 1e+00]
  RHS range        [2e-24, 2e+03]
Warning: Model contains large matrix coefficient range
         Consider reformulating model or setting NumericFocus parameter
         to avoid numerical issues.

LP warm-start: discard basis
Presolve time: 2.11s
Presolved: 91819 rows, 28095 columns, 835838 nonzeros

Ordering time: 0.20s

Barrier statistics:
 Dense cols : 1014
 AA' NZ     : 1.061e+06
 Factor NZ  : 1.861e+06 (roughly 70 MB of memory)
 Factor Ops : 3.162e+08 (less than 1 second per iteration)
 Threads    : 1

                  Objective                Residual
Iter       Primal          Dual         Primal    Dual     Compl     Time
   0   1.44282077e+02 -1.27020815e+05  2.11e+06 0.00e+00  1.85e+03     3s
   1   1.46629601e+02 -1.46973611e+05  2.08e+06 6.62e+01  1.80e+03     3s
   2   1.46664613e+02 -1.46840270e+05  2.08e+06 5.27e+01  1.80e+03     3s
   3   1.46691260e+02 -1.46576122e+05  2.08e+06 4.56e+01  1.80e+03     3s
   4   1.47578531e+02 -1.48068611e+05  2.06e+06 5.12e+01  1.79e+03     3s
   5   1.47582681e+02 -1.48033695e+05  2.06e+06 4.75e+01  1.79e+03     3s
   6   1.47962370e+02 -1.49279603e+05  2.06e+06 5.56e+01  1.78e+03     4s
   7   1.47966116e+02 -1.49220993e+05  2.06e+06 5.14e+01  1.78e+03     4s
   8   1.48117312e+02 -1.49744808e+05  2.05e+06 4.70e+01  1.78e+03     4s
   9   1.49116069e+02 -1.50217780e+05  2.04e+06 5.00e+01  1.77e+03     4s
  10   1.49110091e+02 -1.50305761e+05  2.04e+06 4.36e+01  1.77e+03     4s
  11   1.51021939e+02 -1.50590216e+05  2.01e+06 4.34e+01  1.76e+03     4s
  12   1.51051471e+02 -1.40334797e+05  2.01e+06 3.71e+01  1.75e+03     4s
  13   1.51877453e+02 -1.40930642e+05  2.00e+06 3.72e+01  1.73e+03     4s
  14   1.51872104e+02 -1.40659294e+05  2.00e+06 3.75e+01  1.73e+03     4s
  15   1.53237668e+02 -1.40294284e+05  1.98e+06 3.96e+01  1.71e+03     5s
  16   1.53507124e+02 -1.39716743e+05  1.97e+06 6.10e+01  1.70e+03     5s
  17   1.53490472e+02 -1.39788174e+05  1.97e+06 6.53e+01  1.69e+03     5s
  18   1.57088668e+02 -1.38145928e+05  1.92e+06 4.88e+01  1.66e+03     5s
  19   1.57483823e+02 -1.38372894e+05  1.91e+06 5.52e+01  1.65e+03     5s
  20   1.57484532e+02 -1.38286120e+05  1.91e+06 5.15e+01  1.65e+03     5s
  21   1.58600327e+02 -1.38513517e+05  1.89e+06 5.06e+01  1.63e+03     5s
  22   1.58551874e+02 -1.38440868e+05  1.89e+06 4.93e+01  1.63e+03     5s
  23   1.59424565e+02 -1.41464116e+05  1.88e+06 5.49e+01  1.61e+03     6s
  24   1.59414992e+02 -1.40951483e+05  1.88e+06 5.36e+01  1.61e+03     6s
  25   1.59428967e+02 -1.40825466e+05  1.88e+06 5.51e+01  1.61e+03     6s
  26   1.59747023e+02 -1.40241818e+05  1.88e+06 5.88e+01  1.60e+03     6s
  27   1.59743340e+02 -1.40143597e+05  1.88e+06 5.51e+01  1.60e+03     6s
  28   1.61020565e+02 -1.47463317e+05  1.86e+06 6.81e+01  1.58e+03     6s
  29   1.61054702e+02 -1.47341375e+05  1.86e+06 6.73e+01  1.58e+03     6s
  30   1.61068294e+02 -1.47255873e+05  1.86e+06 6.46e+01  1.58e+03     7s
  31   1.61181413e+02 -1.47202777e+05  1.85e+06 6.24e+01  1.58e+03     7s

Barrier performed 31 iterations in 6.79 seconds (6.78 work units)
Numerical trouble encountered

Model may be infeasible or unbounded.  Consider using the
homogeneous algorithm (through parameter 'BarHomogeneous')

Iteration    Objective       Primal Inf.    Dual Inf.      Time
       0    1.0000000e+00   3.112351e+05   1.985208e+10      8s
   11863    1.0000000e+00   8.472370e+02   4.608678e+08     10s
   13824    5.9585873e-01   0.000000e+00   8.009051e+00     15s
Crossover changed status from Numeric to Optimal
   14172    5.9502396e-01   0.000000e+00   0.000000e+00     17s

Solved in 14172 iterations and 17.25 seconds (24.42 work units)
Optimal objective  5.950239561e-01
Set parameter Threads to value 1
Set parameter Method to value 2
Set parameter Crossover to value 1
Set parameter TimeLimit to value 300
Set parameter FeasibilityTol to value 1e-08
Set parameter IntFeasTol to value 1e-08
Set parameter OptimalityTol to value 1e-08
Set parameter BarConvTol to value 1e-11
Set parameter PreDual to value 0
Set parameter Seed to value 20260929
