
Gurobi 13.0.2 (win64) logging started Sun Oct  4 13:22:46 2026

Set parameter LogFile to value "docs/v42_m1_exact_dw_cg_root_resume/logs/RMP_0215.log"
Gurobi Optimizer version 13.0.2 build v13.0.2rc1 (win64 - Windows 11+.0 (26200.2))

CPU model: 13th Gen Intel(R) Core(TM) i7-13620H, instruction set [SSE2|AVX|AVX2]
Thread count: 10 physical cores, 16 logical processors, using up to 1 threads

Non-default parameters:
TimeLimit  300
FeasibilityTol  1e-08
IntFeasTol  1e-08
OptimalityTol  1e-08
Method  2
BarConvTol  1e-11
Crossover  1
PreDual  0
LogToConsole  0
Seed  20260929
Threads  1

Optimize a model with 679959 rows, 82073 columns and 7198438 nonzeros (Min)
Model has 1 linear objective coefficients
Coefficient statistics:
  Matrix range     [1e-13, 4e+02]
  Objective range  [1e+00, 1e+00]
  Bounds range     [1e+00, 1e+00]
  RHS range        [2e-24, 2e+03]
Warning: Model contains large matrix coefficient range
         Consider reformulating model or setting NumericFocus parameter
         to avoid numerical issues.

LP warm-start: discard basis
Presolve time: 2.24s
Presolved: 91525 rows, 27861 columns, 830560 nonzeros

Ordering time: 0.20s

Barrier statistics:
 Dense cols : 1006
 AA' NZ     : 1.055e+06
 Factor NZ  : 1.846e+06 (roughly 60 MB of memory)
 Factor Ops : 3.082e+08 (less than 1 second per iteration)
 Threads    : 1

                  Objective                Residual
Iter       Primal          Dual         Primal    Dual     Compl     Time
   0   1.51650686e+02 -1.21332156e+05  2.22e+06 0.00e+00  1.94e+03     3s
   1   1.52499498e+02 -1.25001177e+05  2.21e+06 1.45e+01  1.93e+03     3s
   2   1.53832829e+02 -1.28046477e+05  2.19e+06 4.29e+01  1.91e+03     3s
   3   1.53881839e+02 -1.29279373e+05  2.19e+06 3.69e+01  1.90e+03     3s
   4   1.53906400e+02 -1.29276911e+05  2.19e+06 3.84e+01  1.90e+03     3s
   5   1.54029797e+02 -1.29686095e+05  2.19e+06 4.63e+01  1.90e+03     4s
   6   1.57676646e+02 -1.75191304e+05  2.13e+06 5.25e+01  1.84e+03     4s
   7   1.57680244e+02 -1.76123752e+05  2.13e+06 5.20e+01  1.84e+03     4s
   8   1.59987021e+02 -1.75297723e+05  2.09e+06 5.20e+01  1.83e+03     4s
   9   1.60924326e+02 -1.87322229e+05  2.08e+06 5.49e+01  1.81e+03     4s
  10   1.60911247e+02 -1.88511428e+05  2.08e+06 5.60e+01  1.81e+03     4s
  11   1.64354897e+02 -1.85415340e+05  2.02e+06 5.59e+01  1.78e+03     4s
  12   1.64996105e+02 -1.78455142e+05  2.01e+06 5.51e+01  1.76e+03     5s
  13   1.64994127e+02 -1.78640530e+05  2.01e+06 5.24e+01  1.76e+03     5s
  14   1.65317052e+02 -1.79729766e+05  2.01e+06 5.24e+01  1.75e+03     5s
  15   1.65324682e+02 -1.82142652e+05  2.01e+06 6.45e+01  1.74e+03     5s
  16   1.65291622e+02 -1.85379669e+05  2.01e+06 9.15e+01  1.73e+03     5s
  17   1.70294434e+02 -1.79422177e+05  1.93e+06 6.70e+01  1.67e+03     5s
  18   1.72509051e+02 -1.80581837e+05  1.90e+06 6.11e+01  1.64e+03     5s
  19   1.74082057e+02 -1.99081815e+05  1.88e+06 7.25e+01  1.60e+03     5s
  20   1.77394947e+02 -2.01436354e+05  1.83e+06 7.14e+01  1.56e+03     6s
  21   1.77450836e+02 -2.01370502e+05  1.83e+06 7.14e+01  1.56e+03     6s
  22   1.77739015e+02 -2.02493282e+05  1.82e+06 7.42e+01  1.55e+03     6s
  23   1.78002699e+02 -2.05068298e+05  1.82e+06 8.18e+01  1.53e+03     6s
  24   1.78019322e+02 -2.04053504e+05  1.82e+06 7.96e+01  1.53e+03     6s
  25   1.78103336e+02 -2.04006660e+05  1.82e+06 7.78e+01  1.53e+03     6s
  26   1.78490505e+02 -2.04329471e+05  1.81e+06 8.39e+01  1.52e+03     6s
  27   1.79484826e+02 -2.04031648e+05  1.80e+06 7.92e+01  1.51e+03     6s
  28   1.79479515e+02 -2.02971543e+05  1.80e+06 8.10e+01  1.50e+03     7s
  29   1.79560022e+02 -2.02898547e+05  1.80e+06 7.91e+01  1.50e+03     7s
  30   1.80476147e+02 -2.04342921e+05  1.78e+06 7.71e+01  1.49e+03     7s
  31   1.82430636e+02 -2.04473012e+05  1.75e+06 7.69e+01  1.47e+03     7s

Barrier performed 31 iterations in 7.02 seconds (6.67 work units)
Numerical trouble encountered

Model may be infeasible or unbounded.  Consider using the
homogeneous algorithm (through parameter 'BarHomogeneous')

Iteration    Objective       Primal Inf.    Dual Inf.      Time
       0    1.0000000e+00   3.047501e+05   1.990697e+10      8s
   11637    9.9208146e-01   4.559453e+02   4.010370e+08     10s
Crossover changed status from Numeric to Optimal
   13715    5.9621371e-01   0.000000e+00   0.000000e+00     16s

Solved in 13715 iterations and 15.66 seconds (22.13 work units)
Optimal objective  5.962137062e-01
Set parameter Threads to value 1
Set parameter Method to value 2
Set parameter Crossover to value 1
Set parameter TimeLimit to value 300
Set parameter FeasibilityTol to value 1e-08
Set parameter IntFeasTol to value 1e-08
Set parameter OptimalityTol to value 1e-08
Set parameter BarConvTol to value 1e-11
Set parameter PreDual to value 0
Set parameter Seed to value 20260929
