
Gurobi 13.0.2 (win64) logging started Sun Oct  4 13:27:43 2026

Set parameter LogFile to value "docs/v42_m1_exact_dw_cg_root_resume/logs/RMP_0227.log"
Gurobi Optimizer version 13.0.2 build v13.0.2rc1 (win64 - Windows 11+.0 (26200.2))

CPU model: 13th Gen Intel(R) Core(TM) i7-13620H, instruction set [SSE2|AVX|AVX2]
Thread count: 10 physical cores, 16 logical processors, using up to 1 threads

Non-default parameters:
TimeLimit  300
FeasibilityTol  1e-08
IntFeasTol  1e-08
OptimalityTol  1e-08
Method  2
BarConvTol  1e-11
Crossover  1
PreDual  0
LogToConsole  0
Seed  20260929
Threads  1

Optimize a model with 679959 rows, 82121 columns and 7200900 nonzeros (Min)
Model has 1 linear objective coefficients
Coefficient statistics:
  Matrix range     [1e-13, 4e+02]
  Objective range  [1e+00, 1e+00]
  Bounds range     [1e+00, 1e+00]
  RHS range        [2e-24, 2e+03]
Warning: Model contains large matrix coefficient range
         Consider reformulating model or setting NumericFocus parameter
         to avoid numerical issues.

LP warm-start: discard basis
Presolve time: 2.22s
Presolved: 91825 rows, 28112 columns, 836705 nonzeros

Ordering time: 0.19s

Barrier statistics:
 Dense cols : 1014
 AA' NZ     : 1.061e+06
 Factor NZ  : 1.857e+06 (roughly 70 MB of memory)
 Factor Ops : 3.099e+08 (less than 1 second per iteration)
 Threads    : 1

                  Objective                Residual
Iter       Primal          Dual         Primal    Dual     Compl     Time
   0   1.47832900e+02 -1.27039524e+05  2.17e+06 0.00e+00  1.89e+03     3s
   1   1.49140355e+02 -1.30657484e+05  2.15e+06 2.50e+01  1.86e+03     3s
   2   1.49370638e+02 -1.30929178e+05  2.14e+06 3.89e+01  1.86e+03     3s
   3   1.52301824e+02 -1.51311843e+05  2.10e+06 3.90e+01  1.81e+03     3s
   4   1.54051011e+02 -1.67887961e+05  2.07e+06 4.58e+01  1.78e+03     3s
   5   1.61838174e+02 -2.00289776e+05  1.95e+06 3.85e+01  1.70e+03     3s
   6   1.62893409e+02 -2.01222871e+05  1.93e+06 3.99e+01  1.69e+03     4s
   7   1.63910844e+02 -2.07945930e+05  1.92e+06 4.71e+01  1.67e+03     4s
   8   1.65898159e+02 -2.06438513e+05  1.88e+06 4.73e+01  1.65e+03     4s
   9   1.66011196e+02 -2.09226598e+05  1.88e+06 5.02e+01  1.65e+03     4s
  10   1.68960780e+02 -2.23944476e+05  1.84e+06 5.31e+01  1.60e+03     4s
  11   1.71856482e+02 -2.21149199e+05  1.79e+06 4.98e+01  1.58e+03     4s
  12   1.72069136e+02 -2.21215835e+05  1.79e+06 5.03e+01  1.57e+03     4s
  13   1.72787769e+02 -2.35234748e+05  1.78e+06 5.85e+01  1.55e+03     4s
  14   1.72802477e+02 -2.21762103e+05  1.78e+06 5.85e+01  1.53e+03     4s
  15   1.73836742e+02 -2.27665075e+05  1.76e+06 5.51e+01  1.52e+03     4s
  16   1.73885697e+02 -2.28914109e+05  1.76e+06 5.35e+01  1.52e+03     5s
  17   1.75421646e+02 -2.38361828e+05  1.74e+06 4.68e+01  1.49e+03     5s
  18   1.75977093e+02 -2.36546088e+05  1.73e+06 4.34e+01  1.48e+03     5s
  19   1.75979783e+02 -2.36622879e+05  1.73e+06 4.35e+01  1.48e+03     5s
  20   1.77987935e+02 -2.37902133e+05  1.70e+06 4.45e+01  1.46e+03     5s
  21   1.78016726e+02 -2.37472651e+05  1.70e+06 4.40e+01  1.45e+03     5s
  22   1.78128595e+02 -2.40754087e+05  1.70e+06 4.66e+01  1.45e+03     5s
  23   1.78143504e+02 -2.39887310e+05  1.70e+06 4.44e+01  1.45e+03     5s
  24   1.78160634e+02 -2.40035093e+05  1.70e+06 4.45e+01  1.45e+03     5s
  25   1.78229386e+02 -2.40074855e+05  1.70e+06 4.47e+01  1.44e+03     6s

Barrier performed 25 iterations in 5.61 seconds (5.98 work units)
Numerical trouble encountered

Model may be infeasible or unbounded.  Consider using the
homogeneous algorithm (through parameter 'BarHomogeneous')

Iteration    Objective       Primal Inf.    Dual Inf.      Time
       0    1.0000000e+00   3.113803e+05   1.990629e+10      6s
   12168    7.4600710e-01   8.778829e+01   1.366532e+08     10s
Crossover changed status from Numeric to Optimal
   14018    5.9485852e-01   0.000000e+00   0.000000e+00     15s

Solved in 14018 iterations and 14.57 seconds (22.45 work units)
Optimal objective  5.948585171e-01
Set parameter Threads to value 1
Set parameter Method to value 2
Set parameter Crossover to value 1
Set parameter TimeLimit to value 300
Set parameter FeasibilityTol to value 1e-08
Set parameter IntFeasTol to value 1e-08
Set parameter OptimalityTol to value 1e-08
Set parameter BarConvTol to value 1e-11
Set parameter PreDual to value 0
Set parameter Seed to value 20260929
