
Gurobi 13.0.2 (win64) logging started Sun Oct  4 13:40:15 2026

Set parameter LogFile to value "docs/v42_m1_exact_dw_cg_root_resume/logs/RMP_0256.log"
Gurobi Optimizer version 13.0.2 build v13.0.2rc1 (win64 - Windows 11+.0 (26200.2))

CPU model: 13th Gen Intel(R) Core(TM) i7-13620H, instruction set [SSE2|AVX|AVX2]
Thread count: 10 physical cores, 16 logical processors, using up to 1 threads

Non-default parameters:
TimeLimit  2.0624052569997730e+02
FeasibilityTol  1e-08
IntFeasTol  1e-08
OptimalityTol  1e-08
Method  2
BarConvTol  1e-11
Crossover  1
PreDual  0
LogToConsole  0
Seed  20260929
Threads  1

Optimize a model with 679959 rows, 82237 columns and 7207476 nonzeros (Min)
Model has 1 linear objective coefficients
Coefficient statistics:
  Matrix range     [1e-13, 4e+02]
  Objective range  [1e+00, 1e+00]
  Bounds range     [1e+00, 1e+00]
  RHS range        [2e-24, 2e+03]
Warning: Model contains large matrix coefficient range
         Consider reformulating model or setting NumericFocus parameter
         to avoid numerical issues.

LP warm-start: discard basis
Presolve time: 2.13s
Presolved: 93398 rows, 28866 columns, 861858 nonzeros

Ordering time: 0.21s

Barrier statistics:
 Dense cols : 1034
 AA' NZ     : 1.089e+06
 Factor NZ  : 1.953e+06 (roughly 70 MB of memory)
 Factor Ops : 3.785e+08 (less than 1 second per iteration)
 Threads    : 1

                  Objective                Residual
Iter       Primal          Dual         Primal    Dual     Compl     Time
   0   1.46963775e+02 -1.38655083e+05  2.15e+06 0.00e+00  1.88e+03     3s
   1   1.47514146e+02 -1.37382491e+05  2.14e+06 3.05e+01  1.87e+03     3s
   2   1.47703629e+02 -1.37545080e+05  2.14e+06 3.08e+01  1.87e+03     3s
   3   1.58932951e+02 -1.47942192e+05  2.00e+06 2.13e+01  1.78e+03     3s
   4   1.58964453e+02 -1.48143262e+05  2.00e+06 2.08e+01  1.77e+03     4s
   5   1.58963795e+02 -1.48145459e+05  2.00e+06 2.16e+01  1.77e+03     4s
   6   1.58981340e+02 -1.48644493e+05  2.00e+06 2.11e+01  1.77e+03     4s
   7   1.58979865e+02 -1.48641824e+05  2.00e+06 2.08e+01  1.77e+03     4s
   8   1.58962473e+02 -1.48821674e+05  2.00e+06 2.24e+01  1.77e+03     4s
   9   1.59015439e+02 -1.48873100e+05  2.00e+06 2.28e+01  1.77e+03     4s
  10   1.59070847e+02 -1.49651390e+05  1.99e+06 5.13e+01  1.77e+03     4s
  11   1.59042265e+02 -1.49609868e+05  1.99e+06 5.17e+01  1.77e+03     5s
  12   1.59109634e+02 -1.36955012e+05  1.99e+06 5.15e+01  1.75e+03     5s
  13   1.59997194e+02 -1.35253479e+05  1.98e+06 5.01e+01  1.73e+03     5s
  14   1.60760664e+02 -1.35059074e+05  1.97e+06 4.81e+01  1.72e+03     5s
  15   1.60756947e+02 -1.35201402e+05  1.97e+06 5.70e+01  1.72e+03     5s
  16   1.60771093e+02 -1.35035063e+05  1.97e+06 5.50e+01  1.71e+03     5s
  17   1.60732461e+02 -1.35542486e+05  1.97e+06 6.85e+01  1.70e+03     5s
  18   1.61048043e+02 -1.35852284e+05  1.96e+06 6.72e+01  1.70e+03     6s
  19   1.61096367e+02 -1.34574638e+05  1.96e+06 5.07e+01  1.69e+03     6s
  20   1.61109890e+02 -1.34697942e+05  1.96e+06 5.50e+01  1.69e+03     6s
  21   1.61338256e+02 -1.34278651e+05  1.96e+06 3.52e+01  1.69e+03     6s
  22   1.62640187e+02 -1.43819278e+05  1.94e+06 5.83e+01  1.66e+03     6s
  23   1.62648243e+02 -1.43124454e+05  1.94e+06 5.80e+01  1.66e+03     6s
  24   1.62777308e+02 -1.43185658e+05  1.93e+06 5.79e+01  1.66e+03     6s
  25   1.63084758e+02 -1.43141733e+05  1.93e+06 5.79e+01  1.65e+03     7s
  26   1.68449218e+02 -1.44166173e+05  1.85e+06 5.49e+01  1.61e+03     7s
  27   1.68737874e+02 -1.44932244e+05  1.84e+06 5.54e+01  1.60e+03     7s
  28   1.68748255e+02 -1.45061528e+05  1.84e+06 5.77e+01  1.60e+03     7s
  29   1.68761213e+02 -1.45006875e+05  1.84e+06 5.37e+01  1.59e+03     7s
  30   1.68801352e+02 -1.44935828e+05  1.84e+06 5.23e+01  1.59e+03     7s
  31   1.68794830e+02 -1.45157702e+05  1.84e+06 5.35e+01  1.58e+03     8s

Barrier performed 31 iterations in 7.56 seconds (6.71 work units)
Numerical trouble encountered

Model may be infeasible or unbounded.  Consider using the
homogeneous algorithm (through parameter 'BarHomogeneous')

Iteration    Objective       Primal Inf.    Dual Inf.      Time
       0    1.0000000e+00   3.151454e+05   2.054792e+10      8s
   11924    1.0000000e+00   1.657897e+03   2.872608e+09     10s
   13824    5.9717454e-01   0.000000e+00   1.922022e-01     15s
Crossover changed status from Numeric to Optimal
   15367    5.9310589e-01   0.000000e+00   0.000000e+00     20s

Solved in 15367 iterations and 19.73 seconds (28.56 work units)
Optimal objective  5.931058918e-01
Set parameter Threads to value 1
Set parameter Method to value 2
Set parameter Crossover to value 1
Set parameter TimeLimit to value 1.7665896449994761e+02
Set parameter FeasibilityTol to value 1e-08
Set parameter IntFeasTol to value 1e-08
Set parameter OptimalityTol to value 1e-08
Set parameter BarConvTol to value 1e-11
Set parameter PreDual to value 0
Set parameter Seed to value 20260929
