
Gurobi 13.0.2 (win64) logging started Sun Oct  4 13:24:09 2026

Set parameter LogFile to value "docs/v42_m1_exact_dw_cg_root_resume/logs/RMP_0219.log"
Gurobi Optimizer version 13.0.2 build v13.0.2rc1 (win64 - Windows 11+.0 (26200.2))

CPU model: 13th Gen Intel(R) Core(TM) i7-13620H, instruction set [SSE2|AVX|AVX2]
Thread count: 10 physical cores, 16 logical processors, using up to 1 threads

Non-default parameters:
TimeLimit  300
FeasibilityTol  1e-08
IntFeasTol  1e-08
OptimalityTol  1e-08
Method  2
BarConvTol  1e-11
Crossover  1
PreDual  0
LogToConsole  0
Seed  20260929
Threads  1

Optimize a model with 679959 rows, 82089 columns and 7199238 nonzeros (Min)
Model has 1 linear objective coefficients
Coefficient statistics:
  Matrix range     [1e-13, 4e+02]
  Objective range  [1e+00, 1e+00]
  Bounds range     [1e+00, 1e+00]
  RHS range        [2e-24, 2e+03]
Warning: Model contains large matrix coefficient range
         Consider reformulating model or setting NumericFocus parameter
         to avoid numerical issues.

LP warm-start: discard basis
Presolve time: 2.00s
Presolved: 91864 rows, 28103 columns, 835559 nonzeros

Ordering time: 0.21s

Barrier statistics:
 Dense cols : 1012
 AA' NZ     : 1.061e+06
 Factor NZ  : 1.859e+06 (roughly 70 MB of memory)
 Factor Ops : 3.143e+08 (less than 1 second per iteration)
 Threads    : 1

                  Objective                Residual
Iter       Primal          Dual         Primal    Dual     Compl     Time
   0   1.42232013e+02 -1.24392126e+05  2.08e+06 0.00e+00  1.82e+03     3s
   1   1.42335812e+02 -1.25998433e+05  2.08e+06 1.47e+01  1.82e+03     3s
   2   1.44822556e+02 -1.22188389e+05  2.04e+06 1.45e+01  1.79e+03     3s
   3   1.45763613e+02 -1.25151502e+05  2.03e+06 4.35e+01  1.77e+03     3s
   4   1.47084460e+02 -1.31699376e+05  2.01e+06 4.32e+01  1.75e+03     3s
   5   1.47334925e+02 -1.31798228e+05  2.00e+06 4.32e+01  1.75e+03     3s
   6   1.47619031e+02 -1.33761416e+05  2.00e+06 4.22e+01  1.74e+03     4s
   7   1.47649877e+02 -1.34488388e+05  2.00e+06 4.19e+01  1.74e+03     4s
   8   1.52774705e+02 -1.40287475e+05  1.92e+06 3.66e+01  1.70e+03     4s
   9   1.55718528e+02 -1.43897610e+05  1.87e+06 3.17e+01  1.68e+03     4s
  10   1.55752396e+02 -1.43899875e+05  1.87e+06 3.10e+01  1.68e+03     4s
  11   1.55943192e+02 -1.44103611e+05  1.87e+06 2.85e+01  1.67e+03     4s
  12   1.56231821e+02 -1.40532424e+05  1.87e+06 3.05e+01  1.64e+03     4s
  13   1.56234947e+02 -1.40320202e+05  1.87e+06 3.16e+01  1.63e+03     5s
  14   1.56551483e+02 -1.40381235e+05  1.86e+06 3.02e+01  1.63e+03     5s
  15   1.56653416e+02 -1.40615186e+05  1.86e+06 2.88e+01  1.62e+03     5s
  16   1.56861204e+02 -1.42270917e+05  1.86e+06 3.20e+01  1.61e+03     5s
  17   1.56861069e+02 -1.42454728e+05  1.86e+06 3.26e+01  1.60e+03     5s
  18   1.57542761e+02 -1.47033218e+05  1.85e+06 3.12e+01  1.59e+03     5s
  19   1.57545457e+02 -1.47015430e+05  1.85e+06 3.40e+01  1.59e+03     5s
  20   1.59271288e+02 -1.46605310e+05  1.82e+06 3.59e+01  1.57e+03     5s
  21   1.59413224e+02 -1.46130716e+05  1.82e+06 3.42e+01  1.57e+03     6s
  22   1.59431743e+02 -1.46742553e+05  1.82e+06 3.83e+01  1.56e+03     6s
  23   1.59636949e+02 -1.46639863e+05  1.81e+06 3.50e+01  1.56e+03     6s
  24   1.59648100e+02 -1.45816626e+05  1.81e+06 3.51e+01  1.56e+03     6s
  25   1.59771876e+02 -1.45548308e+05  1.81e+06 2.99e+01  1.56e+03     6s

Barrier performed 25 iterations in 6.04 seconds (6.16 work units)
Numerical trouble encountered

Model may be infeasible or unbounded.  Consider using the
homogeneous algorithm (through parameter 'BarHomogeneous')

Iteration    Objective       Primal Inf.    Dual Inf.      Time
       0    1.0000000e+00   3.096209e+05   2.007110e+10      7s
   12286    1.0000000e+00   1.977849e+02   1.589016e+08     10s
   14276    5.9541818e-01   0.000000e+00   2.116959e-02     15s
Crossover changed status from Numeric to Optimal
   14352    5.9539705e-01   0.000000e+00   0.000000e+00     16s

Solved in 14352 iterations and 16.21 seconds (23.78 work units)
Optimal objective  5.953970499e-01
Set parameter Threads to value 1
Set parameter Method to value 2
Set parameter Crossover to value 1
Set parameter TimeLimit to value 300
Set parameter FeasibilityTol to value 1e-08
Set parameter IntFeasTol to value 1e-08
Set parameter OptimalityTol to value 1e-08
Set parameter BarConvTol to value 1e-11
Set parameter PreDual to value 0
Set parameter Seed to value 20260929
