
Gurobi 13.0.2 (win64) logging started Sun Oct  4 13:31:52 2026

Set parameter LogFile to value "docs/v42_m1_exact_dw_cg_root_resume/logs/RMP_0237.log"
Gurobi Optimizer version 13.0.2 build v13.0.2rc1 (win64 - Windows 11+.0 (26200.2))

CPU model: 13th Gen Intel(R) Core(TM) i7-13620H, instruction set [SSE2|AVX|AVX2]
Thread count: 10 physical cores, 16 logical processors, using up to 1 threads

Non-default parameters:
TimeLimit  300
FeasibilityTol  1e-08
IntFeasTol  1e-08
OptimalityTol  1e-08
Method  2
BarConvTol  1e-11
Crossover  1
PreDual  0
LogToConsole  0
Seed  20260929
Threads  1

Optimize a model with 679959 rows, 82161 columns and 7203155 nonzeros (Min)
Model has 1 linear objective coefficients
Coefficient statistics:
  Matrix range     [1e-13, 4e+02]
  Objective range  [1e+00, 1e+00]
  Bounds range     [1e+00, 1e+00]
  RHS range        [2e-24, 2e+03]
Warning: Model contains large matrix coefficient range
         Consider reformulating model or setting NumericFocus parameter
         to avoid numerical issues.

LP warm-start: discard basis
Presolve time: 1.81s
Presolved: 93288 rows, 28768 columns, 856770 nonzeros

Ordering time: 0.20s

Barrier statistics:
 Dense cols : 1034
 AA' NZ     : 1.088e+06
 Factor NZ  : 1.952e+06 (roughly 70 MB of memory)
 Factor Ops : 3.785e+08 (less than 1 second per iteration)
 Threads    : 1

                  Objective                Residual
Iter       Primal          Dual         Primal    Dual     Compl     Time
   0   1.46166806e+02 -1.36296082e+05  2.14e+06 0.00e+00  1.87e+03     3s
   1   1.48981285e+02 -1.29387391e+05  2.09e+06 2.02e+01  1.83e+03     3s
   2   1.49606155e+02 -1.20932765e+05  2.08e+06 2.06e+01  1.82e+03     3s
   3   1.50976452e+02 -1.24129998e+05  2.06e+06 2.09e+01  1.81e+03     3s
   4   1.50998524e+02 -1.28662558e+05  2.06e+06 3.12e+01  1.80e+03     3s
   5   1.50970354e+02 -1.30006205e+05  2.06e+06 4.55e+01  1.80e+03     3s
   6   1.56374948e+02 -1.31981217e+05  1.99e+06 4.48e+01  1.78e+03     3s
   7   1.60615731e+02 -1.57310767e+05  1.93e+06 2.58e+01  1.73e+03     3s
   8   1.60815703e+02 -1.57428748e+05  1.93e+06 2.58e+01  1.73e+03     4s
   9   1.60921420e+02 -1.57344791e+05  1.93e+06 2.58e+01  1.73e+03     4s
  10   1.60940025e+02 -1.57136364e+05  1.93e+06 2.61e+01  1.73e+03     4s
  11   1.64530974e+02 -1.49730521e+05  1.87e+06 3.23e+01  1.67e+03     4s
  12   1.64966473e+02 -1.50349321e+05  1.86e+06 4.01e+01  1.64e+03     4s
  13   1.67797306e+02 -1.55561106e+05  1.82e+06 4.38e+01  1.61e+03     4s
  14   1.67767956e+02 -1.61760702e+05  1.82e+06 9.06e+01  1.61e+03     4s
  15   1.71074459e+02 -1.55155888e+05  1.77e+06 7.40e+01  1.58e+03     4s
  16   1.71189831e+02 -1.51126141e+05  1.77e+06 5.54e+01  1.55e+03     5s
  17   1.71165131e+02 -1.52081375e+05  1.77e+06 6.30e+01  1.55e+03     5s
  18   1.71311084e+02 -1.51106501e+05  1.77e+06 5.36e+01  1.55e+03     5s
  19   1.71509661e+02 -1.54462759e+05  1.76e+06 8.29e+01  1.53e+03     5s
  20   1.72696812e+02 -1.53631075e+05  1.74e+06 7.94e+01  1.52e+03     5s
  21   1.72870010e+02 -1.53124703e+05  1.74e+06 7.23e+01  1.51e+03     5s
  22   1.72962430e+02 -1.53668490e+05  1.74e+06 6.44e+01  1.51e+03     5s
  23   1.72943297e+02 -1.53308918e+05  1.74e+06 6.66e+01  1.50e+03     6s
  24   1.72964075e+02 -1.51592321e+05  1.74e+06 5.46e+01  1.50e+03     6s
  25   1.72973630e+02 -1.50984426e+05  1.74e+06 4.99e+01  1.50e+03     6s
  26   1.73009793e+02 -1.54106057e+05  1.74e+06 7.16e+01  1.49e+03     6s

Barrier performed 26 iterations in 6.11 seconds (6.15 work units)
Numerical trouble encountered

Model may be infeasible or unbounded.  Consider using the
homogeneous algorithm (through parameter 'BarHomogeneous')

Iteration    Objective       Primal Inf.    Dual Inf.      Time
       0    1.0000000e+00   3.153505e+05   2.052986e+10      7s
   12528    1.0000000e+00   1.661406e+02   9.759660e+08     10s
   14588    5.9354916e-01   0.000000e+00   6.692076e-02     15s
Crossover changed status from Numeric to Optimal
   14614    5.9354707e-01   0.000000e+00   0.000000e+00     16s

Solved in 14614 iterations and 16.10 seconds (24.07 work units)
Optimal objective  5.935470729e-01
Set parameter Threads to value 1
Set parameter Method to value 2
Set parameter Crossover to value 1
Set parameter TimeLimit to value 300
Set parameter FeasibilityTol to value 1e-08
Set parameter IntFeasTol to value 1e-08
Set parameter OptimalityTol to value 1e-08
Set parameter BarConvTol to value 1e-11
Set parameter PreDual to value 0
Set parameter Seed to value 20260929
