
Gurobi 13.0.2 (win64) logging started Sun Oct  4 13:34:43 2026

Set parameter LogFile to value "docs/v42_m1_exact_dw_cg_root_resume/logs/RMP_0244.log"
Gurobi Optimizer version 13.0.2 build v13.0.2rc1 (win64 - Windows 11+.0 (26200.2))

CPU model: 13th Gen Intel(R) Core(TM) i7-13620H, instruction set [SSE2|AVX|AVX2]
Thread count: 10 physical cores, 16 logical processors, using up to 1 threads

Non-default parameters:
TimeLimit  300
FeasibilityTol  1e-08
IntFeasTol  1e-08
OptimalityTol  1e-08
Method  2
BarConvTol  1e-11
Crossover  1
PreDual  0
LogToConsole  0
Seed  20260929
Threads  1

Optimize a model with 679959 rows, 82189 columns and 7204741 nonzeros (Min)
Model has 1 linear objective coefficients
Coefficient statistics:
  Matrix range     [1e-13, 4e+02]
  Objective range  [1e+00, 1e+00]
  Bounds range     [1e+00, 1e+00]
  RHS range        [2e-24, 2e+03]
Warning: Model contains large matrix coefficient range
         Consider reformulating model or setting NumericFocus parameter
         to avoid numerical issues.

LP warm-start: discard basis
Presolve time: 1.78s
Presolved: 93306 rows, 28796 columns, 858513 nonzeros

Ordering time: 0.19s

Barrier statistics:
 Dense cols : 1034
 AA' NZ     : 1.088e+06
 Factor NZ  : 1.952e+06 (roughly 70 MB of memory)
 Factor Ops : 3.785e+08 (less than 1 second per iteration)
 Threads    : 1

                  Objective                Residual
Iter       Primal          Dual         Primal    Dual     Compl     Time
   0   1.47065789e+02 -1.38649967e+05  2.16e+06 0.00e+00  1.89e+03     3s
   1   1.49125279e+02 -2.07323007e+05  2.12e+06 5.71e+01  1.82e+03     3s
   2   1.49560379e+02 -2.19683648e+05  2.11e+06 5.56e+01  1.81e+03     3s
   3   1.49563308e+02 -2.19332043e+05  2.11e+06 5.62e+01  1.81e+03     3s
   4   1.49789962e+02 -2.21549537e+05  2.11e+06 5.50e+01  1.80e+03     3s
   5   1.51702625e+02 -2.21127758e+05  2.08e+06 5.36e+01  1.78e+03     3s
   6   1.51771138e+02 -2.20982680e+05  2.08e+06 5.36e+01  1.78e+03     3s
   7   1.58822149e+02 -2.14125938e+05  1.97e+06 4.98e+01  1.72e+03     3s
   8   1.58971972e+02 -2.13914993e+05  1.97e+06 4.98e+01  1.72e+03     4s
   9   1.58978437e+02 -2.14231743e+05  1.97e+06 4.98e+01  1.72e+03     4s
  10   1.59130475e+02 -2.13668292e+05  1.97e+06 4.98e+01  1.72e+03     4s
  11   1.59982994e+02 -2.14668106e+05  1.95e+06 4.77e+01  1.71e+03     4s
  12   1.60698671e+02 -2.06041941e+05  1.94e+06 4.50e+01  1.68e+03     4s
  13   1.60712283e+02 -2.04745295e+05  1.94e+06 4.50e+01  1.67e+03     4s
  14   1.60755064e+02 -2.05387233e+05  1.94e+06 4.47e+01  1.67e+03     4s
  15   1.60782171e+02 -2.05110335e+05  1.94e+06 4.47e+01  1.67e+03     4s
  16   1.60904981e+02 -2.05364723e+05  1.94e+06 4.41e+01  1.66e+03     4s
  17   1.60905534e+02 -2.05612079e+05  1.94e+06 4.40e+01  1.66e+03     5s
  18   1.62463657e+02 -2.10326230e+05  1.92e+06 4.07e+01  1.64e+03     5s
  19   1.62906036e+02 -2.10499846e+05  1.91e+06 3.97e+01  1.63e+03     5s
  20   1.63269313e+02 -2.10862406e+05  1.90e+06 3.89e+01  1.63e+03     5s
  21   1.63284564e+02 -2.10729611e+05  1.90e+06 3.84e+01  1.62e+03     5s
  22   1.63350390e+02 -2.10503518e+05  1.90e+06 3.89e+01  1.62e+03     5s
  23   1.63434136e+02 -2.11946917e+05  1.90e+06 4.26e+01  1.62e+03     5s

Barrier performed 23 iterations in 5.36 seconds (5.93 work units)
Numerical trouble encountered

Model may be infeasible or unbounded.  Consider using the
homogeneous algorithm (through parameter 'BarHomogeneous')

Iteration    Objective       Primal Inf.    Dual Inf.      Time
       0    1.0000000e+00   3.155872e+05   2.053866e+10      6s
   12643    1.0000000e+00   1.465959e+02   3.974251e+07     10s
Crossover changed status from Numeric to Optimal
   14735    5.9327369e-01   0.000000e+00   0.000000e+00     16s

Solved in 14735 iterations and 15.75 seconds (24.75 work units)
Optimal objective  5.932736942e-01
Set parameter Threads to value 1
Set parameter Method to value 2
Set parameter Crossover to value 1
Set parameter TimeLimit to value 300
Set parameter FeasibilityTol to value 1e-08
Set parameter IntFeasTol to value 1e-08
Set parameter OptimalityTol to value 1e-08
Set parameter BarConvTol to value 1e-11
Set parameter PreDual to value 0
Set parameter Seed to value 20260929
