
Gurobi 13.0.2 (win64) logging started Sun Oct  4 13:41:38 2026

Set parameter LogFile to value "docs/v42_m1_exact_dw_cg_root_resume/logs/RMP_0259.log"
Gurobi Optimizer version 13.0.2 build v13.0.2rc1 (win64 - Windows 11+.0 (26200.2))

CPU model: 13th Gen Intel(R) Core(TM) i7-13620H, instruction set [SSE2|AVX|AVX2]
Thread count: 10 physical cores, 16 logical processors, using up to 1 threads

Non-default parameters:
TimeLimit  1.2286512269999366e+02
FeasibilityTol  1e-08
IntFeasTol  1e-08
OptimalityTol  1e-08
Method  2
BarConvTol  1e-11
Crossover  1
PreDual  0
LogToConsole  0
Seed  20260929
Threads  1

Optimize a model with 679959 rows, 82249 columns and 7208149 nonzeros (Min)
Model has 1 linear objective coefficients
Coefficient statistics:
  Matrix range     [1e-13, 4e+02]
  Objective range  [1e+00, 1e+00]
  Bounds range     [1e+00, 1e+00]
  RHS range        [2e-24, 2e+03]
Warning: Model contains large matrix coefficient range
         Consider reformulating model or setting NumericFocus parameter
         to avoid numerical issues.

LP warm-start: discard basis
Presolve time: 1.91s
Presolved: 93398 rows, 28878 columns, 862531 nonzeros

Ordering time: 0.20s

Barrier statistics:
 Dense cols : 1034
 AA' NZ     : 1.089e+06
 Factor NZ  : 1.954e+06 (roughly 70 MB of memory)
 Factor Ops : 3.785e+08 (less than 1 second per iteration)
 Threads    : 1

                  Objective                Residual
Iter       Primal          Dual         Primal    Dual     Compl     Time
   0   1.46893253e+02 -1.38655083e+05  2.15e+06 0.00e+00  1.88e+03     3s
   1   1.47622583e+02 -1.42175390e+05  2.14e+06 3.18e+01  1.87e+03     3s
   2   1.49381708e+02 -1.36708136e+05  2.12e+06 2.87e+01  1.84e+03     3s
   3   1.51269609e+02 -1.54750249e+05  2.09e+06 2.75e+01  1.82e+03     3s
   4   1.51530896e+02 -1.55214132e+05  2.08e+06 2.63e+01  1.81e+03     3s
   5   1.52537224e+02 -1.49499666e+05  2.07e+06 2.45e+01  1.80e+03     3s
   6   1.52619130e+02 -1.50096607e+05  2.07e+06 2.22e+01  1.80e+03     3s
   7   1.52621838e+02 -1.50131355e+05  2.07e+06 2.36e+01  1.80e+03     3s
   8   1.52645866e+02 -1.50150762e+05  2.07e+06 2.39e+01  1.80e+03     4s
   9   1.52667949e+02 -1.50253640e+05  2.07e+06 2.44e+01  1.80e+03     4s
  10   1.55861893e+02 -1.51783375e+05  2.02e+06 2.17e+01  1.77e+03     4s
  11   1.55980209e+02 -1.57449961e+05  2.01e+06 2.22e+01  1.75e+03     4s
  12   1.55959879e+02 -1.57340984e+05  2.01e+06 2.22e+01  1.75e+03     4s
  13   1.56029704e+02 -1.52532885e+05  2.01e+06 2.08e+01  1.75e+03     4s
  14   1.56582311e+02 -1.53134633e+05  2.00e+06 2.15e+01  1.74e+03     4s
  15   1.56842921e+02 -1.51643471e+05  2.00e+06 2.19e+01  1.73e+03     4s
  16   1.57064786e+02 -1.53031053e+05  2.00e+06 2.22e+01  1.72e+03     5s
  17   1.57166974e+02 -1.52974000e+05  2.00e+06 2.35e+01  1.72e+03     5s
  18   1.57524104e+02 -1.53020789e+05  1.99e+06 2.31e+01  1.72e+03     5s
  19   1.57695600e+02 -1.53075431e+05  1.99e+06 2.31e+01  1.72e+03     5s
  20   1.59209880e+02 -1.55502585e+05  1.96e+06 2.87e+01  1.70e+03     5s
  21   1.59233245e+02 -1.56737484e+05  1.96e+06 2.83e+01  1.69e+03     5s
  22   1.59220625e+02 -1.60031411e+05  1.96e+06 4.69e+01  1.69e+03     5s
  23   1.61374684e+02 -1.61732169e+05  1.93e+06 4.54e+01  1.67e+03     6s
  24   1.61667983e+02 -1.62316578e+05  1.92e+06 4.72e+01  1.65e+03     6s
  25   1.61952930e+02 -1.62283962e+05  1.92e+06 4.63e+01  1.65e+03     6s

Barrier performed 25 iterations in 5.85 seconds (6.06 work units)
Numerical trouble encountered

Model may be infeasible or unbounded.  Consider using the
homogeneous algorithm (through parameter 'BarHomogeneous')

Iteration    Objective       Primal Inf.    Dual Inf.      Time
       0    1.0000000e+00   3.151454e+05   2.054792e+10      7s
   12549    9.4483321e-01   1.819263e+02   2.623083e+08     10s
   14819    5.9306862e-01   0.000000e+00   3.975317e-03     15s
Crossover changed status from Numeric to Optimal
   14845    5.9306829e-01   0.000000e+00   0.000000e+00     16s

Solved in 14845 iterations and 16.26 seconds (24.75 work units)
Optimal objective  5.930682893e-01
Set parameter Threads to value 1
Set parameter Method to value 2
Set parameter Crossover to value 1
Set parameter TimeLimit to value 9.4916206499969121e+01
Set parameter FeasibilityTol to value 1e-08
Set parameter IntFeasTol to value 1e-08
Set parameter OptimalityTol to value 1e-08
Set parameter BarConvTol to value 1e-11
Set parameter PreDual to value 0
Set parameter Seed to value 20260929
