
Gurobi 13.0.2 (win64) logging started Sun Oct  4 13:28:51 2026

Set parameter LogFile to value "docs/v42_m1_exact_dw_cg_root_resume/logs/RMP_0230.log"
Gurobi Optimizer version 13.0.2 build v13.0.2rc1 (win64 - Windows 11+.0 (26200.2))

CPU model: 13th Gen Intel(R) Core(TM) i7-13620H, instruction set [SSE2|AVX|AVX2]
Thread count: 10 physical cores, 16 logical processors, using up to 1 threads

Non-default parameters:
TimeLimit  300
FeasibilityTol  1e-08
IntFeasTol  1e-08
OptimalityTol  1e-08
Method  2
BarConvTol  1e-11
Crossover  1
PreDual  0
LogToConsole  0
Seed  20260929
Threads  1

Optimize a model with 679959 rows, 82133 columns and 7201550 nonzeros (Min)
Model has 1 linear objective coefficients
Coefficient statistics:
  Matrix range     [1e-13, 4e+02]
  Objective range  [1e+00, 1e+00]
  Bounds range     [1e+00, 1e+00]
  RHS range        [2e-24, 2e+03]
Warning: Model contains large matrix coefficient range
         Consider reformulating model or setting NumericFocus parameter
         to avoid numerical issues.

LP warm-start: discard basis
Presolve time: 2.29s
Presolved: 92219 rows, 27947 columns, 842398 nonzeros

Ordering time: 0.19s

Barrier statistics:
 Dense cols : 1016
 AA' NZ     : 1.069e+06
 Factor NZ  : 1.867e+06 (roughly 70 MB of memory)
 Factor Ops : 3.111e+08 (less than 1 second per iteration)
 Threads    : 1

                  Objective                Residual
Iter       Primal          Dual         Primal    Dual     Compl     Time
   0   1.45674108e+02 -1.25908021e+05  2.13e+06 0.00e+00  1.87e+03     3s
   1   1.45744666e+02 -1.25935645e+05  2.13e+06 1.81e+01  1.87e+03     3s
   2   1.46835972e+02 -1.29684972e+05  2.11e+06 1.60e+01  1.86e+03     3s
   3   1.46839056e+02 -1.29468254e+05  2.11e+06 1.50e+01  1.85e+03     4s
   4   1.46926753e+02 -1.29867359e+05  2.11e+06 1.14e+01  1.85e+03     4s
   5   1.47028244e+02 -1.30120730e+05  2.11e+06 1.80e+01  1.85e+03     4s
   6   1.47156524e+02 -1.30033875e+05  2.11e+06 1.86e+01  1.85e+03     4s
   7   1.47166843e+02 -1.30454610e+05  2.11e+06 3.79e+01  1.85e+03     4s
   8   1.48719437e+02 -1.34890894e+05  2.09e+06 4.02e+01  1.84e+03     4s
   9   1.52256353e+02 -1.35031075e+05  2.03e+06 4.10e+01  1.81e+03     4s
  10   1.52307255e+02 -1.35546127e+05  2.03e+06 4.11e+01  1.81e+03     5s
  11   1.52943600e+02 -1.49240894e+05  2.02e+06 4.78e+01  1.79e+03     5s
  12   1.53633284e+02 -1.51563801e+05  2.01e+06 4.71e+01  1.76e+03     5s
  13   1.53650267e+02 -1.51707781e+05  2.01e+06 4.73e+01  1.76e+03     5s
  14   1.53842439e+02 -1.54202250e+05  2.01e+06 4.55e+01  1.76e+03     5s
  15   1.53844688e+02 -1.52377361e+05  2.01e+06 4.54e+01  1.75e+03     5s
  16   1.54793038e+02 -1.52595430e+05  1.99e+06 4.50e+01  1.73e+03     5s
  17   1.55677140e+02 -1.60758469e+05  1.98e+06 7.45e+01  1.70e+03     5s
  18   1.59288689e+02 -1.70442460e+05  1.92e+06 8.32e+01  1.64e+03     5s
  19   1.59321071e+02 -1.69941433e+05  1.92e+06 7.78e+01  1.64e+03     6s
  20   1.67977314e+02 -1.75272589e+05  1.79e+06 6.22e+01  1.58e+03     6s
  21   1.67983686e+02 -1.75113269e+05  1.79e+06 6.32e+01  1.55e+03     6s
  22   1.67988776e+02 -1.75090211e+05  1.79e+06 6.30e+01  1.55e+03     6s
  23   1.70022396e+02 -1.75880599e+05  1.76e+06 6.44e+01  1.54e+03     6s
  24   1.71290570e+02 -1.70102946e+05  1.74e+06 6.08e+01  1.50e+03     6s
  25   1.71264251e+02 -1.70218758e+05  1.74e+06 6.21e+01  1.50e+03     6s
  26   1.71382576e+02 -1.69403902e+05  1.74e+06 6.01e+01  1.50e+03     6s
  27   1.71404474e+02 -1.69577000e+05  1.74e+06 6.18e+01  1.49e+03     6s
  28   1.71461396e+02 -1.69868268e+05  1.74e+06 6.28e+01  1.48e+03     7s
  29   1.71466953e+02 -1.72515070e+05  1.74e+06 8.28e+01  1.48e+03     7s
  30   1.75200275e+02 -1.70282957e+05  1.68e+06 7.32e+01  1.45e+03     7s
  31   1.75218116e+02 -1.70614154e+05  1.68e+06 7.94e+01  1.43e+03     7s

Barrier performed 31 iterations in 7.01 seconds (6.89 work units)
Numerical trouble encountered

Model may be infeasible or unbounded.  Consider using the
homogeneous algorithm (through parameter 'BarHomogeneous')

Iteration    Objective       Primal Inf.    Dual Inf.      Time
       0    1.0000000e+00   3.172037e+05   2.026215e+10      8s
   12003    1.0000000e+00   4.159485e+02   5.644598e+08     10s
   13953    5.9464159e-01   0.000000e+00   1.006410e-02     15s
Crossover changed status from Numeric to Optimal
   14064    5.9461467e-01   0.000000e+00   0.000000e+00     16s

Solved in 14064 iterations and 16.17 seconds (23.11 work units)
Optimal objective  5.946146702e-01
Set parameter Threads to value 1
Set parameter Method to value 2
Set parameter Crossover to value 1
Set parameter TimeLimit to value 300
Set parameter FeasibilityTol to value 1e-08
Set parameter IntFeasTol to value 1e-08
Set parameter OptimalityTol to value 1e-08
Set parameter BarConvTol to value 1e-11
Set parameter PreDual to value 0
Set parameter Seed to value 20260929
