
Gurobi 13.0.2 (win64) logging started Sun Oct  4 13:38:52 2026

Set parameter LogFile to value "docs/v42_m1_exact_dw_cg_root_resume/logs/RMP_0253.log"
Gurobi Optimizer version 13.0.2 build v13.0.2rc1 (win64 - Windows 11+.0 (26200.2))

CPU model: 13th Gen Intel(R) Core(TM) i7-13620H, instruction set [SSE2|AVX|AVX2]
Thread count: 10 physical cores, 16 logical processors, using up to 1 threads

Non-default parameters:
TimeLimit  288.964792499959
FeasibilityTol  1e-08
IntFeasTol  1e-08
OptimalityTol  1e-08
Method  2
BarConvTol  1e-11
Crossover  1
PreDual  0
LogToConsole  0
Seed  20260929
Threads  1

Optimize a model with 679959 rows, 82225 columns and 7206790 nonzeros (Min)
Model has 1 linear objective coefficients
Coefficient statistics:
  Matrix range     [1e-13, 4e+02]
  Objective range  [1e+00, 1e+00]
  Bounds range     [1e+00, 1e+00]
  RHS range        [2e-24, 2e+03]
Warning: Model contains large matrix coefficient range
         Consider reformulating model or setting NumericFocus parameter
         to avoid numerical issues.

LP warm-start: discard basis
Presolve time: 2.05s
Presolved: 93306 rows, 28832 columns, 860562 nonzeros

Ordering time: 0.19s

Barrier statistics:
 Dense cols : 1034
 AA' NZ     : 1.088e+06
 Factor NZ  : 1.953e+06 (roughly 70 MB of memory)
 Factor Ops : 3.785e+08 (less than 1 second per iteration)
 Threads    : 1

                  Objective                Residual
Iter       Primal          Dual         Primal    Dual     Compl     Time
   0   1.46968796e+02 -1.38649967e+05  2.15e+06 0.00e+00  1.88e+03     3s
   1   1.49153426e+02 -1.35158136e+05  2.12e+06 2.68e+01  1.83e+03     3s
   2   1.49123339e+02 -1.36014082e+05  2.12e+06 4.60e+01  1.83e+03     3s
   3   1.49392038e+02 -1.35580228e+05  2.11e+06 4.64e+01  1.83e+03     3s
   4   1.49557707e+02 -1.36261285e+05  2.11e+06 4.64e+01  1.83e+03     3s
   5   1.51488698e+02 -1.31904712e+05  2.08e+06 4.06e+01  1.81e+03     3s
   6   1.51572477e+02 -1.31376366e+05  2.08e+06 4.04e+01  1.80e+03     3s
   7   1.52345534e+02 -1.30953382e+05  2.07e+06 3.99e+01  1.80e+03     4s
   8   1.54199429e+02 -1.33199767e+05  2.04e+06 3.32e+01  1.77e+03     4s
   9   1.54325211e+02 -1.33440885e+05  2.04e+06 3.51e+01  1.76e+03     4s
  10   1.56363679e+02 -1.31413473e+05  2.01e+06 3.72e+01  1.75e+03     4s
  11   1.56284161e+02 -1.31862949e+05  2.01e+06 4.10e+01  1.75e+03     4s
  12   1.56361250e+02 -1.28340111e+05  2.01e+06 3.84e+01  1.73e+03     4s
  13   1.56372498e+02 -1.28595061e+05  2.01e+06 4.07e+01  1.73e+03     4s
  14   1.56405310e+02 -1.27531422e+05  2.01e+06 3.24e+01  1.73e+03     5s
  15   1.56565015e+02 -1.28427637e+05  2.00e+06 3.47e+01  1.72e+03     5s
  16   1.56567797e+02 -1.28650214e+05  2.00e+06 3.66e+01  1.72e+03     5s
  17   1.56580986e+02 -1.29707788e+05  2.00e+06 3.95e+01  1.72e+03     5s
  18   1.58510469e+02 -1.31499520e+05  1.97e+06 3.53e+01  1.70e+03     5s
  19   1.59599228e+02 -1.26327591e+05  1.96e+06 5.53e+01  1.67e+03     5s
  20   1.59821251e+02 -1.27534240e+05  1.95e+06 5.64e+01  1.67e+03     5s
  21   1.60712740e+02 -1.32453070e+05  1.94e+06 6.96e+01  1.65e+03     6s
  22   1.60775713e+02 -1.30192690e+05  1.94e+06 5.59e+01  1.65e+03     6s
  23   1.61587691e+02 -1.30734453e+05  1.93e+06 6.06e+01  1.64e+03     6s
  24   1.61737596e+02 -1.30918271e+05  1.92e+06 6.62e+01  1.64e+03     6s
  25   1.61826001e+02 -1.30544374e+05  1.92e+06 6.53e+01  1.64e+03     6s
  26   1.62228242e+02 -1.31658093e+05  1.92e+06 6.61e+01  1.63e+03     6s
  27   1.62293753e+02 -1.31514890e+05  1.91e+06 6.76e+01  1.63e+03     6s
  28   1.62575531e+02 -1.32166079e+05  1.91e+06 6.89e+01  1.63e+03     7s

Barrier performed 28 iterations in 6.54 seconds (6.37 work units)
Numerical trouble encountered

Model may be infeasible or unbounded.  Consider using the
homogeneous algorithm (through parameter 'BarHomogeneous')

Iteration    Objective       Primal Inf.    Dual Inf.      Time
       0    1.0000000e+00   3.155872e+05   2.053866e+10      7s
   12268    1.0000000e+00   4.681701e+02   6.180985e+08     10s
   14208    5.9385944e-01   0.000000e+00   7.079029e-01     15s
Crossover changed status from Numeric to Optimal
   14926    5.9315052e-01   0.000000e+00   0.000000e+00     18s

Solved in 14926 iterations and 17.68 seconds (25.93 work units)
Optimal objective  5.931505239e-01
Set parameter Threads to value 1
Set parameter Method to value 2
Set parameter Crossover to value 1
Set parameter TimeLimit to value 2.6128397419996327e+02
Set parameter FeasibilityTol to value 1e-08
Set parameter IntFeasTol to value 1e-08
Set parameter OptimalityTol to value 1e-08
Set parameter BarConvTol to value 1e-11
Set parameter PreDual to value 0
Set parameter Seed to value 20260929
