
Gurobi 13.0.2 (win64) logging started Thu Oct  8 16:50:14 2026

Set parameter LogFile to value "D:\v42_may12_p1_exact_rescue_20261008\docs\v42_may12_p1_exact_rescue_20261008\P1\S0\PRICE\B\cef218e0da53\NATIVE_SOLVER.log"
Set parameter TimeLimit to value 60
Gurobi Optimizer version 13.0.2 build v13.0.2rc1 (win64 - Windows 11+.0 (26200.2))

CPU model: 13th Gen Intel(R) Core(TM) i7-13620H, instruction set [SSE2|AVX|AVX2]
Thread count: 10 physical cores, 16 logical processors, using up to 1 threads

Non-default parameters:
TimeLimit  60
MIPGap  0.005
Method  2
MIPFocus  3
NodeMethod  1
LogToConsole  0
Seed  20260929
Threads  1

Optimize a model with 13949 rows, 14069 columns and 61987 nonzeros (Min)
Model fingerprint: 0x89827711
Model has 1509 linear objective coefficients
Coefficient statistics:
  Matrix range     [1e+00, 8e+04]
  Objective range  [3e-21, 8e-05]
  Bounds range     [4e+00, 3e+05]
  RHS range        [4e+00, 3e+05]

Presolve removed 5603 rows and 3358 columns
Presolve time: 0.04s
Presolved: 8346 rows, 10711 columns, 44064 nonzeros

Ordering time: 0.01s

Barrier statistics:
 Dense cols : 25
 AA' NZ     : 5.282e+04
 Factor NZ  : 2.038e+05 (roughly 10 MB of memory)
 Factor Ops : 8.016e+06 (less than 1 second per iteration)
 Threads    : 1

                  Objective                Residual
Iter       Primal          Dual         Primal    Dual     Compl     Time
   0  -1.81347534e-01 -1.12555948e+01  1.01e+04 0.00e+00  1.57e+00     0s
   1  -1.12366949e-01 -6.17854069e+00  6.25e+03 6.58e-07  7.91e-01     0s
   2  -1.69126254e-02 -4.31548485e+00  9.16e+02 5.71e-07  1.75e-01     0s
   3  -4.36394978e-03 -1.31390168e+00  2.31e+02 8.61e-07  4.47e-02     0s
   4  -1.58982893e-03 -3.32146669e-01  8.10e+01 1.32e-06  1.27e-02     0s
   5  -1.98367547e-04 -1.06462905e-01  6.90e+00 2.48e-06  2.61e-03     0s
   6  -7.58204916e-05 -1.81970920e-02  3.47e-01 2.60e-07  3.79e-04     0s
   7  -7.42799939e-05 -4.13059576e-03  8.10e-02 5.35e-08  8.26e-05     0s
   8  -8.75460116e-05 -1.45727146e-03  3.16e-02 1.73e-08  2.78e-05     0s
   9  -1.43358347e-04 -1.16846719e-03  1.35e-02 1.31e-08  2.07e-05     0s
  10  -1.65116377e-04 -9.50684260e-04  1.04e-02 9.58e-09  1.59e-05     0s
  11  -1.76844333e-04 -9.18694966e-04  9.36e-03 8.81e-09  1.50e-05     0s
  12  -2.08616478e-04 -7.36052220e-04  6.60e-03 6.11e-09  1.07e-05     0s
  13  -2.64766850e-04 -4.20181778e-04  2.00e-03 1.50e-09  3.16e-06     0s
  14  -2.87421409e-04 -3.48393350e-04  8.31e-04 5.05e-10  1.24e-06     0s
  15  -3.00257365e-04 -3.28307912e-04  3.56e-04 2.41e-10  5.71e-07     0s
  16  -3.09872202e-04 -3.14600726e-04  4.18e-05 4.44e-11  9.58e-08     0s
  17  -3.11199043e-04 -3.11996661e-04  6.70e-06 7.42e-12  1.62e-08     0s
  18  -3.11458458e-04 -3.11490976e-04  2.09e-07 3.28e-13  6.57e-10     0s
  19  -3.11470122e-04 -3.11470124e-04  1.41e-11 1.04e-13  3.13e-14     0s

Barrier solved model in 19 iterations and 0.26 seconds (0.19 work units)
Optimal objective -3.11470122e-04

Crossover log...

    4279 DPushes remaining with DInf 0.0000000e+00                 0s
       0 DPushes remaining with DInf 0.0000000e+00                 0s

    1759 PPushes remaining with PInf 0.0000000e+00                 0s
       0 PPushes remaining with PInf 0.0000000e+00                 0s

  Push phase complete: Pinf 0.0000000e+00, Dinf 2.3911428e-14      0s

Crossover time: 0.11 seconds (0.05 work units)

Extra simplex iterations after uncrush: 2
Iteration    Objective       Primal Inf.    Dual Inf.      Time
    5325   -3.1147012e-04   0.000000e+00   0.000000e+00      0s

Solved in 5325 iterations and 0.38 seconds (0.24 work units)
Optimal objective -3.114701229e-04

User-callback calls 6346, time in user-callback 0.07 sec
