
Gurobi 13.0.2 (win64) logging started Wed Oct  7 19:25:39 2026

Set parameter OutputFlag to value 1
Set parameter LogToConsole to value 0
Gurobi Optimizer version 13.0.2 build v13.0.2rc1 (win64 - Windows 11+.0 (26200.2))

CPU model: 13th Gen Intel(R) Core(TM) i7-13620H, instruction set [SSE2|AVX|AVX2]
Thread count: 10 physical cores, 16 logical processors, using up to 1 threads

Non-default parameters:
FeasibilityTol  1e-08
IntFeasTol  1e-08
OptimalityTol  1e-08
Method  2
Crossover  0
LogToConsole  0
Threads  1

Optimize a model with 4061815 rows, 1706120 columns and 17015715 nonzeros (Min)
Model fingerprint: 0x6029d424
Model has 1 linear objective coefficients
Coefficient statistics:
  Matrix range     [1e-13, 1e+03]
  Objective range  [1e+00, 1e+00]
  Bounds range     [3e-08, 2e+03]
  RHS range        [2e-24, 2e+03]
Warning: Model contains large matrix coefficient range
         Consider reformulating model or setting NumericFocus parameter
         to avoid numerical issues.

Presolve removed 677358 rows and 549230 columns (presolve time = 5s)...
Presolve removed 697645 rows and 549230 columns
Presolve time: 6.91s
Presolved: 3364170 rows, 1177177 columns, 14223198 nonzeros
Elapsed ordering time = 5s
Elapsed ordering time = 11s
Elapsed ordering time = 15s
Ordering time: 15.89s

Barrier statistics:
 Dense cols : 1
 AA' NZ     : 1.031e+08
 Factor NZ  : 1.404e+08 (roughly 3.0 GB of memory)
 Factor Ops : 5.944e+10 (roughly 2 seconds per iteration)
 Threads    : 1

                  Objective                Residual
Iter       Primal          Dual         Primal    Dual     Compl     Time
   0   1.27286964e+03 -5.86241754e+05  1.92e+10 7.87e-07  1.36e+04    34s
   1   1.69346159e+03 -5.84557767e+05  1.35e+10 4.99e-02  9.49e+03    37s
   2   1.71558599e+03 -5.69055707e+05  1.32e+10 4.13e-02  9.18e+03    40s
   3   1.20515889e+03 -4.81025530e+05  1.18e+10 1.04e-03  8.53e+03    44s
   4   7.67588810e+01 -3.08484002e+05  7.43e+08 6.24e-10  5.45e+02    48s
   5   1.11343805e+00 -1.83385331e+05  2.62e+06 9.40e-14  6.04e+00    53s
   6   1.00570960e+00 -8.08283537e+04  1.55e+06 9.92e-14  2.83e+00    56s
   7   9.46617050e-01 -1.88269696e+04  9.52e+05 1.09e-13  1.01e+00    61s
   8   9.24554928e-01 -1.18604939e+04  7.32e+05 1.20e-13  7.09e-01    67s
   9   8.66419071e-01 -1.76922772e+03  9.48e+04 9.94e-14  9.72e-02    73s
  10   8.64060705e-01 -3.27594825e+02  2.50e+04 1.14e-13  2.28e-02    79s
  11   8.62570883e-01 -4.10851172e+01  5.51e+03 2.58e-09  4.40e-03    84s
  12   8.30208482e-01 -1.55705150e+01  1.30e+03 8.64e-09  1.19e-03    89s
  13   7.19692451e-01 -4.75278546e+00  3.15e+02 6.03e-09  3.20e-04    94s
  14   6.75024660e-01 -3.36534197e+00  2.45e+02 2.05e-08  2.39e-04    98s
  15   6.39894906e-01 -2.84274413e+00  1.91e+02 2.03e-08  1.91e-04   102s
  16   6.28489543e-01 -1.92968976e+00  1.49e+02 1.46e-08  1.39e-04   105s
  17   6.18332939e-01 -1.58319098e+00  1.14e+02 1.42e-08  1.10e-04   108s
  18   6.17693459e-01 -1.22305241e+00  1.08e+02 1.33e-08  9.60e-05   112s
  19   6.08510530e-01 -7.20865611e-01  6.91e+01 1.80e-08  6.22e-05   116s
  20   6.00779188e-01 -4.56312641e-01  4.42e+01 1.76e-08  4.33e-05   120s
  21   5.97487003e-01 -2.85913390e-01  3.80e+01 2.62e-08  3.56e-05   124s
  22   5.93599675e-01 -1.78076803e-01  3.17e+01 3.16e-08  2.98e-05   128s
  23   5.91631148e-01 -5.81049044e-02  2.73e+01 3.32e-08  2.47e-05   132s
  24   5.87033422e-01  4.20877470e-02  2.03e+01 2.91e-08  1.93e-05   137s
  25   5.83286563e-01  2.04399176e-01  1.50e+01 2.16e-08  1.30e-05   141s
  26   5.80674685e-01  2.94545720e-01  1.15e+01 1.98e-08  9.49e-06   145s
  27   5.79063104e-01  3.38202251e-01  9.36e+00 1.81e-08  7.73e-06   149s
  28   5.78135074e-01  3.64521918e-01  8.27e+00 1.66e-08  6.74e-06   153s
  29   5.76301528e-01  4.13458213e-01  6.17e+00 1.39e-08  4.95e-06   157s
  30   5.75692745e-01  4.44163041e-01  5.36e+00 1.13e-08  3.96e-06   161s
  31   5.74979170e-01  4.75650362e-01  3.96e+00 1.07e-08  2.86e-06   165s
  32   5.74376904e-01  5.09185911e-01  2.67e+00 9.86e-09  1.80e-06   169s
  33   5.73737209e-01  5.32209300e-01  1.78e+00 8.16e-09  1.11e-06   173s
  34   5.73221460e-01  5.40489446e-01  1.39e+00 7.09e-09  8.53e-07   178s
  35   5.72847522e-01  5.47531641e-01  1.20e+00 6.04e-09  6.59e-07   181s
  36   5.72776069e-01  5.48087247e-01  1.15e+00 5.94e-09  6.40e-07   185s
  37   5.72576916e-01  5.49805459e-01  1.04e+00 5.63e-09  5.86e-07   188s
  38   5.72274888e-01  5.51980028e-01  8.80e-01 5.40e-09  5.15e-07   192s
  39   5.72109864e-01  5.55537702e-01  8.05e-01 5.67e-09  4.23e-07   197s
  40   5.71878152e-01  5.59660819e-01  6.67e-01 5.94e-09  3.12e-07   201s
  41   5.71733594e-01  5.60807563e-01  5.74e-01 6.07e-09  2.77e-07   204s
  42   5.71649477e-01  5.62232353e-01  5.23e-01 7.10e-09  2.38e-07   209s
  43   5.71467426e-01  5.64951404e-01  4.00e-01 9.03e-09  1.65e-07   213s
  44   5.71204786e-01  5.66243780e-01  2.77e-01 1.09e-08  1.25e-07   217s
  45   5.71099986e-01  5.67023212e-01  2.50e-01 1.23e-08  1.04e-07   221s
  46   5.71001245e-01  5.67136477e-01  2.30e-01 1.27e-08  9.87e-08   226s
  47   5.70929075e-01  5.67282806e-01  2.18e-01 1.31e-08  9.35e-08   230s
  48   5.70865695e-01  5.67388605e-01  2.09e-01 1.34e-08  8.96e-08   234s
  49   5.70816208e-01  5.67451207e-01  2.01e-01 1.36e-08  8.69e-08   237s
  50   5.70782149e-01  5.67500081e-01  1.97e-01 1.37e-08  8.50e-08   242s
  51   5.70699342e-01  5.67613613e-01  1.86e-01 1.40e-08  8.05e-08   246s
  52   5.70647727e-01  5.67692220e-01  1.80e-01 1.42e-08  7.75e-08   251s
  53   5.70579683e-01  5.67741754e-01  1.71e-01 1.43e-08  7.48e-08   256s
  54   5.70542412e-01  5.67791656e-01  1.67e-01 1.44e-08  7.27e-08   260s
  55   5.70450650e-01  5.67947012e-01  1.56e-01 1.46e-08  6.71e-08   265s
  56   5.70391729e-01  5.68036389e-01  1.49e-01 1.46e-08  6.38e-08   269s
  57   5.70359195e-01  5.68089637e-01  1.46e-01 1.46e-08  6.18e-08   273s
  58   5.70304053e-01  5.68161784e-01  1.39e-01 1.45e-08  5.89e-08   279s
  59   5.70228915e-01  5.68261653e-01  1.31e-01 1.43e-08  5.50e-08   287s
  60   5.70208633e-01  5.68356664e-01  1.29e-01 1.43e-08  5.25e-08   295s
  61   5.70153010e-01  5.68407505e-01  1.23e-01 1.41e-08  5.01e-08   304s
  62   5.70098219e-01  5.68495404e-01  1.17e-01 1.39e-08  4.70e-08   313s
  63   5.70081888e-01  5.68511674e-01  1.15e-01 1.39e-08  4.63e-08   322s
  64   5.69976622e-01  5.68575119e-01  1.04e-01 1.37e-08  4.25e-08   330s
  65   5.69930130e-01  5.68618973e-01  9.97e-02 1.35e-08  4.05e-08   340s
  66   5.69882911e-01  5.68633081e-01  9.49e-02 1.34e-08  3.90e-08   349s
  67   5.69839989e-01  5.68717701e-01  9.05e-02 1.29e-08  3.61e-08   358s
  68   5.69826681e-01  5.68719798e-01  8.93e-02 1.29e-08  3.57e-08   366s
  69   5.69824683e-01  5.68724628e-01  8.91e-02 1.29e-08  3.56e-08   374s
  70   5.69812048e-01  5.68743198e-01  8.76e-02 1.27e-08  3.49e-08   383s
  71   5.69762340e-01  5.68774273e-01  8.28e-02 1.24e-08  3.31e-08   392s
  72   5.69725558e-01  5.68796922e-01  7.90e-02 1.22e-08  3.17e-08   396s
  73   5.69674067e-01  5.68840572e-01  7.40e-02 1.19e-08  2.96e-08   400s
  74   5.69630065e-01  5.68875092e-01  6.97e-02 1.16e-08  2.78e-08   407s
  75   5.69606242e-01  5.68889107e-01  6.72e-02 1.13e-08  2.69e-08   413s
  76   5.69557758e-01  5.68933299e-01  6.25e-02 1.08e-08  2.49e-08   423s
  77   5.69526517e-01  5.68966680e-01  5.95e-02 1.05e-08  2.34e-08   428s
  78   5.69519539e-01  5.68987070e-01  5.87e-02 1.02e-08  2.27e-08   433s
  79   5.69498343e-01  5.69006329e-01  5.70e-02 1.00e-08  2.18e-08   437s
  80   5.69471993e-01  5.69017781e-01  5.45e-02 9.97e-09  2.10e-08   441s
  81   5.69422048e-01  5.69036468e-01  5.04e-02 1.02e-08  1.95e-08   448s
  82   5.69385365e-01  5.69061710e-01  4.73e-02 1.00e-08  1.81e-08   452s
  83   5.69369874e-01  5.69072886e-01  4.60e-02 9.98e-09  1.75e-08   457s
  84   5.69331898e-01  5.69077550e-01  4.29e-02 9.95e-09  1.66e-08   461s
  85   5.69316229e-01  5.69090128e-01  4.17e-02 9.93e-09  1.59e-08   465s
  86   5.69308560e-01  5.69094544e-01  4.11e-02 9.91e-09  1.57e-08   469s
  87   5.69282875e-01  5.69101699e-01  3.91e-02 9.87e-09  1.49e-08   473s
  88   5.69268895e-01  5.69109607e-01  3.80e-02 9.86e-09  1.45e-08   477s
  89   5.69247129e-01  5.69115985e-01  3.64e-02 9.78e-09  1.38e-08   482s
  90   5.69210720e-01  5.69122329e-01  3.36e-02 9.66e-09  1.28e-08   486s
  91   5.69191266e-01  5.69130033e-01  3.22e-02 9.27e-09  1.21e-08   490s
  92   5.69180612e-01  5.69130142e-01  3.14e-02 9.21e-09  1.19e-08   495s
  93   5.69159094e-01  5.69131963e-01  2.98e-02 8.97e-09  1.12e-08   499s
  94   5.69113553e-01  5.69131747e-01  2.65e-02 8.81e-09  1.02e-08   504s
  95   5.69099647e-01  5.69132423e-01  2.55e-02 8.53e-09  9.73e-09   508s
  96   5.69092288e-01  5.69133451e-01  2.49e-02 8.36e-09  9.47e-09   514s
  97   5.69075414e-01  5.69134353e-01  2.37e-02 8.20e-09  9.03e-09   519s
  98   5.69060596e-01  5.69116688e-01  2.28e-02 7.51e-09  8.50e-09   524s
  99   5.69040849e-01  5.69117196e-01  2.14e-02 7.42e-09  8.02e-09   529s
 100   5.69025492e-01  5.69111740e-01  2.03e-02 7.18e-09  7.50e-09   533s
 101   5.69021047e-01  5.69108978e-01  1.99e-02 7.08e-09  7.35e-09   538s
 102   5.69004334e-01  5.69105350e-01  1.87e-02 6.98e-09  6.91e-09   542s
 103   5.68994404e-01  5.69099892e-01  1.80e-02 6.85e-09  6.60e-09   547s
 104   5.68988378e-01  5.69096275e-01  1.76e-02 6.75e-09  6.41e-09   551s
 105   5.68975882e-01  5.69092531e-01  1.67e-02 6.60e-09  6.06e-09   555s
 106   5.68966862e-01  5.69090530e-01  1.60e-02 6.36e-09  5.82e-09   560s
 107   5.68963247e-01  5.69088341e-01  1.57e-02 6.09e-09  5.67e-09   565s
 108   5.68956159e-01  5.69087337e-01  1.52e-02 6.00e-09  5.50e-09   570s
 109   5.68941638e-01  5.69085732e-01  1.41e-02 5.92e-09  5.16e-09   575s
 110   5.68928944e-01  5.69079201e-01  1.32e-02 5.54e-09  4.79e-09   580s
 111   5.68923727e-01  5.69077624e-01  1.28e-02 5.49e-09  4.65e-09   585s
 112   5.68913821e-01  5.69072543e-01  1.21e-02 5.35e-09  4.40e-09   591s
 113   5.68907302e-01  5.69066219e-01  1.17e-02 5.20e-09  4.21e-09   596s
 114   5.68895617e-01  5.69059609e-01  1.08e-02 5.00e-09  3.89e-09   601s
 115   5.68894973e-01  5.69058627e-01  1.08e-02 4.96e-09  3.85e-09   606s
 116   5.68894337e-01  5.69057386e-01  1.08e-02 4.94e-09  3.83e-09   612s
 117   5.68887419e-01  5.69054509e-01  1.02e-02 4.85e-09  3.65e-09   617s
 118   5.68881778e-01  5.69053479e-01  9.76e-03 4.76e-09  3.49e-09   623s
 119   5.68877990e-01  5.69046986e-01  9.48e-03 4.55e-09  3.35e-09   628s
 120   5.68872814e-01  5.69045717e-01  9.10e-03 4.50e-09  3.23e-09   633s
 121   5.68867262e-01  5.69045305e-01  8.76e-03 4.48e-09  3.09e-09   638s
 122   5.68859312e-01  5.69039861e-01  8.19e-03 4.34e-09  2.90e-09   644s
 123   5.68854717e-01  5.69039038e-01  7.86e-03 4.30e-09  2.79e-09   650s
 124   5.68844469e-01  5.69034306e-01  7.16e-03 4.17e-09  2.55e-09   654s
 125   5.68829735e-01  5.69028617e-01  6.15e-03 3.99e-09  2.21e-09   660s
 126   5.68825892e-01  5.69017323e-01  5.89e-03 3.67e-09  2.09e-09   665s
 127   5.68814415e-01  5.69015280e-01  5.09e-03 3.58e-09  1.84e-09   670s
 128   5.68812620e-01  5.69008876e-01  4.96e-03 3.53e-09  1.77e-09   677s
 129   5.68805493e-01  5.69004700e-01  4.40e-03 3.53e-09  1.60e-09   684s
 130   5.68800234e-01  5.69003538e-01  4.01e-03 3.53e-09  1.49e-09   690s
 131   5.68794435e-01  5.68995601e-01  3.74e-03 3.46e-09  1.36e-09   696s
 132   5.68792217e-01  5.68993084e-01  3.59e-03 3.45e-09  1.31e-09   702s
 133   5.68789899e-01  5.68983615e-01  3.44e-03 3.42e-09  1.24e-09   707s
 134   5.68786924e-01  5.68981680e-01  3.24e-03 3.41e-09  1.17e-09   712s
 135   5.68784317e-01  5.68977717e-01  3.06e-03 3.39e-09  1.11e-09   718s
 136   5.68779171e-01  5.68975048e-01  2.75e-03 3.38e-09  1.00e-09   723s
 137   5.68779101e-01  5.68974193e-01  2.75e-03 3.38e-09  9.97e-10   728s
 138   5.68775535e-01  5.68972386e-01  2.50e-03 3.36e-09  9.14e-10   733s
 139   5.68775263e-01  5.68971562e-01  2.49e-03 3.36e-09  9.11e-10   739s
 140   5.68771072e-01  5.68968271e-01  2.54e-03 3.32e-09  8.22e-10   746s
 141   5.68770974e-01  5.68966745e-01  2.54e-03 3.30e-09  8.12e-10   751s
 142   5.68770606e-01  5.68966459e-01  2.54e-03 3.29e-09  8.02e-10   755s
 143   5.68770373e-01  5.68966350e-01  2.51e-03 3.29e-09  7.97e-10   760s
 144   5.68770391e-01  5.68965141e-01  2.82e-03 3.28e-09  7.77e-10   766s
 145   5.68766132e-01  5.68959135e-01  2.38e-03 3.29e-09  6.95e-10   772s
 146   5.68761086e-01  5.68951921e-01  2.36e-03 3.40e-09  5.67e-10   777s
 147   5.68760030e-01  5.68950961e-01  2.38e-03 3.41e-09  5.40e-10   783s
 148   5.68759661e-01  5.68950640e-01  2.39e-03 3.42e-09  5.30e-10   788s
 149   5.68759567e-01  5.68950540e-01  2.40e-03 3.42e-09  5.27e-10   792s
 150   5.68759613e-01  5.68950560e-01  2.41e-03 3.42e-09  5.27e-10   797s
 151   5.68759541e-01  5.68950502e-01  2.40e-03 3.42e-09  5.27e-10   802s
 152   5.68759577e-01  5.68950511e-01  2.41e-03 3.42e-09  5.27e-10   807s
 153   5.68759523e-01  5.68950485e-01  2.39e-03 3.42e-09  5.27e-10   812s
 154   5.68759559e-01  5.68950495e-01  2.41e-03 3.42e-09  5.26e-10   816s
 155   5.68759505e-01  5.68950464e-01  2.39e-03 3.42e-09  5.26e-10   822s
 156   5.68759539e-01  5.68950473e-01  2.41e-03 3.42e-09  5.26e-10   826s

Barrier solved model in 156 iterations and 826.38 seconds (1200.23 work units)
Optimal objective 5.68761086e-01

