
Gurobi 13.0.2 (win64) logging started Thu Oct  8 16:37:23 2026

Set parameter LogFile to value "D:\v42_may12_p1_exact_rescue_20261008\docs\v42_may12_p1_exact_rescue_20261008\P1\S0\PRICE\B\47a5bb9fc8fe\NATIVE_SOLVER.log"
Set parameter TimeLimit to value 60
Gurobi Optimizer version 13.0.2 build v13.0.2rc1 (win64 - Windows 11+.0 (26200.2))

CPU model: 13th Gen Intel(R) Core(TM) i7-13620H, instruction set [SSE2|AVX|AVX2]
Thread count: 10 physical cores, 16 logical processors, using up to 1 threads

Non-default parameters:
TimeLimit  60
MIPGap  0.005
Method  2
MIPFocus  3
NodeMethod  1
LogToConsole  0
Seed  20260929
Threads  1

Optimize a model with 13949 rows, 14069 columns and 61987 nonzeros (Min)
Model fingerprint: 0x2770eaaf
Model has 1509 linear objective coefficients
Coefficient statistics:
  Matrix range     [1e+00, 8e+04]
  Objective range  [3e-21, 8e-05]
  Bounds range     [8e+01, 6e+06]
  RHS range        [8e+01, 6e+06]

Presolve removed 5603 rows and 3358 columns
Presolve time: 0.02s
Presolved: 8346 rows, 10711 columns, 44064 nonzeros

Ordering time: 0.01s

Barrier statistics:
 Dense cols : 25
 AA' NZ     : 5.282e+04
 Factor NZ  : 2.038e+05 (roughly 10 MB of memory)
 Factor Ops : 8.016e+06 (less than 1 second per iteration)
 Threads    : 1

                  Objective                Residual
Iter       Primal          Dual         Primal    Dual     Compl     Time
   0  -3.44560315e+00 -2.13856301e+02  1.92e+05 0.00e+00  2.99e+01     0s
   1  -2.13497203e+00 -1.17392273e+02  1.19e+05 7.79e-07  1.50e+01     0s
   2  -3.21339864e-01 -8.19942155e+01  1.74e+04 7.36e-07  3.32e+00     0s
   3  -8.29150411e-02 -2.49641325e+01  4.39e+03 7.63e-07  8.50e-01     0s
   4  -3.02067495e-02 -6.31078694e+00  1.54e+03 1.95e-06  2.41e-01     0s
   5  -3.76898327e-03 -2.02279388e+00  1.31e+02 1.50e-06  4.96e-02     0s
   6  -1.44058939e-03 -3.45744612e-01  6.60e+00 2.78e-07  7.19e-03     0s
   7  -1.41131996e-03 -7.84812462e-02  1.54e+00 5.74e-08  1.57e-03     0s
   8  -1.66337444e-03 -2.76881448e-02  6.00e-01 1.89e-08  5.29e-04     0s
   9  -2.72380920e-03 -2.22008718e-02  2.56e-01 1.45e-08  3.93e-04     0s
  10  -3.13721144e-03 -1.80629950e-02  1.97e-01 1.05e-08  3.02e-04     0s
  11  -3.36004254e-03 -1.74551985e-02  1.78e-01 9.78e-09  2.85e-04     0s
  12  -3.96371279e-03 -1.39849877e-02  1.25e-01 6.65e-09  2.03e-04     0s
  13  -5.03057119e-03 -7.98345315e-03  3.81e-02 1.61e-09  6.00e-05     0s
  14  -5.46100719e-03 -6.61947415e-03  1.58e-02 1.15e-09  2.36e-05     0s
  15  -5.70489026e-03 -6.23785028e-03  6.76e-03 3.71e-10  1.09e-05     0s
  16  -5.88757237e-03 -5.97741369e-03  7.95e-04 2.27e-10  1.82e-06     0s
  17  -5.91278200e-03 -5.92793669e-03  1.27e-04 2.42e-11  3.07e-07     0s
  18  -5.91771345e-03 -5.91832841e-03  3.91e-06 3.96e-12  1.24e-08     0s
  19  -5.91793232e-03 -5.91793235e-03  2.67e-10 2.92e-13  5.80e-13     0s

Barrier solved model in 19 iterations and 0.15 seconds (0.19 work units)
Optimal objective -5.91793232e-03

Crossover log...

    4279 DPushes remaining with DInf 0.0000000e+00                 0s
       0 DPushes remaining with DInf 0.0000000e+00                 0s

    1759 PPushes remaining with PInf 0.0000000e+00                 0s
       0 PPushes remaining with PInf 0.0000000e+00                 0s

  Push phase complete: Pinf 0.0000000e+00, Dinf 2.4785729e-14      0s

Crossover time: 0.07 seconds (0.04 work units)
Iteration    Objective       Primal Inf.    Dual Inf.      Time
    5337   -5.9179323e-03   0.000000e+00   0.000000e+00      0s

Solved in 5337 iterations and 0.23 seconds (0.23 work units)
Optimal objective -5.917932335e-03

User-callback calls 6309, time in user-callback 0.05 sec
