
Gurobi 13.0.2 (win64) logging started Thu Oct  8 06:41:44 2026

Set parameter LogFile to value "C:\v42_m1_exact_solver_redesign_20261008\docs\v42_m_practical_exact_solver_overnight_20261008\external_production\external_nodes\0012\LP.log"
Gurobi Optimizer version 13.0.2 build v13.0.2rc1 (win64 - Windows 11+.0 (26200.2))

CPU model: 13th Gen Intel(R) Core(TM) i7-13620H, instruction set [SSE2|AVX|AVX2]
Thread count: 10 physical cores, 16 logical processors, using up to 1 threads

Non-default parameters:
TimeLimit  900
FeasibilityTol  1e-08
IntFeasTol  1e-08
MIPGap  0.005
OptimalityTol  1e-08
Method  2
LPWarmStart  0
Crossover  0
DegenMoves  0
MIPFocus  3
NodeMethod  1
LogToConsole  0
Seed  20260929
Threads  1

Optimize a model with 582808 rows, 306040 columns and 5351612 nonzeros (Min)
Model fingerprint: 0x2b19cddd
Model has 1 linear objective coefficients
Coefficient statistics:
  Matrix range     [1e-13, 4e+02]
  Objective range  [1e+00, 1e+00]
  Bounds range     [3e-08, 2e+03]
  RHS range        [2e-24, 2e+03]
Warning: Model contains large matrix coefficient range
         Consider reformulating model or setting NumericFocus parameter
         to avoid numerical issues.

Presolve removed 175686 rows and 27322 columns
Presolve time: 2.06s
Presolved: 407122 rows, 299013 columns, 4428657 nonzeros
Elapsed ordering time = 5s
Ordering time: 5.43s

Barrier statistics:
 Dense cols : 965
 AA' NZ     : 3.779e+07
 Factor NZ  : 5.717e+07 (roughly 700 MB of memory)
 Factor Ops : 3.130e+10 (roughly 1 second per iteration)
 Threads    : 1

                  Objective                Residual
Iter       Primal          Dual         Primal    Dual     Compl     Time
   0   1.27525719e+03 -5.00183467e+05  6.52e+07 7.87e-07  1.02e+04    13s
   1   1.70157971e+03 -3.67348257e+05  4.36e+07 6.07e-03  4.39e+03    14s
   2   4.60759020e+02 -2.61952209e+05  1.80e+07 4.92e-04  5.58e+03    16s
   3   3.63356248e+01 -1.04235271e+05  1.39e+06 7.08e-15  4.40e+02    17s
   4   8.16472133e-01 -5.80310555e+04  4.40e+03 1.98e-09  9.26e+00    19s
   5   7.48116354e-01 -8.24476613e+03  1.64e+03 2.02e-10  1.32e+00    21s
   6   7.20576222e-01 -5.25149212e+02  2.74e+02 3.01e-14  9.33e-02    23s
   7   7.26185051e-01 -1.75694389e+02  1.02e+02 3.08e-14  3.22e-02    25s
   8   7.29880174e-01 -5.53849230e+01  4.00e+01 3.01e-14  1.13e-02    27s
   9   7.33112854e-01 -3.51519042e+01  1.90e+01 2.01e-09  6.65e-03    29s
  10   7.23089656e-01 -3.39118551e+00  5.02e-01 8.79e-09  6.08e-04    32s
  11   6.86532104e-01 -1.40335933e+00  3.33e-01 5.23e-09  3.03e-04    33s
  12   6.32934883e-01 -7.85538154e-01  2.15e-01 1.19e-08  2.01e-04    35s
  13   6.14485827e-01 -1.46895272e-01  1.31e-01 1.28e-08  1.05e-04    37s
  14   6.05628663e-01  1.76004721e-01  8.18e-02 2.02e-08  5.85e-05    40s
  15   5.96562922e-01  3.13958346e-01  5.25e-02 3.10e-08  3.80e-05    42s
  16   5.90945948e-01  4.16470453e-01  3.93e-02 3.24e-08  2.32e-05    44s
  17   5.82637442e-01  4.56215239e-01  2.06e-02 2.58e-08  1.66e-05    46s
  18   5.78911833e-01  4.86831971e-01  1.45e-02 2.01e-08  1.19e-05    47s
  19   5.78250681e-01  5.04987697e-01  1.33e-02 1.73e-08  9.39e-06    49s
  20   5.76093255e-01  5.20743885e-01  1.05e-02 1.40e-08  6.99e-06    51s
  21   5.73369827e-01  5.40064543e-01  6.99e-03 1.41e-08  4.06e-06    54s
  22   5.71813813e-01  5.49090200e-01  4.91e-03 1.17e-08  2.73e-06    56s
  23   5.70593945e-01  5.58895846e-01  2.90e-03 8.26e-09  1.41e-06    58s
  24   5.70149024e-01  5.60880587e-01  2.19e-03 7.46e-09  1.12e-06    60s
  25   5.69863855e-01  5.62053451e-01  1.72e-03 7.10e-09  9.46e-07    62s
  26   5.69577168e-01  5.63673115e-01  1.23e-03 6.34e-09  7.23e-07    64s
  27   5.69437618e-01  5.65019324e-01  9.73e-04 5.62e-09  5.53e-07    66s
  28   5.69238785e-01  5.66852289e-01  6.39e-04 5.75e-09  3.18e-07    68s
  29   5.69077107e-01  5.67720592e-01  3.85e-04 6.21e-09  1.96e-07    70s
  30   5.69040873e-01  5.68050185e-01  3.28e-04 6.18e-09  1.53e-07    72s
  31   5.69008032e-01  5.68454399e-01  2.82e-04 6.03e-09  1.01e-07    74s
  32   5.68953846e-01  5.68651478e-01  2.00e-04 5.91e-09  7.04e-08    76s
  33   5.68910148e-01  5.68757113e-01  1.35e-04 5.69e-09  5.13e-08    78s
  34   5.68879660e-01  5.68832912e-01  9.25e-05 5.46e-09  3.80e-08    80s
  35   5.68862822e-01  5.68884561e-01  6.89e-05 5.16e-09  2.95e-08    82s
  36   5.68859033e-01  5.68900811e-01  6.37e-05 5.00e-09  2.53e-08    84s
  37   5.68857789e-01  5.68905992e-01  6.21e-05 4.97e-09  2.44e-08    85s
  38   5.68843486e-01  5.68922486e-01  4.40e-05 4.87e-09  2.06e-08    87s
  39   5.68841559e-01  5.68936218e-01  4.18e-05 4.74e-09  1.79e-08    89s
  40   5.68822761e-01  5.68958372e-01  1.87e-05 4.46e-09  1.07e-08    91s
  41   5.68819826e-01  5.68964601e-01  1.59e-05 4.96e-09  6.33e-09    93s
  42   5.68817983e-01  5.68962309e-01  1.37e-05 4.97e-09  5.69e-09    95s
  43   5.68813600e-01  5.68951804e-01  9.33e-06 5.15e-09  3.92e-09    97s
  44   5.68811453e-01  5.68942899e-01  6.96e-06 5.26e-09  2.45e-09    99s
  45   5.68810537e-01  5.68935456e-01  6.09e-06 4.67e-09  1.85e-09   101s
  46   5.68808158e-01  5.68924594e-01  3.87e-06 3.83e-09  1.13e-09   103s
  47   5.68807208e-01  5.68919201e-01  3.08e-06 3.83e-09  8.48e-10   105s
  48   5.68806141e-01  5.68914865e-01  2.22e-06 3.83e-09  6.22e-10   107s
  49   5.68805640e-01  5.68911831e-01  1.88e-06 3.81e-09  5.60e-10   109s
  50   5.68803970e-01  5.68905430e-01  7.96e-07 3.84e-09  2.29e-10   111s
  51   5.68803223e-01  5.68903797e-01  5.51e-07 3.75e-09  1.46e-10   112s
  52   5.68802911e-01  5.68900591e-01  4.57e-07 3.70e-09  1.17e-10   115s
  53   5.68802532e-01  5.68896208e-01  3.66e-07 3.51e-09  8.77e-11   117s
  54   5.68802402e-01  5.68891270e-01  3.36e-07 3.18e-09  7.22e-11   119s
  55   5.68801925e-01  5.68886826e-01  2.25e-07 2.58e-09  5.44e-11   121s
  56   5.68801188e-01  5.68883654e-01  1.02e-07 2.15e-09  3.77e-11   122s
  57   5.68800666e-01  5.68880450e-01  6.21e-08 1.88e-09  2.68e-11   124s
  58   5.68800333e-01  5.68876719e-01  4.61e-08 1.98e-09  1.63e-11   126s
  59   5.68800160e-01  5.68875738e-01  3.99e-08 2.01e-09  1.34e-11   128s
  60   5.68799935e-01  5.68874765e-01  3.71e-08 2.03e-09  1.07e-11   130s
  61   5.68799718e-01  5.68874472e-01  3.13e-08 2.04e-09  9.55e-12   132s
  62   5.68799613e-01  5.68874077e-01  2.86e-08 2.04e-09  8.70e-12   134s
  63   5.68799371e-01  5.68872419e-01  2.54e-08 2.06e-09  6.98e-12   136s
  64   5.68798868e-01  5.68870004e-01  1.48e-08 2.08e-09  3.08e-12   137s
  65   5.68798570e-01  5.68868271e-01  1.30e-08 2.09e-09  1.80e-12   140s
  66   5.68798485e-01  5.68868253e-01  1.49e-08 2.09e-09  1.72e-12   141s
  67   5.68798316e-01  5.68867984e-01  1.90e-08 2.09e-09  1.41e-12   143s
  68   5.68797868e-01  5.68867639e-01  1.54e-08 2.09e-09  1.06e-12   145s
  69   5.68797583e-01  5.68867477e-01  3.00e-08 2.09e-09  7.90e-13   147s

Barrier solved model in 69 iterations and 147.16 seconds (277.56 work units)
Optimal objective 5.68797583e-01


User-callback calls 8986, time in user-callback 0.16 sec
Discarded solution information
Set parameter Method to value 2
Set parameter Crossover to value 0
Set parameter LPWarmStart to value 0
Set parameter NumericFocus to value 0
Set parameter DualReductions to value 1
Set parameter InfUnbdInfo to value 0
Set parameter TimeLimit to value 900
