Set parameter Username
Set parameter LicenseID to value 2845475
Academic license - for non-commercial use only - expires 2027-07-18
Set parameter OutputFlag to value 1
Set parameter LogToConsole to value 0
Set parameter Username
Set parameter LicenseID to value 2845475
Academic license - for non-commercial use only - expires 2027-07-18
Set parameter OutputFlag to value 1
Set parameter LogToConsole to value 0
Set parameter Username
Set parameter LicenseID to value 2845475
Academic license - for non-commercial use only - expires 2027-07-18
Set parameter OutputFlag to value 1
Set parameter LogToConsole to value 0
Set parameter OutputFlag to value 1
Set parameter LogToConsole to value 0
Set parameter OutputFlag to value 1
Set parameter LogToConsole to value 0
POLICY_RMP 2 DISCOVERY 0.5898198735464273 19.845426800020505
POLICY_ROUND 2 DISCOVERY 4 0.5104145457228156 0.5898198735464273 59.901840000005905
POLICY_RMP 3 DISCOVERY 0.5886756675688105 80.58662550000008
Set parameter Username
Set parameter LicenseID to value 2845475
Academic license - for non-commercial use only - expires 2027-07-18
Set parameter OutputFlag to value 1
Set parameter LogToConsole to value 0
Set parameter OutputFlag to value 1
Set parameter LogToConsole to value 0
Set parameter OutputFlag to value 1
Set parameter LogToConsole to value 0
Set parameter OutputFlag to value 1
Set parameter LogToConsole to value 0
POLICY_RMP 4 DISCOVERY 0.5886756675688105 116.44313440000406
POLICY_ROUND 4 DISCOVERY 4 0.5104145457228156 0.5886756675688105 196.55649230000563
POLICY_RMP 5 DISCOVERY 0.5879812654981939 219.63816719996976
POLICY_ROUND 5 DISCOVERY 4 0.5104145457228156 0.5879812654981939 299.7325628999388
POLICY_RMP 6 CERTIFICATION 0.5872526721935815 323.56702389993006
POLICY_ROUND 6 CERTIFICATION 0 0.5211513939643384 0.5872526721935815 533.6906489998801
POLICY_RMP 7 FINAL_CERTIFICATION 0.5872526721935815 533.6941395998583
POLICY_ROUND 7 FINAL_CERTIFICATION 0 0.5215744487783405 0.5872526721935815 688.9794656998129
POLICY_DONE {'scientific_base': '851956172cf9b5cde5ebcfb2f3145b90de024987', 'old_policy_stop_commit': '4fc7df0e309c348853f0364dc5a9f866f2310e93', 'preopt_commit': 'e477d3a08de2a65e0ff05a84fdc0d48b0090e40c', 'status': 'POLICY_CANARY_INCONCLUSIVE', 'materiality': 'INCONCLUSIVE', 'policy_canary': 'NOT_SUPPORTED', 'stop_reason': 'POLICY_CANARY_FINAL_CERTIFICATION_COMPLETE', 'workers': 1, 'resource_PASS': True, 'resource_safety_failure_observed': True, 'initial_retained_columns': 1066, 'new_RMP_solves': 7, 'new_pricing_calls': 24, 'new_discovery_columns': 12, 'retained_columns': 1078, 'discovery_rounds': 3, 'certification_rounds': 2, 'median_discovery_round_wall': 88.07946670003003, 'median_certification_round_wall': 222.48962115001632, 'old_columns_per_minute': 0.2962470482195092, 'new_columns_per_minute': 0.80998069224726, 'time_to_first_new_certified_LB': 706.4188922999892, 'heavy_to_first_new_certified_LB': 533.6906489998801, 'best_corrected_LB': 0.5215744487783405, 'smallest_RMP_upper': 0.5872526721935815, 'final_interval': [0.5215744487783405, 0.5872526721935815], 'material_threshold': 0.5737116103498322, 'DW_ROOT_OPTIMAL_CERTIFIED': False, 'DW_ROOT_LB': None, 'total_optimize_wall_union': 688.9794656998129, 'sum_native_optimize_wall': 764.8638917998178, 'total_elapsed_including_build_audit': 888.9115226999857, 'heavy_wall_to_materiality_decision': None, 'build_seconds': 36.98348380002426, 'May_production': [0, 0, 0], 'no_branch_and_price': True, 'old_TIME_LIMIT_retroactively_added': False}
