
Gurobi 13.0.2 (win64) logging started Sun Oct  4 15:06:53 2026

Set parameter LogFile to value "docs/v42_m1_dw_certified_dual_bound/logs/PRICE_0016_MESS04.log"
Gurobi Optimizer version 13.0.2 build v13.0.2rc1 (win64 - Windows 11+.0 (26200.2))

CPU model: 13th Gen Intel(R) Core(TM) i7-13620H, instruction set [SSE2|AVX|AVX2]
Thread count: 10 physical cores, 16 logical processors, using up to 1 threads

Non-default parameters:
TimeLimit  300
FeasibilityTol  1e-08
IntFeasTol  1e-08
MIPGap  0
MIPGapAbs  0
OptimalityTol  1e-08
Method  2
Crossover  2
DegenMoves  0
MIPFocus  3
NodeMethod  1
CutPasses  1
LogToConsole  0
Seed  20260929
Threads  1

Optimize a model with 51481 rows, 58841 columns and 314646 nonzeros (Min)
Model fingerprint: 0x115bba46
Model has 2952 linear objective coefficients and an objective constant of 7.7400954200336665e-03
Variable types: 6799 continuous, 52042 integer (52042 binary)
Coefficient statistics:
  Matrix range     [2e-01, 4e+02]
  Objective range  [4e-12, 1e-05]
  Bounds range     [1e+00, 1e+03]
  RHS range        [1e+00, 8e+02]

Loaded user MIP start with objective 0.00309091
MIP start from previous solve produced solution with objective -0.0133447 (0.05s)
MIP start from previous solve produced solution with objective -0.0133541 (0.06s)
Loaded MIP start from previous solve with objective -0.0133541

Presolve removed 8938 rows and 2 columns
Presolve time: 0.87s
Presolved: 42543 rows, 58839 columns, 292302 nonzeros
Variable types: 6797 continuous, 52042 integer (52042 binary)
Root relaxation presolve removed 2 rows and 2 columns
Root relaxation presolved: 42541 rows, 58837 columns, 292298 nonzeros

Root barrier log...

Ordering time: 0.07s

Barrier statistics:
 AA' NZ     : 5.993e+05
 Factor NZ  : 1.094e+06 (roughly 50 MB of memory)
 Factor Ops : 7.380e+07 (less than 1 second per iteration)
 Threads    : 1

                  Objective                Residual
Iter       Primal          Dual         Primal    Dual     Compl     Time
   0  -3.33683619e-02 -3.44574522e+04  1.81e+04 1.81e-04  3.81e+00     2s
   1  -4.93861292e-02 -2.87608555e+04  2.42e+03 4.12e-03  5.55e-01     2s
   2   7.24029001e-02 -1.10099634e+04  3.51e+02 1.80e-04  1.09e-01     2s
   3   2.52234277e-02 -3.04052322e+03  1.06e+02 2.91e-06  2.93e-02     2s
   4  -4.35333330e-02 -2.40195274e+03  4.86e+01 2.86e-15  2.01e-02     2s
   5  -6.76207154e-02 -1.87450982e+03  2.86e+01 3.26e-15  1.51e-02     2s
   6  -7.29695402e-02 -1.40676193e+03  2.18e+01 3.37e-15  1.17e-02     2s
   7  -7.38723419e-02 -1.28397732e+03  1.90e+01 4.05e-15  1.07e-02     2s
   8  -6.38776490e-02 -1.04188517e+03  1.61e+01 6.66e-15  9.01e-03     2s
   9  -2.81207822e-02 -5.24837199e+02  1.09e+01 3.77e-15  4.99e-03     2s
  10  -9.86484278e-03 -1.85558050e+02  5.87e+00 5.81e-15  2.30e-03     2s
  11   7.81404759e-03 -9.15984357e+01  1.22e+00 4.99e-15  8.13e-04     2s
  12   1.08968789e-02 -2.32813282e+01  3.04e-01 5.27e-15  1.84e-04     2s
  13   1.10724163e-02 -3.34948712e+00  4.20e-05 6.19e-15  2.13e-05     2s
  14   3.05918667e-03 -6.42657791e-01  3.12e-08 4.46e-15  4.09e-06     2s
  15   4.11798703e-03 -4.17307210e-01  3.07e-08 4.52e-15  2.67e-06     2s
  16  -4.35783210e-04 -1.07403011e-01  8.88e-09 3.37e-15  6.78e-07     2s
  17  -2.95892842e-03 -7.88786576e-02  5.50e-09 3.74e-15  4.81e-07     2s
  18  -6.43941966e-03 -6.18291412e-02  3.79e-09 4.03e-15  3.51e-07     2s
  19  -1.03554598e-02 -4.68223744e-02  2.04e-09 4.19e-15  2.31e-07     3s
  20  -1.16511437e-02 -3.86802107e-02  1.67e-09 4.13e-15  1.71e-07     3s
  21  -1.25884004e-02 -3.48778150e-02  1.44e-09 5.14e-15  1.41e-07     3s
  22  -1.36591627e-02 -3.32181774e-02  1.17e-09 4.97e-15  1.24e-07     4s
  23  -1.48191791e-02 -2.92771820e-02  9.32e-10 4.85e-15  9.16e-08     4s
  24  -1.59093326e-02 -2.84969494e-02  6.97e-10 5.35e-15  7.97e-08     4s
  25  -1.62322954e-02 -2.78630606e-02  6.38e-10 5.54e-15  7.37e-08     4s
  26  -1.65465477e-02 -2.61362222e-02  5.77e-10 7.82e-12  6.07e-08     5s
  27  -1.70863100e-02 -2.57206944e-02  4.76e-10 5.77e-15  5.47e-08     5s
  28  -1.76396485e-02 -2.36724417e-02  3.83e-10 5.20e-15  3.82e-08     5s
  29  -1.85748760e-02 -2.22062891e-02  2.30e-10 4.84e-15  2.30e-08     5s
  30  -1.97160697e-02 -2.09563199e-02  7.71e-11 3.25e-15  7.86e-09     6s
  31  -1.99329811e-02 -2.03798424e-02  5.00e-11 3.27e-15  2.83e-09     6s
  32  -2.00268129e-02 -2.00645638e-02  8.13e-11 3.15e-15  2.39e-10     6s
  33  -2.00508660e-02 -2.00516946e-02  1.42e-10 1.14e-13  5.25e-12     6s
  34  -2.00510753e-02 -2.00510761e-02  2.30e-12 3.22e-15  5.25e-15     6s

Barrier solved model in 34 iterations and 6.40 seconds (2.62 work units)
Optimal objective -2.00510753e-02


Root crossover log...

   18912 DPushes remaining with DInf 0.0000000e+00                 6s
       0 DPushes remaining with DInf 0.0000000e+00                 7s

   23284 PPushes remaining with PInf 7.5789189e-05                 7s
       0 PPushes remaining with PInf 0.0000000e+00                 7s

  Push phase complete: Pinf 0.0000000e+00, Dinf 4.4434801e-05      7s


Root simplex log...

Iteration    Objective       Primal Inf.    Dual Inf.      Time
   34405   -2.0051075e-02   0.000000e+00   0.000000e+00      7s
   34424   -2.0051075e-02   0.000000e+00   0.000000e+00      7s
Crossover time: 0.83 seconds (0.74 work units)
   34424   -2.0051075e-02   0.000000e+00   0.000000e+00      7s

Root relaxation: objective -2.005108e-02, 34424 iterations, 6.18 seconds (2.35 work units)

    Nodes    |    Current Node    |     Objective Bounds      |     Work
 Expl Unexpl |  Obj  Depth IntInf | Incumbent    BestBd   Gap | It/Node Time

     0     0   -0.02005    0 1177   -0.01335   -0.02005  50.1%     -    7s
H    0     0                      -0.0170040   -0.02005  17.9%     -    7s
H    0     0                      -0.0170176   -0.02005  17.8%     -    7s
H    0     0                      -0.0187014   -0.02005  7.22%     -    7s
H    0     0                      -0.0187077   -0.02005  7.18%     -    7s
H    0     0                      -0.0187163   -0.02005  7.13%     -    8s
H    0     0                      -0.0187678   -0.02005  6.84%     -    8s
H    0     0                      -0.0188209   -0.02005  6.54%     -    8s
H    0     0                      -0.0188549   -0.02005  6.34%     -    8s
H    0     0                      -0.0189444   -0.02005  5.84%     -    9s
H    0     0                      -0.0189655   -0.02005  5.72%     -    9s
H    0     0                      -0.0190355   -0.02005  5.34%     -    9s
H    0     0                      -0.0190434   -0.02005  5.29%     -    9s
     0     0   -0.01998    0  934   -0.01904   -0.01998  4.89%     -   14s
     0     0   -0.01998    0  535   -0.01904   -0.01998  4.89%     -   26s
H    0     0                      -0.0190609   -0.01998  4.80%     -   27s
H    0     0                      -0.0190703   -0.01998  4.74%     -   27s
     0     0   -0.01982    0  410   -0.01907   -0.01982  3.95%     -   33s
     0     0   -0.01982    0 1203   -0.01907   -0.01982  3.95%     -   45s
     0     0   -0.01982    0 1045   -0.01907   -0.01982  3.95%     -   53s
H    0     0                      -0.0190816   -0.01982  3.89%     -   56s
     0     0   -0.01982    0 1266   -0.01908   -0.01982  3.89%     -   71s
     0     0   -0.01982    0 1226   -0.01908   -0.01982  3.89%     -   76s
H    0     0                      -0.0191089   -0.01982  3.74%     -   81s
     0     0   -0.01982    0 1198   -0.01911   -0.01982  3.74%     -   91s
     0     0   -0.01982    0  843   -0.01911   -0.01982  3.74%     -   99s
H    0     0                      -0.0191096   -0.01982  3.73%     -  105s
     0     0   -0.01982    0  746   -0.01911   -0.01982  3.73%     -  116s
     0     0   -0.01982    0  751   -0.01911   -0.01982  3.72%     -  126s
     0     0   -0.01982    0 1150   -0.01911   -0.01982  3.72%     -  144s
     0     0   -0.01982    0  893   -0.01911   -0.01982  3.72%     -  151s
     0     0   -0.01982    0 1202   -0.01911   -0.01982  3.72%     -  162s
     0     0   -0.01982    0 1036   -0.01911   -0.01982  3.72%     -  169s
     0     2   -0.01982    0 1036   -0.01911   -0.01982  3.72%     -  172s
     2     3     cutoff    1        -0.01911   -0.01952  2.14%   879  175s
     8     4   -0.01911    4  829   -0.01911   -0.01911  0.02%   344  180s
    11     7   -0.01911    7  753   -0.01911   -0.01911  0.02%   307  186s
    17    13   -0.01911   13  589   -0.01911   -0.01911  0.02%   348  190s
    20    16   -0.01911   15    1   -0.01911   -0.01911  0.02%   354  195s
*   22     0              16      -0.0191129   -0.01911  0.00%   489  196s

Cutting planes:
  Gomory: 7
  Lift-and-project: 1
  Implied bound: 1
  Projected implied bound: 7
  MIR: 309
  Mixing: 5
  Flow cover: 223
  Relax-and-lift: 2
  BQP: 112

Explored 23 nodes (267149 simplex iterations) in 196.97 seconds (122.54 work units)
Thread count was 1 (of 16 available processors)

Solution count 10: -0.0191129 -0.0191096 -0.0191089 ... -0.0188549

Optimal solution found (tolerance 0.00e+00)
Best objective -1.911288146881e-02, best bound -1.911288146881e-02, gap 0.0000%

User-callback calls 23358, time in user-callback 37.70 sec
Set parameter Threads to value 1
Set parameter Method to value 2
Set parameter NodeMethod to value 1
Set parameter Crossover to value 2
Set parameter DegenMoves to value 0
Set parameter CutPasses to value 1
Set parameter MIPFocus to value 3
Set parameter MIPGap to value 0
Set parameter MIPGapAbs to value 0
Set parameter FeasibilityTol to value 1e-08
Set parameter OptimalityTol to value 1e-08
Set parameter IntFeasTol to value 1e-08
Set parameter Seed to value 20260929
Set parameter TimeLimit to value 300
