
Gurobi 13.0.2 (win64) logging started Sun Oct  4 15:16:13 2026

Set parameter LogFile to value "docs/v42_m1_dw_certified_dual_bound/logs/PRICE_0018_MESS02.log"
Gurobi Optimizer version 13.0.2 build v13.0.2rc1 (win64 - Windows 11+.0 (26200.2))

CPU model: 13th Gen Intel(R) Core(TM) i7-13620H, instruction set [SSE2|AVX|AVX2]
Thread count: 10 physical cores, 16 logical processors, using up to 1 threads

Non-default parameters:
TimeLimit  300
FeasibilityTol  1e-08
IntFeasTol  1e-08
MIPGap  0
MIPGapAbs  0
OptimalityTol  1e-08
Method  2
Crossover  2
DegenMoves  0
MIPFocus  3
NodeMethod  1
CutPasses  1
LogToConsole  0
Seed  20260929
Threads  1

Optimize a model with 51527 rows, 58895 columns and 314932 nonzeros (Min)
Model fingerprint: 0x3a6a8b45
Model has 3096 linear objective coefficients and an objective constant of 5.1113779062575641e-03
Variable types: 6805 continuous, 52090 integer (52090 binary)
Coefficient statistics:
  Matrix range     [2e-01, 4e+02]
  Objective range  [1e-12, 1e-05]
  Bounds range     [1e+00, 1e+03]
  RHS range        [1e+00, 8e+02]

Loaded user MIP start with objective 0.000375142
MIP start from previous solve produced solution with objective -0.0170571 (0.05s)
MIP start from previous solve produced solution with objective -0.0170571 (0.06s)
Loaded MIP start from previous solve with objective -0.0170571

Presolve removed 8946 rows and 2 columns
Presolve time: 0.91s
Presolved: 42581 rows, 58893 columns, 292568 nonzeros
Variable types: 6803 continuous, 52090 integer (52090 binary)
Root relaxation presolve removed 1 rows and 1 columns
Root relaxation presolved: 42580 rows, 58892 columns, 292566 nonzeros

Root barrier log...

Ordering time: 0.06s

Barrier statistics:
 AA' NZ     : 5.996e+05
 Factor NZ  : 1.096e+06 (roughly 50 MB of memory)
 Factor Ops : 7.451e+07 (less than 1 second per iteration)
 Threads    : 1

                  Objective                Residual
Iter       Primal          Dual         Primal    Dual     Compl     Time
   0  -2.96058020e-02 -3.44919783e+04  1.80e+04 1.65e-04  3.80e+00     1s
   1  -4.40087328e-02 -2.94163714e+04  2.54e+03 3.23e-03  5.75e-01     2s
   2   6.72033997e-02 -1.16578628e+04  4.08e+02 2.75e-04  1.20e-01     2s
   3   1.68659929e-02 -2.59389221e+03  1.04e+02 1.21e-15  2.59e-02     2s
   4  -2.48277690e-02 -2.37191574e+03  6.63e+01 1.38e-15  2.12e-02     2s
   5  -5.69243622e-02 -2.07102640e+03  4.10e+01 1.29e-15  1.71e-02     2s
   6  -7.70045484e-02 -1.71359638e+03  2.49e+01 1.98e-15  1.35e-02     2s
   7  -8.23540107e-02 -1.39869172e+03  1.80e+01 2.47e-15  1.11e-02     2s
   8  -8.00267398e-02 -1.20333234e+03  1.42e+01 2.69e-15  9.66e-03     2s
   9  -7.36343222e-02 -1.15503843e+03  1.28e+01 3.20e-15  9.09e-03     2s
  10  -1.39347204e-02 -8.24704350e+02  7.41e+00 3.02e-15  6.26e-03     2s
  11   1.76696148e-03 -3.20713002e+02  3.60e+00 2.81e-15  2.58e-03     2s
  12   8.94450266e-03 -1.10184807e+02  3.78e-01 2.79e-15  7.54e-04     2s
  13   9.41604556e-03 -2.50927813e+01  2.55e-02 4.61e-15  1.61e-04     2s
  14   7.80049310e-03 -2.37967863e+00  2.25e-05 4.20e-15  1.51e-05     2s
  15   9.11912862e-04 -6.63526293e-01  8.06e-06 3.41e-15  4.21e-06     2s
  16   1.05437401e-03 -4.48905840e-01  5.82e-06 3.91e-15  2.85e-06     2s
  17  -4.30941589e-03 -2.39636663e-01  1.89e-06 3.65e-15  1.49e-06     3s
  18  -7.45065128e-03 -1.53047940e-01  9.53e-07 3.84e-15  9.22e-07     3s
  19  -1.04217831e-02 -1.17084068e-01  5.49e-07 3.96e-15  6.75e-07     3s
  20  -1.39666024e-02 -9.26641264e-02  2.16e-07 4.66e-15  4.98e-07     3s
  21  -1.57209680e-02 -6.76412137e-02  1.44e-07 4.15e-15  3.29e-07     4s
  22  -1.68702810e-02 -5.87329880e-02  1.07e-07 1.32e-10  2.65e-07     4s
  23  -1.78358753e-02 -5.43458872e-02  8.02e-08 4.86e-15  2.31e-07     4s
  24  -1.86304777e-02 -4.64017551e-02  5.93e-08 4.72e-15  1.76e-07     5s
  25  -2.01921340e-02 -4.18384234e-02  1.96e-08 5.23e-15  1.37e-07     5s
  26  -2.06089231e-02 -3.62319387e-02  1.32e-08 4.64e-15  9.89e-08     5s
  27  -2.07717470e-02 -3.30345213e-02  1.10e-08 4.79e-15  7.77e-08     5s
  28  -2.11844446e-02 -3.01162654e-02  6.28e-09 4.38e-15  5.66e-08     6s
  29  -2.15870084e-02 -2.64227082e-02  2.52e-09 3.56e-15  3.06e-08     6s
  30  -2.17062542e-02 -2.51630911e-02  1.72e-09 4.61e-15  2.19e-08     6s
  31  -2.17554724e-02 -2.43668711e-02  1.42e-09 4.30e-15  1.65e-08     6s
  32  -2.18587708e-02 -2.40926148e-02  8.92e-10 4.93e-15  1.41e-08     6s
  33  -2.19914416e-02 -2.30675897e-02  1.88e-10 2.63e-12  6.81e-09     6s
  34  -2.20308880e-02 -2.24129323e-02  6.21e-11 3.58e-15  2.42e-09     6s
  35  -2.20507080e-02 -2.22176236e-02  2.31e-11 3.60e-15  1.06e-09     6s
  36  -2.20588578e-02 -2.21276138e-02  9.37e-12 3.44e-15  4.35e-10     7s
  37  -2.20625774e-02 -2.20709409e-02  9.14e-12 3.21e-15  5.29e-11     7s
  38  -2.20630965e-02 -2.20631252e-02  1.72e-11 1.84e-13  1.82e-13     7s
  39  -2.20631068e-02 -2.20631068e-02  3.94e-13 3.32e-15  1.82e-16     7s

Barrier solved model in 39 iterations and 6.67 seconds (2.82 work units)
Optimal objective -2.20631068e-02


Root crossover log...

   19894 DPushes remaining with DInf 3.6726355e-07                 7s
       0 DPushes remaining with DInf 0.0000000e+00                 7s

   20787 PPushes remaining with PInf 4.5830834e-05                 7s
       0 PPushes remaining with PInf 0.0000000e+00                 7s

  Push phase complete: Pinf 0.0000000e+00, Dinf 9.7499133e-06      7s


Root simplex log...

Iteration    Objective       Primal Inf.    Dual Inf.      Time
   28910   -2.2063107e-02   0.000000e+00   0.000000e+00      7s
   28914   -2.2063107e-02   0.000000e+00   0.000000e+00      7s
Crossover time: 0.80 seconds (0.59 work units)
   28914   -2.2063107e-02   0.000000e+00   0.000000e+00      8s

Root relaxation: objective -2.206311e-02, 28914 iterations, 6.40 seconds (2.39 work units)

    Nodes    |    Current Node    |     Objective Bounds      |     Work
 Expl Unexpl |  Obj  Depth IntInf | Incumbent    BestBd   Gap | It/Node Time

     0     0   -0.02206    0 1184   -0.01706   -0.02206  29.3%     -    7s
H    0     0                      -0.0200041   -0.02206  10.3%     -    7s
H    0     0                      -0.0200096   -0.02206  10.3%     -    7s
H    0     0                      -0.0204708   -0.02206  7.78%     -    8s
H    0     0                      -0.0208120   -0.02206  6.01%     -    9s
H    0     0                      -0.0208881   -0.02206  5.63%     -    9s
     0     0   -0.02204    0 1115   -0.02089   -0.02204  5.51%     -   18s
     0     0   -0.02204    0 1166   -0.02089   -0.02204  5.51%     -   28s
H    0     0                      -0.0208884   -0.02204  5.51%     -   29s
     0     0   -0.02204    0  595   -0.02089   -0.02204  5.51%     -   36s
     0     0   -0.02204    0 1182   -0.02089   -0.02204  5.50%     -   52s
     0     0   -0.02204    0  958   -0.02089   -0.02204  5.50%     -   56s
     0     0   -0.02204    0 1116   -0.02089   -0.02204  5.50%     -   71s
     0     0   -0.02199    0  500   -0.02089   -0.02199  5.29%     -   78s
H    0     0                      -0.0208906   -0.02199  5.27%     -   80s
H    0     0                      -0.0208912   -0.02199  5.26%     -   80s
     0     0   -0.02199    0 1067   -0.02089   -0.02199  5.26%     -   89s
H    0     0                      -0.0208928   -0.02199  5.25%     -   90s
H    0     0                      -0.0208949   -0.02199  5.24%     -   90s
     0     0   -0.02198    0  668   -0.02089   -0.02198  5.21%     -   96s
     0     2   -0.02198    0  668   -0.02089   -0.02198  5.19%     -   98s
     2     4   -0.02093    1  664   -0.02089   -0.02158  3.28%   361  100s
     5     7   -0.02156    4  807   -0.02089   -0.02156  3.18%   199  105s
    10    12   -0.02156    8  379   -0.02089   -0.02156  3.18%   174  111s
    14    16   -0.02156    9  450   -0.02089   -0.02156  3.18%   183  115s
    19    21   -0.02156   11  361   -0.02089   -0.02156  3.18%   167  120s
    26    28   -0.02156   15  342   -0.02089   -0.02156  3.18%   160  126s
    28    30   -0.02156   16  342   -0.02089   -0.02156  3.18%   166  130s
    35    37   -0.02156   16  288   -0.02089   -0.02156  3.18%   186  135s
    37    39   -0.02156   17  288   -0.02089   -0.02156  3.18%   186  140s
    45    47   -0.02156   17  288   -0.02089   -0.02156  3.18%   201  146s
    48    50   -0.02156   17  290   -0.02089   -0.02156  3.18%   214  150s
    54    56   -0.02156   20  288   -0.02089   -0.02156  3.18%   226  155s
H   59    58                      -0.0209002   -0.02156  3.15%   223  160s
H   63    62                      -0.0209043   -0.02156  3.13%   231  167s
H   63    62                      -0.0209192   -0.02156  3.06%   231  167s
    69    70   -0.02156   19  288   -0.02092   -0.02156  3.06%   242  170s
    74    75   -0.02156   15  290   -0.02092   -0.02156  3.06%   245  175s
    83    84   -0.02156   20  291   -0.02092   -0.02156  3.06%   235  180s
    88    89   -0.02156   17  290   -0.02092   -0.02156  3.06%   229  185s
    99   100   -0.02156   23  295   -0.02092   -0.02156  3.06%   224  190s
   104   105   -0.02156   26  290   -0.02092   -0.02156  3.06%   229  195s
   114   115   -0.02156   24  295   -0.02092   -0.02156  3.06%   223  200s
H  118   115                      -0.0209286   -0.02156  3.01%   226  203s
   121   120   -0.02156   28  291   -0.02093   -0.02156  3.01%   227  205s
H  124   121                      -0.0209314   -0.02156  3.00%   226  206s
   128   127   -0.02156   30  295   -0.02093   -0.02156  3.00%   224  211s
H  130   127                      -0.0209318   -0.02156  3.00%   224  212s
   136   135   -0.02156   34  295   -0.02093   -0.02156  3.00%   225  215s
   139   138   -0.02156   36  284   -0.02093   -0.02156  3.00%   227  220s
   149   148   -0.02156   41  284   -0.02093   -0.02156  3.00%   226  225s
   153   152   -0.02156   43  284   -0.02093   -0.02156  3.00%   227  230s
   164   163   -0.02156   48  295   -0.02093   -0.02156  3.00%   226  239s
   165   164   -0.02156   49  284   -0.02093   -0.02156  3.00%   227  240s
   174   173   -0.02156   53  295   -0.02093   -0.02156  3.00%   226  247s
   181   180   -0.02156   57  284   -0.02093   -0.02156  3.00%   225  250s
   188   187   -0.02156   60  296   -0.02093   -0.02156  3.00%   222  255s
   199   198   -0.02156   21  290   -0.02093   -0.02156  3.00%   219  260s
   202   201   -0.02156   22  294   -0.02093   -0.02156  3.00%   218  265s
   216   215   -0.02156   27  294   -0.02093   -0.02156  3.00%   218  273s
   219   218   -0.02156   29  284   -0.02093   -0.02156  3.00%   220  275s
   230   229   -0.02156   34  294   -0.02093   -0.02156  3.00%   219  282s
   235   234   -0.02156   37  284   -0.02093   -0.02156  3.00%   221  285s
   248   247   -0.02156   43  294   -0.02093   -0.02156  3.00%   218  290s
   254   253   -0.02156   46  294   -0.02093   -0.02156  3.00%   215  295s

Cutting planes:
  Lift-and-project: 1
  Projected implied bound: 5
  MIR: 314
  Flow cover: 102
  Relax-and-lift: 1
  BQP: 119

Explored 260 nodes (212659 simplex iterations) in 300.14 seconds (201.47 work units)
Thread count was 1 (of 16 available processors)

Solution count 10: -0.0209318 -0.0209314 -0.0209043 ... -0.0204708

Time limit reached
Best objective -2.093177583713e-02, best bound -2.155938683523e-02, gap 2.9984%

User-callback calls 56466, time in user-callback 90.39 sec
