
Gurobi 13.0.2 (win64) logging started Sun Oct  4 14:48:17 2026

Set parameter LogFile to value "docs/v42_m1_dw_certified_dual_bound/logs/PRICE_0005_MESS01.log"
Gurobi Optimizer version 13.0.2 build v13.0.2rc1 (win64 - Windows 11+.0 (26200.2))

CPU model: 13th Gen Intel(R) Core(TM) i7-13620H, instruction set [SSE2|AVX|AVX2]
Thread count: 10 physical cores, 16 logical processors, using up to 1 threads

Non-default parameters:
TimeLimit  300
FeasibilityTol  1e-08
IntFeasTol  1e-08
MIPGap  0
MIPGapAbs  0
OptimalityTol  1e-08
Method  2
Crossover  2
DegenMoves  0
MIPFocus  3
NodeMethod  1
CutPasses  1
LogToConsole  0
Seed  20260929
Threads  1

Optimize a model with 51458 rows, 58814 columns and 314503 nonzeros (Min)
Model fingerprint: 0x7c25420f
Model has 3096 linear objective coefficients and an objective constant of 5.1262634729719080e-03
Variable types: 6796 continuous, 52018 integer (52018 binary)
Coefficient statistics:
  Matrix range     [2e-01, 4e+02]
  Objective range  [4e-11, 2e-05]
  Bounds range     [1e+00, 1e+03]
  RHS range        [1e+00, 8e+02]

Loaded user MIP start with objective 0.0019484
MIP start from previous solve produced solution with objective -0.0171088 (0.04s)
MIP start from previous solve produced solution with objective -0.0171385 (0.05s)
Loaded MIP start from previous solve with objective -0.0171385

Presolve removed 8934 rows and 2 columns
Presolve time: 0.88s
Presolved: 42524 rows, 58812 columns, 292169 nonzeros
Variable types: 6794 continuous, 52018 integer (52018 binary)
Root relaxation presolve removed 2 rows and 2 columns
Root relaxation presolved: 42522 rows, 58810 columns, 292165 nonzeros

Root barrier log...

Ordering time: 0.41s

Barrier statistics:
 AA' NZ     : 5.988e+05
 Factor NZ  : 1.086e+06 (roughly 50 MB of memory)
 Factor Ops : 7.173e+07 (less than 1 second per iteration)
 Threads    : 1

                  Objective                Residual
Iter       Primal          Dual         Primal    Dual     Compl     Time
   0  -6.67418667e-02 -3.44328487e+04  1.80e+04 3.17e-04  3.80e+00     2s
   1  -5.67120762e-02 -2.95284547e+04  2.42e+03 3.01e-03  5.56e-01     3s
   2   7.82167372e-02 -9.27159936e+03  3.51e+02 1.56e-04  9.62e-02     3s
   3  -1.11242880e-02 -2.43482722e+03  8.38e+01 2.30e-15  2.33e-02     3s
   4  -6.05193808e-02 -1.95069101e+03  4.22e+01 2.17e-15  1.67e-02     3s
   5  -7.61865755e-02 -1.62462857e+03  2.82e+01 2.39e-15  1.35e-02     4s
   6  -7.87930307e-02 -1.31180774e+03  1.97e+01 3.51e-15  1.10e-02     4s
   7  -5.66300254e-02 -1.08188427e+03  1.39e+01 2.83e-15  8.99e-03     4s
   8   2.93696093e-03 -2.52821375e+02  3.41e+00 1.84e-15  2.20e-03     4s
   9   8.65611361e-03 -5.77255577e+01  5.32e-01 1.78e-15  4.50e-04     5s
  10   9.28486002e-03 -3.61494616e+01  1.06e-01 1.63e-15  2.41e-04     5s
  11   8.51235441e-03 -3.29618047e+00  5.16e-05 1.96e-15  2.10e-05     5s
  12   3.16284031e-03 -9.04186156e-01  8.23e-06 1.06e-15  5.75e-06     5s
  13  -2.20643287e-03 -4.43295301e-01  1.57e-06 9.13e-16  2.80e-06     5s
  14  -7.09718197e-03 -1.68795223e-01  3.22e-07 8.14e-16  1.03e-06     5s
  15  -1.00341148e-02 -1.05759022e-01  1.97e-07 8.77e-16  6.07e-07     5s
  16  -1.20812037e-02 -8.36987429e-02  1.38e-07 1.00e-15  4.54e-07     5s
  17  -1.59442609e-02 -7.74667032e-02  6.64e-08 1.05e-15  3.90e-07     5s
  18  -1.95479219e-02 -6.11578667e-02  3.51e-08 1.06e-15  2.64e-07     5s
  19  -2.05323728e-02 -5.60215884e-02  2.93e-08 1.12e-15  2.25e-07     5s
  20  -2.12448169e-02 -5.26124322e-02  2.55e-08 1.26e-15  1.99e-07     5s
  21  -2.22534487e-02 -4.56041985e-02  2.02e-08 1.18e-15  1.48e-07     5s
  22  -2.28672376e-02 -4.12046185e-02  1.71e-08 1.11e-15  1.16e-07     6s
  23  -2.38266161e-02 -3.72433685e-02  1.20e-08 1.15e-15  8.51e-08     6s
  24  -2.44501584e-02 -3.65254241e-02  9.27e-09 1.28e-15  7.66e-08     6s
  25  -2.46644677e-02 -3.54927959e-02  8.40e-09 1.38e-15  6.87e-08     6s
  26  -2.50502606e-02 -3.42589444e-02  6.81e-09 1.38e-15  5.84e-08     6s
  27  -2.53628905e-02 -3.24261851e-02  5.60e-09 1.16e-15  4.48e-08     6s
  28  -2.58965132e-02 -3.10267924e-02  3.61e-09 1.17e-15  3.25e-08     6s
  29  -2.63215100e-02 -3.00370068e-02  2.14e-09 1.08e-15  2.36e-08     6s
  30  -2.66404712e-02 -2.93571682e-02  1.04e-09 1.24e-15  1.72e-08     6s
  31  -2.68456456e-02 -2.78009375e-02  4.18e-10 8.76e-16  6.06e-09     6s
  32  -2.69183874e-02 -2.76365794e-02  2.45e-10 9.56e-16  4.55e-09     6s
  33  -2.69778051e-02 -2.72931822e-02  1.07e-10 8.78e-16  2.00e-09     6s
  34  -2.69810787e-02 -2.71438898e-02  9.97e-11 9.07e-16  1.03e-09     6s
  35  -2.70015128e-02 -2.70616695e-02  5.46e-10 9.38e-16  3.81e-10     6s
  36  -2.70019393e-02 -2.70577717e-02  5.51e-10 2.45e-15  3.54e-10     6s
  37  -2.70037815e-02 -2.70554830e-02  4.95e-10 3.87e-15  3.28e-10     6s
  38  -2.70077096e-02 -2.70344266e-02  3.84e-10 1.23e-14  1.69e-10     6s
  39  -2.70140732e-02 -2.70324725e-02  5.49e-10 1.44e-14  1.17e-10     6s
  40  -2.70152869e-02 -2.70299463e-02  1.02e-09 1.76e-14  9.29e-11     6s
  41  -2.70180726e-02 -2.70228761e-02  3.35e-09 1.94e-14  3.04e-11     6s
  42  -2.70205162e-02 -2.70205845e-02  3.82e-10 1.65e-14  4.33e-13     6s
  43  -2.70205442e-02 -2.70205443e-02  1.54e-11 7.95e-16  4.33e-16     7s

Barrier solved model in 43 iterations and 6.55 seconds (2.96 work units)
Optimal objective -2.70205442e-02


Root crossover log...

   19482 DPushes remaining with DInf 0.0000000e+00                 7s
       0 DPushes remaining with DInf 0.0000000e+00                 7s

   22263 PPushes remaining with PInf 2.2363365e-06                 7s
       0 PPushes remaining with PInf 0.0000000e+00                 7s

  Push phase complete: Pinf 0.0000000e+00, Dinf 3.5986593e-06      7s


Root simplex log...

Iteration    Objective       Primal Inf.    Dual Inf.      Time
   30922   -2.7020544e-02   0.000000e+00   0.000000e+00      7s
   30924   -2.7020544e-02   0.000000e+00   0.000000e+00      7s
Crossover time: 0.65 seconds (0.53 work units)
   30924   -2.7020544e-02   0.000000e+00   0.000000e+00      7s

Root relaxation: objective -2.702054e-02, 30924 iterations, 6.16 seconds (2.49 work units)

    Nodes    |    Current Node    |     Objective Bounds      |     Work
 Expl Unexpl |  Obj  Depth IntInf | Incumbent    BestBd   Gap | It/Node Time

     0     0   -0.02702    0 1322   -0.01714   -0.02702  57.7%     -    7s
H    0     0                      -0.0221039   -0.02702  22.2%     -    7s
H    0     0                      -0.0221434   -0.02702  22.0%     -    7s
H    0     0                      -0.0267222   -0.02702  1.12%     -    7s
H    0     0                      -0.0267616   -0.02702  0.97%     -    7s
H    0     0                      -0.0267773   -0.02702  0.91%     -    8s
     0     0   -0.02698    0 1214   -0.02678   -0.02698  0.77%     -   17s
     0     0   -0.02698    0  641   -0.02678   -0.02698  0.77%     -   27s
     0     0   -0.02698    0  582   -0.02678   -0.02698  0.77%     -   34s
     0     0   -0.02698    0 1182   -0.02678   -0.02698  0.75%     -   42s
     0     0   -0.02698    0  270   -0.02678   -0.02698  0.75%     -   49s
     0     2   -0.02698    0  270   -0.02678   -0.02698  0.74%     -   50s

Cutting planes:
  Gomory: 20
  Projected implied bound: 9
  MIR: 269
  Flow cover: 106
  BQP: 276

Explored 5 nodes (92550 simplex iterations) in 51.84 seconds (34.69 work units)
Thread count was 1 (of 16 available processors)

Solution count 4: -0.0267773 -0.0267616 -0.0221434 -0.0171385 

Optimal solution found (tolerance 0.00e+00)
Best objective -2.677730343286e-02, best bound -2.677730343286e-02, gap 0.0000%

User-callback calls 5629, time in user-callback 9.51 sec
Set parameter Threads to value 1
Set parameter Method to value 2
Set parameter NodeMethod to value 1
Set parameter Crossover to value 2
Set parameter DegenMoves to value 0
Set parameter CutPasses to value 1
Set parameter MIPFocus to value 3
Set parameter MIPGap to value 0
Set parameter MIPGapAbs to value 0
Set parameter FeasibilityTol to value 1e-08
Set parameter OptimalityTol to value 1e-08
Set parameter IntFeasTol to value 1e-08
Set parameter Seed to value 20260929
Set parameter TimeLimit to value 300
