
Gurobi 13.0.2 (win64) logging started Sun Oct  4 15:23:19 2026

Set parameter LogFile to value "docs/v42_m1_dw_certified_dual_bound/logs/PRICE_0020_MESS04.log"
Gurobi Optimizer version 13.0.2 build v13.0.2rc1 (win64 - Windows 11+.0 (26200.2))

CPU model: 13th Gen Intel(R) Core(TM) i7-13620H, instruction set [SSE2|AVX|AVX2]
Thread count: 10 physical cores, 16 logical processors, using up to 1 threads

Non-default parameters:
TimeLimit  300
FeasibilityTol  1e-08
IntFeasTol  1e-08
MIPGap  0
MIPGapAbs  0
OptimalityTol  1e-08
Method  2
Crossover  2
DegenMoves  0
MIPFocus  3
NodeMethod  1
CutPasses  1
LogToConsole  0
Seed  20260929
Threads  1

Optimize a model with 51481 rows, 58841 columns and 314646 nonzeros (Min)
Model fingerprint: 0xc0bb9891
Model has 3096 linear objective coefficients and an objective constant of 8.7437030189932170e-03
Variable types: 6799 continuous, 52042 integer (52042 binary)
Coefficient statistics:
  Matrix range     [2e-01, 4e+02]
  Objective range  [1e-12, 1e-05]
  Bounds range     [1e+00, 1e+03]
  RHS range        [1e+00, 8e+02]

Loaded user MIP start with objective 0.00204537
MIP start from previous solve produced solution with objective -0.013444 (0.07s)
MIP start from previous solve produced solution with objective -0.013444 (0.07s)
Loaded MIP start from previous solve with objective -0.013444

Presolve removed 8938 rows and 2 columns
Presolve time: 0.90s
Presolved: 42543 rows, 58839 columns, 292302 nonzeros
Variable types: 6797 continuous, 52042 integer (52042 binary)
Root relaxation presolve removed 2 rows and 2 columns
Root relaxation presolved: 42541 rows, 58837 columns, 292298 nonzeros

Root barrier log...

Ordering time: 0.13s

Barrier statistics:
 AA' NZ     : 5.993e+05
 Factor NZ  : 1.094e+06 (roughly 50 MB of memory)
 Factor Ops : 7.380e+07 (less than 1 second per iteration)
 Threads    : 1

                  Objective                Residual
Iter       Primal          Dual         Primal    Dual     Compl     Time
   0  -2.60642334e-02 -3.44574543e+04  1.81e+04 1.65e-04  3.81e+00     2s
   1  -4.72983963e-02 -2.87606407e+04  2.42e+03 4.12e-03  5.55e-01     2s
   2   7.21384812e-02 -1.10096424e+04  3.51e+02 1.80e-04  1.09e-01     2s
   3   2.52246107e-02 -3.04040124e+03  1.06e+02 2.90e-06  2.93e-02     2s
   4  -4.24355821e-02 -2.40205448e+03  4.86e+01 1.26e-15  2.01e-02     2s
   5  -6.59728527e-02 -1.87466081e+03  2.86e+01 1.22e-15  1.51e-02     2s
   6  -7.10337203e-02 -1.40650784e+03  2.18e+01 1.93e-15  1.17e-02     2s
   7  -7.18307438e-02 -1.28383201e+03  1.90e+01 2.27e-15  1.07e-02     2s
   8  -6.17158370e-02 -1.04145959e+03  1.61e+01 2.72e-15  9.01e-03     2s
   9  -2.62773114e-02 -5.24790286e+02  1.09e+01 1.94e-15  4.99e-03     2s
  10  -8.43455444e-03 -1.85620532e+02  5.87e+00 2.91e-15  2.30e-03     2s
  11   8.86497405e-03 -9.16265772e+01  1.22e+00 2.98e-15  8.13e-04     2s
  12   1.19114727e-02 -2.31814308e+01  3.03e-01 1.92e-15  1.83e-04     2s
  13   1.20380528e-02 -3.33566617e+00  4.15e-05 2.55e-15  2.12e-05     2s
  14   4.45615849e-03 -6.36186801e-01  3.84e-08 1.11e-15  4.06e-06     2s
  15   5.66388936e-03 -2.74766552e-01  2.92e-08 9.33e-16  1.78e-06     2s
  16   9.12157893e-04 -1.07899949e-01  1.19e-08 8.57e-16  6.89e-07     2s
  17  -2.84269972e-03 -7.98929519e-02  6.73e-09 1.00e-15  4.88e-07     3s
  18  -6.69125294e-03 -5.74837333e-02  3.68e-09 1.04e-15  3.22e-07     3s
  19  -9.55653768e-03 -4.98276637e-02  2.10e-09 1.21e-15  2.55e-07     3s
  20  -1.15709319e-02 -4.13097542e-02  1.31e-09 1.08e-15  1.88e-07     3s
  21  -1.23548009e-02 -3.88531839e-02  1.09e-09 1.29e-15  1.68e-07     3s
  22  -1.37778522e-02 -3.34949601e-02  7.18e-10 1.26e-15  1.25e-07     3s
  23  -1.45779958e-02 -3.07558488e-02  5.48e-10 1.26e-15  1.02e-07     3s
  24  -1.49076374e-02 -2.75707396e-02  4.93e-10 1.07e-15  8.02e-08     3s
  25  -1.56467517e-02 -2.67986453e-02  3.75e-10 1.31e-15  7.06e-08     3s
  26  -1.61617228e-02 -2.59984490e-02  2.80e-10 1.44e-15  6.23e-08     3s
  27  -1.66233681e-02 -2.51731518e-02  2.10e-10 1.40e-15  5.42e-08     3s
  28  -1.68233172e-02 -2.36090934e-02  1.72e-10 1.34e-15  4.30e-08     3s
  29  -1.72877168e-02 -2.18873731e-02  1.16e-10 1.51e-15  2.91e-08     3s
  30  -1.75844524e-02 -2.14475955e-02  8.75e-11 1.63e-15  2.45e-08     3s
  31  -1.78444429e-02 -2.03522897e-02  5.25e-11 1.22e-15  1.59e-08     3s
  32  -1.80026091e-02 -1.97439867e-02  3.74e-11 1.20e-15  1.10e-08     3s
  33  -1.81494576e-02 -1.94359827e-02  2.94e-11 1.02e-15  8.15e-09     3s
  34  -1.82651230e-02 -1.90744627e-02  1.99e-11 1.16e-15  5.13e-09     3s
  35  -1.83006420e-02 -1.86402703e-02  1.67e-11 8.57e-16  2.15e-09     3s
  36  -1.83986591e-02 -1.85204700e-02  1.26e-11 8.25e-16  7.72e-10     3s
  37  -1.84124885e-02 -1.84757189e-02  1.50e-11 8.88e-16  4.01e-10     3s
  38  -1.84224804e-02 -1.84488797e-02  1.74e-11 1.00e-14  1.67e-10     3s
  39  -1.84304664e-02 -1.84315970e-02  5.60e-11 5.12e-13  7.16e-12     4s
  40  -1.84307781e-02 -1.84307825e-02  2.36e-12 3.40e-14  2.77e-14     4s

Barrier solved model in 40 iterations and 3.56 seconds (2.85 work units)
Optimal objective -1.84307781e-02

Crossover time: 1.02 seconds (0.93 work units)

Root relaxation: objective -1.843078e-02, 39186 iterations, 3.48 seconds (2.77 work units)

    Nodes    |    Current Node    |     Objective Bounds      |     Work
 Expl Unexpl |  Obj  Depth IntInf | Incumbent    BestBd   Gap | It/Node Time

     0     0   -0.01843    0 1179   -0.01344   -0.01843  37.1%     -    4s
H    0     0                      -0.0161466   -0.01843  14.1%     -    4s
H    0     0                      -0.0168360   -0.01843  9.47%     -    5s
H    0     0                      -0.0172032   -0.01843  7.14%     -    8s
H    0     0                      -0.0172324   -0.01843  6.95%     -    9s
H    0     0                      -0.0172474   -0.01843  6.86%     -    9s
H    0     0                      -0.0172674   -0.01843  6.74%     -    9s
     0     0   -0.01841    0  118   -0.01727   -0.01841  6.60%     -   16s
     0     0   -0.01841    0 1270   -0.01727   -0.01841  6.60%     -   28s
     0     0   -0.01841    0  843   -0.01727   -0.01841  6.60%     -   34s
     0     0   -0.01841    0 1186   -0.01727   -0.01841  6.59%     -   47s
     0     0   -0.01841    0  494   -0.01727   -0.01841  6.59%     -   54s
     0     0   -0.01840    0 1099   -0.01727   -0.01840  6.57%     -   65s
     0     0   -0.01840    0  135   -0.01727   -0.01840  6.57%     -   71s
     0     0   -0.01840    0 1206   -0.01727   -0.01840  6.57%     -   75s
     0     0   -0.01835    0  386   -0.01727   -0.01835  6.28%     -   81s
H    0     0                      -0.0172687   -0.01833  6.15%     -   83s
H    0     0                      -0.0172692   -0.01833  6.14%     -   83s
     0     0   -0.01833    0 1201   -0.01727   -0.01833  6.14%     -   91s
     0     0   -0.01833    0 1073   -0.01727   -0.01833  6.14%     -   98s
     0     2   -0.01833    0 1073   -0.01727   -0.01833  6.14%     -  100s
     3     3   -0.01794    2  839   -0.01727   -0.01794  3.87%   860  106s
     8     6   -0.01791    4  529   -0.01727   -0.01791  3.72%   684  110s
    11     9   -0.01791    6  423   -0.01727   -0.01791  3.72%   526  115s
    18    10   -0.01791    5  752   -0.01727   -0.01791  3.72%   389  123s
    19    11   -0.01791    4  730   -0.01727   -0.01791  3.71%   381  125s
    34    16   -0.01745    8  245   -0.01727   -0.01745  1.07%   390  132s
    38    20   -0.01745    7  694   -0.01727   -0.01745  1.07%   366  135s
    51    21   -0.01741    7  697   -0.01727   -0.01744  1.01%   369  140s
    60    24     cutoff    8        -0.01727   -0.01741  0.81%   448  146s
    61    25   -0.01741    9  697   -0.01727   -0.01741  0.81%   441  151s
H   64    22                      -0.0172804   -0.01741  0.74%   427  151s
H   64    22                      -0.0172831   -0.01741  0.73%   427  151s
    74    22   -0.01740   10  689   -0.01728   -0.01740  0.71%   403  155s
H   79    19                      -0.0172866   -0.01740  0.68%   385  155s
H   79    19                      -0.0172893   -0.01740  0.67%   385  155s
    95    15   -0.01735   10  714   -0.01729   -0.01735  0.38%   366  160s
   101    21   -0.01735   12  683   -0.01729   -0.01735  0.37%   349  165s
   108    20   -0.01735   13  333   -0.01729   -0.01735  0.35%   330  170s
H  112    20                      -0.0172950   -0.01735  0.32%   321  172s
H  112    20                      -0.0172977   -0.01735  0.30%   321  172s
   114    24   -0.01735   13  688   -0.01730   -0.01735  0.29%   316  177s
   121    25   -0.01735   13  690   -0.01730   -0.01735  0.28%   302  180s
   125    29   -0.01734   15  647   -0.01730   -0.01735  0.27%   293  186s
   135    32   -0.01734   14  443   -0.01730   -0.01734  0.27%   274  190s
   137    34   -0.01734   15  670   -0.01730   -0.01734  0.27%   270  195s
   167    35   -0.01732   17  336   -0.01730   -0.01733  0.16%   249  200s
*  184     0              21      -0.0173137   -0.01731  0.00%   252  204s

Cutting planes:
  Gomory: 9
  Projected implied bound: 5
  MIR: 358
  Flow cover: 156
  Relax-and-lift: 5
  BQP: 246

Explored 185 nodes (251168 simplex iterations) in 204.64 seconds (146.46 work units)
Thread count was 1 (of 16 available processors)

Solution count 10: -0.0173137 -0.0172977 -0.0172893 ... -0.0161466

Optimal solution found (tolerance 0.00e+00)
Best objective -1.731371286478e-02, best bound -1.731371286478e-02, gap 0.0000%

User-callback calls 31413, time in user-callback 49.06 sec
