
Gurobi 13.0.2 (win64) logging started Sun Oct  4 14:32:02 2026

Set parameter LogFile to value "docs/v42_m1_dw_certified_dual_bound/logs/PRICE_0001_MESS01.log"
Gurobi Optimizer version 13.0.2 build v13.0.2rc1 (win64 - Windows 11+.0 (26200.2))

CPU model: 13th Gen Intel(R) Core(TM) i7-13620H, instruction set [SSE2|AVX|AVX2]
Thread count: 10 physical cores, 16 logical processors, using up to 1 threads

Non-default parameters:
TimeLimit  300
FeasibilityTol  1e-08
IntFeasTol  1e-08
MIPGap  0
MIPGapAbs  0
OptimalityTol  1e-08
Method  2
Crossover  2
DegenMoves  0
MIPFocus  3
NodeMethod  1
CutPasses  1
LogToConsole  0
Seed  20260929
Threads  1

Optimize a model with 51458 rows, 58814 columns and 314503 nonzeros (Min)
Model fingerprint: 0x90ff61a8
Model has 3168 linear objective coefficients and an objective constant of 4.4347843051143337e-03
Variable types: 6796 continuous, 52018 integer (52018 binary)
Coefficient statistics:
  Matrix range     [2e-01, 4e+02]
  Objective range  [1e-10, 6e-06]
  Bounds range     [1e+00, 1e+03]
  RHS range        [1e+00, 8e+02]

Presolve removed 8934 rows and 2 columns
Presolve time: 3.18s
Presolved: 42524 rows, 58812 columns, 292169 nonzeros
Variable types: 6794 continuous, 52018 integer (52018 binary)
Found heuristic solution: objective -0.0013498
Found heuristic solution: objective -0.0029656
Root relaxation presolve removed 2 rows and 2 columns
Root relaxation presolved: 42522 rows, 58810 columns, 292165 nonzeros

Root barrier log...

Ordering time: 0.06s

Barrier statistics:
 AA' NZ     : 5.988e+05
 Factor NZ  : 1.086e+06 (roughly 50 MB of memory)
 Factor Ops : 7.173e+07 (less than 1 second per iteration)
 Threads    : 1

                  Objective                Residual
Iter       Primal          Dual         Primal    Dual     Compl     Time
   0  -5.96601731e-02 -3.44328403e+04  1.80e+04 1.01e-04  3.80e+00     4s
   1  -5.68546143e-02 -2.95258862e+04  2.42e+03 3.01e-03  5.55e-01     4s
   2   8.06790950e-02 -9.26805093e+03  3.51e+02 1.57e-04  9.62e-02     4s
   3  -1.08942814e-02 -2.43544476e+03  8.38e+01 3.14e-15  2.33e-02     4s
   4  -6.11357608e-02 -1.93668372e+03  4.22e+01 3.17e-15  1.66e-02     5s
   5  -7.89736059e-02 -1.52762731e+03  2.56e+01 2.56e-15  1.26e-02     5s
   6  -8.37866236e-02 -1.20953674e+03  1.69e+01 3.55e-15  9.95e-03     5s
   7  -7.83773104e-02 -1.04189288e+03  1.38e+01 4.46e-15  8.69e-03     5s
   8  -6.20503583e-02 -9.33870087e+02  1.10e+01 4.67e-15  7.48e-03     5s
   9   3.02096706e-03 -3.84888003e+02  3.38e+00 3.08e-15  2.88e-03     5s
  10   7.19144654e-03 -1.47315063e+02  1.12e+00 3.15e-15  1.09e-03     5s
  11   8.51230661e-03 -1.01143670e+02  3.24e-01 3.75e-15  6.83e-04     5s
  12   8.82894853e-03 -1.44566994e+01  1.17e-03 2.63e-15  9.18e-05     5s
  13   6.49941119e-03 -1.71945375e+00  1.07e-07 2.58e-15  1.09e-05     5s
  14   8.34984982e-04 -5.53199985e-01  4.67e-08 1.14e-15  3.51e-06     5s
  15  -3.99304316e-03 -2.41259879e-01  1.14e-08 9.25e-16  1.50e-06     5s
  16  -9.03783899e-03 -1.29624035e-01  5.69e-09 9.00e-16  7.64e-07     5s
  17  -1.33294424e-02 -9.63334122e-02  3.23e-09 1.00e-15  5.26e-07     5s
  18  -1.75547183e-02 -7.00636467e-02  1.21e-09 9.67e-16  3.33e-07     5s
  19  -1.84912848e-02 -5.67185128e-02  8.69e-10 9.57e-16  2.42e-07     5s
  20  -1.94459441e-02 -4.61414908e-02  5.26e-10 1.14e-15  1.69e-07     5s
  21  -1.95806301e-02 -4.38134869e-02  4.90e-10 1.20e-15  1.54e-07     5s
  22  -2.01002343e-02 -3.97380801e-02  3.51e-10 1.21e-15  1.24e-07     5s
  23  -2.05891313e-02 -3.22966564e-02  2.42e-10 9.91e-16  7.42e-08     5s
  24  -2.11249437e-02 -2.89012457e-02  1.55e-10 1.02e-15  4.93e-08     5s
  25  -2.14492327e-02 -2.62397419e-02  1.23e-10 9.17e-16  3.04e-08     5s
  26  -2.17775580e-02 -2.51581092e-02  1.15e-10 9.60e-16  2.14e-08     6s
  27  -2.20434556e-02 -2.50875547e-02  5.04e-11 1.15e-15  1.93e-08     6s
  28  -2.22961618e-02 -2.35168495e-02  3.75e-11 8.82e-16  7.74e-09     6s
  29  -2.23357592e-02 -2.32877597e-02  2.03e-10 1.09e-15  6.03e-09     6s
  30  -2.23553833e-02 -2.31575248e-02  1.82e-10 1.17e-15  5.08e-09     6s
  31  -2.24542869e-02 -2.27404312e-02  3.78e-11 8.77e-16  1.81e-09     6s
  32  -2.24813011e-02 -2.25856996e-02  6.83e-11 8.19e-16  6.62e-10     6s
  33  -2.24878612e-02 -2.25239885e-02  7.10e-11 7.74e-16  2.29e-10     6s
  34  -2.24891674e-02 -2.25078605e-02  1.52e-10 8.61e-16  1.18e-10     6s
  35  -2.24896303e-02 -2.24938383e-02  1.53e-10 3.21e-13  2.67e-11     6s
  36  -2.24899425e-02 -2.24901403e-02  3.48e-11 7.34e-13  1.25e-12     6s
  37  -2.24900119e-02 -2.24900120e-02  2.03e-12 7.12e-14  7.08e-16     6s

Barrier solved model in 37 iterations and 6.03 seconds (3.07 work units)
Optimal objective -2.24900119e-02


Root crossover log...

   19534 DPushes remaining with DInf 0.0000000e+00                 6s
       0 DPushes remaining with DInf 0.0000000e+00                 6s

   20815 PPushes remaining with PInf 9.0603929e-05                 6s
       0 PPushes remaining with PInf 0.0000000e+00                 7s

  Push phase complete: Pinf 0.0000000e+00, Dinf 9.8957188e-05      7s


Root simplex log...

Iteration    Objective       Primal Inf.    Dual Inf.      Time
   31492   -2.2490012e-02   0.000000e+00   0.000000e+00      7s
   31507   -2.2490012e-02   0.000000e+00   0.000000e+00      7s
Crossover time: 0.52 seconds (0.51 work units)
   31507   -2.2490012e-02   0.000000e+00   0.000000e+00      7s

Root relaxation: objective -2.249001e-02, 31507 iterations, 2.57 seconds (2.28 work units)

    Nodes    |    Current Node    |     Objective Bounds      |     Work
 Expl Unexpl |  Obj  Depth IntInf | Incumbent    BestBd   Gap | It/Node Time

     0     0   -0.02249    0 1081   -0.00297   -0.02249   658%     -    6s
H    0     0                      -0.0082757   -0.02249   172%     -    6s
H    0     0                      -0.0083548   -0.02249   169%     -    6s
H    0     0                      -0.0200715   -0.02249  12.0%     -    6s
H    0     0                      -0.0201918   -0.02249  11.4%     -    7s
H    0     0                      -0.0206349   -0.02249  8.99%     -    8s
     0     0   -0.02249    0  258   -0.02063   -0.02249  8.99%     -   19s
     0     0   -0.02249    0 1136   -0.02063   -0.02249  8.99%     -   35s
     0     0   -0.02249    0  320   -0.02063   -0.02249  8.99%     -   42s
     0     0   -0.02249    0 1104   -0.02063   -0.02249  8.98%     -   60s
     0     0   -0.02249    0  311   -0.02063   -0.02249  8.98%     -   73s
H    0     0                      -0.0206638   -0.02249  8.83%     -   76s
H    0     0                      -0.0207511   -0.02249  8.37%     -   76s
H    0     0                      -0.0207524   -0.02249  8.37%     -   78s
     0     0   -0.02249    0 1063   -0.02075   -0.02249  8.37%     -   91s
H    0     0                      -0.0207545   -0.02249  8.35%     -   93s
     0     0   -0.02249    0  156   -0.02075   -0.02249  8.35%     -  103s
     0     2   -0.02249    0  156   -0.02075   -0.02249  8.35%     -  109s
     1     3   -0.02193    1  154   -0.02075   -0.02249  8.35%   873  111s
H    2     1                      -0.0215108   -0.02249  4.54%   437  113s
     2     3   -0.02239    1  172   -0.02151   -0.02239  4.08%   734  115s
    12    13   -0.02213    6  182   -0.02151   -0.02219  3.18%   386  120s
    24    25   -0.02208    6  160   -0.02151   -0.02210  2.72%   311  125s
    34    33   -0.02205    9  178   -0.02151   -0.02206  2.54%   288  130s
    41    34     cutoff   10        -0.02151   -0.02204  2.47%   324  135s
H   54    20                      -0.0218663   -0.02202  0.69%   347  140s
H   54    19                      -0.0218792   -0.02202  0.63%   347  140s
    62    18 infeasible   15        -0.02188   -0.02200  0.53%   448  145s
    85    13     cutoff    8        -0.02188   -0.02194  0.29%   503  152s
    88    12   -0.02190   13  113   -0.02188   -0.02193  0.24%   618  156s
    93     9     cutoff   12        -0.02188   -0.02193  0.21%   653  160s
   105     7   -0.02188   15   33   -0.02188   -0.02188  0.00%   653  165s
   113    15   -0.02188   21    5   -0.02188   -0.02188  0.00%   619  171s
*  114     0              22      -0.0218794   -0.02188  0.00%   614  171s

Cutting planes:
  Projected implied bound: 5
  MIR: 514
  Mixing: 7
  Flow cover: 120
  BQP: 208

Explored 115 nodes (211254 simplex iterations) in 171.39 seconds (134.66 work units)
Thread count was 1 (of 16 available processors)

Solution count 10: -0.0218794 -0.0218792 -0.0215108 ... -0.0083548

Optimal solution found (tolerance 0.00e+00)
Best objective -2.187937851380e-02, best bound -2.187937851380e-02, gap 0.0000%

User-callback calls 22895, time in user-callback 35.84 sec
Set parameter Threads to value 1
Set parameter Method to value 2
Set parameter NodeMethod to value 1
Set parameter Crossover to value 2
Set parameter DegenMoves to value 0
Set parameter CutPasses to value 1
Set parameter MIPFocus to value 3
Set parameter MIPGap to value 0
Set parameter MIPGapAbs to value 0
Set parameter FeasibilityTol to value 1e-08
Set parameter OptimalityTol to value 1e-08
Set parameter IntFeasTol to value 1e-08
Set parameter Seed to value 20260929
Set parameter TimeLimit to value 300
