
Gurobi 13.0.2 (win64) logging started Sun Oct  4 14:49:10 2026

Set parameter LogFile to value "docs/v42_m1_dw_certified_dual_bound/logs/PRICE_0006_MESS02.log"
Gurobi Optimizer version 13.0.2 build v13.0.2rc1 (win64 - Windows 11+.0 (26200.2))

CPU model: 13th Gen Intel(R) Core(TM) i7-13620H, instruction set [SSE2|AVX|AVX2]
Thread count: 10 physical cores, 16 logical processors, using up to 1 threads

Non-default parameters:
TimeLimit  300
FeasibilityTol  1e-08
IntFeasTol  1e-08
MIPGap  0
MIPGapAbs  0
OptimalityTol  1e-08
Method  2
Crossover  2
DegenMoves  0
MIPFocus  3
NodeMethod  1
CutPasses  1
LogToConsole  0
Seed  20260929
Threads  1

Optimize a model with 51527 rows, 58895 columns and 314932 nonzeros (Min)
Model fingerprint: 0xa665d130
Model has 3096 linear objective coefficients and an objective constant of 2.4966130800132117e-03
Variable types: 6805 continuous, 52090 integer (52090 binary)
Coefficient statistics:
  Matrix range     [2e-01, 4e+02]
  Objective range  [4e-11, 2e-05]
  Bounds range     [1e+00, 1e+03]
  RHS range        [1e+00, 8e+02]

Loaded user MIP start with objective 9.06393e-17
MIP start from previous solve produced solution with objective -0.0197701 (0.05s)
MIP start from previous solve produced solution with objective -0.0197732 (0.06s)
Loaded MIP start from previous solve with objective -0.0197732

Presolve removed 8946 rows and 2 columns
Presolve time: 0.88s
Presolved: 42581 rows, 58893 columns, 292568 nonzeros
Variable types: 6803 continuous, 52090 integer (52090 binary)
Root relaxation presolve removed 1 rows and 1 columns
Root relaxation presolved: 42580 rows, 58892 columns, 292566 nonzeros

Root barrier log...

Ordering time: 0.06s

Barrier statistics:
 AA' NZ     : 5.996e+05
 Factor NZ  : 1.096e+06 (roughly 50 MB of memory)
 Factor Ops : 7.451e+07 (less than 1 second per iteration)
 Threads    : 1

                  Objective                Residual
Iter       Primal          Dual         Primal    Dual     Compl     Time
   0  -6.95410745e-02 -3.44919695e+04  1.80e+04 3.17e-04  3.80e+00     1s
   1  -5.24925251e-02 -2.94174747e+04  2.54e+03 3.23e-03  5.75e-01     2s
   2   6.80632218e-02 -1.16585847e+04  4.07e+02 2.75e-04  1.20e-01     2s
   3   1.68975432e-02 -2.59341037e+03  1.04e+02 2.82e-15  2.59e-02     2s
   4  -2.70663485e-02 -2.37184724e+03  6.62e+01 3.08e-15  2.12e-02     2s
   5  -6.12802341e-02 -2.07268390e+03  4.10e+01 4.33e-15  1.71e-02     2s
   6  -8.33685709e-02 -1.71390815e+03  2.49e+01 3.40e-15  1.35e-02     2s
   7  -8.98745649e-02 -1.39895494e+03  1.80e+01 3.66e-15  1.11e-02     2s
   8  -8.81946111e-02 -1.20357436e+03  1.42e+01 4.83e-15  9.66e-03     2s
   9  -8.18253718e-02 -1.15527484e+03  1.28e+01 6.54e-15  9.09e-03     2s
  10  -1.46800295e-02 -8.12355837e+02  7.22e+00 4.11e-15  6.15e-03     2s
  11  -2.55946727e-03 -3.68958677e+02  3.97e+00 3.53e-15  2.93e-03     3s
  12   5.31268843e-03 -1.19623323e+02  7.90e-01 2.91e-15  8.74e-04     3s
  13   6.56714864e-03 -2.15183908e+01  1.51e-01 2.80e-15  1.50e-04     3s
  14   5.57230964e-03 -2.39670217e+00  1.36e-04 4.02e-15  1.52e-05     3s
  15  -2.09980247e-04 -7.00731348e-01  2.44e-05 1.73e-15  4.44e-06     4s
  16  -3.01578733e-03 -3.77710006e-01  1.89e-05 1.80e-15  2.37e-06     4s
  17  -5.49806342e-03 -3.22068144e-01  1.07e-05 2.03e-15  2.00e-06     4s
  18  -8.68373600e-03 -1.82973605e-01  5.66e-06 1.96e-15  1.10e-06     4s
  19  -1.19062466e-02 -1.29502619e-01  3.39e-06 2.23e-15  7.44e-07     5s
  20  -1.55058047e-02 -9.82158904e-02  1.47e-06 2.00e-15  5.24e-07     5s
  21  -2.02511332e-02 -7.25457777e-02  4.43e-07 2.03e-15  3.31e-07     6s
  22  -2.30959204e-02 -6.47624922e-02  1.89e-07 2.31e-15  2.64e-07     6s
  23  -2.41619974e-02 -5.82765181e-02  1.45e-07 2.33e-15  2.16e-07     6s
  24  -2.45988166e-02 -5.08108864e-02  1.30e-07 2.39e-15  1.66e-07     6s
  25  -2.49021150e-02 -4.84197855e-02  1.20e-07 2.57e-15  1.49e-07     6s
  26  -2.57316419e-02 -4.47718769e-02  9.46e-08 2.31e-15  1.21e-07     6s
  27  -2.63941170e-02 -4.30076862e-02  7.51e-08 2.65e-15  1.05e-07     6s
  28  -2.67730049e-02 -4.22023674e-02  6.29e-08 3.03e-15  9.77e-08     6s
  29  -2.72954118e-02 -3.95946829e-02  4.79e-08 2.77e-15  7.79e-08     6s
  30  -2.77659908e-02 -3.77580451e-02  3.62e-08 2.88e-15  6.33e-08     6s
  31  -2.82292364e-02 -3.68075695e-02  2.54e-08 3.12e-15  5.43e-08     6s
  32  -2.83468949e-02 -3.54337157e-02  2.28e-08 3.30e-15  4.49e-08     6s
  33  -2.84589108e-02 -3.50209622e-02  2.04e-08 3.19e-15  4.15e-08     7s
  34  -2.87704116e-02 -3.39514673e-02  1.42e-08 3.10e-15  3.28e-08     7s
  35  -2.90675702e-02 -3.33775451e-02  8.61e-09 3.04e-15  2.73e-08     7s
  36  -2.92743357e-02 -3.27205222e-02  4.93e-09 2.70e-15  2.18e-08     7s
  37  -2.93093229e-02 -3.21952654e-02  4.42e-09 2.65e-15  1.83e-08     7s
  38  -2.94598220e-02 -3.14299929e-02  2.16e-09 2.44e-15  1.25e-08     7s
  39  -2.95901265e-02 -3.03691955e-02  5.57e-10 1.85e-15  4.93e-09     7s
  40  -2.96005268e-02 -3.01776346e-02  4.58e-10 1.96e-15  3.65e-09     7s
  41  -2.96253008e-02 -2.96988597e-02  2.34e-10 1.61e-15  4.66e-10     7s
  42  -2.96375622e-02 -2.96685286e-02  1.45e-10 3.83e-13  1.96e-10     7s
  43  -2.96439088e-02 -2.96543493e-02  7.61e-10 4.84e-13  6.61e-11     7s
  44  -2.96457728e-02 -2.96517334e-02  8.78e-10 2.19e-13  3.77e-11     7s
  45  -2.96486280e-02 -2.96509576e-02  3.84e-09 1.06e-13  1.47e-11     7s
  46  -2.96497235e-02 -2.96502739e-02  1.11e-09 1.03e-13  3.48e-12     7s
  47  -2.96501942e-02 -2.96501947e-02  3.98e-11 2.42e-14  3.55e-15     7s

Barrier solved model in 47 iterations and 7.15 seconds (3.15 work units)
Optimal objective -2.96501942e-02


Root crossover log...

   19457 DPushes remaining with DInf 0.0000000e+00                 7s
       0 DPushes remaining with DInf 0.0000000e+00                 7s

   23083 PPushes remaining with PInf 1.1600891e-03                 7s
       0 PPushes remaining with PInf 0.0000000e+00                 8s

  Push phase complete: Pinf 0.0000000e+00, Dinf 9.9669600e-05      8s


Root simplex log...

Iteration    Objective       Primal Inf.    Dual Inf.      Time
   35227   -2.9649583e-02   0.000000e+00   0.000000e+00      8s
   35244   -2.9650195e-02   0.000000e+00   0.000000e+00      8s
Crossover time: 0.78 seconds (0.61 work units)
   35244   -2.9650195e-02   0.000000e+00   0.000000e+00      8s

Root relaxation: objective -2.965019e-02, 35244 iterations, 6.87 seconds (2.75 work units)

    Nodes    |    Current Node    |     Objective Bounds      |     Work
 Expl Unexpl |  Obj  Depth IntInf | Incumbent    BestBd   Gap | It/Node Time

     0     0   -0.02965    0 1228   -0.01977   -0.02965  50.0%     -    8s
H    0     0                      -0.0246568   -0.02965  20.3%     -    8s
H    0     0                      -0.0246963   -0.02965  20.1%     -    8s
H    0     0                      -0.0293989   -0.02965  0.85%     -    8s
H    0     0                      -0.0294069   -0.02965  0.83%     -    8s
H    0     0                      -0.0294070   -0.02965  0.83%     -    9s
     0     0   -0.02961    0 1156   -0.02941   -0.02961  0.70%     -   16s
     0     0   -0.02961    0 1194   -0.02941   -0.02961  0.70%     -   26s
     0     0   -0.02961    0  668   -0.02941   -0.02961  0.70%     -   32s
     0     0   -0.02961    0 1083   -0.02941   -0.02961  0.68%     -   42s
     0     0   -0.02960    0  185   -0.02941   -0.02960  0.65%     -   46s
     0     2   -0.02960    0  185   -0.02941   -0.02960  0.65%     -   50s

Cutting planes:
  Gomory: 36
  Projected implied bound: 13
  MIR: 342
  Flow cover: 95
  BQP: 191

Explored 3 nodes (95457 simplex iterations) in 50.32 seconds (31.98 work units)
Thread count was 1 (of 16 available processors)

Solution count 4: -0.029407 -0.0293989 -0.0246963 -0.0197732 

Optimal solution found (tolerance 0.00e+00)
Best objective -2.940695382582e-02, best bound -2.940695382582e-02, gap 0.0000%

User-callback calls 5942, time in user-callback 11.63 sec
Set parameter Threads to value 1
Set parameter Method to value 2
Set parameter NodeMethod to value 1
Set parameter Crossover to value 2
Set parameter DegenMoves to value 0
Set parameter CutPasses to value 1
Set parameter MIPFocus to value 3
Set parameter MIPGap to value 0
Set parameter MIPGapAbs to value 0
Set parameter FeasibilityTol to value 1e-08
Set parameter OptimalityTol to value 1e-08
Set parameter IntFeasTol to value 1e-08
Set parameter Seed to value 20260929
Set parameter TimeLimit to value 300
