
Gurobi 13.0.2 (win64) logging started Sun Oct  4 14:59:14 2026

Set parameter LogFile to value "docs/v42_m1_dw_certified_dual_bound/logs/RMP_0004.log"
Gurobi Optimizer version 13.0.2 build v13.0.2rc1 (win64 - Windows 11+.0 (26200.2))

CPU model: 13th Gen Intel(R) Core(TM) i7-13620H, instruction set [SSE2|AVX|AVX2]
Thread count: 10 physical cores, 16 logical processors, using up to 1 threads

Non-default parameters:
TimeLimit  300
FeasibilityTol  1e-08
IntFeasTol  1e-08
OptimalityTol  1e-08
Method  2
BarConvTol  1e-11
Crossover  1
PreDual  0
LogToConsole  0
Seed  20260929
Threads  1

Optimize a model with 679959 rows, 82277 columns and 7210463 nonzeros (Min)
Model has 1 linear objective coefficients
Coefficient statistics:
  Matrix range     [1e-13, 4e+02]
  Objective range  [1e+00, 1e+00]
  Bounds range     [1e+00, 1e+00]
  RHS range        [2e-24, 2e+03]
Warning: Model contains large matrix coefficient range
         Consider reformulating model or setting NumericFocus parameter
         to avoid numerical issues.

LP warm-start: discard basis
Presolve time: 2.51s
Presolved: 106777 rows, 32684 columns, 1018301 nonzeros

Ordering time: 0.23s

Barrier statistics:
 Dense cols : 1152
 AA' NZ     : 1.279e+06
 Factor NZ  : 2.228e+06 (roughly 80 MB of memory)
 Factor Ops : 4.382e+08 (less than 1 second per iteration)
 Threads    : 1

                  Objective                Residual
Iter       Primal          Dual         Primal    Dual     Compl     Time
   0   1.90299354e+02 -1.64090843e+05  2.86e+06 0.00e+00  2.44e+03     3s
   1   1.90402775e+02 -1.61942331e+05  2.85e+06 3.06e+01  2.43e+03     4s
   2   1.91445240e+02 -1.74426112e+05  2.84e+06 3.87e+01  2.42e+03     4s
   3   1.91453388e+02 -1.74667163e+05  2.84e+06 3.89e+01  2.42e+03     4s
   4   1.91500589e+02 -1.74629829e+05  2.84e+06 4.07e+01  2.42e+03     4s
   5   1.91769307e+02 -1.76023984e+05  2.83e+06 4.07e+01  2.41e+03     4s
   6   1.92193540e+02 -1.77167965e+05  2.83e+06 3.89e+01  2.41e+03     4s
   7   1.92325884e+02 -1.77476821e+05  2.82e+06 3.88e+01  2.41e+03     4s
   8   1.92559752e+02 -1.77794926e+05  2.82e+06 3.90e+01  2.41e+03     5s
   9   1.93273322e+02 -1.78201322e+05  2.81e+06 3.96e+01  2.40e+03     5s
  10   1.95609810e+02 -1.98006988e+05  2.77e+06 5.22e+01  2.37e+03     5s
  11   1.96424935e+02 -1.98192825e+05  2.76e+06 5.15e+01  2.37e+03     5s
  12   1.96454098e+02 -1.98326436e+05  2.76e+06 5.03e+01  2.37e+03     5s
  13   1.96480654e+02 -1.90221359e+05  2.76e+06 4.71e+01  2.35e+03     5s
  14   1.97167874e+02 -1.91771466e+05  2.75e+06 4.46e+01  2.34e+03     5s
  15   1.97169698e+02 -1.91597619e+05  2.75e+06 4.65e+01  2.34e+03     6s
  16   1.97285836e+02 -1.93005902e+05  2.75e+06 5.63e+01  2.32e+03     6s
  17   1.97622257e+02 -1.93279694e+05  2.74e+06 6.51e+01  2.31e+03     6s
  18   1.99073228e+02 -1.96813335e+05  2.72e+06 4.67e+01  2.29e+03     6s
  19   1.99175304e+02 -1.97524590e+05  2.72e+06 5.08e+01  2.29e+03     6s
  20   1.99233928e+02 -1.98439830e+05  2.72e+06 4.01e+01  2.28e+03     6s
  21   1.99242072e+02 -1.98292411e+05  2.72e+06 4.43e+01  2.28e+03     6s
  22   1.99663994e+02 -1.98697260e+05  2.71e+06 5.64e+01  2.28e+03     7s
  23   2.00389948e+02 -1.99653446e+05  2.70e+06 6.64e+01  2.27e+03     7s

Barrier performed 23 iterations in 6.74 seconds (7.09 work units)
Numerical trouble encountered

Model may be infeasible or unbounded.  Consider using the
homogeneous algorithm (through parameter 'BarHomogeneous')

Iteration    Objective       Primal Inf.    Dual Inf.      Time
       0    1.0000000e+00   4.791233e+05   3.008964e+10      8s
   16215    1.0000000e+00   5.778033e+02   1.709423e+08     10s
   17925    5.9130495e-01   0.000000e+00   5.067535e-02     15s
Crossover changed status from Numeric to Optimal
   18526    5.9040829e-01   0.000000e+00   0.000000e+00     18s

Solved in 18526 iterations and 17.52 seconds (26.50 work units)
Optimal objective  5.904082865e-01
Set parameter Threads to value 1
Set parameter Method to value 2
Set parameter Crossover to value 1
Set parameter PreDual to value 0
Set parameter BarConvTol to value 1e-11
Set parameter Seed to value 20260929
Set parameter FeasibilityTol to value 1e-08
Set parameter OptimalityTol to value 1e-08
Set parameter IntFeasTol to value 1e-08
Set parameter TimeLimit to value 300
