
Gurobi 13.0.2 (win64) logging started Sun Oct  4 14:47:51 2026

Set parameter LogFile to value "docs/v42_m1_dw_certified_dual_bound/logs/RMP_0002.log"
Gurobi Optimizer version 13.0.2 build v13.0.2rc1 (win64 - Windows 11+.0 (26200.2))

CPU model: 13th Gen Intel(R) Core(TM) i7-13620H, instruction set [SSE2|AVX|AVX2]
Thread count: 10 physical cores, 16 logical processors, using up to 1 threads

Non-default parameters:
TimeLimit  300
FeasibilityTol  1e-08
IntFeasTol  1e-08
OptimalityTol  1e-08
Method  2
BarConvTol  1e-11
Crossover  1
PreDual  0
LogToConsole  0
Seed  20260929
Threads  1

Optimize a model with 679959 rows, 82269 columns and 7209541 nonzeros (Min)
Model has 1 linear objective coefficients
Coefficient statistics:
  Matrix range     [1e-13, 4e+02]
  Objective range  [1e+00, 1e+00]
  Bounds range     [1e+00, 1e+00]
  RHS range        [2e-24, 2e+03]
Warning: Model contains large matrix coefficient range
         Consider reformulating model or setting NumericFocus parameter
         to avoid numerical issues.

LP warm-start: discard basis
Presolve time: 2.11s
Presolved: 101610 rows, 31168 columns, 957926 nonzeros

Ordering time: 0.22s

Barrier statistics:
 Dense cols : 1096
 AA' NZ     : 1.208e+06
 Factor NZ  : 2.122e+06 (roughly 70 MB of memory)
 Factor Ops : 4.263e+08 (less than 1 second per iteration)
 Threads    : 1

                  Objective                Residual
Iter       Primal          Dual         Primal    Dual     Compl     Time
   0   1.89504523e+02 -1.48740716e+05  2.84e+06 0.00e+00  2.43e+03     3s
   1   1.89849113e+02 -1.61644750e+05  2.83e+06 7.07e+01  2.42e+03     3s
   2   1.90372026e+02 -1.69473141e+05  2.82e+06 7.20e+01  2.41e+03     3s
   3   1.91930917e+02 -1.65436438e+05  2.80e+06 7.53e+01  2.38e+03     4s
   4   1.91938492e+02 -1.65552155e+05  2.80e+06 7.53e+01  2.38e+03     4s
   5   1.93821290e+02 -1.81548605e+05  2.77e+06 7.56e+01  2.37e+03     4s
   6   1.96523006e+02 -1.83293819e+05  2.72e+06 7.76e+01  2.32e+03     4s
   7   1.96546265e+02 -1.86223153e+05  2.72e+06 7.77e+01  2.32e+03     4s
   8   1.96537683e+02 -1.85953879e+05  2.72e+06 7.76e+01  2.32e+03     4s
   9   1.97901147e+02 -2.10737730e+05  2.70e+06 7.90e+01  2.29e+03     5s
  10   1.98573418e+02 -2.13633501e+05  2.69e+06 7.93e+01  2.28e+03     5s
  11   2.01321163e+02 -2.19950072e+05  2.65e+06 8.02e+01  2.25e+03     5s
  12   2.02084099e+02 -2.09840341e+05  2.64e+06 8.04e+01  2.21e+03     5s
  13   2.02764833e+02 -2.08579810e+05  2.63e+06 8.05e+01  2.21e+03     5s
  14   2.04573570e+02 -2.25374877e+05  2.60e+06 8.14e+01  2.18e+03     5s
  15   2.04607234e+02 -2.24872065e+05  2.60e+06 8.25e+01  2.17e+03     6s
  16   2.05026257e+02 -2.27083673e+05  2.59e+06 1.01e+02  2.17e+03     6s
  17   2.06189731e+02 -2.28772779e+05  2.57e+06 8.39e+01  2.15e+03     6s
  18   2.08244562e+02 -2.41437442e+05  2.54e+06 9.23e+01  2.12e+03     6s
  19   2.14394336e+02 -2.43317988e+05  2.45e+06 9.23e+01  2.08e+03     6s
  20   2.14889637e+02 -2.46157086e+05  2.44e+06 1.15e+02  2.07e+03     6s
  21   2.15824480e+02 -2.42458581e+05  2.42e+06 8.36e+01  2.06e+03     6s
  22   2.16377990e+02 -2.42162391e+05  2.42e+06 9.88e+01  2.04e+03     6s
  23   2.16378670e+02 -2.42663963e+05  2.42e+06 1.05e+02  2.04e+03     7s
  24   2.18031563e+02 -2.43109132e+05  2.39e+06 8.48e+01  2.01e+03     7s
  25   2.30863780e+02 -2.71528104e+05  2.19e+06 1.59e+02  1.89e+03     7s
  26   2.30861122e+02 -2.72662177e+05  2.19e+06 1.59e+02  1.89e+03     7s
  27   2.30985307e+02 -2.72938838e+05  2.19e+06 1.59e+02  1.88e+03     7s
  28   2.31724920e+02 -2.69676699e+05  2.18e+06 1.64e+02  1.86e+03     7s
  29   2.31767154e+02 -2.69391099e+05  2.18e+06 1.64e+02  1.85e+03     7s
  30   2.31948255e+02 -2.69282679e+05  2.17e+06 1.63e+02  1.84e+03     8s
  31   2.31947570e+02 -2.69680794e+05  2.17e+06 1.63e+02  1.84e+03     8s
  32   2.32662631e+02 -2.70037736e+05  2.16e+06 1.63e+02  1.83e+03     8s
  33   2.32657628e+02 -2.70261474e+05  2.16e+06 1.63e+02  1.83e+03     8s
  34   2.32683985e+02 -2.72069229e+05  2.16e+06 1.63e+02  1.83e+03     8s

Barrier performed 34 iterations in 8.10 seconds (7.82 work units)
Numerical trouble encountered

Model may be infeasible or unbounded.  Consider using the
homogeneous algorithm (through parameter 'BarHomogeneous')

Iteration    Objective       Primal Inf.    Dual Inf.      Time
       0    1.0000000e+00   4.166002e+05   2.639569e+10      9s
   14042    1.0000000e+00   4.498953e+03   9.374821e+08     10s
   16902    5.9223209e-01   0.000000e+00   1.369688e+00     15s
Crossover changed status from Numeric to Optimal

Extra simplex iterations after uncrush: 3
   17244    5.9208585e-01   0.000000e+00   0.000000e+00     17s

Solved in 17244 iterations and 17.37 seconds (28.95 work units)
Optimal objective  5.920858476e-01
Set parameter Threads to value 1
Set parameter Method to value 2
Set parameter Crossover to value 1
Set parameter PreDual to value 0
Set parameter BarConvTol to value 1e-11
Set parameter Seed to value 20260929
Set parameter FeasibilityTol to value 1e-08
Set parameter OptimalityTol to value 1e-08
Set parameter IntFeasTol to value 1e-08
Set parameter TimeLimit to value 300
