
Gurobi 13.0.2 (win64) logging started Mon Oct  5 22:51:46 2026

Set parameter LogFile to value "docs/v42_m1_accel_vnext/02/baseline/logs/PRICE_0003.log"
Gurobi Optimizer version 13.0.2 build v13.0.2rc1 (win64 - Windows 11+.0 (26200.2))

CPU model: 13th Gen Intel(R) Core(TM) i7-13620H, instruction set [SSE2|AVX|AVX2]
Thread count: 10 physical cores, 16 logical processors, using up to 1 threads

Non-default parameters:
TimeLimit  20
FeasibilityTol  1e-08
IntFeasTol  1e-08
MIPGap  0
MIPGapAbs  0
OptimalityTol  1e-08
Method  2
Crossover  2
DegenMoves  0
MIPFocus  3
NodeMethod  1
CutPasses  1
LogToConsole  0
Seed  20260929
Threads  1

Optimize a model with 51596 rows, 58976 columns and 315361 nonzeros (Min)
Model fingerprint: 0x7f8b9527
Model has 4539 linear objective coefficients and an objective constant of 9.9860968861811648e-03
Variable types: 6814 continuous, 52162 integer (52162 binary)
Coefficient statistics:
  Matrix range     [2e-01, 4e+02]
  Objective range  [1e-13, 7e-06]
  Bounds range     [1e+00, 1e+03]
  RHS range        [1e+00, 8e+02]

Loaded user MIP start with objective -0.00243332

Presolve removed 8958 rows and 2 columns
Presolve time: 1.05s
Presolved: 42638 rows, 58974 columns, 292967 nonzeros
Variable types: 6812 continuous, 52162 integer (52162 binary)
Root relaxation presolve removed 3 rows and 2 columns
Root relaxation presolved: 42635 rows, 58972 columns, 292915 nonzeros

Root barrier log...

Ordering time: 0.06s

Barrier statistics:
 AA' NZ     : 6.006e+05
 Factor NZ  : 1.080e+06 (roughly 50 MB of memory)
 Factor Ops : 6.927e+07 (less than 1 second per iteration)
 Threads    : 1

                  Objective                Residual
Iter       Primal          Dual         Primal    Dual     Compl     Time
   0   1.97757891e-02 -3.45219713e+04  1.80e+04 1.12e-04  3.80e+00     2s
   1  -3.92762059e-02 -2.93369042e+04  2.38e+03 2.53e-03  5.43e-01     2s
   2   7.97432481e-02 -8.95692542e+03  3.44e+02 9.85e-05  9.27e-02     2s
   3  -9.79781906e-03 -2.39553845e+03  7.54e+01 1.86e-15  2.20e-02     2s
   4  -5.31967397e-02 -1.90027755e+03  3.93e+01 2.00e-15  1.58e-02     2s
   5  -6.79723855e-02 -1.45926624e+03  2.45e+01 2.45e-15  1.20e-02     2s
   6  -7.05400106e-02 -1.16374910e+03  1.69e+01 2.87e-15  9.56e-03     2s
   7  -3.64548262e-02 -1.02356467e+03  1.25e+01 3.82e-15  8.24e-03     2s
   8   1.11209315e-02 -3.22581437e+02  3.21e+00 3.22e-15  2.54e-03     2s
   9   1.44369458e-02 -1.28235848e+02  3.77e-01 3.14e-15  8.68e-04     2s
  10   1.46513402e-02 -2.54219175e+01  3.32e-02 2.20e-15  1.63e-04     2s
  11   1.32252733e-02 -2.09612542e+00  4.02e-12 1.88e-15  1.33e-05     2s
  12   6.92524396e-03 -3.28867459e-01  5.81e-12 2.49e-16  2.12e-06     2s
  13   6.24682291e-03 -1.55510288e-01  1.63e-11 1.14e-16  1.02e-06     2s
  14   2.43959039e-03 -1.02155634e-01  1.07e-11 7.73e-17  6.61e-07     2s
  15  -9.24066520e-05 -6.95805916e-02  5.00e-12 5.33e-17  4.39e-07     3s
  16  -2.30529222e-03 -4.87479663e-02  5.65e-12 3.42e-17  2.94e-07     3s
  17  -3.08476871e-03 -3.53389195e-02  8.50e-12 2.35e-17  2.04e-07     3s
  18  -3.30086627e-03 -2.91080473e-02  8.34e-12 1.79e-17  1.63e-07     3s
  19  -3.58171764e-03 -2.50378811e-02  9.37e-12 1.65e-17  1.36e-07     3s
  20  -3.74399664e-03 -2.34734290e-02  1.27e-11 1.46e-17  1.25e-07     3s
  21  -3.90504693e-03 -1.79716113e-02  2.11e-11 1.22e-17  8.89e-08     3s
  22  -3.96663899e-03 -1.66936757e-02  2.18e-11 9.59e-18  8.05e-08     3s
  23  -4.10125478e-03 -1.35063723e-02  2.67e-11 7.96e-18  5.95e-08     3s
  24  -4.25030223e-03 -1.25047342e-02  1.96e-11 6.97e-18  5.22e-08     3s
  25  -4.42822480e-03 -1.07671568e-02  1.33e-11 6.95e-18  4.01e-08     3s
  26  -4.57865455e-03 -8.69919835e-03  1.71e-11 5.09e-18  2.61e-08     3s
  27  -4.68395123e-03 -7.64817417e-03  1.50e-11 4.78e-18  1.87e-08     3s
  28  -4.76879301e-03 -6.94710452e-03  1.62e-11 4.12e-18  1.38e-08     3s
  29  -4.77899679e-03 -6.48447584e-03  1.63e-11 3.33e-18  1.08e-08     3s
  30  -4.82446063e-03 -6.09480305e-03  1.38e-11 3.38e-18  8.03e-09     3s
  31  -4.87565262e-03 -5.73201304e-03  1.58e-11 3.21e-18  5.41e-09     3s
  32  -4.91807946e-03 -5.50138481e-03  3.51e-11 3.12e-18  3.69e-09     3s
  33  -4.97963357e-03 -5.44781534e-03  6.20e-11 3.75e-18  2.96e-09     3s
  34  -5.00067884e-03 -5.29284724e-03  5.54e-11 3.35e-18  1.85e-09     3s
  35  -5.02696263e-03 -5.24847195e-03  4.60e-11 3.62e-18  1.40e-09     3s
  36  -5.03143285e-03 -5.19217699e-03  5.64e-11 3.61e-18  1.02e-09     3s
  37  -5.03945862e-03 -5.16549098e-03  1.21e-10 3.85e-18  7.97e-10     3s
  38  -5.04578530e-03 -5.14735070e-03  4.50e-10 4.14e-18  6.42e-10     3s
  39  -5.04906407e-03 -5.12928198e-03  3.06e-10 4.33e-18  5.07e-10     4s
  40  -5.05329629e-03 -5.12195809e-03  2.73e-10 4.20e-18  4.34e-10     4s
  41  -5.05517911e-03 -5.11351534e-03  2.13e-10 1.23e-12  3.69e-10     4s
  42  -5.05717883e-03 -5.10776576e-03  1.86e-10 4.76e-18  3.20e-10     4s
  43  -5.05979944e-03 -5.09437622e-03  1.14e-10 3.49e-18  2.19e-10     4s
  44  -5.06035844e-03 -5.09033259e-03  1.12e-10 4.15e-18  1.90e-10     4s
  45  -5.06202115e-03 -5.08379679e-03  1.08e-10 4.12e-15  1.38e-10     4s
  46  -5.06240941e-03 -5.08272250e-03  1.04e-10 1.27e-14  1.28e-10     4s
  47  -5.06501272e-03 -5.07829901e-03  1.31e-10 2.25e-13  8.41e-11     4s
  48  -5.06507214e-03 -5.07381288e-03  1.41e-10 2.51e-12  5.54e-11     4s
  49  -5.06603421e-03 -5.07368318e-03  1.62e-10 2.63e-12  4.85e-11     4s
  50  -5.06638434e-03 -5.06827651e-03  1.80e-10 3.94e-12  1.21e-11     4s
  51  -5.06714224e-03 -5.06743939e-03  4.64e-11 2.81e-12  1.98e-12     4s
  52  -5.06724620e-03 -5.06727352e-03  4.39e-11 4.27e-13  1.87e-13     4s
  53  -5.06726205e-03 -5.06726208e-03  1.72e-11 3.50e-14  1.22e-15     4s

Barrier solved model in 53 iterations and 4.10 seconds (3.22 work units)
Optimal objective -5.06726205e-03

Crossover time: 0.64 seconds (0.58 work units)

Root relaxation: objective -5.067262e-03, 23635 iterations, 3.23 seconds (2.82 work units)

    Nodes    |    Current Node    |     Objective Bounds      |     Work
 Expl Unexpl |  Obj  Depth IntInf | Incumbent    BestBd   Gap | It/Node Time

     0     0   -0.00507    0  254   -0.00243   -0.00507   108%     -    4s
H    0     0                      -0.0025361   -0.00507   100%     -    6s
H    0     0                      -0.0025379   -0.00507   100%     -    9s
H    0     0                      -0.0025379   -0.00507   100%     -    9s
H    0     0                      -0.0026106   -0.00507  94.1%     -   10s
     0     0   -0.00487    0  307   -0.00261   -0.00487  86.7%     -   14s

Cutting planes:
  Gomory: 1
  Lift-and-project: 1
  MIR: 12
  Flow cover: 10

Explored 1 nodes (24655 simplex iterations) in 20.34 seconds (16.84 work units)
Thread count was 1 (of 16 available processors)

Solution count 5: -0.00261062 -0.00253786 -0.00253786 ... -0.00243332

Time limit reached
Best objective -2.610623469866e-03, best bound -4.872934406416e-03, gap 86.6579%

User-callback calls 4308, time in user-callback 2.22 sec
