
Gurobi 13.0.2 (win64) logging started Thu Oct  8 06:16:25 2026

Set parameter LogFile to value "C:\v42_m1_exact_solver_redesign_20261008\docs\v42_m_practical_exact_solver_overnight_20261008\external_production\external_nodes\0006\LP.log"
Gurobi Optimizer version 13.0.2 build v13.0.2rc1 (win64 - Windows 11+.0 (26200.2))

CPU model: 13th Gen Intel(R) Core(TM) i7-13620H, instruction set [SSE2|AVX|AVX2]
Thread count: 10 physical cores, 16 logical processors, using up to 1 threads

Non-default parameters:
TimeLimit  900
FeasibilityTol  1e-08
IntFeasTol  1e-08
MIPGap  0.005
OptimalityTol  1e-08
Method  2
LPWarmStart  0
Crossover  0
DegenMoves  0
MIPFocus  3
NodeMethod  1
LogToConsole  0
Seed  20260929
Threads  1

Optimize a model with 582808 rows, 306040 columns and 5351612 nonzeros (Min)
Model fingerprint: 0xdcb74243
Model has 1 linear objective coefficients
Coefficient statistics:
  Matrix range     [1e-13, 4e+02]
  Objective range  [1e+00, 1e+00]
  Bounds range     [3e-08, 2e+03]
  RHS range        [2e-24, 2e+03]
Warning: Model contains large matrix coefficient range
         Consider reformulating model or setting NumericFocus parameter
         to avoid numerical issues.

Presolve removed 175633 rows and 27241 columns
Presolve time: 2.06s
Presolved: 407175 rows, 299090 columns, 4429108 nonzeros
Elapsed ordering time = 5s
Ordering time: 5.64s

Barrier statistics:
 Dense cols : 866
 AA' NZ     : 3.908e+07
 Factor NZ  : 5.847e+07 (roughly 800 MB of memory)
 Factor Ops : 3.205e+10 (roughly 1 second per iteration)
 Threads    : 1

                  Objective                Residual
Iter       Primal          Dual         Primal    Dual     Compl     Time
   0   1.27525732e+03 -5.00179197e+05  6.52e+07 7.87e-07  1.02e+04    13s
   1   1.70157956e+03 -3.67304163e+05  4.36e+07 6.07e-03  4.38e+03    15s
   2   4.60472099e+02 -2.61911290e+05  1.80e+07 4.91e-04  5.58e+03    16s
   3   3.63056436e+01 -1.04234846e+05  1.39e+06 3.57e-10  4.40e+02    18s
   4   8.16516783e-01 -5.80349882e+04  4.42e+03 6.90e-15  9.27e+00    20s
   5   7.48978848e-01 -1.01301435e+04  1.67e+03 1.97e-14  1.59e+00    22s
   6   7.20868884e-01 -6.58165138e+02  2.72e+02 3.13e-11  1.13e-01    24s
   7   7.24550201e-01 -2.31454960e+02  9.65e+01 1.51e-11  4.03e-02    26s
   8   7.27448017e-01 -9.46931732e+01  3.58e+01 3.08e-12  1.68e-02    28s
   9   7.34046803e-01 -3.99579168e+01  1.43e+01 2.81e-10  7.09e-03    30s
  10   7.32151076e-01 -4.38571329e+00  1.55e+00 8.42e-09  8.54e-04    33s
  11   6.99667148e-01 -2.43576972e+00  9.58e-01 6.25e-09  4.99e-04    35s
  12   6.33504710e-01 -1.58310655e+00  4.99e-01 1.07e-08  3.31e-04    37s
  13   6.20222785e-01 -5.82818745e-01  4.07e-01 2.87e-08  1.78e-04    38s
  14   6.15307884e-01 -1.22930946e-01  3.41e-01 4.88e-08  1.08e-04    41s
  15   6.06494752e-01  2.13319321e-01  2.02e-01 3.59e-08  5.55e-05    43s
  16   6.01357901e-01  2.91574763e-01  1.54e-01 3.06e-08  4.31e-05    45s
  17   5.92978040e-01  3.68354196e-01  9.86e-02 3.45e-08  3.07e-05    47s
  18   5.87828578e-01  3.94823028e-01  6.79e-02 3.36e-08  2.61e-05    49s
  19   5.83326765e-01  4.61873096e-01  4.98e-02 2.33e-08  1.62e-05    51s
  20   5.79385657e-01  5.06709430e-01  3.54e-02 1.42e-08  9.45e-06    53s
  21   5.77451482e-01  5.13980634e-01  2.83e-02 1.36e-08  8.20e-06    55s
  22   5.74248174e-01  5.38231488e-01  1.83e-02 1.21e-08  4.50e-06    57s
  23   5.71069511e-01  5.61881932e-01  7.23e-03 1.08e-08  1.01e-06    60s
  24   5.70393722e-01  5.63959548e-01  5.14e-03 9.16e-09  7.19e-07    62s
  25   5.69959903e-01  5.65189628e-01  3.95e-03 8.15e-09  5.43e-07    64s
  26   5.69523076e-01  5.66851768e-01  2.58e-03 7.42e-09  3.31e-07    66s
  27   5.69342628e-01  5.67472479e-01  1.99e-03 7.33e-09  2.48e-07    68s
  28   5.69232079e-01  5.67902389e-01  1.70e-03 7.09e-09  1.92e-07    70s
  29   5.69171136e-01  5.68274780e-01  1.47e-03 6.11e-09  1.48e-07    72s
  30   5.69057711e-01  5.68522705e-01  1.08e-03 6.10e-09  1.08e-07    74s
  31   5.68963044e-01  5.68813306e-01  7.74e-04 6.10e-09  6.56e-08    76s
  32   5.68884198e-01  5.68961849e-01  4.68e-04 5.87e-09  3.91e-08    78s
  33   5.68862897e-01  5.69015013e-01  3.85e-04 5.49e-09  2.92e-08    80s
  34   5.68822128e-01  5.69036435e-01  2.50e-04 5.33e-09  2.06e-08    82s
  35   5.68807513e-01  5.69056215e-01  2.05e-04 4.99e-09  1.50e-08    84s
  36   5.68793884e-01  5.69067456e-01  1.60e-04 4.57e-09  1.06e-08    86s
  37   5.68786030e-01  5.69063762e-01  1.34e-04 4.42e-09  8.00e-09    88s
  38   5.68781639e-01  5.69056743e-01  1.18e-04 4.39e-09  7.04e-09    90s
  39   5.68772430e-01  5.69045523e-01  8.48e-05 4.40e-09  5.44e-09    91s
  40   5.68764021e-01  5.69040851e-01  5.66e-05 4.46e-09  3.59e-09    93s
  41   5.68758103e-01  5.69035853e-01  4.10e-05 4.45e-09  2.32e-09    95s
  42   5.68756890e-01  5.69029999e-01  3.82e-05 4.27e-09  2.06e-09    97s
  43   5.68754399e-01  5.69019372e-01  3.24e-05 3.91e-09  1.55e-09    98s
  44   5.68753439e-01  5.69025421e-01  3.05e-05 3.76e-09  1.31e-09   100s
  45   5.68750921e-01  5.69009341e-01  2.51e-05 3.63e-09  1.04e-09   102s
  46   5.68750179e-01  5.69000075e-01  2.38e-05 3.67e-09  8.69e-10   104s
  47   5.68749650e-01  5.68985773e-01  2.24e-05 3.65e-09  7.94e-10   106s
  48   5.68749591e-01  5.68979419e-01  2.15e-05 3.67e-09  7.66e-10   108s
  49   5.68748242e-01  5.68963490e-01  1.78e-05 3.66e-09  6.32e-10   110s
  50   5.68747963e-01  5.68977991e-01  1.75e-05 3.64e-09  6.10e-10   111s
  51   5.68746614e-01  5.68970798e-01  1.42e-05 3.64e-09  5.12e-10   113s
  52   5.68745779e-01  5.68947167e-01  1.23e-05 3.64e-09  4.12e-10   115s
  53   5.68744992e-01  5.68913244e-01  1.05e-05 3.62e-09  3.17e-10   117s
  54   5.68744580e-01  5.68900548e-01  9.00e-06 3.67e-09  2.65e-10   119s
  55   5.68743326e-01  5.68880799e-01  6.40e-06 3.68e-09  1.62e-10   121s
  56   5.68741302e-01  5.68874808e-01  3.02e-06 3.69e-09  8.45e-11   124s
  57   5.68740557e-01  5.68868937e-01  2.36e-06 3.69e-09  6.11e-11   125s
  58   5.68739750e-01  5.68867449e-01  1.75e-06 3.78e-09  4.65e-11   127s
  59   5.68739745e-01  5.68866081e-01  1.74e-06 3.81e-09  4.56e-11   129s
  60   5.68739674e-01  5.68865340e-01  1.68e-06 3.82e-09  4.42e-11   131s
  61   5.68739627e-01  5.68863961e-01  1.66e-06 3.84e-09  4.31e-11   132s
  62   5.68738911e-01  5.68860737e-01  1.49e-06 3.69e-09  4.07e-11   135s
  63   5.68738663e-01  5.68853939e-01  1.35e-06 3.82e-09  3.27e-11   137s
  64   5.68738481e-01  5.68851475e-01  1.22e-06 3.84e-09  2.97e-11   139s
  65   5.68738179e-01  5.68846965e-01  1.08e-06 3.80e-09  2.56e-11   141s
  66   5.68738047e-01  5.68844436e-01  1.03e-06 3.50e-09  2.36e-11   143s
  67   5.68737395e-01  5.68840382e-01  7.53e-07 3.43e-09  1.71e-11   145s
  68   5.68737284e-01  5.68840040e-01  7.16e-07 3.43e-09  1.63e-11   147s
  69   5.68737245e-01  5.68839824e-01  7.02e-07 3.43e-09  1.60e-11   148s
  70   5.68737084e-01  5.68837804e-01  6.46e-07 3.38e-09  1.48e-11   150s
  71   5.68736746e-01  5.68836208e-01  5.43e-07 3.47e-09  1.24e-11   153s
  72   5.68736673e-01  5.68835639e-01  5.25e-07 3.43e-09  1.20e-11   155s
  73   5.68736266e-01  5.68834007e-01  4.13e-07 3.40e-09  9.22e-12   157s
  74   5.68736207e-01  5.68833277e-01  4.01e-07 3.39e-09  9.02e-12   158s
  75   5.68736194e-01  5.68832515e-01  3.98e-07 3.35e-09  9.12e-12   160s
  76   5.68735999e-01  5.68831693e-01  3.49e-07 3.06e-09  8.05e-12   162s
  77   5.68735887e-01  5.68827186e-01  3.29e-07 2.52e-09  1.03e-11   164s
  78   5.68734974e-01  5.68825236e-01  1.28e-07 2.53e-09  5.95e-12   168s
  79   5.68734733e-01  5.68822552e-01  1.09e-07 2.77e-09  5.67e-12   170s
  80   5.68733621e-01  5.68816826e-01  2.82e-08 3.68e-09  1.98e-12   173s
  81   5.68733451e-01  5.68815335e-01  2.49e-08 3.73e-09  1.69e-12   174s
  82   5.68732780e-01  5.68814714e-01  1.33e-08 3.75e-09  9.12e-13   177s
  83   5.68732762e-01  5.68814369e-01  1.32e-08 3.75e-09  9.06e-13   179s
  84   5.68732604e-01  5.68813511e-01  1.22e-08 3.65e-09  8.10e-13   181s
  85   5.68732344e-01  5.68813221e-01  1.10e-08 3.62e-09  7.47e-13   183s

Barrier solved model in 85 iterations and 182.75 seconds (346.52 work units)
Optimal objective 5.68732344e-01


User-callback calls 11575, time in user-callback 0.20 sec
Discarded solution information
Set parameter Method to value 2
Set parameter Crossover to value 0
Set parameter LPWarmStart to value 0
Set parameter NumericFocus to value 0
Set parameter DualReductions to value 1
Set parameter InfUnbdInfo to value 0
Set parameter TimeLimit to value 900
