Set parameter Username
Set parameter LicenseID to value 2845475
Academic license - for non-commercial use only - expires 2027-07-18
Set parameter OutputFlag to value 1
Set parameter LogToConsole to value 0
PHASE1_FULL_BLOCK_PRICED 1 130 015998080c10 0
Set parameter OutputFlag to value 1
Set parameter LogToConsole to value 0
PHASE1_FULL_BLOCK_PRICED 2 130 0203356ceaac 0
Set parameter OutputFlag to value 1
Set parameter LogToConsole to value 0
PHASE1_FULL_BLOCK_PRICED 3 130 0212a537a620 0
Set parameter OutputFlag to value 1
Set parameter LogToConsole to value 0
PHASE1_FULL_BLOCK_PRICED 4 130 02f54d0a6806 0
Set parameter OutputFlag to value 1
Set parameter LogToConsole to value 0
PHASE1_FULL_BLOCK_PRICED 5 130 044d55dacecb 0
Set parameter OutputFlag to value 1
Set parameter LogToConsole to value 0
PHASE1_FULL_BLOCK_PRICED 6 130 0624ebd1ad67 0
Set parameter OutputFlag to value 1
Set parameter LogToConsole to value 0
PHASE1_FULL_BLOCK_PRICED 7 130 094964efbb89 0
Set parameter OutputFlag to value 1
Set parameter LogToConsole to value 0
PHASE1_FULL_BLOCK_PRICED 8 130 0ce2b0bd621f 0
Set parameter OutputFlag to value 1
Set parameter LogToConsole to value 0
PHASE1_FULL_BLOCK_PRICED 9 130 101a9ac1418f 0
Set parameter OutputFlag to value 1
Set parameter LogToConsole to value 0
PHASE1_FULL_BLOCK_PRICED 10 130 101e547b4b6c 0
Set parameter OutputFlag to value 1
Set parameter LogToConsole to value 0
PHASE1_FULL_BLOCK_PRICED 11 130 1243c5852e0c 0
Set parameter OutputFlag to value 1
Set parameter LogToConsole to value 0
PHASE1_FULL_BLOCK_PRICED 12 130 12454ed86af5 0
Set parameter OutputFlag to value 1
Set parameter LogToConsole to value 0
PHASE1_FULL_BLOCK_PRICED 13 130 1495b33cb81f 0
Set parameter OutputFlag to value 1
Set parameter LogToConsole to value 0
PHASE1_FULL_BLOCK_PRICED 14 130 14a370675c42 0
Set parameter OutputFlag to value 1
Set parameter LogToConsole to value 0
PHASE1_FULL_BLOCK_PRICED 15 130 17ab8344628b 0
Set parameter OutputFlag to value 1
Set parameter LogToConsole to value 0
PHASE1_FULL_BLOCK_PRICED 16 130 1873a283aaf0 0
Set parameter OutputFlag to value 1
Set parameter LogToConsole to value 0
PHASE1_FULL_BLOCK_PRICED 17 130 1b032deb990c 0
Set parameter OutputFlag to value 1
Set parameter LogToConsole to value 0
PHASE1_FULL_BLOCK_PRICED 18 130 1b26af7a9034 0
Set parameter OutputFlag to value 1
Set parameter LogToConsole to value 0
PHASE1_FULL_BLOCK_PRICED 19 130 1b942d4ff090 0
Set parameter OutputFlag to value 1
Set parameter LogToConsole to value 0
PHASE1_FULL_BLOCK_PRICED 20 130 1b9d7ef7de7d 0
Set parameter OutputFlag to value 1
Set parameter LogToConsole to value 0
PHASE1_FULL_BLOCK_PRICED 21 130 1eec2628090e 0
Set parameter OutputFlag to value 1
Set parameter LogToConsole to value 0
PHASE1_FULL_BLOCK_PRICED 22 130 1f52e0f34cf8 0
Set parameter OutputFlag to value 1
Set parameter LogToConsole to value 0
PHASE1_FULL_BLOCK_PRICED 23 130 244a0cd9f60d 0
Set parameter OutputFlag to value 1
Set parameter LogToConsole to value 0
PHASE1_FULL_BLOCK_PRICED 24 130 25862963f483 0
Set parameter OutputFlag to value 1
Set parameter LogToConsole to value 0
PHASE1_FULL_BLOCK_PRICED 25 130 2df646a0887a 0
Set parameter OutputFlag to value 1
Set parameter LogToConsole to value 0
PHASE1_FULL_BLOCK_PRICED 26 130 2e21725ddd2a 0
Set parameter OutputFlag to value 1
Set parameter LogToConsole to value 0
PHASE1_FULL_BLOCK_PRICED 27 130 35ab2c2437d0 0
Set parameter OutputFlag to value 1
Set parameter LogToConsole to value 0
PHASE1_FULL_BLOCK_PRICED 28 130 36504e0dd470 0
Set parameter OutputFlag to value 1
Set parameter LogToConsole to value 0
PHASE1_FULL_BLOCK_PRICED 29 130 36e4bfc2afcb 0
Set parameter OutputFlag to value 1
Set parameter LogToConsole to value 0
PHASE1_FULL_BLOCK_PRICED 30 130 375f8aa0cb7f 0
Set parameter OutputFlag to value 1
Set parameter LogToConsole to value 0
PHASE1_FULL_BLOCK_PRICED 31 130 379c8fb921e5 0
Set parameter OutputFlag to value 1
Set parameter LogToConsole to value 0
PHASE1_FULL_BLOCK_PRICED 32 130 399a1d15dc26 0
Set parameter OutputFlag to value 1
Set parameter LogToConsole to value 0
PHASE1_FULL_BLOCK_PRICED 33 130 3a70984a0a51 0
Set parameter OutputFlag to value 1
Set parameter LogToConsole to value 0
PHASE1_FULL_BLOCK_PRICED 34 130 3b226a58bbeb 0
Set parameter OutputFlag to value 1
Set parameter LogToConsole to value 0
PHASE1_FULL_BLOCK_PRICED 35 130 3c94247593dc 0
Set parameter OutputFlag to value 1
Set parameter LogToConsole to value 0
PHASE1_FULL_BLOCK_PRICED 36 130 3d8a34aab704 0
Set parameter OutputFlag to value 1
Set parameter LogToConsole to value 0
PHASE1_FULL_BLOCK_PRICED 37 130 3e9d365ab43c 0
Set parameter OutputFlag to value 1
Set parameter LogToConsole to value 0
PHASE1_FULL_BLOCK_PRICED 38 130 3f3a39df88a3 0
Set parameter OutputFlag to value 1
Set parameter LogToConsole to value 0
PHASE1_FULL_BLOCK_PRICED 39 130 44cbeed5207e 0
Set parameter OutputFlag to value 1
Set parameter LogToConsole to value 0
PHASE1_FULL_BLOCK_PRICED 40 130 45de6626128d 0
Set parameter OutputFlag to value 1
Set parameter LogToConsole to value 0
PHASE1_FULL_BLOCK_PRICED 41 130 4684c7055dcc 0
Set parameter OutputFlag to value 1
Set parameter LogToConsole to value 0
PHASE1_FULL_BLOCK_PRICED 42 130 46b9746c63e0 0
Set parameter OutputFlag to value 1
Set parameter LogToConsole to value 0
PHASE1_FULL_BLOCK_PRICED 43 130 47a5bb9fc8fe 0
Set parameter OutputFlag to value 1
Set parameter LogToConsole to value 0
PHASE1_FULL_BLOCK_PRICED 44 130 487430a66c2f 0
Set parameter OutputFlag to value 1
Set parameter LogToConsole to value 0
PHASE1_FULL_BLOCK_PRICED 45 130 48d6c00b032e 0
Set parameter OutputFlag to value 1
Set parameter LogToConsole to value 0
PHASE1_FULL_BLOCK_PRICED 46 130 4af918a7b635 0
Set parameter OutputFlag to value 1
Set parameter LogToConsole to value 0
PHASE1_FULL_BLOCK_PRICED 47 130 4cbc0953c6dd 0
Set parameter OutputFlag to value 1
Set parameter LogToConsole to value 0
PHASE1_FULL_BLOCK_PRICED 48 130 51d390e435e1 0
Set parameter OutputFlag to value 1
Set parameter LogToConsole to value 0
PHASE1_FULL_BLOCK_PRICED 49 130 52ab7a8b66b6 0
Set parameter OutputFlag to value 1
Set parameter LogToConsole to value 0
PHASE1_FULL_BLOCK_PRICED 50 130 59a27318d0f1 0
Set parameter OutputFlag to value 1
Set parameter LogToConsole to value 0
PHASE1_FULL_BLOCK_PRICED 51 130 59e89f8dfe75 0
Set parameter OutputFlag to value 1
Set parameter LogToConsole to value 0
PHASE1_FULL_BLOCK_PRICED 52 130 5c91c8dcd558 0
Set parameter OutputFlag to value 1
Set parameter LogToConsole to value 0
PHASE1_FULL_BLOCK_PRICED 53 130 6534b1adf89e 0
Set parameter OutputFlag to value 1
Set parameter LogToConsole to value 0
PHASE1_FULL_BLOCK_PRICED 54 130 67cb68ba0c9c 0
Set parameter OutputFlag to value 1
Set parameter LogToConsole to value 0
PHASE1_FULL_BLOCK_PRICED 55 130 6a43c5e196c1 0
Set parameter OutputFlag to value 1
Set parameter LogToConsole to value 0
PHASE1_FULL_BLOCK_PRICED 56 130 6c9dfd1a6fc5 0
Set parameter OutputFlag to value 1
Set parameter LogToConsole to value 0
PHASE1_FULL_BLOCK_PRICED 57 130 71da75f710ae 0
Set parameter OutputFlag to value 1
Set parameter LogToConsole to value 0
PHASE1_FULL_BLOCK_PRICED 58 130 75d0123138a8 0
Set parameter OutputFlag to value 1
Set parameter LogToConsole to value 0
PHASE1_FULL_BLOCK_PRICED 59 130 7883ffd10502 0
Set parameter OutputFlag to value 1
Set parameter LogToConsole to value 0
PHASE1_FULL_BLOCK_PRICED 60 130 7e7ec1cfd6fe 0
Set parameter OutputFlag to value 1
Set parameter LogToConsole to value 0
PHASE1_FULL_BLOCK_PRICED 61 130 801f740ce521 0
Set parameter OutputFlag to value 1
Set parameter LogToConsole to value 0
PHASE1_FULL_BLOCK_PRICED 62 130 848feccaa46d 0
Set parameter OutputFlag to value 1
Set parameter LogToConsole to value 0
PHASE1_FULL_BLOCK_PRICED 63 130 84bf43740864 0
Set parameter OutputFlag to value 1
Set parameter LogToConsole to value 0
PHASE1_FULL_BLOCK_PRICED 64 130 85c4d6afa56f 0
Set parameter OutputFlag to value 1
Set parameter LogToConsole to value 0
PHASE1_FULL_BLOCK_PRICED 65 130 86f542f7e303 0
Set parameter OutputFlag to value 1
Set parameter LogToConsole to value 0
PHASE1_FULL_BLOCK_PRICED 66 130 8772bf43878b 0
Set parameter OutputFlag to value 1
Set parameter LogToConsole to value 0
PHASE1_FULL_BLOCK_PRICED 67 130 88ce5abc82b8 0
Set parameter OutputFlag to value 1
Set parameter LogToConsole to value 0
PHASE1_FULL_BLOCK_PRICED 68 130 936ca3e40f3c 0
Set parameter OutputFlag to value 1
Set parameter LogToConsole to value 0
PHASE1_FULL_BLOCK_PRICED 69 130 937315374ab4 0
Set parameter OutputFlag to value 1
Set parameter LogToConsole to value 0
PHASE1_FULL_BLOCK_PRICED 70 130 9519350b631b 0
Set parameter OutputFlag to value 1
Set parameter LogToConsole to value 0
PHASE1_FULL_BLOCK_PRICED 71 130 967ffb13b695 0
Set parameter OutputFlag to value 1
Set parameter LogToConsole to value 0
PHASE1_FULL_BLOCK_PRICED 72 130 9908886b54b2 0
Set parameter OutputFlag to value 1
Set parameter LogToConsole to value 0
PHASE1_FULL_BLOCK_PRICED 73 130 9b14c7313170 0
Set parameter OutputFlag to value 1
Set parameter LogToConsole to value 0
PHASE1_FULL_BLOCK_PRICED 74 130 9c18560120c4 0
Set parameter OutputFlag to value 1
Set parameter LogToConsole to value 0
PHASE1_FULL_BLOCK_PRICED 75 130 9d71a7d618ac 0
Set parameter OutputFlag to value 1
Set parameter LogToConsole to value 0
PHASE1_FULL_BLOCK_PRICED 76 130 9e67c2e30dea 0
MAY12_FINAL_DECISION MAY12_RESOURCE_PENDING 35.17800211906433 BudgetStop('MAY12_RESOURCE_PENDING_OTHER_NATIVE_WORKERS')
