
Gurobi 13.0.2 (win64) logging started Thu Oct  8 08:21:50 2026

Set parameter LogFile to value "C:\v42_m1_exact_solver_redesign_20261008\docs\v42_m_practical_exact_solver_overnight_20261008\external_production\external_nodes\0034\LP.log"
Gurobi Optimizer version 13.0.2 build v13.0.2rc1 (win64 - Windows 11+.0 (26200.2))

CPU model: 13th Gen Intel(R) Core(TM) i7-13620H, instruction set [SSE2|AVX|AVX2]
Thread count: 10 physical cores, 16 logical processors, using up to 1 threads

Non-default parameters:
TimeLimit  900
FeasibilityTol  1e-08
IntFeasTol  1e-08
MIPGap  0.005
OptimalityTol  1e-08
Method  2
LPWarmStart  0
Crossover  0
DegenMoves  0
MIPFocus  3
NodeMethod  1
LogToConsole  0
Seed  20260929
Threads  1

Optimize a model with 582808 rows, 306040 columns and 5351612 nonzeros (Min)
Model fingerprint: 0x438ef1cd
Model has 1 linear objective coefficients
Coefficient statistics:
  Matrix range     [1e-13, 4e+02]
  Objective range  [1e+00, 1e+00]
  Bounds range     [3e-08, 2e+03]
  RHS range        [2e-24, 2e+03]
Warning: Model contains large matrix coefficient range
         Consider reformulating model or setting NumericFocus parameter
         to avoid numerical issues.

Presolve removed 175715 rows and 27353 columns
Presolve time: 2.11s
Presolved: 407093 rows, 298982 columns, 4428462 nonzeros
Elapsed ordering time = 5s
Ordering time: 5.51s

Barrier statistics:
 Dense cols : 965
 AA' NZ     : 3.779e+07
 Factor NZ  : 5.709e+07 (roughly 700 MB of memory)
 Factor Ops : 3.117e+10 (roughly 1 second per iteration)
 Threads    : 1

                  Objective                Residual
Iter       Primal          Dual         Primal    Dual     Compl     Time
   0   1.27525742e+03 -5.00181472e+05  6.52e+07 7.87e-07  1.02e+04    13s
   1   1.70158006e+03 -3.67343901e+05  4.36e+07 6.07e-03  4.39e+03    14s
   2   4.60742009e+02 -2.61947425e+05  1.80e+07 4.92e-04  5.58e+03    16s
   3   3.63344006e+01 -1.04230445e+05  1.39e+06 3.89e-10  4.40e+02    18s
   4   8.17395920e-01 -5.80270697e+04  4.44e+03 7.33e-15  9.27e+00    19s
   5   7.50812076e-01 -8.63741179e+03  1.71e+03 1.82e-11  1.38e+00    21s
   6   7.22415038e-01 -5.52408497e+02  2.76e+02 7.71e-11  9.75e-02    23s
   7   7.27931327e-01 -2.20587856e+02  1.01e+02 3.08e-11  3.82e-02    25s
   8   7.32179532e-01 -6.62252216e+01  3.69e+01 7.80e-12  1.26e-02    28s
   9   7.36007043e-01 -2.33376774e+01  6.93e+00 1.14e-09  3.97e-03    30s
  10   7.07170448e-01 -2.18983343e+00  1.38e-01 1.19e-08  4.07e-04    33s
  11   6.37914569e-01 -6.56789125e-01  9.23e-02 1.30e-08  1.80e-04    35s
  12   6.15784467e-01 -2.14838485e-01  7.13e-02 3.39e-08  1.14e-04    37s
  13   6.09845100e-01  9.65466580e-02  3.79e-02 2.88e-08  6.98e-05    39s
  14   6.00195048e-01  2.26941098e-01  2.48e-02 2.13e-08  5.05e-05    41s
  15   5.95568977e-01  3.01591684e-01  1.97e-02 2.78e-08  3.96e-05    43s
  16   5.93014238e-01  3.49885466e-01  1.75e-02 3.38e-08  3.27e-05    45s
  17   5.88582119e-01  3.86531520e-01  1.33e-02 3.03e-08  2.71e-05    47s
  18   5.83698063e-01  4.39450795e-01  9.33e-03 2.71e-08  1.92e-05    48s
  19   5.78268962e-01  4.95621251e-01  5.82e-03 1.60e-08  1.07e-05    50s
  20   5.76310435e-01  5.16649732e-01  4.59e-03 1.22e-08  7.62e-06    52s
  21   5.73664559e-01  5.43050202e-01  3.12e-03 1.33e-08  3.73e-06    54s
  22   5.71338337e-01  5.57915613e-01  1.67e-03 1.16e-08  1.54e-06    57s
  23   5.70474606e-01  5.62913435e-01  1.12e-03 9.63e-09  8.57e-07    59s
  24   5.69992446e-01  5.64409828e-01  8.39e-04 8.65e-09  6.38e-07    61s
  25   5.69625793e-01  5.65367893e-01  6.20e-04 7.62e-09  4.94e-07    63s
  26   5.69468986e-01  5.66411524e-01  5.15e-04 5.51e-09  3.69e-07    64s
  27   5.69302090e-01  5.67251555e-01  3.97e-04 5.97e-09  2.63e-07    66s
  28   5.69160078e-01  5.67421265e-01  2.97e-04 6.11e-09  2.27e-07    68s
  29   5.69088262e-01  5.67797225e-01  2.43e-04 6.24e-09  1.79e-07    70s
  30   5.69029573e-01  5.68238143e-01  2.04e-04 6.47e-09  1.25e-07    72s
  31   5.68999411e-01  5.68458562e-01  1.82e-04 6.57e-09  9.75e-08    73s
  32   5.68925170e-01  5.68568262e-01  1.31e-04 6.53e-09  7.51e-08    75s
  33   5.68902118e-01  5.68710036e-01  1.15e-04 6.38e-09  5.66e-08    77s
  34   5.68846876e-01  5.68830770e-01  7.26e-05 5.89e-09  3.52e-08    80s
  35   5.68816327e-01  5.68863843e-01  5.15e-05 5.68e-09  2.68e-08    82s
  36   5.68806195e-01  5.68903464e-01  4.51e-05 5.35e-09  2.01e-08    84s
  37   5.68786875e-01  5.68936505e-01  3.13e-05 4.94e-09  1.28e-08    85s
  38   5.68776559e-01  5.68948813e-01  2.47e-05 4.68e-09  1.05e-08    87s
  39   5.68772959e-01  5.68955936e-01  2.24e-05 4.49e-09  8.68e-09    89s
  40   5.68766937e-01  5.68957425e-01  1.86e-05 4.50e-09  7.40e-09    90s
  41   5.68762022e-01  5.68956418e-01  1.58e-05 4.55e-09  6.29e-09    92s
  42   5.68760045e-01  5.68943603e-01  1.47e-05 4.42e-09  5.45e-09    94s
  43   5.68753121e-01  5.68928830e-01  9.76e-06 4.14e-09  3.92e-09    96s
  44   5.68751565e-01  5.68920880e-01  8.83e-06 4.07e-09  3.13e-09    98s
  45   5.68749617e-01  5.68900492e-01  7.36e-06 3.93e-09  2.39e-09   100s
  46   5.68747737e-01  5.68893979e-01  5.93e-06 3.99e-09  2.00e-09   102s
  47   5.68744952e-01  5.68880006e-01  3.92e-06 4.12e-09  1.38e-09   104s
  48   5.68744729e-01  5.68878941e-01  3.74e-06 4.15e-09  1.34e-09   105s
  49   5.68744127e-01  5.68876868e-01  3.39e-06 4.19e-09  1.23e-09   107s
  50   5.68743694e-01  5.68873197e-01  3.13e-06 4.22e-09  1.14e-09   110s
  51   5.68742816e-01  5.68869174e-01  2.67e-06 4.43e-09  9.32e-10   112s
  52   5.68740961e-01  5.68866518e-01  1.70e-06 3.59e-09  6.56e-10   114s
  53   5.68739743e-01  5.68864047e-01  1.22e-06 3.62e-09  5.10e-10   116s
  54   5.68739072e-01  5.68853594e-01  9.35e-07 3.66e-09  3.57e-10   118s
  55   5.68738581e-01  5.68845373e-01  7.97e-07 3.72e-09  1.58e-10   120s
  56   5.68737145e-01  5.68838241e-01  4.06e-07 3.72e-09  7.88e-11   122s
  57   5.68736706e-01  5.68831288e-01  3.35e-07 3.67e-09  5.37e-11   123s
  58   5.68735923e-01  5.68825178e-01  2.26e-07 3.58e-09  3.30e-11   125s
  59   5.68735625e-01  5.68824821e-01  1.96e-07 3.58e-09  2.78e-11   127s
  60   5.68735331e-01  5.68823868e-01  1.67e-07 3.54e-09  2.32e-11   129s
  61   5.68735183e-01  5.68823724e-01  1.55e-07 3.54e-09  2.13e-11   132s
  62   5.68735155e-01  5.68823434e-01  1.52e-07 3.52e-09  2.09e-11   134s
  63   5.68735125e-01  5.68822510e-01  1.50e-07 3.31e-09  2.04e-11   136s
  64   5.68734721e-01  5.68820021e-01  1.12e-07 2.53e-09  1.45e-11   138s
  65   5.68734672e-01  5.68819650e-01  1.05e-07 2.50e-09  1.38e-11   141s
  66   5.68734195e-01  5.68816156e-01  1.14e-07 2.41e-09  9.27e-12   143s
  67   5.68734055e-01  5.68814813e-01  1.03e-07 2.58e-09  8.39e-12   145s
  68   5.68733624e-01  5.68812441e-01  7.06e-08 2.77e-09  5.90e-12   147s
  69   5.68733451e-01  5.68812218e-01  6.19e-08 2.85e-09  5.28e-12   149s
  70   5.68733260e-01  5.68811791e-01  5.31e-08 2.96e-09  4.54e-12   151s
  71   5.68733151e-01  5.68811394e-01  5.10e-08 3.05e-09  4.13e-12   153s
  72   5.68732843e-01  5.68810806e-01  4.52e-08 3.18e-09  3.59e-12   155s
  73   5.68732431e-01  5.68809660e-01  3.69e-08 3.49e-09  2.50e-12   157s
  74   5.68732386e-01  5.68809574e-01  3.56e-08 3.50e-09  2.42e-12   159s
  75   5.68732208e-01  5.68809485e-01  4.77e-08 3.52e-09  2.10e-12   161s
  76   5.68731939e-01  5.68809469e-01  3.83e-08 3.52e-09  1.72e-12   162s
  77   5.68731907e-01  5.68809354e-01  3.74e-08 3.54e-09  1.67e-12   164s
  78   5.68731764e-01  5.68809280e-01  3.35e-08 3.55e-09  1.49e-12   166s

Barrier solved model in 78 iterations and 165.78 seconds (310.98 work units)
Optimal objective 5.68733624e-01


User-callback calls 10342, time in user-callback 0.21 sec
Discarded solution information
Set parameter Method to value 2
Set parameter Crossover to value 0
Set parameter LPWarmStart to value 0
Set parameter NumericFocus to value 0
Set parameter DualReductions to value 1
Set parameter InfUnbdInfo to value 0
Set parameter TimeLimit to value 900
