
Gurobi 13.0.2 (win64) logging started Thu Oct  8 09:05:42 2026

Set parameter LogFile to value "C:\v42_m1_exact_solver_redesign_20261008\docs\v42_m_practical_exact_solver_overnight_20261008\external_production\external_nodes\0046\LP.log"
Gurobi Optimizer version 13.0.2 build v13.0.2rc1 (win64 - Windows 11+.0 (26200.2))

CPU model: 13th Gen Intel(R) Core(TM) i7-13620H, instruction set [SSE2|AVX|AVX2]
Thread count: 10 physical cores, 16 logical processors, using up to 1 threads

Non-default parameters:
TimeLimit  900
FeasibilityTol  1e-08
IntFeasTol  1e-08
MIPGap  0.005
OptimalityTol  1e-08
Method  2
LPWarmStart  0
Crossover  0
DegenMoves  0
MIPFocus  3
NodeMethod  1
LogToConsole  0
Seed  20260929
Threads  1

Optimize a model with 582808 rows, 306040 columns and 5351612 nonzeros (Min)
Model fingerprint: 0xe6eadd2a
Model has 1 linear objective coefficients
Coefficient statistics:
  Matrix range     [1e-13, 4e+02]
  Objective range  [1e+00, 1e+00]
  Bounds range     [3e-08, 2e+03]
  RHS range        [2e-24, 2e+03]
Warning: Model contains large matrix coefficient range
         Consider reformulating model or setting NumericFocus parameter
         to avoid numerical issues.

Presolve removed 175676 rows and 27316 columns
Presolve time: 2.05s
Presolved: 407132 rows, 299035 columns, 4428700 nonzeros
Elapsed ordering time = 5s
Ordering time: 5.40s

Barrier statistics:
 Dense cols : 965
 AA' NZ     : 3.779e+07
 Factor NZ  : 5.711e+07 (roughly 700 MB of memory)
 Factor Ops : 3.120e+10 (roughly 1 second per iteration)
 Threads    : 1

                  Objective                Residual
Iter       Primal          Dual         Primal    Dual     Compl     Time
   0   1.27525713e+03 -5.00207727e+05  6.52e+07 7.87e-07  1.02e+04    13s
   1   1.70157965e+03 -3.67371736e+05  4.36e+07 6.07e-03  4.39e+03    14s
   2   4.60780362e+02 -2.61975173e+05  1.80e+07 4.92e-04  5.58e+03    16s
   3   3.63376677e+01 -1.04255204e+05  1.39e+06 7.80e-15  4.40e+02    17s
   4   8.18982854e-01 -5.80433646e+04  4.50e+03 7.47e-15  9.29e+00    19s
   5   7.52328260e-01 -1.00942705e+04  1.76e+03 2.72e-14  1.60e+00    21s
   6   7.21485413e-01 -6.14546624e+02  2.62e+02 3.23e-14  1.06e-01    23s
   7   7.25644980e-01 -2.61233767e+02  9.77e+01 2.69e-14  4.44e-02    25s
   8   7.28837552e-01 -9.99753474e+01  3.86e+01 1.88e-12  1.79e-02    27s
   9   7.34025739e-01 -3.60236697e+01  1.09e+01 1.42e-09  6.27e-03    29s
  10   7.32620717e-01 -2.36477749e+01  6.35e+00 1.10e-09  4.03e-03    31s
  11   7.08807187e-01 -2.89200856e+00  3.54e-01 1.01e-08  5.24e-04    34s
  12   6.77056167e-01 -1.25431224e+00  2.44e-01 7.04e-09  2.77e-04    35s
  13   6.32545250e-01 -4.84368857e-01  1.78e-01 1.61e-08  1.58e-04    37s
  14   6.24676301e-01 -1.44919424e-01  1.44e-01 3.60e-08  1.08e-04    39s
  15   6.18135027e-01 -1.18954524e-02  1.27e-01 3.69e-08  8.79e-05    41s
  16   6.08646117e-01  2.10694815e-01  9.03e-02 2.93e-08  5.48e-05    43s
  17   6.02041025e-01  2.78941764e-01  6.95e-02 2.51e-08  4.42e-05    45s
  18   5.99359445e-01  3.03330095e-01  6.24e-02 2.34e-08  4.04e-05    47s
  19   5.95108507e-01  3.53408330e-01  5.27e-02 2.85e-08  3.28e-05    49s
  20   5.91327454e-01  3.95013659e-01  4.43e-02 3.53e-08  2.65e-05    50s
  21   5.82859109e-01  4.56643967e-01  2.44e-02 2.57e-08  1.68e-05    53s
  22   5.79406525e-01  5.10506894e-01  1.87e-02 2.70e-08  8.96e-06    55s
  23   5.77598094e-01  5.20320626e-01  1.54e-02 2.78e-08  7.40e-06    57s
  24   5.76530471e-01  5.29930238e-01  1.37e-02 2.79e-08  5.96e-06    58s
  25   5.73496044e-01  5.48638302e-01  8.94e-03 1.90e-08  3.09e-06    61s
  26   5.71883674e-01  5.58736946e-01  6.10e-03 1.62e-08  1.60e-06    63s
  27   5.70472945e-01  5.61596745e-01  3.36e-03 1.34e-08  1.06e-06    66s
  28   5.69916790e-01  5.63709257e-01  2.03e-03 1.16e-08  7.44e-07    69s
  29   5.69755090e-01  5.65265305e-01  1.68e-03 8.81e-09  5.46e-07    71s
  30   5.69585018e-01  5.66172566e-01  1.27e-03 6.97e-09  4.20e-07    73s
  31   5.69428818e-01  5.67341747e-01  8.89e-04 5.08e-09  2.67e-07    75s
  32   5.69317637e-01  5.67776100e-01  6.18e-04 4.81e-09  2.01e-07    77s
  33   5.69249472e-01  5.68301166e-01  4.58e-04 4.41e-09  1.31e-07    79s
  34   5.69156609e-01  5.68637303e-01  2.27e-04 4.36e-09  8.00e-08    82s
  35   5.69129733e-01  5.68911357e-01  1.65e-04 4.65e-09  4.48e-08    84s
  36   5.69111881e-01  5.68975593e-01  1.25e-04 4.71e-09  3.34e-08    86s
  37   5.69097606e-01  5.69028491e-01  9.48e-05 4.72e-09  2.52e-08    88s
  38   5.69089030e-01  5.69061653e-01  7.87e-05 4.67e-09  1.98e-08    89s
  39   5.69087626e-01  5.69064929e-01  7.57e-05 4.67e-09  1.93e-08    91s
  40   5.69077588e-01  5.69107873e-01  5.40e-05 4.50e-09  1.24e-08    93s
  41   5.69072018e-01  5.69124602e-01  4.24e-05 4.36e-09  9.31e-09    95s
  42   5.69067060e-01  5.69136036e-01  3.22e-05 4.14e-09  6.55e-09    97s
  43   5.69065082e-01  5.69137488e-01  2.82e-05 3.99e-09  5.36e-09    98s
  44   5.69061234e-01  5.69139632e-01  2.10e-05 3.86e-09  4.15e-09   100s
  45   5.69056525e-01  5.69141669e-01  1.28e-05 3.67e-09  2.46e-09   101s
  46   5.69055048e-01  5.69137929e-01  1.03e-05 3.52e-09  1.77e-09   103s
  47   5.69053505e-01  5.69137291e-01  7.60e-06 3.44e-09  1.42e-09   105s
  48   5.69052701e-01  5.69132656e-01  6.35e-06 3.15e-09  9.92e-10   106s
  49   5.69051750e-01  5.69129883e-01  4.91e-06 2.51e-09  7.21e-10   108s
  50   5.69051435e-01  5.69125617e-01  4.46e-06 2.14e-09  5.85e-10   110s
  51   5.69050331e-01  5.69121067e-01  2.74e-06 1.65e-09  4.02e-10   112s
  52   5.69049774e-01  5.69118165e-01  2.04e-06 1.78e-09  3.06e-10   114s
  53   5.69049486e-01  5.69115731e-01  1.72e-06 1.91e-09  2.60e-10   116s
  54   5.69048485e-01  5.69112290e-01  6.41e-07 2.11e-09  1.61e-10   118s
  55   5.69048113e-01  5.69108270e-01  4.54e-07 2.49e-09  7.10e-11   120s
  56   5.69047715e-01  5.69104592e-01  3.01e-07 2.65e-09  3.08e-11   122s
  57   5.69047680e-01  5.69101370e-01  2.78e-07 2.47e-09  2.79e-11   125s
  58   5.69047595e-01  5.69097461e-01  1.51e-07 2.26e-09  2.10e-11   127s
  59   5.69047553e-01  5.69094168e-01  1.36e-07 2.15e-09  1.86e-11   128s
  60   5.69047491e-01  5.69089204e-01  1.08e-07 2.16e-09  1.55e-11   131s
  61   5.69047477e-01  5.69088415e-01  1.04e-07 2.23e-09  1.41e-11   133s
  62   5.69047418e-01  5.69086997e-01  9.59e-08 2.19e-09  1.34e-11   135s
  63   5.69047366e-01  5.69085590e-01  8.13e-08 2.23e-09  1.19e-11   137s
  64   5.69047334e-01  5.69086127e-01  7.46e-08 2.22e-09  1.10e-11   139s
  65   5.69047246e-01  5.69084306e-01  5.23e-08 2.26e-09  1.05e-11   140s
  66   5.69047150e-01  5.69083301e-01  4.17e-08 2.28e-09  8.65e-12   142s
  67   5.69047143e-01  5.69081391e-01  3.89e-08 2.32e-09  7.42e-12   144s
  68   5.69047078e-01  5.69078441e-01  3.18e-08 2.38e-09  5.91e-12   146s
  69   5.69047015e-01  5.69077067e-01  2.87e-08 2.40e-09  5.27e-12   148s
  70   5.69046996e-01  5.69075989e-01  8.09e-08 2.41e-09  4.70e-12   150s
  71   5.69046995e-01  5.69075982e-01  8.04e-08 2.41e-09  4.68e-12   152s
  72   5.69046982e-01  5.69074932e-01  8.14e-08 2.42e-09  4.23e-12   154s
  73   5.69046921e-01  5.69073214e-01  6.71e-08 2.45e-09  3.44e-12   155s
  74   5.69046919e-01  5.69073109e-01  6.65e-08 2.45e-09  3.40e-12   157s
  75   5.69046915e-01  5.69072272e-01  6.53e-08 2.48e-09  3.24e-12   160s
  76   5.69046896e-01  5.69070990e-01  5.98e-08 2.52e-09  2.97e-12   161s
  77   5.69046887e-01  5.69070497e-01  5.76e-08 2.54e-09  2.85e-12   164s
  78   5.69046886e-01  5.69070488e-01  5.75e-08 2.54e-09  2.84e-12   166s
  79   5.69046849e-01  5.69069240e-01  5.25e-08 2.58e-09  2.61e-12   167s
  80   5.69046836e-01  5.69068310e-01  4.95e-08 2.61e-09  2.44e-12   170s
  81   5.69046827e-01  5.69067894e-01  4.76e-08 2.63e-09  2.34e-12   171s
  82   5.69046800e-01  5.69067558e-01  4.23e-08 2.64e-09  2.12e-12   173s
  83   5.69046793e-01  5.69068088e-01  4.19e-08 2.62e-09  2.15e-12   175s
  84   5.69046792e-01  5.69068041e-01  4.16e-08 2.62e-09  2.13e-12   177s
  85   5.69046790e-01  5.69067117e-01  3.83e-08 2.65e-09  1.96e-12   179s
  86   5.69046821e-01  5.69063439e-01  3.62e-08 1.70e-09  3.61e-12   181s
  87   5.69046772e-01  5.69062793e-01  2.54e-08 1.60e-09  2.24e-12   183s
  88   5.69046769e-01  5.69062623e-01  2.48e-08 1.58e-09  2.20e-12   185s
  89   5.69046751e-01  5.69062452e-01  2.11e-08 1.48e-09  1.82e-12   186s
  90   5.69046733e-01  5.69062453e-01  1.76e-08 1.42e-09  1.49e-12   188s
  91   5.69046732e-01  5.69062422e-01  1.74e-08 1.41e-09  1.47e-12   190s
  92   5.69046712e-01  5.69062062e-01  3.41e-08 1.29e-09  1.17e-12   192s
  93   5.69046711e-01  5.69062059e-01  8.34e-08 1.29e-09  1.17e-12   194s
  94   5.69046711e-01  5.69062059e-01  8.36e-08 1.29e-09  1.17e-12   196s
  95   5.69046710e-01  5.69061847e-01  8.23e-08 1.21e-09  1.15e-12   197s
  96   5.69046709e-01  5.69061758e-01  8.06e-08 1.19e-09  1.13e-12   199s
  97   5.69046708e-01  5.69060886e-01  7.02e-08 1.15e-09  1.04e-12   201s
  98   5.69046708e-01  5.69060886e-01  7.24e-08 1.15e-09  1.04e-12   203s
  99   5.69046700e-01  5.69060835e-01  6.53e-08 1.12e-09  9.50e-13   205s
 100   5.69046655e-01  5.69060407e-01  3.18e-08 6.94e-10  4.32e-13   207s

Barrier solved model in 100 iterations and 206.90 seconds (392.46 work units)
Optimal objective 5.69046655e-01


User-callback calls 13214, time in user-callback 0.23 sec
Discarded solution information
Set parameter Method to value 2
Set parameter Crossover to value 0
Set parameter LPWarmStart to value 0
Set parameter NumericFocus to value 0
Set parameter DualReductions to value 1
Set parameter InfUnbdInfo to value 0
Set parameter TimeLimit to value 900
