
Gurobi 13.0.2 (win64) logging started Wed Oct  7 12:47:08 2026

Set parameter LogFile to value "C:\v42_b1_adaptive_prescreening_rescue_20261007\2025-05-19\S2_EXACT_SUPPORT_BATCH\LP_NATIVE.log"
Set parameter InfUnbdInfo to value 1
Set parameter DualReductions to value 0
Gurobi Optimizer version 13.0.2 build v13.0.2rc1 (win64 - Windows 11+.0 (26200.2))

CPU model: 13th Gen Intel(R) Core(TM) i7-13620H, instruction set [SSE2|AVX|AVX2]
Thread count: 10 physical cores, 16 logical processors, using up to 1 threads

Non-default parameters:
TimeLimit  600
MIPGap  0.005
Method  1
DualReductions  0
InfUnbdInfo  1
Seed  20260929
Threads  1

Optimize a model with 3734330 rows, 2739814 columns and 27751453 nonzeros (Min)
Model fingerprint: 0xdf1dcf00
Model has 0 linear objective coefficients
Coefficient statistics:
  Matrix range     [1e-13, 5e+06]
  Objective range  [0e+00, 0e+00]
  Bounds range     [1e+00, 5e+06]
  RHS range        [1e-07, 5e+06]
Warning: Model contains large matrix coefficient range
         Consider reformulating model or setting NumericFocus parameter
         to avoid numerical issues.

Presolve time: 5.25s
Presolved: 2670908 rows, 2569642 columns, 14362688 nonzeros

Iteration    Objective       Primal Inf.    Dual Inf.      Time
       0    0.0000000e+00   3.193045e+04   0.000000e+00      8s
Iteration    Objective       Primal Inf.    Dual Inf.      Time
   25884    0.0000000e+00   3.194780e+04   0.000000e+00     10s
Iteration    Objective       Primal Inf.    Dual Inf.      Time
   54504    0.0000000e+00   3.227221e+04   0.000000e+00     14s
   68673    0.0000000e+00   1.634349e+04   0.000000e+00     15s
   83149    1.5562341e-03   3.800094e+04   0.000000e+00     20s
   97563    9.4944152e-01   2.297168e+07   0.000000e+00     25s
Iteration    Objective       Primal Inf.    Dual Inf.      Time
  105891    0.0000000e+00   2.548266e+05   0.000000e+00     35s
  113903    0.0000000e+00   2.201491e+05   0.000000e+00     35s
  130120    3.2279942e-03   3.286335e+04   0.000000e+00     40s
  140549    4.0167367e-03   2.212204e+04   0.000000e+00     45s
  149886    4.5689916e-03   3.195798e+04   0.000000e+00     51s
  155328    4.8418701e-03   4.731327e+04   0.000000e+00     55s
  162584    5.7785125e-03   5.399824e+04   0.000000e+00     61s
  165305    6.0792715e-03   1.406041e+05   0.000000e+00     65s
  167119    6.3536312e-03   5.785412e+04   0.000000e+00     70s
  168836    6.6016782e-03   1.704110e+05   0.000000e+00     75s
  170246    6.7500840e-03   2.169216e+05   0.000000e+00     81s
  171976    7.0005635e-03   6.325078e+04   0.000000e+00     88s
  172676    7.0790323e-03   1.951547e+05   0.000000e+00     91s
  173976    7.3456316e-03   3.792854e+04   0.000000e+00     98s
  174636    7.5940004e-03   1.517721e+05   0.000000e+00    101s
  176056    8.1711821e-03   2.101112e+05   0.000000e+00    107s
  176646    8.8392929e-03   2.109667e+05   0.000000e+00    111s
  177906    1.1584744e-02   7.136426e+05   0.000000e+00    117s
  178506    1.3279246e-02   4.938907e+05   0.000000e+00    120s
  179866    3.5521328e-02   4.657584e+06   0.000000e+00    127s
  181246    6.0295959e-02   1.130518e+07   0.000000e+00    133s
  181829    1.5012875e-01   2.581101e+07   0.000000e+00    136s
  182129    1.5015921e-01   2.565102e+07   0.000000e+00    141s
  182429    1.5043234e-01   2.578226e+07   0.000000e+00    147s
  182749    1.5048343e-01   2.583445e+07   0.000000e+00    152s
  183119    1.5052074e-01   2.585512e+07   0.000000e+00    157s
  183499    1.5055137e-01   2.582242e+07   0.000000e+00    163s
  183849    1.5059676e-01   2.579264e+07   0.000000e+00    168s
  184209    1.5060841e-01   2.591096e+07   0.000000e+00    174s
  184739    1.5134234e-01   2.625387e+07   0.000000e+00    178s
  185029    1.5147777e-01   2.635774e+07   0.000000e+00    183s
  185499    1.5156875e-01   2.595162e+07   0.000000e+00    187s
  185799    1.5164526e-01   2.587334e+07   0.000000e+00    192s
  186039    1.5169992e-01   2.660004e+07   0.000000e+00    197s
  186279    1.5175195e-01   2.589143e+07   0.000000e+00    203s
  186539    1.5178410e-01   2.671740e+07   0.000000e+00    208s
  186889    1.5184763e-01   2.606217e+07   0.000000e+00    213s
  187199    1.5189886e-01   2.581610e+07   0.000000e+00    219s
  187639    1.5196235e-01   2.625005e+07   0.000000e+00    223s
  188039    1.5202484e-01   2.585596e+07   0.000000e+00    228s
  188269    1.5207476e-01   2.607476e+07   0.000000e+00    233s
  188509    1.5210425e-01   2.590105e+07   0.000000e+00    239s
  188729    1.5213456e-01   3.162952e+07   0.000000e+00    245s
  189159    1.5268597e-01   2.652002e+07   0.000000e+00    249s
  189519    1.5276149e-01   2.659140e+07   0.000000e+00    254s
  189809    1.5281087e-01   2.635316e+07   0.000000e+00    259s
  190039    2.7018636e-01   9.555704e+07   0.000000e+00    265s
  190609    3.0168626e-01   4.365788e+07   0.000000e+00    268s
  190879    3.0455657e-01   4.965156e+07   0.000000e+00    274s
  191079    3.0460019e-01   5.014110e+07   0.000000e+00    279s
  191299    3.0465722e-01   4.965463e+07   0.000000e+00    285s
  191519    3.0469312e-01   4.935518e+07   0.000000e+00    291s
  191919    1.0686781e+00   2.937434e+07   0.000000e+00    295s
  192219    1.5617195e+00   6.822307e+07   0.000000e+00    301s
  192589    1.5617843e+00   6.899588e+07   0.000000e+00    306s
  192809    1.5618185e+00   6.842907e+07   0.000000e+00    311s
  193833    1.1069632e+01   4.663703e+08   0.000000e+00    318s
  194361    1.2447407e+02   6.076807e+09   0.000000e+00    321s
  194781    1.2994442e+02   7.115186e+09   0.000000e+00    328s
  194865    1.2994446e+02   7.111771e+09   0.000000e+00    332s
  195185    1.2994460e+02   7.099299e+09   0.000000e+00    336s
  195540    1.2994472e+02   7.094925e+09   0.000000e+00    342s
  195756    1.2994484e+02   7.070265e+09   0.000000e+00    349s
  195894    1.2994487e+02   7.069476e+09   0.000000e+00    354s
  196274    1.2994491e+02   7.069225e+09   0.000000e+00    358s
  196532    1.2994503e+02   7.066533e+09   0.000000e+00    365s
  196722    1.2994511e+02   7.066092e+09   0.000000e+00    370s
  197105    1.2994521e+02   7.066889e+09   0.000000e+00    383s
  197504    1.2994532e+02   7.067381e+09   0.000000e+00    388s
  197598    1.2994537e+02   7.064674e+09   0.000000e+00    390s
  197820    1.2994585e+02   7.057346e+09   0.000000e+00    398s
  198008    1.2994588e+02   7.057233e+09   0.000000e+00    404s
  198373    1.2994627e+02   7.055763e+09   0.000000e+00    408s
  198573    1.2994635e+02   7.058943e+09   0.000000e+00    414s
  198792    1.2994640e+02   7.056309e+09   0.000000e+00    421s
  199342    1.2994686e+02   7.057268e+09   0.000000e+00    427s
  199467    1.2994764e+02   7.053447e+09   0.000000e+00    430s
  199722    1.2994790e+02   7.051588e+09   0.000000e+00    438s
  199932    1.2994794e+02   7.052141e+09   0.000000e+00    445s
  200093    1.2994796e+02   7.050910e+09   0.000000e+00    448s
  200397    1.2994801e+02   7.053786e+09   0.000000e+00    455s
  200712    1.2995154e+02   7.052981e+09   0.000000e+00    462s
  201037    1.2995493e+02   7.052725e+09   0.000000e+00    465s
  201342    1.2995668e+02   7.052257e+09   0.000000e+00    471s
  201635    1.2995714e+02   7.054035e+09   0.000000e+00    475s
  201845    1.2995756e+02   7.053636e+09   0.000000e+00    480s
  202224    1.2995815e+02   7.048731e+09   0.000000e+00    485s
  202610    1.2995894e+02   7.042223e+09   0.000000e+00    493s
  202736    1.2995921e+02   7.042747e+09   0.000000e+00    496s
  202989    1.2995968e+02   7.042800e+09   0.000000e+00    500s
  203481    1.2996014e+02   7.045950e+09   0.000000e+00    508s
  203664    1.2996036e+02   7.046407e+09   0.000000e+00    510s
  204097    1.2996093e+02   7.047033e+09   0.000000e+00    515s
  204477    1.2996122e+02   7.050781e+09   0.000000e+00    520s
  204758    1.2996142e+02   7.055509e+09   0.000000e+00    525s
  205025    1.2996206e+02   7.048857e+09   0.000000e+00    530s
  205495    1.2996289e+02   7.046977e+09   0.000000e+00    537s
  205762    1.2996356e+02   7.045061e+09   0.000000e+00    542s
  205920    1.2996448e+02   7.079883e+09   0.000000e+00    545s
  206243    1.2996677e+02   7.051173e+09   0.000000e+00    553s
  206462    1.2996704e+02   7.057235e+09   0.000000e+00    560s
  206528    1.2996769e+02   7.068446e+09   0.000000e+00    562s
  206666    1.2996791e+02   7.091015e+09   0.000000e+00    565s
  206910    1.2996858e+02   7.084988e+09   0.000000e+00    571s
  207155    1.2997149e+02   7.055636e+09   0.000000e+00    577s
  207422    1.2997173e+02   7.055462e+09   0.000000e+00    581s
  207802    1.2997226e+02   7.056262e+09   0.000000e+00    589s
  208168    1.2997318e+02   7.055682e+09   0.000000e+00    594s
  208498    1.2997345e+02   7.056953e+09   0.000000e+00    598s

Stopped in 208596 iterations and 600.02 seconds (1193.30 work units)
Time limit reached
