
Gurobi 13.0.2 (win64) logging started Thu Oct  8 06:35:55 2026

Set parameter LogFile to value "C:\v42_m1_exact_solver_redesign_20261008\docs\v42_m_practical_exact_solver_overnight_20261008\external_production\external_nodes\0011\LP.log"
Gurobi Optimizer version 13.0.2 build v13.0.2rc1 (win64 - Windows 11+.0 (26200.2))

CPU model: 13th Gen Intel(R) Core(TM) i7-13620H, instruction set [SSE2|AVX|AVX2]
Thread count: 10 physical cores, 16 logical processors, using up to 1 threads

Non-default parameters:
TimeLimit  900
FeasibilityTol  1e-08
IntFeasTol  1e-08
MIPGap  0.005
OptimalityTol  1e-08
Method  2
LPWarmStart  0
Crossover  0
DegenMoves  0
MIPFocus  3
NodeMethod  1
LogToConsole  0
Seed  20260929
Threads  1

Optimize a model with 582808 rows, 306040 columns and 5351612 nonzeros (Min)
Model fingerprint: 0x21940b14
Model has 1 linear objective coefficients
Coefficient statistics:
  Matrix range     [1e-13, 4e+02]
  Objective range  [1e+00, 1e+00]
  Bounds range     [3e-08, 2e+03]
  RHS range        [2e-24, 2e+03]
Warning: Model contains large matrix coefficient range
         Consider reformulating model or setting NumericFocus parameter
         to avoid numerical issues.

Presolve removed 175698 rows and 27327 columns
Presolve time: 1.94s
Presolved: 407110 rows, 299000 columns, 4428609 nonzeros
Elapsed ordering time = 5s
Ordering time: 5.40s

Barrier statistics:
 Dense cols : 866
 AA' NZ     : 3.908e+07
 Factor NZ  : 5.838e+07 (roughly 800 MB of memory)
 Factor Ops : 3.187e+10 (roughly 1 second per iteration)
 Threads    : 1

                  Objective                Residual
Iter       Primal          Dual         Primal    Dual     Compl     Time
   0   1.27525792e+03 -5.00169344e+05  6.52e+07 7.87e-07  1.02e+04    13s
   1   1.70158048e+03 -3.67296359e+05  4.36e+07 6.07e-03  4.38e+03    14s
   2   4.60418305e+02 -2.61903454e+05  1.80e+07 4.91e-04  5.58e+03    16s
   3   3.63017032e+01 -1.04226813e+05  1.39e+06 7.09e-10  4.40e+02    17s
   4   8.09964138e-01 -5.80290881e+04  4.17e+03 7.76e-15  9.19e+00    19s
   5   7.55188953e-01 -1.39046792e+04  2.00e+03 1.92e-14  2.17e+00    21s
   6   7.20097575e-01 -8.70114090e+02  2.60e+02 1.47e-14  1.40e-01    23s
   7   7.23423341e-01 -3.33192716e+02  9.00e+01 1.77e-14  5.34e-02    25s
   8   7.26442769e-01 -1.18476769e+02  4.00e+01 1.78e-14  2.03e-02    28s
   9   7.32944791e-01 -2.20519025e+01  1.25e+01 2.44e-09  4.41e-03    30s
  10   7.12339532e-01 -2.27157808e+00  4.01e-01 1.40e-08  4.44e-04    33s
  11   6.34511806e-01 -6.65599113e-01  2.59e-01 1.34e-08  1.88e-04    35s
  12   6.18284968e-01 -1.03340449e-01  1.93e-01 1.47e-08  1.02e-04    37s
  13   6.14412065e-01  5.79145766e-02  1.62e-01 1.33e-08  7.77e-05    39s
  14   6.06987616e-01  2.44090716e-01  1.16e-01 1.67e-08  4.97e-05    41s
  15   6.02113991e-01  3.32084179e-01  9.13e-02 1.93e-08  3.66e-05    43s
  16   5.97863971e-01  3.74410219e-01  7.43e-02 2.73e-08  3.00e-05    44s
  17   5.94755834e-01  4.10402333e-01  6.52e-02 3.37e-08  2.46e-05    46s
  18   5.90226957e-01  4.68075887e-01  5.33e-02 3.69e-08  1.60e-05    48s
  19   5.80296772e-01  5.01936871e-01  2.36e-02 2.57e-08  1.00e-05    50s
  20   5.78409340e-01  5.21711866e-01  1.98e-02 2.26e-08  7.08e-06    52s
  21   5.75132173e-01  5.40886753e-01  1.35e-02 1.84e-08  4.11e-06    55s
  22   5.72287962e-01  5.54080848e-01  8.06e-03 1.44e-08  2.04e-06    57s
  23   5.71383842e-01  5.59678159e-01  6.34e-03 1.26e-08  1.26e-06    59s
  24   5.70647696e-01  5.62417849e-01  4.72e-03 1.08e-08  9.09e-07    61s
  25   5.70153935e-01  5.63746042e-01  3.64e-03 1.00e-08  7.13e-07    62s
  26   5.69709610e-01  5.65930165e-01  2.60e-03 8.60e-09  4.46e-07    64s
  27   5.69555511e-01  5.66405458e-01  2.23e-03 8.39e-09  3.78e-07    66s
  28   5.69423874e-01  5.67212769e-01  1.89e-03 7.00e-09  2.82e-07    67s
  29   5.69345206e-01  5.67549968e-01  1.69e-03 5.88e-09  2.39e-07    69s
  30   5.69187237e-01  5.67937249e-01  1.26e-03 5.42e-09  1.80e-07    71s
  31   5.69117958e-01  5.68105876e-01  1.05e-03 5.55e-09  1.54e-07    73s
  32   5.69033532e-01  5.68383486e-01  8.59e-04 5.70e-09  1.14e-07    75s
  33   5.68964003e-01  5.68608971e-01  6.79e-04 5.81e-09  8.18e-08    77s
  34   5.68852542e-01  5.68838680e-01  3.09e-04 5.80e-09  4.25e-08    80s
  35   5.68814986e-01  5.68959410e-01  2.02e-04 5.26e-09  2.18e-08    82s
  36   5.68773063e-01  5.69007535e-01  8.93e-05 4.61e-09  8.84e-09    85s
  37   5.68761053e-01  5.68999550e-01  6.57e-05 4.48e-09  6.08e-09    87s
  38   5.68751534e-01  5.68987524e-01  4.74e-05 4.36e-09  3.58e-09    90s
  39   5.68742994e-01  5.68975413e-01  3.00e-05 4.31e-09  2.48e-09    92s
  40   5.68736860e-01  5.68957243e-01  2.02e-05 4.04e-09  1.05e-09    94s
  41   5.68734552e-01  5.68950065e-01  1.74e-05 4.27e-09  7.43e-10    96s
  42   5.68728512e-01  5.68942390e-01  9.23e-06 4.36e-09  4.13e-10    98s
  43   5.68730566e-01  5.68940197e-01  9.13e-06 4.34e-09  4.19e-10   101s
  44   5.68726365e-01  5.68924177e-01  4.71e-06 4.42e-09  2.24e-10   103s
  45   5.68725894e-01  5.68911871e-01  4.14e-06 4.43e-09  1.96e-10   105s
  46   5.68725796e-01  5.68909191e-01  4.03e-06 4.43e-09  1.90e-10   106s
  47   5.68724999e-01  5.68911753e-01  3.27e-06 4.38e-09  1.64e-10   108s
  48   5.68724896e-01  5.68918131e-01  3.21e-06 4.48e-09  1.61e-10   110s
  49   5.68724715e-01  5.68899305e-01  3.05e-06 4.36e-09  1.40e-10   111s
  50   5.68724596e-01  5.68895829e-01  2.84e-06 4.35e-09  1.31e-10   113s
  51   5.68723871e-01  5.68884773e-01  2.27e-06 4.29e-09  1.07e-10   115s
  52   5.68723703e-01  5.68877445e-01  2.15e-06 4.26e-09  9.93e-11   117s
  53   5.68722562e-01  5.68858365e-01  1.30e-06 4.21e-09  6.32e-11   119s
  54   5.68722117e-01  5.68859757e-01  1.13e-06 4.20e-09  5.82e-11   121s
  55   5.68722043e-01  5.68860062e-01  1.07e-06 4.19e-09  6.99e-11   123s
  56   5.68721528e-01  5.68845933e-01  8.62e-07 4.15e-09  5.01e-11   125s
  57   5.68720946e-01  5.68840134e-01  6.40e-07 3.82e-09  3.87e-11   127s
  58   5.68720868e-01  5.68840015e-01  6.15e-07 3.81e-09  3.86e-11   130s
  59   5.68720506e-01  5.68838654e-01  5.20e-07 3.70e-09  3.32e-11   132s
  60   5.68720376e-01  5.68838020e-01  4.89e-07 3.65e-09  3.19e-11   133s
  61   5.68719608e-01  5.68832531e-01  3.09e-07 3.44e-09  1.98e-11   136s
  62   5.68719494e-01  5.68831553e-01  2.93e-07 3.28e-09  1.86e-11   138s
  63   5.68719496e-01  5.68831059e-01  2.92e-07 3.27e-09  1.86e-11   140s
  64   5.68719242e-01  5.68828176e-01  2.57e-07 3.16e-09  1.57e-11   142s
  65   5.68719049e-01  5.68826132e-01  2.37e-07 3.15e-09  1.45e-11   145s
  66   5.68718890e-01  5.68825379e-01  2.25e-07 2.96e-09  1.39e-11   148s
  67   5.68718612e-01  5.68824118e-01  1.79e-07 2.92e-09  1.26e-11   150s
  68   5.68718619e-01  5.68823119e-01  1.78e-07 2.88e-09  1.23e-11   152s
  69   5.68718264e-01  5.68819552e-01  1.31e-07 2.69e-09  9.70e-12   154s
  70   5.68718013e-01  5.68819209e-01  1.03e-07 2.67e-09  8.80e-12   156s
  71   5.68717279e-01  5.68814122e-01  8.18e-08 2.38e-09  7.76e-12   159s
  72   5.68717057e-01  5.68808830e-01  7.40e-08 2.07e-09  7.12e-12   161s
  73   5.68717239e-01  5.68803237e-01  6.79e-08 2.14e-09  7.55e-12   163s
  74   5.68716960e-01  5.68796698e-01  5.90e-08 2.33e-09  6.53e-12   165s
  75   5.68716774e-01  5.68797703e-01  5.24e-08 2.43e-09  6.19e-12   168s
  76   5.68716697e-01  5.68791755e-01  5.06e-08 2.57e-09  5.68e-12   170s
  77   5.68716126e-01  5.68790360e-01  3.74e-08 2.73e-09  5.51e-12   173s
  78   5.68715986e-01  5.68788541e-01  3.49e-08 2.79e-09  4.88e-12   175s
  79   5.68715554e-01  5.68785024e-01  2.77e-08 2.96e-09  3.79e-12   178s
  80   5.68714582e-01  5.68782933e-01  2.46e-08 3.17e-09  3.94e-12   182s
  81   5.68714447e-01  5.68782471e-01  2.37e-08 3.18e-09  3.95e-12   187s
  82   5.68714080e-01  5.68781619e-01  2.12e-08 3.21e-09  3.58e-12   190s
  83   5.68713841e-01  5.68777902e-01  2.01e-08 3.31e-09  2.96e-12   193s
  84   5.68713163e-01  5.68775029e-01  1.38e-08 3.34e-09  2.29e-12   195s
  85   5.68713123e-01  5.68774514e-01  1.35e-08 3.32e-09  2.49e-12   197s
  86   5.68712918e-01  5.68775161e-01  1.06e-08 3.32e-09  1.83e-12   199s
  87   5.68713491e-01  5.68768349e-01  8.80e-09 2.99e-09  1.77e-11   203s
  88   5.68713481e-01  5.68768292e-01  8.71e-09 2.98e-09  1.72e-11   205s
  89   5.68712994e-01  5.68761661e-01  2.69e-08 2.60e-09  7.86e-12   207s
  90   5.68712858e-01  5.68761289e-01  2.13e-08 2.58e-09  4.27e-12   211s
  91   5.68712853e-01  5.68759499e-01  2.10e-08 2.56e-09  4.82e-12   215s
  92   5.68712835e-01  5.68756657e-01  1.84e-08 2.41e-09  5.17e-12   218s
  93   5.68712812e-01  5.68756792e-01  1.82e-08 2.64e-09  5.65e-12   221s
  94   5.68712770e-01  5.68751699e-01  1.70e-08 2.46e-09  5.34e-12   224s
  95   5.68712757e-01  5.68750175e-01  1.67e-08 2.44e-09  5.33e-12   226s
  96   5.68712724e-01  5.68748665e-01  1.61e-08 2.52e-09  5.79e-12   228s
  97   5.68712701e-01  5.68747634e-01  1.55e-08 2.51e-09  5.76e-12   231s
  98   5.68712679e-01  5.68745533e-01  1.51e-08 2.50e-09  5.76e-12   233s
  99   5.68712676e-01  5.68743762e-01  1.50e-08 2.50e-09  5.79e-12   235s
 100   5.68712657e-01  5.68743503e-01  1.46e-08 2.50e-09  5.60e-12   237s
 101   5.68712643e-01  5.68743433e-01  1.43e-08 2.50e-09  5.45e-12   239s
 102   5.68712634e-01  5.68743067e-01  1.40e-08 2.50e-09  5.40e-12   241s
 103   5.68712628e-01  5.68742005e-01  1.39e-08 2.50e-09  5.41e-12   243s
 104   5.68712623e-01  5.68741674e-01  1.37e-08 2.50e-09  5.38e-12   245s
 105   5.68712617e-01  5.68741507e-01  1.36e-08 2.49e-09  5.36e-12   248s
 106   5.68712595e-01  5.68739568e-01  1.31e-08 2.47e-09  5.40e-12   250s
 107   5.68712571e-01  5.68739151e-01  1.27e-08 2.46e-09  5.15e-12   251s
 108   5.68712550e-01  5.68739123e-01  1.21e-08 2.46e-09  4.89e-12   254s
 109   5.68712546e-01  5.68738307e-01  1.20e-08 2.44e-09  4.93e-12   257s
 110   5.68712542e-01  5.68738223e-01  1.19e-08 2.43e-09  4.88e-12   259s
 111   5.68712524e-01  5.68737283e-01  1.16e-08 2.40e-09  4.76e-12   261s
 112   5.68712513e-01  5.68737092e-01  1.13e-08 2.39e-09  4.64e-12   263s
 113   5.68712513e-01  5.68737090e-01  1.13e-08 2.39e-09  4.64e-12   266s
 114   5.68712511e-01  5.68737083e-01  1.13e-08 2.39e-09  4.62e-12   268s
 115   5.68712504e-01  5.68735744e-01  1.11e-08 2.24e-09  4.66e-12   272s
 116   5.68712487e-01  5.68734015e-01  1.01e-08 2.06e-09  4.21e-12   275s
 117   5.68712450e-01  5.68731696e-01  5.92e-09 1.81e-09  2.34e-12   278s
 118   5.68712422e-01  5.68737128e-01  6.69e-09 1.66e-09  5.33e-12   281s
 119   5.68712410e-01  5.68730663e-01  6.63e-09 1.11e-09  3.61e-12   283s
 120   5.68712391e-01  5.68728359e-01  5.77e-09 8.80e-10  3.01e-12   285s
 121   5.68712385e-01  5.68727565e-01  5.63e-09 7.99e-10  2.72e-12   287s
 122   5.68712374e-01  5.68727412e-01  4.70e-09 7.83e-10  2.68e-12   289s
 123   5.68712357e-01  5.68726471e-01  3.21e-09 6.75e-10  2.37e-12   291s
 124   5.68712335e-01  5.68725395e-01  3.27e-09 5.59e-10  1.93e-12   293s
 125   5.68712327e-01  5.68722894e-01  3.30e-09 3.92e-10  1.11e-12   295s
 126   5.68712328e-01  5.68721015e-01  2.76e-09 3.10e-10  1.01e-12   298s
 127   5.68712323e-01  5.68720163e-01  1.72e-09 2.76e-10  7.34e-13   301s

Barrier solved model in 127 iterations and 301.39 seconds (557.36 work units)
Optimal objective 5.68712323e-01


User-callback calls 17053, time in user-callback 0.31 sec
Discarded solution information
Set parameter Method to value 2
Set parameter Crossover to value 0
Set parameter LPWarmStart to value 0
Set parameter NumericFocus to value 0
Set parameter DualReductions to value 1
Set parameter InfUnbdInfo to value 0
Set parameter TimeLimit to value 900
