
Gurobi 13.0.2 (win64) logging started Thu Oct  8 16:37:54 2026

Set parameter LogFile to value "D:\v42_may12_p1_exact_rescue_20261008\docs\v42_may12_p1_exact_rescue_20261008\P1\S0\PRICE\B\9519350b631b\NATIVE_SOLVER.log"
Set parameter TimeLimit to value 60
Gurobi Optimizer version 13.0.2 build v13.0.2rc1 (win64 - Windows 11+.0 (26200.2))

CPU model: 13th Gen Intel(R) Core(TM) i7-13620H, instruction set [SSE2|AVX|AVX2]
Thread count: 10 physical cores, 16 logical processors, using up to 1 threads

Non-default parameters:
TimeLimit  60
MIPGap  0.005
Method  2
MIPFocus  3
NodeMethod  1
LogToConsole  0
Seed  20260929
Threads  1

Optimize a model with 13949 rows, 14069 columns and 61987 nonzeros (Min)
Model fingerprint: 0x79bddb63
Model has 1509 linear objective coefficients
Coefficient statistics:
  Matrix range     [1e+00, 8e+04]
  Objective range  [3e-21, 8e-05]
  Bounds range     [2e+01, 2e+06]
  RHS range        [2e+01, 2e+06]

Presolve removed 5603 rows and 3358 columns
Presolve time: 0.02s
Presolved: 8346 rows, 10711 columns, 44064 nonzeros

Ordering time: 0.01s

Barrier statistics:
 Dense cols : 25
 AA' NZ     : 5.282e+04
 Factor NZ  : 2.038e+05 (roughly 10 MB of memory)
 Factor Ops : 8.016e+06 (less than 1 second per iteration)
 Threads    : 1

                  Objective                Residual
Iter       Primal          Dual         Primal    Dual     Compl     Time
   0  -1.04274832e+00 -6.47196701e+01  5.81e+04 0.00e+00  9.04e+00     0s
   1  -6.46109964e-01 -3.55266090e+01  3.60e+04 5.92e-07  4.55e+00     0s
   2  -9.72475844e-02 -2.48140408e+01  5.27e+03 6.71e-07  1.01e+00     0s
   3  -2.50927073e-02 -7.55493527e+00  1.33e+03 6.10e-07  2.57e-01     0s
   4  -9.14151708e-03 -1.90984353e+00  4.66e+02 2.20e-06  7.29e-02     0s
   5  -1.14061332e-03 -6.12161051e-01  3.97e+01 1.72e-06  1.50e-02     0s
   6  -4.35967789e-04 -1.04633178e-01  2.00e+00 2.37e-07  2.18e-03     0s
   7  -4.27109971e-04 -2.37508737e-02  4.66e-01 4.83e-08  4.75e-04     0s
   8  -5.03389614e-04 -8.37930066e-03  1.82e-01 1.56e-08  1.60e-04     0s
   9  -8.24310777e-04 -6.71868293e-03  7.74e-02 1.19e-08  1.19e-04     0s
  10  -9.49419036e-04 -5.46643044e-03  5.96e-02 8.92e-09  9.13e-05     0s
  11  -1.01685487e-03 -5.28249181e-03  5.38e-02 8.40e-09  8.62e-05     0s
  12  -1.19954493e-03 -4.23229438e-03  3.79e-02 6.18e-09  6.14e-05     0s
  13  -1.52241071e-03 -2.41604517e-03  1.15e-02 1.49e-09  1.82e-05     0s
  14  -1.65267371e-03 -2.00326198e-03  4.78e-03 5.33e-10  7.15e-06     0s
  15  -1.72648027e-03 -1.88777032e-03  2.04e-03 1.36e-10  3.29e-06     0s
  16  -1.78176535e-03 -1.80895411e-03  2.41e-04 5.67e-11  5.51e-07     0s
  17  -1.78939455e-03 -1.79398083e-03  3.85e-05 2.03e-11  9.29e-08     0s
  18  -1.79088672e-03 -1.79107308e-03  1.19e-06 3.57e-12  3.77e-09     0s
  19  -1.79095320e-03 -1.79095321e-03  6.87e-11 1.94e-13  1.77e-13     0s

Barrier solved model in 19 iterations and 0.13 seconds (0.19 work units)
Optimal objective -1.79095320e-03

Crossover log...

    4279 DPushes remaining with DInf 0.0000000e+00                 0s
       0 DPushes remaining with DInf 0.0000000e+00                 0s

    1759 PPushes remaining with PInf 0.0000000e+00                 0s
       0 PPushes remaining with PInf 0.0000000e+00                 0s

  Push phase complete: Pinf 0.0000000e+00, Dinf 2.5448393e-14      0s

Crossover time: 0.05 seconds (0.04 work units)
Iteration    Objective       Primal Inf.    Dual Inf.      Time
    5337   -1.7909532e-03   0.000000e+00   0.000000e+00      0s

Solved in 5337 iterations and 0.19 seconds (0.23 work units)
Optimal objective -1.790953207e-03

User-callback calls 6307, time in user-callback 0.03 sec
