Set parameter Username
Set parameter LicenseID to value 2845475
Academic license - for non-commercial use only - expires 2027-07-18
Set parameter OutputFlag to value 1
Set parameter LogToConsole to value 0
Set parameter OutputFlag to value 1
Set parameter LogToConsole to value 0
PHASE1_FULL_BLOCK_PRICED 1 130 015998080c10 -564816410426920333653/1208925819614629174706176
Set parameter OutputFlag to value 1
Set parameter LogToConsole to value 0
PHASE1_FULL_BLOCK_PRICED 2 130 0203356ceaac -2824082052134601504425/9671406556917033397649408
Set parameter OutputFlag to value 1
Set parameter LogToConsole to value 0
PHASE1_FULL_BLOCK_PRICED 3 130 0212a537a620 -188560656152208297033/1208925819614629174706176
Set parameter OutputFlag to value 1
Set parameter LogToConsole to value 0
PHASE1_FULL_BLOCK_PRICED 4 130 02f54d0a6806 -564829589051068891611/2417851639229258349412352
Set parameter OutputFlag to value 1
Set parameter LogToConsole to value 0
PHASE1_FULL_BLOCK_PRICED 5 130 044d55dacecb -188560656152208297033/1208925819614629174706176
Set parameter OutputFlag to value 1
Set parameter LogToConsole to value 0
PHASE1_FULL_BLOCK_PRICED 6 130 0624ebd1ad67 -941382648418448316525/2417851639229258349412352
MAY12_FINAL_DECISION MAY12_RESOURCE_PENDING 3.4599997997283936 BudgetStop('MAY12_RESOURCE_PENDING_OTHER_NATIVE_WORKERS')
