
Gurobi 13.0.2 (win64) logging started Wed Oct  7 19:46:15 2026

Set parameter OutputFlag to value 1
Gurobi Optimizer version 13.0.2 build v13.0.2rc1 (win64 - Windows 11+.0 (26200.2))

CPU model: 13th Gen Intel(R) Core(TM) i7-13620H, instruction set [SSE2|AVX|AVX2]
Thread count: 10 physical cores, 16 logical processors, using up to 1 threads

Non-default parameters:
TimeLimit  300
FeasibilityTol  1e-08
IntFeasTol  1e-08
MIPGap  0.005
OptimalityTol  1e-08
Method  2
Crossover  0
LogToConsole  0
Seed  20260929
Threads  1

Optimize a model with 3626 rows, 919 columns and 10290 nonzeros (Min)
Model fingerprint: 0x0c31e1d5
Model has 1 linear objective coefficients
Coefficient statistics:
  Matrix range     [1e-08, 4e+02]
  Objective range  [1e+00, 1e+00]
  Bounds range     [6e-02, 2e+03]
  RHS range        [2e-04, 1e+03]

Presolve removed 410 rows and 216 columns
Presolve time: 0.00s
Presolved: 3216 rows, 703 columns, 9679 nonzeros
Ordering time: 0.00s

Barrier statistics:
 AA' NZ     : 1.010e+04
 Factor NZ  : 1.197e+04
 Factor Ops : 1.950e+05 (less than 1 second per iteration)
 Threads    : 1

                  Objective                Residual
Iter       Primal          Dual         Primal    Dual     Compl     Time
   0   5.99791335e+01 -3.32885090e+03  2.86e+03 9.45e-06  2.33e+01     0s
   1   4.10145412e+01 -8.55079917e+02  9.62e+02 2.78e-16  6.74e+00     0s
   2   9.95516243e-01 -1.78054094e+02  2.95e-13 1.67e-16  1.58e-01     0s
   3   9.05088361e-01 -7.33363610e+01  3.79e-12 1.42e-16  6.56e-02     0s
   4   7.24458628e-01 -3.54872316e+00  3.69e-12 4.16e-16  3.77e-03     0s
   5   5.93329612e-01  3.30703400e-01  4.97e-12 1.25e-16  2.32e-04     0s
   6   4.57731360e-01  4.35876983e-01  6.59e-11 1.95e-16  1.93e-05     0s
   7   4.45104573e-01  4.42213188e-01  4.98e-11 1.17e-16  2.55e-06     0s
   8   4.44254138e-01  4.43122973e-01  5.18e-11 9.06e-17  9.99e-07     0s
   9   4.43615138e-01  4.43338046e-01  4.17e-11 1.29e-16  2.45e-07     0s
  10   4.43468456e-01  4.43463335e-01  1.21e-09 1.89e-18  4.52e-09     0s
  11   4.43465190e-01  4.43465190e-01  2.41e-11 3.05e-14  3.15e-14     0s

Barrier solved model in 11 iterations and 0.01 seconds (0.01 work units)
Optimal objective 4.43465190e-01

