
Gurobi 13.0.2 (win64) logging started Wed Oct  7 19:23:42 2026

Set parameter OutputFlag to value 1
Set parameter LogToConsole to value 0
Gurobi Optimizer version 13.0.2 build v13.0.2rc1 (win64 - Windows 11+.0 (26200.2))

CPU model: 13th Gen Intel(R) Core(TM) i7-13620H, instruction set [SSE2|AVX|AVX2]
Thread count: 10 physical cores, 16 logical processors, using up to 1 threads

Non-default parameters:
FeasibilityTol  1e-08
IntFeasTol  1e-08
OptimalityTol  1e-08
Method  2
Crossover  0
LogToConsole  0
Threads  1

Optimize a model with 3479007 rows, 1706120 columns and 11664103 nonzeros (Min)
Model fingerprint: 0x57bb62ca
Model has 0 linear objective coefficients
Coefficient statistics:
  Matrix range     [2e-01, 1e+03]
  Objective range  [0e+00, 0e+00]
  Bounds range     [6e-13, 1e+03]
  RHS range        [1e+00, 1e+00]

Presolve removed 3460395 rows and 1701270 columns
Presolve time: 0.91s
Presolved: 18612 rows, 4850 columns, 62884 nonzeros
Ordering time: 0.02s

Barrier statistics:
 AA' NZ     : 4.013e+05
 Factor NZ  : 5.531e+05 (roughly 13 MB of memory)
 Factor Ops : 2.045e+07 (less than 1 second per iteration)
 Threads    : 1

                  Objective                Residual
Iter       Primal          Dual         Primal    Dual     Compl     Time
   0   0.00000000e+00 -9.93620000e+03  2.83e+04 0.00e+00  6.08e+00     1s
   1   0.00000000e+00 -4.87317040e+03  6.02e+03 3.14e-14  1.27e+00     1s
   2   0.00000000e+00 -3.51626824e+02  1.31e+02 3.05e-14  3.62e-02     1s
   3   0.00000000e+00 -7.60798973e+01  7.29e+01 4.68e-13  1.46e-02     1s
   4   0.00000000e+00 -3.65531826e+01  2.86e+01 3.45e-13  6.01e-03     1s
   5   0.00000000e+00 -2.03034873e+01  1.91e+01 5.34e-13  3.88e-03     1s
   6   0.00000000e+00 -1.22865983e+01  1.36e+01 2.78e-13  2.72e-03     1s
   7   0.00000000e+00 -5.58730589e+00  8.74e+00 2.22e-13  1.71e-03     1s
   8   0.00000000e+00 -4.71305737e+00  7.70e+00 2.16e-13  1.50e-03     1s
   9   0.00000000e+00 -2.69105007e+00  7.19e+00 2.42e-13  1.38e-03     1s
  10   0.00000000e+00 -8.64162138e-01  5.01e+00 4.78e-13  9.67e-04     1s
  11   0.00000000e+00  1.48247678e+00  4.24e+00 3.81e-13  8.04e-04     1s
  12   0.00000000e+00  1.60650241e+01  3.99e+00 1.87e-13  7.67e-04     1s
  13   0.00000000e+00  8.37205995e+01  3.68e+00 3.43e-13  9.11e-04     1s
  14   0.00000000e+00  1.68504251e+03  3.57e+00 7.99e-13  2.24e-03     1s
  15   0.00000000e+00  1.62517100e+05  3.54e+00 1.75e-10  5.50e-02     1s
  16   0.00000000e+00  2.32609883e+05  3.49e+00 1.35e-10  7.13e-02     1s
  17   0.00000000e+00  2.10886465e+05  3.47e+00 1.01e-10  8.22e-02     1s
  18   0.00000000e+00  1.93236571e+05  3.45e+00 8.71e-11  8.33e-02     1s
  19   0.00000000e+00  2.13980955e+05  3.31e+00 8.79e-11  7.00e-02     1s
  20   0.00000000e+00  1.54308917e+05  3.28e+00 6.98e-11  6.05e-02     1s
  21   0.00000000e+00  3.87409320e+05  3.26e+00 1.89e-10  9.18e-02     1s
  22   0.00000000e+00  3.44571968e+05  3.25e+00 1.45e-10  9.27e-02     1s
  23   0.00000000e+00  3.38162982e+05  3.25e+00 1.19e-10  9.52e-02     1s
  24   0.00000000e+00  6.18227215e+05  3.25e+00 3.56e-10  1.62e-01     1s
  25   0.00000000e+00  1.31766564e+05  3.21e+00 2.00e-10  4.15e-02     1s
  26   0.00000000e+00  9.16910151e+05  3.18e+00 6.24e-10  1.57e-01     1s
  27   0.00000000e+00  8.67412385e+05  3.18e+00 3.82e-10  1.58e-01     1s
  28   0.00000000e+00  8.82378725e+05  3.17e+00 5.39e-10  1.54e-01     1s
  29   0.00000000e+00  8.03313837e+05  3.10e+00 3.79e-10  1.72e-01     1s
  30   0.00000000e+00  6.35445368e+05  3.06e+00 3.06e-10  1.69e-01     1s
  31   0.00000000e+00  1.28127975e+06  3.02e+00 6.35e-10  2.33e-01     1s
  32   0.00000000e+00  2.00423908e+06  3.00e+00 9.11e-10  3.62e-01     1s
  33   0.00000000e+00  2.30761571e+06  3.00e+00 1.16e-09  3.44e-01     1s
  34   0.00000000e+00  2.62213799e+06  2.99e+00 1.74e-09  4.34e-01     1s
  35   0.00000000e+00  1.11665826e+06  2.90e+00 1.40e-09  3.22e-01     1s
  36   0.00000000e+00  2.18218878e+07  2.90e+00 2.13e-08  2.85e+00     1s
  37   0.00000000e+00  2.27100956e+07  2.89e+00 1.31e-08  2.89e+00     1s
  38   0.00000000e+00  1.84030463e+07  2.80e+00 1.27e-08  2.88e+00     1s
  39   0.00000000e+00  1.49531680e+07  2.80e+00 8.59e-09  2.68e+00     1s
  40   0.00000000e+00  2.95293935e+06  2.77e+00 1.02e-08  1.06e+00     1s
  41   0.00000000e+00  4.02667151e+06  2.76e+00 1.06e-08  8.38e-01     1s
  42   0.00000000e+00  1.26467476e+07  2.75e+00 8.96e-09  1.81e+00     1s
  43   0.00000000e+00  9.91335504e+06  2.74e+00 1.12e-08  2.65e+00     1s
  44   0.00000000e+00  4.73534929e+07  2.73e+00 2.21e-08  6.69e+00     1s
  45   0.00000000e+00  6.97058987e+07  2.69e+00 4.61e-08  7.63e+00     1s
  46   0.00000000e+00  6.41929872e+07  2.68e+00 2.99e-08  7.70e+00     1s
  47   0.00000000e+00  5.17392967e+07  2.68e+00 2.06e-08  7.02e+00     1s
  48   0.00000000e+00  1.79296779e+08  2.66e+00 9.62e-08  2.14e+01     1s
  49   0.00000000e+00  1.55477880e+08  2.65e+00 6.18e-08  2.11e+01     1s
  50   0.00000000e+00  1.38650893e+08  2.62e+00 5.95e-08  2.07e+01     1s
  51   0.00000000e+00  2.52066185e+08  2.62e+00 9.77e-08  2.34e+01     1s
  52   0.00000000e+00  2.47435322e+08  2.61e+00 1.53e-07  2.27e+01     1s
  53   0.00000000e+00 -9.93620000e+03  2.83e+04 0.00e+00  6.08e+00     1s
  54   0.00000000e+00 -1.01957666e+02  4.41e+02 6.43e-04  3.68e-02     1s
  55   0.00000000e+00 -1.42817012e+01  1.18e+02 1.11e-04  7.05e-03     1s
  56   0.00000000e+00 -2.59096309e+00  2.85e+01 2.04e-05  1.14e-03     2s
  57   0.00000000e+00 -1.44189059e+00  1.76e+01 1.06e-05  7.94e-04     2s
  58   0.00000000e+00 -5.37028326e-01  1.21e+01 3.86e-06  5.40e-04     2s
  59   0.00000000e+00 -3.30039545e-01  6.53e+00 2.28e-06  3.27e-04     2s
  60   0.00000000e+00  4.76862239e-01  5.02e+00 5.67e-12  6.23e-03     2s
  61   0.00000000e+00  4.08519545e+04  6.10e+00 7.85e-06  7.57e+03     2s
  62*  0.00000000e+00  8.40703439e+09  2.14e-10 3.49e-09  2.43e-12     2s

Barrier performed 62 iterations in 1.56 seconds (3.25 work units)
Infeasible model

