
Gurobi 13.0.2 (win64) logging started Wed Oct  7 20:11:55 2026

Set parameter OutputFlag to value 1
Set parameter LogToConsole to value 0
Gurobi Optimizer version 13.0.2 build v13.0.2rc1 (win64 - Windows 11+.0 (26200.2))

CPU model: 13th Gen Intel(R) Core(TM) i7-13620H, instruction set [SSE2|AVX|AVX2]
Thread count: 10 physical cores, 16 logical processors, using up to 1 threads

Non-default parameters:
TimeLimit  300
FeasibilityTol  1e-08
IntFeasTol  1e-08
MIPGap  0.005
OptimalityTol  1e-08
Method  2
Crossover  2
DegenMoves  0
MIPFocus  3
NodeMethod  1
LogToConsole  0
Seed  20260929
Threads  1

Optimize a model with 582808 rows, 306040 columns and 5351612 nonzeros (Min)
Model fingerprint: 0xbb7d632a
Model has 1 linear objective coefficients
Variable types: 305840 continuous, 200 integer (200 binary)
Coefficient statistics:
  Matrix range     [1e-13, 4e+02]
  Objective range  [1e+00, 1e+00]
  Bounds range     [3e-08, 2e+03]
  RHS range        [2e-24, 2e+03]
Warning: Model contains large matrix coefficient range
         Consider reformulating model or setting NumericFocus parameter
         to avoid numerical issues.

Loaded user MIP start with objective 0.633978

Presolve removed 154701 rows and 26798 columns (presolve time = 5s)...
Presolve removed 174959 rows and 26802 columns (presolve time = 10s)...
Presolve removed 174959 rows and 26802 columns (presolve time = 15s)...
Presolve removed 174959 rows and 26802 columns
Presolve time: 15.54s
Presolved: 407849 rows, 279238 columns, 4679979 nonzeros
Variable types: 279038 continuous, 200 integer (200 binary)
Root relaxation presolve removed 34 rows and 16 columns (presolve time = 5s)...
Root relaxation presolve removed 16411 rows and 907 columns (presolve time = 10s)...
Root relaxation presolve removed 16411 rows and 907 columns (presolve time = 15s)...
Root relaxation presolve removed 16428 rows and 907 columns (presolve time = 20s)...
Root relaxation presolve removed 36617 rows and 907 columns
Root relaxation presolved: 371232 rows, 298520 columns, 4234968 nonzeros

Root barrier log...

Elapsed ordering time = 5s
Ordering time: 8.28s

Barrier statistics:
 Dense cols : 335
 AA' NZ     : 3.612e+07
 Factor NZ  : 5.250e+07 (roughly 700 MB of memory)
 Factor Ops : 2.677e+10 (roughly 2 seconds per iteration)
 Threads    : 1

                  Objective                Residual
Iter       Primal          Dual         Primal    Dual     Compl     Time
   0   1.52133776e+02 -4.24378605e+05  3.81e+04 1.08e-07  1.04e+01    57s
   1   1.52544353e+02 -2.60158121e+05  1.91e+04 2.61e-03  3.24e+00    61s
   2   9.54085825e+00 -1.51814942e+05  1.42e+03 6.46e-11  3.57e-01    64s
   3   1.25053630e+00 -1.29443265e+04  1.03e+02 2.15e-10  2.57e-02    68s
   4   7.47941791e-01 -2.77151272e+03  2.75e+01 8.24e-15  5.87e-03    71s
   5   6.07151575e-01 -1.22389778e+03  7.02e+00 4.59e-15  2.16e-03    75s
   6   5.83711557e-01 -2.87642651e+02  2.46e+00 2.39e-15  6.55e-04    80s
   7   5.88861862e-01 -7.18333150e+01  1.20e+00 2.11e-15  2.34e-04    84s
   8   6.07896856e-01 -2.21001167e+01  1.74e-01 1.83e-15  4.45e-05    88s
   9   6.16851110e-01 -7.18799243e+00  4.04e-03 2.18e-15  8.89e-06    93s
  10   6.14280590e-01 -2.33062965e-01  2.61e-04 1.69e-14  9.47e-07    96s
  11   6.09909942e-01  8.92593655e-02  1.88e-04 3.62e-14  5.82e-07   100s
  12   6.04522312e-01  2.94575533e-01  1.03e-04 2.64e-16  3.46e-07   105s
  13   6.00102635e-01  3.91344560e-01  8.18e-05 6.50e-13  2.33e-07   109s
  14   5.95996396e-01  4.35413803e-01  6.96e-05 7.35e-14  1.79e-07   113s
  15   5.90999217e-01  4.63626441e-01  5.63e-05 6.68e-12  1.42e-07   117s
  16   5.88675951e-01  4.73839851e-01  4.86e-05 1.36e-11  1.28e-07   120s
  17   5.87404339e-01  4.79570630e-01  4.62e-05 1.65e-11  1.20e-07   125s
  18   5.83249150e-01  5.07156021e-01  3.41e-05 1.87e-11  8.50e-08   128s
  19   5.79763189e-01  5.34502287e-01  2.62e-05 1.15e-11  5.05e-08   133s
  20   5.77616446e-01  5.44952406e-01  2.07e-05 9.60e-12  3.65e-08   137s
  21   5.76140795e-01  5.50970723e-01  1.75e-05 7.53e-12  2.81e-08   141s
  22   5.73182718e-01  5.60137089e-01  1.17e-05 1.83e-11  1.46e-08   146s
  23   5.71937744e-01  5.61695038e-01  8.85e-06 2.00e-11  1.14e-08   150s
  24   5.70895220e-01  5.63943177e-01  6.35e-06 1.80e-11  7.76e-09   153s
  25   5.70348524e-01  5.65130187e-01  5.16e-06 1.28e-11  5.83e-09   157s
  26   5.69887431e-01  5.66009273e-01  4.01e-06 8.63e-12  4.33e-09   161s
  27   5.69680467e-01  5.66627210e-01  3.41e-06 1.23e-11  3.41e-09   166s
  28   5.69404271e-01  5.67217494e-01  2.45e-06 1.82e-11  2.44e-09   169s
  29   5.69283326e-01  5.67548124e-01  2.12e-06 2.10e-11  1.94e-09   173s
  30   5.69167199e-01  5.67918629e-01  1.77e-06 1.95e-11  1.39e-09   177s
  31   5.69014081e-01  5.68152092e-01  1.23e-06 1.16e-11  9.63e-10   181s
  32   5.68973807e-01  5.68292992e-01  1.06e-06 7.25e-12  7.60e-10   184s
  33   5.68944413e-01  5.68337238e-01  9.51e-07 5.68e-12  6.78e-10   188s
  34   5.68873338e-01  5.68400579e-01  7.05e-07 4.93e-12  5.28e-10   191s
  35   5.68825266e-01  5.68513601e-01  5.07e-07 5.66e-12  3.48e-10   195s
  36   5.68788911e-01  5.68573351e-01  3.72e-07 6.27e-12  2.41e-10   199s
  37   5.68775783e-01  5.68631250e-01  3.06e-07 1.11e-11  1.61e-10   203s
  38   5.68747697e-01  5.68663988e-01  1.75e-07 1.75e-11  9.35e-11   207s
  39   5.68737987e-01  5.68690354e-01  1.33e-07 1.34e-11  5.32e-11   211s
  40   5.68722530e-01  5.68698791e-01  5.30e-08 8.74e-12  2.65e-11   214s
  41   5.68719353e-01  5.68702370e-01  4.00e-08 6.24e-12  1.90e-11   218s
  42   5.68714457e-01  5.68709653e-01  1.45e-08 5.13e-12  5.38e-12   224s
  43   5.68712344e-01  5.68711458e-01  3.53e-09 2.33e-13  9.89e-13   229s
  44   5.68711644e-01  5.68711590e-01  1.85e-09 4.23e-13  6.06e-14   233s
  45   5.68711611e-01  5.68711609e-01  1.80e-09 1.03e-13  9.79e-16   237s

Barrier solved model in 45 iterations and 236.67 seconds (253.87 work units)
Optimal objective 5.68711611e-01


Root crossover log...

   27299 DPushes remaining with DInf 0.0000000e+00               237s
       0 DPushes remaining with DInf 0.0000000e+00               241s

  154521 PPushes remaining with PInf 2.1894997e-03               241s
  127679 PPushes remaining with PInf 7.4544190e-04               245s
   56126 PPushes remaining with PInf 7.4544218e-04               250s
   16095 PPushes remaining with PInf 5.7383741e-04               259s
   13847 PPushes remaining with PInf 5.7383801e-04               262s
   11469 PPushes remaining with PInf 5.7383697e-04               266s
    5329 PPushes remaining with PInf 5.8334453e-04               270s
    4032 PPushes remaining with PInf 5.8334454e-04               276s
    3063 PPushes remaining with PInf 5.8334438e-04               281s
    2090 PPushes remaining with PInf 5.8334500e-04               286s
    1446 PPushes remaining with PInf 5.8334451e-04               290s
     801 PPushes remaining with PInf 5.8334443e-04               296s
Crossover changed status from Optimal to Time Limit

Root relaxation: time limit, 168170 iterations, 283.32 seconds (292.89 work units)

    Nodes    |    Current Node    |     Objective Bounds      |     Work
 Expl Unexpl |  Obj  Depth IntInf | Incumbent    BestBd   Gap | It/Node Time

     0     0          -    0         0.63398    0.39559  37.6%     -  300s

Explored 1 nodes (168170 simplex iterations) in 300.23 seconds (311.08 work units)
Thread count was 1 (of 16 available processors)

Solution count 1: 0.633978 

Time limit reached
Best objective 6.339776033797e-01, best bound 3.955868065146e-01, gap 37.6024%
