
Gurobi 13.0.2 (win64) logging started Thu Oct  8 09:01:35 2026

Set parameter LogFile to value "C:\v42_m1_exact_solver_redesign_20261008\docs\v42_m_practical_exact_solver_overnight_20261008\external_production\external_nodes\0045\LP.log"
Gurobi Optimizer version 13.0.2 build v13.0.2rc1 (win64 - Windows 11+.0 (26200.2))

CPU model: 13th Gen Intel(R) Core(TM) i7-13620H, instruction set [SSE2|AVX|AVX2]
Thread count: 10 physical cores, 16 logical processors, using up to 1 threads

Non-default parameters:
TimeLimit  900
FeasibilityTol  1e-08
IntFeasTol  1e-08
MIPGap  0.005
OptimalityTol  1e-08
Method  2
LPWarmStart  0
Crossover  0
DegenMoves  0
MIPFocus  3
NodeMethod  1
LogToConsole  0
Seed  20260929
Threads  1

Optimize a model with 582808 rows, 306040 columns and 5351612 nonzeros (Min)
Model fingerprint: 0x43ce0db0
Model has 1 linear objective coefficients
Coefficient statistics:
  Matrix range     [1e-13, 4e+02]
  Objective range  [1e+00, 1e+00]
  Bounds range     [3e-08, 2e+03]
  RHS range        [2e-24, 2e+03]
Warning: Model contains large matrix coefficient range
         Consider reformulating model or setting NumericFocus parameter
         to avoid numerical issues.

Presolve removed 175688 rows and 27322 columns
Presolve time: 2.10s
Presolved: 407120 rows, 299021 columns, 4428648 nonzeros
Elapsed ordering time = 5s
Ordering time: 5.53s

Barrier statistics:
 Dense cols : 965
 AA' NZ     : 3.779e+07
 Factor NZ  : 5.716e+07 (roughly 700 MB of memory)
 Factor Ops : 3.128e+10 (roughly 1 second per iteration)
 Threads    : 1

                  Objective                Residual
Iter       Primal          Dual         Primal    Dual     Compl     Time
   0   1.27525720e+03 -5.00195048e+05  6.52e+07 7.87e-07  1.02e+04    13s
   1   1.70157973e+03 -3.67357836e+05  4.36e+07 6.07e-03  4.39e+03    14s
   2   4.60771419e+02 -2.61961304e+05  1.80e+07 4.92e-04  5.58e+03    16s
   3   3.63368161e+01 -1.04242878e+05  1.39e+06 1.45e-09  4.40e+02    18s
   4   8.17538717e-01 -5.80352643e+04  4.44e+03 7.45e-15  9.28e+00    20s
   5   7.51389577e-01 -9.73147031e+03  1.73e+03 2.22e-14  1.54e+00    22s
   6   7.23473839e-01 -7.45977507e+02  3.26e+02 4.82e-11  1.29e-01    23s
   7   7.26512661e-01 -2.15068625e+02  9.61e+01 9.12e-12  3.80e-02    26s
   8   7.29168730e-01 -6.90311377e+01  4.26e+01 2.60e-12  1.37e-02    28s
   9   7.33559729e-01 -2.50244981e+01  9.66e+00 4.83e-09  4.51e-03    30s
  10   7.15354379e-01 -2.22043680e+00  4.50e-01 1.49e-08  4.40e-04    33s
  11   6.40929852e-01 -1.09746258e+00  2.61e-01 1.09e-08  2.52e-04    35s
  12   6.23419396e-01 -4.02790444e-01  2.03e-01 4.73e-08  1.47e-04    37s
  13   6.14872134e-01  1.36380572e-01  1.43e-01 4.86e-08  6.68e-05    40s
  14   6.01547980e-01  3.16007780e-01  7.41e-02 3.74e-08  3.89e-05    42s
  15   5.91719530e-01  4.07846552e-01  4.20e-02 3.50e-08  2.46e-05    44s
  16   5.86489623e-01  4.57727891e-01  3.02e-02 3.40e-08  1.71e-05    46s
  17   5.80624618e-01  5.09781804e-01  1.95e-02 1.84e-08  9.09e-06    49s
  18   5.77245849e-01  5.32814609e-01  1.41e-02 1.31e-08  5.54e-06    51s
  19   5.73460112e-01  5.48965946e-01  8.05e-03 1.35e-08  2.92e-06    53s
  20   5.71656174e-01  5.59181594e-01  5.24e-03 1.20e-08  1.44e-06    55s
  21   5.70826424e-01  5.61913408e-01  3.65e-03 1.03e-08  1.04e-06    57s
  22   5.70386924e-01  5.63693896e-01  2.94e-03 9.43e-09  7.88e-07    59s
  23   5.69877398e-01  5.65201445e-01  2.16e-03 8.46e-09  5.63e-07    61s
  24   5.69712638e-01  5.66058059e-01  1.83e-03 7.17e-09  4.51e-07    63s
  25   5.69626120e-01  5.66183908e-01  1.64e-03 7.00e-09  4.25e-07    64s
  26   5.69476525e-01  5.66827877e-01  1.37e-03 6.08e-09  3.37e-07    66s
  27   5.69371474e-01  5.67133162e-01  1.16e-03 5.74e-09  2.90e-07    68s
  28   5.69266048e-01  5.67551880e-01  9.23e-04 5.51e-09  2.31e-07    69s
  29   5.69204287e-01  5.67861927e-01  7.83e-04 5.59e-09  1.90e-07    71s
  30   5.69185131e-01  5.68038607e-01  7.39e-04 5.65e-09  1.68e-07    72s
  31   5.69176294e-01  5.68168693e-01  7.18e-04 5.74e-09  1.53e-07    74s
  32   5.69088824e-01  5.68352941e-01  5.20e-04 5.83e-09  1.20e-07    76s
  33   5.69052457e-01  5.68439482e-01  4.43e-04 5.80e-09  1.06e-07    78s
  34   5.69013782e-01  5.68654377e-01  3.57e-04 5.75e-09  7.54e-08    80s
  35   5.68981720e-01  5.68775283e-01  2.86e-04 5.58e-09  5.64e-08    81s
  36   5.68966024e-01  5.68815621e-01  2.53e-04 5.42e-09  4.94e-08    83s
  37   5.68936786e-01  5.68881115e-01  1.91e-04 5.17e-09  3.75e-08    85s
  38   5.68904468e-01  5.68912241e-01  1.23e-04 5.09e-09  2.87e-08    88s
  39   5.68889905e-01  5.68955658e-01  9.04e-05 4.82e-09  2.19e-08    89s
  40   5.68874902e-01  5.69020385e-01  6.05e-05 4.72e-09  1.24e-08    91s
  41   5.68873001e-01  5.69046521e-01  5.73e-05 4.74e-09  8.56e-09    93s
  42   5.68857323e-01  5.69048733e-01  3.01e-05 4.58e-09  5.58e-09    95s
  43   5.68854177e-01  5.69046719e-01  2.58e-05 4.50e-09  4.89e-09    97s
  44   5.68847674e-01  5.69046827e-01  1.80e-05 4.29e-09  3.51e-09    99s
  45   5.68844892e-01  5.69036645e-01  1.52e-05 4.16e-09  2.61e-09   102s
  46   5.68843752e-01  5.69038613e-01  1.40e-05 4.14e-09  2.49e-09   104s
  47   5.68840755e-01  5.69037036e-01  1.12e-05 4.03e-09  1.84e-09   106s
  48   5.68837720e-01  5.69028105e-01  8.92e-06 4.16e-09  1.23e-09   108s
  49   5.68837476e-01  5.69027759e-01  8.76e-06 4.18e-09  1.20e-09   110s
  50   5.68834049e-01  5.69022147e-01  6.42e-06 4.51e-09  7.80e-10   113s
  51   5.68833135e-01  5.69012399e-01  5.82e-06 4.35e-09  7.41e-10   114s
  52   5.68833077e-01  5.69009163e-01  5.73e-06 4.34e-09  7.19e-10   116s
  53   5.68832058e-01  5.69004670e-01  4.97e-06 4.34e-09  6.22e-10   118s
  54   5.68830653e-01  5.68994420e-01  3.59e-06 4.37e-09  4.52e-10   120s
  55   5.68830394e-01  5.68992202e-01  3.39e-06 4.38e-09  4.28e-10   122s
  56   5.68830106e-01  5.68985388e-01  3.17e-06 4.39e-09  3.73e-10   124s
  57   5.68829630e-01  5.68978719e-01  2.62e-06 4.03e-09  3.11e-10   126s
  58   5.68829392e-01  5.68978070e-01  2.47e-06 4.05e-09  2.94e-10   128s
  59   5.68828781e-01  5.68976427e-01  2.08e-06 4.09e-09  2.59e-10   130s
  60   5.68827810e-01  5.68974970e-01  1.53e-06 4.11e-09  2.17e-10   131s
  61   5.68826473e-01  5.68967812e-01  9.27e-07 4.17e-09  1.24e-10   133s
  62   5.68826179e-01  5.68964953e-01  8.44e-07 4.16e-09  9.40e-11   135s
  63   5.68825520e-01  5.68961273e-01  6.44e-07 4.06e-09  7.22e-11   138s
  64   5.68825126e-01  5.68961980e-01  5.91e-07 4.06e-09  6.41e-11   140s
  65   5.68824740e-01  5.68958594e-01  5.05e-07 3.98e-09  5.40e-11   142s
  66   5.68824589e-01  5.68954708e-01  4.77e-07 3.84e-09  4.59e-11   144s
  67   5.68823938e-01  5.68949531e-01  3.32e-07 3.70e-09  3.37e-11   146s
  68   5.68823445e-01  5.68944634e-01  2.33e-07 3.26e-09  2.56e-11   148s
  69   5.68823140e-01  5.68939648e-01  1.95e-07 2.77e-09  2.10e-11   151s
  70   5.68822803e-01  5.68938162e-01  1.75e-07 2.66e-09  1.92e-11   152s
  71   5.68822698e-01  5.68937009e-01  1.65e-07 2.54e-09  1.83e-11   155s
  72   5.68822127e-01  5.68934584e-01  1.11e-07 1.97e-09  1.45e-11   157s
  73   5.68822076e-01  5.68931089e-01  1.08e-07 1.93e-09  1.31e-11   158s
  74   5.68821637e-01  5.68927810e-01  8.28e-08 2.05e-09  1.10e-11   160s
  75   5.68819858e-01  5.68923760e-01  3.74e-08 2.21e-09  8.76e-12   164s
  76   5.68819715e-01  5.68922298e-01  3.42e-08 2.28e-09  7.13e-12   165s
  77   5.68819545e-01  5.68920147e-01  3.04e-08 2.40e-09  5.83e-12   167s
  78   5.68819434e-01  5.68920470e-01  2.93e-08 2.38e-09  5.62e-12   170s
  79   5.68819447e-01  5.68922194e-01  2.90e-08 2.31e-09  5.76e-12   173s
  80   5.68819152e-01  5.68921325e-01  2.17e-08 2.28e-09  5.63e-12   176s
  81   5.68819137e-01  5.68920522e-01  2.15e-08 2.24e-09  5.35e-12   177s
  82   5.68819197e-01  5.68919728e-01  2.15e-08 2.22e-09  5.28e-12   179s
  83   5.68819153e-01  5.68918710e-01  2.16e-08 2.18e-09  5.21e-12   182s
  84   5.68818828e-01  5.68918459e-01  2.28e-08 2.27e-09  5.09e-12   183s
  85   5.68818711e-01  5.68915115e-01  1.76e-08 2.28e-09  4.21e-12   185s
  86   5.68818612e-01  5.68914158e-01  1.75e-08 2.28e-09  3.97e-12   187s
  87   5.68818581e-01  5.68914003e-01  1.73e-08 2.28e-09  3.93e-12   189s
  88   5.68818545e-01  5.68913860e-01  1.76e-08 2.29e-09  3.92e-12   191s
  89   5.68818300e-01  5.68913370e-01  1.66e-08 2.31e-09  3.81e-12   193s
  90   5.68818195e-01  5.68911555e-01  1.44e-08 2.33e-09  3.25e-12   195s
  91   5.68818192e-01  5.68911507e-01  1.42e-08 2.33e-09  3.24e-12   197s
  92   5.68818187e-01  5.68909521e-01  1.41e-08 2.24e-09  3.05e-12   199s
  93   5.68818002e-01  5.68909036e-01  1.52e-08 2.25e-09  2.90e-12   201s
  94   5.68817891e-01  5.68908107e-01  1.38e-08 2.26e-09  2.57e-12   203s
  95   5.68817827e-01  5.68907530e-01  1.33e-08 2.27e-09  2.45e-12   205s
  96   5.68817667e-01  5.68907269e-01  1.83e-08 2.27e-09  2.36e-12   207s
  97   5.68817517e-01  5.68905972e-01  1.86e-08 2.27e-09  2.11e-12   209s
  98   5.68817511e-01  5.68905361e-01  1.85e-08 2.28e-09  2.02e-12   210s
  99   5.68817493e-01  5.68904439e-01  1.80e-08 2.21e-09  2.05e-12   212s
 100   5.68817318e-01  5.68904269e-01  1.67e-08 2.21e-09  1.83e-12   214s
 101   5.68817268e-01  5.68902837e-01  1.60e-08 2.20e-09  1.89e-12   216s
 102   5.68817125e-01  5.68902760e-01  1.42e-08 2.20e-09  1.74e-12   218s
 103   5.68817093e-01  5.68902757e-01  1.39e-08 2.20e-09  1.71e-12   220s
 104   5.68816980e-01  5.68902530e-01  1.83e-08 2.19e-09  1.58e-12   221s
 105   5.68816673e-01  5.68901613e-01  1.47e-08 2.18e-09  1.14e-12   223s
 106   5.68816576e-01  5.68901258e-01  1.42e-08 2.18e-09  1.06e-12   225s
 107   5.68816530e-01  5.68900906e-01  1.60e-08 2.17e-09  1.01e-12   228s
 108   5.68816305e-01  5.68900643e-01  1.34e-08 2.16e-09  8.30e-13   230s
 109   5.68816230e-01  5.68900131e-01  1.23e-08 2.15e-09  7.30e-13   231s

Barrier solved model in 109 iterations and 231.40 seconds (434.64 work units)
Optimal objective 5.68816230e-01


User-callback calls 13970, time in user-callback 0.22 sec
Discarded solution information
Set parameter Method to value 2
Set parameter Crossover to value 0
Set parameter LPWarmStart to value 0
Set parameter NumericFocus to value 0
Set parameter DualReductions to value 1
Set parameter InfUnbdInfo to value 0
Set parameter TimeLimit to value 900
