Set parameter Username
Set parameter LicenseID to value 2845475
Academic license - for non-commercial use only - expires 2027-07-18
Set parameter OutputFlag to value 1
Set parameter LogToConsole to value 0
Set parameter Username
Set parameter LicenseID to value 2845475
Academic license - for non-commercial use only - expires 2027-07-18
Set parameter OutputFlag to value 1
Set parameter LogToConsole to value 0
Set parameter Username
Set parameter LicenseID to value 2845475
Academic license - for non-commercial use only - expires 2027-07-18
Set parameter OutputFlag to value 1
Set parameter LogToConsole to value 0
Set parameter Username
Set parameter LicenseID to value 2845475
Academic license - for non-commercial use only - expires 2027-07-18
Set parameter OutputFlag to value 1
Set parameter LogToConsole to value 0
Set parameter Username
Set parameter LicenseID to value 2845475
Academic license - for non-commercial use only - expires 2027-07-18
Set parameter OutputFlag to value 1
Set parameter LogToConsole to value 0
Warning: Failed to open log file 'docs/v42_m1_dw_root_continuation_v2/logs/PRICE_0056_MESS04.log'
Warning: Failed to open log file 'docs/v42_m1_dw_root_continuation_v2/logs/PRICE_0055_MESS03.log'
Warning: Failed to open log file 'docs/v42_m1_dw_root_continuation_v2/logs/PRICE_0053_MESS01.log'
Warning: Failed to open log file 'docs/v42_m1_dw_root_continuation_v2/logs/PRICE_0054_MESS02.log'
CONTINUATION_CG_DONE INCONCLUSIVE 0.5687115725336208 0.5769475518070709 0 0.0
