
Gurobi 13.0.2 (win64) logging started Thu Oct  8 17:08:49 2026

Set parameter LogFile to value "D:\v42_may12_p1_exact_rescue_20261008\docs\v42_may12_p1_exact_rescue_20261008\P1\S1\NATIVE_SOLVER.log"
Set parameter TimeLimit to value 600
Gurobi Optimizer version 13.0.2 build v13.0.2rc1 (win64 - Windows 11+.0 (26200.2))

CPU model: 13th Gen Intel(R) Core(TM) i7-13620H, instruction set [SSE2|AVX|AVX2]
Thread count: 10 physical cores, 16 logical processors, using up to 1 threads

Non-default parameters:
TimeLimit  600
MIPGap  0.005
Method  2
MIPFocus  3
NodeMethod  1
LogToConsole  0
Seed  20260929
Threads  1

Optimize a model with 915801 rows, 116985 columns and 13738297 nonzeros (Min)
Model fingerprint: 0x3a9bf646
Model has 1 linear objective coefficients
Coefficient statistics:
  Matrix range     [1e-13, 8e+04]
  Objective range  [1e+00, 1e+00]
  Bounds range     [1e+00, 6e+06]
  RHS range        [5e-08, 1e+06]
Warning: Model contains large matrix coefficient range
         Consider reformulating model or setting NumericFocus parameter
         to avoid numerical issues.

Presolve removed 858993 rows and 63378 columns
Presolve time: 1.42s
Presolved: 56808 rows, 55389 columns, 466910 nonzeros

Ordering time: 1.07s

Barrier statistics:
 Dense cols : 51
 AA' NZ     : 1.680e+06
 Factor NZ  : 5.945e+06 (roughly 100 MB of memory)
 Factor Ops : 1.996e+09 (less than 1 second per iteration)
 Threads    : 1

                  Objective                Residual
Iter       Primal          Dual         Primal    Dual     Compl     Time
   0   6.94513588e-01 -1.32739268e+03  9.81e+06 0.00e+00  1.83e+03     3s
   1   8.88332308e-01 -1.39332456e+03  8.01e+06 5.11e-02  1.41e+03     3s
   2   1.00577015e+00 -1.54738816e+03  4.68e+06 2.20e-02  8.07e+02     4s
   3   9.98900388e-01 -1.58318711e+03  3.56e+06 3.38e-03  5.63e+02     4s
   4   9.89032487e-01 -1.46834438e+03  1.35e+06 3.93e-05  2.26e+02     4s
   5   9.71655453e-01 -1.07778366e+03  1.06e+05 3.96e-06  2.05e+01     4s
   6   9.72348474e-01 -5.37976266e+02  2.29e+04 1.67e-15  5.17e+00     5s
   7   9.72523638e-01 -2.79920268e+02  1.90e+04 1.44e-15  3.46e+00     5s
   8   9.72224719e-01 -1.87654146e+02  1.49e+04 1.03e-15  2.52e+00     5s
   9   9.64573048e-01 -1.23255013e+02  5.76e+03 7.98e-16  1.12e+00     6s
  10   9.42428632e-01 -6.05740599e+01  3.56e+03 8.08e-16  6.17e-01     6s
  11   7.83805547e-01 -3.57483769e+01  2.15e+03 8.96e-16  3.61e-01     6s
  12   7.21056809e-01 -2.58336227e+01  1.39e+03 7.88e-16  2.39e-01     6s
  13   6.74459767e-01 -1.54462612e+01  6.92e+02 1.61e-15  1.26e-01     7s
  14   7.01241315e-01 -8.98413738e+00  3.50e+02 1.36e-15  6.68e-02     7s
  15   6.83438243e-01 -3.52989074e+00  1.29e+02 7.76e-16  2.57e-02     7s
  16   6.77921044e-01 -1.82010212e+00  5.01e+01 7.58e-16  1.24e-02     8s
  17   6.75965305e-01 -7.90206438e-01  1.29e+01 6.81e-16  5.80e-03     8s
  18   6.74830963e-01  1.11753509e-02  7.08e+00 4.26e-16  2.62e-03     8s
  19   6.71132323e-01  7.91146090e-02  5.92e+00 3.52e-16  2.32e-03     8s
  20   6.71104290e-01  3.60596127e-01  5.38e+00 2.49e-16  1.30e-03     9s
  21   6.70189704e-01  4.22578063e-01  1.29e+00 3.59e-16  8.78e-04     9s
  22   6.69393329e-01  4.87099167e-01  1.16e+00 3.04e-16  6.52e-04     9s
  23   6.69790896e-01  5.04436696e-01  1.03e+00 2.71e-16  5.89e-04    10s
  24   6.68533250e-01  5.52539033e-01  7.27e-01 2.66e-16  4.11e-04    10s
  25   6.67227931e-01  5.79005704e-01  5.26e-01 3.52e-16  3.10e-04    10s
  26   6.65861191e-01  5.90069277e-01  4.33e-01 2.55e-16  2.65e-04    11s
  27   6.64690261e-01  6.22486197e-01  2.36e-01 2.24e-16  1.47e-04    11s
  28   6.63981606e-01  6.27039485e-01  2.14e-01 2.20e-11  1.29e-04    11s
  29   6.63678543e-01  6.29884391e-01  1.98e-01 2.97e-11  1.18e-04    11s
  30   6.62659570e-01  6.32592318e-01  1.52e-01 4.06e-11  1.04e-04    12s
  31   6.62335892e-01  6.35580705e-01  1.42e-01 5.25e-11  9.25e-05    12s
  32   6.61927073e-01  6.40949480e-01  1.25e-01 7.58e-11  7.28e-05    12s
  33   6.61251762e-01  6.41607052e-01  1.07e-01 8.06e-11  6.79e-05    13s
  34   6.60520066e-01  6.48265095e-01  8.63e-02 1.23e-10  4.29e-05    13s
  35   6.60684118e-01  6.51978508e-01  5.60e-02 7.02e-11  3.02e-05    13s
  36   6.60293344e-01  6.52938487e-01  3.32e-02 1.85e-11  2.51e-05    13s
  37   6.59527598e-01  6.54140829e-01  2.12e-02 3.35e-16  1.83e-05    14s
  38   6.59073197e-01  6.55385177e-01  1.26e-02 1.50e-10  1.25e-05    14s
  39   6.59083935e-01  6.55529615e-01  1.23e-02 1.55e-10  1.21e-05    14s
  40   6.58971928e-01  6.56075684e-01  1.03e-02 5.49e-11  9.84e-06    15s
  41   6.58921089e-01  6.57199176e-01  9.47e-03 4.23e-11  5.95e-06    15s
  42   6.58898174e-01  6.58186629e-01  2.47e-03 1.83e-11  2.42e-06    15s
  43   6.58890493e-01  6.58805652e-01  2.11e-04 1.01e-11  2.86e-07    15s
  44   6.58889325e-01  6.58860257e-01  4.94e-06 4.50e-12  9.56e-08    16s
  45   6.58889293e-01  6.58877738e-01  2.23e-06 2.78e-12  3.81e-08    16s
  46   6.58889170e-01  6.58880369e-01  2.61e-07 2.59e-12  2.89e-08    16s
  47   6.58888602e-01  6.58881856e-01  1.14e-07 1.72e-11  2.22e-08    17s
  48   6.58887841e-01  6.58883251e-01  3.89e-08 5.75e-11  1.51e-08    17s
  49   6.58887542e-01  6.58884192e-01  4.83e-08 8.88e-11  1.10e-08    18s
  50   6.58887556e-01  6.58885103e-01  4.70e-08 6.50e-11  8.07e-09    18s
  51   6.58887564e-01  6.58885943e-01  7.09e-08 4.41e-11  5.34e-09    18s
  52   6.58887540e-01  6.58886375e-01  3.97e-08 3.21e-11  3.83e-09    19s
  53   6.58887540e-01  6.58887531e-01  3.98e-09 2.58e-13  3.13e-11    19s
  54   6.58887540e-01  6.58887540e-01  1.39e-09 6.87e-15  1.28e-13    19s

Barrier solved model in 54 iterations and 19.12 seconds (16.08 work units)
Optimal objective 6.58887540e-01

Crossover log...

    3639 DPushes remaining with DInf 0.0000000e+00                19s
       0 DPushes remaining with DInf 0.0000000e+00                19s

   31328 PPushes remaining with PInf 0.0000000e+00                19s
    4731 PPushes remaining with PInf 0.0000000e+00                20s
       0 PPushes remaining with PInf 0.0000000e+00                20s

  Push phase complete: Pinf 0.0000000e+00, Dinf 8.7278275e-18     20s

Crossover time: 1.29 seconds (0.71 work units)
Iteration    Objective       Primal Inf.    Dual Inf.      Time
   34679    6.5888754e-01   0.000000e+00   0.000000e+00     21s

Solved in 34679 iterations and 21.11 seconds (17.64 work units)
Optimal objective  6.588875397e-01

User-callback calls 37622, time in user-callback 0.51 sec
