
Gurobi 13.0.2 (win64) logging started Thu Oct  8 09:09:25 2026

Set parameter LogFile to value "C:\v42_m1_exact_solver_redesign_20261008\docs\v42_m_practical_exact_solver_overnight_20261008\external_production\external_nodes\0047\LP.log"
Gurobi Optimizer version 13.0.2 build v13.0.2rc1 (win64 - Windows 11+.0 (26200.2))

CPU model: 13th Gen Intel(R) Core(TM) i7-13620H, instruction set [SSE2|AVX|AVX2]
Thread count: 10 physical cores, 16 logical processors, using up to 1 threads

Non-default parameters:
TimeLimit  900
FeasibilityTol  1e-08
IntFeasTol  1e-08
MIPGap  0.005
OptimalityTol  1e-08
Method  2
LPWarmStart  0
Crossover  0
DegenMoves  0
MIPFocus  3
NodeMethod  1
LogToConsole  0
Seed  20260929
Threads  1

Optimize a model with 582808 rows, 306040 columns and 5351612 nonzeros (Min)
Model fingerprint: 0x62efefc7
Model has 1 linear objective coefficients
Coefficient statistics:
  Matrix range     [1e-13, 4e+02]
  Objective range  [1e+00, 1e+00]
  Bounds range     [3e-08, 2e+03]
  RHS range        [2e-24, 2e+03]
Warning: Model contains large matrix coefficient range
         Consider reformulating model or setting NumericFocus parameter
         to avoid numerical issues.

Presolve removed 175786 rows and 27416 columns
Presolve time: 2.04s
Presolved: 407022 rows, 298901 columns, 4428058 nonzeros
Elapsed ordering time = 5s
Ordering time: 5.46s

Barrier statistics:
 Dense cols : 958
 AA' NZ     : 3.788e+07
 Factor NZ  : 5.750e+07 (roughly 700 MB of memory)
 Factor Ops : 3.189e+10 (roughly 1 second per iteration)
 Threads    : 1

                  Objective                Residual
Iter       Primal          Dual         Primal    Dual     Compl     Time
   0   1.27525802e+03 -5.00148042e+05  6.52e+07 7.87e-07  1.02e+04    13s
   1   1.70158084e+03 -3.67272072e+05  4.36e+07 6.07e-03  4.39e+03    14s
   2   4.60533458e+02 -2.61881217e+05  1.80e+07 4.92e-04  5.58e+03    16s
   3   3.63147892e+01 -1.04196388e+05  1.39e+06 7.94e-15  4.40e+02    18s
   4   8.10359151e-01 -5.80126067e+04  4.18e+03 6.99e-15  9.20e+00    19s
   5   7.54853594e-01 -1.19434713e+04  1.97e+03 3.76e-10  1.89e+00    21s
   6   7.20137809e-01 -7.74959558e+02  2.56e+02 5.12e-12  1.26e-01    23s
   7   7.24410610e-01 -3.26614418e+02  9.63e+01 1.71e-12  5.28e-02    25s
   8   7.26461908e-01 -1.21702934e+02  4.04e+01 1.75e-12  2.09e-02    28s
   9   7.34676703e-01 -2.95068663e+01  1.13e+01 2.07e-09  5.41e-03    30s
  10   7.21737972e-01 -2.85242295e+00  4.16e-01 1.17e-08  5.30e-04    33s
  11   6.79305070e-01 -1.14913576e+00  3.02e-01 6.49e-09  2.66e-04    34s
  12   6.32891609e-01 -4.68535473e-01  2.06e-01 1.42e-08  1.57e-04    36s
  13   6.23043173e-01 -1.04736866e-01  1.63e-01 1.54e-08  1.02e-04    38s
  14   6.15988977e-01  3.75261950e-02  1.32e-01 1.45e-08  8.01e-05    40s
  15   6.08564078e-01  2.13242028e-01  1.03e-01 1.59e-08  5.41e-05    42s
  16   6.01149898e-01  3.17139483e-01  7.22e-02 2.16e-08  3.83e-05    44s
  17   5.99876259e-01  3.42149971e-01  6.80e-02 2.37e-08  3.47e-05    46s
  18   5.96701002e-01  3.52905357e-01  6.02e-02 2.47e-08  3.27e-05    48s
  19   5.94125592e-01  4.02926173e-01  5.30e-02 3.28e-08  2.55e-05    50s
  20   5.90783543e-01  4.30325979e-01  4.41e-02 3.20e-08  2.13e-05    51s
  21   5.85152276e-01  4.65475743e-01  2.99e-02 2.60e-08  1.57e-05    53s
  22   5.78544823e-01  5.05460430e-01  1.65e-02 1.77e-08  9.28e-06    55s
  23   5.76447360e-01  5.34677808e-01  1.32e-02 1.41e-08  5.08e-06    58s
  24   5.74659033e-01  5.41632250e-01  1.04e-02 1.53e-08  3.95e-06    60s
  25   5.73688017e-01  5.46592160e-01  8.93e-03 1.64e-08  3.19e-06    61s
  26   5.72098642e-01  5.51891556e-01  6.40e-03 1.79e-08  2.35e-06    64s
  27   5.70892462e-01  5.59399777e-01  4.29e-03 1.50e-08  1.31e-06    66s
  28   5.70094012e-01  5.62168586e-01  2.73e-03 1.23e-08  9.18e-07    69s
  29   5.69768804e-01  5.64261680e-01  2.08e-03 9.68e-09  6.50e-07    71s
  30   5.69592025e-01  5.65286157e-01  1.71e-03 8.40e-09  5.14e-07    72s
  31   5.69394437e-01  5.66082696e-01  1.30e-03 7.28e-09  4.04e-07    74s
  32   5.69318910e-01  5.66721199e-01  1.15e-03 6.20e-09  3.27e-07    77s
  33   5.69148019e-01  5.67345998e-01  8.18e-04 5.93e-09  2.40e-07    78s
  34   5.69026600e-01  5.67998177e-01  5.48e-04 6.46e-09  1.56e-07    81s
  35   5.68940012e-01  5.68422799e-01  3.61e-04 6.52e-09  9.92e-08    83s
  36   5.68890968e-01  5.68665602e-01  2.59e-04 6.42e-09  6.54e-08    85s
  37   5.68868112e-01  5.68784790e-01  2.13e-04 6.18e-09  4.77e-08    87s
  38   5.68833420e-01  5.68877606e-01  1.49e-04 5.95e-09  3.16e-08    89s
  39   5.68819546e-01  5.68898630e-01  1.23e-04 5.84e-09  2.71e-08    91s
  40   5.68807015e-01  5.68923727e-01  1.01e-04 5.64e-09  2.22e-08    93s
  41   5.68805031e-01  5.68931773e-01  9.73e-05 5.53e-09  2.08e-08    95s
  42   5.68800272e-01  5.68956690e-01  9.00e-05 5.41e-09  1.61e-08    97s
  43   5.68792625e-01  5.68957842e-01  7.69e-05 5.32e-09  1.38e-08    99s
  44   5.68785605e-01  5.68967861e-01  6.41e-05 5.16e-09  1.11e-08   100s
  45   5.68783065e-01  5.68972435e-01  5.99e-05 4.95e-09  9.68e-09   102s
  46   5.68777596e-01  5.68972858e-01  5.18e-05 4.83e-09  8.39e-09   104s
  47   5.68773322e-01  5.68967608e-01  4.46e-05 4.45e-09  6.28e-09   106s
  48   5.68770339e-01  5.68943366e-01  3.89e-05 4.58e-09  4.74e-09   108s
  49   5.68768140e-01  5.68937824e-01  3.41e-05 4.53e-09  4.22e-09   109s
  50   5.68766252e-01  5.68920133e-01  3.09e-05 4.36e-09  2.87e-09   111s
  51   5.68764812e-01  5.68901319e-01  2.68e-05 4.39e-09  2.20e-09   113s
  52   5.68760415e-01  5.68885294e-01  1.68e-05 4.38e-09  1.38e-09   115s
  53   5.68758518e-01  5.68880533e-01  1.32e-05 4.38e-09  9.90e-10   117s
  54   5.68757852e-01  5.68874106e-01  1.18e-05 4.40e-09  8.18e-10   120s
  55   5.68755683e-01  5.68880816e-01  7.83e-06 4.35e-09  5.75e-10   122s
  56   5.68754825e-01  5.68866842e-01  6.40e-06 4.28e-09  3.21e-10   124s
  57   5.68754539e-01  5.68864335e-01  5.94e-06 3.97e-09  2.80e-10   126s
  58   5.68753667e-01  5.68861015e-01  4.70e-06 3.70e-09  2.02e-10   128s
  59   5.68752525e-01  5.68858028e-01  3.08e-06 3.72e-09  1.42e-10   130s
  60   5.68752179e-01  5.68850153e-01  2.72e-06 3.76e-09  1.05e-10   132s
  61   5.68751683e-01  5.68842838e-01  2.24e-06 3.79e-09  7.00e-11   134s
  62   5.68750084e-01  5.68839319e-01  7.75e-07 3.83e-09  2.52e-11   135s
  63   5.68749581e-01  5.68837103e-01  5.99e-07 3.74e-09  1.71e-11   137s
  64   5.68748794e-01  5.68836701e-01  3.82e-07 3.64e-09  9.82e-12   139s
  65   5.68748735e-01  5.68836678e-01  3.71e-07 3.63e-09  9.53e-12   141s
  66   5.68748662e-01  5.68836653e-01  3.58e-07 3.62e-09  9.20e-12   143s
  67   5.68748623e-01  5.68836272e-01  3.51e-07 3.48e-09  9.01e-12   144s
  68   5.68748386e-01  5.68834575e-01  3.02e-07 3.17e-09  7.70e-12   147s
  69   5.68748312e-01  5.68834297e-01  2.89e-07 3.17e-09  7.39e-12   148s
  70   5.68748291e-01  5.68833539e-01  2.86e-07 3.16e-09  7.36e-12   150s
  71   5.68748264e-01  5.68831907e-01  2.81e-07 3.06e-09  7.39e-12   151s
  72   5.68748063e-01  5.68830950e-01  2.43e-07 2.76e-09  6.52e-12   153s
  73   5.68747796e-01  5.68828794e-01  1.99e-07 2.47e-09  5.26e-12   155s
  74   5.68747444e-01  5.68825068e-01  1.49e-07 2.76e-09  3.91e-12   157s
  75   5.68747393e-01  5.68824601e-01  1.43e-07 2.78e-09  3.76e-12   159s
  76   5.68747204e-01  5.68822080e-01  1.33e-07 2.91e-09  3.24e-12   161s
  77   5.68746585e-01  5.68821319e-01  8.61e-08 2.94e-09  1.80e-12   163s
  78   5.68746001e-01  5.68820503e-01  3.81e-08 2.97e-09  1.02e-12   165s
  79   5.68745570e-01  5.68820396e-01  2.59e-08 2.97e-09  7.13e-13   167s

Barrier solved model in 79 iterations and 166.89 seconds (315.37 work units)
Optimal objective 5.68745570e-01


User-callback calls 9729, time in user-callback 0.20 sec
Discarded solution information
Set parameter Method to value 2
Set parameter Crossover to value 0
Set parameter LPWarmStart to value 0
Set parameter NumericFocus to value 0
Set parameter DualReductions to value 1
Set parameter InfUnbdInfo to value 0
Set parameter TimeLimit to value 900
