
Gurobi 13.0.2 (win64) logging started Tue Oct  6 14:10:40 2026

Set parameter LogFile to value "C:\v42_m1_dual_early_bap_20261006\docs\v42_m1_conservative_early_bap_20261006\node3_price1.log"
Gurobi Optimizer version 13.0.2 build v13.0.2rc1 (win64 - Windows 11+.0 (26200.2))

CPU model: 13th Gen Intel(R) Core(TM) i7-13620H, instruction set [SSE2|AVX|AVX2]
Thread count: 10 physical cores, 16 logical processors, using up to 1 threads

Non-default parameters:
TimeLimit  20
FeasibilityTol  1e-08
IntFeasTol  1e-08
MIPGap  0
MIPGapAbs  0
OptimalityTol  1e-08
LogToConsole  0
Seed  20260929
Threads  1

Optimize a model with 51527 rows, 58895 columns and 314932 nonzeros (Min)
Model fingerprint: 0x8465f7f0
Model has 2519 linear objective coefficients and an objective constant of 1.1309295108990104e-02
Variable types: 6805 continuous, 52090 integer (52090 binary)
Coefficient statistics:
  Matrix range     [2e-01, 4e+02]
  Objective range  [2e-20, 9e-06]
  Bounds range     [1e+00, 1e+03]
  RHS range        [1e+00, 8e+02]

MIP start from previous solve produced solution with objective -0.00636824 (0.03s)
MIP start from previous solve produced solution with objective -0.00636824 (0.03s)
Loaded MIP start from previous solve with objective -0.00636824

Presolve removed 8946 rows and 2 columns
Presolve time: 0.38s
Presolved: 42581 rows, 58893 columns, 292568 nonzeros
Variable types: 6803 continuous, 52090 integer (52090 binary)

Root simplex log...

Iteration    Objective       Primal Inf.    Dual Inf.      Time
   36082    7.2996609e+00   7.318465e+04   0.000000e+00      5s
   52605   -6.7299749e-03   0.000000e+00   3.908905e+01     10s
   64819   -9.9147481e-03   0.000000e+00   0.000000e+00     14s
   64819   -9.9147481e-03   0.000000e+00   0.000000e+00     14s

Root relaxation: objective -9.914748e-03, 64819 iterations, 13.92 seconds (33.26 work units)

    Nodes    |    Current Node    |     Objective Bounds      |     Work
 Expl Unexpl |  Obj  Depth IntInf | Incumbent    BestBd   Gap | It/Node Time

     0     0   -0.00991    0  180   -0.00637   -0.00991  55.7%     -   16s
H    0     0                      -0.0073812   -0.00991  34.3%     -   16s
H    0     0                      -0.0075093   -0.00991  32.0%     -   16s
H    0     0                      -0.0075121   -0.00991  32.0%     -   16s
H    0     0                      -0.0076195   -0.00991  30.1%     -   16s
H    0     0                      -0.0077304   -0.00991  28.3%     -   16s
H    0     0                      -0.0078778   -0.00991  25.9%     -   16s
H    0     0                      -0.0079069   -0.00991  25.4%     -   16s
     0     0   -0.00991    0  173   -0.00791   -0.00991  25.3%     -   17s
     0     0   -0.00990    0  173   -0.00791   -0.00990  25.2%     -   18s
     0     0   -0.00990    0  199   -0.00791   -0.00990  25.2%     -   19s
     0     0   -0.00990    0  191   -0.00791   -0.00990  25.2%     -   19s
     0     0   -0.00983    0  181   -0.00791   -0.00983  24.3%     -   19s

Cutting planes:
  MIR: 9
  Flow cover: 5

Explored 1 nodes (78052 simplex iterations) in 20.01 seconds (42.99 work units)
Thread count was 1 (of 16 available processors)

Solution count 6: -0.00790689 -0.00787777 -0.00773037 ... -0.00636824

Time limit reached
Best objective -7.906893423139e-03, best bound -9.829525172639e-03, gap 24.3159%

User-callback calls 2194, time in user-callback 0.03 sec
Set parameter MIPGap to value 0
Set parameter MIPGapAbs to value 0
Set parameter Threads to value 1
Set parameter FeasibilityTol to value 1e-08
Set parameter IntFeasTol to value 1e-08
Set parameter OptimalityTol to value 1e-08
Set parameter Seed to value 20260929
Set parameter LogToConsole to value 0
Set parameter TimeLimit to value 20
