
Gurobi 13.0.2 (win64) logging started Tue Oct  6 14:13:45 2026

Set parameter LogFile to value "C:\v42_m1_dual_early_bap_20261006\docs\v42_m1_conservative_early_bap_20261006\node5_rmp.log"
Gurobi Optimizer version 13.0.2 build v13.0.2rc1 (win64 - Windows 11+.0 (26200.2))

CPU model: 13th Gen Intel(R) Core(TM) i7-13620H, instruction set [SSE2|AVX|AVX2]
Thread count: 10 physical cores, 16 logical processors, using up to 1 threads

Non-default parameters:
TimeLimit  2.3430636000004597e+01
FeasibilityTol  1e-08
IntFeasTol  1e-08
OptimalityTol  1e-08
Method  2
Crossover  1
LogToConsole  0
Seed  20260929
Threads  1

Optimize a model with 679959 rows, 83074 columns and 7515630 nonzeros (Min)
Model has 1 linear objective coefficients
Coefficient statistics:
  Matrix range     [1e-13, 4e+02]
  Objective range  [1e+00, 1e+00]
  Bounds range     [1e+00, 1e+00]
  RHS range        [2e-24, 2e+03]
Warning: Model contains large matrix coefficient range
         Consider reformulating model or setting NumericFocus parameter
         to avoid numerical issues.

LP warm-start: discard basis
Presolve removed 503500 rows and 55810 columns
Presolve time: 2.05s
Presolved: 176459 rows, 56740 columns, 2522450 nonzeros

Ordering time: 1.26s

Barrier statistics:
 Dense cols : 3656
 AA' NZ     : 3.471e+06
 Factor NZ  : 1.179e+07 (roughly 200 MB of memory)
 Factor Ops : 1.657e+10 (less than 1 second per iteration)
 Threads    : 1

                  Objective                Residual
Iter       Primal          Dual         Primal    Dual     Compl     Time
   0   7.46127290e+03 -2.30142241e+06  2.41e+08 0.00e+00  9.48e+04     5s
   1   7.46133513e+03 -2.30281551e+06  2.41e+08 3.25e+01  9.48e+04     6s
   2   7.46166534e+03 -2.34510463e+06  2.41e+08 2.98e+01  9.49e+04     6s
   3   7.46257428e+03 -2.35517467e+06  2.41e+08 8.68e+01  9.49e+04     7s
   4   7.46222425e+03 -2.32611463e+06  2.41e+08 8.33e+01  9.49e+04     7s
   5   7.46311848e+03 -2.33041029e+06  2.41e+08 8.34e+01  9.49e+04     8s
   6   7.46253958e+03 -2.35911468e+06  2.41e+08 1.06e+02  9.49e+04     8s
   7   7.46270808e+03 -2.37563501e+06  2.41e+08 1.01e+02  9.49e+04     9s
   8   7.46348925e+03 -2.48623322e+06  2.41e+08 9.60e+01  9.49e+04     9s
   9   7.46778635e+03 -2.56866730e+06  2.41e+08 9.79e+01  9.50e+04    10s
  10   7.46780794e+03 -2.56293425e+06  2.41e+08 1.14e+02  9.50e+04    10s
  11   7.46798000e+03 -2.59259094e+06  2.41e+08 1.14e+02  9.51e+04    11s
  12   7.46912126e+03 -2.60893174e+06  2.41e+08 1.14e+02  9.49e+04    11s
  13   7.47051607e+03 -2.88094203e+06  2.41e+08 1.09e+02  9.51e+04    12s
  14   7.47048657e+03 -2.89848875e+06  2.41e+08 1.05e+02  9.50e+04    12s
  15   7.47221669e+03 -2.92355720e+06  2.41e+08 1.06e+02  9.50e+04    13s
  16   7.47255176e+03 -2.96456468e+06  2.41e+08 1.07e+02  9.50e+04    13s
  17   7.47264461e+03 -2.95861425e+06  2.41e+08 1.05e+02  9.50e+04    14s
  18   7.47260071e+03 -2.96750699e+06  2.41e+08 1.05e+02  9.50e+04    14s
  19   7.47259888e+03 -2.96784127e+06  2.41e+08 1.02e+02  9.50e+04    15s
  20   7.47263538e+03 -2.98225690e+06  2.41e+08 1.10e+02  9.50e+04    15s
  21   7.47283581e+03 -3.04264592e+06  2.41e+08 1.34e+02  9.50e+04    16s

Barrier performed 21 iterations in 15.98 seconds (27.26 work units)
Numerical trouble encountered

Model may be infeasible or unbounded.  Consider using the
homogeneous algorithm (through parameter 'BarHomogeneous')

Iteration    Objective       Primal Inf.    Dual Inf.      Time
       0    1.0000000e+00   1.823838e+06   5.375006e+10     17s
   28345    1.0000000e+00   7.097469e+04   9.434938e+09     20s
Crossover changed status from Numeric to Time Limit

Stopped in 31440 iterations and 23.45 seconds (52.59 work units)
Time limit reached

User-callback calls 33196, time in user-callback 0.07 sec
