
Gurobi 13.0.2 (win64) logging started Tue Oct  6 14:12:51 2026

Set parameter LogFile to value "C:\v42_m1_dual_early_bap_20261006\docs\v42_m1_conservative_early_bap_20261006\node4_price1.log"
Gurobi Optimizer version 13.0.2 build v13.0.2rc1 (win64 - Windows 11+.0 (26200.2))

CPU model: 13th Gen Intel(R) Core(TM) i7-13620H, instruction set [SSE2|AVX|AVX2]
Thread count: 10 physical cores, 16 logical processors, using up to 1 threads

Non-default parameters:
TimeLimit  20
FeasibilityTol  1e-08
IntFeasTol  1e-08
MIPGap  0
MIPGapAbs  0
OptimalityTol  1e-08
LogToConsole  0
Seed  20260929
Threads  1

Optimize a model with 51527 rows, 58895 columns and 314932 nonzeros (Min)
Model fingerprint: 0xb29a149e
Model has 2378 linear objective coefficients and an objective constant of 1.0866551883187076e-02
Variable types: 6805 continuous, 52090 integer (52090 binary)
Coefficient statistics:
  Matrix range     [2e-01, 4e+02]
  Objective range  [8e-21, 1e-05]
  Bounds range     [1e+00, 1e+03]
  RHS range        [1e+00, 8e+02]

MIP start from previous solve produced solution with objective -0.0113899 (0.02s)
MIP start from previous solve produced solution with objective -0.0114505 (0.03s)
Loaded MIP start from previous solve with objective -0.0114505

Presolve removed 8946 rows and 2 columns
Presolve time: 0.36s
Presolved: 42581 rows, 58893 columns, 292568 nonzeros
Variable types: 6803 continuous, 52090 integer (52090 binary)

Root simplex log...

Iteration    Objective       Primal Inf.    Dual Inf.      Time
   30176    5.5438276e+00   2.487348e+04   0.000000e+00      5s
   58680   -1.3914991e-02   0.000000e+00   1.648052e+02     10s
   66563   -1.6222206e-02   0.000000e+00   0.000000e+00     13s
   66563   -1.6222206e-02   0.000000e+00   0.000000e+00     13s

Root relaxation: objective -1.622221e-02, 66563 iterations, 12.34 seconds (29.68 work units)

    Nodes    |    Current Node    |     Objective Bounds      |     Work
 Expl Unexpl |  Obj  Depth IntInf | Incumbent    BestBd   Gap | It/Node Time

     0     0   -0.01622    0   99   -0.01145   -0.01622  41.7%     -   14s
H    0     0                      -0.0161563   -0.01622  0.41%     -   14s
H    0     0                      -0.0161595   -0.01622  0.39%     -   14s
     0     0   -0.01619    0  141   -0.01616   -0.01619  0.21%     -   14s
*    0     0               0      -0.0161853   -0.01619  0.00%     -   16s

Explored 1 nodes (106718 simplex iterations) in 16.88 seconds (39.08 work units)
Thread count was 1 (of 16 available processors)

Solution count 3: -0.0161853 -0.0161595 -0.0114505 

Optimal solution found (tolerance 0.00e+00)
Best objective -1.618531425279e-02, best bound -1.618531425279e-02, gap 0.0000%

User-callback calls 1118, time in user-callback 0.03 sec
