
Gurobi 13.0.2 (win64) logging started Tue Oct  6 14:11:00 2026

Set parameter LogFile to value "C:\v42_m1_dual_early_bap_20261006\docs\v42_m1_conservative_early_bap_20261006\node3_price2.log"
Gurobi Optimizer version 13.0.2 build v13.0.2rc1 (win64 - Windows 11+.0 (26200.2))

CPU model: 13th Gen Intel(R) Core(TM) i7-13620H, instruction set [SSE2|AVX|AVX2]
Thread count: 10 physical cores, 16 logical processors, using up to 1 threads

Non-default parameters:
TimeLimit  20
FeasibilityTol  1e-08
IntFeasTol  1e-08
MIPGap  0
MIPGapAbs  0
OptimalityTol  1e-08
LogToConsole  0
Seed  20260929
Threads  1

Optimize a model with 51596 rows, 58976 columns and 315361 nonzeros (Min)
Model fingerprint: 0x3727ce72
Model has 2519 linear objective coefficients and an objective constant of 1.1858913709845509e-02
Variable types: 6814 continuous, 52162 integer (52162 binary)
Coefficient statistics:
  Matrix range     [2e-01, 4e+02]
  Objective range  [2e-20, 9e-06]
  Bounds range     [1e+00, 1e+03]
  RHS range        [1e+00, 8e+02]

MIP start from previous solve produced solution with objective -0.00465757 (0.03s)
MIP start from previous solve produced solution with objective -0.00467397 (0.03s)
Loaded MIP start from previous solve with objective -0.00467397

Presolve removed 8958 rows and 2 columns
Presolve time: 0.38s
Presolved: 42638 rows, 58974 columns, 292967 nonzeros
Variable types: 6812 continuous, 52162 integer (52162 binary)

Root simplex log...

Iteration    Objective       Primal Inf.    Dual Inf.      Time
   40225    9.8517945e+00   2.678559e+02   0.000000e+00      5s
   55759   -7.8782912e-03   0.000000e+00   6.038901e+00     10s
   62991   -9.3649105e-03   0.000000e+00   0.000000e+00     13s
   62991   -9.3649105e-03   0.000000e+00   0.000000e+00     13s

Root relaxation: objective -9.364910e-03, 62991 iterations, 12.20 seconds (29.48 work units)

    Nodes    |    Current Node    |     Objective Bounds      |     Work
 Expl Unexpl |  Obj  Depth IntInf | Incumbent    BestBd   Gap | It/Node Time

     0     0   -0.00936    0  236   -0.00467   -0.00936   100%     -   14s
H    0     0                      -0.0069593   -0.00936  34.6%     -   14s
H    0     0                      -0.0069622   -0.00936  34.5%     -   14s
H    0     0                      -0.0073572   -0.00936  27.3%     -   15s
H    0     0                      -0.0073573   -0.00936  27.3%     -   15s
     0     0   -0.00936    0  169   -0.00736   -0.00936  27.2%     -   16s
H    0     0                      -0.0073602   -0.00936  27.1%     -   17s
     0     0   -0.00936    0  169   -0.00736   -0.00936  27.1%     -   17s
     0     0   -0.00936    0  169   -0.00736   -0.00936  27.1%     -   18s
     0     0   -0.00933    0  169   -0.00736   -0.00933  26.8%     -   18s
     0     0   -0.00928    0  177   -0.00736   -0.00928  26.1%     -   18s
     0     0   -0.00928    0  177   -0.00736   -0.00928  26.1%     -   18s
     0     0   -0.00928    0  177   -0.00736   -0.00928  26.1%     -   20s

Cutting planes:
  MIR: 10
  Flow cover: 8

Explored 1 nodes (90314 simplex iterations) in 20.00 seconds (43.32 work units)
Thread count was 1 (of 16 available processors)

Solution count 5: -0.0073602 -0.00735727 -0.0073572 ... -0.00467397

Time limit reached
Best objective -7.360204599748e-03, best bound -9.283211523331e-03, gap 26.1271%

User-callback calls 2051, time in user-callback 0.02 sec
Set parameter MIPGap to value 0
Set parameter MIPGapAbs to value 0
Set parameter Threads to value 1
Set parameter FeasibilityTol to value 1e-08
Set parameter IntFeasTol to value 1e-08
Set parameter OptimalityTol to value 1e-08
Set parameter Seed to value 20260929
Set parameter LogToConsole to value 0
Set parameter TimeLimit to value 20
