
Gurobi 13.0.2 (win64) logging started Tue Oct  6 14:05:02 2026

Set parameter LogFile to value "C:\v42_m1_dual_early_bap_20261006\docs\v42_m1_conservative_early_bap_20261006\node1_rmp.log"
Gurobi Optimizer version 13.0.2 build v13.0.2rc1 (win64 - Windows 11+.0 (26200.2))

CPU model: 13th Gen Intel(R) Core(TM) i7-13620H, instruction set [SSE2|AVX|AVX2]
Thread count: 10 physical cores, 16 logical processors, using up to 1 threads

Non-default parameters:
TimeLimit  150
FeasibilityTol  1e-08
IntFeasTol  1e-08
OptimalityTol  1e-08
Method  2
Crossover  1
LogToConsole  0
Seed  20260929
Threads  1

Optimize a model with 679959 rows, 83058 columns and 7514086 nonzeros (Min)
Model fingerprint: 0x5098d81b
Model has 1 linear objective coefficients
Coefficient statistics:
  Matrix range     [1e-13, 4e+02]
  Objective range  [1e+00, 1e+00]
  Bounds range     [1e+00, 1e+00]
  RHS range        [2e-24, 2e+03]
Warning: Model contains large matrix coefficient range
         Consider reformulating model or setting NumericFocus parameter
         to avoid numerical issues.

Presolve removed 491157 rows and 53719 columns
Presolve time: 2.01s
Presolved: 188802 rows, 62971 columns, 2733223 nonzeros

Ordering time: 1.43s

Barrier statistics:
 Dense cols : 3873
 AA' NZ     : 3.794e+06
 Factor NZ  : 1.401e+07 (roughly 200 MB of memory)
 Factor Ops : 2.300e+10 (less than 1 second per iteration)
 Threads    : 1

                  Objective                Residual
Iter       Primal          Dual         Primal    Dual     Compl     Time
   0   8.12603415e+03 -2.85145687e+06  3.17e+08 0.00e+00  1.03e+05     6s
   1   8.12605226e+03 -2.89011286e+06  3.17e+08 5.36e+02  1.03e+05     6s
   2   8.12615611e+03 -2.79172499e+06  3.17e+08 2.16e+03  1.03e+05     7s
   3   8.12621409e+03 -2.80633746e+06  3.17e+08 2.12e+03  1.03e+05     8s
   4   8.12630509e+03 -2.82682422e+06  3.17e+08 2.10e+03  1.03e+05     8s
   5   8.12650244e+03 -2.89319316e+06  3.17e+08 2.26e+03  1.04e+05     9s
   6   8.12653850e+03 -2.89547892e+06  3.17e+08 2.19e+03  1.04e+05    10s
   7   8.12677912e+03 -2.89536638e+06  3.17e+08 2.18e+03  1.04e+05    11s
   8   8.12674923e+03 -2.90304663e+06  3.17e+08 2.48e+03  1.04e+05    11s
   9   8.12715410e+03 -2.94031491e+06  3.17e+08 2.48e+03  1.04e+05    12s
  10   8.12708754e+03 -2.94997053e+06  3.17e+08 2.51e+03  1.04e+05    13s
  11   8.12698123e+03 -2.93003915e+06  3.17e+08 2.91e+03  1.04e+05    13s
  12   8.12699213e+03 -2.88716643e+06  3.17e+08 3.34e+03  1.03e+05    14s
  13   8.12697474e+03 -2.89585266e+06  3.17e+08 3.31e+03  1.03e+05    15s
  14   8.12692392e+03 -2.90153453e+06  3.17e+08 3.19e+03  1.03e+05    15s
  15   8.12694632e+03 -2.95385960e+06  3.17e+08 2.68e+03  1.03e+05    16s
  16   8.12688674e+03 -2.94118462e+06  3.17e+08 3.20e+03  1.03e+05    17s
  17   8.12690946e+03 -2.93584542e+06  3.17e+08 3.28e+03  1.03e+05    17s
  18   8.12690343e+03 -2.93358277e+06  3.17e+08 3.28e+03  1.03e+05    18s
  19   8.12695897e+03 -2.93404419e+06  3.17e+08 3.06e+03  1.03e+05    19s
  20   8.12684486e+03 -2.94176112e+06  3.17e+08 2.94e+03  1.03e+05    19s
  21   8.12677813e+03 -2.96051164e+06  3.17e+08 2.89e+03  1.03e+05    20s

Barrier performed 21 iterations in 19.99 seconds (33.37 work units)
Numerical trouble encountered

Model may be infeasible or unbounded.  Consider using the
homogeneous algorithm (through parameter 'BarHomogeneous')

Iteration    Objective       Primal Inf.    Dual Inf.      Time
       0    1.0000000e+00   1.695653e+06   6.026575e+10     21s
   32908    1.0000000e+00   1.269751e+04   6.686957e+09     25s
   34737    1.0000000e+00   4.881983e+02   6.975544e+09     31s
   36057    1.0000000e+00   1.115655e+02   6.410526e+07     36s
   37357    5.7615668e-01   0.000000e+00   3.373952e-01     40s
Crossover changed status from Numeric to Optimal
   38207    5.7348061e-01   0.000000e+00   0.000000e+00     44s

Solved in 38207 iterations and 44.36 seconds (102.35 work units)
Optimal objective  5.734806121e-01

User-callback calls 40448, time in user-callback 0.15 sec
Set parameter Method to value 2
Set parameter Crossover to value 1
Set parameter Threads to value 1
Set parameter FeasibilityTol to value 1e-08
Set parameter IntFeasTol to value 1e-08
Set parameter OptimalityTol to value 1e-08
Set parameter Seed to value 20260929
Set parameter LogToConsole to value 0
Set parameter TimeLimit to value 150
