
Gurobi 13.0.2 (win64) logging started Thu Oct  8 07:53:14 2026

Set parameter LogFile to value "C:\v42_m1_exact_solver_redesign_20261008\docs\v42_m_practical_exact_solver_overnight_20261008\external_production\external_nodes\0026\LP.log"
Gurobi Optimizer version 13.0.2 build v13.0.2rc1 (win64 - Windows 11+.0 (26200.2))

CPU model: 13th Gen Intel(R) Core(TM) i7-13620H, instruction set [SSE2|AVX|AVX2]
Thread count: 10 physical cores, 16 logical processors, using up to 1 threads

Non-default parameters:
TimeLimit  900
FeasibilityTol  1e-08
IntFeasTol  1e-08
MIPGap  0.005
OptimalityTol  1e-08
Method  2
LPWarmStart  0
Crossover  0
DegenMoves  0
MIPFocus  3
NodeMethod  1
LogToConsole  0
Seed  20260929
Threads  1

Optimize a model with 582808 rows, 306040 columns and 5351612 nonzeros (Min)
Model fingerprint: 0xda49d755
Model has 1 linear objective coefficients
Coefficient statistics:
  Matrix range     [1e-13, 4e+02]
  Objective range  [1e+00, 1e+00]
  Bounds range     [3e-08, 2e+03]
  RHS range        [2e-24, 2e+03]
Warning: Model contains large matrix coefficient range
         Consider reformulating model or setting NumericFocus parameter
         to avoid numerical issues.

Presolve removed 175694 rows and 27323 columns
Presolve time: 2.07s
Presolved: 407114 rows, 299016 columns, 4428632 nonzeros
Elapsed ordering time = 5s
Ordering time: 5.45s

Barrier statistics:
 Dense cols : 965
 AA' NZ     : 3.779e+07
 Factor NZ  : 5.718e+07 (roughly 700 MB of memory)
 Factor Ops : 3.130e+10 (roughly 1 second per iteration)
 Threads    : 1

                  Objective                Residual
Iter       Primal          Dual         Primal    Dual     Compl     Time
   0   1.27525724e+03 -5.00188934e+05  6.52e+07 7.87e-07  1.02e+04    13s
   1   1.70157977e+03 -3.67353469e+05  4.36e+07 6.07e-03  4.39e+03    14s
   2   4.60758013e+02 -2.61957434e+05  1.80e+07 4.92e-04  5.58e+03    16s
   3   3.63355407e+01 -1.04240450e+05  1.39e+06 7.77e-15  4.40e+02    18s
   4   8.17694771e-01 -5.80343280e+04  4.45e+03 3.64e-11  9.28e+00    19s
   5   7.52667921e-01 -1.08780688e+04  1.76e+03 2.40e-14  1.71e+00    21s
   6   7.21698375e-01 -6.99598757e+02  2.58e+02 2.70e-11  1.17e-01    23s
   7   7.25695125e-01 -2.47283765e+02  9.13e+01 4.80e-12  4.18e-02    26s
   8   7.27856030e-01 -9.54183202e+01  3.70e+01 2.04e-12  1.70e-02    28s
   9   7.37111191e-01 -3.37339270e+01  1.03e+01 1.10e-09  5.84e-03    30s
  10   7.29025617e-01 -2.85906926e+00  5.78e-01 1.12e-08  5.47e-04    33s
  11   7.05077049e-01 -1.89091666e+00  4.65e-01 8.02e-09  3.90e-04    35s
  12   6.39708959e-01 -7.45594939e-01  2.75e-01 1.48e-08  2.00e-04    37s
  13   6.20232553e-01 -2.33391359e-01  1.91e-01 4.64e-08  1.21e-04    39s
  14   6.09507142e-01  1.36444214e-01  1.33e-01 4.45e-08  6.58e-05    41s
  15   6.01966738e-01  2.50380675e-01  8.57e-02 3.71e-08  4.82e-05    43s
  16   5.99644954e-01  2.97123316e-01  7.61e-02 3.25e-08  4.13e-05    44s
  17   5.96110268e-01  3.33430156e-01  6.35e-02 2.90e-08  3.57e-05    46s
  18   5.90078000e-01  4.02097268e-01  4.71e-02 3.56e-08  2.53e-05    48s
  19   5.83819158e-01  4.50385599e-01  2.86e-02 2.75e-08  1.77e-05    50s
  20   5.78441136e-01  4.87322683e-01  1.68e-02 1.78e-08  1.19e-05    53s
  21   5.76171481e-01  5.17478195e-01  1.25e-02 1.15e-08  7.55e-06    55s
  22   5.72287790e-01  5.50087126e-01  5.89e-03 1.26e-08  2.69e-06    57s
  23   5.70978073e-01  5.59963733e-01  3.76e-03 1.11e-08  1.31e-06    60s
  24   5.70086967e-01  5.63138668e-01  2.17e-03 9.27e-09  8.36e-07    62s
  25   5.69751334e-01  5.65831220e-01  1.56e-03 7.36e-09  4.92e-07    64s
  26   5.69574114e-01  5.66584864e-01  1.25e-03 6.56e-09  3.86e-07    66s
  27   5.69316640e-01  5.67385450e-01  8.08e-04 5.79e-09  2.63e-07    68s
  28   5.69185774e-01  5.67826156e-01  5.87e-04 5.66e-09  1.97e-07    70s
  29   5.69148085e-01  5.68033936e-01  5.16e-04 5.56e-09  1.68e-07    71s
  30   5.69103722e-01  5.68238773e-01  4.40e-04 5.55e-09  1.38e-07    73s
  31   5.69041045e-01  5.68372449e-01  3.35e-04 5.44e-09  1.15e-07    75s
  32   5.68993890e-01  5.68468973e-01  2.54e-04 5.31e-09  9.72e-08    76s
  33   5.68972951e-01  5.68604091e-01  2.16e-04 5.02e-09  7.84e-08    78s
  34   5.68938318e-01  5.68716995e-01  1.57e-04 4.75e-09  5.84e-08    80s
  35   5.68924201e-01  5.68766806e-01  1.34e-04 4.60e-09  4.98e-08    82s
  36   5.68894633e-01  5.68858138e-01  8.04e-05 4.44e-09  3.41e-08    84s
  37   5.68881037e-01  5.68959891e-01  5.97e-05 4.25e-09  2.07e-08    86s
  38   5.68871935e-01  5.69013066e-01  4.70e-05 4.28e-09  1.34e-08    88s
  39   5.68854175e-01  5.69033840e-01  2.42e-05 4.28e-09  8.85e-09    90s
  40   5.68847225e-01  5.69052013e-01  1.74e-05 4.42e-09  4.61e-09    92s
  41   5.68842288e-01  5.69043589e-01  1.33e-05 4.47e-09  2.83e-09    95s
  42   5.68838543e-01  5.69041666e-01  1.05e-05 4.37e-09  1.64e-09    96s
  43   5.68832771e-01  5.69031021e-01  6.52e-06 3.99e-09  9.88e-10    99s
  44   5.68831374e-01  5.69016312e-01  5.83e-06 4.38e-09  5.90e-10   101s
  45   5.68830964e-01  5.69007359e-01  5.39e-06 4.34e-09  5.30e-10   102s
  46   5.68830660e-01  5.69001628e-01  5.13e-06 4.31e-09  4.87e-10   104s
  47   5.68830077e-01  5.68998116e-01  4.62e-06 4.31e-09  4.37e-10   106s
  48   5.68829795e-01  5.68994787e-01  4.39e-06 4.32e-09  4.11e-10   108s
  49   5.68829641e-01  5.68993801e-01  4.27e-06 4.31e-09  4.00e-10   109s
  50   5.68828862e-01  5.68987621e-01  3.56e-06 3.92e-09  3.33e-10   111s
  51   5.68828240e-01  5.68984120e-01  3.09e-06 3.94e-09  2.88e-10   113s
  52   5.68827592e-01  5.68974402e-01  2.66e-06 4.05e-09  2.34e-10   115s
  53   5.68826349e-01  5.68973275e-01  1.86e-06 4.07e-09  1.73e-10   117s
  54   5.68825161e-01  5.68965300e-01  1.33e-06 4.25e-09  1.04e-10   119s
  55   5.68824197e-01  5.68963148e-01  9.35e-07 4.20e-09  7.08e-11   121s
  56   5.68823620e-01  5.68956454e-01  6.83e-07 4.13e-09  5.56e-11   123s
  57   5.68822859e-01  5.68955071e-01  4.91e-07 4.10e-09  4.35e-11   125s
  58   5.68822184e-01  5.68948853e-01  3.71e-07 3.97e-09  2.36e-11   127s
  59   5.68821650e-01  5.68945656e-01  2.92e-07 3.94e-09  1.80e-11   130s
  60   5.68821507e-01  5.68944571e-01  2.72e-07 3.92e-09  1.68e-11   132s
  61   5.68821464e-01  5.68944269e-01  2.66e-07 3.91e-09  1.65e-11   133s
  62   5.68821456e-01  5.68943628e-01  2.65e-07 3.87e-09  1.63e-11   135s
  63   5.68821079e-01  5.68940097e-01  2.04e-07 3.42e-09  1.31e-11   138s
  64   5.68821040e-01  5.68934801e-01  2.00e-07 2.77e-09  1.30e-11   140s
  65   5.68820705e-01  5.68934874e-01  1.62e-07 2.58e-09  1.31e-11   142s
  66   5.68820157e-01  5.68932323e-01  1.08e-07 2.28e-09  1.11e-11   145s
  67   5.68819857e-01  5.68925848e-01  9.07e-08 1.94e-09  9.34e-12   147s
  68   5.68819318e-01  5.68924538e-01  7.50e-08 1.96e-09  8.12e-12   149s
  69   5.68819232e-01  5.68921763e-01  7.40e-08 2.06e-09  5.94e-12   153s
  70   5.68819163e-01  5.68920862e-01  7.20e-08 2.09e-09  5.72e-12   155s
  71   5.68818857e-01  5.68921244e-01  6.48e-08 2.15e-09  5.27e-12   157s
  72   5.68818451e-01  5.68919879e-01  5.93e-08 2.18e-09  4.82e-12   159s
  73   5.68818163e-01  5.68917849e-01  5.39e-08 2.27e-09  4.33e-12   162s
  74   5.68818125e-01  5.68916252e-01  5.26e-08 2.34e-09  4.00e-12   164s
  75   5.68817699e-01  5.68915601e-01  4.55e-08 2.36e-09  3.49e-12   166s
  76   5.68817661e-01  5.68914417e-01  4.47e-08 2.43e-09  4.82e-12   169s
  77   5.68817539e-01  5.68914307e-01  4.13e-08 2.46e-09  4.48e-12   170s
  78   5.68817235e-01  5.68914093e-01  3.59e-08 2.47e-09  3.75e-12   172s
  79   5.68816982e-01  5.68912893e-01  3.15e-08 2.48e-09  4.09e-12   174s
  80   5.68816945e-01  5.68912823e-01  6.17e-08 2.48e-09  4.01e-12   176s
  81   5.68816904e-01  5.68912403e-01  6.01e-08 2.48e-09  3.87e-12   178s
  82   5.68816801e-01  5.68912139e-01  5.17e-08 2.48e-09  3.80e-12   180s
  83   5.68816667e-01  5.68911095e-01  4.95e-08 2.49e-09  3.60e-12   182s
  84   5.68816564e-01  5.68910357e-01  3.44e-08 2.51e-09  3.48e-12   184s
  85   5.68816442e-01  5.68909959e-01  3.30e-08 2.51e-09  3.35e-12   186s
  86   5.68816259e-01  5.68908969e-01  3.11e-08 2.50e-09  3.24e-12   189s
  87   5.68815810e-01  5.68908902e-01  2.65e-08 2.50e-09  2.69e-12   191s
  88   5.68815630e-01  5.68908021e-01  2.56e-08 2.50e-09  2.64e-12   193s
  89   5.68815547e-01  5.68908058e-01  2.44e-08 2.52e-09  2.52e-12   195s
  90   5.68815412e-01  5.68907763e-01  2.26e-08 2.58e-09  2.31e-12   197s
  91   5.68815387e-01  5.68906310e-01  2.22e-08 2.68e-09  2.58e-12   199s
  92   5.68815005e-01  5.68906151e-01  1.64e-08 2.76e-09  1.95e-12   201s
  93   5.68814993e-01  5.68906147e-01  1.90e-08 2.76e-09  1.97e-12   203s
  94   5.68814951e-01  5.68906145e-01  1.82e-08 2.76e-09  1.86e-12   205s
  95   5.68814861e-01  5.68906136e-01  4.28e-08 2.76e-09  1.80e-12   207s
  96   5.68814578e-01  5.68905286e-01  3.17e-08 2.39e-09  4.13e-12   210s
  97   5.68814307e-01  5.68903630e-01  2.53e-08 2.39e-09  3.36e-12   213s
  98   5.68814242e-01  5.68903445e-01  2.41e-08 2.39e-09  3.23e-12   215s
  99   5.68814228e-01  5.68903303e-01  2.38e-08 2.40e-09  3.20e-12   217s
 100   5.68814202e-01  5.68902855e-01  2.34e-08 2.41e-09  3.14e-12   219s
 101   5.68814187e-01  5.68902517e-01  2.31e-08 2.42e-09  3.11e-12   221s
 102   5.68814142e-01  5.68902123e-01  2.23e-08 2.43e-09  3.01e-12   223s
 103   5.68814138e-01  5.68902109e-01  2.22e-08 2.43e-09  3.01e-12   224s
 104   5.68814119e-01  5.68901830e-01  2.21e-08 2.43e-09  3.00e-12   226s
 105   5.68814085e-01  5.68901596e-01  6.68e-08 2.44e-09  2.96e-12   228s
 106   5.68814039e-01  5.68901401e-01  6.56e-08 2.45e-09  2.91e-12   230s
 107   5.68814002e-01  5.68901083e-01  6.47e-08 2.46e-09  2.87e-12   232s
 108   5.68813910e-01  5.68900410e-01  6.21e-08 2.50e-09  2.78e-12   234s
 109   5.68813908e-01  5.68900392e-01  6.28e-08 2.50e-09  2.77e-12   236s
 110   5.68813908e-01  5.68900392e-01  6.28e-08 2.50e-09  2.77e-12   238s
 111   5.68813887e-01  5.68900381e-01  6.22e-08 2.51e-09  2.75e-12   240s
 112   5.68813870e-01  5.68900072e-01  6.16e-08 2.53e-09  2.74e-12   242s
 113   5.68813864e-01  5.68899741e-01  6.10e-08 2.56e-09  2.74e-12   244s
 114   5.68813864e-01  5.68899772e-01  6.11e-08 2.56e-09  2.74e-12   246s

Barrier solved model in 114 iterations and 245.94 seconds (459.27 work units)
Optimal objective 5.68814119e-01


User-callback calls 14958, time in user-callback 0.29 sec
Discarded solution information
Set parameter Method to value 2
Set parameter Crossover to value 0
Set parameter LPWarmStart to value 0
Set parameter NumericFocus to value 0
Set parameter DualReductions to value 1
Set parameter InfUnbdInfo to value 0
Set parameter TimeLimit to value 900
