
Gurobi 13.0.2 (win64) logging started Thu Oct  8 08:57:35 2026

Set parameter LogFile to value "C:\v42_m1_exact_solver_redesign_20261008\docs\v42_m_practical_exact_solver_overnight_20261008\external_production\external_nodes\0044\LP.log"
Gurobi Optimizer version 13.0.2 build v13.0.2rc1 (win64 - Windows 11+.0 (26200.2))

CPU model: 13th Gen Intel(R) Core(TM) i7-13620H, instruction set [SSE2|AVX|AVX2]
Thread count: 10 physical cores, 16 logical processors, using up to 1 threads

Non-default parameters:
TimeLimit  900
FeasibilityTol  1e-08
IntFeasTol  1e-08
MIPGap  0.005
OptimalityTol  1e-08
Method  2
LPWarmStart  0
Crossover  0
DegenMoves  0
MIPFocus  3
NodeMethod  1
LogToConsole  0
Seed  20260929
Threads  1

Optimize a model with 582808 rows, 306040 columns and 5351612 nonzeros (Min)
Model fingerprint: 0x60f1a50c
Model has 1 linear objective coefficients
Coefficient statistics:
  Matrix range     [1e-13, 4e+02]
  Objective range  [1e+00, 1e+00]
  Bounds range     [3e-08, 2e+03]
  RHS range        [2e-24, 2e+03]
Warning: Model contains large matrix coefficient range
         Consider reformulating model or setting NumericFocus parameter
         to avoid numerical issues.

Presolve removed 175688 rows and 27321 columns
Presolve time: 1.99s
Presolved: 407120 rows, 299022 columns, 4428652 nonzeros
Elapsed ordering time = 5s
Ordering time: 5.49s

Barrier statistics:
 Dense cols : 965
 AA' NZ     : 3.779e+07
 Factor NZ  : 5.707e+07 (roughly 700 MB of memory)
 Factor Ops : 3.111e+10 (roughly 1 second per iteration)
 Threads    : 1

                  Objective                Residual
Iter       Primal          Dual         Primal    Dual     Compl     Time
   0   1.27525719e+03 -5.00195048e+05  6.52e+07 7.87e-07  1.02e+04    13s
   1   1.70157972e+03 -3.67357749e+05  4.36e+07 6.07e-03  4.39e+03    14s
   2   4.60771912e+02 -2.61961227e+05  1.80e+07 4.92e-04  5.58e+03    16s
   3   3.63368472e+01 -1.04242854e+05  1.39e+06 1.67e-10  4.40e+02    18s
   4   8.17544726e-01 -5.80352387e+04  4.44e+03 2.78e-09  9.28e+00    19s
   5   7.51390404e-01 -9.71265791e+03  1.73e+03 3.17e-10  1.54e+00    21s
   6   7.22208162e-01 -6.01057917e+02  2.61e+02 2.70e-14  1.04e-01    23s
   7   7.26156081e-01 -2.34789181e+02  8.64e+01 2.69e-14  3.99e-02    25s
   8   7.33959900e-01 -6.90963137e+01  3.20e+01 3.02e-14  1.27e-02    28s
   9   7.38691801e-01 -1.92445117e+01  4.54e+00 2.14e-10  3.20e-03    30s
  10   7.01004462e-01 -2.10900984e+00  1.55e-01 1.12e-08  3.96e-04    32s
  11   6.41590370e-01 -6.08093981e-01  1.13e-01 1.06e-08  1.74e-04    34s
  12   6.17123391e-01  1.97814248e-02  8.81e-02 2.84e-08  8.20e-05    37s
  13   6.05419986e-01  2.37819483e-01  4.91e-02 3.14e-08  4.98e-05    39s
  14   5.98309363e-01  3.19793206e-01  3.78e-02 2.70e-08  3.75e-05    41s
  15   5.92570217e-01  3.95036543e-01  3.00e-02 3.56e-08  2.64e-05    43s
  16   5.84158563e-01  4.52347906e-01  1.66e-02 2.56e-08  1.74e-05    45s
  17   5.79642980e-01  4.90186851e-01  1.13e-02 1.83e-08  1.17e-05    48s
  18   5.77307130e-01  5.09255194e-01  8.71e-03 1.43e-08  8.80e-06    49s
  19   5.75337537e-01  5.36347243e-01  6.97e-03 1.42e-08  4.87e-06    51s
  20   5.72167336e-01  5.48781095e-01  3.74e-03 1.18e-08  2.86e-06    53s
  21   5.71345152e-01  5.56003135e-01  2.86e-03 1.01e-08  1.85e-06    55s
  22   5.70466568e-01  5.59304990e-01  1.88e-03 9.21e-09  1.35e-06    57s
  23   5.70365715e-01  5.59837125e-01  1.76e-03 8.98e-09  1.28e-06    58s
  24   5.70199024e-01  5.60545415e-01  1.56e-03 8.68e-09  1.17e-06    60s
  25   5.69925333e-01  5.63660410e-01  1.24e-03 7.45e-09  7.76e-07    61s
  26   5.69710164e-01  5.65083949e-01  9.89e-04 6.70e-09  5.86e-07    63s
  27   5.69477321e-01  5.66052731e-01  7.24e-04 5.75e-09  4.45e-07    65s
  28   5.69341933e-01  5.66685923e-01  5.63e-04 5.56e-09  3.54e-07    66s
  29   5.69268122e-01  5.67308881e-01  4.77e-04 5.62e-09  2.72e-07    68s
  30   5.69216298e-01  5.67531581e-01  4.17e-04 5.60e-09  2.39e-07    70s
  31   5.69133935e-01  5.68027958e-01  3.26e-04 5.49e-09  1.71e-07    72s
  32   5.69054960e-01  5.68244781e-01  2.33e-04 5.40e-09  1.34e-07    74s
  33   5.69047735e-01  5.68332394e-01  2.24e-04 5.34e-09  1.23e-07    76s
  34   5.69018042e-01  5.68520214e-01  1.91e-04 5.23e-09  9.59e-08    77s
  35   5.68974702e-01  5.68693547e-01  1.42e-04 5.10e-09  6.74e-08    80s
  36   5.68943407e-01  5.68799161e-01  1.06e-04 4.91e-09  5.09e-08    81s
  37   5.68907015e-01  5.68897898e-01  6.68e-05 4.77e-09  3.38e-08    84s
  38   5.68902580e-01  5.68910448e-01  6.24e-05 4.72e-09  3.14e-08    85s
  39   5.68893908e-01  5.68945720e-01  5.38e-05 4.55e-09  2.50e-08    87s
  40   5.68891705e-01  5.68949343e-01  5.16e-05 4.54e-09  2.42e-08    89s
  41   5.68887366e-01  5.68966749e-01  4.75e-05 4.45e-09  2.09e-08    90s
  42   5.68877517e-01  5.69008895e-01  3.97e-05 4.53e-09  1.44e-08    92s
  43   5.68868612e-01  5.69014903e-01  3.19e-05 4.58e-09  1.17e-08    94s
  44   5.68856976e-01  5.69023744e-01  2.15e-05 4.66e-09  5.99e-09    96s
  45   5.68851554e-01  5.69021664e-01  1.76e-05 4.63e-09  4.95e-09    98s
  46   5.68843081e-01  5.69017919e-01  1.13e-05 4.66e-09  3.75e-09   100s
  47   5.68840730e-01  5.69016645e-01  9.92e-06 4.68e-09  3.43e-09   102s
  48   5.68839610e-01  5.69016977e-01  9.38e-06 4.72e-09  2.84e-09   104s
  49   5.68836617e-01  5.69015048e-01  7.85e-06 4.86e-09  1.81e-09   106s
  50   5.68834413e-01  5.69008807e-01  6.62e-06 4.77e-09  1.43e-09   108s
  51   5.68834346e-01  5.69006189e-01  6.55e-06 4.76e-09  1.35e-09   110s
  52   5.68833797e-01  5.68996564e-01  6.15e-06 4.67e-09  1.11e-09   111s
  53   5.68831455e-01  5.68986189e-01  4.56e-06 4.65e-09  7.65e-10   114s
  54   5.68830437e-01  5.68973378e-01  3.79e-06 4.61e-09  5.57e-10   116s
  55   5.68830112e-01  5.68971154e-01  3.48e-06 4.21e-09  5.08e-10   117s
  56   5.68829272e-01  5.68969302e-01  2.91e-06 4.18e-09  4.40e-10   119s
  57   5.68828960e-01  5.68962932e-01  2.71e-06 4.15e-09  3.78e-10   121s
  58   5.68827271e-01  5.68960006e-01  1.63e-06 4.17e-09  2.53e-10   123s
  59   5.68825899e-01  5.68957961e-01  9.99e-07 4.22e-09  1.72e-10   125s
  60   5.68825398e-01  5.68952846e-01  8.43e-07 4.29e-09  1.04e-10   127s
  61   5.68825088e-01  5.68950611e-01  7.49e-07 4.25e-09  9.07e-11   129s
  62   5.68824340e-01  5.68945183e-01  5.48e-07 4.25e-09  6.18e-11   131s
  63   5.68823277e-01  5.68940921e-01  3.12e-07 4.15e-09  3.26e-11   133s
  64   5.68823075e-01  5.68940333e-01  2.85e-07 4.14e-09  2.99e-11   135s
  65   5.68822978e-01  5.68937548e-01  2.72e-07 3.88e-09  2.71e-11   137s
  66   5.68822853e-01  5.68936083e-01  2.50e-07 3.70e-09  2.50e-11   139s
  67   5.68822643e-01  5.68933513e-01  2.19e-07 3.36e-09  2.20e-11   141s
  68   5.68822222e-01  5.68930182e-01  1.65e-07 2.72e-09  1.66e-11   144s
  69   5.68821953e-01  5.68929680e-01  1.39e-07 2.37e-09  1.45e-11   146s
  70   5.68821592e-01  5.68928893e-01  1.11e-07 2.28e-09  1.30e-11   148s
  71   5.68821495e-01  5.68925699e-01  1.05e-07 1.92e-09  1.04e-11   150s
  72   5.68821322e-01  5.68925480e-01  9.43e-08 1.94e-09  9.43e-12   152s
  73   5.68821019e-01  5.68921543e-01  7.76e-08 2.35e-09  5.16e-12   155s
  74   5.68820638e-01  5.68919575e-01  5.63e-08 2.48e-09  4.72e-12   158s
  75   5.68820488e-01  5.68918837e-01  5.10e-08 2.53e-09  4.35e-12   160s
  76   5.68820207e-01  5.68918780e-01  4.19e-08 2.53e-09  3.60e-12   162s
  77   5.68820205e-01  5.68917945e-01  4.19e-08 2.53e-09  3.64e-12   164s
  78   5.68820094e-01  5.68918355e-01  4.07e-08 2.52e-09  3.70e-12   166s
  79   5.68819737e-01  5.68917560e-01  3.60e-08 2.56e-09  3.28e-12   168s
  80   5.68819362e-01  5.68916278e-01  3.30e-08 2.61e-09  2.89e-12   170s
  81   5.68819126e-01  5.68916344e-01  2.98e-08 2.61e-09  2.77e-12   172s
  82   5.68819107e-01  5.68916223e-01  2.96e-08 2.62e-09  2.74e-12   174s
  83   5.68819014e-01  5.68915646e-01  2.85e-08 2.63e-09  3.26e-12   176s
  84   5.68818904e-01  5.68913958e-01  2.78e-08 2.68e-09  3.01e-12   179s
  85   5.68818951e-01  5.68913639e-01  2.69e-08 2.63e-09  3.34e-12   181s
  86   5.68818867e-01  5.68912786e-01  2.66e-08 2.59e-09  3.60e-12   183s
  87   5.68818505e-01  5.68909766e-01  2.31e-08 2.49e-09  3.34e-12   186s
  88   5.68818197e-01  5.68907578e-01  3.75e-08 2.39e-09  2.92e-12   188s
  89   5.68818182e-01  5.68907553e-01  3.70e-08 2.37e-09  2.93e-12   190s
  90   5.68818129e-01  5.68907638e-01  3.49e-08 2.47e-09  3.27e-12   192s
  91   5.68818020e-01  5.68905214e-01  3.19e-08 2.51e-09  3.25e-12   194s
  92   5.68817754e-01  5.68906140e-01  2.96e-08 2.48e-09  3.32e-12   196s
  93   5.68817623e-01  5.68903830e-01  3.41e-08 2.49e-09  3.02e-12   198s
  94   5.68817608e-01  5.68903182e-01  3.37e-08 2.45e-09  2.86e-12   200s
  95   5.68817465e-01  5.68902435e-01  2.31e-08 2.42e-09  2.50e-12   203s
  96   5.68817334e-01  5.68901828e-01  2.07e-08 2.40e-09  2.24e-12   205s
  97   5.68817239e-01  5.68900940e-01  2.13e-08 2.37e-09  1.98e-12   206s
  98   5.68817138e-01  5.68900562e-01  1.96e-08 2.36e-09  1.81e-12   208s
  99   5.68817049e-01  5.68900144e-01  1.82e-08 2.35e-09  1.66e-12   210s
 100   5.68817048e-01  5.68900141e-01  1.82e-08 2.35e-09  1.66e-12   212s
 101   5.68816963e-01  5.68899935e-01  1.61e-08 2.35e-09  1.55e-12   214s
 102   5.68816840e-01  5.68899640e-01  1.28e-08 2.34e-09  1.41e-12   215s
 103   5.68816804e-01  5.68899384e-01  1.24e-08 2.33e-09  1.35e-12   217s
 104   5.68816766e-01  5.68899283e-01  1.32e-08 2.31e-09  1.33e-12   219s
 105   5.68816700e-01  5.68898993e-01  1.41e-08 2.28e-09  1.29e-12   221s
 106   5.68816613e-01  5.68898218e-01  1.09e-07 2.27e-09  1.38e-12   224s

Barrier solved model in 106 iterations and 224.07 seconds (422.55 work units)
Optimal objective 5.68817334e-01


User-callback calls 14102, time in user-callback 0.27 sec
Discarded solution information
Set parameter Method to value 2
Set parameter Crossover to value 0
Set parameter LPWarmStart to value 0
Set parameter NumericFocus to value 0
Set parameter DualReductions to value 1
Set parameter InfUnbdInfo to value 0
Set parameter TimeLimit to value 900
