
Gurobi 13.0.2 (win64) logging started Thu Oct  8 18:20:46 2026

Set parameter OutputFlag to value 1
Gurobi Optimizer version 13.0.2 build v13.0.2rc1 (win64 - Windows 11+.0 (26200.2))

CPU model: 13th Gen Intel(R) Core(TM) i7-13620H, instruction set [SSE2|AVX|AVX2]
Thread count: 10 physical cores, 16 logical processors, using up to 1 threads

Non-default parameters:
TimeLimit  480
FeasibilityTol  1e-08
IntFeasTol  1e-08
MIPGap  0.005
OptimalityTol  1e-08
Method  2
Crossover  0
DegenMoves  0
MIPFocus  3
NodeMethod  1
LogToConsole  0
Seed  20260929
Threads  1

Optimize a model with 583459 rows, 306040 columns and 5352914 nonzeros (Min)
Model fingerprint: 0xb6f26d3b
Model has 1 linear objective coefficients
Coefficient statistics:
  Matrix range     [1e-13, 4e+02]
  Objective range  [1e+00, 1e+00]
  Bounds range     [3e-08, 2e+03]
  RHS range        [2e-24, 2e+03]
Warning: Model contains large matrix coefficient range
         Consider reformulating model or setting NumericFocus parameter
         to avoid numerical issues.

Presolve removed 175583 rows and 27268 columns
Presolve time: 2.00s
Presolved: 407876 rows, 299059 columns, 4430535 nonzeros
Elapsed ordering time = 5s
Ordering time: 5.55s

Barrier statistics:
 Dense cols : 874
 AA' NZ     : 3.903e+07
 Factor NZ  : 5.878e+07 (roughly 800 MB of memory)
 Factor Ops : 3.230e+10 (roughly 1 second per iteration)
 Threads    : 1

                  Objective                Residual
Iter       Primal          Dual         Primal    Dual     Compl     Time
   0   1.27525471e+03 -5.00171661e+05  6.52e+07 7.87e-07  1.02e+04    13s
   1   1.71562780e+03 -3.65222960e+05  4.40e+07 3.65e-03  4.31e+03    14s
   2   2.86365873e+02 -2.64466142e+05  7.51e+06 3.85e-04  7.66e+02    16s
   3   3.60999515e+01 -5.91316553e+04  9.24e+05 4.96e-16  9.60e+01    18s
   4   2.79801543e+00 -2.60916208e+04  4.74e+04 3.05e-16  7.68e+00    19s
   5   1.17197846e+00 -6.38047877e+03  4.72e+03 1.71e-12  1.22e+00    21s
   6   1.01313576e+00 -8.24331762e+02  5.26e+02 1.67e-16  1.48e-01    23s
   7   1.00145511e+00 -2.29970977e+02  2.20e+02 1.39e-16  4.44e-02    25s
   8   9.95600505e-01 -7.23548607e+01  6.29e+01 7.48e-17  1.39e-02    27s
   9   9.89386621e-01 -9.09869624e+00  1.31e+01 6.54e-10  2.30e-03    29s
  10   7.31655196e-01 -1.40530022e+00  2.90e+00 1.08e-08  4.60e-04    32s
  11   6.35582746e-01 -1.14403919e-01  8.29e-01 2.92e-08  1.27e-04    34s
  12   6.09943023e-01  2.48726405e-01  2.59e-01 2.37e-08  5.17e-05    37s
  13   6.01186998e-01  3.55117599e-01  1.62e-01 1.89e-08  3.39e-05    39s
  14   5.97290481e-01  3.91264583e-01  1.35e-01 2.02e-08  2.80e-05    41s
  15   5.92242539e-01  4.27625962e-01  1.08e-01 2.83e-08  2.21e-05    43s
  16   5.88909648e-01  4.49455588e-01  8.79e-02 3.00e-08  1.85e-05    45s
  17   5.83370838e-01  4.93093532e-01  6.69e-02 3.14e-08  1.18e-05    47s
  18   5.80746207e-01  5.25496776e-01  5.32e-02 2.17e-08  7.04e-06    49s
  19   5.77660763e-01  5.37794196e-01  4.19e-02 1.85e-08  4.97e-06    51s
  20   5.73588033e-01  5.49589473e-01  2.26e-02 1.25e-08  2.88e-06    52s
  21   5.71801019e-01  5.57884752e-01  1.58e-02 1.04e-08  1.61e-06    54s
  22   5.71037702e-01  5.61953518e-01  1.26e-02 8.73e-09  1.04e-06    56s
  23   5.70697250e-01  5.63296297e-01  1.08e-02 8.20e-09  8.57e-07    57s
  24   5.70450825e-01  5.63686919e-01  9.65e-03 8.15e-09  7.84e-07    59s
  25   5.69933355e-01  5.65260753e-01  6.94e-03 8.56e-09  5.53e-07    61s
  26   5.69593767e-01  5.66619043e-01  5.27e-03 8.88e-09  3.76e-07    63s
  27   5.69438363e-01  5.67330940e-01  4.27e-03 8.99e-09  2.86e-07    65s
  28   5.69293413e-01  5.67979819e-01  3.45e-03 8.88e-09  2.02e-07    67s
  29   5.69173126e-01  5.68514002e-01  2.74e-03 8.39e-09  1.33e-07    69s
  30   5.69038917e-01  5.68744257e-01  1.88e-03 7.79e-09  9.06e-08    71s
  31   5.68986184e-01  5.68892887e-01  1.59e-03 6.68e-09  6.68e-08    73s
  32   5.68912550e-01  5.68998053e-01  1.08e-03 6.44e-09  4.50e-08    75s
  33   5.68851843e-01  5.69059277e-01  7.44e-04 6.37e-09  2.76e-08    77s
  34   5.68831940e-01  5.69078181e-01  6.20e-04 5.94e-09  2.00e-08    80s
  35   5.68802272e-01  5.69077257e-01  3.91e-04 5.21e-09  1.28e-08    81s
  36   5.68782591e-01  5.69072791e-01  2.56e-04 4.67e-09  6.37e-09    84s
  37   5.68778661e-01  5.69073949e-01  2.30e-04 4.66e-09  5.90e-09    85s
  38   5.68764012e-01  5.69070068e-01  1.46e-04 4.61e-09  3.41e-09    87s
  39   5.68756623e-01  5.69068333e-01  1.10e-04 4.45e-09  2.45e-09    89s
  40   5.68748107e-01  5.69064165e-01  7.00e-05 3.92e-09  1.35e-09    91s
  41   5.68743198e-01  5.69058818e-01  5.33e-05 3.55e-09  7.86e-10    93s
  42   5.68741928e-01  5.69030091e-01  4.65e-05 3.50e-09  6.66e-10    95s
  43   5.68739431e-01  5.69023502e-01  3.73e-05 3.52e-09  5.39e-10    97s
  44   5.68737909e-01  5.69007882e-01  3.20e-05 3.42e-09  4.59e-10    98s
  45   5.68737726e-01  5.69001024e-01  3.11e-05 3.31e-09  4.46e-10   100s
  46   5.68736241e-01  5.68979892e-01  2.45e-05 3.03e-09  3.28e-10   102s
  47   5.68734922e-01  5.68970398e-01  2.04e-05 3.00e-09  2.65e-10   104s
  48   5.68734699e-01  5.68954955e-01  1.97e-05 2.91e-09  2.52e-10   106s
  49   5.68732862e-01  5.68942105e-01  1.27e-05 2.81e-09  1.61e-10   108s
  50   5.68732452e-01  5.68927286e-01  1.17e-05 3.07e-09  1.45e-10   110s
  51   5.68732170e-01  5.68922426e-01  1.09e-05 2.89e-09  1.35e-10   112s
  52   5.68730246e-01  5.68914833e-01  6.35e-06 2.98e-09  8.16e-11   114s
  53   5.68729314e-01  5.68899910e-01  5.05e-06 3.10e-09  5.98e-11   116s
  54   5.68728831e-01  5.68893189e-01  4.51e-06 3.17e-09  4.92e-11   119s
  55   5.68727648e-01  5.68888739e-01  3.24e-06 3.24e-09  3.44e-11   121s
  56   5.68727631e-01  5.68885283e-01  3.23e-06 3.18e-09  3.39e-11   122s
  57   5.68726983e-01  5.68881577e-01  2.68e-06 3.14e-09  2.73e-11   125s
  58   5.68726653e-01  5.68875796e-01  2.38e-06 3.14e-09  2.99e-11   127s
  59   5.68726431e-01  5.68874839e-01  2.23e-06 3.14e-09  2.83e-11   128s
  60   5.68726229e-01  5.68872733e-01  2.10e-06 3.14e-09  2.74e-11   130s
  61   5.68725638e-01  5.68859070e-01  1.68e-06 3.12e-09  2.39e-11   132s
  62   5.68725549e-01  5.68856555e-01  1.63e-06 3.16e-09  2.39e-11   133s
  63   5.68725518e-01  5.68850331e-01  1.60e-06 3.17e-09  2.50e-11   135s
  64   5.68725477e-01  5.68844807e-01  1.55e-06 3.06e-09  2.51e-11   137s
  65   5.68725378e-01  5.68842100e-01  1.46e-06 3.02e-09  2.36e-11   139s
  66   5.68725334e-01  5.68841002e-01  1.42e-06 3.03e-09  2.30e-11   140s
  67   5.68725254e-01  5.68839472e-01  1.36e-06 3.03e-09  2.20e-11   142s
  68   5.68725104e-01  5.68838083e-01  1.24e-06 3.04e-09  1.98e-11   144s
  69   5.68724751e-01  5.68837825e-01  1.13e-06 3.07e-09  1.86e-11   146s
  70   5.68724636e-01  5.68833787e-01  1.07e-06 3.07e-09  1.80e-11   148s
  71   5.68724216e-01  5.68830711e-01  8.67e-07 3.08e-09  1.46e-11   150s
  72   5.68723978e-01  5.68827266e-01  7.71e-07 3.08e-09  1.37e-11   152s
  73   5.68723710e-01  5.68822259e-01  6.74e-07 3.04e-09  1.19e-11   154s
  74   5.68722891e-01  5.68819267e-01  4.08e-07 3.00e-09  7.80e-12   156s
  75   5.68722802e-01  5.68816674e-01  3.90e-07 2.97e-09  7.23e-12   158s
  76   5.68722787e-01  5.68816017e-01  3.87e-07 2.96e-09  7.12e-12   160s
  77   5.68722535e-01  5.68812991e-01  3.40e-07 2.91e-09  6.20e-12   161s
  78   5.68722492e-01  5.68812276e-01  3.33e-07 2.90e-09  6.03e-12   163s
  79   5.68722401e-01  5.68811808e-01  3.25e-07 2.89e-09  5.96e-12   165s
  80   5.68722291e-01  5.68807745e-01  3.15e-07 2.95e-09  6.27e-12   167s
  81   5.68722132e-01  5.68803606e-01  2.93e-07 2.98e-09  5.86e-12   169s
  82   5.68722047e-01  5.68803586e-01  2.86e-07 2.99e-09  5.84e-12   171s
  83   5.68721292e-01  5.68802700e-01  2.23e-07 2.99e-09  4.59e-12   173s
  84   5.68720942e-01  5.68801418e-01  1.99e-07 2.99e-09  4.10e-12   175s
  85   5.68720923e-01  5.68801199e-01  1.96e-07 2.99e-09  4.03e-12   177s
  86   5.68720885e-01  5.68800857e-01  1.92e-07 2.98e-09  3.94e-12   179s
  87   5.68720779e-01  5.68799031e-01  1.76e-07 3.00e-09  4.33e-12   181s
  88   5.68720447e-01  5.68798079e-01  1.37e-07 3.00e-09  3.51e-12   183s
  89   5.68720429e-01  5.68797955e-01  1.35e-07 3.00e-09  3.52e-12   185s
  90   5.68720395e-01  5.68797700e-01  1.32e-07 2.99e-09  3.45e-12   187s
  91   5.68720305e-01  5.68797454e-01  1.24e-07 2.97e-09  3.24e-12   189s
  92   5.68720254e-01  5.68797265e-01  1.20e-07 2.95e-09  3.14e-12   191s
  93   5.68720209e-01  5.68796942e-01  1.16e-07 2.92e-09  3.06e-12   193s
  94   5.68720195e-01  5.68796848e-01  1.15e-07 2.90e-09  3.03e-12   195s
  95   5.68720141e-01  5.68795857e-01  1.10e-07 2.71e-09  2.92e-12   197s
  96   5.68720077e-01  5.68794544e-01  1.04e-07 2.43e-09  2.81e-12   199s
  97   5.68719882e-01  5.68794250e-01  9.69e-08 2.37e-09  2.55e-12   201s
  98   5.68719789e-01  5.68793048e-01  8.86e-08 2.29e-09  2.38e-12   203s
  99   5.68719695e-01  5.68792337e-01  8.52e-08 2.27e-09  2.30e-12   205s
 100   5.68719693e-01  5.68792157e-01  8.51e-08 2.27e-09  2.30e-12   207s
 101   5.68719672e-01  5.68791995e-01  8.22e-08 2.26e-09  2.32e-12   210s
 102   5.68719356e-01  5.68791299e-01  7.19e-08 2.25e-09  2.06e-12   212s
 103   5.68719085e-01  5.68790423e-01  6.45e-08 2.23e-09  1.89e-12   214s
 104   5.68718828e-01  5.68789390e-01  5.62e-08 2.22e-09  1.84e-12   217s
 105   5.68718294e-01  5.68787878e-01  4.42e-08 2.21e-09  1.47e-12   219s
 106   5.68718128e-01  5.68787855e-01  4.09e-08 2.21e-09  1.41e-12   221s
 107   5.68717728e-01  5.68784783e-01  2.62e-08 2.54e-09  1.54e-12   223s
 108   5.68717599e-01  5.68783797e-01  2.25e-08 2.81e-09  1.35e-12   225s
 109   5.68717286e-01  5.68782892e-01  1.57e-08 2.98e-09  9.81e-13   227s
 110   5.68717095e-01  5.68780586e-01  1.30e-08 3.09e-09  8.06e-13   229s
 111   5.68716910e-01  5.68780249e-01  1.18e-08 3.10e-09  7.32e-13   231s

Barrier solved model in 111 iterations and 231.37 seconds (450.09 work units)
Optimal objective 5.68716910e-01


User-callback calls 14405, time in user-callback 0.15 sec
