
Gurobi 13.0.2 (win64) logging started Sun Oct  4 01:56:06 2026

Set parameter LogFile to value "docs/v42_m1_location_grid_disjunctive_cuts/CONDITIONAL_STATE_LP.log"
Set parameter TimeLimit to value 1.7397418083000230e+03
Gurobi Optimizer version 13.0.2 build v13.0.2rc1 (win64 - Windows 11+.0 (26200.2))

CPU model: 13th Gen Intel(R) Core(TM) i7-13620H, instruction set [SSE2|AVX|AVX2]
Thread count: 10 physical cores, 16 logical processors, using up to 1 threads

Non-default parameters:
TimeLimit  1.7397418083000230e+03
FeasibilityTol  1e-08
OptimalityTol  1e-08
Method  1
LPWarmStart  1
PreDual  0
InfUnbdInfo  1
LogToConsole  0
Seed  20260929
Threads  1

Optimize a model with 886017 rows, 316743 columns and 8447855 nonzeros (Min)
Model has 1 linear objective coefficients
Coefficient statistics:
  Matrix range     [1e-13, 4e+02]
  Objective range  [1e+00, 1e+00]
  Bounds range     [1e+00, 1e+03]
  RHS range        [2e-24, 2e+03]
Warning: Model contains large matrix coefficient range
         Consider reformulating model or setting NumericFocus parameter
         to avoid numerical issues.

LP warm-start: use basis

Iteration    Objective       Primal Inf.    Dual Inf.      Time
       0    5.6871161e-01   2.136548e+01   0.000000e+00      1s
     200    5.6871187e-01   4.957827e+05   0.000000e+00      5s
     460    5.6909005e-01   4.242134e+07   0.000000e+00     12s
     640    5.6920364e-01   2.837861e+06   0.000000e+00     16s
     820    5.6932149e-01   4.972845e+06   0.000000e+00     21s
    1000    5.6947890e-01   1.066246e+07   0.000000e+00     25s
    1360    5.6970036e-01   9.447446e+05   0.000000e+00     34s
    1540    5.6983503e-01   5.711759e+07   0.000000e+00     39s
    1630    5.6992311e-01   6.882259e+06   0.000000e+00     41s
    1810    5.7008105e-01   1.178985e+08   0.000000e+00     46s
    1990    5.7020680e-01   5.703232e+06   0.000000e+00     50s
    2350    5.7041782e-01   2.945886e+07   0.000000e+00     59s
    2530    5.7051436e-01   2.577901e+07   0.000000e+00     64s
    2710    5.7064706e-01   4.002443e+07   0.000000e+00     69s
    2890    5.7075193e-01   5.219644e+06   0.000000e+00     73s
    3070    5.7084989e-01   4.094171e+07   0.000000e+00     78s
    3250    5.7093861e-01   7.044472e+05   0.000000e+00     82s
    3430    5.7102769e-01   2.271049e+07   0.000000e+00     87s
    3610    5.7110363e-01   1.298136e+08   0.000000e+00     92s
    3790    5.7119692e-01   2.201734e+07   0.000000e+00     96s
    3970    5.7130092e-01   1.043690e+07   0.000000e+00    101s
    4150    5.7139431e-01   1.386775e+07   0.000000e+00    106s
    4330    5.7149600e-01   3.710977e+07   0.000000e+00    110s
    4690    5.7175991e-01   4.334937e+08   0.000000e+00    119s
    4870    5.7187365e-01   3.180932e+07   0.000000e+00    124s
    5050    5.7197439e-01   3.520372e+06   0.000000e+00    129s
    5230    5.7208757e-01   2.362453e+07   0.000000e+00    133s
    5410    5.7219639e-01   2.678448e+08   0.000000e+00    138s
    5590    5.7230809e-01   1.237680e+07   0.000000e+00    142s
    5770    5.7241449e-01   6.266775e+07   0.000000e+00    147s
    5950    5.7250441e-01   8.807879e+07   0.000000e+00    152s
    6130    5.7263599e-01   1.736301e+08   0.000000e+00    156s
    6310    5.7278263e-01   1.749370e+07   0.000000e+00    161s
    6490    5.7288441e-01   3.142030e+07   0.000000e+00    166s
    6670    5.7299335e-01   1.378962e+07   0.000000e+00    170s
    6850    5.7308436e-01   2.553903e+07   0.000000e+00    175s
    7210    5.7327631e-01   6.086195e+06   0.000000e+00    184s
    7390    5.7337522e-01   5.768174e+07   0.000000e+00    189s
    7570    5.7347184e-01   5.119139e+06   0.000000e+00    194s
    7750    5.7354792e-01   3.723200e+07   0.000000e+00    198s
    7930    5.7361392e-01   4.691760e+07   0.000000e+00    203s
    8110    5.7372764e-01   5.779611e+07   0.000000e+00    207s
    8290    5.7383468e-01   2.477033e+08   0.000000e+00    212s
    8470    5.7394508e-01   5.743172e+06   0.000000e+00    217s
    8650    5.7403537e-01   2.916663e+07   0.000000e+00    221s
    8830    5.7410932e-01   3.244477e+07   0.000000e+00    226s
    9010    5.7419872e-01   1.958342e+06   0.000000e+00    230s
    9370    5.7438568e-01   1.603314e+07   0.000000e+00    240s
    9550    5.7446809e-01   1.315017e+07   0.000000e+00    244s
    9730    5.7455329e-01   5.502008e+06   0.000000e+00    249s
    9910    5.7463701e-01   2.249011e+06   0.000000e+00    253s
   10000    5.7467599e-01   2.080364e+07   0.000000e+00    256s
   10180    5.7478324e-01   8.902886e+07   0.000000e+00    261s
   10360    5.7487319e-01   1.263009e+07   0.000000e+00    265s
   10720    5.7506035e-01   6.922083e+06   0.000000e+00    275s
   10810    5.7510871e-01   2.911644e+07   0.000000e+00    277s
   11080    5.7521845e-01   3.167452e+07   0.000000e+00    284s
   11260    5.7529501e-01   2.161405e+06   0.000000e+00    289s
   11440    5.7536646e-01   1.855574e+07   0.000000e+00    293s
   11620    5.7546227e-01   6.750374e+06   0.000000e+00    298s
   11800    5.7554126e-01   9.515846e+06   0.000000e+00    303s
   11980    5.7559342e-01   2.086734e+07   0.000000e+00    308s
   12160    5.7563986e-01   2.561870e+06   0.000000e+00    312s
   12340    5.7570634e-01   2.227530e+07   0.000000e+00    317s
   12520    5.7578153e-01   9.229884e+06   0.000000e+00    322s
   12700    5.7585841e-01   2.113169e+06   0.000000e+00    327s
   12880    5.7592828e-01   3.066123e+07   0.000000e+00    331s
   13060    5.7598583e-01   1.745617e+08   0.000000e+00    336s
   13330    5.7611220e-01   6.366605e+07   0.000000e+00    343s
   13500    5.7617682e-01   1.546214e+08   0.000000e+00    348s
   13680    5.7623299e-01   3.729489e+06   0.000000e+00    352s
   13860    5.7627826e-01   9.296106e+07   0.000000e+00    357s
   14040    5.7631818e-01   1.140693e+06   0.000000e+00    362s
   14220    5.7635499e-01   1.207307e+06   0.000000e+00    366s
   14490    5.7643630e-01   2.544349e+06   0.000000e+00    373s
   14670    5.7647514e-01   3.267566e+05   0.000000e+00    378s
   14850    5.7651293e-01   2.358270e+06   0.000000e+00    383s
   15030    5.7655654e-01   9.508052e+06   0.000000e+00    387s
   15210    5.7661627e-01   4.380909e+05   0.000000e+00    392s
   15480    5.7668398e-01   4.871026e+07   0.000000e+00    399s
   15660    5.7675334e-01   1.758665e+07   0.000000e+00    404s
   15840    5.7680508e-01   1.394331e+06   0.000000e+00    408s
   16020    5.7685065e-01   2.197578e+06   0.000000e+00    413s
   16200    5.7689358e-01   1.786649e+06   0.000000e+00    418s
   16380    5.7693074e-01   1.622490e+06   0.000000e+00    422s
   16560    5.7697558e-01   1.357112e+07   0.000000e+00    427s
   16740    5.7702301e-01   1.468459e+06   0.000000e+00    431s
   16920    5.7706752e-01   6.254613e+05   0.000000e+00    436s
   17100    5.7711120e-01   1.088808e+06   0.000000e+00    441s
   17280    5.7714308e-01   6.511252e+05   0.000000e+00    445s
   17640    5.7723279e-01   1.526893e+06   0.000000e+00    454s
   17820    5.7725727e-01   7.014385e+05   0.000000e+00    459s
   18000    5.7729185e-01   5.809331e+07   0.000000e+00    463s
   18180    5.7731810e-01   3.461788e+05   0.000000e+00    468s
   18360    5.7734135e-01   1.020277e+05   0.000000e+00    473s
   18540    5.7736628e-01   4.496110e+06   0.000000e+00    477s
   18720    5.7740318e-01   9.913652e+06   0.000000e+00    482s
   18900    5.7743783e-01   4.143172e+07   0.000000e+00    487s
   19080    5.7748195e-01   5.318384e+06   0.000000e+00    491s
   19260    5.7750654e-01   3.440623e+05   0.000000e+00    496s
   19440    5.7752772e-01   1.263644e+06   0.000000e+00    501s
   19620    5.7757364e-01   4.763205e+08   0.000000e+00    505s
   19980    5.7769296e-01   7.139844e+06   0.000000e+00    514s
   20160    5.7771522e-01   1.593572e+05   0.000000e+00    519s
   20340    5.7773823e-01   6.914817e+05   0.000000e+00    524s
   20520    5.7775669e-01   8.866989e+05   0.000000e+00    528s
   20610    5.7776329e-01   2.873229e+05   0.000000e+00    531s
   20790    5.7779295e-01   6.075039e+06   0.000000e+00    535s
   20970    5.7781268e-01   3.238345e+06   0.000000e+00    540s
   21330    5.7787212e-01   6.575224e+06   0.000000e+00    549s
   21510    5.7789407e-01   1.369464e+07   0.000000e+00    554s
   21600    5.7791940e-01   8.697850e+07   0.000000e+00    556s
   21780    5.7794978e-01   1.159432e+07   0.000000e+00    561s
   21960    5.7798935e-01   1.688063e+07   0.000000e+00    566s
   22140    5.7803196e-01   2.992769e+06   0.000000e+00    571s
   22320    5.7813533e-01   1.109085e+06   0.000000e+00    575s
   22590    5.7816465e-01   2.201959e+06   0.000000e+00    582s
   22770    5.7818121e-01   5.257551e+04   0.000000e+00    587s
   22950    5.7819982e-01   3.537152e+05   0.000000e+00    592s
   23130    5.7821506e-01   3.523001e+07   0.000000e+00    596s
   23310    5.7824835e-01   1.367317e+08   0.000000e+00    601s
   23490    5.7827446e-01   5.834990e+05   0.000000e+00    605s
   23670    5.7828671e-01   3.189400e+05   0.000000e+00    610s
   24030    5.7832721e-01   5.895701e+07   0.000000e+00    619s
   24210    5.7835274e-01   1.150526e+06   0.000000e+00    624s
   24390    5.7838420e-01   3.497684e+03   0.000000e+00    629s
   24570    5.7840862e-01   1.179120e+06   0.000000e+00    633s
   24750    5.7841552e-01   3.703841e+04   0.000000e+00    638s
   24930    5.7842272e-01   8.578061e+04   0.000000e+00    642s
   25110    5.7843712e-01   3.305531e+04   0.000000e+00    647s
   25290    5.7845201e-01   7.879680e+05   0.000000e+00    651s
   25470    5.7845826e-01   2.115776e+04   0.000000e+00    656s
   25650    5.7846171e-01   5.527336e+04   0.000000e+00    660s
   26010    5.7848059e-01   9.171877e+03   0.000000e+00    669s
   26190    5.7848421e-01   4.358367e+05   0.000000e+00    674s
   26370    5.7849002e-01   1.859809e+03   0.000000e+00    678s
   26550    5.7849025e-01   1.443210e+00   0.000000e+00    683s
   26687    5.7033223e-01   0.000000e+00   3.413260e+01    685s
   27047    5.7030125e-01   0.000000e+00   1.454616e+03    690s
   27407    5.7023966e-01   0.000000e+00   1.203530e+02    695s
   27767    5.7020870e-01   0.000000e+00   7.414334e+03    700s
   28117    5.7014931e-01   0.000000e+00   4.759842e+02    705s
   28477    5.7012514e-01   0.000000e+00   1.330430e+02    710s
   28837    5.7010145e-01   0.000000e+00   1.969103e+02    715s
   29167    5.7008706e-01   0.000000e+00   7.062203e+01    721s
   29517    5.7007628e-01   0.000000e+00   2.716409e+02    726s
   29847    5.7006528e-01   0.000000e+00   1.215783e+02    731s
   30187    5.7004126e-01   0.000000e+00   4.136019e+02    736s
   30547    5.7001436e-01   0.000000e+00   1.931407e+02    741s
   30887    5.6999727e-01   0.000000e+00   3.407946e+04    747s
   31127    5.6990914e-01   0.000000e+00   2.367569e+03    750s
   31477    5.6988330e-01   0.000000e+00   3.137824e+02    755s
   31817    5.6986668e-01   0.000000e+00   9.928527e+01    761s
   32167    5.6984887e-01   0.000000e+00   2.928275e+02    766s
   32517    5.6982075e-01   0.000000e+00   2.106010e+02    771s
   32857    5.6980651e-01   0.000000e+00   1.292312e+02    776s
   33207    5.6979124e-01   0.000000e+00   5.594416e+01    781s
   33547    5.6977603e-01   0.000000e+00   1.422205e+03    787s
   33767    5.6976115e-01   0.000000e+00   6.949598e+01    790s
   34107    5.6969911e-01   0.000000e+00   9.939245e+01    795s
   34447    5.6964929e-01   0.000000e+00   2.665194e+04    801s
   34787    5.6958914e-01   0.000000e+00   9.052280e+03    806s
   35117    5.6955225e-01   0.000000e+00   4.453005e+02    811s
   35467    5.6952739e-01   0.000000e+00   1.272089e+02    816s
   35807    5.6949126e-01   0.000000e+00   2.814999e+02    821s
   36137    5.6942597e-01   0.000000e+00   1.733726e+02    826s
   36497    5.6940749e-01   0.000000e+00   3.546620e+02    831s
   36857    5.6937220e-01   0.000000e+00   2.652483e+03    836s
   37217    5.6935285e-01   0.000000e+00   3.231757e+02    842s
   37447    5.6933449e-01   0.000000e+00   5.222392e+03    845s
   37797    5.6930159e-01   0.000000e+00   4.330654e+02    850s
   38157    5.6927718e-01   0.000000e+00   7.550216e+01    855s
   38507    5.6925389e-01   0.000000e+00   2.536485e+03    861s
   38857    5.6924630e-01   0.000000e+00   6.850082e+01    866s
   39187    5.6923855e-01   0.000000e+00   2.783847e+02    871s
   39537    5.6922933e-01   0.000000e+00   1.544627e+03    876s
   39887    5.6922135e-01   0.000000e+00   6.407964e+01    881s
   40107    5.6921491e-01   0.000000e+00   4.385924e+02    885s
   40447    5.6920953e-01   0.000000e+00   4.521488e+01    890s
   40797    5.6919946e-01   0.000000e+00   1.522407e+02    896s
   41147    5.6919435e-01   0.000000e+00   1.238873e+03    901s
   41507    5.6918372e-01   0.000000e+00   3.012608e+03    906s
   41857    5.6917392e-01   0.000000e+00   1.012947e+03    911s
   42197    5.6916693e-01   0.000000e+00   2.093800e+01    917s
   42437    5.6916383e-01   0.000000e+00   6.267038e+03    920s
   42787    5.6915190e-01   0.000000e+00   5.216622e+02    925s
   43147    5.6913622e-01   0.000000e+00   3.429301e+03    931s
   43507    5.6913057e-01   0.000000e+00   3.384596e+01    936s
   43867    5.6912106e-01   0.000000e+00   5.043645e+01    941s
   44227    5.6911841e-01   0.000000e+00   1.255084e+01    946s
   44567    5.6911188e-01   0.000000e+00   4.299910e+00    951s
   44907    5.6910956e-01   0.000000e+00   2.113679e+02    957s
   45127    5.6910478e-01   0.000000e+00   3.666883e+02    960s
   45467    5.6909546e-01   0.000000e+00   1.110858e+03    965s
   45827    5.6908830e-01   0.000000e+00   2.105203e+02    971s
   46167    5.6908110e-01   0.000000e+00   1.141240e+01    976s
   46497    5.6907828e-01   0.000000e+00   8.807726e+01    981s
   46847    5.6907387e-01   0.000000e+00   1.949757e+02    987s
   47087    5.6907076e-01   0.000000e+00   1.165574e+02    990s
   47447    5.6906619e-01   0.000000e+00   2.472859e+01    995s
   47807    5.6906236e-01   0.000000e+00   3.944641e+03   1001s
   48157    5.6905073e-01   0.000000e+00   7.655663e+01   1006s
   48507    5.6904843e-01   0.000000e+00   1.160918e+02   1011s
   48837    5.6904500e-01   0.000000e+00   1.920181e+01   1017s
   49057    5.6904420e-01   0.000000e+00   1.274737e+02   1020s
   49407    5.6903891e-01   0.000000e+00   1.521642e+01   1025s
   49747    5.6903739e-01   0.000000e+00   4.168918e+02   1031s
   50077    5.6903637e-01   0.000000e+00   3.697376e+03   1036s
   50417    5.6903530e-01   0.000000e+00   1.078659e+02   1041s
   50767    5.6903079e-01   0.000000e+00   6.947655e+00   1047s
   51117    5.6902874e-01   0.000000e+00   4.672354e+00   1052s
   51347    5.6902824e-01   0.000000e+00   4.326661e+02   1055s
   51687    5.6902692e-01   0.000000e+00   2.094308e+02   1061s
   52037    5.6902494e-01   0.000000e+00   2.257859e+03   1066s
   52377    5.6902110e-01   0.000000e+00   4.087930e+01   1071s
   52727    5.6902008e-01   0.000000e+00   3.557847e+01   1077s
   52947    5.6901928e-01   0.000000e+00   1.411685e+01   1080s
   53297    5.6901809e-01   0.000000e+00   3.832073e+02   1085s
   53647    5.6901601e-01   0.000000e+00   3.500864e+01   1090s
   53997    5.6901051e-01   0.000000e+00   3.311688e+03   1096s
   54327    5.6898586e-01   0.000000e+00   8.916041e+00   1101s
   54677    5.6898352e-01   0.000000e+00   2.785397e+03   1106s
   55037    5.6897921e-01   0.000000e+00   2.748124e+00   1111s
   55397    5.6897193e-01   0.000000e+00   3.089046e+01   1117s
   55637    5.6897137e-01   0.000000e+00   1.102107e+02   1120s
   55997    5.6896876e-01   0.000000e+00   2.449906e+01   1126s
   56357    5.6896652e-01   0.000000e+00   7.644602e+00   1131s
   56697    5.6896567e-01   0.000000e+00   6.595677e+01   1136s
   57037    5.6896152e-01   0.000000e+00   1.598462e+01   1141s
   57387    5.6895938e-01   0.000000e+00   3.273628e+01   1147s
   57617    5.6895806e-01   0.000000e+00   1.568024e+02   1150s
   57977    5.6894657e-01   0.000000e+00   6.033836e+01   1155s
   58317    5.6894270e-01   0.000000e+00   1.272866e+00   1161s
   58667    5.6894158e-01   0.000000e+00   3.848369e+02   1166s
   59017    5.6893996e-01   0.000000e+00   3.917261e+00   1171s
   59347    5.6893474e-01   0.000000e+00   1.000904e+03   1176s
   59697    5.6892591e-01   0.000000e+00   1.271413e+02   1182s
   59917    5.6892360e-01   0.000000e+00   1.056012e+02   1185s
   60277    5.6892038e-01   0.000000e+00   2.739275e+01   1190s
   60607    5.6890733e-01   0.000000e+00   1.759892e+02   1196s
   60937    5.6890377e-01   0.000000e+00   5.302437e+01   1201s
   61287    5.6890195e-01   0.000000e+00   1.078388e+02   1206s
   61637    5.6890115e-01   0.000000e+00   1.131779e+02   1212s
   61967    5.6889705e-01   0.000000e+00   3.366934e+02   1217s
   62187    5.6889340e-01   0.000000e+00   3.316213e+02   1220s
   62517    5.6889060e-01   0.000000e+00   3.597999e+02   1225s
   62847    5.6888839e-01   0.000000e+00   6.625779e+02   1231s
   63187    5.6888631e-01   0.000000e+00   2.587837e+02   1236s
   63537    5.6888354e-01   0.000000e+00   6.420331e+01   1241s
   63887    5.6888155e-01   0.000000e+00   3.469363e+02   1246s
   64227    5.6888052e-01   0.000000e+00   2.424177e+01   1252s
   64447    5.6887997e-01   0.000000e+00   3.601383e+00   1255s
   64777    5.6887949e-01   0.000000e+00   1.697767e+03   1261s
   65127    5.6887817e-01   0.000000e+00   1.424861e+02   1266s
   65457    5.6887678e-01   0.000000e+00   8.987367e+00   1271s
   65687    5.6887592e-01   0.000000e+00   7.232119e+01   1275s
   66017    5.6887227e-01   0.000000e+00   8.798698e+01   1280s
   66357    5.6886974e-01   0.000000e+00   2.633054e+02   1286s
   66697    5.6886722e-01   0.000000e+00   1.473767e+02   1291s
   67027    5.6886630e-01   0.000000e+00   3.353599e+01   1296s
   67357    5.6886422e-01   0.000000e+00   3.701125e+01   1302s
   67587    5.6886334e-01   0.000000e+00   2.629629e+01   1305s
   67937    5.6885951e-01   0.000000e+00   4.140489e+01   1311s
   68277    5.6885701e-01   0.000000e+00   1.782717e+01   1316s
   68607    5.6885608e-01   0.000000e+00   5.792389e+00   1321s
   68937    5.6885248e-01   0.000000e+00   3.394512e+03   1327s
   69157    5.6885023e-01   0.000000e+00   5.006829e+02   1330s
   69497    5.6884947e-01   0.000000e+00   8.888279e+01   1335s
   69827    5.6884845e-01   0.000000e+00   8.876607e+01   1341s
   70157    5.6884748e-01   0.000000e+00   2.417942e+02   1346s
   70497    5.6884560e-01   0.000000e+00   1.191943e+02   1352s
   70717    5.6884305e-01   0.000000e+00   3.952709e+02   1355s
   71047    5.6884254e-01   0.000000e+00   3.402896e+00   1361s
   71377    5.6884085e-01   0.000000e+00   2.433049e+03   1366s
   71717    5.6883947e-01   0.000000e+00   8.697958e+01   1371s
   72047    5.6883744e-01   0.000000e+00   2.834608e+01   1377s
   72267    5.6883533e-01   0.000000e+00   3.229759e+02   1380s
   72597    5.6883385e-01   0.000000e+00   7.772984e+01   1385s
   72927    5.6882989e-01   0.000000e+00   4.403412e+01   1391s
   73257    5.6882777e-01   0.000000e+00   4.722180e+01   1396s
   73587    5.6882417e-01   0.000000e+00   5.390502e+01   1402s
   73807    5.6882029e-01   0.000000e+00   8.456260e+01   1405s
   74137    5.6881680e-01   0.000000e+00   1.651372e+01   1411s
   74447    5.6880929e-01   0.000000e+00   5.232872e+01   1416s
   74777    5.6880676e-01   0.000000e+00   2.963538e+00   1422s
   74997    5.6880550e-01   0.000000e+00   3.859285e+00   1425s
   75327    5.6880258e-01   0.000000e+00   6.208705e+00   1430s
   75657    5.6880030e-01   0.000000e+00   6.813364e+01   1436s
   75987    5.6879663e-01   0.000000e+00   1.157244e+01   1441s
   76317    5.6879458e-01   0.000000e+00   9.625807e+00   1446s
   76647    5.6879152e-01   0.000000e+00   1.074506e+02   1451s
   76977    5.6878969e-01   0.000000e+00   2.855902e+02   1456s
   77297    5.6878795e-01   0.000000e+00   5.643107e+01   1462s
   77517    5.6878654e-01   0.000000e+00   1.896320e+01   1465s
   77847    5.6878427e-01   0.000000e+00   2.099533e+02   1470s
   78177    5.6878210e-01   0.000000e+00   1.108459e+01   1476s
   78507    5.6878026e-01   0.000000e+00   2.499323e+01   1481s
   78837    5.6877705e-01   0.000000e+00   6.184890e+00   1486s
   79167    5.6877239e-01   0.000000e+00   6.107192e+02   1491s
   79497    5.6876811e-01   0.000000e+00   6.023534e+01   1496s
   79827    5.6876520e-01   0.000000e+00   1.888603e+00   1502s
   80047    5.6876403e-01   0.000000e+00   8.730728e+00   1505s
   80367    5.6876140e-01   0.000000e+00   8.608664e+00   1510s
   80697    5.6875787e-01   0.000000e+00   5.822522e+01   1516s
   81017    5.6875651e-01   0.000000e+00   1.274493e+02   1521s
   81347    5.6875494e-01   0.000000e+00   1.447105e+02   1526s
   81657    5.6875342e-01   0.000000e+00   8.795394e+01   1531s
   81967    5.6875177e-01   0.000000e+00   6.370911e+00   1536s
   82267    5.6875068e-01   0.000000e+00   2.740045e+01   1541s
   82587    5.6874949e-01   0.000000e+00   1.097698e+01   1547s
   82807    5.6874863e-01   0.000000e+00   7.629282e+00   1550s
   83117    5.6874740e-01   0.000000e+00   1.508869e+01   1555s
   83417    5.6874600e-01   0.000000e+00   1.268517e+00   1560s
   83727    5.6874463e-01   0.000000e+00   6.117093e+01   1565s
   84047    5.6874325e-01   0.000000e+00   3.976119e+01   1571s
   84357    5.6874232e-01   0.000000e+00   6.390955e+01   1576s
   84667    5.6874124e-01   0.000000e+00   1.110749e+01   1581s
   84977    5.6874039e-01   0.000000e+00   1.017940e+00   1586s
   85287    5.6873941e-01   0.000000e+00   1.949754e+02   1591s
   85587    5.6873880e-01   0.000000e+00   1.768341e+02   1596s
   85887    5.6873795e-01   0.000000e+00   3.534471e+00   1601s
   86187    5.6873682e-01   0.000000e+00   1.114346e+01   1606s
   86517    5.6873242e-01   0.000000e+00   6.344889e+00   1612s
   86727    5.6873155e-01   0.000000e+00   7.472282e+01   1615s
   87057    5.6872962e-01   0.000000e+00   4.079000e+00   1620s
   87377    5.6872805e-01   0.000000e+00   1.013832e+02   1626s
   87677    5.6872310e-01   0.000000e+00   1.409483e+00   1631s
   87987    5.6872121e-01   0.000000e+00   2.404379e+01   1636s
   88287    5.6872023e-01   0.000000e+00   1.070477e+02   1641s
   88607    5.6871780e-01   0.000000e+00   1.366918e+00   1646s
   88927    5.6871637e-01   0.000000e+00   7.704417e+00   1651s
   89247    5.6871506e-01   0.000000e+00   5.462169e+01   1656s
   89557    5.6871414e-01   0.000000e+00   1.888663e+00   1661s
   89767    5.6871357e-01   0.000000e+00   1.693643e+00   1665s
   90087    5.6871274e-01   0.000000e+00   4.248270e+00   1670s
   90407    5.6871170e-01   0.000000e+00   3.841011e+01   1676s
   90727    5.6871039e-01   0.000000e+00   6.076867e+00   1681s
   91027    5.6870920e-01   0.000000e+00   1.064507e+00   1686s
   91327    5.6870816e-01   0.000000e+00   1.211384e+02   1692s
   91537    5.6870762e-01   0.000000e+00   9.590672e+00   1695s
   91867    5.6870663e-01   0.000000e+00   1.366901e+01   1701s
   92197    5.6870592e-01   0.000000e+00   5.009510e+01   1706s
   92517    5.6870502e-01   0.000000e+00   2.950648e+00   1711s
   92727    5.6870438e-01   0.000000e+00   2.092155e+01   1715s
   93037    5.6870329e-01   0.000000e+00   3.416709e-01   1720s
   93367    5.6870249e-01   0.000000e+00   4.600767e+00   1726s
   93677    5.6870192e-01   0.000000e+00   6.148902e+01   1731s
   94007    5.6870054e-01   0.000000e+00   1.490336e+00   1737s

Stopped in 94216 iterations and 1739.74 seconds (5591.10 work units)
Time limit reached
