
Gurobi 13.0.2 (win64) logging started Sun Oct  4 02:25:59 2026

Set parameter LogFile to value "docs/v42_m1_location_grid_disjunctive_cuts/DISJUNCTIVE_STRENGTHENED_ROOT.log"
Gurobi Optimizer version 13.0.2 build v13.0.2rc1 (win64 - Windows 11+.0 (26200.2))

CPU model: 13th Gen Intel(R) Core(TM) i7-13620H, instruction set [SSE2|AVX|AVX2]
Thread count: 10 physical cores, 16 logical processors, using up to 1 threads

Non-default parameters:
TimeLimit  300
FeasibilityTol  1e-08
OptimalityTol  1e-08
Method  2
BarConvTol  1e-11
Crossover  0
PreDual  0
LogToConsole  0
Seed  20260929
Threads  1

Optimize a model with 886017 rows, 316743 columns and 8447855 nonzeros (Min)
Model fingerprint: 0x6ff1be33
Model has 1 linear objective coefficients
Coefficient statistics:
  Matrix range     [1e-13, 4e+02]
  Objective range  [1e+00, 1e+00]
  Bounds range     [1e+00, 1e+03]
  RHS range        [2e-24, 2e+03]
Warning: Model contains large matrix coefficient range
         Consider reformulating model or setting NumericFocus parameter
         to avoid numerical issues.

Presolve removed 308526 rows and 36155 columns
Presolve time: 2.95s
Presolved: 577491 rows, 331695 columns, 5163014 nonzeros
Elapsed ordering time = 5s
Ordering time: 5.82s

Barrier statistics:
 Dense cols : 1875
 AA' NZ     : 4.315e+07
 Factor NZ  : 6.394e+07 (roughly 900 MB of memory)
 Factor Ops : 4.155e+10 (roughly 1 second per iteration)
 Threads    : 1

                  Objective                Residual
Iter       Primal          Dual         Primal    Dual     Compl     Time
   0   3.54495712e+03 -2.95888843e+04  1.81e+08 5.70e-05  1.65e+05    14s
   1   4.72809172e+03 -2.85993167e+04  1.21e+08 7.45e-02  9.54e+04    16s
   2   1.26096207e+02 -2.81420324e+04  1.17e+08 1.86e-02  2.30e+05    18s
   3   1.05720241e+01 -2.10864110e+04  9.30e+06 6.17e-04  1.84e+04    20s
   4   1.81305799e+00 -9.90678477e+03  9.39e+05 2.13e-05  1.92e+03    22s
   5   1.08216624e+00 -6.42672153e+03  1.25e+05 8.41e-09  2.94e+02    24s
   6   5.88328556e-01 -4.16172305e+03  2.09e+04 1.35e-14  6.93e+01    26s
   7   5.07239962e-01 -1.64495939e+03  7.58e+03 1.05e-14  2.10e+01    28s
   8   4.74730885e-01 -9.52520810e+02  2.14e+03 7.11e-15  8.92e+00    30s
   9   4.76031666e-01 -2.05574058e+02  3.51e+02 2.78e-15  1.70e+00    34s
  10   4.77875170e-01 -1.00463720e+02  1.92e+02 3.33e-15  8.28e-01    36s
  11   4.77442401e-01 -6.29577759e+01  1.15e+02 2.18e-14  5.22e-01    39s
  12   4.75673046e-01 -4.13298096e+01  7.33e+01 3.56e-14  3.49e-01    41s
  13   4.73532939e-01 -2.82459944e+01  4.77e+01 5.40e-14  2.50e-01    43s
  14   4.75332512e-01 -1.33439542e+01  2.74e+01 2.73e-09  1.29e-01    45s
  15   5.48725395e-01 -2.16602707e+00  7.86e+00 2.70e-08  2.87e-02    48s
  16   5.86106239e-01 -3.30320472e-02  4.96e-01 3.73e-08  5.04e-03    52s
  17   5.77480976e-01  3.49819861e-01  1.98e-01 1.15e-08  1.80e-03    54s
  18   5.73707352e-01  4.75162271e-01  8.01e-02 1.05e-08  7.61e-04    56s
  19   5.71743611e-01  5.30660595e-01  3.13e-02 8.05e-09  3.14e-04    59s
  20   5.70099228e-01  5.50135943e-01  9.01e-03 1.54e-08  1.51e-04    61s
  21   5.69717138e-01  5.56254519e-01  6.32e-03 1.43e-08  1.02e-04    64s
  22   5.69599963e-01  5.57372783e-01  5.45e-03 1.37e-08  9.23e-05    65s
  23   5.69301888e-01  5.61704762e-01  3.42e-03 1.11e-08  5.73e-05    68s
  24   5.69186179e-01  5.64320407e-01  2.72e-03 1.09e-08  3.68e-05    70s
  25   5.69095937e-01  5.65970747e-01  2.23e-03 1.23e-08  2.37e-05    72s
  26   5.69016623e-01  5.66548559e-01  1.76e-03 1.57e-08  1.87e-05    74s
  27   5.68965746e-01  5.66963875e-01  1.46e-03 1.88e-08  1.52e-05    76s
  28   5.68937336e-01  5.67015936e-01  1.31e-03 1.94e-08  1.46e-05    78s
  29   5.68861522e-01  5.67495421e-01  8.86e-04 2.32e-08  1.04e-05    80s
  30   5.68849302e-01  5.67675264e-01  8.07e-04 2.16e-08  8.92e-06    82s
  31   5.68823544e-01  5.67915964e-01  6.47e-04 1.82e-08  6.91e-06    83s
  32   5.68810211e-01  5.68066556e-01  5.59e-04 1.62e-08  5.67e-06    85s
  33   5.68796403e-01  5.68139461e-01  4.74e-04 1.46e-08  5.01e-06    87s
  34   5.68771789e-01  5.68205392e-01  3.35e-04 1.33e-08  4.31e-06    89s
  35   5.68768137e-01  5.68311953e-01  3.12e-04 1.12e-08  3.48e-06    91s
  36   5.68751906e-01  5.68459390e-01  2.17e-04 8.15e-09  2.24e-06    92s
  37   5.68742357e-01  5.68522735e-01  1.64e-04 6.66e-09  1.68e-06    94s
  38   5.68739511e-01  5.68556960e-01  1.47e-04 5.83e-09  1.40e-06    96s
  39   5.68733335e-01  5.68585571e-01  1.14e-04 5.07e-09  1.14e-06    98s
  40   5.68725302e-01  5.68645349e-01  7.02e-05 3.52e-09  6.20e-07   100s
  41   5.68720817e-01  5.68670266e-01  4.64e-05 3.79e-09  3.97e-07   102s
  42   5.68719203e-01  5.68679234e-01  3.82e-05 3.31e-09  3.15e-07   103s
  43   5.68717076e-01  5.68687496e-01  2.75e-05 2.83e-09  2.34e-07   106s
  44   5.68715455e-01  5.68694270e-01  1.96e-05 2.24e-09  1.69e-07   108s
  45   5.68713570e-01  5.68701049e-01  1.05e-05 1.95e-09  1.01e-07   111s
  46   5.68712165e-01  5.68710901e-01  2.73e-06 8.70e-10  1.17e-08   113s
  47   5.68711746e-01  5.68711538e-01  5.12e-07 3.07e-10  1.82e-09   117s
  48   5.68711632e-01  5.68711600e-01  8.66e-08 2.93e-11  2.39e-10   119s
  49   5.68711611e-01  5.68711609e-01  2.58e-08 2.16e-11  9.59e-12   122s
  50   5.68711611e-01  5.68711609e-01  5.79e-08 2.10e-11  9.59e-12   124s
  51   5.68711611e-01  5.68711609e-01  4.03e-08 2.82e-11  9.24e-12   126s
  52   5.68711611e-01  5.68711609e-01  4.03e-08 2.91e-11  9.27e-12   128s
  53   5.68711611e-01  5.68711609e-01  1.35e-07 4.57e-11  8.81e-12   130s
  54   5.68711611e-01  5.68711609e-01  1.34e-07 8.70e-12  8.69e-12   132s
  55   5.68711611e-01  5.68711609e-01  1.48e-07 2.78e-11  8.36e-12   135s
  56   5.68711611e-01  5.68711609e-01  1.48e-07 1.12e-11  8.32e-12   137s
  57   5.68711611e-01  5.68711609e-01  1.48e-07 8.29e-12  8.26e-12   139s
  58   5.68711611e-01  5.68711609e-01  1.44e-07 4.43e-11  8.12e-12   141s
  59   5.68711611e-01  5.68711610e-01  1.28e-07 2.41e-11  7.68e-12   143s
  60   5.68711611e-01  5.68711610e-01  1.26e-07 3.22e-11  7.63e-12   145s

Barrier solved model in 60 iterations and 144.89 seconds (270.16 work units)
Optimal objective 5.68711611e-01

