
Gurobi 13.0.2 (win64) logging started Sun Oct  4 16:46:48 2026

Set parameter LogFile to value "docs/v42_m1_dw_throughput_optimization/logs/PRICE_0006_MESS02.log"
Gurobi Optimizer version 13.0.2 build v13.0.2rc1 (win64 - Windows 11+.0 (26200.2))

CPU model: 13th Gen Intel(R) Core(TM) i7-13620H, instruction set [SSE2|AVX|AVX2]
Thread count: 10 physical cores, 16 logical processors, using up to 1 threads

Non-default parameters:
TimeLimit  20
FeasibilityTol  1e-08
IntFeasTol  1e-08
MIPGap  0
MIPGapAbs  0
OptimalityTol  1e-08
Method  2
Crossover  2
DegenMoves  0
MIPFocus  3
NodeMethod  1
CutPasses  1
LogToConsole  0
Seed  20260929
Threads  1

Optimize a model with 51527 rows, 58895 columns and 314932 nonzeros (Min)
Model fingerprint: 0x7e465e60
Model has 3096 linear objective coefficients and an objective constant of 6.4337970239450063e-03
Variable types: 6805 continuous, 52090 integer (52090 binary)
Coefficient statistics:
  Matrix range     [2e-01, 4e+02]
  Objective range  [3e-13, 1e-05]
  Bounds range     [1e+00, 1e+03]
  RHS range        [1e+00, 8e+02]

Loaded user MIP start with objective -0.0117903
MIP start from previous solve produced solution with objective -0.0133415 (0.10s)
MIP start from previous solve produced solution with objective -0.0133738 (0.12s)
Loaded MIP start from previous solve with objective -0.0133738

Presolve removed 8946 rows and 2 columns
Presolve time: 1.24s
Presolved: 42581 rows, 58893 columns, 292568 nonzeros
Variable types: 6803 continuous, 52090 integer (52090 binary)
Root relaxation presolve removed 1 rows and 1 columns
Root relaxation presolved: 42580 rows, 58892 columns, 292566 nonzeros

Root barrier log...

Ordering time: 0.07s

Barrier statistics:
 AA' NZ     : 5.996e+05
 Factor NZ  : 1.096e+06 (roughly 50 MB of memory)
 Factor Ops : 7.451e+07 (less than 1 second per iteration)
 Threads    : 1

                  Objective                Residual
Iter       Primal          Dual         Primal    Dual     Compl     Time
   0  -7.56865359e-03 -3.44919716e+04  1.80e+04 1.91e-04  3.80e+00     2s
   1  -3.96295637e-02 -2.94166779e+04  2.54e+03 3.23e-03  5.75e-01     2s
   2   6.96141089e-02 -1.16583041e+04  4.08e+02 2.75e-04  1.20e-01     2s
   3   1.89810559e-02 -2.59380009e+03  1.04e+02 1.89e-15  2.59e-02     2s
   4  -2.29884817e-02 -2.37192465e+03  6.63e+01 1.63e-15  2.12e-02     2s
   5  -5.53476374e-02 -2.07144569e+03  4.10e+01 1.75e-15  1.71e-02     2s
   6  -7.56705553e-02 -1.71378037e+03  2.49e+01 1.54e-15  1.35e-02     3s
   7  -8.11599738e-02 -1.39881806e+03  1.80e+01 1.78e-15  1.11e-02     3s
   8  -7.89134907e-02 -1.20344140e+03  1.42e+01 2.62e-15  9.66e-03     3s
   9  -7.25408130e-02 -1.15516342e+03  1.28e+01 4.30e-15  9.09e-03     3s
  10  -1.32506002e-02 -8.25613568e+02  7.45e+00 5.32e-15  6.27e-03     3s
  11   2.85233334e-03 -3.24089505e+02  3.61e+00 2.78e-15  2.60e-03     3s
  12   1.02439842e-02 -1.10961200e+02  3.80e-01 1.81e-15  7.59e-04     3s
  13   1.07597494e-02 -2.54388167e+01  2.72e-02 2.19e-15  1.63e-04     3s
  14   9.21608066e-03 -2.89715778e+00  3.14e-05 1.11e-15  1.84e-05     3s
  15   2.38738964e-03 -8.90764687e-01  7.56e-06 5.86e-16  5.66e-06     3s
  16   3.79818359e-03 -5.74595124e-01  4.79e-06 4.67e-16  3.66e-06     3s
  17  -1.38268043e-03 -2.73418959e-01  1.75e-06 4.13e-16  1.72e-06     3s
  18  -4.33688832e-03 -1.54956284e-01  7.92e-07 4.63e-16  9.54e-07     3s
  19  -6.84072922e-03 -1.09752024e-01  4.04e-07 4.79e-16  6.52e-07     3s
  20  -9.37509746e-03 -7.90687329e-02  1.81e-07 5.13e-16  4.41e-07     3s
  21  -1.05803316e-02 -5.72204500e-02  1.10e-07 4.83e-16  2.95e-07     3s
  22  -1.17559204e-02 -5.05284987e-02  5.92e-08 5.21e-16  2.46e-07     4s
  23  -1.20580154e-02 -4.37675310e-02  4.97e-08 5.95e-16  2.01e-07     4s
  24  -1.25533118e-02 -3.59993339e-02  3.56e-08 5.59e-16  1.48e-07     4s
  25  -1.32012127e-02 -3.04479302e-02  2.18e-08 5.68e-16  1.09e-07     4s
  26  -1.36561392e-02 -2.68410683e-02  1.43e-08 5.49e-16  8.35e-08     4s
  27  -1.39398242e-02 -2.40014049e-02  1.04e-08 5.56e-16  6.37e-08     4s
  28  -1.40775169e-02 -2.35631534e-02  8.83e-09 6.66e-16  6.01e-08     4s
  29  -1.42550035e-02 -2.27979953e-02  6.95e-09 7.28e-16  5.41e-08     4s
  30  -1.43304451e-02 -2.25013345e-02  6.22e-09 7.41e-16  5.17e-08     4s
  31  -1.44935125e-02 -2.08112641e-02  4.64e-09 6.94e-16  4.00e-08     4s
  32  -1.47195036e-02 -1.91212069e-02  2.80e-09 5.95e-16  2.79e-08     4s
  33  -1.50036969e-02 -1.78234735e-02  7.46e-10 5.92e-16  1.79e-08     4s
  34  -1.50725050e-02 -1.65300942e-02  4.50e-10 4.69e-16  9.23e-09     4s
  35  -1.51402068e-02 -1.54714203e-02  1.58e-10 1.00e-12  2.10e-09     4s
  36  -1.51924245e-02 -1.53243470e-02  1.61e-11 4.73e-16  8.35e-10     4s
  37  -1.51962999e-02 -1.52262387e-02  1.95e-11 4.43e-16  1.90e-10     4s
  38  -1.51968284e-02 -1.52107396e-02  4.14e-11 5.76e-12  8.81e-11     5s
  39  -1.51968492e-02 -1.52006500e-02  1.07e-10 1.00e-11  2.41e-11     5s
  40  -1.51970496e-02 -1.51970618e-02  9.37e-12 5.51e-12  9.14e-14     5s
  41  -1.51970546e-02 -1.51970546e-02  4.86e-13 1.66e-13  6.37e-16     5s

Barrier solved model in 41 iterations and 4.72 seconds (2.90 work units)
Optimal objective -1.51970546e-02


Root crossover log...

       0 PPushes remaining with PInf 0.0000000e+00                 6s

  Push phase complete: Pinf 0.0000000e+00, Dinf 1.6023943e-16      6s


Root simplex log...

Iteration    Objective       Primal Inf.    Dual Inf.      Time
   29288   -1.5197041e-02   0.000000e+00   0.000000e+00      6s
Crossover time: 0.95 seconds (0.64 work units)
   29288   -1.5197041e-02   0.000000e+00   0.000000e+00      6s

Root relaxation: objective -1.519704e-02, 29288 iterations, 4.16 seconds (2.53 work units)

    Nodes    |    Current Node    |     Objective Bounds      |     Work
 Expl Unexpl |  Obj  Depth IntInf | Incumbent    BestBd   Gap | It/Node Time

     0     0   -0.01520    0 1302   -0.01337   -0.01520  13.6%     -    5s
H    0     0                      -0.0134953   -0.01520  12.6%     -    6s
H    0     0                      -0.0140994   -0.01520  7.79%     -    6s
     0     0   -0.01517    0 1295   -0.01410   -0.01517  7.62%     -   14s

Cutting planes:
  Projected implied bound: 1
  MIR: 174
  Flow cover: 48
  BQP: 404

Explored 1 nodes (30639 simplex iterations) in 20.05 seconds (13.28 work units)
Thread count was 1 (of 16 available processors)

Solution count 3: -0.0140994 -0.0134953 -0.0133738 

Time limit reached
Best objective -1.409936897455e-02, best bound -1.517381274260e-02, gap 7.6205%

User-callback calls 2993, time in user-callback 0.41 sec
Set parameter Threads to value 1
Set parameter Method to value 2
Set parameter NodeMethod to value 1
Set parameter Crossover to value 2
Set parameter DegenMoves to value 0
Set parameter CutPasses to value 1
Set parameter MIPFocus to value 3
Set parameter MIPGap to value 0
Set parameter MIPGapAbs to value 0
Set parameter FeasibilityTol to value 1e-08
Set parameter IntFeasTol to value 1e-08
Set parameter OptimalityTol to value 1e-08
Set parameter Seed to value 20260929
Set parameter TimeLimit to value 20
