
Gurobi 13.0.2 (win64) logging started Sun Oct  4 16:49:06 2026

Set parameter LogFile to value "docs/v42_m1_dw_throughput_optimization/logs/PRICE_0014_MESS02.log"
Gurobi Optimizer version 13.0.2 build v13.0.2rc1 (win64 - Windows 11+.0 (26200.2))

CPU model: 13th Gen Intel(R) Core(TM) i7-13620H, instruction set [SSE2|AVX|AVX2]
Thread count: 10 physical cores, 16 logical processors, using up to 1 threads

Non-default parameters:
TimeLimit  20
FeasibilityTol  1e-08
IntFeasTol  1e-08
MIPGap  0
MIPGapAbs  0
OptimalityTol  1e-08
Method  2
Crossover  2
DegenMoves  0
MIPFocus  3
NodeMethod  1
CutPasses  1
LogToConsole  0
Seed  20260929
Threads  1

Optimize a model with 51527 rows, 58895 columns and 314932 nonzeros (Min)
Model fingerprint: 0x5e752930
Model has 3600 linear objective coefficients and an objective constant of 6.3843893241572339e-03
Variable types: 6805 continuous, 52090 integer (52090 binary)
Coefficient statistics:
  Matrix range     [2e-01, 4e+02]
  Objective range  [7e-12, 1e-05]
  Bounds range     [1e+00, 1e+03]
  RHS range        [1e+00, 8e+02]

Loaded user MIP start with objective -0.0112859
MIP start from previous solve produced solution with objective -0.0116425 (0.10s)
MIP start from previous solve produced solution with objective -0.0116621 (0.12s)
Loaded MIP start from previous solve with objective -0.0116621

Presolve removed 8946 rows and 2 columns
Presolve time: 1.17s
Presolved: 42581 rows, 58893 columns, 292568 nonzeros
Variable types: 6803 continuous, 52090 integer (52090 binary)
Root relaxation presolve removed 1 rows and 1 columns
Root relaxation presolved: 42580 rows, 58892 columns, 292566 nonzeros

Root barrier log...

Ordering time: 0.07s

Barrier statistics:
 AA' NZ     : 5.996e+05
 Factor NZ  : 1.096e+06 (roughly 50 MB of memory)
 Factor Ops : 7.451e+07 (less than 1 second per iteration)
 Threads    : 1

                  Objective                Residual
Iter       Primal          Dual         Primal    Dual     Compl     Time
   0  -1.12695032e-02 -3.44919716e+04  1.80e+04 1.72e-04  3.80e+00     2s
   1  -4.02296002e-02 -2.94164458e+04  2.54e+03 3.23e-03  5.75e-01     2s
   2   6.95180051e-02 -1.16583441e+04  4.08e+02 2.75e-04  1.20e-01     2s
   3   1.89569755e-02 -2.59422016e+03  1.04e+02 1.21e-15  2.59e-02     2s
   4  -2.30189193e-02 -2.37217485e+03  6.63e+01 1.41e-15  2.12e-02     2s
   5  -5.54478793e-02 -2.07105728e+03  4.10e+01 1.50e-15  1.71e-02     2s
   6  -7.57481808e-02 -1.71374177e+03  2.49e+01 1.50e-15  1.35e-02     2s
   7  -8.11929614e-02 -1.39887585e+03  1.80e+01 6.80e-15  1.11e-02     2s
   8  -7.88959814e-02 -1.20344720e+03  1.42e+01 9.54e-15  9.66e-03     3s
   9  -7.25036371e-02 -1.15515551e+03  1.28e+01 8.78e-15  9.09e-03     3s
  10  -1.19172106e-02 -8.26539934e+02  7.33e+00 7.75e-15  6.26e-03     3s
  11  -1.62699821e-04 -3.20068735e+02  4.37e+00 6.03e-15  2.70e-03     3s
  12   9.93597737e-03 -1.01162008e+02  4.67e-01 6.22e-15  7.11e-04     3s
  13   1.06850551e-02 -2.53728504e+01  5.45e-02 3.73e-15  1.65e-04     3s
  14   9.41513958e-03 -2.05293303e+00  1.35e-11 4.10e-15  1.31e-05     3s
  15   2.67890342e-03 -6.44468626e-01  4.57e-12 3.04e-15  4.10e-06     3s
  16   4.08742709e-03 -3.77987617e-01  7.49e-12 3.46e-15  2.42e-06     3s
  17  -5.97132379e-04 -1.83856893e-01  6.23e-12 3.40e-15  1.16e-06     3s
  18  -3.74351244e-03 -1.06953936e-01  8.87e-12 3.76e-15  6.54e-07     3s
  19  -6.09489578e-03 -8.62375470e-02  7.65e-12 4.16e-15  5.07e-07     3s
  20  -9.05309150e-03 -6.09292079e-02  1.00e-11 4.16e-15  3.28e-07     3s
  21  -1.02857822e-02 -4.24772324e-02  5.59e-12 4.08e-15  2.04e-07     3s
  22  -1.10286971e-02 -3.60772208e-02  5.38e-12 4.06e-15  1.59e-07     3s
  23  -1.14984476e-02 -3.26922680e-02  3.97e-12 4.59e-15  1.34e-07     3s
  24  -1.18956861e-02 -3.00340815e-02  3.91e-12 5.28e-15  1.15e-07     4s
  25  -1.24682408e-02 -2.56384390e-02  1.15e-11 5.34e-15  8.34e-08     4s
  26  -1.27771852e-02 -2.05197066e-02  1.00e-11 4.17e-15  4.90e-08     4s
  27  -1.31706418e-02 -1.83044536e-02  6.19e-11 3.87e-15  3.25e-08     4s
  28  -1.32893371e-02 -1.72022967e-02  4.39e-11 4.28e-15  2.48e-08     4s
  29  -1.36096347e-02 -1.67053223e-02  1.58e-11 4.51e-15  1.96e-08     4s
  30  -1.37257358e-02 -1.56622194e-02  9.09e-12 3.79e-15  1.23e-08     4s
  31  -1.38120901e-02 -1.53203397e-02  7.14e-12 4.81e-15  9.55e-09     4s
  32  -1.38240533e-02 -1.51910508e-02  6.73e-12 5.23e-15  8.66e-09     4s
  33  -1.38412422e-02 -1.50821514e-02  7.89e-12 5.42e-15  7.86e-09     4s
  34  -1.38462426e-02 -1.50390793e-02  7.50e-12 5.42e-15  7.55e-09     4s
  35  -1.38556919e-02 -1.49058543e-02  5.89e-12 5.45e-12  6.65e-09     4s
  36  -1.38987254e-02 -1.45834176e-02  1.07e-11 4.99e-15  4.34e-09     4s
  37  -1.39252351e-02 -1.42854325e-02  1.19e-11 3.82e-15  2.28e-09     4s
  38  -1.39262192e-02 -1.42123765e-02  1.11e-11 4.61e-15  1.81e-09     4s
  39  -1.39315055e-02 -1.41237356e-02  1.46e-11 4.30e-15  1.22e-09     5s
  40  -1.39415315e-02 -1.40830689e-02  5.31e-11 4.46e-15  8.96e-10     5s
  41  -1.39458684e-02 -1.40606914e-02  9.81e-11 4.30e-15  7.27e-10     5s
  42  -1.39467729e-02 -1.40267742e-02  8.09e-11 4.11e-15  5.07e-10     5s
  43  -1.39466735e-02 -1.39983363e-02  7.88e-11 3.99e-15  3.27e-10     5s
  44  -1.39492681e-02 -1.39699784e-02  1.24e-10 1.14e-12  1.31e-10     5s
  45  -1.39497793e-02 -1.39575038e-02  5.35e-10 1.47e-12  4.89e-11     5s
  46  -1.39503136e-02 -1.39503554e-02  3.91e-10 4.05e-12  3.01e-13     5s
  47  -1.39503429e-02 -1.39503421e-02  2.01e-11 6.72e-13  1.24e-15     5s

Barrier solved model in 47 iterations and 5.05 seconds (3.15 work units)
Optimal objective -1.39503429e-02


Root crossover log...

   20708 DPushes remaining with DInf 2.6741396e-07                 5s
       0 DPushes remaining with DInf 0.0000000e+00                 5s

   19011 PPushes remaining with PInf 2.9846825e-05                 5s
       0 PPushes remaining with PInf 0.0000000e+00                 6s

  Push phase complete: Pinf 0.0000000e+00, Dinf 3.9218396e-05      6s


Root simplex log...

Iteration    Objective       Primal Inf.    Dual Inf.      Time
   28206   -1.3948377e-02   0.000000e+00   0.000000e+00      6s
   28220   -1.3950343e-02   0.000000e+00   0.000000e+00      6s
Crossover time: 0.63 seconds (0.43 work units)
   28220   -1.3950343e-02   0.000000e+00   0.000000e+00      6s

Root relaxation: objective -1.395034e-02, 28220 iterations, 4.26 seconds (2.56 work units)

    Nodes    |    Current Node    |     Objective Bounds      |     Work
 Expl Unexpl |  Obj  Depth IntInf | Incumbent    BestBd   Gap | It/Node Time

     0     0   -0.01395    0 1039   -0.01166   -0.01395  19.6%     -    5s
H    0     0                      -0.0118396   -0.01395  17.8%     -    6s
     0     0   -0.01393    0  891   -0.01184   -0.01393  17.7%     -   14s
H    0     0                      -0.0118675   -0.01393  17.4%     -   18s

Cutting planes:
  Projected implied bound: 10
  MIR: 106
  Mixing: 1
  Flow cover: 54
  BQP: 177

Explored 1 nodes (28921 simplex iterations) in 20.03 seconds (15.29 work units)
Thread count was 1 (of 16 available processors)

Solution count 3: -0.0118675 -0.0118396 -0.0116621 

Time limit reached
Best objective -1.186749792636e-02, best bound -1.392943825456e-02, gap 17.3747%

User-callback calls 5342, time in user-callback 0.54 sec
Set parameter Threads to value 1
Set parameter Method to value 2
Set parameter NodeMethod to value 1
Set parameter Crossover to value 2
Set parameter DegenMoves to value 0
Set parameter CutPasses to value 1
Set parameter MIPFocus to value 3
Set parameter MIPGap to value 0
Set parameter MIPGapAbs to value 0
Set parameter FeasibilityTol to value 1e-08
Set parameter IntFeasTol to value 1e-08
Set parameter OptimalityTol to value 1e-08
Set parameter Seed to value 20260929
Set parameter TimeLimit to value 20
