
Gurobi 13.0.2 (win64) logging started Sun Oct  4 16:50:19 2026

Set parameter LogFile to value "docs/v42_m1_dw_throughput_optimization/logs/PRICE_0018_MESS02.log"
Gurobi Optimizer version 13.0.2 build v13.0.2rc1 (win64 - Windows 11+.0 (26200.2))

CPU model: 13th Gen Intel(R) Core(TM) i7-13620H, instruction set [SSE2|AVX|AVX2]
Thread count: 10 physical cores, 16 logical processors, using up to 1 threads

Non-default parameters:
TimeLimit  20
FeasibilityTol  1e-08
IntFeasTol  1e-08
MIPGap  0
MIPGapAbs  0
OptimalityTol  1e-08
Method  2
Crossover  2
DegenMoves  0
MIPFocus  3
NodeMethod  1
CutPasses  1
LogToConsole  0
Seed  20260929
Threads  1

Optimize a model with 51527 rows, 58895 columns and 314932 nonzeros (Min)
Model fingerprint: 0x8f9d4173
Model has 3600 linear objective coefficients and an objective constant of 6.4289526361549273e-03
Variable types: 6805 continuous, 52090 integer (52090 binary)
Coefficient statistics:
  Matrix range     [2e-01, 4e+02]
  Objective range  [2e-12, 1e-05]
  Bounds range     [1e+00, 1e+03]
  RHS range        [1e+00, 8e+02]

Loaded user MIP start with objective -0.0106437
MIP start from previous solve produced solution with objective -0.0108561 (0.10s)
MIP start from previous solve produced solution with objective -0.0108664 (0.13s)
Loaded MIP start from previous solve with objective -0.0108664

Presolve removed 8946 rows and 2 columns
Presolve time: 1.23s
Presolved: 42581 rows, 58893 columns, 292568 nonzeros
Variable types: 6803 continuous, 52090 integer (52090 binary)
Root relaxation presolve removed 1 rows and 1 columns
Root relaxation presolved: 42580 rows, 58892 columns, 292566 nonzeros

Root barrier log...

Ordering time: 0.07s

Barrier statistics:
 AA' NZ     : 5.996e+05
 Factor NZ  : 1.096e+06 (roughly 50 MB of memory)
 Factor Ops : 7.451e+07 (less than 1 second per iteration)
 Threads    : 1

                  Objective                Residual
Iter       Primal          Dual         Primal    Dual     Compl     Time
   0  -1.38561126e-02 -3.44919726e+04  1.80e+04 1.61e-04  3.80e+00     2s
   1  -4.05159210e-02 -2.94163042e+04  2.54e+03 3.23e-03  5.75e-01     2s
   2   6.95591231e-02 -1.16583477e+04  4.08e+02 2.75e-04  1.20e-01     2s
   3   1.90885561e-02 -2.59450195e+03  1.04e+02 2.47e-15  2.59e-02     2s
   4  -2.28762732e-02 -2.37234714e+03  6.63e+01 2.24e-15  2.12e-02     2s
   5  -5.53504473e-02 -2.07080419e+03  4.10e+01 2.45e-15  1.71e-02     2s
   6  -7.56592706e-02 -1.71370883e+03  2.49e+01 1.81e-15  1.35e-02     3s
   7  -8.11067661e-02 -1.39891397e+03  1.80e+01 1.92e-15  1.11e-02     3s
   8  -7.88152714e-02 -1.20344940e+03  1.42e+01 3.66e-15  9.66e-03     3s
   9  -7.24242364e-02 -1.15514684e+03  1.28e+01 3.95e-15  9.09e-03     3s
  10  -7.92385717e-03 -8.10334328e+02  6.98e+00 3.35e-15  6.10e-03     3s
  11  -3.04309235e-03 -4.81617014e+02  5.03e+00 3.37e-15  3.79e-03     3s
  12   6.53986236e-03 -1.36819312e+02  2.01e+00 3.09e-15  1.20e-03     3s
  13   1.01618613e-02 -8.78353974e+01  4.04e-01 3.29e-15  6.16e-04     3s
  14   1.07252467e-02 -8.84164521e+00  1.52e-12 2.38e-15  5.61e-05     3s
  15   8.70884253e-03 -3.12211910e+00  1.39e-11 1.70e-15  1.98e-05     3s
  16   5.90383924e-03 -1.80396718e+00  2.14e-11 1.91e-15  1.15e-05     3s
  17   2.79370574e-03 -8.32674833e-01  1.39e-11 1.97e-15  5.29e-06     3s
  18   5.86651290e-03 -3.15176221e-01  1.31e-11 1.69e-15  2.03e-06     3s
  19  -6.81365748e-04 -1.62432541e-01  2.37e-11 1.80e-15  1.02e-06     3s
  20  -4.57293049e-03 -9.66647381e-02  9.14e-12 1.97e-15  5.83e-07     3s
  21  -7.65813055e-03 -6.12421837e-02  1.63e-11 1.80e-15  3.39e-07     3s
  22  -8.97620736e-03 -4.81244200e-02  9.98e-12 2.08e-15  2.48e-07     4s
  23  -9.25661068e-03 -4.38763604e-02  2.08e-11 2.19e-15  2.19e-07     4s
  24  -1.03037390e-02 -3.93508550e-02  1.15e-11 2.62e-15  1.84e-07     4s
  25  -1.09169970e-02 -2.94881081e-02  6.41e-12 2.08e-15  1.18e-07     4s
  26  -1.11947300e-02 -2.39282685e-02  1.12e-11 2.11e-15  8.06e-08     4s
  27  -1.18161314e-02 -2.15945356e-02  7.95e-12 2.06e-15  6.19e-08     4s
  28  -1.19762232e-02 -1.92433388e-02  8.14e-12 2.11e-15  4.60e-08     4s
  29  -1.21164150e-02 -1.79637623e-02  5.95e-12 2.39e-15  3.70e-08     4s
  30  -1.25087589e-02 -1.63495567e-02  8.36e-12 2.38e-15  2.43e-08     4s
  31  -1.26682313e-02 -1.53421688e-02  2.82e-11 2.03e-15  1.69e-08     4s
  32  -1.28529596e-02 -1.48250698e-02  1.32e-11 2.06e-15  1.25e-08     4s
  33  -1.29221695e-02 -1.44252261e-02  1.68e-11 2.48e-15  9.52e-09     4s
  34  -1.29966896e-02 -1.42931657e-02  1.64e-11 2.60e-15  8.21e-09     4s
  35  -1.30567953e-02 -1.41199633e-02  1.22e-11 2.69e-15  6.73e-09     4s
  36  -1.30935954e-02 -1.39793716e-02  1.44e-11 2.51e-15  5.61e-09     4s
  37  -1.31460588e-02 -1.36446031e-02  8.83e-11 1.98e-15  3.16e-09     5s
  38  -1.31631289e-02 -1.35318670e-02  5.84e-11 2.06e-15  2.33e-09     5s
  39  -1.31923756e-02 -1.33479620e-02  3.56e-11 1.74e-15  9.85e-10     5s
  40  -1.32019679e-02 -1.32462401e-02  3.21e-11 1.77e-15  2.80e-10     5s
  41  -1.32064714e-02 -1.32286698e-02  1.97e-10 2.31e-12  1.41e-10     5s
  42  -1.32083753e-02 -1.32243259e-02  1.07e-10 1.69e-12  1.01e-10     5s
  43  -1.32090588e-02 -1.32141050e-02  1.01e-10 8.82e-12  3.20e-11     5s
  44  -1.32093400e-02 -1.32133320e-02  8.06e-11 8.28e-12  2.53e-11     5s
  45  -1.32101611e-02 -1.32116249e-02  2.78e-10 7.44e-12  9.33e-12     5s
  46  -1.32108494e-02 -1.32109353e-02  1.61e-10 5.99e-12  6.17e-13     5s
  47  -1.32109142e-02 -1.32109135e-02  1.68e-12 7.02e-13  4.01e-15     5s

Barrier solved model in 47 iterations and 5.17 seconds (3.14 work units)
Optimal objective -1.32109142e-02


Root crossover log...

   20539 DPushes remaining with DInf 0.0000000e+00                 5s
       0 DPushes remaining with DInf 0.0000000e+00                 5s

   20766 PPushes remaining with PInf 5.9546631e-04                 5s
       0 PPushes remaining with PInf 0.0000000e+00                 6s

  Push phase complete: Pinf 0.0000000e+00, Dinf 4.0465351e-03      6s


Root simplex log...

Iteration    Objective       Primal Inf.    Dual Inf.      Time
   35073   -1.3209251e-02   0.000000e+00   0.000000e+00      6s
   35362   -1.3210915e-02   0.000000e+00   0.000000e+00      6s
Crossover time: 0.87 seconds (0.59 work units)
   35362   -1.3210915e-02   0.000000e+00   0.000000e+00      6s

Root relaxation: objective -1.321091e-02, 35362 iterations, 4.53 seconds (2.71 work units)

    Nodes    |    Current Node    |     Objective Bounds      |     Work
 Expl Unexpl |  Obj  Depth IntInf | Incumbent    BestBd   Gap | It/Node Time

     0     0   -0.01321    0 1003   -0.01087   -0.01321  21.6%     -    6s
H    0     0                      -0.0110574   -0.01321  19.5%     -    7s
     0     0   -0.01319    0  925   -0.01106   -0.01319  19.3%     -   14s

Cutting planes:
  Projected implied bound: 11
  MIR: 105
  Flow cover: 55
  BQP: 106

Explored 1 nodes (36013 simplex iterations) in 20.04 seconds (15.35 work units)
Thread count was 1 (of 16 available processors)

Solution count 2: -0.0110574 -0.0108664 

Time limit reached
Best objective -1.105738373301e-02, best bound -1.318695545500e-02, gap 19.2593%

User-callback calls 5253, time in user-callback 0.60 sec
Set parameter Threads to value 1
Set parameter Method to value 2
Set parameter NodeMethod to value 1
Set parameter Crossover to value 2
Set parameter DegenMoves to value 0
Set parameter CutPasses to value 1
Set parameter MIPFocus to value 3
Set parameter MIPGap to value 0
Set parameter MIPGapAbs to value 0
Set parameter FeasibilityTol to value 1e-08
Set parameter IntFeasTol to value 1e-08
Set parameter OptimalityTol to value 1e-08
Set parameter Seed to value 20260929
Set parameter TimeLimit to value 60
