
Gurobi 13.0.2 (win64) logging started Sun Oct  4 16:47:57 2026

Set parameter LogFile to value "docs/v42_m1_dw_throughput_optimization/logs/PRICE_0009_MESS01.log"
Gurobi Optimizer version 13.0.2 build v13.0.2rc1 (win64 - Windows 11+.0 (26200.2))

CPU model: 13th Gen Intel(R) Core(TM) i7-13620H, instruction set [SSE2|AVX|AVX2]
Thread count: 10 physical cores, 16 logical processors, using up to 1 threads

Non-default parameters:
TimeLimit  20
FeasibilityTol  1e-08
IntFeasTol  1e-08
MIPGap  0
MIPGapAbs  0
OptimalityTol  1e-08
Method  2
Crossover  2
DegenMoves  0
MIPFocus  3
NodeMethod  1
CutPasses  1
LogToConsole  0
Seed  20260929
Threads  1

Optimize a model with 51458 rows, 58814 columns and 314503 nonzeros (Min)
Model fingerprint: 0xcad7641d
Model has 3600 linear objective coefficients and an objective constant of 6.8568565477060486e-03
Variable types: 6796 continuous, 52018 integer (52018 binary)
Coefficient statistics:
  Matrix range     [2e-01, 4e+02]
  Objective range  [2e-12, 1e-05]
  Bounds range     [1e+00, 1e+03]
  RHS range        [1e+00, 8e+02]

Loaded user MIP start with objective -0.0115885
MIP start from previous solve produced solution with objective -0.0117301 (0.09s)
MIP start from previous solve produced solution with objective -0.0117479 (0.11s)
Loaded MIP start from previous solve with objective -0.0117479

Presolve removed 8934 rows and 2 columns
Presolve time: 1.23s
Presolved: 42524 rows, 58812 columns, 292169 nonzeros
Variable types: 6794 continuous, 52018 integer (52018 binary)
Root relaxation presolve removed 2 rows and 2 columns
Root relaxation presolved: 42522 rows, 58810 columns, 292165 nonzeros

Root barrier log...

Ordering time: 0.07s

Barrier statistics:
 AA' NZ     : 5.988e+05
 Factor NZ  : 1.086e+06 (roughly 50 MB of memory)
 Factor Ops : 7.173e+07 (less than 1 second per iteration)
 Threads    : 1

                  Objective                Residual
Iter       Primal          Dual         Primal    Dual     Compl     Time
   0  -1.10109701e-02 -3.44328526e+04  1.80e+04 1.79e-04  3.80e+00     2s
   1  -4.65822642e-02 -2.95275675e+04  2.42e+03 3.01e-03  5.56e-01     2s
   2   7.70705192e-02 -9.27012725e+03  3.51e+02 1.56e-04  9.62e-02     2s
   3  -1.01936319e-02 -2.43472506e+03  8.38e+01 5.21e-15  2.33e-02     2s
   4  -5.67068906e-02 -1.93618190e+03  4.22e+01 5.02e-15  1.66e-02     2s
   5  -7.28609301e-02 -1.52717801e+03  2.56e+01 5.02e-15  1.26e-02     2s
   6  -7.67589012e-02 -1.20918787e+03  1.69e+01 5.13e-15  9.95e-03     2s
   7  -7.12067874e-02 -1.04162169e+03  1.38e+01 5.20e-15  8.69e-03     2s
   8  -5.55253381e-02 -9.33557044e+02  1.10e+01 6.04e-15  7.48e-03     3s
   9   5.64688718e-03 -3.84526127e+02  3.37e+00 3.55e-15  2.88e-03     3s
  10   9.62543914e-03 -1.47055384e+02  1.11e+00 3.97e-15  1.09e-03     3s
  11   1.08808393e-02 -1.01063686e+02  3.23e-01 4.36e-15  6.83e-04     3s
  12   1.11226296e-02 -1.43872009e+01  5.28e-04 3.98e-15  9.13e-05     3s
  13   7.98877123e-03 -2.64227087e+00  1.12e-06 1.95e-15  1.68e-05     3s
  14   2.99741878e-03 -4.35662918e-01  4.73e-07 1.48e-15  2.78e-06     3s
  15  -7.23242718e-04 -1.56010809e-01  1.15e-07 1.56e-15  9.84e-07     3s
  16  -4.88068730e-03 -9.79490121e-02  4.18e-08 1.23e-15  5.90e-07     3s
  17  -7.68658828e-03 -6.73358556e-02  1.74e-08 9.91e-16  3.78e-07     3s
  18  -9.64490473e-03 -4.89969073e-02  6.68e-09 1.06e-15  2.49e-07     3s
  19  -1.03263893e-02 -4.24484792e-02  4.76e-09 1.19e-15  2.04e-07     3s
  20  -1.10451523e-02 -3.63670018e-02  3.05e-09 1.10e-15  1.61e-07     3s
  21  -1.15463229e-02 -2.84377509e-02  2.10e-09 1.11e-15  1.07e-07     3s
  22  -1.20678726e-02 -2.44331198e-02  1.32e-09 1.04e-15  7.84e-08     3s
  23  -1.23535268e-02 -2.15475703e-02  9.86e-10 1.06e-15  5.83e-08     3s
  24  -1.25975068e-02 -1.93744780e-02  7.53e-10 1.01e-15  4.30e-08     4s
  25  -1.30764649e-02 -1.82774444e-02  3.52e-10 1.12e-15  3.30e-08     4s
  26  -1.33372297e-02 -1.68538345e-02  1.94e-10 1.15e-15  2.23e-08     4s
  27  -1.35655345e-02 -1.59411847e-02  8.53e-11 9.98e-16  1.51e-08     4s
  28  -1.36004502e-02 -1.54372122e-02  7.13e-11 1.08e-15  1.16e-08     4s
  29  -1.36210895e-02 -1.53575902e-02  6.39e-11 1.19e-15  1.10e-08     4s
  30  -1.36482964e-02 -1.52694323e-02  5.47e-11 1.50e-15  1.03e-08     4s
  31  -1.36745233e-02 -1.49638728e-02  4.43e-11 1.28e-15  8.17e-09     4s
  32  -1.36837396e-02 -1.48239610e-02  4.11e-11 1.37e-15  7.23e-09     4s
  33  -1.37012385e-02 -1.48059990e-02  3.67e-11 1.52e-15  7.00e-09     4s
  34  -1.37276417e-02 -1.45430744e-02  2.87e-11 1.29e-15  5.17e-09     4s
  35  -1.37530300e-02 -1.44313077e-02  2.32e-11 1.39e-15  4.30e-09     4s
  36  -1.37718573e-02 -1.44106869e-02  1.74e-11 1.52e-15  4.05e-09     4s
  37  -1.37739366e-02 -1.41555184e-02  1.74e-11 1.06e-15  2.42e-09     4s
  38  -1.37968436e-02 -1.40330956e-02  3.27e-11 1.08e-15  1.50e-09     5s
  39  -1.38026456e-02 -1.39613087e-02  2.44e-11 9.78e-16  1.01e-09     5s
  40  -1.38186026e-02 -1.38662986e-02  2.13e-11 1.16e-12  3.02e-10     5s
  41  -1.38212299e-02 -1.38400517e-02  3.38e-10 3.63e-13  1.19e-10     5s
  42  -1.38230195e-02 -1.38393413e-02  3.84e-10 3.45e-13  1.03e-10     5s
  43  -1.38244794e-02 -1.38267982e-02  6.17e-10 2.44e-13  1.47e-11     5s
  44  -1.38248001e-02 -1.38248029e-02  2.96e-11 3.86e-13  2.14e-14     5s

Barrier solved model in 44 iterations and 5.01 seconds (3.01 work units)
Optimal objective -1.38248001e-02


Root crossover log...

   20138 DPushes remaining with DInf 1.7418219e-08                 5s
       0 DPushes remaining with DInf 0.0000000e+00                 5s

   21881 PPushes remaining with PInf 1.3217455e-03                 5s
       0 PPushes remaining with PInf 0.0000000e+00                 6s

  Push phase complete: Pinf 0.0000000e+00, Dinf 8.4254948e-03      6s


Root simplex log...

Iteration    Objective       Primal Inf.    Dual Inf.      Time
   36040   -1.3821744e-02   0.000000e+00   0.000000e+00      6s
   36594   -1.3824686e-02   0.000000e+00   0.000000e+00      6s
Crossover time: 0.98 seconds (0.66 work units)
   36594   -1.3824686e-02   0.000000e+00   0.000000e+00      6s

Root relaxation: objective -1.382469e-02, 36594 iterations, 4.49 seconds (2.65 work units)

    Nodes    |    Current Node    |     Objective Bounds      |     Work
 Expl Unexpl |  Obj  Depth IntInf | Incumbent    BestBd   Gap | It/Node Time

     0     0   -0.01382    0 1009   -0.01175   -0.01382  17.7%     -    6s
H    0     0                      -0.0119345   -0.01382  15.8%     -    7s
H    0     0                      -0.0119554   -0.01382  15.6%     -    8s
H    0     0                      -0.0120143   -0.01382  15.1%     -    8s
H    0     0                      -0.0120179   -0.01382  15.0%     -    8s
H    0     0                      -0.0120316   -0.01382  14.9%     -    8s
H    0     0                      -0.0120740   -0.01382  14.5%     -    8s
H    0     0                      -0.0120958   -0.01382  14.3%     -    8s
     0     0   -0.01381    0  900   -0.01210   -0.01381  14.2%     -   13s

Cutting planes:
  Projected implied bound: 10
  MIR: 111
  Mixing: 1
  Flow cover: 46
  BQP: 167

Explored 1 nodes (37392 simplex iterations) in 20.04 seconds (14.56 work units)
Thread count was 1 (of 16 available processors)

Solution count 6: -0.0120958 -0.0120179 -0.0120143 ... -0.0117479

Time limit reached
Best objective -1.209582844428e-02, best bound -1.380701944014e-02, gap 14.1470%

User-callback calls 5067, time in user-callback 0.63 sec
Set parameter Threads to value 1
Set parameter Method to value 2
Set parameter NodeMethod to value 1
Set parameter Crossover to value 2
Set parameter DegenMoves to value 0
Set parameter CutPasses to value 1
Set parameter MIPFocus to value 3
Set parameter MIPGap to value 0
Set parameter MIPGapAbs to value 0
Set parameter FeasibilityTol to value 1e-08
Set parameter IntFeasTol to value 1e-08
Set parameter OptimalityTol to value 1e-08
Set parameter Seed to value 20260929
Set parameter TimeLimit to value 20
