
Gurobi 13.0.2 (win64) logging started Sun Oct  4 16:42:56 2026

Set parameter LogFile to value "docs/v42_m1_dw_throughput_optimization/logs/PRICE_0003_MESS03.log"
Gurobi Optimizer version 13.0.2 build v13.0.2rc1 (win64 - Windows 11+.0 (26200.2))

CPU model: 13th Gen Intel(R) Core(TM) i7-13620H, instruction set [SSE2|AVX|AVX2]
Thread count: 10 physical cores, 16 logical processors, using up to 1 threads

Non-default parameters:
TimeLimit  20
FeasibilityTol  1e-08
IntFeasTol  1e-08
MIPGap  0
MIPGapAbs  0
OptimalityTol  1e-08
Method  2
Crossover  2
DegenMoves  0
MIPFocus  3
NodeMethod  1
CutPasses  1
LogToConsole  0
Seed  20260929
Threads  1

Optimize a model with 51596 rows, 58976 columns and 315361 nonzeros (Min)
Model fingerprint: 0x912f7d75
Model has 2952 linear objective coefficients and an objective constant of 6.5018329670982582e-03
Variable types: 6814 continuous, 52162 integer (52162 binary)
Coefficient statistics:
  Matrix range     [2e-01, 4e+02]
  Objective range  [4e-13, 1e-05]
  Bounds range     [1e+00, 1e+03]
  RHS range        [1e+00, 8e+02]

Loaded user MIP start with objective 5.18162e-15

Presolve removed 8958 rows and 2 columns
Presolve time: 1.27s
Presolved: 42638 rows, 58974 columns, 292967 nonzeros
Variable types: 6812 continuous, 52162 integer (52162 binary)
Root relaxation presolve removed 3 rows and 2 columns
Root relaxation presolved: 42635 rows, 58972 columns, 292915 nonzeros

Root barrier log...

Ordering time: 0.08s

Barrier statistics:
 AA' NZ     : 6.006e+05
 Factor NZ  : 1.080e+06 (roughly 50 MB of memory)
 Factor Ops : 6.927e+07 (less than 1 second per iteration)
 Threads    : 1

                  Objective                Residual
Iter       Primal          Dual         Primal    Dual     Compl     Time
   0  -3.09280996e-03 -3.45219661e+04  1.80e+04 1.98e-04  3.80e+00     2s
   1  -4.51577128e-02 -2.93383177e+04  2.39e+03 2.53e-03  5.43e-01     2s
   2   7.61360740e-02 -8.95862774e+03  3.44e+02 9.85e-05  9.27e-02     2s
   3  -1.31780620e-02 -2.39790895e+03  7.54e+01 2.41e-15  2.21e-02     2s
   4  -5.67679208e-02 -1.90318522e+03  3.93e+01 2.30e-15  1.58e-02     2s
   5  -7.17539735e-02 -1.46279103e+03  2.45e+01 2.39e-15  1.20e-02     2s
   6  -7.45583813e-02 -1.16639293e+03  1.69e+01 2.87e-15  9.58e-03     2s
   7  -4.10914404e-02 -1.02545293e+03  1.26e+01 3.44e-15  8.27e-03     2s
   8   7.25021033e-03 -3.23506184e+02  3.23e+00 3.74e-15  2.55e-03     2s
   9   1.09116169e-02 -1.30188802e+02  3.81e-01 3.53e-15  8.81e-04     3s
  10   1.11667146e-02 -2.56642862e+01  3.61e-02 2.59e-15  1.65e-04     3s
  11   9.64778860e-03 -3.62565607e+00  1.16e-04 1.54e-15  2.30e-05     3s
  12   2.54429294e-03 -1.22114152e+00  1.34e-06 4.97e-16  7.74e-06     3s
  13   3.31734076e-03 -5.02884809e-01  5.98e-07 2.62e-16  3.20e-06     3s
  14  -4.47518570e-03 -2.71287007e-01  1.59e-07 1.35e-16  1.69e-06     3s
  15  -7.36492639e-03 -1.71876164e-01  6.94e-08 8.17e-17  1.04e-06     3s
  16  -1.05360889e-02 -9.75058963e-02  2.24e-08 4.41e-17  5.50e-07     3s
  17  -1.24607495e-02 -6.86056046e-02  8.92e-09 2.97e-17  3.55e-07     3s
  18  -1.30953288e-02 -5.06009921e-02  6.79e-09 1.71e-17  2.37e-07     3s
  19  -1.36788971e-02 -4.52492199e-02  5.17e-09 1.75e-17  2.00e-07     3s
  20  -1.45433164e-02 -3.87142299e-02  3.05e-09 1.18e-17  1.53e-07     3s
  21  -1.49170482e-02 -3.42563105e-02  2.47e-09 9.42e-18  1.22e-07     3s
  22  -1.66139453e-02 -2.45466308e-02  2.17e-10 6.95e-18  5.02e-08     3s
  23  -1.69932148e-02 -2.14640418e-02  1.03e-10 7.14e-18  2.83e-08     3s
  24  -1.71585750e-02 -2.02324960e-02  6.44e-11 6.45e-18  1.94e-08     3s
  25  -1.72432914e-02 -1.98678987e-02  5.02e-11 6.89e-18  1.66e-08     3s
  26  -1.73429082e-02 -1.91991438e-02  2.95e-11 6.42e-18  1.17e-08     4s
  27  -1.73749562e-02 -1.87786139e-02  3.31e-11 7.69e-18  8.88e-09     4s
  28  -1.74463353e-02 -1.81130108e-02  1.56e-11 5.22e-18  4.22e-09     4s
  29  -1.74669473e-02 -1.79882326e-02  4.31e-11 6.10e-18  3.30e-09     4s
  30  -1.74966728e-02 -1.77175027e-02  2.85e-11 4.97e-18  1.40e-09     4s
  31  -1.75122996e-02 -1.75850804e-02  3.97e-11 5.80e-18  4.60e-10     4s
  32  -1.75153918e-02 -1.75592185e-02  1.69e-11 4.93e-18  2.77e-10     4s
  33  -1.75159551e-02 -1.75298676e-02  8.32e-11 4.83e-18  8.80e-11     4s
  34  -1.75164203e-02 -1.75171333e-02  7.33e-11 6.02e-12  4.51e-12     4s
  35  -1.75166280e-02 -1.75166312e-02  4.38e-12 2.50e-12  2.78e-14     4s

Barrier solved model in 35 iterations and 4.16 seconds (2.56 work units)
Optimal objective -1.75166280e-02


Root crossover log...

       0 PPushes remaining with PInf 0.0000000e+00                 5s

  Push phase complete: Pinf 0.0000000e+00, Dinf 3.1677126e-03      5s


Root simplex log...

Iteration    Objective       Primal Inf.    Dual Inf.      Time
   37420   -1.7516629e-02   0.000000e+00   0.000000e+00      5s
   37680   -1.7516629e-02   0.000000e+00   0.000000e+00      5s
Crossover time: 1.27 seconds (0.96 work units)
   37680   -1.7516629e-02   0.000000e+00   0.000000e+00      5s

Root relaxation: objective -1.751663e-02, 37680 iterations, 4.01 seconds (2.55 work units)

    Nodes    |    Current Node    |     Objective Bounds      |     Work
 Expl Unexpl |  Obj  Depth IntInf | Incumbent    BestBd   Gap | It/Node Time

     0     0   -0.01752    0 1229    0.00000   -0.01752      -     -    5s
H    0     0                      -0.0148362   -0.01752  18.1%     -    5s
H    0     0                      -0.0148642   -0.01752  17.8%     -    5s
H    0     0                      -0.0151396   -0.01752  15.7%     -    5s
H    0     0                      -0.0151680   -0.01752  15.5%     -    6s
H    0     0                      -0.0167964   -0.01752  4.29%     -    6s
H    0     0                      -0.0168915   -0.01752  3.70%     -    6s
     0     0   -0.01743    0  106   -0.01689   -0.01743  3.20%     -   17s

Cutting planes:
  MIR: 143
  Flow cover: 46
  BQP: 496

Explored 1 nodes (40016 simplex iterations) in 20.05 seconds (13.96 work units)
Thread count was 1 (of 16 available processors)

Solution count 5: -0.0168915 -0.0167964 -0.015168 ... 5.18162e-15

Time limit reached
Best objective -1.689150085334e-02, best bound -1.743124815501e-02, gap 3.1954%

User-callback calls 3032, time in user-callback 0.42 sec
Set parameter Threads to value 1
Set parameter Method to value 2
Set parameter NodeMethod to value 1
Set parameter Crossover to value 2
Set parameter DegenMoves to value 0
Set parameter CutPasses to value 1
Set parameter MIPFocus to value 3
Set parameter MIPGap to value 0
Set parameter MIPGapAbs to value 0
Set parameter FeasibilityTol to value 1e-08
Set parameter IntFeasTol to value 1e-08
Set parameter OptimalityTol to value 1e-08
Set parameter Seed to value 20260929
Set parameter TimeLimit to value 20
