
Gurobi 13.0.2 (win64) logging started Sun Oct  4 16:50:19 2026

Set parameter LogFile to value "docs/v42_m1_dw_throughput_optimization/logs/PRICE_0019_MESS03.log"
Gurobi Optimizer version 13.0.2 build v13.0.2rc1 (win64 - Windows 11+.0 (26200.2))

CPU model: 13th Gen Intel(R) Core(TM) i7-13620H, instruction set [SSE2|AVX|AVX2]
Thread count: 10 physical cores, 16 logical processors, using up to 1 threads

Non-default parameters:
TimeLimit  20
FeasibilityTol  1e-08
IntFeasTol  1e-08
MIPGap  0
MIPGapAbs  0
OptimalityTol  1e-08
Method  2
Crossover  2
DegenMoves  0
MIPFocus  3
NodeMethod  1
CutPasses  1
LogToConsole  0
Seed  20260929
Threads  1

Optimize a model with 51596 rows, 58976 columns and 315361 nonzeros (Min)
Model fingerprint: 0x192cb540
Model has 3600 linear objective coefficients and an objective constant of 0.0064347463073326
Variable types: 6814 continuous, 52162 integer (52162 binary)
Coefficient statistics:
  Matrix range     [2e-01, 4e+02]
  Objective range  [2e-12, 1e-05]
  Bounds range     [1e+00, 1e+03]
  RHS range        [1e+00, 8e+02]

Loaded user MIP start with objective -0.0106352
MIP start from previous solve produced solution with objective -0.0107838 (0.11s)
MIP start from previous solve produced solution with objective -0.0108039 (0.14s)
Loaded MIP start from previous solve with objective -0.0108039

Presolve removed 8958 rows and 2 columns
Presolve time: 1.22s
Presolved: 42638 rows, 58974 columns, 292967 nonzeros
Variable types: 6812 continuous, 52162 integer (52162 binary)
Root relaxation presolve removed 3 rows and 2 columns
Root relaxation presolved: 42635 rows, 58972 columns, 292915 nonzeros

Root barrier log...

Ordering time: 0.07s

Barrier statistics:
 AA' NZ     : 6.006e+05
 Factor NZ  : 1.080e+06 (roughly 50 MB of memory)
 Factor Ops : 6.927e+07 (less than 1 second per iteration)
 Threads    : 1

                  Objective                Residual
Iter       Primal          Dual         Primal    Dual     Compl     Time
   0  -1.38039805e-02 -3.45219650e+04  1.80e+04 1.61e-04  3.80e+00     2s
   1  -4.71532047e-02 -2.93378864e+04  2.38e+03 2.53e-03  5.43e-01     2s
   2   7.63602790e-02 -8.95802352e+03  3.44e+02 9.85e-05  9.27e-02     2s
   3  -1.33711078e-02 -2.39618390e+03  7.54e+01 2.48e-15  2.20e-02     2s
   4  -5.72900729e-02 -1.90110116e+03  3.93e+01 2.86e-15  1.58e-02     2s
   5  -7.22983171e-02 -1.46026814e+03  2.45e+01 2.52e-15  1.20e-02     2s
   6  -7.49818367e-02 -1.16449880e+03  1.69e+01 3.30e-15  9.57e-03     2s
   7  -4.07729872e-02 -1.02410303e+03  1.25e+01 3.87e-15  8.25e-03     2s
   8   7.49088465e-03 -3.22830264e+02  3.22e+00 3.46e-15  2.54e-03     3s
   9   1.09782718e-02 -1.28816744e+02  3.78e-01 3.39e-15  8.71e-04     3s
  10   1.12109233e-02 -2.55225730e+01  3.41e-02 2.76e-15  1.64e-04     3s
  11   9.82955250e-03 -2.72045842e+00  8.39e-05 1.75e-15  1.73e-05     3s
  12   3.20543856e-03 -9.05104160e-01  1.59e-05 5.58e-16  5.74e-06     3s
  13   3.29063167e-03 -5.91123649e-01  1.09e-05 3.99e-16  3.76e-06     3s
  14  -6.88711520e-04 -2.08927281e-01  2.99e-06 1.40e-16  1.32e-06     3s
  15  -3.56031792e-03 -1.23942763e-01  1.64e-06 8.58e-17  7.61e-07     3s
  16  -6.87389472e-03 -9.66692208e-02  5.30e-07 6.76e-17  5.68e-07     3s
  17  -9.34331592e-03 -6.60298518e-02  1.82e-07 4.39e-17  3.58e-07     3s
  18  -1.03304966e-02 -5.76773841e-02  9.20e-08 4.00e-17  2.99e-07     3s
  19  -1.05296756e-02 -5.61130949e-02  7.86e-08 3.99e-17  2.88e-07     3s
  20  -1.09501072e-02 -4.63980529e-02  5.19e-08 3.18e-17  2.24e-07     3s
  21  -1.12259125e-02 -3.64614242e-02  3.90e-08 2.03e-17  1.60e-07     3s
  22  -1.15779998e-02 -3.41446391e-02  2.54e-08 1.93e-17  1.43e-07     3s
  23  -1.17686901e-02 -3.04681785e-02  1.90e-08 1.54e-17  1.18e-07     3s
  24  -1.20039653e-02 -2.64925130e-02  1.20e-08 1.31e-17  9.16e-08     3s
  25  -1.21872881e-02 -2.11013474e-02  8.04e-09 8.38e-18  5.64e-08     4s
  26  -1.24988941e-02 -1.83839541e-02  3.46e-09 6.24e-18  3.72e-08     4s
  27  -1.26467209e-02 -1.78165235e-02  2.32e-09 5.30e-18  3.27e-08     4s
  28  -1.27814223e-02 -1.67378828e-02  1.47e-09 5.15e-18  2.50e-08     4s
  29  -1.28530521e-02 -1.62710718e-02  1.12e-09 5.06e-18  2.16e-08     4s
  30  -1.29524771e-02 -1.49703126e-02  7.14e-10 4.13e-18  1.28e-08     4s
  31  -1.29696476e-02 -1.48557066e-02  6.56e-10 4.07e-18  1.19e-08     4s
  32  -1.30020315e-02 -1.45359708e-02  5.48e-10 4.08e-18  9.70e-09     4s
  33  -1.30403577e-02 -1.40911270e-02  4.25e-10 4.37e-18  6.64e-09     4s
  34  -1.30941262e-02 -1.38564042e-02  2.69e-10 4.40e-18  4.82e-09     4s
  35  -1.31364950e-02 -1.35023365e-02  1.75e-10 3.48e-18  2.31e-09     4s
  36  -1.31613057e-02 -1.34239640e-02  1.09e-10 3.51e-18  1.66e-09     4s
  37  -1.31852849e-02 -1.32749569e-02  4.45e-11 2.81e-18  5.67e-10     4s
  38  -1.31924023e-02 -1.32579823e-02  1.81e-10 3.25e-18  4.15e-10     4s
  39  -1.31958470e-02 -1.32291711e-02  1.36e-10 3.22e-18  2.11e-10     4s
  40  -1.32033226e-02 -1.32225180e-02  7.27e-11 4.11e-15  1.21e-10     5s
  41  -1.32042417e-02 -1.32075455e-02  3.89e-11 6.46e-12  2.09e-11     5s
  42  -1.32050121e-02 -1.32065182e-02  1.54e-10 5.10e-12  9.57e-12     5s
  43  -1.32051079e-02 -1.32053048e-02  5.28e-11 8.68e-12  1.35e-12     5s
  44  -1.32051193e-02 -1.32051209e-02  5.03e-11 1.24e-12  2.50e-14     5s

Barrier solved model in 44 iterations and 4.78 seconds (2.92 work units)
Optimal objective -1.32051193e-02


Root crossover log...

       0 DPushes remaining with DInf 6.5851243e-06                 5s

   21809 PPushes remaining with PInf 2.7837159e-03                 5s
       0 PPushes remaining with PInf 0.0000000e+00                 6s

  Push phase complete: Pinf 0.0000000e+00, Dinf 1.3256199e-01      6s


Root simplex log...

Iteration    Objective       Primal Inf.    Dual Inf.      Time
   36443   -1.3205121e-02   0.000000e+00   0.000000e+00      6s
   37034   -1.3205121e-02   0.000000e+00   0.000000e+00      6s
Crossover time: 1.03 seconds (0.78 work units)
   37034   -1.3205121e-02   0.000000e+00   0.000000e+00      6s

Root relaxation: objective -1.320512e-02, 37034 iterations, 4.28 seconds (2.69 work units)

    Nodes    |    Current Node    |     Objective Bounds      |     Work
 Expl Unexpl |  Obj  Depth IntInf | Incumbent    BestBd   Gap | It/Node Time

     0     0   -0.01321    0 1030   -0.01080   -0.01321  22.2%     -    5s
H    0     0                      -0.0108739   -0.01321  21.4%     -    7s
H    0     0                      -0.0109509   -0.01321  20.6%     -    7s
H    0     0                      -0.0110102   -0.01321  19.9%     -    8s
     0     0   -0.01318    0  846   -0.01101   -0.01318  19.7%     -   16s

Cutting planes:
  Projected implied bound: 10
  MIR: 135
  Flow cover: 44
  BQP: 199

Explored 1 nodes (37727 simplex iterations) in 20.04 seconds (15.58 work units)
Thread count was 1 (of 16 available processors)

Solution count 4: -0.0110102 -0.0109509 -0.0108739 -0.0108039 

Time limit reached
Best objective -1.101020011523e-02, best bound -1.318064247556e-02, gap 19.7130%

User-callback calls 5211, time in user-callback 0.63 sec
Set parameter Threads to value 1
Set parameter Method to value 2
Set parameter NodeMethod to value 1
Set parameter Crossover to value 2
Set parameter DegenMoves to value 0
Set parameter CutPasses to value 1
Set parameter MIPFocus to value 3
Set parameter MIPGap to value 0
Set parameter MIPGapAbs to value 0
Set parameter FeasibilityTol to value 1e-08
Set parameter IntFeasTol to value 1e-08
Set parameter OptimalityTol to value 1e-08
Set parameter Seed to value 20260929
Set parameter TimeLimit to value 60
