
Gurobi 13.0.2 (win64) logging started Sun Oct  4 16:49:06 2026

Set parameter LogFile to value "docs/v42_m1_dw_throughput_optimization/logs/PRICE_0015_MESS03.log"
Gurobi Optimizer version 13.0.2 build v13.0.2rc1 (win64 - Windows 11+.0 (26200.2))

CPU model: 13th Gen Intel(R) Core(TM) i7-13620H, instruction set [SSE2|AVX|AVX2]
Thread count: 10 physical cores, 16 logical processors, using up to 1 threads

Non-default parameters:
TimeLimit  20
FeasibilityTol  1e-08
IntFeasTol  1e-08
MIPGap  0
MIPGapAbs  0
OptimalityTol  1e-08
Method  2
Crossover  2
DegenMoves  0
MIPFocus  3
NodeMethod  1
CutPasses  1
LogToConsole  0
Seed  20260929
Threads  1

Optimize a model with 51596 rows, 58976 columns and 315361 nonzeros (Min)
Model fingerprint: 0x4e22c66a
Model has 3600 linear objective coefficients and an objective constant of 6.3927505161667283e-03
Variable types: 6814 continuous, 52162 integer (52162 binary)
Coefficient statistics:
  Matrix range     [2e-01, 4e+02]
  Objective range  [7e-12, 1e-05]
  Bounds range     [1e+00, 1e+03]
  RHS range        [1e+00, 8e+02]

Loaded user MIP start with objective -0.0112403
MIP start from previous solve produced solution with objective -0.0116246 (0.10s)
MIP start from previous solve produced solution with objective -0.0116393 (0.12s)
Loaded MIP start from previous solve with objective -0.0116393

Presolve removed 8958 rows and 2 columns
Presolve time: 1.17s
Presolved: 42638 rows, 58974 columns, 292967 nonzeros
Variable types: 6812 continuous, 52162 integer (52162 binary)
Root relaxation presolve removed 3 rows and 2 columns
Root relaxation presolved: 42635 rows, 58972 columns, 292915 nonzeros

Root barrier log...

Ordering time: 0.07s

Barrier statistics:
 AA' NZ     : 6.006e+05
 Factor NZ  : 1.080e+06 (roughly 50 MB of memory)
 Factor Ops : 6.927e+07 (less than 1 second per iteration)
 Threads    : 1

                  Objective                Residual
Iter       Primal          Dual         Primal    Dual     Compl     Time
   0  -1.12162681e-02 -3.45219640e+04  1.80e+04 1.72e-04  3.80e+00     2s
   1  -4.68675802e-02 -2.93380233e+04  2.38e+03 2.53e-03  5.43e-01     2s
   2   7.63094529e-02 -8.95816580e+03  3.44e+02 9.85e-05  9.27e-02     2s
   3  -1.34810155e-02 -2.39646445e+03  7.54e+01 2.20e-15  2.20e-02     2s
   4  -5.73846664e-02 -1.90143792e+03  3.93e+01 2.34e-15  1.58e-02     2s
   5  -7.23897201e-02 -1.46067708e+03  2.45e+01 2.33e-15  1.20e-02     2s
   6  -7.50742431e-02 -1.16479896e+03  1.69e+01 3.38e-15  9.57e-03     2s
   7  -4.09196640e-02 -1.02431908e+03  1.25e+01 3.35e-15  8.25e-03     2s
   8   7.40348104e-03 -3.22920052e+02  3.22e+00 3.51e-15  2.55e-03     2s
   9   1.09243990e-02 -1.29065717e+02  3.79e-01 3.28e-15  8.73e-04     2s
  10   1.11595475e-02 -2.55455674e+01  3.46e-02 2.29e-15  1.64e-04     3s
  11   9.74813526e-03 -2.98129740e+00  9.32e-05 1.53e-15  1.89e-05     3s
  12   2.99532514e-03 -9.95686146e-01  1.23e-05 5.09e-16  6.32e-06     3s
  13   3.17800400e-03 -6.47297646e-01  8.96e-06 3.17e-16  4.11e-06     3s
  14  -7.75907667e-04 -2.22989808e-01  2.21e-06 1.18e-16  1.41e-06     3s
  15  -3.61711575e-03 -1.48881400e-01  1.21e-06 8.27e-17  9.19e-07     3s
  16  -7.01141464e-03 -1.09675167e-01  2.84e-07 6.22e-17  6.49e-07     3s
  17  -8.64648567e-03 -7.55071220e-02  1.38e-07 3.55e-17  4.23e-07     3s
  18  -1.01638678e-02 -6.28706825e-02  5.83e-08 2.95e-17  3.33e-07     3s
  19  -1.04322484e-02 -5.48335016e-02  4.98e-08 2.37e-17  2.81e-07     3s
  20  -1.11975362e-02 -4.57917683e-02  2.71e-08 2.07e-17  2.19e-07     3s
  21  -1.17399380e-02 -4.23923276e-02  1.63e-08 2.15e-17  1.94e-07     3s
  22  -1.19718960e-02 -3.68484101e-02  1.22e-08 1.70e-17  1.57e-07     3s
  23  -1.22270109e-02 -2.95447966e-02  8.50e-09 1.32e-17  1.10e-07     3s
  24  -1.25043944e-02 -2.60276070e-02  5.83e-09 9.91e-18  8.55e-08     3s
  25  -1.29449801e-02 -2.16829803e-02  2.60e-09 6.78e-18  5.53e-08     3s
  26  -1.30937619e-02 -1.89359415e-02  2.01e-09 5.22e-18  3.69e-08     4s
  27  -1.33191761e-02 -1.79505806e-02  1.27e-09 4.76e-18  2.93e-08     4s
  28  -1.34755711e-02 -1.76155315e-02  8.46e-10 5.34e-18  2.62e-08     4s
  29  -1.35755228e-02 -1.68329810e-02  6.15e-10 5.22e-12  2.06e-08     4s
  30  -1.36926783e-02 -1.62688861e-02  3.70e-10 4.16e-18  1.63e-08     4s
  31  -1.37231004e-02 -1.55634476e-02  3.13e-10 4.00e-18  1.16e-08     4s
  32  -1.37535406e-02 -1.53623563e-02  2.56e-10 4.30e-18  1.02e-08     4s
  33  -1.37813253e-02 -1.51845983e-02  2.15e-10 5.27e-18  8.87e-09     4s
  34  -1.38076981e-02 -1.49318420e-02  1.77e-10 4.14e-18  7.11e-09     4s
  35  -1.38186224e-02 -1.49035520e-02  1.63e-10 4.77e-18  6.86e-09     4s
  36  -1.38613589e-02 -1.47563471e-02  1.00e-10 4.47e-18  5.66e-09     4s
  37  -1.38989914e-02 -1.44432693e-02  5.18e-11 4.12e-18  3.44e-09     4s
  38  -1.39192610e-02 -1.40842537e-02  3.57e-11 6.97e-13  1.04e-09     4s
  39  -1.39370159e-02 -1.39960369e-02  5.59e-11 3.60e-12  3.73e-10     4s
  40  -1.39402865e-02 -1.39474414e-02  2.06e-11 4.28e-12  4.53e-11     4s
  41  -1.39417941e-02 -1.39421698e-02  2.78e-10 3.11e-12  2.40e-12     4s
  42  -1.39419815e-02 -1.39419818e-02  4.56e-12 5.27e-13  7.16e-15     5s

Barrier solved model in 42 iterations and 4.52 seconds (2.86 work units)
Optimal objective -1.39419815e-02


Root crossover log...

       0 PPushes remaining with PInf 0.0000000e+00                 5s

  Push phase complete: Pinf 0.0000000e+00, Dinf 1.5582860e-03      5s


Root simplex log...

Iteration    Objective       Primal Inf.    Dual Inf.      Time
   34182   -1.3940016e-02   0.000000e+00   0.000000e+00      5s
   34358   -1.3941982e-02   0.000000e+00   0.000000e+00      5s
Crossover time: 0.85 seconds (0.58 work units)
   34358   -1.3941982e-02   0.000000e+00   0.000000e+00      5s

Root relaxation: objective -1.394198e-02, 34358 iterations, 3.94 seconds (2.42 work units)

    Nodes    |    Current Node    |     Objective Bounds      |     Work
 Expl Unexpl |  Obj  Depth IntInf | Incumbent    BestBd   Gap | It/Node Time

     0     0   -0.01394    0 1009   -0.01164   -0.01394  19.8%     -    5s
H    0     0                      -0.0118359   -0.01394  17.8%     -    6s
H    0     0                      -0.0118897   -0.01394  17.3%     -    6s
     0     0   -0.01392    0  692   -0.01189   -0.01392  17.1%     -   13s

Cutting planes:
  Projected implied bound: 5
  MIR: 95
  Mixing: 1
  Flow cover: 42
  BQP: 197

Explored 1 nodes (35460 simplex iterations) in 20.04 seconds (16.08 work units)
Thread count was 1 (of 16 available processors)

Solution count 3: -0.0118897 -0.0118359 -0.0116393 

Time limit reached
Best objective -1.188966573883e-02, best bound -1.392107706255e-02, gap 17.0855%

User-callback calls 6185, time in user-callback 0.62 sec
Set parameter Threads to value 1
Set parameter Method to value 2
Set parameter NodeMethod to value 1
Set parameter Crossover to value 2
Set parameter DegenMoves to value 0
Set parameter CutPasses to value 1
Set parameter MIPFocus to value 3
Set parameter MIPGap to value 0
Set parameter MIPGapAbs to value 0
Set parameter FeasibilityTol to value 1e-08
Set parameter IntFeasTol to value 1e-08
Set parameter OptimalityTol to value 1e-08
Set parameter Seed to value 20260929
Set parameter TimeLimit to value 20
