
Gurobi 13.0.2 (win64) logging started Sun Oct  4 16:49:06 2026

Set parameter LogFile to value "docs/v42_m1_dw_throughput_optimization/logs/PRICE_0013_MESS01.log"
Gurobi Optimizer version 13.0.2 build v13.0.2rc1 (win64 - Windows 11+.0 (26200.2))

CPU model: 13th Gen Intel(R) Core(TM) i7-13620H, instruction set [SSE2|AVX|AVX2]
Thread count: 10 physical cores, 16 logical processors, using up to 1 threads

Non-default parameters:
TimeLimit  20
FeasibilityTol  1e-08
IntFeasTol  1e-08
MIPGap  0
MIPGapAbs  0
OptimalityTol  1e-08
Method  2
Crossover  2
DegenMoves  0
MIPFocus  3
NodeMethod  1
CutPasses  1
LogToConsole  0
Seed  20260929
Threads  1

Optimize a model with 51458 rows, 58814 columns and 314503 nonzeros (Min)
Model fingerprint: 0x0254c187
Model has 3600 linear objective coefficients and an objective constant of 6.8523593254381171e-03
Variable types: 6796 continuous, 52018 integer (52018 binary)
Coefficient statistics:
  Matrix range     [2e-01, 4e+02]
  Objective range  [7e-12, 1e-05]
  Bounds range     [1e+00, 1e+03]
  RHS range        [1e+00, 8e+02]

Loaded user MIP start with objective -0.0106439
MIP start from previous solve produced solution with objective -0.0110099 (0.10s)
MIP start from previous solve produced solution with objective -0.0110143 (0.12s)
Loaded MIP start from previous solve with objective -0.0110143

Presolve removed 8934 rows and 2 columns
Presolve time: 1.19s
Presolved: 42524 rows, 58812 columns, 292169 nonzeros
Variable types: 6794 continuous, 52018 integer (52018 binary)
Root relaxation presolve removed 2 rows and 2 columns
Root relaxation presolved: 42522 rows, 58810 columns, 292165 nonzeros

Root barrier log...

Ordering time: 0.07s

Barrier statistics:
 AA' NZ     : 5.988e+05
 Factor NZ  : 1.086e+06 (roughly 50 MB of memory)
 Factor Ops : 7.173e+07 (less than 1 second per iteration)
 Threads    : 1

                  Objective                Residual
Iter       Primal          Dual         Primal    Dual     Compl     Time
   0  -1.07020507e-02 -3.44328530e+04  1.80e+04 1.72e-04  3.80e+00     2s
   1  -4.65210416e-02 -2.95274821e+04  2.42e+03 3.01e-03  5.56e-01     2s
   2   7.71045573e-02 -9.27002031e+03  3.51e+02 1.56e-04  9.62e-02     2s
   3  -1.01643281e-02 -2.43477910e+03  8.38e+01 1.98e-15  2.33e-02     2s
   4  -5.66864708e-02 -1.93622420e+03  4.22e+01 1.77e-15  1.66e-02     2s
   5  -7.28357467e-02 -1.52720977e+03  2.56e+01 2.65e-15  1.26e-02     2s
   6  -7.67232754e-02 -1.20921503e+03  1.69e+01 2.51e-15  9.95e-03     2s
   7  -7.11628864e-02 -1.04164612e+03  1.38e+01 2.93e-15  8.69e-03     2s
   8  -5.54811175e-02 -9.33632899e+02  1.10e+01 3.06e-15  7.48e-03     2s
   9   5.66057568e-03 -3.84601821e+02  3.37e+00 2.50e-15  2.88e-03     3s
  10   9.63976964e-03 -1.47064524e+02  1.11e+00 1.52e-15  1.09e-03     3s
  11   1.08920096e-02 -1.01061106e+02  3.22e-01 1.94e-15  6.83e-04     3s
  12   1.11331005e-02 -1.43698654e+01  5.27e-04 1.95e-15  9.12e-05     3s
  13   8.04129574e-03 -2.53630821e+00  1.09e-06 9.98e-16  1.61e-05     3s
  14   3.06713414e-03 -4.37472864e-01  4.54e-07 5.38e-16  2.79e-06     3s
  15  -4.04308489e-04 -1.60163328e-01  1.12e-07 4.39e-16  1.01e-06     3s
  16  -2.95110864e-03 -9.66305310e-02  6.97e-08 4.28e-16  5.94e-07     3s
  17  -5.11778983e-03 -7.67826249e-02  4.13e-08 5.47e-16  4.54e-07     3s
  18  -8.24066640e-03 -5.07319270e-02  1.32e-08 5.08e-16  2.69e-07     3s
  19  -9.74323745e-03 -3.59367374e-02  6.83e-09 4.69e-16  1.66e-07     3s
  20  -1.03897669e-02 -3.07041155e-02  5.00e-09 5.33e-16  1.29e-07     3s
  21  -1.07522252e-02 -2.96113977e-02  4.08e-09 6.07e-16  1.20e-07     3s
  22  -1.12846313e-02 -2.44887329e-02  2.84e-09 5.54e-16  8.37e-08     3s
  23  -1.14420992e-02 -2.31045133e-02  2.52e-09 6.11e-16  7.39e-08     3s
  24  -1.17354572e-02 -2.24038155e-02  1.97e-09 7.51e-16  6.76e-08     4s
  25  -1.20573556e-02 -2.00677036e-02  1.42e-09 6.10e-16  5.08e-08     4s
  26  -1.21653387e-02 -1.86076467e-02  1.28e-09 6.64e-16  4.08e-08     4s
  27  -1.26320293e-02 -1.75044619e-02  6.85e-10 6.03e-16  3.09e-08     4s
  28  -1.28507654e-02 -1.65890650e-02  4.70e-10 6.66e-16  2.37e-08     4s
  29  -1.31369499e-02 -1.56843391e-02  2.19e-10 5.55e-16  1.61e-08     4s
  30  -1.31969568e-02 -1.51184419e-02  1.71e-10 5.48e-16  1.22e-08     4s
  31  -1.32586617e-02 -1.50133867e-02  1.29e-10 6.99e-16  1.11e-08     4s
  32  -1.32771685e-02 -1.49697890e-02  1.17e-10 6.92e-16  1.07e-08     4s
  33  -1.33189296e-02 -1.46046589e-02  8.68e-11 6.39e-16  8.15e-09     4s
  34  -1.33819723e-02 -1.43125153e-02  5.07e-11 6.05e-16  5.90e-09     4s
  35  -1.33977326e-02 -1.42253848e-02  4.22e-11 6.17e-16  5.25e-09     4s
  36  -1.34159851e-02 -1.40925929e-02  3.13e-11 6.17e-16  4.29e-09     4s
  37  -1.34296811e-02 -1.37754259e-02  2.56e-11 4.88e-16  2.19e-09     4s
  38  -1.34332106e-02 -1.35901332e-02  2.33e-11 4.34e-16  9.95e-10     4s
  39  -1.34526398e-02 -1.35370058e-02  3.43e-11 4.43e-16  5.35e-10     4s
  40  -1.34583504e-02 -1.35306897e-02  4.27e-11 6.11e-13  4.58e-10     5s
  41  -1.34766034e-02 -1.35137835e-02  3.98e-11 1.69e-12  2.36e-10     5s
  42  -1.34809521e-02 -1.35020256e-02  3.13e-10 1.12e-12  1.34e-10     5s
  43  -1.34820454e-02 -1.34833663e-02  1.40e-10 6.67e-12  8.42e-12     5s
  44  -1.34823677e-02 -1.34823786e-02  2.63e-10 2.24e-12  8.60e-14     5s
  45  -1.34823729e-02 -1.34823728e-02  9.58e-12 1.33e-13  1.40e-16     5s

Barrier solved model in 45 iterations and 4.89 seconds (3.03 work units)
Optimal objective -1.34823729e-02


Root crossover log...

       0 DPushes remaining with DInf 1.1554377e-08                 5s

   18574 PPushes remaining with PInf 7.7494807e-05                 5s
       0 PPushes remaining with PInf 0.0000000e+00                 6s

  Push phase complete: Pinf 0.0000000e+00, Dinf 6.9606371e-07      6s


Root simplex log...

Iteration    Objective       Primal Inf.    Dual Inf.      Time
   26714   -1.3482373e-02   0.000000e+00   0.000000e+00      6s
   26720   -1.3482373e-02   0.000000e+00   0.000000e+00      6s
Crossover time: 0.67 seconds (0.45 work units)
   26720   -1.3482373e-02   0.000000e+00   0.000000e+00      6s

Root relaxation: objective -1.348237e-02, 26720 iterations, 4.10 seconds (2.47 work units)

    Nodes    |    Current Node    |     Objective Bounds      |     Work
 Expl Unexpl |  Obj  Depth IntInf | Incumbent    BestBd   Gap | It/Node Time

     0     0   -0.01348    0  921   -0.01101   -0.01348  22.4%     -    5s
H    0     0                      -0.0111148   -0.01348  21.3%     -    8s
H    0     0                      -0.0111352   -0.01348  21.1%     -    9s
H    0     0                      -0.0111422   -0.01348  21.0%     -   10s
H    0     0                      -0.0111878   -0.01348  20.5%     -   10s
     0     0   -0.01346    0  838   -0.01119   -0.01346  20.3%     -   16s

Cutting planes:
  Projected implied bound: 10
  MIR: 135
  Mixing: 1
  Flow cover: 58
  BQP: 101

Explored 1 nodes (28288 simplex iterations) in 20.03 seconds (15.72 work units)
Thread count was 1 (of 16 available processors)

Solution count 4: -0.0111878 -0.0111352 -0.0111148 -0.0110143 

Time limit reached
Best objective -1.118780365929e-02, best bound -1.345952150944e-02, gap 20.3053%

User-callback calls 5268, time in user-callback 0.57 sec
Set parameter Threads to value 1
Set parameter Method to value 2
Set parameter NodeMethod to value 1
Set parameter Crossover to value 2
Set parameter DegenMoves to value 0
Set parameter CutPasses to value 1
Set parameter MIPFocus to value 3
Set parameter MIPGap to value 0
Set parameter MIPGapAbs to value 0
Set parameter FeasibilityTol to value 1e-08
Set parameter IntFeasTol to value 1e-08
Set parameter OptimalityTol to value 1e-08
Set parameter Seed to value 20260929
Set parameter TimeLimit to value 20
