
Gurobi 13.0.2 (win64) logging started Sun Oct  4 16:42:56 2026

Set parameter LogFile to value "docs/v42_m1_dw_throughput_optimization/logs/PRICE_0002_MESS02.log"
Gurobi Optimizer version 13.0.2 build v13.0.2rc1 (win64 - Windows 11+.0 (26200.2))

CPU model: 13th Gen Intel(R) Core(TM) i7-13620H, instruction set [SSE2|AVX|AVX2]
Thread count: 10 physical cores, 16 logical processors, using up to 1 threads

Non-default parameters:
TimeLimit  20
FeasibilityTol  1e-08
IntFeasTol  1e-08
MIPGap  0
MIPGapAbs  0
OptimalityTol  1e-08
Method  2
Crossover  2
DegenMoves  0
MIPFocus  3
NodeMethod  1
CutPasses  1
LogToConsole  0
Seed  20260929
Threads  1

Optimize a model with 51527 rows, 58895 columns and 314932 nonzeros (Min)
Model fingerprint: 0x44a7b8e6
Model has 2952 linear objective coefficients and an objective constant of 6.5020817623343352e-03
Variable types: 6805 continuous, 52090 integer (52090 binary)
Coefficient statistics:
  Matrix range     [2e-01, 4e+02]
  Objective range  [4e-13, 1e-05]
  Bounds range     [1e+00, 1e+03]
  RHS range        [1e+00, 8e+02]

Loaded user MIP start with objective 1.38865e-15

Presolve removed 8946 rows and 2 columns
Presolve time: 1.28s
Presolved: 42581 rows, 58893 columns, 292568 nonzeros
Variable types: 6803 continuous, 52090 integer (52090 binary)
Root relaxation presolve removed 1 rows and 1 columns
Root relaxation presolved: 42580 rows, 58892 columns, 292566 nonzeros

Root barrier log...

Ordering time: 0.07s

Barrier statistics:
 AA' NZ     : 5.996e+05
 Factor NZ  : 1.096e+06 (roughly 50 MB of memory)
 Factor Ops : 7.451e+07 (less than 1 second per iteration)
 Threads    : 1

                  Objective                Residual
Iter       Primal          Dual         Primal    Dual     Compl     Time
   0  -3.13267309e-03 -3.44919737e+04  1.80e+04 1.98e-04  3.80e+00     2s
   1  -3.86080880e-02 -2.94167503e+04  2.54e+03 3.23e-03  5.75e-01     2s
   2   6.93969201e-02 -1.16585102e+04  4.08e+02 2.75e-04  1.20e-01     2s
   3   1.89853977e-02 -2.59396700e+03  1.04e+02 1.42e-15  2.59e-02     2s
   4  -2.27009586e-02 -2.37207591e+03  6.63e+01 1.37e-15  2.12e-02     2s
   5  -5.48405479e-02 -2.07143018e+03  4.10e+01 1.64e-15  1.71e-02     2s
   6  -7.50435886e-02 -1.71382261e+03  2.49e+01 1.95e-15  1.35e-02     2s
   7  -8.05473863e-02 -1.39886783e+03  1.80e+01 1.84e-15  1.11e-02     3s
   8  -7.83871727e-02 -1.20346562e+03  1.42e+01 2.00e-15  9.66e-03     3s
   9  -7.20954430e-02 -1.15518648e+03  1.28e+01 2.36e-15  9.09e-03     3s
  10  -1.29315626e-02 -8.26181909e+02  7.44e+00 2.32e-15  6.27e-03     3s
  11   2.89519448e-03 -3.23754549e+02  3.61e+00 2.23e-15  2.60e-03     3s
  12   1.02298684e-02 -1.10900238e+02  3.80e-01 1.68e-15  7.58e-04     3s
  13   1.07597043e-02 -2.53917171e+01  2.70e-02 1.61e-15  1.63e-04     3s
  14   9.15199645e-03 -3.02007887e+00  3.29e-05 1.77e-15  1.92e-05     3s
  15   2.06240734e-03 -9.40100374e-01  7.25e-06 7.76e-16  5.97e-06     3s
  16   3.37974794e-03 -7.09976062e-01  4.12e-06 5.64e-16  4.52e-06     3s
  17  -2.44238803e-03 -3.60594650e-01  1.51e-06 4.65e-16  2.27e-06     3s
  18  -5.98490227e-03 -1.74668162e-01  6.37e-07 4.25e-16  1.07e-06     3s
  19  -8.97936480e-03 -1.25213333e-01  2.57e-07 5.01e-16  7.36e-07     3s
  20  -1.12301194e-02 -8.17316992e-02  1.05e-07 4.67e-16  4.46e-07     3s
  21  -1.32562575e-02 -5.48889621e-02  3.07e-08 4.68e-16  2.64e-07     3s
  22  -1.39566682e-02 -4.52094566e-02  2.12e-08 5.50e-16  1.98e-07     3s
  23  -1.44755038e-02 -4.09352410e-02  1.59e-08 5.36e-16  1.68e-07     3s
  24  -1.50810110e-02 -3.46975578e-02  1.10e-08 5.32e-16  1.24e-07     4s
  25  -1.64724699e-02 -2.36372489e-02  2.36e-09 4.13e-16  4.54e-08     4s
  26  -1.69588699e-02 -2.12540869e-02  9.92e-10 4.59e-16  2.72e-08     4s
  27  -1.70600675e-02 -1.97987485e-02  7.83e-10 4.54e-16  1.73e-08     4s
  28  -1.73189030e-02 -1.93103458e-02  3.06e-10 4.93e-16  1.26e-08     4s
  29  -1.74208426e-02 -1.81622901e-02  1.18e-10 4.30e-16  4.69e-09     4s
  30  -1.74553893e-02 -1.78011273e-02  6.83e-11 4.30e-16  2.19e-09     4s
  31  -1.74783403e-02 -1.77360848e-02  5.02e-11 4.73e-16  1.63e-09     4s
  32  -1.74916757e-02 -1.76012454e-02  2.67e-11 4.15e-16  6.94e-10     4s
  33  -1.75052035e-02 -1.75478048e-02  7.61e-11 4.12e-16  2.70e-10     4s
  34  -1.75155516e-02 -1.75249738e-02  8.25e-11 4.05e-16  5.96e-11     4s
  35  -1.75159302e-02 -1.75167936e-02  9.01e-11 9.26e-12  5.48e-12     4s
  36  -1.75163784e-02 -1.75163857e-02  3.55e-12 8.20e-12  6.81e-14     4s

Barrier solved model in 36 iterations and 4.38 seconds (2.66 work units)
Optimal objective -1.75163784e-02


Root crossover log...

       0 PPushes remaining with PInf 0.0000000e+00                 5s

  Push phase complete: Pinf 0.0000000e+00, Dinf 6.1997769e-03      5s


Root simplex log...

Iteration    Objective       Primal Inf.    Dual Inf.      Time
   38410   -1.7516380e-02   0.000000e+00   0.000000e+00      5s
   38736   -1.7516380e-02   0.000000e+00   0.000000e+00      6s
Crossover time: 1.13 seconds (0.96 work units)
   38736   -1.7516380e-02   0.000000e+00   0.000000e+00      6s

Root relaxation: objective -1.751638e-02, 38736 iterations, 4.08 seconds (2.65 work units)

    Nodes    |    Current Node    |     Objective Bounds      |     Work
 Expl Unexpl |  Obj  Depth IntInf | Incumbent    BestBd   Gap | It/Node Time

     0     0   -0.01752    0 1290    0.00000   -0.01752      -     -    5s
H    0     0                      -0.0139362   -0.01752  25.7%     -    5s
H    0     0                      -0.0139768   -0.01752  25.3%     -    5s
H    0     0                      -0.0151441   -0.01752  15.7%     -    6s
H    0     0                      -0.0167939   -0.01752  4.30%     -    6s
H    0     0                      -0.0168614   -0.01752  3.88%     -    6s
H    0     0                      -0.0168889   -0.01752  3.72%     -    6s
H    0     0                      -0.0168893   -0.01752  3.71%     -    7s
H    0     0                      -0.0168908   -0.01752  3.70%     -    7s
     0     0   -0.01743    0 1072   -0.01689   -0.01743  3.20%     -   15s

Cutting planes:
  MIR: 291
  Flow cover: 49
  BQP: 374

Explored 1 nodes (39930 simplex iterations) in 20.04 seconds (13.05 work units)
Thread count was 1 (of 16 available processors)

Solution count 7: -0.0168908 -0.0168889 -0.0168614 ... 1.38865e-15

Time limit reached
Best objective -1.689078230632e-02, best bound -1.743099935977e-02, gap 3.1983%

User-callback calls 2838, time in user-callback 0.47 sec
Set parameter Threads to value 1
Set parameter Method to value 2
Set parameter NodeMethod to value 1
Set parameter Crossover to value 2
Set parameter DegenMoves to value 0
Set parameter CutPasses to value 1
Set parameter MIPFocus to value 3
Set parameter MIPGap to value 0
Set parameter MIPGapAbs to value 0
Set parameter FeasibilityTol to value 1e-08
Set parameter IntFeasTol to value 1e-08
Set parameter OptimalityTol to value 1e-08
Set parameter Seed to value 20260929
Set parameter TimeLimit to value 20
