
Gurobi 13.0.2 (win64) logging started Sun Oct  4 16:51:34 2026

Set parameter LogFile to value "docs/v42_m1_dw_throughput_optimization/logs/PRICE_0021_MESS01.log"
Gurobi Optimizer version 13.0.2 build v13.0.2rc1 (win64 - Windows 11+.0 (26200.2))

CPU model: 13th Gen Intel(R) Core(TM) i7-13620H, instruction set [SSE2|AVX|AVX2]
Thread count: 10 physical cores, 16 logical processors, using up to 1 threads

Non-default parameters:
TimeLimit  60
FeasibilityTol  1e-08
IntFeasTol  1e-08
MIPGap  0
MIPGapAbs  0
OptimalityTol  1e-08
Method  2
Crossover  2
DegenMoves  0
MIPFocus  3
NodeMethod  1
CutPasses  1
LogToConsole  0
Seed  20260929
Threads  1

Optimize a model with 51458 rows, 58814 columns and 314503 nonzeros (Min)
Model fingerprint: 0x172a006e
Model has 3024 linear objective coefficients and an objective constant of 7.6779195876597178e-03
Variable types: 6796 continuous, 52018 integer (52018 binary)
Coefficient statistics:
  Matrix range     [2e-01, 4e+02]
  Objective range  [1e-12, 9e-06]
  Bounds range     [1e+00, 1e+03]
  RHS range        [1e+00, 8e+02]

Loaded user MIP start with objective -1.73472e-18
MIP start from previous solve produced solution with objective -0.0146974 (0.09s)
MIP start from previous solve produced solution with objective -0.0146982 (0.10s)
Loaded MIP start from previous solve with objective -0.0146982

Presolve removed 8934 rows and 2 columns
Presolve time: 1.28s
Presolved: 42524 rows, 58812 columns, 292169 nonzeros
Variable types: 6794 continuous, 52018 integer (52018 binary)
Root relaxation presolve removed 2 rows and 2 columns
Root relaxation presolved: 42522 rows, 58810 columns, 292165 nonzeros

Root barrier log...

Ordering time: 0.08s

Barrier statistics:
 AA' NZ     : 5.988e+05
 Factor NZ  : 1.086e+06 (roughly 50 MB of memory)
 Factor Ops : 7.173e+07 (less than 1 second per iteration)
 Threads    : 1

                  Objective                Residual
Iter       Primal          Dual         Primal    Dual     Compl     Time
   0   2.04991349e-02 -3.44328721e+04  1.80e+04 1.51e-04  3.80e+00     2s
   1  -4.09311450e-02 -2.95272602e+04  2.42e+03 3.01e-03  5.56e-01     2s
   2   7.96510325e-02 -9.26998380e+03  3.51e+02 1.57e-04  9.62e-02     2s
   3  -8.04568447e-03 -2.43524085e+03  8.38e+01 2.40e-15  2.33e-02     2s
   4  -5.53000337e-02 -1.93658853e+03  4.22e+01 2.47e-15  1.66e-02     2s
   5  -7.20793487e-02 -1.52744250e+03  2.56e+01 3.11e-15  1.26e-02     3s
   6  -7.64777885e-02 -1.20942191e+03  1.69e+01 2.33e-15  9.95e-03     3s
   7  -7.11741566e-02 -1.04183253e+03  1.38e+01 2.61e-15  8.69e-03     3s
   8  -5.56540585e-02 -9.34143200e+02  1.10e+01 2.85e-15  7.48e-03     3s
   9   5.66909049e-03 -3.85015251e+02  3.37e+00 1.97e-15  2.88e-03     3s
  10   1.00745016e-02 -1.47150590e+02  1.12e+00 1.61e-15  1.09e-03     3s
  11   1.14203148e-02 -1.01011029e+02  3.19e-01 1.82e-15  6.82e-04     3s
  12   1.16421629e-02 -1.42277698e+01  5.14e-04 1.28e-15  9.03e-05     3s
  13   8.67136879e-03 -1.91163096e+00  4.90e-07 1.02e-15  1.22e-05     3s
  14   2.39701309e-03 -4.81210444e-01  2.02e-07 8.56e-16  3.07e-06     3s
  15  -4.01717357e-03 -1.86794214e-01  3.81e-08 8.26e-16  1.16e-06     3s
  16  -9.87467232e-03 -1.21939341e-01  1.09e-08 9.74e-16  7.10e-07     3s
  17  -1.22627804e-02 -7.40536312e-02  5.31e-09 9.28e-16  3.92e-07     3s
  18  -1.52522479e-02 -5.30178128e-02  7.46e-10 8.96e-16  2.39e-07     3s
  19  -1.62296143e-02 -4.01867039e-02  3.84e-10 9.58e-16  1.52e-07     3s
  20  -1.68806104e-02 -3.40583158e-02  2.75e-10 1.05e-15  1.09e-07     3s
  21  -1.74703517e-02 -3.05871179e-02  2.00e-10 1.05e-15  8.31e-08     4s
  22  -1.82812731e-02 -2.73923407e-02  1.23e-10 1.10e-15  5.77e-08     4s
  23  -1.91191153e-02 -2.23619932e-02  2.90e-10 8.49e-16  2.06e-08     4s
  24  -1.94034499e-02 -2.11324293e-02  1.31e-10 8.43e-16  1.10e-08     4s
  25  -1.95791009e-02 -2.03453739e-02  3.50e-11 8.09e-16  4.86e-09     4s
  26  -1.96774226e-02 -2.00142073e-02  1.15e-11 8.59e-16  2.13e-09     4s
  27  -1.97044983e-02 -1.97103790e-02  1.31e-11 7.98e-16  3.73e-11     4s
  28  -1.97066426e-02 -1.97066479e-02  1.13e-11 1.04e-13  3.73e-14     4s

Barrier solved model in 28 iterations and 3.99 seconds (2.38 work units)
Optimal objective -1.97066426e-02


Root simplex log...

Iteration    Objective       Primal Inf.    Dual Inf.      Time
   38261   -1.9705524e-02   0.000000e+00   1.854029e-05      5s
   38299   -1.9706645e-02   0.000000e+00   0.000000e+00      5s
Crossover time: 1.08 seconds (0.84 work units)
   38299   -1.9706645e-02   0.000000e+00   0.000000e+00      5s

Root relaxation: objective -1.970664e-02, 38299 iterations, 3.53 seconds (2.21 work units)

    Nodes    |    Current Node    |     Objective Bounds      |     Work
 Expl Unexpl |  Obj  Depth IntInf | Incumbent    BestBd   Gap | It/Node Time

     0     0   -0.01971    0 1085   -0.01470   -0.01971  34.1%     -    5s
H    0     0                      -0.0185023   -0.01971  6.51%     -    5s
H    0     0                      -0.0185332   -0.01971  6.33%     -    5s
H    0     0                      -0.0196451   -0.01971  0.31%     -    5s
     0     0   -0.01971    0   13   -0.01965   -0.01971  0.31%     -   13s
     0     0   -0.01971    0 1070   -0.01965   -0.01971  0.31%     -   23s
H    0     0                      -0.0196725   -0.01971  0.17%     -   23s
H    0     0                      -0.0196727   -0.01971  0.17%     -   23s
     0     0   -0.01971    0   49   -0.01967   -0.01971  0.17%     -   26s
H    0     0                      -0.0197066   -0.01971  0.00%     -   27s
     0     0   -0.01971    0   49   -0.01971   -0.01971  0.00%     -   27s

Cutting planes:
  Implied bound: 1
  Projected implied bound: 4
  MIR: 273
  Flow cover: 51
  Relax-and-lift: 1
  BQP: 322

Explored 1 nodes (64596 simplex iterations) in 27.54 seconds (17.45 work units)
Thread count was 1 (of 16 available processors)

Solution count 5: -0.0197066 -0.0196727 -0.0196451 ... -0.0146982

Optimal solution found (tolerance 0.00e+00)
Best objective -1.970664469887e-02, best bound -1.970664469887e-02, gap 0.0000%

User-callback calls 3757, time in user-callback 0.40 sec
Set parameter Threads to value 1
Set parameter Method to value 2
Set parameter NodeMethod to value 1
Set parameter Crossover to value 2
Set parameter DegenMoves to value 0
Set parameter CutPasses to value 1
Set parameter MIPFocus to value 3
Set parameter MIPGap to value 0
Set parameter MIPGapAbs to value 0
Set parameter FeasibilityTol to value 1e-08
Set parameter IntFeasTol to value 1e-08
Set parameter OptimalityTol to value 1e-08
Set parameter Seed to value 20260929
Set parameter TimeLimit to value 60
