
Gurobi 13.0.2 (win64) logging started Sun Oct  4 16:50:19 2026

Set parameter LogFile to value "docs/v42_m1_dw_throughput_optimization/logs/PRICE_0020_MESS04.log"
Gurobi Optimizer version 13.0.2 build v13.0.2rc1 (win64 - Windows 11+.0 (26200.2))

CPU model: 13th Gen Intel(R) Core(TM) i7-13620H, instruction set [SSE2|AVX|AVX2]
Thread count: 10 physical cores, 16 logical processors, using up to 1 threads

Non-default parameters:
TimeLimit  20
FeasibilityTol  1e-08
IntFeasTol  1e-08
MIPGap  0
MIPGapAbs  0
OptimalityTol  1e-08
Method  2
Crossover  2
DegenMoves  0
MIPFocus  3
NodeMethod  1
CutPasses  1
LogToConsole  0
Seed  20260929
Threads  1

Optimize a model with 51481 rows, 58841 columns and 314646 nonzeros (Min)
Model fingerprint: 0x0b0b4c7f
Model has 3600 linear objective coefficients and an objective constant of 7.2513422885279863e-03
Variable types: 6799 continuous, 52042 integer (52042 binary)
Coefficient statistics:
  Matrix range     [2e-01, 4e+02]
  Objective range  [2e-12, 1e-05]
  Bounds range     [1e+00, 1e+03]
  RHS range        [1e+00, 8e+02]

Loaded user MIP start with objective -0.00979709
MIP start from previous solve produced solution with objective -0.00993752 (0.11s)
MIP start from previous solve produced solution with objective -0.00994711 (0.13s)
Loaded MIP start from previous solve with objective -0.00994711

Presolve removed 8938 rows and 2 columns
Presolve time: 1.22s
Presolved: 42543 rows, 58839 columns, 292302 nonzeros
Variable types: 6797 continuous, 52042 integer (52042 binary)
Root relaxation presolve removed 2 rows and 2 columns
Root relaxation presolved: 42541 rows, 58837 columns, 292298 nonzeros

Root barrier log...

Ordering time: 0.07s

Barrier statistics:
 AA' NZ     : 5.993e+05
 Factor NZ  : 1.094e+06 (roughly 50 MB of memory)
 Factor Ops : 7.380e+07 (less than 1 second per iteration)
 Threads    : 1

                  Objective                Residual
Iter       Primal          Dual         Primal    Dual     Compl     Time
   0  -1.31110639e-02 -3.44574513e+04  1.81e+04 1.61e-04  3.81e+00     2s
   1  -4.65136848e-02 -2.87605729e+04  2.42e+03 4.12e-03  5.55e-01     2s
   2   7.17221349e-02 -1.10097380e+04  3.51e+02 1.80e-04  1.09e-01     2s
   3   2.46178586e-02 -3.04065889e+03  1.06e+02 2.91e-06  2.93e-02     2s
   4  -4.35668321e-02 -2.40192236e+03  4.86e+01 1.22e-15  2.01e-02     2s
   5  -6.73507119e-02 -1.87440253e+03  2.86e+01 1.12e-15  1.51e-02     2s
   6  -7.25244449e-02 -1.40701894e+03  2.18e+01 1.63e-15  1.17e-02     2s
   7  -7.33490207e-02 -1.28415486e+03  1.90e+01 1.98e-15  1.07e-02     3s
   8  -6.32317302e-02 -1.04227719e+03  1.61e+01 2.09e-15  9.02e-03     3s
   9  -2.80520910e-02 -5.25092167e+02  1.09e+01 1.68e-15  5.00e-03     3s
  10  -1.00392441e-02 -1.85544596e+02  5.90e+00 3.84e-15  2.31e-03     3s
  11   7.50097876e-03 -9.14431454e+01  1.22e+00 3.27e-15  8.13e-04     3s
  12   1.05825274e-02 -2.31073368e+01  3.05e-01 2.24e-15  1.83e-04     3s
  13   1.08924296e-02 -3.36097987e+00  4.38e-05 1.73e-15  2.14e-05     3s
  14   3.65671720e-03 -9.02303820e-01  3.56e-08 1.32e-15  5.74e-06     3s
  15   1.59092861e-03 -1.22571404e-01  3.37e-11 8.66e-16  7.87e-07     3s
  16  -2.99528130e-03 -7.20115823e-02  1.51e-11 9.08e-16  4.37e-07     3s
  17  -5.26880129e-03 -5.23945766e-02  3.53e-11 9.84e-16  2.99e-07     3s
  18  -7.34733651e-03 -3.96615931e-02  2.19e-11 9.49e-16  2.05e-07     3s
  19  -8.28633659e-03 -3.21694156e-02  3.00e-11 1.00e-15  1.51e-07     3s
  20  -8.92765794e-03 -2.95163196e-02  3.27e-11 1.17e-15  1.30e-07     3s
  21  -9.52950016e-03 -2.53789892e-02  2.40e-11 1.17e-15  1.00e-07     3s
  22  -1.01844018e-02 -2.18802965e-02  1.86e-11 1.17e-15  7.41e-08     3s
  23  -1.06146725e-02 -1.94243311e-02  2.72e-11 1.22e-15  5.58e-08     4s
  24  -1.08658579e-02 -1.76736848e-02  1.77e-11 1.24e-15  4.31e-08     4s
  25  -1.11621367e-02 -1.60950291e-02  2.51e-11 1.16e-15  3.12e-08     4s
  26  -1.14291266e-02 -1.47322129e-02  2.12e-11 1.04e-15  2.09e-08     4s
  27  -1.16901352e-02 -1.42873201e-02  1.28e-11 1.11e-15  1.65e-08     4s
  28  -1.18503273e-02 -1.35607787e-02  1.12e-11 1.15e-15  1.08e-08     4s
  29  -1.20050506e-02 -1.33193597e-02  1.69e-11 1.12e-15  8.33e-09     4s
  30  -1.20718444e-02 -1.30422307e-02  3.21e-11 1.16e-15  6.15e-09     4s
  31  -1.21803655e-02 -1.28644516e-02  5.60e-11 1.06e-15  4.33e-09     4s
  32  -1.22393686e-02 -1.27525964e-02  8.35e-11 1.10e-15  3.25e-09     4s
  33  -1.22513076e-02 -1.26855592e-02  7.81e-11 1.19e-15  2.75e-09     4s
  34  -1.22825717e-02 -1.25701942e-02  4.99e-11 1.01e-15  1.82e-09     4s
  35  -1.23448744e-02 -1.25375022e-02  1.83e-10 1.15e-15  1.22e-09     4s
  36  -1.23727525e-02 -1.24244909e-02  7.57e-11 8.82e-16  3.28e-10     4s
  37  -1.23806550e-02 -1.24140995e-02  3.83e-11 9.23e-16  2.12e-10     5s
  38  -1.23811755e-02 -1.24091261e-02  1.11e-10 5.12e-14  1.77e-10     5s
  39  -1.23875589e-02 -1.24035306e-02  9.37e-11 1.68e-13  1.01e-10     5s
  40  -1.23880501e-02 -1.23945018e-02  3.27e-10 1.66e-12  4.09e-11     5s
  41  -1.23880785e-02 -1.23912419e-02  3.10e-10 3.57e-12  2.01e-11     5s
  42  -1.23882364e-02 -1.23908036e-02  2.16e-10 5.71e-12  1.63e-11     5s
  43  -1.23884805e-02 -1.23894431e-02  9.62e-11 7.15e-12  6.18e-12     5s
  44  -1.23885139e-02 -1.23885481e-02  2.36e-10 2.49e-12  2.48e-13     5s
  45  -1.23885249e-02 -1.23885245e-02  6.35e-13 2.36e-13  7.21e-16     5s

Barrier solved model in 45 iterations and 5.05 seconds (3.05 work units)
Optimal objective -1.23885249e-02


Root crossover log...

   20512 DPushes remaining with DInf 1.0169147e-05                 5s
       0 DPushes remaining with DInf 0.0000000e+00                 5s

   18723 PPushes remaining with PInf 6.9570188e-06                 5s
       0 PPushes remaining with PInf 0.0000000e+00                 6s

  Push phase complete: Pinf 0.0000000e+00, Dinf 2.6409062e-05      6s


Root simplex log...

Iteration    Objective       Primal Inf.    Dual Inf.      Time
   27513   -1.2388525e-02   0.000000e+00   0.000000e+00      6s
   27529   -1.2388525e-02   0.000000e+00   0.000000e+00      6s
Crossover time: 0.66 seconds (0.45 work units)
   27529   -1.2388525e-02   0.000000e+00   0.000000e+00      6s

Root relaxation: objective -1.238852e-02, 27529 iterations, 4.20 seconds (2.48 work units)

    Nodes    |    Current Node    |     Objective Bounds      |     Work
 Expl Unexpl |  Obj  Depth IntInf | Incumbent    BestBd   Gap | It/Node Time

     0     0   -0.01239    0  999   -0.00995   -0.01239  24.5%     -    5s
H    0     0                      -0.0101238   -0.01239  22.4%     -    7s
H    0     0                      -0.0102181   -0.01239  21.2%     -    9s
     0     0   -0.01237    0  740   -0.01022   -0.01237  21.0%     -   17s

Cutting planes:
  Projected implied bound: 9
  MIR: 168
  Flow cover: 71
  RLT: 1
  BQP: 58

Explored 1 nodes (30752 simplex iterations) in 20.05 seconds (15.77 work units)
Thread count was 1 (of 16 available processors)

Solution count 3: -0.0102181 -0.0101238 -0.00994711 

Time limit reached
Best objective -1.021806334969e-02, best bound -1.236525835771e-02, gap 21.0137%

User-callback calls 4941, time in user-callback 0.53 sec
Set parameter Threads to value 1
Set parameter Method to value 2
Set parameter NodeMethod to value 1
Set parameter Crossover to value 2
Set parameter DegenMoves to value 0
Set parameter CutPasses to value 1
Set parameter MIPFocus to value 3
Set parameter MIPGap to value 0
Set parameter MIPGapAbs to value 0
Set parameter FeasibilityTol to value 1e-08
Set parameter IntFeasTol to value 1e-08
Set parameter OptimalityTol to value 1e-08
Set parameter Seed to value 20260929
Set parameter TimeLimit to value 60
