
Gurobi 13.0.2 (win64) logging started Sun Oct  4 16:47:17 2026

Set parameter LogFile to value "docs/v42_m1_dw_throughput_optimization/logs/RMP_0003.log"
Gurobi Optimizer version 13.0.2 build v13.0.2rc1 (win64 - Windows 11+.0 (26200.2))

CPU model: 13th Gen Intel(R) Core(TM) i7-13620H, instruction set [SSE2|AVX|AVX2]
Thread count: 10 physical cores, 16 logical processors, using up to 1 threads

Non-default parameters:
TimeLimit  60
FeasibilityTol  1e-08
IntFeasTol  1e-08
OptimalityTol  1e-08
Method  2
LPWarmStart  1
BarConvTol  1e-11
Crossover  1
PreDual  0
LogToConsole  0
Seed  20260929
Threads  1

Optimize a model with 679959 rows, 82327 columns and 7223533 nonzeros (Min)
Model has 1 linear objective coefficients
Coefficient statistics:
  Matrix range     [1e-13, 4e+02]
  Objective range  [1e+00, 1e+00]
  Bounds range     [1e+00, 1e+00]
  RHS range        [2e-24, 2e+03]
Warning: Model contains large matrix coefficient range
         Consider reformulating model or setting NumericFocus parameter
         to avoid numerical issues.

LP warm-start: discard basis
Presolve time: 2.64s
Presolved: 128133 rows, 44718 columns, 1733128 nonzeros

Ordering time: 0.62s

Barrier statistics:
 Dense cols : 2691
 AA' NZ     : 2.145e+06
 Factor NZ  : 4.090e+06 (roughly 100 MB of memory)
 Factor Ops : 1.110e+09 (less than 1 second per iteration)
 Threads    : 1

                  Objective                Residual
Iter       Primal          Dual         Primal    Dual     Compl     Time
   0   4.47204725e+03 -2.10730418e+06  9.25e+07 0.00e+00  5.67e+04     5s
   1   4.47184657e+03 -2.10709011e+06  9.25e+07 1.25e+01  5.67e+04     6s
   2   4.47260631e+03 -2.10812441e+06  9.25e+07 1.20e+01  5.67e+04     6s
   3   4.47269334e+03 -2.11098083e+06  9.24e+07 2.95e+01  5.67e+04     6s
   4   4.47267435e+03 -2.11206784e+06  9.24e+07 2.79e+01  5.67e+04     6s
   5   4.47271281e+03 -2.12269954e+06  9.24e+07 5.12e+01  5.68e+04     7s
   6   4.47289177e+03 -2.12331476e+06  9.24e+07 4.37e+01  5.68e+04     7s
   7   4.47286133e+03 -2.12480941e+06  9.24e+07 5.83e+01  5.68e+04     7s
   8   4.47299188e+03 -2.12569031e+06  9.24e+07 5.89e+01  5.68e+04     7s
   9   4.47298932e+03 -2.12427883e+06  9.24e+07 1.17e+02  5.68e+04     7s
  10   4.47288088e+03 -2.13796279e+06  9.24e+07 1.20e+02  5.68e+04     8s
  11   4.47232597e+03 -2.13939990e+06  9.24e+07 1.21e+02  5.68e+04     8s
  12   4.47238450e+03 -2.12948004e+06  9.24e+07 1.20e+02  5.66e+04     8s
  13   4.47240503e+03 -2.12734833e+06  9.24e+07 1.06e+02  5.64e+04     8s
  14   4.47287273e+03 -2.13469134e+06  9.24e+07 1.15e+02  5.63e+04     9s
  15   4.47303373e+03 -2.13110447e+06  9.24e+07 1.47e+02  5.62e+04     9s
  16   4.47295237e+03 -2.14056122e+06  9.24e+07 1.56e+02  5.62e+04     9s
  17   4.47263269e+03 -2.15005743e+06  9.24e+07 1.60e+02  5.61e+04    10s
  18   4.47295094e+03 -2.14938636e+06  9.24e+07 1.59e+02  5.60e+04    10s
  19   4.47297530e+03 -2.14762192e+06  9.24e+07 1.77e+02  5.60e+04    10s
  20   4.47308307e+03 -2.15656272e+06  9.24e+07 1.79e+02  5.59e+04    10s
  21   4.47321205e+03 -2.20978466e+06  9.24e+07 3.11e+02  5.59e+04    11s

Barrier performed 21 iterations in 10.51 seconds (11.72 work units)
Numerical trouble encountered

Model may be infeasible or unbounded.  Consider using the
homogeneous algorithm (through parameter 'BarHomogeneous')

Iteration    Objective       Primal Inf.    Dual Inf.      Time
       0    1.0000000e+00   1.260684e+06   3.801484e+10     12s
   19042    1.0000000e+00   1.640111e+05   7.975226e+09     15s
   22882    1.0000000e+00   3.043709e+03   8.345911e+08     20s
   24052    1.0000000e+00   1.679229e+02   1.436160e+08     25s
   25361    5.8841039e-01   0.000000e+00   2.341307e-01     30s
Crossover changed status from Numeric to Optimal
   26151    5.8564263e-01   0.000000e+00   0.000000e+00     34s

Solved in 26151 iterations and 33.94 seconds (50.13 work units)
Optimal objective  5.856426290e-01

User-callback calls 27806, time in user-callback 2.71 sec
Set parameter Threads to value 1
Set parameter Method to value 2
Set parameter Crossover to value 1
Set parameter PreDual to value 0
Set parameter BarConvTol to value 1e-11
Set parameter Seed to value 20260929
Set parameter FeasibilityTol to value 1e-08
Set parameter IntFeasTol to value 1e-08
Set parameter OptimalityTol to value 1e-08
Set parameter LPWarmStart to value 1
Set parameter TimeLimit to value 60
