Set parameter Username
Set parameter LicenseID to value 2845475
Academic license - for non-commercial use only - expires 2027-07-18
Set parameter OutputFlag to value 1
Set parameter LogToConsole to value 0
Set parameter OutputFlag to value 1
Set parameter LogToConsole to value 0
Set parameter OutputFlag to value 1
Set parameter LogToConsole to value 0
Set parameter OutputFlag to value 1
Set parameter LogToConsole to value 0
Set parameter OutputFlag to value 1
Set parameter LogToConsole to value 0
RESUME_RMP_OPTIMAL 211 0.5984747449853429 6.371490002266e-08 74.5810411000275
PRICING_DONE 837 MESS01 NEGATIVE_COLUMN_FOUND -0.018830233146535192 -0.030882504564712233 7.337303199979942 82.83427099999972
PRICING_DONE 838 MESS02 NEGATIVE_COLUMN_FOUND -0.014176886247447552 -0.03204495824171046 7.2827793000033125 90.68063590000384
PRICING_DONE 839 MESS03 NEGATIVE_COLUMN_FOUND -0.014916289432206659 -0.031246843237346267 7.024413299979642 98.2485156999901
PRICING_DONE 840 MESS04 NEGATIVE_COLUMN_FOUND -0.01178567304511405 -0.029312090701264185 7.589435399975628 106.38945010001771
RESUME_RMP_OPTIMAL 212 0.5976755421650779 6.225775450729998e-11 125.44763640000019
PRICING_DONE 841 MESS01 NEGATIVE_COLUMN_FOUND -0.012581385888209676 None 0.22462190000806004 126.53162349999184
PRICING_DONE 842 MESS02 NEGATIVE_COLUMN_FOUND -0.008051025999420315 None 0.9655017000040971 129.10894489998464
PRICING_DONE 843 MESS03 NEGATIVE_COLUMN_FOUND -0.009210876918234414 None 0.9493375000311062 131.36841200001072
PRICING_DONE 844 MESS04 NEGATIVE_COLUMN_FOUND -0.005646728095949904 None 0.19184030004544184 132.08658760000253
RESUME_RMP_OPTIMAL 213 0.5968654347708441 3.8106964250772535e-09 151.45225319999736
PRICING_DONE 845 MESS01 NEGATIVE_COLUMN_FOUND -0.010348280729470302 None 0.19982619996881112 152.2112647999893
PRICING_DONE 846 MESS02 NEGATIVE_COLUMN_FOUND -0.008115189992955142 None 0.1887968000373803 153.2018781999941
PRICING_DONE 847 MESS03 NEGATIVE_COLUMN_FOUND -0.009680673274078873 None 0.23074650001944974 154.88280670001404
PRICING_DONE 848 MESS04 NEGATIVE_COLUMN_FOUND -0.006799781466805371 None 0.9683927000151016 157.50494070001878
RESUME_RMP_OPTIMAL 214 0.596524902191981 4.547473508864641e-13 178.57704760000343
PRICING_DONE 849 MESS01 NEGATIVE_COLUMN_FOUND -0.007711189883660189 None 0.21577489998890087 179.321801699989
PRICING_DONE 850 MESS02 NEGATIVE_COLUMN_FOUND -0.007826044630331068 None 0.19172030000481755 180.02949260000605
PRICING_DONE 851 MESS03 NEGATIVE_COLUMN_FOUND -0.009203049257225353 None 0.20386100001633167 181.68998259998625
PRICING_DONE 852 MESS04 NEGATIVE_COLUMN_FOUND -0.006436445479674064 None 0.966755400004331 184.13274790003197
RESUME_RMP_OPTIMAL 215 0.59621370624957 1.177262731744122e-10 205.33125310001196
PRICING_DONE 853 MESS01 NEGATIVE_COLUMN_FOUND -0.006855779932829374 None 0.2813748000189662 206.17709160002414
PRICING_DONE 854 MESS02 NEGATIVE_COLUMN_FOUND -0.00675900088040081 None 0.17531169997528195 206.86572870000964
PRICING_DONE 855 MESS03 NEGATIVE_COLUMN_FOUND -0.008469314210475412 None 0.1631753999972716 207.85550720000174
PRICING_DONE 856 MESS04 NEGATIVE_COLUMN_FOUND -0.006273826957640773 None 0.5575088000041433 210.13842049997766
RESUME_RMP_OPTIMAL 216 0.5958884136960756 6.234124327875179e-12 221.76929860003293
PRICING_DONE 857 MESS01 NEGATIVE_COLUMN_FOUND -0.008366109594750598 None 0.10268720000749454 222.19110629998613
PRICING_DONE 858 MESS02 NEGATIVE_COLUMN_FOUND -0.006155016267498505 None 0.0961941999848932 222.5776052000001
PRICING_DONE 859 MESS03 NEGATIVE_COLUMN_FOUND -0.005757163224502479 None 0.10452340001938865 222.96269050001865
PRICING_DONE 860 MESS04 NEGATIVE_COLUMN_FOUND -0.005324897186338083 None 0.11396630003582686 223.55843989999266
RESUME_RMP_OPTIMAL 217 0.595684856844087 2.9132252166164108e-12 237.933507299982
PRICING_DONE 861 MESS01 NEGATIVE_COLUMN_FOUND -0.005147551628637334 None 0.19118819996947423 238.76621969998814
PRICING_DONE 862 MESS02 NEGATIVE_COLUMN_FOUND -0.004929722538261798 None 0.18946870003128424 239.49711629998637
PRICING_DONE 863 MESS03 NEGATIVE_COLUMN_FOUND -0.006133444773552212 None 0.171756399970036 240.17802719998872
PRICING_DONE 864 MESS04 NEGATIVE_COLUMN_FOUND -0.00418668928008337 None 0.15366130002075806 242.02602069999557
RESUME_RMP_OPTIMAL 218 0.5955174782818956 2.2853541281619982e-10 263.626187100017
PRICING_DONE 865 MESS01 NEGATIVE_COLUMN_FOUND -0.00520088678330442 None 0.17803740000817925 264.35974610003177
PRICING_DONE 866 MESS02 NEGATIVE_COLUMN_FOUND -0.0030544497096897014 None 0.18192459997953847 265.0579515999998
PRICING_DONE 867 MESS03 NEGATIVE_COLUMN_FOUND -0.0043014000309061955 None 0.1841788999736309 265.8203526000143
PRICING_DONE 868 MESS04 NEGATIVE_COLUMN_FOUND -0.0017975379102010364 None 0.18456820002757013 266.5376462999848
RESUME_RMP_OPTIMAL 219 0.5953970499061292 2.432685164421855e-10 286.5998808000004
PRICING_DONE 869 MESS01 NEGATIVE_COLUMN_FOUND -0.0060510346636129374 None 0.8728080000146292 289.7165583000169
PRICING_DONE 870 MESS02 NEGATIVE_COLUMN_FOUND -0.004454681980438631 None 0.4017191000166349 290.675567600003
PRICING_DONE 871 MESS03 NEGATIVE_COLUMN_FOUND -0.004717408250979868 None 0.2121982999960892 291.4012594000087
PRICING_DONE 872 MESS04 NEGATIVE_COLUMN_FOUND -0.003568930456572783 None 0.22405119996983558 292.1444562000106
RESUME_RMP_OPTIMAL 220 0.595323236832204 2.7839863747658455e-10 310.60002289997647
PRICING_DONE 873 MESS01 NEGATIVE_COLUMN_FOUND -0.005278813783173757 None 0.23345109994988889 311.3925013000262
PRICING_DONE 874 MESS02 NEGATIVE_COLUMN_FOUND -0.003553330610654121 None 0.1903316000243649 312.39176740002586
PRICING_DONE 875 MESS03 NEGATIVE_COLUMN_FOUND -0.0035649482154488433 None 0.19304990000091493 313.93809050001437
PRICING_DONE 876 MESS04 NEGATIVE_COLUMN_FOUND -0.0021222076114172515 None 0.8347579999826849 316.286238300032
RESUME_RMP_OPTIMAL 221 0.5951650912074296 1.3091394635011966e-10 338.0051639000303
PRICING_DONE 877 MESS01 NEGATIVE_COLUMN_FOUND -0.0030622739307519195 None 0.2601025000330992 338.8624966000207
PRICING_DONE 878 MESS02 NEGATIVE_COLUMN_FOUND -0.0011264394444942486 None 0.12383810000028461 339.99556250002934
PRICING_DONE 879 MESS03 NEGATIVE_COLUMN_FOUND -0.002680053954127763 None 0.15435229998547584 341.8757136000204
PRICING_DONE 880 MESS04 NEGATIVE_COLUMN_FOUND -0.0005150315663973873 None 1.358657599950675 345.04226249997737
RESUME_RMP_OPTIMAL 222 0.5950602051862252 9.28539911626558e-10 366.14079590002075
PRICING_DONE 881 MESS01 NEGATIVE_COLUMN_FOUND -0.0030697837293398875 None 0.23423040000488982 366.9401615000097
PRICING_DONE 882 MESS02 NEGATIVE_COLUMN_FOUND -0.0026760326071862063 None 0.19693660002667457 367.6803472000174
PRICING_DONE 883 MESS03 NEGATIVE_COLUMN_FOUND -0.0028663590692866257 None 0.19087930000387132 369.8884414000204
PRICING_DONE 884 MESS04 NEGATIVE_COLUMN_FOUND -0.001076103828260479 None 0.96337750001112 372.8472719999845
RESUME_RMP_OPTIMAL 223 0.5950239560797017 2.9030111647898593e-12 393.79453260003356
PRICING_DONE 885 MESS01 NEGATIVE_COLUMN_FOUND -0.00418099234187663 None 0.2674578000442125 394.6683479999774
PRICING_DONE 886 MESS02 NEGATIVE_COLUMN_FOUND -0.004084303260458949 None 0.19111610000254586 395.39088279998396
PRICING_DONE 887 MESS03 NEGATIVE_COLUMN_FOUND -0.004476276090104427 None 0.19187869998859242 397.0997212000075
PRICING_DONE 888 MESS04 NEGATIVE_COLUMN_FOUND -0.0025294014580619813 None 1.0326762999757193 399.8661257000058
RESUME_RMP_OPTIMAL 224 0.5949825985864153 8.781686489101048e-11 421.4090212000301
PRICING_DONE 889 MESS01 NEGATIVE_COLUMN_FOUND -0.003198633413528699 None 0.23635690001538023 422.21743429999333
PRICING_DONE 890 MESS02 NEGATIVE_COLUMN_FOUND -0.0021942261442939198 None 0.19046630000229925 422.9433843999868
PRICING_DONE 891 MESS03 NEGATIVE_COLUMN_FOUND -0.002469655351213811 None 0.20444640005007386 423.7042187000043
PRICING_DONE 892 MESS04 NEGATIVE_COLUMN_FOUND -0.0004754921173144887 None 0.936484899953939 426.78808800003026
RESUME_RMP_OPTIMAL 225 0.5949297133833407 3.163247441761996e-11 448.21153169998433
PRICING_DONE 893 MESS01 NEGATIVE_COLUMN_FOUND -0.0033926238098244666 None 0.20811139995930716 449.01384969998617
PRICING_DONE 894 MESS02 NEGATIVE_COLUMN_FOUND -0.0029410885381177133 None 0.2337371000321582 449.7834528000094
PRICING_DONE 895 MESS03 NEGATIVE_COLUMN_FOUND -0.0030411873895071213 None 0.26187549997121096 450.6002157999901
PRICING_DONE 896 MESS04 NEGATIVE_COLUMN_FOUND -0.0013253199706562933 None 0.24189879995537922 452.77552790002665
RESUME_RMP_OPTIMAL 226 0.5948984385232923 1.205453514785404e-10 476.1039836999844
PRICING_DONE 897 MESS01 NEGATIVE_COLUMN_FOUND -0.0032114502576695873 None 0.21609179995721206 476.9216642000247
PRICING_DONE 898 MESS02 NEGATIVE_COLUMN_FOUND -0.002362250415932231 None 0.19789379998110235 477.66157420002855
PRICING_DONE 899 MESS03 NEGATIVE_COLUMN_FOUND -0.0026542769796919605 None 0.19536599999992177 478.38503300002776
PRICING_DONE 900 MESS04 NEGATIVE_COLUMN_FOUND -0.00026346191272220493 None 0.26483270002063364 480.4143744999892
RESUME_RMP_OPTIMAL 227 0.5948585170837218 2.9805846679664683e-10 498.12165739998454
PRICING_DONE 901 MESS01 NEGATIVE_COLUMN_FOUND -0.00275926906637393 None 1.3289563999860547 500.09133229998406
PRICING_DONE 902 MESS02 NEGATIVE_COLUMN_FOUND -0.0020357146882901502 None 0.09968540002591908 500.4762791999965
PRICING_DONE 903 MESS03 NEGATIVE_COLUMN_FOUND -0.0021372590967687686 None 0.10070100001757964 500.8645813000039
PRICING_DONE 904 MESS04 NEGATIVE_COLUMN_FOUND -0.0003488863754442157 None 0.09907860000384971 501.2508659000159
RESUME_RMP_OPTIMAL 228 0.5948376496204718 2.5031627659544142e-08 512.8553668999812
PRICING_DONE 905 MESS01 NEGATIVE_COLUMN_FOUND -0.0026884304099098837 None 1.5335558999795467 516.4674329999834
PRICING_DONE 906 MESS02 NEGATIVE_COLUMN_FOUND -0.0017099022409755777 None 0.44262770004570484 517.49484140001
PRICING_DONE 907 MESS03 NEGATIVE_COLUMN_FOUND -0.0018463594640889727 None 0.21603429998503998 518.2398777999915
PRICING_DONE 908 MESS04 NEGATIVE_COLUMN_FOUND -0.0008965136591968012 None 0.18347379995975643 518.9593870000099
RESUME_RMP_OPTIMAL 229 0.5948163606722032 1.5019541166338968e-10 538.2697301000007
PRICING_DONE 909 MESS01 NEGATIVE_COLUMN_FOUND -0.002319170883193452 None 0.1847451000357978 539.108423000027
PRICING_DONE 910 MESS02 NEGATIVE_COLUMN_FOUND -0.0013536393182316548 None 0.16721909999614581 540.7224375000224
PRICING_DONE 911 MESS03 NEGATIVE_COLUMN_FOUND -0.0015495101235416934 None 1.1198575000162236 543.7163639999926
PRICING_DONE 912 MESS04 NEGATIVE_COLUMN_FOUND -0.016590218429802676 -0.02554718811757228 4.883342900022399 549.2896137000062
RESUME_RMP_OPTIMAL 230 0.5946146702256078 3.951097227172795e-10 571.9753496000194
PRICING_DONE 913 MESS01 NEGATIVE_COLUMN_FOUND -0.00445374001719427 None 0.19959699996979907 572.7313371999771
PRICING_DONE 914 MESS02 NEGATIVE_COLUMN_FOUND -0.0027440974514307504 None 0.17373949999455363 573.4591538999812
PRICING_DONE 915 MESS03 NEGATIVE_COLUMN_FOUND -0.002811236825199983 None 0.20191470003919676 574.4873412000015
PRICING_DONE 916 MESS04 NEGATIVE_COLUMN_FOUND -0.008907331455401948 None 0.2027642999892123 575.2500881000306
RESUME_RMP_OPTIMAL 231 0.5943571388199269 2.948076227582419e-10 594.831111699983
PRICING_DONE 917 MESS01 NEGATIVE_COLUMN_FOUND -0.00384596602618469 None 0.9973643000121228 597.6957610999816
PRICING_DONE 918 MESS02 NEGATIVE_COLUMN_FOUND -0.0027114810373106346 None 1.1474342999863438 599.7949867999996
PRICING_DONE 919 MESS03 NEGATIVE_COLUMN_FOUND -0.0029625247562076484 None 0.22167980001540855 600.5935498999897
PRICING_DONE 920 MESS04 NEGATIVE_COLUMN_FOUND -0.007559226052676421 None 0.16144120000535622 601.5902913000318
RESUME_RMP_OPTIMAL 232 0.5942322908400638 7.796494561063128e-10 620.6372704000096
PRICING_DONE 921 MESS01 NEGATIVE_COLUMN_FOUND -0.004921061139116325 None 0.22376770002301782 621.463039299997
PRICING_DONE 922 MESS02 NEGATIVE_COLUMN_FOUND -0.005309634240283012 None 0.24209940002765507 622.2493648999953
PRICING_DONE 923 MESS03 NEGATIVE_COLUMN_FOUND -0.005333729202140993 None 0.09974809997947887 623.3942565000034
PRICING_DONE 924 MESS04 NEGATIVE_COLUMN_FOUND -0.007599246033411683 None 1.2187397999805398 626.6329230000265
RESUME_RMP_OPTIMAL 233 0.5941122539010774 1.4187380992236598e-09 648.4928130999906
PRICING_DONE 925 MESS01 NEGATIVE_COLUMN_FOUND -0.0032994138894056908 None 0.24238499999046326 649.3232447000337
PRICING_DONE 926 MESS02 NEGATIVE_COLUMN_FOUND -0.0022906164739838445 None 0.20582139998441562 650.064280599996
PRICING_DONE 927 MESS03 NEGATIVE_COLUMN_FOUND -0.0024745943732534114 None 0.1790622000116855 651.0853174999938
PRICING_DONE 928 MESS04 NEGATIVE_COLUMN_FOUND -0.005872328393797018 None 1.1776261999621056 653.9259545999812
RESUME_RMP_OPTIMAL 234 0.5938520440773183 1.2297984852693844e-10 673.0791064000223
PRICING_DONE 929 MESS01 NEGATIVE_COLUMN_FOUND -0.004127777078872567 None 0.5965703999972902 674.6193382000201
PRICING_DONE 930 MESS02 NEGATIVE_COLUMN_FOUND -0.003699828056409703 None 0.18889029999263585 675.3613581000245
PRICING_DONE 931 MESS03 NEGATIVE_COLUMN_FOUND -0.0038186777396168273 None 0.22651150001911446 676.1183335999958
PRICING_DONE 932 MESS04 NEGATIVE_COLUMN_FOUND -0.004335456580519366 None 0.20650530001148582 676.8594840000151
RESUME_RMP_OPTIMAL 235 0.5937453139079416 2.454036973631446e-11 699.3554875000264
PRICING_DONE 933 MESS01 NEGATIVE_COLUMN_FOUND -0.002743002407281178 None 1.2208655999857 701.9031712000142
PRICING_DONE 934 MESS02 NEGATIVE_COLUMN_FOUND -0.0022561527410662097 None 0.17395479994593188 702.6834314999869
PRICING_DONE 935 MESS03 NEGATIVE_COLUMN_FOUND -0.002558087143581561 None 0.24134430004050955 703.4621504999814
PRICING_DONE 936 MESS04 NEGATIVE_COLUMN_FOUND -0.003185804506972689 None 0.19787319999886677 704.1873792000115
RESUME_RMP_OPTIMAL 236 0.5936529798897608 2.442992474982475e-10 723.4632382999989
PRICING_DONE 937 MESS01 NEGATIVE_COLUMN_FOUND -0.003106478500638785 None 0.23935570003231987 724.2769499000278
PRICING_DONE 938 MESS02 NEGATIVE_COLUMN_FOUND -0.0017275731302620991 None 0.23694330005673692 726.4713849999825
PRICING_DONE 939 MESS03 NEGATIVE_COLUMN_FOUND -0.0023200930186929513 None 1.013734900043346 729.3397210999974
PRICING_DONE 940 MESS04 NEGATIVE_COLUMN_FOUND -0.003498559134434756 None 0.1930104999919422 730.1128785000183
RESUME_RMP_OPTIMAL 237 0.5935470729131096 6.610378910920645e-11 750.8050259000156
PRICING_DONE 941 MESS01 NEGATIVE_COLUMN_FOUND -0.0024492286502081862 None 0.24412869999650866 751.6124294000329
PRICING_DONE 942 MESS02 NEGATIVE_COLUMN_FOUND -0.0013496754118856914 None 0.2013130999985151 752.6399986000033
PRICING_DONE 943 MESS03 NEGATIVE_COLUMN_FOUND -0.00154076824183216 None 0.7714232999715023 755.3035839999793
PRICING_DONE 944 MESS04 NEGATIVE_COLUMN_FOUND -0.0038316056794963174 None 0.9607171999523416 757.6815192999784
RESUME_RMP_OPTIMAL 238 0.593487774139828 1.1618486395192917e-08 778.568877200014
PRICING_DONE 945 MESS01 NEGATIVE_COLUMN_FOUND -0.0022474316698882064 None 0.20761409995611757 779.3588889000239
PRICING_DONE 946 MESS02 NEGATIVE_COLUMN_FOUND -0.001467122284344259 None 0.18254910001996905 780.0666945999837
PRICING_DONE 947 MESS03 NEGATIVE_COLUMN_FOUND -0.0013994224604127535 None 0.23141549999127164 782.386446700024
PRICING_DONE 948 MESS04 NEGATIVE_COLUMN_FOUND -0.005033732517209187 None 0.8666765000089072 785.169090499985
RESUME_RMP_OPTIMAL 239 0.5934394011852728 5.5202144522148444e-08 806.4480676000239
PRICING_DONE 949 MESS01 NEGATIVE_COLUMN_FOUND -0.00260108462676227 None 0.24567239999305457 807.276112099993
PRICING_DONE 950 MESS02 NEGATIVE_COLUMN_FOUND -0.002202485922026962 None 0.14798439998412505 807.9554008999839
PRICING_DONE 951 MESS03 NEGATIVE_COLUMN_FOUND -0.0023093311892464054 None 0.19171310000820085 810.0051201999886
PRICING_DONE 952 MESS04 NEGATIVE_COLUMN_FOUND -0.002748962965357246 None 1.000983299978543 812.7084093000158
RESUME_RMP_OPTIMAL 240 0.5933858057729712 1.209676803171078e-10 825.2339160999982
PRICING_DONE 953 MESS01 NEGATIVE_COLUMN_FOUND -0.002703157381014046 None 0.1268800999969244 825.678085600026
PRICING_DONE 954 MESS02 NEGATIVE_COLUMN_FOUND -0.0021279427941688534 None 0.10477259999606758 826.0682385999826
PRICING_DONE 955 MESS03 NEGATIVE_COLUMN_FOUND -0.002587496647793238 None 2.258658899983857 828.6578062999761
PRICING_DONE 956 MESS04 NEGATIVE_COLUMN_FOUND -0.001929821865351044 None 0.10291350004263222 829.2307609000127
RESUME_RMP_OPTIMAL 241 0.5933551663593415 1.0979106512820636e-10 840.2702340999967
PRICING_DONE 957 MESS01 NEGATIVE_COLUMN_FOUND -0.002268306371006044 None 0.12299740000162274 840.7103286000201
PRICING_DONE 958 MESS02 NEGATIVE_COLUMN_FOUND -0.0017735331099284059 None 0.10171229997649789 841.5904700999963
PRICING_DONE 959 MESS03 NEGATIVE_COLUMN_FOUND -0.00225533585028007 None 0.8556570999789983 844.2229964000289
PRICING_DONE 960 MESS04 NEGATIVE_COLUMN_FOUND -0.002274545670541079 None 1.2225432000122964 846.3671308000339
RESUME_RMP_OPTIMAL 242 0.5933324101854305 8.189005029635155e-13 866.563627000025
PRICING_DONE 961 MESS01 NEGATIVE_COLUMN_FOUND -0.0021624716941339153 None 0.2392503999872133 867.3590508999769
PRICING_DONE 962 MESS02 NEGATIVE_COLUMN_FOUND -0.0015976118322793462 None 0.10127260000444949 867.993180999998
PRICING_DONE 963 MESS03 NEGATIVE_COLUMN_FOUND -0.0018433208859698132 None 0.24418619996868074 869.7106961000245
PRICING_DONE 964 MESS04 NEGATIVE_COLUMN_FOUND -0.0017867321002235184 None 0.8929448000271805 872.1093182000332
RESUME_RMP_OPTIMAL 243 0.5932955662060674 1.4325529651415536e-10 893.9450798000325
PRICING_DONE 965 MESS01 NEGATIVE_COLUMN_FOUND -0.002035254754814237 None 0.24386990000493824 895.0560664000222
PRICING_DONE 966 MESS02 NEGATIVE_COLUMN_FOUND -0.001348805792281924 None 0.1631504999822937 895.7490946000325
PRICING_DONE 967 MESS03 NEGATIVE_COLUMN_FOUND -0.0016856402352168458 None 0.6442106000031345 898.2803211000282
PRICING_DONE 968 MESS04 NEGATIVE_COLUMN_FOUND -0.001797073680796797 None 0.824647500005085 900.5915462999837
RESUME_RMP_OPTIMAL 244 0.5932736941928758 3.8676195579512296e-10 921.0332903999952
PRICING_DONE 969 MESS01 NEGATIVE_COLUMN_FOUND -0.0019852322217485227 None 0.22704869997687638 922.1158067000215
PRICING_DONE 970 MESS02 NEGATIVE_COLUMN_FOUND -0.0013914878582284786 None 0.20018149999668822 922.8354591000243
PRICING_DONE 971 MESS03 NEGATIVE_COLUMN_FOUND -0.0018400432743355718 None 0.0971389000187628 924.8848820999847
PRICING_DONE 972 MESS04 NEGATIVE_COLUMN_FOUND -0.0022760120608458357 None 0.9955634999787435 927.7339953000192
RESUME_RMP_OPTIMAL 245 0.5932551660669615 1.4166323669684289e-09 948.6141342999763
PRICING_DONE 973 MESS01 NEGATIVE_COLUMN_FOUND -0.0017805848099497338 None 0.2285315000335686 949.4053788000019
PRICING_DONE 974 MESS02 NEGATIVE_COLUMN_FOUND -0.0014760415192572797 None 0.21084179996978492 950.4599830000079
PRICING_DONE 975 MESS03 NEGATIVE_COLUMN_FOUND -0.0016737223813854027 None 0.9510860000154935 952.9770716999774
PRICING_DONE 976 MESS04 NEGATIVE_COLUMN_FOUND -0.0016636930282200458 None 1.0112379000056535 955.4617117000162
RESUME_RMP_OPTIMAL 246 0.5932477117107717 1.1939862432086557e-09 976.4634313000133
PRICING_DONE 977 MESS01 NEGATIVE_COLUMN_FOUND -0.0014734342879288715 None 0.25633790000574663 977.2842878000229
PRICING_DONE 978 MESS02 NEGATIVE_COLUMN_FOUND -0.0011792604377840398 None 0.2037716000340879 978.0132785000023
PRICING_DONE 979 MESS03 NEGATIVE_COLUMN_FOUND -0.001345078401306571 None 0.19782340002711862 980.2303065999877
PRICING_DONE 980 MESS04 NEGATIVE_COLUMN_FOUND -0.0020988238109526675 None 1.0323227000189945 983.1018989000004
RESUME_RMP_OPTIMAL 247 0.5932304401084385 1.317721931570759e-09 1003.9627533000312
PRICING_DONE 981 MESS01 NEGATIVE_COLUMN_FOUND -0.0014868743197023933 None 0.22422249999362975 1004.7562687000027
PRICING_DONE 982 MESS02 NEGATIVE_COLUMN_FOUND -0.0011868729619894192 None 0.2277106999536045 1005.5151182999834
PRICING_DONE 983 MESS03 NEGATIVE_COLUMN_FOUND -0.0013761067305736428 None 0.18874420004431158 1007.2519159999792
PRICING_DONE 984 MESS04 NEGATIVE_COLUMN_FOUND -0.0019118194048164216 None 1.1567642000154592 1010.1977519000066
RESUME_RMP_OPTIMAL 248 0.5932148331529433 2.8303004384611086e-10 1031.541030900029
PRICING_DONE 985 MESS01 NEGATIVE_COLUMN_FOUND -0.00140938488724044 None 0.18699109996668994 1032.3027440999867
PRICING_DONE 986 MESS02 NEGATIVE_COLUMN_FOUND -0.0010175496463488943 None 0.19502840004861355 1033.0034026000067
PRICING_DONE 987 MESS03 NEGATIVE_COLUMN_FOUND -0.0012247519613425388 None 0.12599010003032163 1034.2797636000323
PRICING_DONE 988 MESS04 NEGATIVE_COLUMN_FOUND -0.0014462157104964165 None 1.0804204000160098 1037.9230006000143
RESUME_RMP_OPTIMAL 249 0.5932023467826867 1.2034033769481312e-09 1059.6978970000055
PRICING_DONE 989 MESS01 NEGATIVE_COLUMN_FOUND -0.0014376570738288254 None 0.22643939999397844 1060.505894300004
PRICING_DONE 990 MESS02 NEGATIVE_COLUMN_FOUND -0.0011333269796686472 None 0.1554426000220701 1061.2104196000146
PRICING_DONE 991 MESS03 NEGATIVE_COLUMN_FOUND -0.0014028649562428405 None 0.20480400003725663 1062.6792385000153
PRICING_DONE 992 MESS04 NEGATIVE_COLUMN_FOUND -0.001987190460017633 None 0.8957873999606818 1065.3406499000266
RESUME_RMP_OPTIMAL 250 0.5931966926594539 6.424148768502391e-09 1087.0608957000077
PRICING_DONE 993 MESS01 NEGATIVE_COLUMN_FOUND -0.0014630950748492362 None 0.22838289994979277 1088.164720300003
PRICING_DONE 994 MESS02 NEGATIVE_COLUMN_FOUND -0.0011028801767365732 None 0.19361359998583794 1088.9558664999786
PRICING_DONE 995 MESS03 NEGATIVE_COLUMN_FOUND -0.0011968679937109077 None 0.12149710004450753 1090.7261917000287
PRICING_DONE 996 MESS04 NEGATIVE_COLUMN_FOUND -0.001431172421848114 None 0.9730110000236891 1093.3844012999907
RESUME_RMP_OPTIMAL 251 0.5931753876199107 5.74867692115788e-07 1115.467461800028
PRICING_DONE 997 MESS01 NEGATIVE_COLUMN_FOUND -0.0013129633118330094 None 0.2420816000085324 1116.6352337999851
PRICING_DONE 998 MESS02 NEGATIVE_COLUMN_FOUND -0.0010856983701083016 None 0.8852290000068024 1119.764477299992
PRICING_DONE 999 MESS03 NEGATIVE_COLUMN_FOUND -0.0011248466199265982 None 1.2416764000081457 1121.7561302999966
PRICING_DONE 1000 MESS04 NEGATIVE_COLUMN_FOUND -0.001610390538531574 None 0.2590250000357628 1122.5856798000168
RESUME_RMP_OPTIMAL 252 0.593163287630254 7.436717908149149e-11 1142.8558686000179
PRICING_DONE 1001 MESS01 NEGATIVE_COLUMN_FOUND -0.0013201827656980115 None 0.20932810002705082 1143.9878299999982
PRICING_DONE 1002 MESS02 NEGATIVE_COLUMN_FOUND -0.0009870960072200297 None 0.20015509997028857 1145.898530800012
PRICING_DONE 1003 MESS03 NEGATIVE_COLUMN_FOUND -0.0011605367884487525 None 1.6554951000143774 1148.843239800015
PRICING_DONE 1004 MESS04 NEGATIVE_COLUMN_FOUND -0.0014928186725339109 None 0.22124230000190437 1149.632291499991
RESUME_RMP_OPTIMAL 253 0.5931505238688893 1.7644001815142474e-09 1170.5827859999845
PRICING_DONE 1005 MESS01 NEGATIVE_COLUMN_FOUND -0.0009090240574643449 None 0.2829990000464022 1171.4577964000055
PRICING_DONE 1006 MESS02 NEGATIVE_COLUMN_FOUND -0.0004894506886473589 None 0.6064158999943174 1174.3209563000128
PRICING_DONE 1007 MESS03 NEGATIVE_COLUMN_FOUND -0.0006489560770609051 None 0.9486575000337325 1176.5160520999925
PRICING_DONE 1008 MESS04 NEGATIVE_COLUMN_FOUND -0.0011639033328901106 None 0.24108379997778684 1177.3132364000194
RESUME_RMP_OPTIMAL 254 0.5931402586571309 8.863141331971747e-10 1198.7892078000004
PRICING_DONE 1009 MESS01 NEGATIVE_COLUMN_FOUND -0.0011302958471250692 None 0.20714710000902414 1199.5632313999813
PRICING_DONE 1010 MESS02 NEGATIVE_COLUMN_FOUND -0.0008625626229865223 None 0.6868618000298738 1201.881931299984
PRICING_DONE 1011 MESS03 NEGATIVE_COLUMN_FOUND -0.0009304202709335228 None 1.133198999974411 1204.7102048000088
PRICING_DONE 1012 MESS04 NEGATIVE_COLUMN_FOUND -0.0017731680908947486 None 0.2489547999575734 1205.525597400032
RESUME_RMP_OPTIMAL 255 0.5931143383641128 5.891336307684014e-10 1225.5455683000037
PRICING_DONE 1013 MESS01 NEGATIVE_COLUMN_FOUND -0.001933078138050091 None 0.24017209996236488 1226.3589375999873
PRICING_DONE 1014 MESS02 NEGATIVE_COLUMN_FOUND -0.0013595283452326379 None 0.18535689997952431 1227.0661258000182
PRICING_DONE 1015 MESS03 NEGATIVE_COLUMN_FOUND -0.0016053710749086346 None 0.18269789998885244 1229.245206099993
PRICING_DONE 1016 MESS04 NEGATIVE_COLUMN_FOUND -0.0012427985896600164 None 1.0731576000107452 1232.35666759999
RESUME_RMP_OPTIMAL 256 0.5931058918438177 6.891065496006377e-10 1255.1938038999797
PRICING_DONE 1017 MESS01 NEGATIVE_COLUMN_FOUND -0.0013186190446373147 None 0.2446514000184834 1257.5261235000216
PRICING_DONE 1018 MESS02 NEGATIVE_COLUMN_FOUND -0.0007670570693403898 None 0.9997961000190116 1260.1522961999872
PRICING_DONE 1019 MESS03 NEGATIVE_COLUMN_FOUND -0.0008896645146615711 None 0.20468650001566857 1260.89414639998
PRICING_DONE 1020 MESS04 NEGATIVE_COLUMN_FOUND -0.001415009603497726 None 0.19993599998997524 1261.9382438000175
RESUME_RMP_OPTIMAL 257 0.59309607187476 5.703465588702272e-09 1282.2351928999997
PRICING_DONE 1021 MESS01 NEGATIVE_COLUMN_FOUND -0.0010847867243460696 None 0.23977129999548197 1283.051019800012
PRICING_DONE 1022 MESS02 NEGATIVE_COLUMN_FOUND -0.0007197286253611477 None 0.7912175999954343 1285.625041900028
PRICING_DONE 1023 MESS03 NEGATIVE_COLUMN_FOUND -0.0008384190118025386 None 1.003523999999743 1287.9198052000138
PRICING_DONE 1024 MESS04 NEGATIVE_COLUMN_FOUND -0.0009665772915672698 None 0.19646199996350333 1288.9628069000319
RESUME_RMP_OPTIMAL 258 0.5930923680359458 1.0847350795373245e-09 1309.2474509000313
PRICING_DONE 1025 MESS01 NEGATIVE_COLUMN_FOUND -0.0008738327732721507 None 0.22560589999193326 1310.059944699984
PRICING_DONE 1026 MESS02 NEGATIVE_COLUMN_FOUND -0.000633060172301885 None 0.20316490001277998 1310.8449540000292
PRICING_DONE 1027 MESS03 NEGATIVE_COLUMN_FOUND -0.0010144066841804302 None 0.7717121999594383 1313.4278686000034
PRICING_DONE 1028 MESS04 NEGATIVE_COLUMN_FOUND -0.0010149692172108564 None 1.2353049999801442 1315.7319235000177
RESUME_RMP_OPTIMAL 259 0.5930682892630973 2.8343194324875753e-07 1337.282687400002
PRICING_DONE 1029 MESS01 NEGATIVE_COLUMN_FOUND -0.001293971094193366 None 0.21065820002695546 1338.4113139000256
PRICING_DONE 1030 MESS02 NEGATIVE_COLUMN_FOUND -0.0005234877638010284 None 0.9445383999845944 1341.065898400033
PRICING_DONE 1031 MESS03 NEGATIVE_COLUMN_FOUND -0.0008002615060912544 None 0.9797894000075758 1342.9466405999847
PRICING_DONE 1032 MESS04 NEGATIVE_COLUMN_FOUND -0.001222363667970885 None 0.19445800001267344 1343.6808719999972
RESUME_RMP_OPTIMAL 260 0.59306142338896 1.5723795598887591e-09 1363.9493480999954
PRICING_DONE 1033 MESS01 NEGATIVE_COLUMN_FOUND -0.0012842008667820796 None 0.20622870000079274 1365.0448666000157
PRICING_DONE 1034 MESS02 NEGATIVE_COLUMN_FOUND -0.001088279686709744 None 0.23671019996982068 1366.3786194000277
PRICING_DONE 1035 MESS03 NEGATIVE_COLUMN_FOUND -0.001054929274655281 None 1.0575358000351116 1369.5863891000045
PRICING_DONE 1036 MESS04 NEGATIVE_COLUMN_FOUND -0.0015455984957233784 None 0.5494146000128239 1370.7294727999833
RESUME_RMP_OPTIMAL 261 0.5930505960443893 3.899359057868423e-09 1391.4861358000198
PRICING_DONE 1037 MESS01 NEGATIVE_COLUMN_FOUND -0.0011672407626823072 None 0.23833860002923757 1392.3260637000203
PRICING_DONE 1038 MESS02 NEGATIVE_COLUMN_FOUND -0.0005779979096155412 None 0.17587889998685569 1394.1556600999902
PRICING_DONE 1039 MESS03 NEGATIVE_COLUMN_FOUND -0.0007089033879449154 None 0.8506242000148632 1396.977245200018
PRICING_DONE 1040 MESS04 NEGATIVE_COLUMN_FOUND -0.0011502187453222333 None 0.7371428000042215 1398.3637802000158
RESUME_RMP_OPTIMAL 262 0.59303720565463 4.610640758073714e-10 1418.8594199999934
PRICING_DONE 1041 MESS01 NEGATIVE_COLUMN_FOUND -0.0013540427863598173 None 0.24207769997883588 1419.696674100007
PRICING_DONE 1042 MESS02 NEGATIVE_COLUMN_FOUND -0.0006902985377190528 None 0.23665490001440048 1421.4437793000252
PRICING_DONE 1043 MESS03 NEGATIVE_COLUMN_FOUND -0.001097766906962308 None 2.095387299952563 1424.3741554000298
PRICING_DONE 1044 MESS04 NEGATIVE_COLUMN_FOUND -0.0011279684090281898 None 0.10475170001154765 1424.768837600015
DW_RESUME_DONE {'status': 'INCONCLUSIVE', 'stop_reason': 'RMP_NOT_OPTIMAL', 'original_pilot_status': 'INCONCLUSIVE', 'original_pilot_preserved': True, 'checkpoint_columns': 840, 'new_RMP_solves': 53, 'new_pricing_calls': 208, 'new_validated_columns': 208, 'cumulative_RMP_calls': 263, 'cumulative_pricing_calls': 1044, 'cumulative_columns': 1048, 'final_master_columns': 82265, 'original_heavy_wall_seconds': 2141.402752700029, 'resumed_heavy_wall_seconds': 1444.9481143000303, 'cumulative_heavy_wall_seconds': 3586.350867000059, 'remaining_original_budget_seconds': 12.130549199937377, 'wall_budget_PASS': True, 'RMP_rebuild_seconds': 37.758826399978716, 'first_resumed_RMP_objective': 0.5984747449853429, 'first_resumed_RMP_max_residual': 6.371490002266e-08, 'last_RMP_objective': None, 'last_RMP_max_residual': None, 'total_new_solver_optimize_wall': 952.8819699003361, 'DW_ROOT_OPTIMAL_CERTIFIED': False, 'DW_root_LB': None, 'material_gate': {'status': 'INCONCLUSIVE', 'delta_LB': None, 'relative_gap_closure': None, 'baseline_gap': 0.150436089035367, 'new_gap': None, 'U_ref': 0.6694159238756876, 'diagnostic_only': True}, 'final_pricing_certificates': {'MESS01': False, 'MESS02': False, 'MESS03': False, 'MESS04': False}, 'failed_iteration_210_dual_reused': False, 'old_pricing_replay_calls': 0, 'restarted_from_zero': False, 'postsolve_audit_tolerance': 1e-06, 'solver_tolerance': 1e-08, 'no_column_BestBd_threshold': -1e-08, 'negative_column_threshold': -1e-07, 'branch_and_price_run': False, 'production_M1_run': False, 'P2_RUN': False, 'A2_RUN': False, 'M2_RUN': False, 'campaign_optimizer_calls': 0, 'campaign_Actual_calls': 0, 'campaign_Fresh_AC_calls': 0}
