
Gurobi 13.0.2 (win64) logging started Wed Oct  7 02:27:05 2026

Set parameter OutputFlag to value 1
Gurobi Optimizer version 13.0.2 build v13.0.2rc1 (win64 - Windows 11+.0 (26200.2))

CPU model: 13th Gen Intel(R) Core(TM) i7-13620H, instruction set [SSE2|AVX|AVX2]
Thread count: 10 physical cores, 16 logical processors, using up to 1 threads

Non-default parameters:
MIPGap  0.005
Method  1
Seed  20260929
Threads  1

Presolve a model with 9133426 rows, 7449002 columns and 53767578 nonzeros (Min)
Model fingerprint: 0xb21e542f
Model has 1 linear objective coefficients
Variable types: 5184087 continuous, 2264915 integer (2223230 binary)
Coefficient statistics:
  Matrix range     [1e-13, 3e+05]
  Objective range  [1e+00, 1e+00]
  Bounds range     [1e+00, 3e+05]
  RHS range        [2e-08, 1e+06]
Warning: Model contains large matrix coefficient range
         Consider reformulating model or setting NumericFocus parameter
         to avoid numerical issues.
Presolve removed 1451048 rows and 668100 columns (presolve time = 5s)...
Presolve removed 1575967 rows and 668159 columns (presolve time = 10s)...
Presolve removed 1681668 rows and 768985 columns (presolve time = 15s)...
Presolve removed 1740036 rows and 768985 columns (presolve time = 20s)...
Presolve removed 1877699 rows and 772543 columns (presolve time = 25s)...
Presolve removed 1884993 rows and 779935 columns (presolve time = 30s)...
Presolve removed 1886238 rows and 784111 columns (presolve time = 35s)...
Presolve removed 1889535 rows and 787944 columns (presolve time = 40s)...
Presolve removed 1891947 rows and 789890 columns (presolve time = 45s)...
Presolve removed 1892652 rows and 789899 columns (presolve time = 51s)...
Presolve removed 1892652 rows and 789899 columns (presolve time = 55s)...
Presolve removed 1892652 rows and 789899 columns (presolve time = 60s)...
Presolve removed 1892652 rows and 789950 columns (presolve time = 65s)...
Presolve removed 1892652 rows and 789950 columns (presolve time = 70s)...
Presolve removed 1893510 rows and 790408 columns
Presolve time: 74.65s
