
Gurobi 13.0.2 (win64) logging started Wed Oct  7 02:36:03 2026

Set parameter OutputFlag to value 1
Gurobi Optimizer version 13.0.2 build v13.0.2rc1 (win64 - Windows 11+.0 (26200.2))

CPU model: 13th Gen Intel(R) Core(TM) i7-13620H, instruction set [SSE2|AVX|AVX2]
Thread count: 10 physical cores, 16 logical processors, using up to 1 threads

Non-default parameters:
MIPGap  0.005
Method  1
Seed  20260929
Threads  1

Presolve a model with 8795132 rows, 7444261 columns and 52865151 nonzeros (Min)
Model fingerprint: 0xeeeec4ff
Model has 1 linear objective coefficients
Variable types: 5179346 continuous, 2264915 integer (2223230 binary)
Coefficient statistics:
  Matrix range     [1e-13, 3e+05]
  Objective range  [1e+00, 1e+00]
  Bounds range     [1e+00, 3e+05]
  RHS range        [2e-08, 1e+06]
Warning: Model contains large matrix coefficient range
         Consider reformulating model or setting NumericFocus parameter
         to avoid numerical issues.
Presolve removed 1112754 rows and 663359 columns (presolve time = 5s)...
Presolve removed 1244255 rows and 670000 columns (presolve time = 11s)...
Presolve removed 1343374 rows and 764244 columns (presolve time = 15s)...
Presolve removed 1535954 rows and 767712 columns (presolve time = 20s)...
Presolve removed 1539405 rows and 767900 columns (presolve time = 25s)...
Presolve removed 1547942 rows and 775192 columns (presolve time = 30s)...
Presolve removed 1547942 rows and 781780 columns (presolve time = 35s)...
Presolve removed 1552295 rows and 783201 columns (presolve time = 40s)...
Presolve removed 1553724 rows and 785144 columns (presolve time = 45s)...
Presolve removed 1554348 rows and 785153 columns (presolve time = 50s)...
Presolve removed 1554348 rows and 785153 columns (presolve time = 55s)...
Presolve removed 1554348 rows and 785153 columns (presolve time = 60s)...
Presolve removed 1554348 rows and 785208 columns (presolve time = 65s)...
Presolve removed 1555218 rows and 785678 columns (presolve time = 71s)...
Presolve removed 1555206 rows and 785666 columns
Presolve time: 72.76s
