
Gurobi 13.0.2 (win64) logging started Wed Oct  7 02:37:43 2026

Set parameter OutputFlag to value 1
Gurobi Optimizer version 13.0.2 build v13.0.2rc1 (win64 - Windows 11+.0 (26200.2))

CPU model: 13th Gen Intel(R) Core(TM) i7-13620H, instruction set [SSE2|AVX|AVX2]
Thread count: 10 physical cores, 16 logical processors, using up to 1 threads

Non-default parameters:
MIPGap  0.005
Method  1
Seed  20260929
Threads  1

Presolve a model with 7828869 rows, 6852953 columns and 42419133 nonzeros (Min)
Model fingerprint: 0x61513cfc
Model has 1 linear objective coefficients
Variable types: 4590282 continuous, 2262671 integer (2220986 binary)
Coefficient statistics:
  Matrix range     [1e-13, 3e+05]
  Objective range  [1e+00, 1e+00]
  Bounds range     [7e-01, 3e+05]
  RHS range        [6e-07, 1e+06]
Warning: Model contains large matrix coefficient range
         Consider reformulating model or setting NumericFocus parameter
         to avoid numerical issues.
Presolve removed 148637 rows and 72051 columns (presolve time = 5s)...
Presolve removed 365808 rows and 166508 columns (presolve time = 10s)...
Presolve removed 435611 rows and 173061 columns (presolve time = 15s)...
Presolve removed 570095 rows and 176587 columns (presolve time = 20s)...
Presolve removed 580630 rows and 183957 columns (presolve time = 25s)...
Presolve removed 581831 rows and 185649 columns (presolve time = 30s)...
Presolve removed 585054 rows and 191644 columns (presolve time = 35s)...
Presolve removed 587468 rows and 193640 columns (presolve time = 40s)...
Presolve removed 588154 rows and 193649 columns (presolve time = 45s)...
Presolve removed 588154 rows and 193649 columns (presolve time = 50s)...
Presolve removed 588154 rows and 193649 columns (presolve time = 55s)...
Presolve removed 588154 rows and 193699 columns (presolve time = 60s)...
Presolve removed 588154 rows and 193699 columns (presolve time = 65s)...
Presolve removed 589008 rows and 194155 columns
Presolve time: 69.15s
