Set parameter Username
Set parameter LicenseID to value 2845475
Academic license - for non-commercial use only - expires 2027-07-18
Set parameter OutputFlag to value 1
Set parameter LogToConsole to value 0
Set parameter Username
Set parameter LicenseID to value 2845475
Academic license - for non-commercial use only - expires 2027-07-18
Set parameter OutputFlag to value 1
Set parameter LogToConsole to value 0
Set parameter Username
Set parameter LicenseID to value 2845475
Academic license - for non-commercial use only - expires 2027-07-18
Set parameter OutputFlag to value 1
Set parameter LogToConsole to value 0
Set parameter Username
Set parameter LicenseID to value 2845475
Academic license - for non-commercial use only - expires 2027-07-18
Set parameter OutputFlag to value 1
Set parameter LogToConsole to value 0
Set parameter Username
Set parameter LicenseID to value 2845475
Academic license - for non-commercial use only - expires 2027-07-18
Set parameter OutputFlag to value 1
Set parameter LogToConsole to value 0
THRESHOLD_RMP 8 0.5787304263463295 415.91464320005616 INCONCLUSIVE
THRESHOLD_RMP 9 0.5784007608260263 461.44692419999046 INCONCLUSIVE
THRESHOLD_DISCOVERY 7 16 0.5784007608260263 461.44692419999046 None
THRESHOLD_RMP 10 0.5780852225505801 507.1762681999826 INCONCLUSIVE
THRESHOLD_DISCOVERY 8 16 0.5780852225505801 507.1762681999826 None
THRESHOLD_RMP 11 0.577833741238716 552.0892322 INCONCLUSIVE
THRESHOLD_DISCOVERY 9 16 0.577833741238716 552.0892322 None
THRESHOLD_RMP 12 0.5775681034304079 595.1617164999479 INCONCLUSIVE
THRESHOLD_DISCOVERY 10 16 0.5775681034304079 595.1617164999479 None
THRESHOLD_RMP 13 0.5772697011557064 645.4613433999475 INCONCLUSIVE
THRESHOLD_DISCOVERY 11 16 0.5772697011557064 645.4613433999475 None
THRESHOLD_RMP 14 0.5769475518070709 681.4782348999288 INCONCLUSIVE
THRESHOLD_DISCOVERY 12 16 0.5769475518070709 681.4782348999288 None
THRESHOLD_CG_DONE INCONCLUSIVE 0.5687115725336208 0.5769475518070709 189 755.4275769999367
