Set parameter Username
Set parameter LicenseID to value 2845475
Academic license - for non-commercial use only - expires 2027-07-18
Set parameter OutputFlag to value 1
Set parameter LogToConsole to value 0
Set parameter Username
Set parameter LicenseID to value 2845475
Academic license - for non-commercial use only - expires 2027-07-18
Set parameter OutputFlag to value 1
Set parameter LogToConsole to value 0
Set parameter Username
Set parameter LicenseID to value 2845475
Academic license - for non-commercial use only - expires 2027-07-18
Set parameter OutputFlag to value 1
Set parameter LogToConsole to value 0
Set parameter Username
Set parameter LicenseID to value 2845475
Academic license - for non-commercial use only - expires 2027-07-18
Set parameter OutputFlag to value 1
Set parameter LogToConsole to value 0
Set parameter Username
Set parameter LicenseID to value 2845475
Academic license - for non-commercial use only - expires 2027-07-18
Set parameter OutputFlag to value 1
Set parameter LogToConsole to value 0
THRESHOLD_RMP 1 0.5812261378620154 25.474255900015123 INCONCLUSIVE
THRESHOLD_RMP 2 0.5808561899852973 68.16328000003705 INCONCLUSIVE
THRESHOLD_DISCOVERY 1 16 0.5808561899852973 68.16328000003705 None
THRESHOLD_RMP 3 0.5801980004787914 113.13731380004901 INCONCLUSIVE
THRESHOLD_DISCOVERY 2 16 0.5801980004787914 113.13731380004901 None
THRESHOLD_RMP 4 0.5795862345547056 158.66081900004065 INCONCLUSIVE
THRESHOLD_DISCOVERY 3 16 0.5795862345547056 158.66081900004065 None
THRESHOLD_RMP 5 0.5792398647891758 203.5921776999603 INCONCLUSIVE
THRESHOLD_DISCOVERY 4 14 0.5792398647891758 203.5921776999603 None
THRESHOLD_RMP 6 0.5790886323783825 250.54786739998963 INCONCLUSIVE
THRESHOLD_DISCOVERY 5 15 0.5790886323783825 250.54786739998963 None
THRESHOLD_DISCOVERY 6 16 0.5790886323783825 330.8090369000565 THREE_ROUND_IMPROVEMENT_BELOW_0_0005
THRESHOLD_CG_DONE INCONCLUSIVE 0.5687115725336208 0.5790886323783825 93 330.8090369000565
