
Gurobi 13.0.2 (win64) logging started Thu Oct  8 03:44:39 2026

Set parameter LogFile to value "C:\v42_m1_exact_solver_redesign_20261008\docs\v42_m_practical_exact_solver_overnight_20261008\external_production\external_nodes\0000\LP.log"
Gurobi Optimizer version 13.0.2 build v13.0.2rc1 (win64 - Windows 11+.0 (26200.2))

CPU model: 13th Gen Intel(R) Core(TM) i7-13620H, instruction set [SSE2|AVX|AVX2]
Thread count: 10 physical cores, 16 logical processors, using up to 1 threads

Non-default parameters:
TimeLimit  1800
FeasibilityTol  1e-08
IntFeasTol  1e-08
MIPGap  0.005
OptimalityTol  1e-08
Method  1
LPWarmStart  1
Crossover  2
DegenMoves  0
MIPFocus  3
NodeMethod  1
DualReductions  0
InfUnbdInfo  1
LogToConsole  0
Seed  20260929
Threads  1

Optimize a model with 582808 rows, 306040 columns and 5351612 nonzeros (Min)
Model fingerprint: 0xd42c9e85
Model has 1 linear objective coefficients
Coefficient statistics:
  Matrix range     [1e-13, 4e+02]
  Objective range  [1e+00, 1e+00]
  Bounds range     [3e-08, 2e+03]
  RHS range        [2e-24, 2e+03]
Warning: Model contains large matrix coefficient range
         Consider reformulating model or setting NumericFocus parameter
         to avoid numerical issues.

Presolve time: 1.98s
Presolved: 407278 rows, 307881 columns, 4438421 nonzeros

Iteration    Objective       Primal Inf.    Dual Inf.      Time
       0    2.0689617e-01   8.988942e+06   0.000000e+00      3s
    7930    3.1228497e+01   1.959159e+06   0.000000e+00      5s
   22149    4.6949412e+01   1.435712e+06   0.000000e+00     10s
   35561    5.5461468e+01   1.051070e+06   0.000000e+00     15s
   51676    6.3561677e+01   3.798425e+05   0.000000e+00     20s
   63858    6.5257785e+01   1.719906e+05   0.000000e+00     25s
   75401    6.5977913e+01   1.399205e+05   0.000000e+00     30s
   87155    6.6268084e+01   8.767961e+04   0.000000e+00     36s
   96560    6.6487381e+01   1.479411e+05   0.000000e+00     40s
  102012    6.6600375e+01   9.688615e+05   0.000000e+00     46s
  104160    6.6652986e+01   2.338073e+08   0.000000e+00     50s
  108229    6.6699221e+01   5.881881e+05   0.000000e+00     56s
  109904    6.6716285e+01   2.328164e+07   0.000000e+00     61s
  110859    6.6724264e+01   6.706312e+06   0.000000e+00     65s
  111869    6.6741242e+01   2.125011e+06   0.000000e+00     71s
  112619    6.6747688e+01   4.827261e+07   0.000000e+00     76s
  113429    6.6758591e+01   2.790664e+05   0.000000e+00     80s
  114229    6.6775606e+01   4.210304e+07   0.000000e+00     86s
  114809    6.6788783e+01   8.808344e+05   0.000000e+00     90s
  115449    6.6797469e+01   1.304346e+07   0.000000e+00     96s
  116284    6.6822876e+01   2.740817e+05   0.000000e+00    101s
  116804    6.6830730e+01   2.447183e+06   0.000000e+00    105s
  117494    6.6852899e+01   1.375901e+07   0.000000e+00    111s
  118044    6.6860462e+01   6.520951e+07   0.000000e+00    116s
  118534    6.6871383e+01   5.241625e+07   0.000000e+00    120s
  119554    6.6895937e+01   2.201165e+08   0.000000e+00    126s
  120074    6.6906733e+01   4.599831e+06   0.000000e+00    131s
  120594    6.6915623e+01   8.840791e+05   0.000000e+00    135s
  121304    6.6941628e+01   9.551926e+06   0.000000e+00    141s
  121774    6.6951644e+01   3.207442e+08   0.000000e+00    146s
  122314    6.6971674e+01   1.085263e+06   0.000000e+00    150s
  122794    6.6984144e+01   3.289782e+07   0.000000e+00    155s
  123484    6.7002279e+01   5.760256e+06   0.000000e+00    161s
  123954    6.7017174e+01   1.701764e+08   0.000000e+00    166s
  124689    6.7033648e+01   5.540551e+06   0.000000e+00    170s
  125629    6.7053350e+01   8.613699e+07   0.000000e+00    176s
  126374    6.7062748e+01   5.661185e+07   0.000000e+00    181s
  126844    6.7073707e+01   4.130918e+06   0.000000e+00    185s
  127474    6.7085174e+01   3.464942e+06   0.000000e+00    192s
  127964    6.7096363e+01   3.105318e+07   0.000000e+00    196s
  128404    6.7109684e+01   8.455133e+07   0.000000e+00    201s
  128984    6.7123162e+01   6.418351e+06   0.000000e+00    206s
  129494    6.7136513e+01   2.562928e+06   0.000000e+00    211s
  130014    6.7153363e+01   4.033910e+06   0.000000e+00    215s
  130594    6.7161620e+01   7.120177e+06   0.000000e+00    221s
  130994    6.7173106e+01   5.480351e+07   0.000000e+00    226s
  131544    6.7186784e+01   3.777256e+07   0.000000e+00    231s
  132034    6.7207104e+01   1.056183e+07   0.000000e+00    235s
  132704    6.7233991e+01   4.472619e+08   0.000000e+00    241s
  133244    6.7261257e+01   1.872926e+08   0.000000e+00    246s
  133714    6.7274044e+01   6.192685e+06   0.000000e+00    251s
  134164    6.7281857e+01   1.045285e+07   0.000000e+00    256s
  134594    6.7295489e+01   1.268133e+07   0.000000e+00    260s
  135234    6.7312048e+01   6.135069e+05   0.000000e+00    266s
  135754    6.7331516e+01   8.315732e+07   0.000000e+00    271s
  136254    6.7347982e+01   1.227511e+08   0.000000e+00    276s
  136664    6.7368987e+01   2.615430e+07   0.000000e+00    281s
  137094    6.7385716e+01   9.303719e+07   0.000000e+00    285s
  137804    6.7418590e+01   1.116825e+06   0.000000e+00    290s
  138474    6.7451092e+01   1.605764e+08   0.000000e+00    296s
  138964    6.7472799e+01   2.206175e+09   0.000000e+00    301s
  139484    6.7494265e+01   5.860442e+06   0.000000e+00    306s
  139964    6.7516134e+01   7.413060e+06   0.000000e+00    310s
  140554    6.7532700e+01   2.438338e+09   0.000000e+00    317s
  141024    6.7544998e+01   3.604418e+07   0.000000e+00    321s
  141454    6.7560921e+01   4.301592e+07   0.000000e+00    326s
  141894    6.7579336e+01   1.680763e+06   0.000000e+00    331s
  142324    6.7599119e+01   1.162295e+07   0.000000e+00    335s
  142774    6.7613950e+01   1.728201e+07   0.000000e+00    340s
  143414    6.7645800e+01   2.894712e+08   0.000000e+00    346s
  143834    6.7657660e+01   9.268658e+05   0.000000e+00    351s
  144244    6.7666901e+01   1.236095e+09   0.000000e+00    356s
  144754    6.7691436e+01   8.270823e+07   0.000000e+00    361s
  145204    6.7711873e+01   1.133115e+07   0.000000e+00    365s
  145654    6.7726576e+01   8.503674e+06   0.000000e+00    370s
  146324    6.7738023e+01   3.922440e+07   0.000000e+00    376s
  146854    6.7753344e+01   6.431262e+07   0.000000e+00    381s
  147344    6.7777259e+01   1.715034e+06   0.000000e+00    386s
  147754    6.7792692e+01   8.045253e+06   0.000000e+00    390s
  148364    6.7814192e+01   7.617060e+06   0.000000e+00    396s
  148804    6.7824595e+01   1.531849e+07   0.000000e+00    401s
  149334    6.7851378e+01   2.392046e+07   0.000000e+00    405s
  149934    6.7884152e+01   9.000530e+07   0.000000e+00    411s
  150374    6.7900098e+01   4.739903e+06   0.000000e+00    416s
  150824    6.7909937e+01   2.817760e+08   0.000000e+00    421s
  151294    6.7922652e+01   1.688666e+06   0.000000e+00    425s
  151754    6.7937131e+01   3.914420e+06   0.000000e+00    430s
  152324    6.7953154e+01   9.524537e+05   0.000000e+00    436s
  152754    6.7966260e+01   1.969023e+06   0.000000e+00    441s
  153244    6.7975580e+01   2.787937e+05   0.000000e+00    445s
  153724    6.7989366e+01   3.224016e+08   0.000000e+00    450s
  154484    6.8046357e+01   6.694752e+05   0.000000e+00    456s
  154994    6.8078037e+01   7.210258e+07   0.000000e+00    461s
  155464    6.8099688e+01   3.751808e+06   0.000000e+00    465s
  156194    6.8124285e+01   7.915569e+06   0.000000e+00    471s
  156674    6.8133192e+01   1.390226e+07   0.000000e+00    476s
  157144    6.8141236e+01   5.754675e+06   0.000000e+00    481s
  157574    6.8153177e+01   7.359153e+05   0.000000e+00    485s
  158144    6.8167554e+01   9.185399e+06   0.000000e+00    491s
  158604    6.8180757e+01   9.201743e+07   0.000000e+00    496s
  159064    6.8190537e+01   8.630449e+05   0.000000e+00    500s
  159754    6.8223585e+01   3.168138e+07   0.000000e+00    506s
Warning: Markowitz tolerance tightened to 0.0625
  160214    6.8247468e+01   2.034232e+08   0.000000e+00    511s
  160704    6.8259782e+01   2.722898e+08   0.000000e+00    516s
  161124    6.8273113e+01   5.473254e+06   0.000000e+00    520s
  161724    6.8293498e+01   4.788301e+06   0.000000e+00    526s
  162154    6.8306738e+01   3.837265e+06   0.000000e+00    531s
  162714    6.8324508e+01   1.782441e+08   0.000000e+00    536s
  163174    6.8340744e+01   4.449003e+05   0.000000e+00    540s
  163604    6.8348380e+01   2.015752e+07   0.000000e+00    545s
  164244    6.8361136e+01   6.438792e+07   0.000000e+00    551s
  164774    6.8377321e+01   4.148578e+06   0.000000e+00    556s
  165264    6.8388613e+01   1.133625e+08   0.000000e+00    561s
  165714    6.8400990e+01   3.917822e+07   0.000000e+00    565s
  166164    6.8415258e+01   8.548270e+05   0.000000e+00    570s
  166844    6.8433455e+01   2.011732e+08   0.000000e+00    576s
  167254    6.8448037e+01   1.682391e+07   0.000000e+00    581s
  167764    6.8458402e+01   9.578811e+06   0.000000e+00    586s
  168234    6.8471842e+01   6.733524e+05   0.000000e+00    590s
  168784    6.8484751e+01   6.305190e+07   0.000000e+00    597s
  169174    6.8489628e+01   3.337724e+07   0.000000e+00    601s
  169624    6.8496695e+01   3.278106e+06   0.000000e+00    606s
  170054    6.8510763e+01   2.713002e+06   0.000000e+00    611s
  170454    6.8519172e+01   1.922338e+07   0.000000e+00    615s
  171044    6.8533754e+01   9.606131e+06   0.000000e+00    621s
  171464    6.8544315e+01   3.699367e+06   0.000000e+00    626s
  171884    6.8551532e+01   3.680977e+06   0.000000e+00    631s
  172314    6.8561227e+01   3.905816e+07   0.000000e+00    635s
  172734    6.8571435e+01   2.668986e+06   0.000000e+00    640s
  173314    6.8583276e+01   1.139729e+09   0.000000e+00    646s
  173764    6.8593849e+01   3.099332e+07   0.000000e+00    651s
  174224    6.8608189e+01   4.640342e+06   0.000000e+00    656s
  174644    6.8617647e+01   2.720069e+07   0.000000e+00    660s
  175174    6.8623416e+01   2.669307e+06   0.000000e+00    666s
  175574    6.8629363e+01   1.777601e+08   0.000000e+00    671s
  176034    6.8636773e+01   2.172088e+07   0.000000e+00    676s
  176434    6.8643198e+01   2.479038e+06   0.000000e+00    680s
  176994    6.8651012e+01   2.317880e+08   0.000000e+00    687s
  177414    6.8657651e+01   5.022610e+06   0.000000e+00    691s
  177844    6.8667964e+01   1.922268e+06   0.000000e+00    696s
  178324    6.8679422e+01   1.241971e+08   0.000000e+00    700s
  178874    6.8688987e+01   1.812780e+07   0.000000e+00    706s
  179354    6.8700442e+01   9.735426e+07   0.000000e+00    711s
  179774    6.8710284e+01   5.216080e+06   0.000000e+00    716s
  180194    6.8719535e+01   2.089575e+07   0.000000e+00    720s
  180744    6.8728687e+01   3.555578e+06   0.000000e+00    726s
  181134    6.8737350e+01   2.035227e+06   0.000000e+00    731s
  181544    6.8747272e+01   1.342975e+08   0.000000e+00    736s
  181994    6.8756916e+01   3.827325e+06   0.000000e+00    740s
  182534    6.8769530e+01   2.752409e+06   0.000000e+00    746s
  182984    6.8780663e+01   2.040297e+06   0.000000e+00    751s
  183384    6.8792271e+01   3.777204e+06   0.000000e+00    756s
  183814    6.8801432e+01   9.647437e+08   0.000000e+00    761s
  184264    6.8808478e+01   3.397259e+06   0.000000e+00    765s
  184814    6.8821491e+01   1.158933e+08   0.000000e+00    771s
  185224    6.8832098e+01   1.891752e+06   0.000000e+00    776s
  185624    6.8840898e+01   3.121226e+07   0.000000e+00    781s
  186074    6.8851764e+01   1.487592e+08   0.000000e+00    785s
  186684    6.8862363e+01   1.406254e+08   0.000000e+00    791s
  187114    6.8876086e+01   6.940311e+07   0.000000e+00    796s
  187524    6.8883807e+01   1.251069e+07   0.000000e+00    801s
  187954    6.8892115e+01   1.280596e+07   0.000000e+00    805s
  188364    6.8898910e+01   2.876569e+07   0.000000e+00    810s
  188924    6.8915018e+01   1.751091e+08   0.000000e+00    816s
  189344    6.8923698e+01   1.332899e+08   0.000000e+00    821s
  189764    6.8934876e+01   4.567263e+07   0.000000e+00    826s
  190194    6.8948500e+01   6.144059e+07   0.000000e+00    830s
  190784    6.8960293e+01   8.156658e+07   0.000000e+00    836s
  191204    6.8967159e+01   4.915681e+06   0.000000e+00    841s
  191614    6.8974433e+01   2.189285e+07   0.000000e+00    846s
  191994    6.8979434e+01   1.918316e+07   0.000000e+00    851s
  192394    6.8984992e+01   1.236810e+08   0.000000e+00    855s
  192924    6.8995394e+01   5.306025e+06   0.000000e+00    861s
  193324    6.9001212e+01   1.162665e+07   0.000000e+00    866s
  193754    6.9011579e+01   3.650806e+06   0.000000e+00    870s
  194164    6.9019904e+01   3.530674e+06   0.000000e+00    875s
  194784    6.9030934e+01   2.557100e+07   0.000000e+00    881s
  195174    6.9036294e+01   2.113347e+08   0.000000e+00    886s
  195574    6.9045750e+01   4.726320e+07   0.000000e+00    891s
  195984    6.9055850e+01   2.887362e+07   0.000000e+00    895s
  196394    6.9062724e+01   1.296836e+09   0.000000e+00    900s
  196904    6.9071062e+01   8.681553e+05   0.000000e+00    906s
  197314    6.9077246e+01   5.258439e+06   0.000000e+00    911s
  197714    6.9081997e+01   1.085305e+07   0.000000e+00    916s
  198124    6.9087587e+01   1.193206e+08   0.000000e+00    920s
  198704    6.9112509e+01   1.188787e+07   0.000000e+00    926s
  199124    6.9120386e+01   2.657032e+07   0.000000e+00    931s
  199524    6.9129451e+01   1.602713e+07   0.000000e+00    935s
  199934    6.9138943e+01   1.873062e+07   0.000000e+00    940s
  200494    6.9146443e+01   2.457272e+07   0.000000e+00    946s
  200924    6.9154789e+01   1.526437e+07   0.000000e+00    951s
  201384    6.9165217e+01   1.232844e+06   0.000000e+00    956s
  201794    6.9171099e+01   7.829423e+06   0.000000e+00    960s
  202344    6.9178084e+01   6.325776e+08   0.000000e+00    967s
  202734    6.9186389e+01   2.296089e+07   0.000000e+00    971s
  203144    6.9193661e+01   5.866529e+07   0.000000e+00    976s
  203584    6.9205016e+01   1.363628e+07   0.000000e+00    981s
  204004    6.9211948e+01   3.907279e+06   0.000000e+00    985s
  204584    6.9222719e+01   4.759765e+08   0.000000e+00    992s
  205014    6.9229652e+01   2.196600e+07   0.000000e+00    996s
  205444    6.9239184e+01   2.819715e+06   0.000000e+00   1001s
  205844    6.9247974e+01   4.068848e+08   0.000000e+00   1006s
  206304    6.9263746e+01   6.900678e+06   0.000000e+00   1011s
  206704    6.9272505e+01   5.759586e+07   0.000000e+00   1015s
  207224    6.9279349e+01   1.937710e+07   0.000000e+00   1022s
  207634    6.9283649e+01   1.135701e+07   0.000000e+00   1026s
  208034    6.9289641e+01   2.066530e+07   0.000000e+00   1031s
  208444    6.9299265e+01   5.035129e+07   0.000000e+00   1036s
  208844    6.9306888e+01   5.977980e+06   0.000000e+00   1040s
  209254    6.9314918e+01   1.108721e+08   0.000000e+00   1045s
  209784    6.9326152e+01   1.624532e+07   0.000000e+00   1051s
  210174    6.9332684e+01   2.075325e+07   0.000000e+00   1056s
  210574    6.9340285e+01   1.623699e+07   0.000000e+00   1061s
  210964    6.9345631e+01   2.739567e+07   0.000000e+00   1065s
  211544    6.9361674e+01   4.829467e+09   0.000000e+00   1072s
  211924    6.9378341e+01   5.751425e+07   0.000000e+00   1076s
  212364    6.9386233e+01   2.138268e+08   0.000000e+00   1081s
  212774    6.9395300e+01   1.516235e+06   0.000000e+00   1086s
  213224    6.9417975e+01   4.855317e+05   0.000000e+00   1090s
  213614    6.9430353e+01   1.998636e+08   0.000000e+00   1095s
  214164    6.9441539e+01   2.628216e+06   0.000000e+00   1101s
  214544    6.9448475e+01   3.125627e+07   0.000000e+00   1106s
  214944    6.9457596e+01   5.259404e+05   0.000000e+00   1111s
  215324    6.9464031e+01   1.048433e+07   0.000000e+00   1115s
  215714    6.9469730e+01   2.269822e+07   0.000000e+00   1120s
  216224    6.9477003e+01   2.306616e+08   0.000000e+00   1126s
  216574    6.9484023e+01   2.921398e+07   0.000000e+00   1131s
  216964    6.9491040e+01   2.504798e+06   0.000000e+00   1136s
  217334    6.9498785e+01   2.837952e+06   0.000000e+00   1141s
  217734    6.9505897e+01   2.120860e+08   0.000000e+00   1145s
  218154    6.9525634e+01   7.098234e+06   0.000000e+00   1150s
  218684    6.9539000e+01   3.461074e+07   0.000000e+00   1156s
  219104    6.9549547e+01   2.724673e+07   0.000000e+00   1161s
  219504    6.9554938e+01   8.251776e+07   0.000000e+00   1166s
  219894    6.9561369e+01   2.349876e+07   0.000000e+00   1171s
  220284    6.9570675e+01   1.929421e+07   0.000000e+00   1176s
  220674    6.9580588e+01   6.420610e+07   0.000000e+00   1180s
  221104    6.9589091e+01   7.434029e+06   0.000000e+00   1185s
  221494    6.9597016e+01   7.379728e+07   0.000000e+00   1190s
  222014    6.9605471e+01   1.833206e+08   0.000000e+00   1196s
  222394    6.9614441e+01   2.191292e+07   0.000000e+00   1201s
  222814    6.9625804e+01   2.726270e+07   0.000000e+00   1205s
  223374    6.9641154e+01   4.333608e+07   0.000000e+00   1211s
  223804    6.9650366e+01   9.563105e+06   0.000000e+00   1216s
  224214    6.9663649e+01   9.010712e+06   0.000000e+00   1220s
  224764    6.9674904e+01   1.387707e+07   0.000000e+00   1226s
  225184    6.9687856e+01   1.032204e+08   0.000000e+00   1231s
  225714    6.9699354e+01   1.630898e+07   0.000000e+00   1236s
  226104    6.9708287e+01   2.131058e+06   0.000000e+00   1241s
  226484    6.9716145e+01   5.721478e+07   0.000000e+00   1245s
  226984    6.9725191e+01   8.938302e+06   0.000000e+00   1251s
  227364    6.9735242e+01   7.320022e+07   0.000000e+00   1256s
  227754    6.9741516e+01   5.813574e+06   0.000000e+00   1260s
  228284    6.9750891e+01   2.586257e+06   0.000000e+00   1266s
  228674    6.9756965e+01   1.358041e+07   0.000000e+00   1271s
  229054    6.9765205e+01   1.370835e+08   0.000000e+00   1275s
  229624    6.9790653e+01   2.662283e+07   0.000000e+00   1281s
  230014    6.9795530e+01   8.644993e+06   0.000000e+00   1286s
  230414    6.9801370e+01   6.865475e+07   0.000000e+00   1290s
  230924    6.9811687e+01   3.986299e+07   0.000000e+00   1296s
  231314    6.9819284e+01   6.738161e+07   0.000000e+00   1301s
  231694    6.9831699e+01   7.705989e+07   0.000000e+00   1305s
  232214    6.9845851e+01   4.244843e+06   0.000000e+00   1311s
  232594    6.9853007e+01   4.361337e+06   0.000000e+00   1316s
  233004    6.9859788e+01   5.426629e+07   0.000000e+00   1320s
  233534    6.9875612e+01   7.401150e+07   0.000000e+00   1326s
  233924    6.9883865e+01   2.276134e+07   0.000000e+00   1331s
  234424    6.9894648e+01   1.001924e+07   0.000000e+00   1336s
  234794    6.9902534e+01   2.512173e+07   0.000000e+00   1341s
  235174    6.9910931e+01   2.907133e+06   0.000000e+00   1345s
  235704    6.9919663e+01   8.185904e+07   0.000000e+00   1351s
  236104    6.9935736e+01   1.329612e+06   0.000000e+00   1356s
  236524    6.9945566e+01   3.297471e+07   0.000000e+00   1360s
  237074    6.9959664e+01   6.123567e+07   0.000000e+00   1366s
  237484    6.9967957e+01   1.347314e+09   0.000000e+00   1371s
  237934    6.9981944e+01   1.750280e+06   0.000000e+00   1376s
  238304    6.9988504e+01   5.340068e+07   0.000000e+00   1380s
  238864    6.9997622e+01   2.088422e+06   0.000000e+00   1386s
  239254    7.0005546e+01   4.710352e+06   0.000000e+00   1391s
  239664    7.0017027e+01   2.761006e+07   0.000000e+00   1395s
  240184    7.0031121e+01   1.375627e+06   0.000000e+00   1401s
  240554    7.0037150e+01   7.143407e+07   0.000000e+00   1406s
  240944    7.0044746e+01   1.232788e+06   0.000000e+00   1410s
  241444    7.0056503e+01   3.267172e+07   0.000000e+00   1416s
  241794    7.0062569e+01   3.277583e+08   0.000000e+00   1421s
  242204    7.0097491e+01   1.291181e+06   0.000000e+00   1425s
  242724    7.0109211e+01   1.879698e+07   0.000000e+00   1431s
  243104    7.0118895e+01   1.953916e+07   0.000000e+00   1436s
  243544    7.0132675e+01   4.972278e+08   0.000000e+00   1440s
  244114    7.0150109e+01   3.874919e+08   0.000000e+00   1446s
  244544    7.0166735e+01   4.244977e+06   0.000000e+00   1451s
  244914    7.0177155e+01   4.843242e+07   0.000000e+00   1455s
  245454    7.0195643e+01   1.248279e+08   0.000000e+00   1461s
  245864    7.0209686e+01   6.116246e+07   0.000000e+00   1466s
  246234    7.0217641e+01   4.335697e+08   0.000000e+00   1471s
  246614    7.0226269e+01   3.494799e+06   0.000000e+00   1476s
  246994    7.0239025e+01   4.899626e+08   0.000000e+00   1481s
  247414    7.0251953e+01   5.793169e+08   0.000000e+00   1485s
  247794    7.0293436e+01   1.274074e+06   0.000000e+00   1490s
  248324    7.0309618e+01   1.804879e+07   0.000000e+00   1496s
  248724    7.0327056e+01   1.505294e+07   0.000000e+00   1501s
  249114    7.0335642e+01   6.706923e+06   0.000000e+00   1506s
  249524    7.0342484e+01   1.265152e+08   0.000000e+00   1511s
  249904    7.0352479e+01   1.417150e+07   0.000000e+00   1516s
  250314    7.0362721e+01   1.150432e+08   0.000000e+00   1521s
  250704    7.0373293e+01   6.787010e+06   0.000000e+00   1526s
  251094    7.0382025e+01   1.426427e+08   0.000000e+00   1531s
  251474    7.0390814e+01   1.304514e+08   0.000000e+00   1536s
  251874    7.0398324e+01   7.264370e+07   0.000000e+00   1540s
  252234    7.0405826e+01   2.635172e+06   0.000000e+00   1546s
  252634    7.0413463e+01   4.437305e+08   0.000000e+00   1551s
  253064    7.0422466e+01   8.197856e+06   0.000000e+00   1555s
  253454    7.0434011e+01   1.699109e+08   0.000000e+00   1560s
  253964    7.0441880e+01   2.703198e+07   0.000000e+00   1566s
  254324    7.0448286e+01   9.117039e+06   0.000000e+00   1571s
  254734    7.0454928e+01   4.490038e+06   0.000000e+00   1576s
  255124    7.0464073e+01   6.598707e+07   0.000000e+00   1580s
  255534    7.0478233e+01   6.515398e+07   0.000000e+00   1585s
  256074    7.0490809e+01   1.739872e+07   0.000000e+00   1591s
  256494    7.0499842e+01   3.132335e+07   0.000000e+00   1596s
  256934    7.0515426e+01   2.067163e+07   0.000000e+00   1601s
  257354    7.0522005e+01   1.446358e+08   0.000000e+00   1605s
  257884    7.0536622e+01   8.106344e+06   0.000000e+00   1612s
  258284    7.0543801e+01   3.700459e+06   0.000000e+00   1616s
  258664    7.0550140e+01   9.541172e+06   0.000000e+00   1621s
  259054    7.0560658e+01   7.334014e+07   0.000000e+00   1626s
  259464    7.0570738e+01   1.073004e+08   0.000000e+00   1630s
  260014    7.0583215e+01   3.782276e+08   0.000000e+00   1636s
  260424    7.0591548e+01   1.889752e+06   0.000000e+00   1641s
  260814    7.0599114e+01   4.952068e+06   0.000000e+00   1646s
  261214    7.0606519e+01   4.224985e+06   0.000000e+00   1651s
  261574    7.0614402e+01   1.135035e+07   0.000000e+00   1656s
  261944    7.0622576e+01   8.763858e+07   0.000000e+00   1661s
  262304    7.0632351e+01   1.189918e+07   0.000000e+00   1665s
  262844    7.0644352e+01   3.911849e+09   0.000000e+00   1672s
  263234    7.0658521e+01   3.998460e+06   0.000000e+00   1676s
  263654    7.0667839e+01   2.100477e+08   0.000000e+00   1681s
  264064    7.0677599e+01   6.463925e+06   0.000000e+00   1686s
  264444    7.0685183e+01   1.754692e+08   0.000000e+00   1691s
  264864    7.0693241e+01   6.105399e+07   0.000000e+00   1696s
  265264    7.0702099e+01   3.895539e+06   0.000000e+00   1700s
  265694    7.0712282e+01   2.527805e+08   0.000000e+00   1705s
  266194    7.0722589e+01   1.970512e+07   0.000000e+00   1712s
  266604    7.0733727e+01   2.310547e+06   0.000000e+00   1716s
  266984    7.0742793e+01   2.079340e+07   0.000000e+00   1721s
  267374    7.0752511e+01   4.374747e+08   0.000000e+00   1726s
  267794    7.0761867e+01   4.537672e+06   0.000000e+00   1731s
  268194    7.0768072e+01   5.237513e+07   0.000000e+00   1736s
  268634    7.0778678e+01   5.294878e+06   0.000000e+00   1741s
  269044    7.0789462e+01   1.651034e+08   0.000000e+00   1745s
  269444    7.0795712e+01   6.246207e+06   0.000000e+00   1750s
  269814    7.0805813e+01   1.480956e+07   0.000000e+00   1755s
  270214    7.0813308e+01   3.388759e+07   0.000000e+00   1760s
  270744    7.0829307e+01   8.080726e+06   0.000000e+00   1766s
  271154    7.0839109e+01   9.303808e+06   0.000000e+00   1771s
  271574    7.0853088e+01   8.739138e+05   0.000000e+00   1776s
  271974    7.0861285e+01   5.684130e+07   0.000000e+00   1781s
  272374    7.0868503e+01   1.568216e+07   0.000000e+00   1786s
  272784    7.0878875e+01   1.685690e+08   0.000000e+00   1791s
  273164    7.0888015e+01   8.571964e+07   0.000000e+00   1795s

Stopped in 273536 iterations and 1800.01 seconds (2761.28 work units)
Time limit reached

User-callback calls 274183, time in user-callback 74.27 sec
