
Gurobi 13.0.2 (win64) logging started Thu Oct  8 13:49:31 2026

Set parameter OutputFlag to value 1
Gurobi Optimizer version 13.0.2 build v13.0.2rc1 (win64 - Windows 11+.0 (26200.2))

CPU model: 13th Gen Intel(R) Core(TM) i7-13620H, instruction set [SSE2|AVX|AVX2]
Thread count: 10 physical cores, 16 logical processors, using up to 1 threads

Non-default parameters:
TimeLimit  60
FeasibilityTol  1e-08
IntFeasTol  1e-08
MIPGap  0.005
OptimalityTol  1e-08
Method  2
Crossover  2
DegenMoves  0
MIPFocus  3
NodeMethod  1
DualReductions  0
InfUnbdInfo  1
LogToConsole  0
Seed  20260929
Threads  1

Optimize a model with 100 rows, 28 columns and 330 nonzeros (Min)
Model fingerprint: 0xb495152d
Model has 1 linear objective coefficients
Variable types: 22 continuous, 6 integer (6 binary)
Coefficient statistics:
  Matrix range     [1e-01, 1e+03]
  Objective range  [1e+00, 1e+00]
  Bounds range     [1e+00, 1e+03]
  RHS range        [1e+00, 6e+02]

Presolve removed 100 rows and 25 columns
Presolve time: 0.00s
Presolved: 0 rows, 3 columns, 0 nonzeros
Variable types: 2 continuous, 1 integer (1 binary)
Found heuristic solution: objective 0.6000000

Explored 0 nodes (0 simplex iterations) in 0.01 seconds (0.00 work units)
Thread count was 1 (of 16 available processors)

Solution count 1: 0.6 

Optimal solution found (tolerance 5.00e-03)
Best objective 6.000000000000e-01, best bound 6.000000000000e-01, gap 0.0000%
