Set parameter Username
Set parameter LicenseID to value 2845475
Academic license - for non-commercial use only - expires 2027-07-18
sparse complete physical + six levels A PASS
sparse complete physical + six levels B PASS
sparse complete physical + six levels C PASS
sparse complete physical + six levels D PASS
sparse complete physical + six levels E PASS
sparse complete physical + six levels F PASS
sparse complete physical + six levels G PASS
sparse complete physical + six levels H PASS
sparse complete physical + six levels I PASS
sparse complete physical + six levels J PASS
sparse complete physical + six levels single_slot PASS
sparse complete physical + six levels zero_rate PASS
sparse complete physical + six levels multiple_zero PASS
sparse complete physical + six levels final_partial PASS
sparse complete physical + six levels two_destinations PASS
sparse complete physical + six levels different_bottlenecks PASS
sparse complete physical + six levels same_path_different_start PASS
sparse complete physical + six levels checkpoint_equal_start PASS
sparse complete physical + six levels long_checkpoint_wait PASS
sparse complete physical + six levels restart_near_horizon PASS
sparse complete physical + six levels post_H PASS
sparse complete physical + six levels fixed_WAN PASS
sparse complete physical + six levels fixed_active PASS
sparse complete physical + six levels two_jobs_same_link PASS
sparse complete physical + six levels two_paths_shared_link PASS
sparse complete physical + six levels two_disjoint_paths PASS
sparse complete physical + six levels two_identical_STAY PASS
sparse complete physical + six levels two_identical_TS PASS
sparse complete physical + six levels two_identical_migration PASS
sparse complete physical + six levels shared_GPU PASS
sparse complete physical + six levels shared_WAN PASS
sparse complete physical + six levels same_destination PASS
sparse complete physical + six levels different_UID PASS
sparse complete physical + six levels two_paths_decomposition PASS
sparse complete physical + six levels multiple_start_count_paths PASS
