
Gurobi 13.0.2 (win64) logging started Sun Oct  4 16:07:38 2026

Set parameter LogFile to value "docs/v42_m1_dw_discovery_certification_policy/logs/PRICE_0022_MESS02.log"
Gurobi Optimizer version 13.0.2 build v13.0.2rc1 (win64 - Windows 11+.0 (26200.2))

CPU model: 13th Gen Intel(R) Core(TM) i7-13620H, instruction set [SSE2|AVX|AVX2]
Thread count: 10 physical cores, 16 logical processors, using up to 1 threads

Non-default parameters:
TimeLimit  9.0576465100035421e+01
FeasibilityTol  1e-08
IntFeasTol  1e-08
MIPGap  0
MIPGapAbs  0
OptimalityTol  1e-08
Method  2
Crossover  2
DegenMoves  0
MIPFocus  3
NodeMethod  1
CutPasses  1
LogToConsole  0
Seed  20260929
Threads  1

Optimize a model with 51527 rows, 58895 columns and 314932 nonzeros (Min)
Model fingerprint: 0x8bffad38
Model has 2952 linear objective coefficients and an objective constant of 6.5020817623343352e-03
Variable types: 6805 continuous, 52090 integer (52090 binary)
Coefficient statistics:
  Matrix range     [2e-01, 4e+02]
  Objective range  [4e-13, 1e-05]
  Bounds range     [1e+00, 1e+03]
  RHS range        [1e+00, 8e+02]

Loaded user MIP start with objective -0.0169398
MIP start from previous solve did not produce a new incumbent solution

Presolve removed 8946 rows and 2 columns
Presolve time: 0.95s
Presolved: 42581 rows, 58893 columns, 292568 nonzeros
Variable types: 6803 continuous, 52090 integer (52090 binary)
Root relaxation presolve removed 1 rows and 1 columns
Root relaxation presolved: 42580 rows, 58892 columns, 292566 nonzeros

Root barrier log...

Ordering time: 0.06s

Barrier statistics:
 AA' NZ     : 5.996e+05
 Factor NZ  : 1.096e+06 (roughly 50 MB of memory)
 Factor Ops : 7.451e+07 (less than 1 second per iteration)
 Threads    : 1

                  Objective                Residual
Iter       Primal          Dual         Primal    Dual     Compl     Time
   0  -3.13267309e-03 -3.44919737e+04  1.80e+04 1.98e-04  3.80e+00     2s
   1  -3.86080880e-02 -2.94167503e+04  2.54e+03 3.23e-03  5.75e-01     2s
   2   6.93969201e-02 -1.16585102e+04  4.08e+02 2.75e-04  1.20e-01     2s
   3   1.89853977e-02 -2.59396700e+03  1.04e+02 1.42e-15  2.59e-02     2s
   4  -2.27009586e-02 -2.37207591e+03  6.63e+01 1.37e-15  2.12e-02     2s
   5  -5.48405479e-02 -2.07143018e+03  4.10e+01 1.64e-15  1.71e-02     2s
   6  -7.50435886e-02 -1.71382261e+03  2.49e+01 1.95e-15  1.35e-02     2s
   7  -8.05473863e-02 -1.39886783e+03  1.80e+01 1.84e-15  1.11e-02     2s
   8  -7.83871727e-02 -1.20346562e+03  1.42e+01 2.00e-15  9.66e-03     2s
   9  -7.20954430e-02 -1.15518648e+03  1.28e+01 2.36e-15  9.09e-03     2s
  10  -1.29315626e-02 -8.26181909e+02  7.44e+00 2.32e-15  6.27e-03     2s
  11   2.89519448e-03 -3.23754549e+02  3.61e+00 2.23e-15  2.60e-03     2s
  12   1.02298684e-02 -1.10900238e+02  3.80e-01 1.68e-15  7.58e-04     2s
  13   1.07597043e-02 -2.53917171e+01  2.70e-02 1.61e-15  1.63e-04     2s
  14   9.15199645e-03 -3.02007887e+00  3.29e-05 1.77e-15  1.92e-05     2s
  15   2.06240734e-03 -9.40100374e-01  7.25e-06 7.76e-16  5.97e-06     2s
  16   3.37974794e-03 -7.09976062e-01  4.12e-06 5.64e-16  4.52e-06     2s
  17  -2.44238803e-03 -3.60594650e-01  1.51e-06 4.65e-16  2.27e-06     2s
  18  -5.98490227e-03 -1.74668162e-01  6.37e-07 4.25e-16  1.07e-06     2s
  19  -8.97936480e-03 -1.25213333e-01  2.57e-07 5.01e-16  7.36e-07     2s
  20  -1.12301194e-02 -8.17316992e-02  1.05e-07 4.67e-16  4.46e-07     2s
  21  -1.32562575e-02 -5.48889621e-02  3.07e-08 4.68e-16  2.64e-07     2s
  22  -1.39566682e-02 -4.52094566e-02  2.12e-08 5.50e-16  1.98e-07     2s
  23  -1.44755038e-02 -4.09352410e-02  1.59e-08 5.36e-16  1.68e-07     3s
  24  -1.50810110e-02 -3.46975578e-02  1.10e-08 5.32e-16  1.24e-07     3s
  25  -1.64724699e-02 -2.36372489e-02  2.36e-09 4.13e-16  4.54e-08     3s
  26  -1.69588699e-02 -2.12540869e-02  9.92e-10 4.59e-16  2.72e-08     3s
  27  -1.70600675e-02 -1.97987485e-02  7.83e-10 4.54e-16  1.73e-08     3s
  28  -1.73189030e-02 -1.93103458e-02  3.06e-10 4.93e-16  1.26e-08     3s
  29  -1.74208426e-02 -1.81622901e-02  1.18e-10 4.30e-16  4.69e-09     3s
  30  -1.74553893e-02 -1.78011273e-02  6.83e-11 4.30e-16  2.19e-09     3s
  31  -1.74783403e-02 -1.77360848e-02  5.02e-11 4.73e-16  1.63e-09     3s
  32  -1.74916757e-02 -1.76012454e-02  2.67e-11 4.15e-16  6.94e-10     3s
  33  -1.75052035e-02 -1.75478048e-02  7.61e-11 4.12e-16  2.70e-10     3s
  34  -1.75155516e-02 -1.75249738e-02  8.25e-11 4.05e-16  5.96e-11     3s
  35  -1.75159302e-02 -1.75167936e-02  9.01e-11 9.26e-12  5.48e-12     3s
  36  -1.75163784e-02 -1.75163857e-02  3.55e-12 8.20e-12  6.81e-14     3s

Barrier solved model in 36 iterations and 3.07 seconds (2.70 work units)
Optimal objective -1.75163784e-02

Crossover time: 0.87 seconds (0.96 work units)

Root relaxation: objective -1.751638e-02, 38736 iterations, 2.83 seconds (2.65 work units)

    Nodes    |    Current Node    |     Objective Bounds      |     Work
 Expl Unexpl |  Obj  Depth IntInf | Incumbent    BestBd   Gap | It/Node Time

     0     0   -0.01752    0 1290   -0.01694   -0.01752  3.40%     -    4s
     0     0   -0.01743    0  283   -0.01694   -0.01743  2.90%     -   12s
     0     0   -0.01743    0 1193   -0.01694   -0.01743  2.90%     -   16s
     0     0   -0.01743    0   88   -0.01694   -0.01743  2.90%     -   19s
     0     0   -0.01743    0 1278   -0.01694   -0.01743  2.89%     -   23s
     0     0   -0.01743    0  151   -0.01694   -0.01743  2.87%     -   25s
     0     2   -0.01743    0  151   -0.01694   -0.01743  2.87%     -   25s

Cutting planes:
  Gomory: 14
  Lift-and-project: 1
  Projected implied bound: 5
  MIR: 283
  Flow cover: 73
  Relax-and-lift: 1
  BQP: 254

Explored 13 nodes (111417 simplex iterations) in 29.25 seconds (44.99 work units)
Thread count was 1 (of 16 available processors)

Solution count 1: -0.0169398 

Optimal solution found (tolerance 0.00e+00)
Best objective -1.693977485006e-02, best bound -1.693977485006e-02, gap 0.0000%
