
Gurobi 13.0.2 (win64) logging started Sun Oct  4 15:58:04 2026

Set parameter LogFile to value "docs/v42_m1_dw_discovery_certification_policy/logs/PRICE_0005_MESS01.log"
Gurobi Optimizer version 13.0.2 build v13.0.2rc1 (win64 - Windows 11+.0 (26200.2))

CPU model: 13th Gen Intel(R) Core(TM) i7-13620H, instruction set [SSE2|AVX|AVX2]
Thread count: 10 physical cores, 16 logical processors, using up to 1 threads

Non-default parameters:
TimeLimit  20
FeasibilityTol  1e-08
IntFeasTol  1e-08
MIPGap  0
MIPGapAbs  0
OptimalityTol  1e-08
Method  2
Crossover  2
DegenMoves  0
MIPFocus  3
NodeMethod  1
CutPasses  1
LogToConsole  0
Seed  20260929
Threads  1

Optimize a model with 51458 rows, 58814 columns and 314503 nonzeros (Min)
Model fingerprint: 0x0345a5f8
Model has 2880 linear objective coefficients and an objective constant of 7.0256857536502683e-03
Variable types: 6796 continuous, 52018 integer (52018 binary)
Coefficient statistics:
  Matrix range     [2e-01, 4e+02]
  Objective range  [2e-13, 1e-05]
  Bounds range     [1e+00, 1e+03]
  RHS range        [1e+00, 8e+02]

Loaded user MIP start with objective 0.00046817
MIP start from previous solve produced solution with objective -0.00843202 (0.06s)
MIP start from previous solve produced solution with objective -0.00845568 (0.06s)
Loaded MIP start from previous solve with objective -0.00845568

Presolve removed 8934 rows and 2 columns
Presolve time: 0.99s
Presolved: 42524 rows, 58812 columns, 292169 nonzeros
Variable types: 6794 continuous, 52018 integer (52018 binary)
Root relaxation presolve removed 2 rows and 2 columns
Root relaxation presolved: 42522 rows, 58810 columns, 292165 nonzeros

Root barrier log...

Ordering time: 0.06s

Barrier statistics:
 AA' NZ     : 5.988e+05
 Factor NZ  : 1.086e+06 (roughly 50 MB of memory)
 Factor Ops : 7.173e+07 (less than 1 second per iteration)
 Threads    : 1

                  Objective                Residual
Iter       Primal          Dual         Primal    Dual     Compl     Time
   0  -3.05256086e-03 -3.44328502e+04  1.80e+04 2.31e-04  3.80e+00     2s
   1  -4.63610207e-02 -2.95280227e+04  2.42e+03 3.01e-03  5.56e-01     2s
   2   7.75500452e-02 -9.27056203e+03  3.51e+02 1.56e-04  9.62e-02     2s
   3  -1.06506875e-02 -2.43441425e+03  8.38e+01 2.00e-14  2.33e-02     2s
   4  -5.77122181e-02 -1.95038377e+03  4.22e+01 2.13e-14  1.67e-02     2s
   5  -7.23718891e-02 -1.62440183e+03  2.82e+01 2.07e-14  1.35e-02     2s
   6  -7.38063305e-02 -1.31157254e+03  1.97e+01 2.18e-14  1.10e-02     2s
   7  -5.11037416e-02 -1.08169023e+03  1.39e+01 2.15e-14  8.99e-03     2s
   8   6.17232114e-03 -2.53018821e+02  3.42e+00 1.45e-14  2.20e-03     2s
   9   1.07667328e-02 -5.77707421e+01  5.32e-01 8.59e-15  4.51e-04     2s
  10   1.13412294e-02 -3.61708420e+01  1.05e-01 8.03e-15  2.42e-04     2s
  11   1.05616140e-02 -2.41510230e+00  7.16e-12 6.95e-15  1.54e-05     2s
  12   2.22373648e-03 -8.90526150e-01  1.07e-11 6.78e-15  5.66e-06     2s
  13   4.22377903e-03 -6.89151857e-01  1.21e-11 8.20e-15  4.40e-06     2s
  14  -2.69673302e-03 -1.37093099e-01  1.44e-11 6.27e-15  8.52e-07     2s
  15  -8.59956267e-03 -9.03062243e-02  1.49e-11 6.96e-15  5.18e-07     2s
  16  -1.10200007e-02 -6.51997560e-02  1.01e-11 8.08e-15  3.43e-07     2s
  17  -1.26934657e-02 -4.67890866e-02  1.51e-11 8.35e-15  2.16e-07     2s
  18  -1.37031724e-02 -3.99867680e-02  1.15e-11 7.33e-15  1.67e-07     2s
  19  -1.43917165e-02 -3.25798085e-02  1.15e-11 8.07e-15  1.15e-07     2s
  20  -1.50126650e-02 -2.96011732e-02  2.06e-11 9.01e-15  9.25e-08     2s
  21  -1.55566546e-02 -2.44351418e-02  2.37e-11 8.74e-15  5.63e-08     3s
  22  -1.63625773e-02 -2.21540176e-02  2.24e-11 8.28e-15  3.67e-08     3s
  23  -1.68083332e-02 -2.08415078e-02  1.46e-11 8.25e-15  2.56e-08     3s
  24  -1.70350902e-02 -1.89515288e-02  8.68e-12 7.26e-15  1.21e-08     3s
  25  -1.72144997e-02 -1.86053769e-02  1.75e-11 7.39e-15  8.82e-09     3s
  26  -1.72636700e-02 -1.78696927e-02  2.58e-11 6.85e-15  3.84e-09     3s
  27  -1.73649848e-02 -1.77075833e-02  3.11e-11 7.96e-15  2.17e-09     3s
  28  -1.73988624e-02 -1.75489637e-02  2.02e-11 6.58e-15  9.52e-10     3s
  29  -1.74069357e-02 -1.74513594e-02  3.95e-11 7.31e-15  2.82e-10     3s
  30  -1.74098073e-02 -1.74333693e-02  1.60e-11 2.06e-11  1.49e-10     3s
  31  -1.74113701e-02 -1.74211854e-02  1.10e-10 1.71e-11  6.22e-11     3s
  32  -1.74117616e-02 -1.74153382e-02  3.40e-11 7.10e-12  2.27e-11     3s
  33  -1.74118940e-02 -1.74125571e-02  6.09e-11 1.06e-11  4.23e-12     3s
  34  -1.74119653e-02 -1.74120242e-02  2.31e-11 4.74e-12  3.90e-13     3s
  35  -1.74119737e-02 -1.74119739e-02  6.87e-13 2.19e-13  1.49e-15     3s

Barrier solved model in 35 iterations and 3.19 seconds (2.65 work units)
Optimal objective -1.74119737e-02

Crossover time: 0.66 seconds (0.57 work units)

Root relaxation: objective -1.741197e-02, 30171 iterations, 2.70 seconds (2.21 work units)

    Nodes    |    Current Node    |     Objective Bounds      |     Work
 Expl Unexpl |  Obj  Depth IntInf | Incumbent    BestBd   Gap | It/Node Time

     0     0   -0.01741    0 1147   -0.00846   -0.01741   106%     -    3s
H    0     0                      -0.0149433   -0.01741  16.5%     -    4s
H    0     0                      -0.0150425   -0.01741  15.8%     -    4s
H    0     0                      -0.0155655   -0.01741  11.9%     -    4s
H    0     0                      -0.0156661   -0.01741  11.1%     -    4s
H    0     0                      -0.0156756   -0.01741  11.1%     -    5s
     0     0   -0.01741    0  147   -0.01568   -0.01741  11.1%     -   11s
H    0     0                      -0.0156782   -0.01741  11.0%     -   14s
     0     0          -    0        -0.01568   -0.01741  11.0%     -   20s

Explored 1 nodes (32043 simplex iterations) in 20.03 seconds (18.73 work units)
Thread count was 1 (of 16 available processors)

Solution count 5: -0.0156782 -0.0156756 -0.0156661 ... -0.00845568

Time limit reached
Best objective -1.567824340351e-02, best bound -1.740909751942e-02, gap 11.0398%
