
Gurobi 13.0.2 (win64) logging started Sun Oct  4 15:57:17 2026

Set parameter LogFile to value "docs/v42_m1_dw_discovery_certification_policy/logs/PRICE_0003_MESS03.log"
Gurobi Optimizer version 13.0.2 build v13.0.2rc1 (win64 - Windows 11+.0 (26200.2))

CPU model: 13th Gen Intel(R) Core(TM) i7-13620H, instruction set [SSE2|AVX|AVX2]
Thread count: 10 physical cores, 16 logical processors, using up to 1 threads

Non-default parameters:
TimeLimit  20
FeasibilityTol  1e-08
IntFeasTol  1e-08
MIPGap  0
MIPGapAbs  0
OptimalityTol  1e-08
Method  2
Crossover  2
DegenMoves  0
MIPFocus  3
NodeMethod  1
CutPasses  1
LogToConsole  0
Seed  20260929
Threads  1

Optimize a model with 51596 rows, 58976 columns and 315361 nonzeros (Min)
Model fingerprint: 0xa31fe0ad
Model has 2808 linear objective coefficients and an objective constant of 5.7154153582973221e-03
Variable types: 6814 continuous, 52162 integer (52162 binary)
Coefficient statistics:
  Matrix range     [2e-01, 4e+02]
  Objective range  [2e-11, 1e-05]
  Bounds range     [1e+00, 1e+03]
  RHS range        [1e+00, 8e+02]

Loaded user MIP start with objective 2.25514e-16

Presolve removed 8958 rows and 2 columns
Presolve time: 0.92s
Presolved: 42638 rows, 58974 columns, 292967 nonzeros
Variable types: 6812 continuous, 52162 integer (52162 binary)
Root relaxation presolve removed 3 rows and 2 columns
Root relaxation presolved: 42635 rows, 58972 columns, 292915 nonzeros

Root barrier log...

Ordering time: 0.06s

Barrier statistics:
 AA' NZ     : 6.006e+05
 Factor NZ  : 1.080e+06 (roughly 50 MB of memory)
 Factor Ops : 6.927e+07 (less than 1 second per iteration)
 Threads    : 1

                  Objective                Residual
Iter       Primal          Dual         Primal    Dual     Compl     Time
   0  -4.46193670e-02 -3.45219608e+04  1.80e+04 1.80e-04  3.80e+00     1s
   1  -5.28973378e-02 -2.93381094e+04  2.38e+03 2.53e-03  5.43e-01     1s
   2   7.64570990e-02 -8.95804675e+03  3.44e+02 9.85e-05  9.27e-02     2s
   3  -1.43064103e-02 -2.39527803e+03  7.54e+01 2.24e-15  2.20e-02     2s
   4  -5.93292044e-02 -1.90014772e+03  3.93e+01 2.30e-15  1.58e-02     2s
   5  -7.49037363e-02 -1.45914673e+03  2.45e+01 2.73e-15  1.20e-02     2s
   6  -7.78771407e-02 -1.16367503e+03  1.69e+01 3.05e-15  9.56e-03     2s
   7  -4.30557565e-02 -1.02350865e+03  1.25e+01 3.12e-15  8.24e-03     2s
   8   6.14304090e-03 -3.22580630e+02  3.20e+00 2.93e-15  2.54e-03     2s
   9   1.01838275e-02 -1.27832050e+02  3.75e-01 3.02e-15  8.65e-04     2s
  10   1.03801403e-02 -2.54638216e+01  3.20e-02 2.65e-15  1.63e-04     2s
  11   8.77222481e-03 -3.80353184e+00  1.09e-04 1.92e-15  2.41e-05     2s
  12   1.57586848e-03 -1.24813383e+00  7.24e-07 6.11e-16  7.90e-06     2s
  13  -1.83144237e-03 -3.89694231e-01  1.11e-07 1.56e-16  2.45e-06     2s
  14  -6.79213224e-03 -2.18164225e-01  3.14e-08 8.57e-17  1.34e-06     2s
  15  -1.02873496e-02 -1.54167353e-01  1.62e-08 5.78e-17  9.10e-07     2s
  16  -1.43448924e-02 -1.11197234e-01  5.66e-09 4.30e-17  6.12e-07     2s
  17  -1.64242587e-02 -8.41922333e-02  3.50e-09 3.11e-17  4.29e-07     2s
  18  -1.70443358e-02 -7.65474788e-02  3.00e-09 2.95e-17  3.76e-07     2s
  19  -1.81880948e-02 -6.54130915e-02  2.15e-09 2.48e-17  2.99e-07     2s
  20  -1.93546003e-02 -5.39918699e-02  1.40e-09 1.98e-17  2.19e-07     2s
  21  -2.00545348e-02 -4.73512753e-02  1.05e-09 1.65e-17  1.73e-07     2s
  22  -2.07664543e-02 -4.03624811e-02  7.48e-10 1.36e-17  1.24e-07     2s
  23  -2.11257366e-02 -3.48641892e-02  6.19e-10 1.13e-17  8.69e-08     2s
  24  -2.18281573e-02 -3.20125609e-02  4.03e-10 9.62e-18  6.44e-08     3s
  25  -2.22447595e-02 -2.98860149e-02  2.84e-10 1.05e-17  4.83e-08     3s
  26  -2.27265944e-02 -2.78144676e-02  1.45e-10 7.90e-18  3.22e-08     3s
  27  -2.28299284e-02 -2.60857680e-02  1.20e-10 7.26e-18  2.06e-08     3s
  28  -2.29587351e-02 -2.59999647e-02  8.96e-11 7.54e-18  1.92e-08     3s
  29  -2.31255198e-02 -2.52679454e-02  4.90e-11 7.72e-18  1.35e-08     3s
  30  -2.32850961e-02 -2.38953569e-02  6.06e-11 6.43e-18  3.86e-09     3s
  31  -2.32955274e-02 -2.37478431e-02  1.28e-10 6.89e-18  2.86e-09     3s
  32  -2.33139730e-02 -2.35307506e-02  1.01e-10 6.08e-18  1.37e-09     3s
  33  -2.33408402e-02 -2.33467334e-02  1.58e-10 5.74e-18  3.72e-11     3s
  34  -2.33445453e-02 -2.33451026e-02  5.28e-11 9.95e-14  3.52e-12     3s
  35  -2.33449951e-02 -2.33450998e-02  1.53e-10 7.68e-14  6.69e-13     3s
  36  -2.33450918e-02 -2.33450960e-02  1.83e-09 1.23e-14  2.70e-14     3s

Barrier solved model in 36 iterations and 3.08 seconds (2.63 work units)
Optimal objective -2.33450918e-02

Crossover time: 0.81 seconds (0.80 work units)

Root relaxation: objective -2.334509e-02, 39717 iterations, 2.87 seconds (2.45 work units)

    Nodes    |    Current Node    |     Objective Bounds      |     Work
 Expl Unexpl |  Obj  Depth IntInf | Incumbent    BestBd   Gap | It/Node Time

     0     0   -0.02335    0 1277    0.00000   -0.02335      -     -    3s
H    0     0                      -0.0176119   -0.02335  32.6%     -    4s
H    0     0                      -0.0176522   -0.02335  32.3%     -    4s
H    0     0                      -0.0188416   -0.02335  23.9%     -    4s
H    0     0                      -0.0188953   -0.02335  23.5%     -    4s
H    0     0                      -0.0189185   -0.02335  23.4%     -    4s
H    0     0                      -0.0201558   -0.02335  15.8%     -    5s
H    0     0                      -0.0201710   -0.02335  15.7%     -    5s
     0     0   -0.02333    0  314   -0.02017   -0.02333  15.7%     -   17s

Cutting planes:
  Projected implied bound: 1
  MIR: 350
  Flow cover: 93
  BQP: 284

Explored 1 nodes (44133 simplex iterations) in 20.02 seconds (20.28 work units)
Thread count was 1 (of 16 available processors)

Solution count 6: -0.020171 -0.0201558 -0.0189185 ... 2.25514e-16

Time limit reached
Best objective -2.017097044264e-02, best bound -2.332824662577e-02, gap 15.6526%
Set parameter Threads to value 1
Set parameter Method to value 2
Set parameter NodeMethod to value 1
Set parameter Crossover to value 2
Set parameter DegenMoves to value 0
Set parameter CutPasses to value 1
Set parameter MIPFocus to value 3
Set parameter MIPGap to value 0
Set parameter MIPGapAbs to value 0
Set parameter FeasibilityTol to value 1e-08
Set parameter IntFeasTol to value 1e-08
Set parameter OptimalityTol to value 1e-08
Set parameter Seed to value 20260929
Set parameter TimeLimit to value 20
