
Gurobi 13.0.2 (win64) logging started Sun Oct  4 16:01:55 2026

Set parameter LogFile to value "docs/v42_m1_dw_discovery_certification_policy/logs/PRICE_0016_MESS04.log"
Gurobi Optimizer version 13.0.2 build v13.0.2rc1 (win64 - Windows 11+.0 (26200.2))

CPU model: 13th Gen Intel(R) Core(TM) i7-13620H, instruction set [SSE2|AVX|AVX2]
Thread count: 10 physical cores, 16 logical processors, using up to 1 threads

Non-default parameters:
TimeLimit  20
FeasibilityTol  1e-08
IntFeasTol  1e-08
MIPGap  0
MIPGapAbs  0
OptimalityTol  1e-08
Method  2
Crossover  2
DegenMoves  0
MIPFocus  3
NodeMethod  1
CutPasses  1
LogToConsole  0
Seed  20260929
Threads  1

Optimize a model with 51481 rows, 58841 columns and 314646 nonzeros (Min)
Model fingerprint: 0xf94c1874
Model has 2808 linear objective coefficients and an objective constant of 8.9899467848396312e-03
Variable types: 6799 continuous, 52042 integer (52042 binary)
Coefficient statistics:
  Matrix range     [2e-01, 4e+02]
  Objective range  [8e-13, 1e-05]
  Bounds range     [1e+00, 1e+03]
  RHS range        [1e+00, 8e+02]

Loaded user MIP start with objective 0.00254616
MIP start from previous solve produced solution with objective -0.0111918 (0.04s)
MIP start from previous solve produced solution with objective -0.011261 (0.05s)
Loaded MIP start from previous solve with objective -0.011261

Presolve removed 8938 rows and 2 columns
Presolve time: 0.96s
Presolved: 42543 rows, 58839 columns, 292302 nonzeros
Variable types: 6797 continuous, 52042 integer (52042 binary)
Root relaxation presolve removed 2 rows and 2 columns
Root relaxation presolved: 42541 rows, 58837 columns, 292298 nonzeros

Root barrier log...

Ordering time: 0.05s

Barrier statistics:
 AA' NZ     : 5.993e+05
 Factor NZ  : 1.094e+06 (roughly 50 MB of memory)
 Factor Ops : 7.380e+07 (less than 1 second per iteration)
 Threads    : 1

                  Objective                Residual
Iter       Primal          Dual         Primal    Dual     Compl     Time
   0   4.74975088e-03 -3.44574384e+04  1.81e+04 2.04e-04  3.81e+00     2s
   1  -4.40983461e-02 -2.87610670e+04  2.42e+03 4.12e-03  5.55e-01     2s
   2   7.45468951e-02 -1.10101586e+04  3.51e+02 1.80e-04  1.09e-01     2s
   3   2.58867223e-02 -3.03690997e+03  1.06e+02 2.86e-06  2.93e-02     2s
   4  -4.36552029e-02 -2.40080474e+03  4.83e+01 1.37e-15  2.01e-02     2s
   5  -6.77518025e-02 -1.87445347e+03  2.86e+01 1.67e-15  1.51e-02     2s
   6  -7.30629627e-02 -1.41102134e+03  2.17e+01 2.08e-15  1.17e-02     2s
   7  -7.47729796e-02 -1.17013099e+03  1.62e+01 2.23e-15  9.75e-03     2s
   8  -6.07258504e-02 -8.67677975e+02  1.45e+01 2.85e-15  8.03e-03     2s
   9   4.62076726e-03 -5.93830087e+02  4.53e+00 2.28e-15  4.44e-03     2s
  10   8.22911861e-03 -2.19616090e+02  2.54e+00 1.85e-15  1.84e-03     2s
  11   1.15174184e-02 -2.96046301e+01  9.99e-01 1.64e-15  3.48e-04     2s
  12   1.36622959e-02 -1.25454069e+01  7.02e-02 2.01e-15  8.66e-05     2s
  13   1.21396722e-02 -1.43949672e+00  1.22e-04 1.94e-15  9.20e-06     2s
  14   5.63650591e-03 -9.10489112e-01  4.38e-05 1.16e-15  5.80e-06     2s
  15   4.57956806e-03 -3.07147572e-01  2.95e-05 3.92e-16  1.97e-06     2s
  16  -1.38387377e-03 -1.09000999e-01  9.10e-06 1.73e-16  6.82e-07     2s
  17  -4.24297393e-03 -9.05884965e-02  5.18e-06 1.30e-16  5.47e-07     2s
  18  -9.00194451e-03 -7.15184620e-02  2.01e-06 9.95e-17  3.96e-07     2s
  19  -1.09783076e-02 -5.69668206e-02  1.10e-06 7.27e-17  2.91e-07     2s
  20  -1.22941994e-02 -4.42618469e-02  7.08e-07 5.62e-17  2.03e-07     2s
  21  -1.27026553e-02 -3.99138979e-02  6.11e-07 4.86e-17  1.72e-07     2s
  22  -1.37602852e-02 -3.11265264e-02  3.81e-07 3.79e-17  1.10e-07     2s
  23  -1.48168394e-02 -2.78727664e-02  1.85e-07 3.76e-17  8.27e-08     3s
  24  -1.49578954e-02 -2.41895377e-02  1.65e-07 3.39e-17  5.85e-08     3s
  25  -1.51918862e-02 -2.30027285e-02  1.35e-07 3.72e-17  4.95e-08     3s
  26  -1.56021102e-02 -2.12455744e-02  8.48e-08 3.50e-17  3.57e-08     3s
  27  -1.56351894e-02 -2.04520671e-02  8.16e-08 4.26e-17  3.05e-08     3s
  28  -1.58847733e-02 -1.99074380e-02  5.81e-08 3.95e-17  2.55e-08     3s
  29  -1.60409882e-02 -1.94354724e-02  4.54e-08 4.41e-17  2.15e-08     3s
  30  -1.63151057e-02 -1.85742868e-02  2.71e-08 3.50e-17  1.43e-08     3s
  31  -1.66400448e-02 -1.78620176e-02  8.24e-09 3.01e-17  7.74e-09     3s
  32  -1.67602889e-02 -1.75162073e-02  3.99e-09 3.06e-17  4.79e-09     3s
  33  -1.68246243e-02 -1.72436134e-02  2.20e-09 2.76e-17  2.65e-09     3s
  34  -1.68617207e-02 -1.71043049e-02  1.31e-09 2.68e-17  1.54e-09     3s
  35  -1.68997849e-02 -1.70667577e-02  4.11e-10 3.14e-17  1.06e-09     3s
  36  -1.69025711e-02 -1.69894502e-02  3.52e-10 3.09e-17  5.50e-10     3s
  37  -1.69128203e-02 -1.69613390e-02  1.53e-10 1.62e-15  3.07e-10     3s
  38  -1.69194091e-02 -1.69434474e-02  8.43e-11 1.83e-15  1.52e-10     3s
  39  -1.69199998e-02 -1.69224755e-02  2.26e-11 6.08e-14  1.57e-11     3s
  40  -1.69200484e-02 -1.69221156e-02  1.55e-11 4.27e-13  1.31e-11     3s
  41  -1.69200822e-02 -1.69215346e-02  1.28e-11 4.95e-13  9.20e-12     3s
  42  -1.69201237e-02 -1.69212463e-02  2.30e-10 6.29e-13  7.11e-12     3s
  43  -1.69201444e-02 -1.69206948e-02  3.22e-10 8.34e-13  3.49e-12     3s
  44  -1.69201561e-02 -1.69203221e-02  1.36e-10 4.03e-12  1.05e-12     3s
  45  -1.69201566e-02 -1.69202731e-02  1.27e-10 3.01e-12  7.39e-13     3s
  46  -1.69201564e-02 -1.69202204e-02  7.64e-11 2.44e-12  4.06e-13     4s
  47  -1.69201630e-02 -1.69201682e-02  2.08e-10 2.61e-12  3.36e-14     4s

Barrier solved model in 47 iterations and 3.66 seconds (3.14 work units)
Optimal objective -1.69201630e-02

Crossover time: 0.99 seconds (1.04 work units)

Root relaxation: objective -1.692015e-02, 38095 iterations, 3.50 seconds (3.16 work units)

    Nodes    |    Current Node    |     Objective Bounds      |     Work
 Expl Unexpl |  Obj  Depth IntInf | Incumbent    BestBd   Gap | It/Node Time

     0     0   -0.01692    0 1290   -0.01126   -0.01692  50.3%     -    4s
H    0     0                      -0.0112752   -0.01692  50.1%     -    4s
H    0     0                      -0.0113352   -0.01692  49.3%     -    4s
H    0     0                      -0.0124668   -0.01692  35.7%     -    5s
H    0     0                      -0.0124697   -0.01692  35.7%     -    5s
H    0     0                      -0.0125855   -0.01692  34.4%     -    5s
H    0     0                      -0.0126241   -0.01692  34.0%     -    5s
H    0     0                      -0.0144714   -0.01692  16.9%     -    6s
H    0     0                      -0.0144892   -0.01692  16.8%     -    6s
     0     0   -0.01691    0  142   -0.01449   -0.01691  16.7%     -   11s
     0     0          -    0        -0.01449   -0.01691  16.7%     -   20s

Explored 1 nodes (39930 simplex iterations) in 20.03 seconds (18.80 work units)
Thread count was 1 (of 16 available processors)

Solution count 7: -0.0144892 -0.0126241 -0.0125855 ... -0.011261

Time limit reached
Best objective -1.448918134151e-02, best bound -1.690882904920e-02, gap 16.6997%
Set parameter Threads to value 1
Set parameter Method to value 2
Set parameter NodeMethod to value 1
Set parameter Crossover to value 2
Set parameter DegenMoves to value 0
Set parameter CutPasses to value 1
Set parameter MIPFocus to value 3
Set parameter MIPGap to value 0
Set parameter MIPGapAbs to value 0
Set parameter FeasibilityTol to value 1e-08
Set parameter IntFeasTol to value 1e-08
Set parameter OptimalityTol to value 1e-08
Set parameter Seed to value 20260929
Set parameter TimeLimit to value 60
