
Gurobi 13.0.2 (win64) logging started Mon Oct  5 12:41:38 2026

Set parameter LogFile to value "docs/v42_m1_dw_root_continuation_v2/logs/PRICE_0106_MESS02.log"
Gurobi Optimizer version 13.0.2 build v13.0.2rc1 (win64 - Windows 11+.0 (26200.2))

CPU model: 13th Gen Intel(R) Core(TM) i7-13620H, instruction set [SSE2|AVX|AVX2]
Thread count: 10 physical cores, 16 logical processors, using up to 1 threads

Non-default parameters:
TimeLimit  20
FeasibilityTol  1e-08
IntFeasTol  1e-08
MIPGap  0
MIPGapAbs  0
OptimalityTol  1e-08
Method  2
Crossover  2
DegenMoves  0
MIPFocus  3
NodeMethod  1
CutPasses  1
LogToConsole  0
Seed  20260929
Threads  1

Optimize a model with 51527 rows, 58895 columns and 314932 nonzeros (Min)
Model fingerprint: 0x245a577d
Model has 4539 linear objective coefficients and an objective constant of 0.00987807967336116
Variable types: 6805 continuous, 52090 integer (52090 binary)
Coefficient statistics:
  Matrix range     [2e-01, 4e+02]
  Objective range  [1e-13, 7e-06]
  Bounds range     [1e+00, 1e+03]
  RHS range        [1e+00, 8e+02]

Loaded user MIP start with objective -0.000687229
MIP start from previous solve produced solution with objective -0.00243162 (0.96s)
MIP start from previous solve produced solution with objective -0.00244769 (1.38s)
Loaded MIP start from previous solve with objective -0.00244769
Processed MIP start in 1.87 seconds (0.04 work units)

Presolve removed 8946 rows and 2 columns
Presolve time: 1.19s
Presolved: 42581 rows, 58893 columns, 292568 nonzeros
Variable types: 6803 continuous, 52090 integer (52090 binary)
Root relaxation presolve removed 1 rows and 1 columns
Root relaxation presolved: 42580 rows, 58892 columns, 292566 nonzeros

Root barrier log...

Ordering time: 0.07s

Barrier statistics:
 AA' NZ     : 5.996e+05
 Factor NZ  : 1.096e+06 (roughly 50 MB of memory)
 Factor Ops : 7.451e+07 (less than 1 second per iteration)
 Threads    : 1

                  Objective                Residual
Iter       Primal          Dual         Primal    Dual     Compl     Time
   0   1.71927835e-02 -3.44919785e+04  1.80e+04 1.11e-04  3.80e+00     4s
   1  -3.27755707e-02 -2.94152661e+04  2.54e+03 3.23e-03  5.75e-01     4s
   2   7.30003521e-02 -1.16583007e+04  4.08e+02 2.75e-04  1.20e-01     4s
   3   2.23848377e-02 -2.59639176e+03  1.04e+02 7.95e-14  2.60e-02     4s
   4  -1.90960121e-02 -2.37348268e+03  6.65e+01 8.63e-14  2.12e-02     4s
   5  -4.13391828e-02 -2.15228012e+03  4.89e+01 9.70e-14  1.83e-02     4s
   6  -6.46728206e-02 -1.85106585e+03  3.12e+01 8.41e-14  1.49e-02     4s
   7  -7.54969720e-02 -1.60922045e+03  2.22e+01 1.04e-13  1.28e-02     4s
   8  -7.94554801e-02 -1.42199549e+03  1.74e+01 7.97e-14  1.13e-02     4s
   9  -7.74003291e-02 -1.24708852e+03  1.43e+01 8.74e-14  1.01e-02     4s
  10  -7.19896375e-02 -1.21544594e+03  1.30e+01 9.67e-14  9.57e-03     4s
  11  -1.56668062e-02 -1.02957736e+03  8.75e+00 7.58e-14  7.73e-03     5s
  12  -4.49826354e-03 -5.47097782e+02  5.51e+00 5.21e-14  4.26e-03     5s
  13   1.11713790e-02 -1.66852718e+02  1.40e+00 5.13e-14  1.30e-03     5s
  14   1.38617251e-02 -3.07563892e+01  2.62e-01 2.80e-14  2.28e-04     5s
  15   1.37408335e-02 -4.02822673e+00  2.49e-04 2.56e-14  2.56e-05     5s
  16   7.39386944e-03 -7.70994583e-01  1.01e-07 2.58e-14  4.93e-06     5s
  17   7.17698717e-03 -4.55340436e-01  3.40e-08 2.84e-14  2.93e-06     5s
  18   4.87889956e-03 -2.33946757e-01  1.48e-08 2.96e-14  1.51e-06     5s
  19   2.77675480e-03 -9.71662354e-02  4.11e-09 3.09e-14  6.33e-07     5s
  20   1.15153519e-03 -7.31094129e-02  2.49e-09 2.78e-14  4.70e-07     5s
  21  -4.60619482e-04 -5.23636259e-02  1.51e-09 3.37e-14  3.29e-07     5s
  22  -2.55702991e-03 -4.12152686e-02  4.89e-10 3.51e-14  2.45e-07     5s
  23  -3.23372696e-03 -3.18516917e-02  3.06e-10 3.18e-14  1.81e-07     5s
  24  -3.29065855e-03 -2.87996127e-02  2.89e-10 3.97e-14  1.61e-07     5s
  25  -3.52056863e-03 -2.57369118e-02  2.33e-10 4.38e-14  1.41e-07     5s
  26  -3.60289642e-03 -2.43969593e-02  2.15e-10 4.36e-14  1.32e-07     6s
  27  -3.95807966e-03 -1.84756461e-02  1.37e-10 3.88e-14  9.19e-08     6s
  28  -4.19857713e-03 -1.66302894e-02  8.72e-11 4.50e-14  7.87e-08     6s
  29  -4.42541742e-03 -1.42692129e-02  5.43e-11 4.25e-14  6.23e-08     6s
  30  -4.54229543e-03 -1.11771567e-02  3.88e-11 3.22e-14  4.20e-08     6s
  31  -4.64350774e-03 -8.84074282e-03  2.71e-11 3.11e-14  2.66e-08     6s
  32  -4.71273378e-03 -7.93970542e-03  2.46e-11 3.21e-14  2.04e-08     6s
  33  -4.74601396e-03 -7.56527564e-03  1.94e-11 3.74e-14  1.78e-08     6s
  34  -4.81340233e-03 -6.96857213e-03  1.99e-11 3.87e-14  1.36e-08     6s
  35  -4.94507353e-03 -6.26920815e-03  1.70e-11 3.12e-14  8.38e-09     6s
  36  -4.96584926e-03 -6.12272604e-03  1.56e-11 3.48e-14  7.32e-09     6s
  37  -5.00511901e-03 -6.01805538e-03  1.37e-11 3.77e-14  6.41e-09     6s
  38  -5.03087471e-03 -5.99512388e-03  6.76e-11 4.76e-14  6.10e-09     6s
  39  -5.06011730e-03 -5.72943273e-03  5.67e-11 3.91e-14  4.24e-09     6s
  40  -5.10107761e-03 -5.61772149e-03  4.32e-11 3.88e-14  3.27e-09     6s
  41  -5.11241659e-03 -5.55636233e-03  3.91e-11 3.59e-14  2.81e-09     6s
  42  -5.17300705e-03 -5.47198571e-03  3.21e-11 3.83e-14  1.89e-09     7s
  43  -5.19356838e-03 -5.40124518e-03  2.12e-11 3.36e-14  1.31e-09     7s
  44  -5.21900418e-03 -5.38304355e-03  5.67e-11 4.08e-14  1.04e-09     7s
  45  -5.22553932e-03 -5.35877939e-03  5.28e-11 4.04e-14  8.43e-10     7s
  46  -5.23495713e-03 -5.34354658e-03  5.08e-11 3.94e-14  6.87e-10     7s
  47  -5.23985207e-03 -5.33384338e-03  1.58e-10 3.97e-14  5.95e-10     7s
  48  -5.24602405e-03 -5.30623479e-03  1.12e-10 3.80e-14  3.81e-10     7s
  49  -5.25231191e-03 -5.29779397e-03  6.57e-10 3.63e-14  2.88e-10     7s
  50  -5.25420531e-03 -5.28628687e-03  5.15e-10 3.60e-14  2.03e-10     7s
  51  -5.25655555e-03 -5.27645935e-03  3.59e-10 7.57e-14  1.26e-10     7s
  52  -5.25810535e-03 -5.27329242e-03  2.59e-10 1.92e-13  9.62e-11     7s
  53  -5.25987515e-03 -5.27111485e-03  1.65e-10 5.10e-13  7.13e-11     7s
  54  -5.26136947e-03 -5.26434534e-03  7.75e-11 4.59e-12  1.90e-11     7s
  55  -5.26140259e-03 -5.26408326e-03  7.57e-11 4.17e-12  1.71e-11     7s
  56  -5.26172490e-03 -5.26373500e-03  1.98e-10 3.12e-12  1.28e-11     7s
  57  -5.26231515e-03 -5.26329443e-03  1.58e-10 2.08e-12  6.28e-12     8s
  58  -5.26251114e-03 -5.26293732e-03  8.44e-11 1.43e-12  2.75e-12     8s
  59  -5.26269008e-03 -5.26277633e-03  4.08e-11 4.86e-13  5.65e-13     8s
  60  -5.26273995e-03 -5.26275230e-03  7.35e-12 1.83e-13  8.20e-14     8s
  61  -5.26275178e-03 -5.26275197e-03  1.06e-11 2.52e-14  1.78e-15     8s

Barrier solved model in 61 iterations and 7.80 seconds (3.68 work units)
Optimal objective -5.26275178e-03


Root crossover log...

   14344 DPushes remaining with DInf 5.9841256e-06                 8s
       0 DPushes remaining with DInf 1.9579162e-05                 8s

   12776 PPushes remaining with PInf 4.6934493e-03                 8s
       0 PPushes remaining with PInf 0.0000000e+00                 8s

  Push phase complete: Pinf 0.0000000e+00, Dinf 4.1458318e-03      8s


Root simplex log...

Iteration    Objective       Primal Inf.    Dual Inf.      Time
   22424   -5.2627519e-03   0.000000e+00   0.000000e+00      8s
   22856   -5.2627519e-03   0.000000e+00   0.000000e+00      9s
Crossover time: 0.73 seconds (0.47 work units)
   22856   -5.2627519e-03   0.000000e+00   0.000000e+00      9s

Root relaxation: objective -5.262752e-03, 22856 iterations, 5.33 seconds (3.13 work units)

    Nodes    |    Current Node    |     Objective Bounds      |     Work
 Expl Unexpl |  Obj  Depth IntInf | Incumbent    BestBd   Gap | It/Node Time

     0     0   -0.00526    0  327   -0.00245   -0.00526   115%     -    8s
H    0     0                      -0.0028780   -0.00526  82.9%     -   10s

Explored 1 nodes (22856 simplex iterations) in 10.23 seconds (4.93 work units)
Thread count was 1 (of 16 available processors)

Solution count 2: -0.00287805 -0.00244769 

Solve interrupted
Best objective -2.878049871737e-03, best bound -5.262751888746e-03, gap 82.8583%

User-callback calls 1912, time in user-callback 2.43 sec
