
Gurobi 13.0.2 (win64) logging started Sun Oct  4 22:36:48 2026

Set parameter LogFile to value "docs/v42_m1_dw_root_continuation_v2/logs/PRICE_0056_MESS04.log"
Gurobi Optimizer version 13.0.2 build v13.0.2rc1 (win64 - Windows 11+.0 (26200.2))

CPU model: 13th Gen Intel(R) Core(TM) i7-13620H, instruction set [SSE2|AVX|AVX2]
Thread count: 10 physical cores, 16 logical processors, using up to 1 threads

Non-default parameters:
TimeLimit  20
FeasibilityTol  1e-08
IntFeasTol  1e-08
MIPGap  0
MIPGapAbs  0
OptimalityTol  1e-08
Method  2
Crossover  2
DegenMoves  0
MIPFocus  3
NodeMethod  1
CutPasses  1
LogToConsole  0
Seed  20260929
Threads  1

Optimize a model with 51481 rows, 58841 columns and 314646 nonzeros (Min)
Model fingerprint: 0x65602c0c
Model has 4105 linear objective coefficients and an objective constant of 0.00938600389862769
Variable types: 6799 continuous, 52042 integer (52042 binary)
Coefficient statistics:
  Matrix range     [2e-01, 4e+02]
  Objective range  [9e-14, 9e-06]
  Bounds range     [1e+00, 1e+03]
  RHS range        [1e+00, 8e+02]

Loaded user MIP start with objective -0.00360132

Presolve removed 8938 rows and 2 columns
Presolve time: 0.65s
Presolved: 42543 rows, 58839 columns, 292302 nonzeros
Variable types: 6797 continuous, 52042 integer (52042 binary)
Root relaxation presolve removed 2 rows and 2 columns
Root relaxation presolved: 42541 rows, 58837 columns, 292298 nonzeros

Root barrier log...

Ordering time: 0.05s

Barrier statistics:
 AA' NZ     : 5.993e+05
 Factor NZ  : 1.094e+06 (roughly 50 MB of memory)
 Factor Ops : 7.380e+07 (less than 1 second per iteration)
 Threads    : 1

                  Objective                Residual
Iter       Primal          Dual         Primal    Dual     Compl     Time
   0  -4.27758249e-03 -3.44574590e+04  1.81e+04 1.38e-04  3.81e+00     1s
   1  -4.31083923e-02 -2.87601885e+04  2.42e+03 4.12e-03  5.55e-01     1s
   2   7.28540585e-02 -1.10092556e+04  3.51e+02 1.80e-04  1.09e-01     1s
   3   2.61563794e-02 -3.04045430e+03  1.06e+02 2.90e-06  2.93e-02     1s
   4  -4.09925779e-02 -2.40193271e+03  4.86e+01 1.07e-15  2.01e-02     2s
   5  -6.43269959e-02 -1.87446681e+03  2.86e+01 1.30e-15  1.51e-02     2s
   6  -6.93277196e-02 -1.40738860e+03  2.18e+01 2.41e-15  1.17e-02     2s
   7  -7.00999047e-02 -1.28444422e+03  1.90e+01 2.24e-15  1.07e-02     2s
   8  -6.00266310e-02 -1.04265698e+03  1.61e+01 2.07e-15  9.02e-03     2s
   9  -2.53777479e-02 -5.25706111e+02  1.09e+01 1.66e-15  5.00e-03     2s
  10  -7.63015432e-03 -1.85778738e+02  5.92e+00 2.67e-15  2.31e-03     2s
  11   9.58821114e-03 -9.15161697e+01  1.22e+00 3.09e-15  8.14e-04     2s
  12   1.26166712e-02 -2.33107835e+01  3.06e-01 3.69e-15  1.84e-04     2s
  13   1.28576135e-02 -3.38296846e+00  4.43e-05 7.62e-15  2.15e-05     2s
  14   5.88543551e-03 -7.96989899e-01  4.52e-08 6.45e-15  5.09e-06     2s
  15   5.79181474e-03 -1.14406708e-01  3.58e-11 6.44e-15  7.61e-07     2s
  16   1.55295978e-03 -5.45055207e-02  1.72e-11 7.25e-15  3.55e-07     2s
  17  -4.19195206e-04 -4.30067954e-02  1.21e-11 8.07e-15  2.70e-07     2s
  18  -1.31720013e-03 -3.46214083e-02  1.31e-11 8.98e-15  2.11e-07     2s
  19  -2.53887509e-03 -2.44998493e-02  1.05e-10 8.81e-15  1.39e-07     2s
  20  -3.21720621e-03 -1.98441692e-02  7.03e-11 8.35e-15  1.05e-07     2s
  21  -3.43193429e-03 -1.63714232e-02  5.87e-11 9.28e-15  8.20e-08     2s
  22  -4.08759744e-03 -1.54715356e-02  5.25e-11 1.16e-14  7.21e-08     2s
  23  -4.43043103e-03 -1.31133518e-02  4.88e-11 8.44e-15  5.50e-08     2s
  24  -4.50800117e-03 -1.23505719e-02  5.15e-11 1.04e-14  4.97e-08     2s
  25  -4.59714658e-03 -1.17971761e-02  5.11e-11 1.22e-14  4.56e-08     2s
  26  -4.75586213e-03 -1.01892540e-02  4.04e-11 1.06e-14  3.44e-08     2s
  27  -4.86645790e-03 -9.66904022e-03  3.90e-11 1.01e-14  3.04e-08     2s
  28  -5.01048512e-03 -8.81024802e-03  2.52e-11 1.17e-14  2.41e-08     2s
  29  -5.19145857e-03 -7.43321252e-03  7.52e-11 9.11e-15  1.42e-08     2s
  30  -5.22964299e-03 -7.05245625e-03  6.20e-11 9.51e-15  1.15e-08     2s
  31  -5.32064297e-03 -6.45978602e-03  4.86e-11 8.31e-15  7.22e-09     2s
  32  -5.40141474e-03 -6.31350145e-03  4.86e-11 9.14e-15  5.78e-09     2s
  33  -5.43323121e-03 -6.12841760e-03  3.83e-11 8.63e-15  4.40e-09     3s
  34  -5.47714882e-03 -5.99743182e-03  3.92e-11 8.82e-15  3.30e-09     3s
  35  -5.51444188e-03 -5.78962349e-03  6.21e-11 7.32e-15  1.74e-09     3s
  36  -5.54968547e-03 -5.73059543e-03  7.70e-11 8.16e-15  1.15e-09     3s
  37  -5.58115069e-03 -5.69052532e-03  1.71e-10 7.79e-15  6.93e-10     3s
  38  -5.59018197e-03 -5.67449140e-03  8.50e-10 8.39e-15  5.34e-10     3s
  39  -5.60220869e-03 -5.64954225e-03  4.37e-10 6.82e-15  3.00e-10     3s
  40  -5.61159959e-03 -5.64364032e-03  1.93e-10 7.87e-14  2.03e-10     3s
  41  -5.61783141e-03 -5.63739157e-03  1.13e-09 2.48e-13  1.24e-10     3s
  42  -5.61813722e-03 -5.63415738e-03  1.04e-09 3.26e-13  1.01e-10     3s
  43  -5.62016930e-03 -5.62391191e-03  2.08e-10 1.56e-12  2.37e-11     3s
  44  -5.62040678e-03 -5.62127269e-03  1.91e-10 1.68e-12  5.54e-12     3s
  45  -5.62116268e-03 -5.62121811e-03  1.68e-11 1.12e-12  4.04e-13     3s
  46  -5.62120569e-03 -5.62120639e-03  2.92e-12 3.16e-13  6.92e-15     3s

Barrier solved model in 46 iterations and 3.07 seconds (3.05 work units)
Optimal objective -5.62120569e-03

Crossover time: 0.81 seconds (1.16 work units)

Root relaxation: objective -5.620938e-03, 30900 iterations, 2.87 seconds (3.23 work units)

    Nodes    |    Current Node    |     Objective Bounds      |     Work
 Expl Unexpl |  Obj  Depth IntInf | Incumbent    BestBd   Gap | It/Node Time

     0     0   -0.00562    0  331   -0.00360   -0.00562  56.1%     -    3s
H    0     0                      -0.0036098   -0.00562  55.7%     -    4s
H    0     0                      -0.0036502   -0.00562  54.0%     -    5s
     0     0   -0.00559    0  258   -0.00365   -0.00559  53.1%     -    7s
H    0     0                      -0.0037348   -0.00557  49.1%     -    9s
     0     0   -0.00557    0  621   -0.00373   -0.00557  49.1%     -   15s
     0     0   -0.00557    0  405   -0.00373   -0.00557  49.1%     -   19s

Cutting planes:
  Gomory: 1
  MIR: 50
  Flow cover: 26
  BQP: 73

Explored 1 nodes (55494 simplex iterations) in 20.28 seconds (23.80 work units)
Thread count was 1 (of 16 available processors)

Solution count 2: -0.00373478 -0.00365015 

Time limit reached
Best objective -3.734782913581e-03, best bound -5.568656138960e-03, gap 49.1025%

User-callback calls 3797, time in user-callback 1.58 sec
Set parameter Threads to value 1
Set parameter Method to value 2
Set parameter NodeMethod to value 1
Set parameter Crossover to value 2
Set parameter DegenMoves to value 0
Set parameter CutPasses to value 1
Set parameter MIPFocus to value 3
Set parameter MIPGap to value 0
Set parameter MIPGapAbs to value 0
Set parameter FeasibilityTol to value 1e-08
Set parameter IntFeasTol to value 1e-08
Set parameter OptimalityTol to value 1e-08
Set parameter Seed to value 20260929
Set parameter TimeLimit to value 20
