
Gurobi 13.0.2 (win64) logging started Mon Oct  5 12:23:14 2026

Set parameter LogFile to value "docs/v42_m1_dw_root_continuation_v2/logs/PRICE_0092_MESS04.log"
Gurobi Optimizer version 13.0.2 build v13.0.2rc1 (win64 - Windows 11+.0 (26200.2))

CPU model: 13th Gen Intel(R) Core(TM) i7-13620H, instruction set [SSE2|AVX|AVX2]
Thread count: 10 physical cores, 16 logical processors, using up to 1 threads

Non-default parameters:
TimeLimit  20
FeasibilityTol  1e-08
IntFeasTol  1e-08
MIPGap  0
MIPGapAbs  0
OptimalityTol  1e-08
Method  2
Crossover  2
DegenMoves  0
MIPFocus  3
NodeMethod  1
CutPasses  1
LogToConsole  0
Seed  20260929
Threads  1

Optimize a model with 51481 rows, 58841 columns and 314646 nonzeros (Min)
Model fingerprint: 0x9113cd70
Model has 4539 linear objective coefficients and an objective constant of 9.9242716800706753e-03
Variable types: 6799 continuous, 52042 integer (52042 binary)
Coefficient statistics:
  Matrix range     [2e-01, 4e+02]
  Objective range  [2e-13, 7e-06]
  Bounds range     [1e+00, 1e+03]
  RHS range        [1e+00, 8e+02]

Loaded user MIP start with objective -0.00198442
MIP start from previous solve produced solution with objective -0.00308953 (0.57s)
MIP start from previous solve produced solution with objective -0.00312735 (0.79s)
Loaded MIP start from previous solve with objective -0.00312735
Processed MIP start in 1.03 seconds (0.04 work units)

Presolve removed 8938 rows and 2 columns
Presolve time: 0.66s
Presolved: 42543 rows, 58839 columns, 292302 nonzeros
Variable types: 6797 continuous, 52042 integer (52042 binary)
Root relaxation presolve removed 2 rows and 2 columns
Root relaxation presolved: 42541 rows, 58837 columns, 292298 nonzeros

Root barrier log...

Ordering time: 0.04s

Barrier statistics:
 AA' NZ     : 5.993e+05
 Factor NZ  : 1.094e+06 (roughly 50 MB of memory)
 Factor Ops : 7.380e+07 (less than 1 second per iteration)
 Threads    : 1

                  Objective                Residual
Iter       Primal          Dual         Primal    Dual     Compl     Time
   0   1.71731489e-02 -3.44574576e+04  1.81e+04 1.10e-04  3.80e+00     2s
   1  -3.98085995e-02 -2.87594451e+04  2.42e+03 4.12e-03  5.55e-01     2s
   2   7.42980220e-02 -1.10084946e+04  3.51e+02 1.80e-04  1.09e-01     2s
   3   2.69864921e-02 -3.04028538e+03  1.06e+02 2.90e-06  2.93e-02     2s
   4  -4.05444493e-02 -2.40179099e+03  4.85e+01 2.63e-15  2.01e-02     2s
   5  -6.40475187e-02 -1.87431335e+03  2.86e+01 3.29e-15  1.51e-02     2s
   6  -6.91399373e-02 -1.40866303e+03  2.17e+01 3.43e-15  1.17e-02     2s
   7  -6.99434695e-02 -1.28535983e+03  1.89e+01 3.72e-15  1.07e-02     2s
   8  -5.98800145e-02 -1.04427450e+03  1.61e+01 3.52e-15  9.03e-03     2s
   9  -2.55489996e-02 -5.27210035e+02  1.10e+01 4.46e-15  5.02e-03     2s
  10  -7.64161478e-03 -1.86523322e+02  6.01e+00 3.52e-15  2.34e-03     2s
  11   1.00410546e-02 -9.15276405e+01  1.24e+00 3.40e-15  8.18e-04     2s
  12   1.31237448e-02 -2.35951240e+01  3.12e-01 1.05e-14  1.87e-04     3s
  13   1.33903426e-02 -3.48017997e+00  4.88e-05 6.92e-15  2.21e-05     3s
  14   6.62528611e-03 -8.03252152e-01  5.17e-08 7.35e-15  5.13e-06     3s
  15   6.55754649e-03 -7.06419330e-02  1.11e-10 6.46e-15  4.89e-07     3s
  16   2.36702909e-03 -4.59154994e-02  6.78e-11 7.51e-15  3.06e-07     3s
  17   2.41554751e-04 -3.44436618e-02  3.64e-11 8.40e-15  2.20e-07     3s
  18  -1.67679076e-03 -2.99735190e-02  4.62e-11 9.57e-15  1.79e-07     3s
  19  -2.69403296e-03 -2.27170625e-02  5.17e-11 8.33e-15  1.27e-07     3s
  20  -3.05640123e-03 -1.92844856e-02  3.20e-11 1.00e-14  1.03e-07     3s
  21  -3.25846362e-03 -1.83195354e-02  2.79e-11 9.88e-15  9.54e-08     3s
  22  -3.54598538e-03 -1.69909466e-02  2.73e-11 1.13e-14  8.52e-08     3s
  23  -4.15115789e-03 -1.33533662e-02  3.46e-11 8.79e-15  5.83e-08     3s
  24  -4.37866822e-03 -1.11795393e-02  4.22e-11 9.22e-15  4.31e-08     3s
  25  -4.41866924e-03 -1.05709865e-02  4.05e-11 9.97e-15  3.90e-08     3s
  26  -4.54354400e-03 -8.96594280e-03  2.37e-11 9.70e-15  2.80e-08     3s
  27  -4.56677259e-03 -8.81174320e-03  2.10e-11 9.78e-15  2.69e-08     3s
  28  -4.68303479e-03 -7.49800376e-03  1.71e-11 1.05e-14  1.78e-08     3s
  29  -4.90654571e-03 -6.89753743e-03  1.86e-11 9.16e-15  1.26e-08     3s
  30  -4.96942238e-03 -6.40850304e-03  3.72e-11 8.26e-15  9.12e-09     3s
  31  -5.03728847e-03 -6.21468771e-03  2.57e-11 8.91e-15  7.46e-09     3s
  32  -5.04712011e-03 -6.09118155e-03  2.41e-11 1.08e-14  6.61e-09     3s
  33  -5.07643217e-03 -5.82581162e-03  2.05e-11 8.78e-15  4.75e-09     3s
  34  -5.14309732e-03 -5.63596278e-03  1.60e-11 8.46e-15  3.12e-09     3s
  35  -5.15257883e-03 -5.60569732e-03  1.74e-11 9.04e-15  2.87e-09     3s
  36  -5.17552992e-03 -5.55392711e-03  1.28e-11 1.04e-14  2.40e-09     3s
  37  -5.21864451e-03 -5.47870070e-03  1.62e-11 9.25e-15  1.65e-09     3s
  38  -5.25204066e-03 -5.43822906e-03  1.35e-10 9.15e-15  1.18e-09     3s
  39  -5.26176676e-03 -5.40974398e-03  1.12e-10 9.60e-15  9.37e-10     3s
  40  -5.26665537e-03 -5.38594931e-03  9.22e-11 9.71e-15  7.56e-10     3s
  41  -5.27605511e-03 -5.37544152e-03  1.16e-10 1.01e-14  6.30e-10     3s
  42  -5.28475068e-03 -5.36613590e-03  1.08e-10 1.19e-14  5.16e-10     4s
  43  -5.28645968e-03 -5.36106800e-03  1.08e-10 1.09e-14  4.73e-10     4s
  44  -5.28972598e-03 -5.35677187e-03  1.28e-10 1.12e-14  4.25e-10     4s
  45  -5.29443141e-03 -5.35320238e-03  1.04e-10 1.35e-14  3.72e-10     4s
  46  -5.29482491e-03 -5.34811699e-03  1.01e-10 1.55e-14  3.38e-10     4s
  47  -5.29666288e-03 -5.34356356e-03  8.95e-11 1.25e-14  2.97e-10     4s
  48  -5.30125355e-03 -5.33642928e-03  6.41e-11 1.13e-14  2.23e-10     4s
  49  -5.30384139e-03 -5.33200246e-03  4.51e-11 1.26e-14  1.78e-10     4s
  50  -5.30474435e-03 -5.32911305e-03  4.58e-11 4.82e-14  1.54e-10     4s
  51  -5.30535475e-03 -5.32714421e-03  3.70e-11 8.08e-14  1.38e-10     4s
  52  -5.31054380e-03 -5.31630624e-03  1.57e-10 2.22e-12  3.66e-11     4s
  53  -5.31099936e-03 -5.31373496e-03  1.41e-10 2.62e-12  1.74e-11     4s
  54  -5.31103228e-03 -5.31246813e-03  1.36e-10 1.42e-12  9.15e-12     4s
  55  -5.31179025e-03 -5.31185382e-03  5.55e-11 1.08e-12  4.46e-13     4s
  56  -5.31182149e-03 -5.31182137e-03  4.09e-13 3.47e-14  6.83e-16     4s

Barrier solved model in 56 iterations and 3.99 seconds (3.48 work units)
Optimal objective -5.31182149e-03

Crossover time: 0.35 seconds (0.50 work units)

Root relaxation: objective -5.311822e-03, 18675 iterations, 2.57 seconds (2.97 work units)

    Nodes    |    Current Node    |     Objective Bounds      |     Work
 Expl Unexpl |  Obj  Depth IntInf | Incumbent    BestBd   Gap | It/Node Time

     0     0   -0.00531    0  174   -0.00313   -0.00531  69.9%     -    4s
H    0     0                      -0.0035792   -0.00531  48.4%     -    5s

Explored 1 nodes (18675 simplex iterations) in 5.30 seconds (4.96 work units)
Thread count was 1 (of 16 available processors)

Solution count 2: -0.00357916 -0.00312735 

Solve interrupted
Best objective -3.579156707362e-03, best bound -5.311821522376e-03, gap 48.4099%

User-callback calls 1216, time in user-callback 1.31 sec
