
Gurobi 13.0.2 (win64) logging started Mon Oct  5 12:12:37 2026

Set parameter LogFile to value "docs/v42_m1_dw_root_continuation_v2/logs/PRICE_0078_MESS02.log"
Gurobi Optimizer version 13.0.2 build v13.0.2rc1 (win64 - Windows 11+.0 (26200.2))

CPU model: 13th Gen Intel(R) Core(TM) i7-13620H, instruction set [SSE2|AVX|AVX2]
Thread count: 10 physical cores, 16 logical processors, using up to 1 threads

Non-default parameters:
TimeLimit  20
FeasibilityTol  1e-08
IntFeasTol  1e-08
MIPGap  0
MIPGapAbs  0
OptimalityTol  1e-08
Method  2
Crossover  2
DegenMoves  0
MIPFocus  3
NodeMethod  1
CutPasses  1
LogToConsole  0
Seed  20260929
Threads  1

Optimize a model with 51527 rows, 58895 columns and 314932 nonzeros (Min)
Model fingerprint: 0x248e3a6a
Model has 4395 linear objective coefficients and an objective constant of 9.6408141744899582e-03
Variable types: 6805 continuous, 52090 integer (52090 binary)
Coefficient statistics:
  Matrix range     [2e-01, 4e+02]
  Objective range  [2e-13, 7e-06]
  Bounds range     [1e+00, 1e+03]
  RHS range        [1e+00, 8e+02]

Loaded user MIP start with objective -0.00183047

Presolve removed 8946 rows and 2 columns
Presolve time: 1.22s
Presolved: 42581 rows, 58893 columns, 292568 nonzeros
Variable types: 6803 continuous, 52090 integer (52090 binary)
Root relaxation presolve removed 1 rows and 1 columns
Root relaxation presolved: 42580 rows, 58892 columns, 292566 nonzeros

Root barrier log...

Ordering time: 0.04s

Barrier statistics:
 AA' NZ     : 5.996e+05
 Factor NZ  : 1.096e+06 (roughly 50 MB of memory)
 Factor Ops : 7.451e+07 (less than 1 second per iteration)
 Threads    : 1

                  Objective                Residual
Iter       Primal          Dual         Primal    Dual     Compl     Time
   0   1.42563274e-02 -3.44919791e+04  1.80e+04 1.12e-04  3.80e+00     2s
   1  -3.33318044e-02 -2.94153081e+04  2.54e+03 3.23e-03  5.75e-01     2s
   2   7.26453912e-02 -1.16582979e+04  4.08e+02 2.75e-04  1.20e-01     2s
   3   2.21460222e-02 -2.59635886e+03  1.04e+02 1.30e-15  2.60e-02     2s
   4  -1.92739012e-02 -2.37346970e+03  6.65e+01 1.44e-15  2.12e-02     2s
   5  -4.14796045e-02 -2.15230536e+03  4.89e+01 1.43e-15  1.83e-02     2s
   6  -6.47766184e-02 -1.85107259e+03  3.12e+01 1.52e-15  1.49e-02     2s
   7  -7.55852520e-02 -1.60923458e+03  2.22e+01 1.62e-15  1.28e-02     2s
   8  -7.95433052e-02 -1.42201108e+03  1.74e+01 2.10e-15  1.13e-02     3s
   9  -7.75076173e-02 -1.24709791e+03  1.43e+01 2.06e-15  1.01e-02     3s
  10  -7.21101497e-02 -1.21545177e+03  1.30e+01 2.54e-15  9.57e-03     3s
  11  -1.58100842e-02 -1.02960911e+03  8.75e+00 3.12e-15  7.73e-03     3s
  12  -4.67147169e-03 -5.47112888e+02  5.51e+00 2.13e-15  4.26e-03     3s
  13   1.09492094e-02 -1.66878099e+02  1.40e+00 3.33e-15  1.30e-03     3s
  14   1.36274994e-02 -3.07739499e+01  2.62e-01 2.18e-15  2.28e-04     3s
  15   1.35158312e-02 -4.02962056e+00  2.49e-04 1.06e-14  2.56e-05     3s
  16   7.19927422e-03 -7.71320708e-01  1.01e-07 6.59e-15  4.93e-06     3s
  17   6.90802970e-03 -4.70049471e-01  3.05e-08 7.56e-15  3.02e-06     3s
  18   4.73789242e-03 -2.32985215e-01  1.32e-08 7.22e-15  1.50e-06     3s
  19   2.67282596e-03 -9.47715967e-02  3.85e-09 6.43e-15  6.17e-07     3s
  20   1.28917203e-03 -7.02738309e-02  2.61e-09 7.96e-15  4.53e-07     3s
  21  -4.35559227e-04 -4.81286610e-02  1.55e-09 8.08e-15  3.02e-07     3s
  22  -1.59305749e-03 -3.72041928e-02  1.01e-09 9.30e-15  2.25e-07     3s
  23  -2.14965909e-03 -3.40589456e-02  8.10e-10 9.32e-15  2.02e-07     3s
  24  -2.78806753e-03 -2.95149802e-02  5.98e-10 9.46e-15  1.69e-07     3s
  25  -3.01936908e-03 -2.69492667e-02  5.27e-10 9.67e-15  1.51e-07     3s
  26  -3.39354640e-03 -2.33753793e-02  4.15e-10 1.08e-14  1.26e-07     3s
  27  -3.60581578e-03 -2.18478989e-02  3.58e-10 1.20e-14  1.15e-07     3s
  28  -3.76248567e-03 -2.09979421e-02  3.12e-10 1.16e-14  1.09e-07     3s
  29  -3.87116918e-03 -2.00388859e-02  2.79e-10 1.33e-14  1.02e-07     3s
  30  -4.01962932e-03 -1.87658960e-02  2.40e-10 1.23e-14  9.34e-08     3s
  31  -4.23339589e-03 -1.65574288e-02  1.89e-10 1.23e-14  7.80e-08     3s
  32  -4.36989613e-03 -1.28563945e-02  1.43e-10 9.62e-15  5.37e-08     3s
  33  -4.50069811e-03 -1.11788058e-02  1.11e-10 9.26e-15  4.23e-08     3s
  34  -4.70859796e-03 -1.00207197e-02  7.98e-11 1.02e-14  3.36e-08     3s
  35  -4.75672321e-03 -8.25782685e-03  7.19e-11 8.57e-15  2.22e-08     3s
  36  -4.82800782e-03 -7.49578801e-03  5.85e-11 8.87e-15  1.69e-08     3s
  37  -5.05810522e-03 -6.97087648e-03  3.53e-11 8.46e-15  1.21e-08     3s
  38  -5.08184310e-03 -6.34898383e-03  3.17e-11 7.91e-15  8.02e-09     4s
  39  -5.17720040e-03 -6.21821009e-03  2.02e-11 8.69e-15  6.59e-09     4s
  40  -5.21141946e-03 -5.93027694e-03  2.31e-11 8.49e-15  4.55e-09     4s
  41  -5.23027064e-03 -5.82664377e-03  1.95e-11 9.84e-15  3.78e-09     4s
  42  -5.26183733e-03 -5.75271872e-03  7.10e-11 1.01e-14  3.11e-09     4s
  43  -5.30228686e-03 -5.64080399e-03  4.75e-10 9.25e-15  2.14e-09     4s
  44  -5.32647264e-03 -5.57340231e-03  3.30e-10 8.56e-15  1.56e-09     4s
  45  -5.33957603e-03 -5.52905412e-03  2.53e-10 8.88e-15  1.20e-09     4s
  46  -5.35104139e-03 -5.51846341e-03  2.40e-10 1.04e-14  1.06e-09     4s
  47  -5.37645933e-03 -5.46602696e-03  2.46e-10 7.65e-15  5.67e-10     4s
  48  -5.38626121e-03 -5.44965522e-03  8.72e-10 8.06e-15  4.01e-10     4s
  49  -5.38831875e-03 -5.43940933e-03  7.52e-10 1.08e-14  3.23e-10     4s
  50  -5.38975151e-03 -5.43889540e-03  6.77e-10 1.11e-14  3.11e-10     4s
  51  -5.39923824e-03 -5.41466194e-03  3.80e-09 7.59e-15  9.76e-11     4s
  52  -5.40140633e-03 -5.40665524e-03  1.65e-09 3.00e-13  3.33e-11     4s
  53  -5.40248505e-03 -5.40567462e-03  6.85e-10 5.53e-13  2.02e-11     4s
  54  -5.40317223e-03 -5.40349582e-03  1.74e-10 8.00e-13  2.07e-12     4s
  55  -5.40326177e-03 -5.40326220e-03  1.01e-11 2.05e-13  5.57e-15     4s

Barrier solved model in 55 iterations and 4.12 seconds (3.42 work units)
Optimal objective -5.40326177e-03

Crossover time: 0.43 seconds (0.70 work units)

Root relaxation: objective -5.403262e-03, 21965 iterations, 2.67 seconds (3.14 work units)

    Nodes    |    Current Node    |     Objective Bounds      |     Work
 Expl Unexpl |  Obj  Depth IntInf | Incumbent    BestBd   Gap | It/Node Time

     0     0   -0.00540    0  186   -0.00183   -0.00540   195%     -    4s
H    0     0                      -0.0025056   -0.00540   116%     -    5s
H    0     0                      -0.0025455   -0.00540   112%     -    5s
     0     0   -0.00531    0  185   -0.00255   -0.00531   109%     -    8s
     0     2   -0.00530    0  185   -0.00255   -0.00530   108%     -   10s
H    1     1                      -0.0025456   -0.00530   108%   0.0   11s
H    1     1                      -0.0025862   -0.00530   105%   0.0   11s
H    5     5                      -0.0027389   -0.00530  93.3%   159   13s
H    5     5                      -0.0028433   -0.00530  86.2%   159   14s

Cutting planes:
  Gomory: 2
  Lift-and-project: 7
  MIR: 37
  Flow cover: 61
  BQP: 1

Explored 6 nodes (23217 simplex iterations) in 14.15 seconds (17.07 work units)
Thread count was 1 (of 16 available processors)

Solution count 5: -0.00284331 -0.00258623 -0.00254552 ... -0.00183047

Solve interrupted
Best objective -2.843311770524e-03, best bound -5.279140167866e-03, gap 85.6687%

User-callback calls 4055, time in user-callback 1.72 sec
