
Gurobi 13.0.2 (win64) logging started Sun Oct  4 22:36:48 2026

Set parameter LogFile to value "docs/v42_m1_dw_root_continuation_v2/logs/PRICE_0055_MESS03.log"
Gurobi Optimizer version 13.0.2 build v13.0.2rc1 (win64 - Windows 11+.0 (26200.2))

CPU model: 13th Gen Intel(R) Core(TM) i7-13620H, instruction set [SSE2|AVX|AVX2]
Thread count: 10 physical cores, 16 logical processors, using up to 1 threads

Non-default parameters:
TimeLimit  20
FeasibilityTol  1e-08
IntFeasTol  1e-08
MIPGap  0
MIPGapAbs  0
OptimalityTol  1e-08
Method  2
Crossover  2
DegenMoves  0
MIPFocus  3
NodeMethod  1
CutPasses  1
LogToConsole  0
Seed  20260929
Threads  1

Optimize a model with 51596 rows, 58976 columns and 315361 nonzeros (Min)
Model fingerprint: 0x0d3bd000
Model has 4105 linear objective coefficients and an objective constant of 0.00906638170479026
Variable types: 6814 continuous, 52162 integer (52162 binary)
Coefficient statistics:
  Matrix range     [2e-01, 4e+02]
  Objective range  [9e-14, 9e-06]
  Bounds range     [1e+00, 1e+03]
  RHS range        [1e+00, 8e+02]

Loaded user MIP start with objective -0.00405862

Presolve removed 8958 rows and 2 columns
Presolve time: 0.66s
Presolved: 42638 rows, 58974 columns, 292967 nonzeros
Variable types: 6812 continuous, 52162 integer (52162 binary)
Root relaxation presolve removed 3 rows and 2 columns
Root relaxation presolved: 42635 rows, 58972 columns, 292915 nonzeros

Root barrier log...

Ordering time: 0.05s

Barrier statistics:
 AA' NZ     : 6.006e+05
 Factor NZ  : 1.080e+06 (roughly 50 MB of memory)
 Factor Ops : 6.927e+07 (less than 1 second per iteration)
 Threads    : 1

                  Objective                Residual
Iter       Primal          Dual         Primal    Dual     Compl     Time
   0  -4.48509641e-03 -3.45219722e+04  1.80e+04 1.38e-04  3.80e+00     1s
   1  -4.32682410e-02 -2.93375310e+04  2.38e+03 2.53e-03  5.43e-01     1s
   2   7.79324485e-02 -8.95747134e+03  3.44e+02 9.85e-05  9.27e-02     1s
   3  -1.08134387e-02 -2.39594037e+03  7.54e+01 2.16e-15  2.20e-02     1s
   4  -5.39649463e-02 -1.90083504e+03  3.93e+01 2.67e-15  1.58e-02     1s
   5  -6.86160210e-02 -1.45996855e+03  2.45e+01 2.46e-15  1.20e-02     1s
   6  -7.11399135e-02 -1.16426832e+03  1.69e+01 3.02e-15  9.57e-03     2s
   7  -3.72022144e-02 -1.02393934e+03  1.25e+01 4.11e-15  8.25e-03     2s
   8   1.03382111e-02 -3.22731252e+02  3.22e+00 3.89e-15  2.54e-03     2s
   9   1.35329948e-02 -1.28641098e+02  3.78e-01 3.47e-15  8.70e-04     2s
  10   1.37587961e-02 -2.54686262e+01  3.39e-02 2.69e-15  1.63e-04     2s
  11   1.23593938e-02 -2.15308865e+00  3.29e-12 1.86e-15  1.37e-05     2s
  12   6.19927447e-03 -6.27009404e-01  4.81e-12 4.29e-16  4.00e-06     2s
  13   5.98172730e-03 -2.81625968e-01  7.79e-12 2.06e-16  1.82e-06     2s
  14   2.68164217e-03 -1.79042110e-01  5.56e-12 1.23e-16  1.15e-06     2s
  15   1.61500646e-04 -1.00847088e-01  3.58e-12 6.62e-17  6.39e-07     2s
  16  -1.56493515e-03 -6.75044107e-02  4.36e-12 4.18e-17  4.17e-07     2s
  17  -3.20453424e-03 -4.46580439e-02  7.25e-12 2.87e-17  2.62e-07     2s
  18  -4.09063395e-03 -3.68689119e-02  7.79e-12 2.21e-17  2.07e-07     2s
  19  -4.22891739e-03 -3.43266744e-02  7.35e-12 2.19e-17  1.90e-07     2s
  20  -4.32357634e-03 -3.30371197e-02  6.43e-12 2.15e-17  1.82e-07     2s
  21  -4.62779438e-03 -2.85990393e-02  7.81e-12 1.79e-17  1.52e-07     2s
  22  -4.83901161e-03 -2.59094403e-02  9.11e-12 1.72e-17  1.33e-07     2s
  23  -5.00730444e-03 -2.17741963e-02  1.20e-11 1.31e-17  1.06e-07     2s
  24  -5.21551931e-03 -1.70359957e-02  1.37e-11 1.09e-17  7.47e-08     2s
  25  -5.32769577e-03 -1.32424387e-02  2.08e-11 7.43e-18  5.01e-08     2s
  26  -5.51497725e-03 -1.08637553e-02  2.06e-11 5.17e-18  3.38e-08     2s
  27  -5.60388609e-03 -9.24167396e-03  1.54e-11 4.26e-18  2.30e-08     2s
  28  -5.65305767e-03 -8.35785190e-03  1.20e-11 3.28e-18  1.71e-08     2s
  29  -5.71234722e-03 -7.48230253e-03  1.13e-11 3.26e-18  1.12e-08     2s
  30  -5.75324606e-03 -7.24998978e-03  1.17e-11 3.85e-18  9.46e-09     2s
  31  -5.76157857e-03 -7.06518771e-03  1.15e-11 3.59e-18  8.24e-09     2s
  32  -5.76759033e-03 -6.85630877e-03  1.07e-11 3.78e-18  6.88e-09     2s
  33  -5.83226475e-03 -6.56215746e-03  1.97e-11 3.28e-18  4.62e-09     2s
  34  -5.86765427e-03 -6.28448816e-03  1.53e-11 2.81e-18  2.64e-09     2s
  35  -5.88585453e-03 -6.16805647e-03  1.96e-11 3.26e-18  1.78e-09     2s
  36  -5.90189436e-03 -6.09737812e-03  1.86e-11 2.88e-18  1.24e-09     2s
  37  -5.91778496e-03 -6.04157108e-03  1.88e-11 2.33e-18  7.83e-10     3s
  38  -5.92519305e-03 -6.00196675e-03  3.06e-11 2.62e-18  4.85e-10     3s
  39  -5.92954673e-03 -5.98807694e-03  1.25e-10 2.88e-18  3.70e-10     3s
  40  -5.93309386e-03 -5.97449348e-03  1.08e-10 2.92e-18  2.62e-10     3s
  41  -5.93594894e-03 -5.95902489e-03  1.45e-10 5.93e-14  1.46e-10     3s
  42  -5.93851588e-03 -5.94813128e-03  6.10e-11 9.40e-13  6.09e-11     3s
  43  -5.94035637e-03 -5.94147253e-03  4.76e-11 3.40e-12  7.19e-12     3s
  44  -5.94078834e-03 -5.94083991e-03  1.29e-11 6.62e-13  3.57e-13     3s
  45  -5.94082351e-03 -5.94082327e-03  1.01e-13 4.45e-14  5.53e-16     3s

Barrier solved model in 45 iterations and 2.86 seconds (2.92 work units)
Optimal objective -5.94082351e-03

Crossover time: 0.68 seconds (1.01 work units)

Root relaxation: objective -5.940824e-03, 22787 iterations, 2.53 seconds (2.96 work units)

    Nodes    |    Current Node    |     Objective Bounds      |     Work
 Expl Unexpl |  Obj  Depth IntInf | Incumbent    BestBd   Gap | It/Node Time

     0     0   -0.00594    0  310   -0.00406   -0.00594  46.4%     -    3s
H    0     0                      -0.0040845   -0.00594  45.4%     -    4s
H    0     0                      -0.0040873   -0.00594  45.3%     -    5s
H    0     0                      -0.0041385   -0.00594  43.6%     -    5s
H    0     0                      -0.0041405   -0.00594  43.5%     -    6s
H    0     0                      -0.0041436   -0.00594  43.4%     -    6s
     0     0   -0.00591    0  357   -0.00414   -0.00591  42.6%     -    8s
H    0     0                      -0.0041660   -0.00591  41.8%     -    9s
H    0     0                      -0.0042722   -0.00591  38.3%     -    9s
H    0     0                      -0.0042723   -0.00591  38.3%     -   10s
     0     0   -0.00591    0  341   -0.00427   -0.00591  38.3%     -   16s
     0     0   -0.00591    0  262   -0.00427   -0.00591  38.3%     -   19s

Cutting planes:
  Gomory: 1
  Lift-and-project: 9
  MIR: 41
  Mixing: 1
  Flow cover: 26
  BQP: 22

Explored 1 nodes (42081 simplex iterations) in 20.22 seconds (22.08 work units)
Thread count was 1 (of 16 available processors)

Solution count 7: -0.00427231 -0.00416595 -0.00414359 ... -0.00408452

Time limit reached
Best objective -4.272312887829e-03, best bound -5.906721284725e-03, gap 38.2558%

User-callback calls 4050, time in user-callback 1.73 sec
Set parameter Threads to value 1
Set parameter Method to value 2
Set parameter NodeMethod to value 1
Set parameter Crossover to value 2
Set parameter DegenMoves to value 0
Set parameter CutPasses to value 1
Set parameter MIPFocus to value 3
Set parameter MIPGap to value 0
Set parameter MIPGapAbs to value 0
Set parameter FeasibilityTol to value 1e-08
Set parameter IntFeasTol to value 1e-08
Set parameter OptimalityTol to value 1e-08
Set parameter Seed to value 20260929
Set parameter TimeLimit to value 20
