
Gurobi 13.0.2 (win64) logging started Mon Oct  5 12:08:36 2026

Set parameter LogFile to value "docs/v42_m1_dw_root_continuation_v2/logs/PRICE_0069_MESS01.log"
Gurobi Optimizer version 13.0.2 build v13.0.2rc1 (win64 - Windows 11+.0 (26200.2))

CPU model: 13th Gen Intel(R) Core(TM) i7-13620H, instruction set [SSE2|AVX|AVX2]
Thread count: 10 physical cores, 16 logical processors, using up to 1 threads

Non-default parameters:
TimeLimit  20
FeasibilityTol  1e-08
IntFeasTol  1e-08
MIPGap  0
MIPGapAbs  0
OptimalityTol  1e-08
Method  2
Crossover  2
DegenMoves  0
MIPFocus  3
NodeMethod  1
CutPasses  1
LogToConsole  0
Seed  20260929
Threads  1

Optimize a model with 51458 rows, 58814 columns and 314503 nonzeros (Min)
Model fingerprint: 0xaf7689d6
Model has 4323 linear objective coefficients and an objective constant of 9.5127624156452623e-03
Variable types: 6796 continuous, 52018 integer (52018 binary)
Coefficient statistics:
  Matrix range     [2e-01, 4e+02]
  Objective range  [3e-13, 8e-06]
  Bounds range     [1e+00, 1e+03]
  RHS range        [1e+00, 8e+02]

Loaded user MIP start with objective -0.00189326

Presolve removed 8934 rows and 2 columns
Presolve time: 0.65s
Presolved: 42524 rows, 58812 columns, 292169 nonzeros
Variable types: 6794 continuous, 52018 integer (52018 binary)
Root relaxation presolve removed 2 rows and 2 columns
Root relaxation presolved: 42522 rows, 58810 columns, 292165 nonzeros

Root barrier log...

Ordering time: 0.05s

Barrier statistics:
 AA' NZ     : 5.988e+05
 Factor NZ  : 1.086e+06 (roughly 50 MB of memory)
 Factor Ops : 7.173e+07 (less than 1 second per iteration)
 Threads    : 1

                  Objective                Residual
Iter       Primal          Dual         Primal    Dual     Compl     Time
   0   6.47702385e-03 -3.44328607e+04  1.80e+04 1.22e-04  3.80e+00     1s
   1  -4.15702302e-02 -2.95266507e+04  2.42e+03 3.01e-03  5.56e-01     1s
   2   7.93018387e-02 -9.26867493e+03  3.51e+02 1.56e-04  9.62e-02     1s
   3  -7.51422083e-03 -2.43490161e+03  8.38e+01 2.10e-15  2.33e-02     1s
   4  -5.34469451e-02 -1.93631074e+03  4.22e+01 1.92e-15  1.66e-02     1s
   5  -6.93336814e-02 -1.52730877e+03  2.56e+01 2.33e-15  1.26e-02     1s
   6  -7.30956825e-02 -1.20928795e+03  1.69e+01 3.01e-15  9.95e-03     1s
   7  -6.75409375e-02 -1.04170039e+03  1.38e+01 3.57e-15  8.69e-03     1s
   8  -5.19809988e-02 -9.33676484e+02  1.10e+01 4.00e-15  7.48e-03     2s
   9   8.47792171e-03 -3.84734226e+02  3.37e+00 3.30e-15  2.88e-03     2s
  10   1.23016269e-02 -1.47117404e+02  1.11e+00 2.22e-15  1.09e-03     2s
  11   1.35098458e-02 -1.01091828e+02  3.22e-01 2.06e-15  6.83e-04     2s
  12   1.37267393e-02 -1.43601844e+01  5.27e-04 7.89e-15  9.11e-05     2s
  13   1.07378310e-02 -1.93566973e+00  1.97e-09 4.09e-15  1.23e-05     2s
  14   6.17488061e-03 -3.98010809e-01  8.43e-10 3.19e-15  2.56e-06     2s
  15   4.51140697e-03 -1.42019139e-01  1.67e-10 2.84e-15  9.29e-07     2s
  16   2.65248950e-04 -8.09511840e-02  4.55e-11 2.99e-15  5.15e-07     2s
  17  -1.34642425e-03 -5.33858814e-02  2.78e-11 3.48e-15  3.30e-07     2s
  18  -2.79625660e-03 -3.73883734e-02  1.91e-11 2.33e-15  2.19e-07     2s
  19  -3.65542896e-03 -2.99439535e-02  1.14e-11 2.37e-15  1.67e-07     2s
  20  -4.20227288e-03 -2.52957334e-02  1.66e-11 2.48e-15  1.34e-07     2s
  21  -4.33209272e-03 -2.29839766e-02  2.18e-11 2.61e-15  1.18e-07     2s
  22  -4.55112490e-03 -2.07568362e-02  1.88e-11 2.84e-15  1.03e-07     2s
  23  -4.80186403e-03 -1.80983767e-02  9.59e-12 2.39e-15  8.43e-08     2s
  24  -4.89323936e-03 -1.58265307e-02  9.93e-12 2.62e-15  6.93e-08     2s
  25  -4.98227192e-03 -1.34483001e-02  1.08e-11 2.69e-15  5.37e-08     2s
  26  -5.09503143e-03 -1.11947339e-02  1.03e-11 2.26e-15  3.87e-08     2s
  27  -5.15333415e-03 -8.81117348e-03  9.17e-12 2.03e-15  2.32e-08     2s
  28  -5.23401664e-03 -7.24485163e-03  6.45e-12 1.76e-15  1.27e-08     2s
  29  -5.25444995e-03 -7.16271651e-03  6.15e-12 2.15e-15  1.21e-08     2s
  30  -5.27949441e-03 -6.93602036e-03  5.45e-12 2.19e-15  1.05e-08     2s
  31  -5.34596629e-03 -6.40890509e-03  5.22e-12 2.11e-15  6.74e-09     2s
  32  -5.40688083e-03 -6.16956471e-03  4.87e-11 2.03e-15  4.83e-09     2s
  33  -5.47643981e-03 -5.99081659e-03  1.01e-09 2.18e-15  3.26e-09     2s
  34  -5.49870854e-03 -5.89613191e-03  7.41e-10 2.23e-15  2.52e-09     2s
  35  -5.50941493e-03 -5.79423152e-03  6.24e-10 2.11e-15  1.81e-09     2s
  36  -5.53780894e-03 -5.75828441e-03  2.41e-10 2.18e-15  1.40e-09     2s
  37  -5.55702542e-03 -5.71028250e-03  1.19e-10 2.16e-15  9.71e-10     2s
  38  -5.56425797e-03 -5.64321110e-03  8.89e-11 1.89e-15  5.00e-10     2s
  39  -5.56932228e-03 -5.63113829e-03  6.58e-11 6.46e-15  3.92e-10     3s
  40  -5.57644080e-03 -5.62671000e-03  2.49e-11 9.04e-15  3.19e-10     3s
  41  -5.58077658e-03 -5.60245759e-03  3.30e-11 1.41e-14  1.37e-10     3s
  42  -5.58313403e-03 -5.58971053e-03  2.85e-10 7.92e-14  4.17e-11     3s
  43  -5.58338563e-03 -5.58817874e-03  3.21e-10 1.46e-12  3.04e-11     3s
  44  -5.58395436e-03 -5.58741140e-03  5.23e-11 8.92e-13  2.19e-11     3s
  45  -5.58403136e-03 -5.58724983e-03  3.16e-11 4.00e-12  2.04e-11     3s
  46  -5.58414564e-03 -5.58482573e-03  3.93e-11 1.89e-11  4.34e-12     3s
  47  -5.58415455e-03 -5.58462380e-03  6.10e-11 1.74e-11  3.01e-12     3s
  48  -5.58416167e-03 -5.58435134e-03  4.50e-11 1.48e-11  1.22e-12     3s
  49  -5.58417483e-03 -5.58417618e-03  3.20e-12 2.72e-12  1.43e-14     3s

Barrier solved model in 49 iterations and 2.85 seconds (3.15 work units)
Optimal objective -5.58417483e-03

Crossover time: 0.53 seconds (0.79 work units)

Root relaxation: objective -5.584176e-03, 25432 iterations, 2.40 seconds (2.97 work units)

    Nodes    |    Current Node    |     Objective Bounds      |     Work
 Expl Unexpl |  Obj  Depth IntInf | Incumbent    BestBd   Gap | It/Node Time

     0     0   -0.00558    0  181   -0.00189   -0.00558   195%     -    3s
H    0     0                      -0.0025928   -0.00558   115%     -    3s
H    0     0                      -0.0029454   -0.00558  89.6%     -    4s
     0     0   -0.00550    0  242   -0.00295   -0.00550  86.8%     -    7s
     0     2   -0.00550    0  242   -0.00295   -0.00550  86.7%     -    8s
H    1     1                      -0.0029520   -0.00550  86.3%   0.0   10s
    10    12   -0.00441    4  118   -0.00295   -0.00506  71.4%  1684   15s

Cutting planes:
  Lift-and-project: 7
  MIR: 41
  Flow cover: 66
  BQP: 5

Explored 24 nodes (51791 simplex iterations) in 20.22 seconds (35.76 work units)
Thread count was 1 (of 16 available processors)

Solution count 4: -0.00295202 -0.00294545 -0.00259277 -0.00189326 

Time limit reached
Best objective -2.952019638107e-03, best bound -4.552017159466e-03, gap 54.2001%

User-callback calls 4206, time in user-callback 1.35 sec
