
Gurobi 13.0.2 (win64) logging started Mon Oct  5 12:28:13 2026

Set parameter LogFile to value "docs/v42_m1_dw_root_continuation_v2/logs/PRICE_0095_MESS03.log"
Gurobi Optimizer version 13.0.2 build v13.0.2rc1 (win64 - Windows 11+.0 (26200.2))

CPU model: 13th Gen Intel(R) Core(TM) i7-13620H, instruction set [SSE2|AVX|AVX2]
Thread count: 10 physical cores, 16 logical processors, using up to 1 threads

Non-default parameters:
TimeLimit  120
FeasibilityTol  1e-08
IntFeasTol  1e-08
MIPGap  0
MIPGapAbs  0
OptimalityTol  1e-08
Method  2
Crossover  2
DegenMoves  0
MIPFocus  3
NodeMethod  1
CutPasses  1
LogToConsole  0
Seed  20260929
Threads  1

Optimize a model with 51596 rows, 58976 columns and 315361 nonzeros (Min)
Model fingerprint: 0xb4bac244
Model has 2883 linear objective coefficients and an objective constant of 1.0639986831411182e-02
Variable types: 6814 continuous, 52162 integer (52162 binary)
Coefficient statistics:
  Matrix range     [2e-01, 4e+02]
  Objective range  [2e-13, 9e-06]
  Bounds range     [1e+00, 1e+03]
  RHS range        [1e+00, 8e+02]

Loaded user MIP start with objective 1.05129e-05

Presolve removed 8958 rows and 2 columns
Presolve time: 0.64s
Presolved: 42638 rows, 58974 columns, 292967 nonzeros
Variable types: 6812 continuous, 52162 integer (52162 binary)
Root relaxation presolve removed 3 rows and 2 columns
Root relaxation presolved: 42635 rows, 58972 columns, 292915 nonzeros

Root barrier log...

Ordering time: 0.04s

Barrier statistics:
 AA' NZ     : 6.006e+05
 Factor NZ  : 1.080e+06 (roughly 50 MB of memory)
 Factor Ops : 6.927e+07 (less than 1 second per iteration)
 Threads    : 1

                  Objective                Residual
Iter       Primal          Dual         Primal    Dual     Compl     Time
   0   1.97244786e-02 -3.45219741e+04  1.80e+04 1.38e-04  3.80e+00     1s
   1  -3.85425034e-02 -2.93375523e+04  2.38e+03 2.53e-03  5.43e-01     1s
   2   8.01398805e-02 -8.95772072e+03  3.44e+02 9.85e-05  9.27e-02     1s
   3  -9.14716977e-03 -2.39623311e+03  7.54e+01 2.23e-15  2.20e-02     1s
   4  -5.25000898e-02 -1.90113579e+03  3.93e+01 2.60e-15  1.58e-02     1s
   5  -6.73432269e-02 -1.46030864e+03  2.45e+01 2.40e-15  1.20e-02     1s
   6  -6.99900055e-02 -1.16452445e+03  1.69e+01 3.14e-15  9.57e-03     1s
   7  -3.61820851e-02 -1.02412156e+03  1.25e+01 3.73e-15  8.25e-03     1s
   8   1.14782232e-02 -3.22807154e+02  3.22e+00 3.26e-15  2.54e-03     1s
   9   1.49975222e-02 -1.28794132e+02  3.78e-01 3.12e-15  8.71e-04     1s
  10   1.52106937e-02 -2.54859537e+01  3.41e-02 2.50e-15  1.64e-04     1s
  11   1.37006713e-02 -2.18084469e+00  5.61e-12 1.60e-15  1.39e-05     1s
  12   7.26771402e-03 -6.25568823e-01  4.79e-12 3.81e-16  4.00e-06     1s
  13   7.95414566e-03 -4.57465793e-01  4.46e-12 2.75e-16  2.94e-06     1s
  14   3.14542281e-03 -1.79133410e-01  1.93e-11 1.03e-16  1.15e-06     1s
  15   3.99847274e-04 -1.04929931e-01  4.00e-12 5.87e-17  6.66e-07     1s
  16  -2.22566984e-03 -7.36073257e-02  6.01e-12 4.26e-17  4.51e-07     1s
  17  -3.23769296e-03 -5.49410647e-02  4.81e-12 3.23e-17  3.27e-07     1s
  18  -3.97975649e-03 -4.29983921e-02  4.28e-12 2.44e-17  2.47e-07     2s
  19  -4.98054560e-03 -3.49590626e-02  1.10e-11 2.06e-17  1.90e-07     2s
  20  -5.44626016e-03 -2.96562693e-02  1.16e-11 1.98e-17  1.53e-07     2s
  21  -5.65497917e-03 -2.62183330e-02  9.75e-12 1.74e-17  1.30e-07     2s
  22  -5.76248208e-03 -2.00112202e-02  8.78e-12 1.13e-17  9.01e-08     2s
  23  -5.86288844e-03 -1.65310688e-02  8.89e-12 9.13e-18  6.75e-08     2s
  24  -6.09930516e-03 -1.35972174e-02  1.03e-11 7.07e-18  4.74e-08     2s
  25  -6.34859543e-03 -1.23411934e-02  2.70e-11 6.80e-18  3.79e-08     2s
  26  -6.42261607e-03 -1.08141821e-02  2.32e-11 4.43e-18  2.78e-08     2s
  27  -6.56966067e-03 -9.83314606e-03  4.80e-11 4.03e-18  2.06e-08     2s
  28  -6.74534416e-03 -9.45271731e-03  4.26e-11 4.05e-18  1.71e-08     2s
  29  -6.81495153e-03 -9.22117848e-03  3.49e-11 4.30e-18  1.52e-08     2s
  30  -6.83500308e-03 -8.95185215e-03  3.49e-11 5.04e-18  1.34e-08     2s
  31  -6.89732415e-03 -8.51564303e-03  3.70e-11 4.97e-18  1.02e-08     2s
  32  -6.92547448e-03 -8.31185387e-03  3.27e-11 4.52e-18  8.77e-09     2s
  33  -6.96049871e-03 -8.16209109e-03  2.42e-11 4.06e-18  7.60e-09     2s
  34  -7.01652382e-03 -8.02547974e-03  1.05e-10 4.58e-18  6.38e-09     2s
  35  -7.09564808e-03 -7.64373668e-03  9.47e-11 3.86e-18  3.47e-09     2s
  36  -7.11091238e-03 -7.56260076e-03  1.04e-10 5.18e-18  2.86e-09     2s
  37  -7.12317089e-03 -7.53444110e-03  9.64e-11 4.68e-18  2.60e-09     2s
  38  -7.13426347e-03 -7.39048598e-03  8.67e-11 4.01e-18  1.62e-09     2s
  39  -7.16810172e-03 -7.32029248e-03  1.40e-10 3.17e-18  9.62e-10     2s
  40  -7.18121385e-03 -7.22636539e-03  7.70e-11 3.04e-18  2.85e-10     2s
  41  -7.18483289e-03 -7.20811679e-03  1.24e-10 3.26e-18  1.47e-10     2s
  42  -7.18651565e-03 -7.19959509e-03  1.09e-09 4.49e-12  8.27e-11     2s
  43  -7.18736679e-03 -7.19244581e-03  7.02e-10 3.75e-12  3.21e-11     2s
  44  -7.18748105e-03 -7.18983430e-03  1.64e-10 7.51e-12  1.49e-11     2s
  45  -7.18754389e-03 -7.18843045e-03  6.51e-11 7.41e-12  5.67e-12     2s
  46  -7.18758651e-03 -7.18762365e-03  1.78e-11 2.61e-12  2.55e-13     2s
  47  -7.18759991e-03 -7.18759979e-03  2.69e-13 2.00e-13  8.14e-16     2s

Barrier solved model in 47 iterations and 2.35 seconds (3.00 work units)
Optimal objective -7.18759991e-03

Crossover time: 0.33 seconds (0.44 work units)

Root relaxation: objective -7.187600e-03, 23445 iterations, 1.97 seconds (2.46 work units)

    Nodes    |    Current Node    |     Objective Bounds      |     Work
 Expl Unexpl |  Obj  Depth IntInf | Incumbent    BestBd   Gap | It/Node Time

     0     0   -0.00719    0  863    0.00001   -0.00719      -     -    2s
H    0     0                      -0.0050170   -0.00719  43.3%     -    2s
H    0     0                      -0.0051377   -0.00719  39.9%     -    3s
H    0     0                      -0.0052486   -0.00719  36.9%     -    3s
     0     0   -0.00714    0  549   -0.00525   -0.00714  36.1%     -    5s
H    0     0                      -0.0052590   -0.00710  35.0%     -    6s
H    0     0                      -0.0052672   -0.00710  34.7%     -    6s
H    0     0                      -0.0052673   -0.00710  34.7%     -    7s
H    0     0                      -0.0052769   -0.00710  34.5%     -    7s
     0     0   -0.00710    0  857   -0.00528   -0.00710  34.5%     -   13s
H    0     0                      -0.0053505   -0.00710  32.7%     -   13s
     0     0   -0.00705    0  733   -0.00535   -0.00705  31.8%     -   15s
     0     0   -0.00705    0  766   -0.00535   -0.00705  31.8%     -   25s
H    0     0                      -0.0053505   -0.00705  31.8%     -   25s
     0     0   -0.00705    0  509   -0.00535   -0.00705  31.8%     -   28s
     0     2   -0.00705    0  509   -0.00535   -0.00705  31.8%     -   30s
H    1     1                      -0.0053604   -0.00705  31.6%   0.0   31s
H    1     1                      -0.0053620   -0.00705  31.5%   0.0   31s
H    1     1                      -0.0053628   -0.00705  31.5%   0.0   32s
    10    12   -0.00634    3  296   -0.00536   -0.00665  23.9%   522   35s
    22    23   -0.00632    4  209   -0.00536   -0.00634  18.3%   571   41s
    33    22   -0.00585    5  396   -0.00536   -0.00594  10.8%   671   45s
    43    18   -0.00547    6  289   -0.00536   -0.00571  6.42%   770   50s
H   52     3                      -0.0054875   -0.00555  1.17%  1014   56s
    63     8     cutoff   16        -0.00549   -0.00552  0.63%  1037   60s
    71    10   -0.00552   19  265   -0.00549   -0.00552  0.61%  1108   65s
    81    16   -0.00552   26    1   -0.00549   -0.00552  0.61%  1005   70s
*   83     0              27      -0.0055207   -0.00552  0.00%   988   72s

Cutting planes:
  Gomory: 4
  Projected implied bound: 1
  MIR: 320
  Mixing: 6
  Flow cover: 176
  Relax-and-lift: 3
  BQP: 113

Explored 84 nodes (160084 simplex iterations) in 72.06 seconds (116.53 work units)
Thread count was 1 (of 16 available processors)

Solution count 10: -0.00552073 -0.00548749 -0.00536281 ... -0.005259

Optimal solution found (tolerance 0.00e+00)
Best objective -5.520727918384e-03, best bound -5.520727918384e-03, gap 0.0000%

User-callback calls 13179, time in user-callback 0.74 sec
Set parameter Threads to value 1
Set parameter Method to value 2
Set parameter NodeMethod to value 1
Set parameter Crossover to value 2
Set parameter DegenMoves to value 0
Set parameter CutPasses to value 1
Set parameter MIPFocus to value 3
Set parameter MIPGap to value 0
Set parameter MIPGapAbs to value 0
Set parameter FeasibilityTol to value 1e-08
Set parameter IntFeasTol to value 1e-08
Set parameter OptimalityTol to value 1e-08
Set parameter Seed to value 20260929
Set parameter TimeLimit to value 20
