
Gurobi 13.0.2 (win64) logging started Mon Oct  5 10:19:04 2026

Set parameter LogFile to value "docs/v42_m1_dw_root_continuation_v2/logs/PRICE_0061_MESS01.log"
Gurobi Optimizer version 13.0.2 build v13.0.2rc1 (win64 - Windows 11+.0 (26200.2))

CPU model: 13th Gen Intel(R) Core(TM) i7-13620H, instruction set [SSE2|AVX|AVX2]
Thread count: 10 physical cores, 16 logical processors, using up to 1 threads

Non-default parameters:
TimeLimit  20
FeasibilityTol  1e-08
IntFeasTol  1e-08
MIPGap  0
MIPGapAbs  0
OptimalityTol  1e-08
Method  2
Crossover  2
DegenMoves  0
MIPFocus  3
NodeMethod  1
CutPasses  1
LogToConsole  0
Seed  20260929
Threads  1

Optimize a model with 51458 rows, 58814 columns and 314503 nonzeros (Min)
Model fingerprint: 0x7af0cd40
Model has 4175 linear objective coefficients and an objective constant of 9.3746325675911450e-03
Variable types: 6796 continuous, 52018 integer (52018 binary)
Coefficient statistics:
  Matrix range     [2e-01, 4e+02]
  Objective range  [7e-14, 8e-06]
  Bounds range     [1e+00, 1e+03]
  RHS range        [1e+00, 8e+02]

Loaded user MIP start with objective -0.00250955

Presolve removed 8934 rows and 2 columns
Presolve time: 1.17s
Presolved: 42524 rows, 58812 columns, 292169 nonzeros
Variable types: 6794 continuous, 52018 integer (52018 binary)
Root relaxation presolve removed 2 rows and 2 columns
Root relaxation presolved: 42522 rows, 58810 columns, 292165 nonzeros

Root barrier log...

Ordering time: 0.08s

Barrier statistics:
 AA' NZ     : 5.988e+05
 Factor NZ  : 1.086e+06 (roughly 50 MB of memory)
 Factor Ops : 7.173e+07 (less than 1 second per iteration)
 Threads    : 1

                  Objective                Residual
Iter       Primal          Dual         Primal    Dual     Compl     Time
   0  -2.19002767e-03 -3.44328616e+04  1.80e+04 1.31e-04  3.80e+00     2s
   1  -4.27896349e-02 -2.95268533e+04  2.42e+03 3.01e-03  5.56e-01     2s
   2   7.86725121e-02 -9.26895687e+03  3.51e+02 1.56e-04  9.62e-02     2s
   3  -7.70460924e-03 -2.43482535e+03  8.38e+01 1.35e-15  2.33e-02     3s
   4  -5.34660524e-02 -1.93626110e+03  4.22e+01 1.20e-15  1.66e-02     3s
   5  -6.92721736e-02 -1.52726469e+03  2.56e+01 1.91e-15  1.26e-02     3s
   6  -7.29880971e-02 -1.20925309e+03  1.69e+01 2.35e-15  9.95e-03     3s
   7  -6.74253827e-02 -1.04167251e+03  1.38e+01 2.26e-15  8.69e-03     3s
   8  -5.18920642e-02 -9.33616387e+02  1.10e+01 2.44e-15  7.48e-03     3s
   9   8.37702854e-03 -3.84655742e+02  3.36e+00 1.88e-15  2.88e-03     3s
  10   1.21745607e-02 -1.47096717e+02  1.11e+00 2.06e-15  1.09e-03     3s
  11   1.33775656e-02 -1.01090058e+02  3.23e-01 1.76e-15  6.83e-04     3s
  12   1.35960778e-02 -1.43687350e+01  5.28e-04 3.70e-15  9.12e-05     3s
  13   1.06097807e-02 -1.93265199e+00  5.99e-09 2.11e-15  1.23e-05     3s
  14   5.98875243e-03 -3.85937999e-01  2.46e-09 1.60e-15  2.48e-06     3s
  15   4.08296688e-03 -1.35981058e-01  7.59e-10 1.62e-15  8.88e-07     3s
  16  -2.31550001e-04 -7.48925880e-02  1.41e-10 1.72e-15  4.73e-07     3s
  17  -1.91533891e-03 -5.00569090e-02  7.03e-11 1.78e-15  3.05e-07     4s
  18  -3.26230233e-03 -3.79376364e-02  3.87e-11 2.15e-15  2.20e-07     4s
  19  -3.70045880e-03 -2.69833359e-02  2.92e-11 2.16e-15  1.48e-07     4s
  20  -4.19211489e-03 -2.24787432e-02  2.33e-11 2.29e-15  1.16e-07     4s
  21  -4.33875633e-03 -1.98027984e-02  2.29e-11 2.32e-15  9.80e-08     4s
  22  -4.59079907e-03 -1.54668787e-02  1.49e-11 2.13e-15  6.89e-08     4s
  23  -4.86094962e-03 -1.20025279e-02  3.37e-11 2.06e-15  4.53e-08     4s
  24  -5.01663442e-03 -9.72126923e-03  1.93e-11 2.18e-15  2.98e-08     4s
  25  -5.18176355e-03 -8.32627326e-03  1.28e-11 1.91e-15  1.99e-08     4s
  26  -5.22309899e-03 -7.88747840e-03  1.06e-11 2.42e-15  1.69e-08     4s
  27  -5.25919498e-03 -7.71615001e-03  7.86e-12 2.69e-15  1.56e-08     4s
  28  -5.29033251e-03 -7.58890477e-03  8.48e-12 2.72e-15  1.46e-08     4s
  29  -5.33916781e-03 -6.66668072e-03  6.99e-12 2.16e-15  8.41e-09     4s
  30  -5.39689941e-03 -6.49161740e-03  9.13e-12 2.74e-15  6.94e-09     4s
  31  -5.45664938e-03 -6.25901220e-03  1.05e-11 2.36e-15  5.09e-09     4s
  32  -5.49885561e-03 -6.00913299e-03  1.33e-11 1.96e-15  3.23e-09     5s
  33  -5.53718403e-03 -5.86756017e-03  8.79e-12 1.98e-15  2.09e-09     5s
  34  -5.55994050e-03 -5.81105461e-03  7.69e-12 2.05e-15  1.59e-09     5s
  35  -5.57531974e-03 -5.74543866e-03  2.20e-11 2.01e-15  1.08e-09     5s
  36  -5.58876781e-03 -5.70973347e-03  3.69e-11 1.96e-15  7.67e-10     5s
  37  -5.60411639e-03 -5.66683079e-03  1.65e-11 4.91e-15  3.97e-10     5s
  38  -5.61376630e-03 -5.65330497e-03  8.18e-11 2.20e-14  2.51e-10     5s
  39  -5.61770670e-03 -5.64669071e-03  6.11e-11 1.73e-13  1.84e-10     5s
  40  -5.61954592e-03 -5.64533755e-03  1.67e-10 3.81e-13  1.63e-10     5s
  41  -5.62524511e-03 -5.63762948e-03  7.55e-11 2.20e-12  7.86e-11     5s
  42  -5.62841270e-03 -5.63457647e-03  7.29e-11 2.26e-12  3.92e-11     5s
  43  -5.62978525e-03 -5.63293984e-03  8.51e-11 5.05e-12  2.01e-11     5s
  44  -5.63015070e-03 -5.63176038e-03  2.80e-11 1.03e-11  1.03e-11     5s
  45  -5.63018227e-03 -5.63045987e-03  2.00e-10 1.54e-11  1.79e-12     5s
  46  -5.63027909e-03 -5.63028913e-03  1.61e-11 8.64e-12  8.51e-14     6s

Barrier solved model in 46 iterations and 5.52 seconds (3.05 work units)
Optimal objective -5.63027909e-03


Root crossover log...

   14236 DPushes remaining with DInf 2.2892719e-05                 6s
       0 DPushes remaining with DInf 6.4522596e-05                 6s

   25529 PPushes remaining with PInf 8.6883511e-03                 6s
       0 PPushes remaining with PInf 0.0000000e+00                 6s

  Push phase complete: Pinf 0.0000000e+00, Dinf 6.5621212e+00      6s


Root simplex log...

Iteration    Objective       Primal Inf.    Dual Inf.      Time
   35566   -5.6295927e-03   0.000000e+00   0.000000e+00      6s
   37954   -5.6301526e-03   0.000000e+00   0.000000e+00      7s
Crossover time: 1.62 seconds (1.43 work units)
   37954   -5.6301526e-03   0.000000e+00   0.000000e+00      7s

Root relaxation: objective -5.630153e-03, 37954 iterations, 5.33 seconds (3.51 work units)

    Nodes    |    Current Node    |     Objective Bounds      |     Work
 Expl Unexpl |  Obj  Depth IntInf | Incumbent    BestBd   Gap | It/Node Time

     0     0   -0.00563    0  200   -0.00251   -0.00563   124%     -    7s
H    0     0                      -0.0032346   -0.00563  74.1%     -    7s
H    0     0                      -0.0032746   -0.00563  71.9%     -    8s
H    0     0                      -0.0033312   -0.00563  69.0%     -    9s
H    0     0                      -0.0034009   -0.00563  65.5%     -   10s

Explored 1 nodes (37954 simplex iterations) in 10.68 seconds (5.59 work units)
Thread count was 1 (of 16 available processors)

Solution count 4: -0.00340091 -0.0033312 -0.00327457 -0.00250955 

Solve interrupted
Best objective -3.400910080049e-03, best bound -5.630152577245e-03, gap 65.5484%

User-callback calls 1978, time in user-callback 2.41 sec
