
Gurobi 13.0.2 (win64) logging started Mon Oct  5 12:14:58 2026

Set parameter LogFile to value "docs/v42_m1_dw_root_continuation_v2/logs/PRICE_0083_MESS03.log"
Gurobi Optimizer version 13.0.2 build v13.0.2rc1 (win64 - Windows 11+.0 (26200.2))

CPU model: 13th Gen Intel(R) Core(TM) i7-13620H, instruction set [SSE2|AVX|AVX2]
Thread count: 10 physical cores, 16 logical processors, using up to 1 threads

Non-default parameters:
TimeLimit  20
FeasibilityTol  1e-08
IntFeasTol  1e-08
MIPGap  0
MIPGapAbs  0
OptimalityTol  1e-08
Method  2
Crossover  2
DegenMoves  0
MIPFocus  3
NodeMethod  1
CutPasses  1
LogToConsole  0
Seed  20260929
Threads  1

Optimize a model with 51596 rows, 58976 columns and 315361 nonzeros (Min)
Model fingerprint: 0xb661dfc2
Model has 4395 linear objective coefficients and an objective constant of 9.7453318741008467e-03
Variable types: 6814 continuous, 52162 integer (52162 binary)
Coefficient statistics:
  Matrix range     [2e-01, 4e+02]
  Objective range  [2e-13, 7e-06]
  Bounds range     [1e+00, 1e+03]
  RHS range        [1e+00, 8e+02]

Loaded user MIP start with objective -0.00193794

Presolve removed 8958 rows and 2 columns
Presolve time: 1.24s
Presolved: 42638 rows, 58974 columns, 292967 nonzeros
Variable types: 6812 continuous, 52162 integer (52162 binary)
Root relaxation presolve removed 3 rows and 2 columns
Root relaxation presolved: 42635 rows, 58972 columns, 292915 nonzeros

Root barrier log...

Ordering time: 0.08s

Barrier statistics:
 AA' NZ     : 6.006e+05
 Factor NZ  : 1.080e+06 (roughly 50 MB of memory)
 Factor Ops : 6.927e+07 (less than 1 second per iteration)
 Threads    : 1

                  Objective                Residual
Iter       Primal          Dual         Primal    Dual     Compl     Time
   0   1.65035635e-02 -3.45219710e+04  1.80e+04 1.11e-04  3.80e+00     2s
   1  -3.99109000e-02 -2.93368730e+04  2.38e+03 2.53e-03  5.43e-01     2s
   2   7.95052296e-02 -8.95691573e+03  3.44e+02 9.85e-05  9.27e-02     3s
   3  -1.00315076e-02 -2.39599354e+03  7.54e+01 2.50e-15  2.20e-02     3s
   4  -5.34512935e-02 -1.90078829e+03  3.93e+01 2.55e-15  1.58e-02     3s
   5  -6.82430489e-02 -1.45987349e+03  2.45e+01 2.88e-15  1.20e-02     3s
   6  -7.08269483e-02 -1.16419628e+03  1.69e+01 2.71e-15  9.57e-03     3s
   7  -3.68177551e-02 -1.02388628e+03  1.25e+01 3.71e-15  8.25e-03     3s
   8   1.08635030e-02 -3.22709804e+02  3.22e+00 3.43e-15  2.54e-03     3s
   9   1.41935450e-02 -1.28643190e+02  3.78e-01 3.28e-15  8.70e-04     3s
  10   1.44143303e-02 -2.54686476e+01  3.40e-02 2.55e-15  1.63e-04     3s
  11   1.29974908e-02 -2.09613271e+00  5.82e-12 1.80e-15  1.33e-05     3s
  12   6.69198960e-03 -3.08121577e-01  5.78e-12 2.62e-16  1.99e-06     3s
  13   5.97519457e-03 -1.42480468e-01  7.52e-12 1.16e-16  9.39e-07     3s
  14   2.17497656e-03 -9.08296256e-02  8.95e-12 7.75e-17  5.88e-07     3s
  15  -6.76178188e-05 -6.68481245e-02  1.13e-11 5.69e-17  4.22e-07     3s
  16  -2.07764912e-03 -4.76056460e-02  7.03e-12 3.61e-17  2.88e-07     3s
  17  -3.17838743e-03 -3.50749358e-02  1.27e-11 2.67e-17  2.02e-07     3s
  18  -3.91542576e-03 -3.21120510e-02  9.29e-12 2.34e-17  1.78e-07     3s
  19  -4.13280798e-03 -2.40059298e-02  7.37e-12 1.76e-17  1.26e-07     4s
  20  -4.50720481e-03 -2.02276795e-02  1.59e-11 1.45e-17  9.94e-08     4s
  21  -4.75210575e-03 -1.50951038e-02  1.84e-11 9.48e-18  6.54e-08     4s
  22  -4.86342137e-03 -1.23379067e-02  1.61e-11 6.91e-18  4.73e-08     4s
  23  -4.89403753e-03 -1.04022725e-02  1.31e-11 6.07e-18  3.48e-08     4s
  24  -5.02302500e-03 -8.08612406e-03  1.35e-11 4.64e-18  1.94e-08     4s
  25  -5.11147317e-03 -6.93411427e-03  1.14e-11 4.67e-18  1.15e-08     4s
  26  -5.14762189e-03 -6.71223648e-03  1.05e-11 4.36e-18  9.89e-09     4s
  27  -5.15036008e-03 -6.64606173e-03  1.03e-11 4.66e-18  9.46e-09     4s
  28  -5.22190949e-03 -6.40783675e-03  2.42e-11 4.80e-18  7.50e-09     4s
  29  -5.26989672e-03 -6.16928104e-03  2.26e-11 4.28e-18  5.69e-09     4s
  30  -5.28266437e-03 -5.85826990e-03  2.23e-11 2.88e-18  3.64e-09     4s
  31  -5.30676166e-03 -5.73658194e-03  1.44e-11 3.54e-18  2.72e-09     4s
  32  -5.34239825e-03 -5.64782674e-03  9.40e-12 3.28e-18  1.93e-09     4s
  33  -5.36535080e-03 -5.56355443e-03  8.53e-12 3.29e-18  1.25e-09     4s
  34  -5.38709467e-03 -5.49374806e-03  2.96e-11 3.42e-18  6.74e-10     4s
  35  -5.40092414e-03 -5.47515039e-03  2.33e-11 3.84e-18  4.69e-10     5s
  36  -5.40760247e-03 -5.46206089e-03  1.32e-11 3.24e-18  3.44e-10     5s
  37  -5.40872992e-03 -5.45412670e-03  1.20e-11 4.08e-18  2.87e-10     5s
  38  -5.41217469e-03 -5.45141919e-03  5.21e-11 3.84e-18  2.48e-10     5s
  39  -5.41849595e-03 -5.42650581e-03  1.90e-10 4.70e-13  5.07e-11     5s
  40  -5.42125285e-03 -5.42256722e-03  3.40e-09 1.28e-12  8.38e-12     5s
  41  -5.42181197e-03 -5.42184487e-03  1.90e-10 4.21e-13  2.23e-13     5s
  42  -5.42183425e-03 -5.42183422e-03  6.85e-12 2.17e-14  4.05e-16     5s

Barrier solved model in 42 iterations and 5.02 seconds (2.81 work units)
Optimal objective -5.42183425e-03


Root crossover log...

   10709 DPushes remaining with DInf 1.6160382e-05                 5s
       0 DPushes remaining with DInf 1.0796526e-06                 5s

   12477 PPushes remaining with PInf 5.1021989e-04                 5s
       0 PPushes remaining with PInf 0.0000000e+00                 5s

  Push phase complete: Pinf 0.0000000e+00, Dinf 4.8777838e-02      5s


Root simplex log...

Iteration    Objective       Primal Inf.    Dual Inf.      Time
   17978   -5.4218343e-03   0.000000e+00   0.000000e+00      6s
   18542   -5.4218343e-03   0.000000e+00   0.000000e+00      6s
Crossover time: 0.68 seconds (0.50 work units)
   18542   -5.4218343e-03   0.000000e+00   0.000000e+00      6s

Root relaxation: objective -5.421834e-03, 18542 iterations, 3.84 seconds (2.33 work units)

    Nodes    |    Current Node    |     Objective Bounds      |     Work
 Expl Unexpl |  Obj  Depth IntInf | Incumbent    BestBd   Gap | It/Node Time

     0     0   -0.00542    0  482   -0.00194   -0.00542   180%     -    5s
H    0     0                      -0.0022694   -0.00542   139%     -    6s
H    0     0                      -0.0023712   -0.00542   129%     -    7s
H    0     0                      -0.0024725   -0.00542   119%     -    8s
     0     0   -0.00537    0  181   -0.00247   -0.00537   117%     -   12s
H    0     0                      -0.0024818   -0.00536   116%     -   14s
H    0     0                      -0.0026366   -0.00536   103%     -   14s

Cutting planes:
  MIR: 57
  Flow cover: 9
  BQP: 55

Explored 1 nodes (19401 simplex iterations) in 14.38 seconds (9.52 work units)
Thread count was 1 (of 16 available processors)

Solution count 5: -0.00263658 -0.00247253 -0.00237122 ... -0.00193794

Solve interrupted
Best objective -2.636583328144e-03, best bound -5.364911002419e-03, gap 103.4797%

User-callback calls 3145, time in user-callback 2.60 sec
