
Gurobi 13.0.2 (win64) logging started Mon Oct  5 12:07:19 2026

Set parameter LogFile to value "docs/v42_m1_dw_root_continuation_v2/logs/PRICE_0067_MESS03.log"
Gurobi Optimizer version 13.0.2 build v13.0.2rc1 (win64 - Windows 11+.0 (26200.2))

CPU model: 13th Gen Intel(R) Core(TM) i7-13620H, instruction set [SSE2|AVX|AVX2]
Thread count: 10 physical cores, 16 logical processors, using up to 1 threads

Non-default parameters:
TimeLimit  20
FeasibilityTol  1e-08
IntFeasTol  1e-08
MIPGap  0
MIPGapAbs  0
OptimalityTol  1e-08
Method  2
Crossover  2
DegenMoves  0
MIPFocus  3
NodeMethod  1
CutPasses  1
LogToConsole  0
Seed  20260929
Threads  1

Optimize a model with 51596 rows, 58976 columns and 315361 nonzeros (Min)
Model fingerprint: 0xc225a749
Model has 4321 linear objective coefficients and an objective constant of 9.4037131040291579e-03
Variable types: 6814 continuous, 52162 integer (52162 binary)
Coefficient statistics:
  Matrix range     [2e-01, 4e+02]
  Objective range  [6e-14, 8e-06]
  Bounds range     [1e+00, 1e+03]
  RHS range        [1e+00, 8e+02]

Loaded user MIP start with objective -0.00295873

Presolve removed 8958 rows and 2 columns
Presolve time: 0.66s
Presolved: 42638 rows, 58974 columns, 292967 nonzeros
Variable types: 6812 continuous, 52162 integer (52162 binary)
Root relaxation presolve removed 3 rows and 2 columns
Root relaxation presolved: 42635 rows, 58972 columns, 292915 nonzeros

Root barrier log...

Ordering time: 0.05s

Barrier statistics:
 AA' NZ     : 6.006e+05
 Factor NZ  : 1.080e+06 (roughly 50 MB of memory)
 Factor Ops : 6.927e+07 (less than 1 second per iteration)
 Threads    : 1

                  Objective                Residual
Iter       Primal          Dual         Primal    Dual     Compl     Time
   0   1.66326779e-03 -3.45219719e+04  1.80e+04 1.25e-04  3.80e+00     1s
   1  -4.21706096e-02 -2.93372550e+04  2.38e+03 2.53e-03  5.43e-01     1s
   2   7.86284573e-02 -8.95719692e+03  3.44e+02 9.85e-05  9.27e-02     1s
   3  -1.04130368e-02 -2.39610802e+03  7.54e+01 2.46e-15  2.20e-02     1s
   4  -5.36712502e-02 -1.90098065e+03  3.93e+01 2.48e-15  1.58e-02     2s
   5  -6.83875308e-02 -1.46011370e+03  2.45e+01 2.37e-15  1.20e-02     2s
   6  -7.09471013e-02 -1.16437647e+03  1.69e+01 3.49e-15  9.57e-03     2s
   7  -3.70130164e-02 -1.02401661e+03  1.25e+01 3.84e-15  8.25e-03     2s
   8   1.06556006e-02 -3.22764461e+02  3.22e+00 3.36e-15  2.54e-03     2s
   9   1.38634941e-02 -1.28722772e+02  3.78e-01 3.42e-15  8.71e-04     2s
  10   1.40857533e-02 -2.54807277e+01  3.41e-02 2.76e-15  1.63e-04     2s
  11   1.26869761e-02 -2.08427337e+00  3.99e-12 1.93e-15  1.33e-05     2s
  12   6.46958319e-03 -5.61378938e-01  6.40e-12 4.21e-16  3.59e-06     2s
  13   6.60627236e-03 -4.04845142e-01  5.38e-12 3.04e-16  2.60e-06     2s
  14   3.73487311e-03 -1.80868253e-01  2.05e-11 1.21e-16  1.17e-06     2s
  15   1.35841238e-03 -1.13756595e-01  6.76e-12 7.37e-17  7.28e-07     2s
  16  -1.47658877e-03 -7.50886626e-02  5.48e-12 4.74e-17  4.65e-07     2s
  17  -2.87043981e-03 -4.55992893e-02  7.66e-12 2.95e-17  2.70e-07     2s
  18  -3.19059001e-03 -3.74680827e-02  7.00e-12 2.35e-17  2.17e-07     2s
  19  -3.75776805e-03 -3.34479462e-02  6.75e-12 1.86e-17  1.88e-07     2s
  20  -4.30605506e-03 -2.62697067e-02  8.74e-12 1.52e-17  1.39e-07     2s
  21  -4.67467562e-03 -1.90476261e-02  8.50e-12 9.37e-18  9.09e-08     2s
  22  -4.83754560e-03 -1.74150628e-02  1.12e-11 9.45e-18  7.95e-08     2s
  23  -4.92362267e-03 -1.60564125e-02  8.84e-12 9.86e-18  7.04e-08     2s
  24  -4.99301776e-03 -1.11852872e-02  9.12e-12 5.38e-18  3.92e-08     2s
  25  -5.08272183e-03 -9.05129397e-03  8.72e-12 5.37e-18  2.51e-08     2s
  26  -5.21719296e-03 -7.79694424e-03  1.22e-11 3.76e-18  1.63e-08     2s
  27  -5.22244289e-03 -7.30066939e-03  1.10e-11 3.35e-18  1.31e-08     2s
  28  -5.27130195e-03 -7.02949010e-03  8.74e-12 3.72e-18  1.11e-08     2s
  29  -5.34174263e-03 -6.51271486e-03  9.18e-12 3.61e-18  7.40e-09     2s
  30  -5.41654861e-03 -6.26723941e-03  1.00e-11 3.88e-18  5.38e-09     2s
  31  -5.46497350e-03 -6.00493158e-03  8.24e-12 3.97e-18  3.41e-09     2s
  32  -5.49804458e-03 -5.88523906e-03  9.66e-12 2.92e-18  2.45e-09     2s
  33  -5.51456562e-03 -5.83113391e-03  1.09e-11 4.11e-18  2.00e-09     2s
  34  -5.51830816e-03 -5.80263830e-03  1.06e-11 4.90e-18  1.80e-09     2s
  35  -5.54148302e-03 -5.70610943e-03  1.74e-11 3.64e-18  1.04e-09     2s
  36  -5.55095019e-03 -5.67559390e-03  1.67e-11 3.59e-18  7.88e-10     2s
  37  -5.56953117e-03 -5.62503167e-03  2.40e-11 2.64e-18  3.51e-10     3s
  38  -5.57163951e-03 -5.61746913e-03  9.29e-11 3.22e-18  2.90e-10     3s
  39  -5.57510358e-03 -5.60735659e-03  6.52e-11 3.08e-18  2.04e-10     3s
  40  -5.57771834e-03 -5.60159487e-03  7.68e-11 4.05e-13  1.51e-10     3s
  41  -5.57975490e-03 -5.60009122e-03  7.50e-11 4.11e-13  1.29e-10     3s
  42  -5.58586491e-03 -5.59389359e-03  4.40e-11 2.59e-12  5.09e-11     3s
  43  -5.58726562e-03 -5.59136394e-03  5.75e-11 2.04e-12  2.60e-11     3s
  44  -5.58766186e-03 -5.58938148e-03  3.36e-11 2.76e-12  1.09e-11     3s
  45  -5.58774372e-03 -5.58794031e-03  2.54e-11 2.20e-12  1.25e-12     3s
  46  -5.58776008e-03 -5.58776027e-03  1.02e-11 5.51e-13  2.37e-15     3s

Barrier solved model in 46 iterations and 2.81 seconds (2.97 work units)
Optimal objective -5.58776008e-03

Crossover time: 0.44 seconds (0.69 work units)

Root relaxation: objective -5.587719e-03, 22090 iterations, 2.22 seconds (2.68 work units)

    Nodes    |    Current Node    |     Objective Bounds      |     Work
 Expl Unexpl |  Obj  Depth IntInf | Incumbent    BestBd   Gap | It/Node Time

     0     0   -0.00559    0  354   -0.00296   -0.00559  88.9%     -    3s
H    0     0                      -0.0030055   -0.00559  85.9%     -    3s
H    0     0                      -0.0034905   -0.00559  60.1%     -    4s
H    0     0                      -0.0035841   -0.00559  55.9%     -    5s
H    0     0                      -0.0035854   -0.00559  55.8%     -    5s
     0     0   -0.00548    0  269   -0.00359   -0.00548  52.8%     -    7s
H    0     0                      -0.0040903   -0.00548  33.9%     -    8s
H    0     0                      -0.0041359   -0.00548  32.4%     -    8s

Cutting planes:
  Gomory: 1
  MIR: 22
  Flow cover: 7
  BQP: 21

Explored 1 nodes (22677 simplex iterations) in 8.88 seconds (9.80 work units)
Thread count was 1 (of 16 available processors)

Solution count 4: -0.00413593 -0.00358535 -0.00349055 -0.00300549 

Solve interrupted
Best objective -4.135929233736e-03, best bound -5.477470101340e-03, gap 32.4363%

User-callback calls 2538, time in user-callback 1.49 sec
