
Gurobi 13.0.2 (win64) logging started Mon Oct  5 12:30:35 2026

Set parameter LogFile to value "docs/v42_m1_dw_root_continuation_v2/logs/PRICE_0099_MESS03.log"
Gurobi Optimizer version 13.0.2 build v13.0.2rc1 (win64 - Windows 11+.0 (26200.2))

CPU model: 13th Gen Intel(R) Core(TM) i7-13620H, instruction set [SSE2|AVX|AVX2]
Thread count: 10 physical cores, 16 logical processors, using up to 1 threads

Non-default parameters:
TimeLimit  20
FeasibilityTol  1e-08
IntFeasTol  1e-08
MIPGap  0
MIPGapAbs  0
OptimalityTol  1e-08
Method  2
Crossover  2
DegenMoves  0
MIPFocus  3
NodeMethod  1
CutPasses  1
LogToConsole  0
Seed  20260929
Threads  1

Optimize a model with 51596 rows, 58976 columns and 315361 nonzeros (Min)
Model fingerprint: 0x2f11ab3e
Model has 4539 linear objective coefficients and an objective constant of 9.8826265944887571e-03
Variable types: 6814 continuous, 52162 integer (52162 binary)
Coefficient statistics:
  Matrix range     [2e-01, 4e+02]
  Objective range  [2e-13, 7e-06]
  Bounds range     [1e+00, 1e+03]
  RHS range        [1e+00, 8e+02]

Loaded user MIP start with objective -0.000374694
MIP start from previous solve produced solution with objective -0.00211743 (1.00s)
MIP start from previous solve produced solution with objective -0.0021847 (1.43s)
Loaded MIP start from previous solve with objective -0.0021847
Processed MIP start in 1.92 seconds (0.04 work units)

Presolve removed 8958 rows and 2 columns
Presolve time: 1.23s
Presolved: 42638 rows, 58974 columns, 292967 nonzeros
Variable types: 6812 continuous, 52162 integer (52162 binary)
Root relaxation presolve removed 3 rows and 2 columns
Root relaxation presolved: 42635 rows, 58972 columns, 292915 nonzeros

Root barrier log...

Ordering time: 0.10s

Barrier statistics:
 AA' NZ     : 6.006e+05
 Factor NZ  : 1.080e+06 (roughly 50 MB of memory)
 Factor Ops : 6.927e+07 (less than 1 second per iteration)
 Threads    : 1

                  Objective                Residual
Iter       Primal          Dual         Primal    Dual     Compl     Time
   0   1.73877302e-02 -3.45219709e+04  1.80e+04 1.11e-04  3.80e+00     4s
   1  -3.96891491e-02 -2.93368688e+04  2.38e+03 2.53e-03  5.43e-01     4s
   2   7.96398055e-02 -8.95690180e+03  3.44e+02 9.85e-05  9.27e-02     4s
   3  -9.91522815e-03 -2.39591321e+03  7.54e+01 2.26e-15  2.20e-02     4s
   4  -5.33376962e-02 -1.90070083e+03  3.93e+01 2.49e-15  1.58e-02     4s
   5  -6.81302135e-02 -1.45977315e+03  2.45e+01 2.50e-15  1.20e-02     4s
   6  -7.07121297e-02 -1.16412148e+03  1.69e+01 3.06e-15  9.56e-03     4s
   7  -3.66880150e-02 -1.02383259e+03  1.25e+01 3.86e-15  8.25e-03     4s
   8   1.09831550e-02 -3.22684656e+02  3.22e+00 3.29e-15  2.54e-03     5s
   9   1.43293998e-02 -1.28563681e+02  3.78e-01 3.13e-15  8.70e-04     5s
  10   1.45483918e-02 -2.54600030e+01  3.38e-02 2.42e-15  1.63e-04     5s
  11   1.31223644e-02 -2.09882817e+00  5.40e-12 2.00e-15  1.34e-05     5s
  12   6.80318069e-03 -3.17577190e-01  6.04e-12 1.95e-16  2.05e-06     5s
  13   5.96001943e-03 -1.50846344e-01  6.92e-12 1.00e-16  9.91e-07     5s
  14   2.60051618e-03 -9.64107661e-02  4.24e-12 6.52e-17  6.26e-07     5s
  15   6.41469975e-04 -7.05838623e-02  4.34e-12 4.81e-17  4.50e-07     5s
  16  -1.56441528e-03 -4.91970746e-02  5.77e-12 2.97e-17  3.01e-07     5s
  17  -2.69584927e-03 -3.74679033e-02  5.36e-12 2.41e-17  2.20e-07     5s
  18  -3.56008003e-03 -3.13374245e-02  8.77e-12 1.85e-17  1.76e-07     5s
  19  -3.70727324e-03 -2.92216178e-02  1.19e-11 1.84e-17  1.61e-07     5s
  20  -4.20997853e-03 -2.46253778e-02  1.71e-11 1.35e-17  1.29e-07     5s
  21  -4.45915738e-03 -1.61057981e-02  1.60e-11 8.36e-18  7.36e-08     5s
  22  -4.57621357e-03 -1.20813173e-02  1.52e-11 6.29e-18  4.75e-08     6s
  23  -4.66746604e-03 -1.13192050e-02  1.69e-11 6.20e-18  4.21e-08     6s
  24  -4.77375844e-03 -9.58637109e-03  1.97e-11 4.99e-18  3.04e-08     6s
  25  -4.91485041e-03 -7.61022887e-03  1.38e-11 4.40e-18  1.70e-08     6s
  26  -4.97783536e-03 -7.09526652e-03  1.30e-11 4.08e-18  1.34e-08     6s
  27  -4.99557398e-03 -6.78886483e-03  1.04e-11 3.75e-18  1.13e-08     6s
  28  -5.05519972e-03 -6.43586933e-03  8.68e-12 4.07e-18  8.73e-09     6s
  29  -5.11349661e-03 -5.93941399e-03  1.88e-11 4.07e-18  5.22e-09     6s
  30  -5.14481285e-03 -5.78466556e-03  1.04e-11 3.29e-18  4.05e-09     6s
  31  -5.18313039e-03 -5.63469027e-03  1.15e-11 3.39e-18  2.86e-09     6s
  32  -5.20016678e-03 -5.56225004e-03  8.95e-12 3.27e-18  2.29e-09     6s
  33  -5.21947296e-03 -5.50618939e-03  8.76e-12 3.95e-18  1.81e-09     6s
  34  -5.22495390e-03 -5.44252525e-03  7.38e-12 3.94e-18  1.38e-09     6s
  35  -5.24088776e-03 -5.41887440e-03  2.31e-11 4.08e-18  1.13e-09     6s
  36  -5.24928119e-03 -5.38981566e-03  1.83e-11 3.74e-18  8.89e-10     6s
  37  -5.25781990e-03 -5.37562973e-03  5.08e-11 4.07e-18  7.45e-10     7s
  38  -5.26088069e-03 -5.37125812e-03  4.52e-11 4.94e-18  6.98e-10     7s
  39  -5.26495092e-03 -5.34723672e-03  3.72e-11 3.87e-18  5.20e-10     7s
  40  -5.26559469e-03 -5.33826167e-03  3.61e-11 3.90e-18  4.59e-10     7s
  41  -5.27059536e-03 -5.32436163e-03  4.06e-11 3.87e-18  3.40e-10     7s
  42  -5.27423304e-03 -5.28945871e-03  1.78e-11 2.89e-18  9.63e-11     7s
  43  -5.27646978e-03 -5.28065006e-03  2.54e-11 6.11e-12  2.66e-11     7s
  44  -5.27730640e-03 -5.28014192e-03  1.24e-10 5.21e-12  1.81e-11     7s
  45  -5.27778460e-03 -5.27995352e-03  1.50e-10 4.35e-12  1.38e-11     7s
  46  -5.27818890e-03 -5.27987214e-03  3.11e-10 3.95e-12  1.08e-11     7s
  47  -5.27839401e-03 -5.27971232e-03  2.31e-10 2.72e-12  8.44e-12     7s
  48  -5.27872853e-03 -5.27956981e-03  1.57e-10 1.60e-12  5.40e-12     7s
  49  -5.27926706e-03 -5.27942190e-03  7.64e-11 1.44e-12  1.02e-12     7s
  50  -5.27937147e-03 -5.27940068e-03  2.51e-11 3.17e-13  1.91e-13     7s
  51  -5.27939684e-03 -5.27939671e-03  3.48e-13 8.64e-14  8.22e-16     8s

Barrier solved model in 51 iterations and 7.57 seconds (3.18 work units)
Optimal objective -5.27939684e-03


Root crossover log...

   13904 DPushes remaining with DInf 2.3762678e-05                 8s
       0 DPushes remaining with DInf 3.0078107e-05                 8s

   11834 PPushes remaining with PInf 4.8061668e-04                 8s
       0 PPushes remaining with PInf 0.0000000e+00                 8s

  Push phase complete: Pinf 0.0000000e+00, Dinf 2.8273073e-02      8s


Root simplex log...

Iteration    Objective       Primal Inf.    Dual Inf.      Time
   18269   -5.2793968e-03   0.000000e+00   0.000000e+00      8s
   18717   -5.2793968e-03   0.000000e+00   0.000000e+00      8s
Crossover time: 0.84 seconds (0.47 work units)
   18717   -5.2793968e-03   0.000000e+00   0.000000e+00      8s

Root relaxation: objective -5.279397e-03, 18717 iterations, 5.11 seconds (2.64 work units)

    Nodes    |    Current Node    |     Objective Bounds      |     Work
 Expl Unexpl |  Obj  Depth IntInf | Incumbent    BestBd   Gap | It/Node Time

     0     0   -0.00528    0  204   -0.00218   -0.00528   142%     -    8s
H    0     0                      -0.0024430   -0.00528   116%     -   10s

Explored 1 nodes (18717 simplex iterations) in 10.39 seconds (4.49 work units)
Thread count was 1 (of 16 available processors)

Solution count 2: -0.00244295 -0.0021847 

Solve interrupted
Best objective -2.442950384162e-03, best bound -5.279396847344e-03, gap 116.1074%

User-callback calls 1807, time in user-callback 2.57 sec
