
Gurobi 13.0.2 (win64) logging started Mon Oct  5 10:19:04 2026

Set parameter LogFile to value "docs/v42_m1_dw_root_continuation_v2/logs/PRICE_0063_MESS03.log"
Gurobi Optimizer version 13.0.2 build v13.0.2rc1 (win64 - Windows 11+.0 (26200.2))

CPU model: 13th Gen Intel(R) Core(TM) i7-13620H, instruction set [SSE2|AVX|AVX2]
Thread count: 10 physical cores, 16 logical processors, using up to 1 threads

Non-default parameters:
TimeLimit  20
FeasibilityTol  1e-08
IntFeasTol  1e-08
MIPGap  0
MIPGapAbs  0
OptimalityTol  1e-08
Method  2
Crossover  2
DegenMoves  0
MIPFocus  3
NodeMethod  1
CutPasses  1
LogToConsole  0
Seed  20260929
Threads  1

Optimize a model with 51596 rows, 58976 columns and 315361 nonzeros (Min)
Model fingerprint: 0x1bdd5361
Model has 4175 linear objective coefficients and an objective constant of 0.0093070840486653
Variable types: 6814 continuous, 52162 integer (52162 binary)
Coefficient statistics:
  Matrix range     [2e-01, 4e+02]
  Objective range  [7e-14, 8e-06]
  Bounds range     [1e+00, 1e+03]
  RHS range        [1e+00, 8e+02]

Loaded user MIP start with objective -0.00328748

Presolve removed 8958 rows and 2 columns
Presolve time: 1.18s
Presolved: 42638 rows, 58974 columns, 292967 nonzeros
Variable types: 6812 continuous, 52162 integer (52162 binary)
Root relaxation presolve removed 3 rows and 2 columns
Root relaxation presolved: 42635 rows, 58972 columns, 292915 nonzeros

Root barrier log...

Ordering time: 0.10s

Barrier statistics:
 AA' NZ     : 6.006e+05
 Factor NZ  : 1.080e+06 (roughly 50 MB of memory)
 Factor Ops : 6.927e+07 (less than 1 second per iteration)
 Threads    : 1

                  Objective                Residual
Iter       Primal          Dual         Primal    Dual     Compl     Time
   0  -2.30511794e-03 -3.45219722e+04  1.80e+04 1.31e-04  3.80e+00     2s
   1  -4.27610660e-02 -2.93373795e+04  2.38e+03 2.53e-03  5.43e-01     2s
   2   7.82724069e-02 -8.95732169e+03  3.44e+02 9.85e-05  9.27e-02     3s
   3  -1.05558593e-02 -2.39620220e+03  7.54e+01 2.27e-15  2.20e-02     3s
   4  -5.37240657e-02 -1.90111071e+03  3.93e+01 2.33e-15  1.58e-02     3s
   5  -6.83918404e-02 -1.46028426e+03  2.45e+01 2.07e-15  1.20e-02     3s
   6  -7.09286021e-02 -1.16450035e+03  1.69e+01 2.64e-15  9.57e-03     3s
   7  -3.70433362e-02 -1.02410605e+03  1.25e+01 4.14e-15  8.25e-03     3s
   8   1.05779008e-02 -3.22797110e+02  3.22e+00 3.26e-15  2.54e-03     3s
   9   1.37683233e-02 -1.28824558e+02  3.78e-01 3.40e-15  8.72e-04     3s
  10   1.39935577e-02 -2.54908549e+01  3.42e-02 2.40e-15  1.64e-04     3s
  11   1.25960955e-02 -2.12053526e+00  3.51e-12 2.04e-15  1.35e-05     3s
  12   6.44948924e-03 -5.14526708e-01  4.04e-12 4.36e-16  3.29e-06     3s
  13   6.28777429e-03 -3.58642563e-01  2.99e-12 3.21e-16  2.31e-06     3s
  14   3.51509568e-03 -1.50660984e-01  6.79e-12 1.34e-16  9.75e-07     3s
  15   1.11803539e-03 -1.00181237e-01  4.78e-12 8.56e-17  6.41e-07     3s
  16  -1.84285558e-03 -6.96317758e-02  6.57e-12 6.23e-17  4.29e-07     3s
  17  -3.10523675e-03 -4.66329875e-02  5.07e-12 4.07e-17  2.75e-07     3s
  18  -3.60143744e-03 -3.80266435e-02  6.37e-12 3.32e-17  2.18e-07     4s
  19  -3.94880653e-03 -3.08984009e-02  4.53e-12 2.50e-17  1.70e-07     4s
  20  -4.36431475e-03 -2.58897937e-02  8.14e-12 1.86e-17  1.36e-07     4s
  21  -4.75575726e-03 -1.99530206e-02  1.06e-11 1.30e-17  9.61e-08     4s
  22  -4.96953934e-03 -1.58930531e-02  1.15e-11 9.74e-18  6.91e-08     4s
  23  -5.11521545e-03 -1.10760819e-02  1.04e-11 4.71e-18  3.77e-08     4s
  24  -5.18435817e-03 -9.23001230e-03  1.35e-11 4.14e-18  2.56e-08     4s
  25  -5.34519550e-03 -7.99372476e-03  1.12e-11 3.65e-18  1.67e-08     4s
  26  -5.36735639e-03 -7.51849646e-03  1.20e-11 3.84e-18  1.36e-08     4s
  27  -5.40171706e-03 -7.28521645e-03  1.75e-11 4.30e-18  1.19e-08     4s
  28  -5.43912249e-03 -6.79966661e-03  9.17e-12 3.72e-18  8.60e-09     4s
  29  -5.49362509e-03 -6.58052505e-03  1.27e-11 3.75e-18  6.87e-09     4s
  30  -5.56271239e-03 -6.29251171e-03  1.26e-11 3.92e-18  4.61e-09     4s
  31  -5.61083867e-03 -6.11741596e-03  1.76e-11 3.24e-18  3.20e-09     4s
  32  -5.63384167e-03 -5.99564095e-03  2.60e-11 2.86e-18  2.29e-09     4s
  33  -5.64991324e-03 -5.91571535e-03  2.58e-11 3.30e-18  1.68e-09     4s
  34  -5.66500119e-03 -5.86058142e-03  1.63e-11 3.55e-18  1.24e-09     5s
  35  -5.68136807e-03 -5.79202559e-03  1.51e-11 3.16e-18  7.00e-10     5s
  36  -5.69152103e-03 -5.74435264e-03  4.68e-11 2.70e-18  3.34e-10     5s
  37  -5.69514817e-03 -5.73591474e-03  6.68e-11 4.56e-15  2.58e-10     5s
  38  -5.69761918e-03 -5.72934711e-03  1.11e-10 7.97e-15  2.01e-10     5s
  39  -5.70437986e-03 -5.71556687e-03  1.30e-10 2.99e-14  7.08e-11     5s
  40  -5.70581235e-03 -5.71037137e-03  4.85e-11 2.56e-13  2.89e-11     5s
  41  -5.70617194e-03 -5.71017820e-03  2.55e-11 2.68e-13  2.54e-11     5s
  42  -5.70646768e-03 -5.70679529e-03  2.77e-10 2.79e-12  2.09e-12     5s
  43  -5.70652509e-03 -5.70652651e-03  2.04e-11 1.31e-12  1.24e-14     5s

Barrier solved model in 43 iterations and 5.14 seconds (2.85 work units)
Optimal objective -5.70652509e-03


Root crossover log...

   10898 DPushes remaining with DInf 4.8334294e-05                 5s
       0 DPushes remaining with DInf 1.0475745e-04                 5s

   17376 PPushes remaining with PInf 5.2188796e-03                 5s
       0 PPushes remaining with PInf 0.0000000e+00                 6s

  Push phase complete: Pinf 0.0000000e+00, Dinf 1.4878524e-02      6s


Root simplex log...

Iteration    Objective       Primal Inf.    Dual Inf.      Time
   25450   -5.7061458e-03   0.000000e+00   0.000000e+00      6s
   27034   -5.7063489e-03   0.000000e+00   0.000000e+00      6s
Crossover time: 1.20 seconds (0.98 work units)
   27034   -5.7063489e-03   0.000000e+00   0.000000e+00      6s

Root relaxation: objective -5.706349e-03, 27034 iterations, 4.51 seconds (2.85 work units)

    Nodes    |    Current Node    |     Objective Bounds      |     Work
 Expl Unexpl |  Obj  Depth IntInf | Incumbent    BestBd   Gap | It/Node Time

     0     0   -0.00571    0  162   -0.00329   -0.00571  73.6%     -    6s
H    0     0                      -0.0033651   -0.00571  69.6%     -    7s
H    0     0                      -0.0034436   -0.00571  65.7%     -    8s
H    0     0                      -0.0034601   -0.00571  64.9%     -    8s
H    0     0                      -0.0034834   -0.00571  63.8%     -    9s

Explored 1 nodes (27034 simplex iterations) in 9.32 seconds (4.53 work units)
Thread count was 1 (of 16 available processors)

Solution count 4: -0.00348337 -0.00344355 -0.00336512 -0.00328748 

Solve interrupted
Best objective -3.483366877224e-03, best bound -5.706348875639e-03, gap 63.8171%

User-callback calls 1571, time in user-callback 2.53 sec
