
Gurobi 13.0.2 (win64) logging started Mon Oct  5 12:07:19 2026

Set parameter LogFile to value "docs/v42_m1_dw_root_continuation_v2/logs/PRICE_0066_MESS02.log"
Gurobi Optimizer version 13.0.2 build v13.0.2rc1 (win64 - Windows 11+.0 (26200.2))

CPU model: 13th Gen Intel(R) Core(TM) i7-13620H, instruction set [SSE2|AVX|AVX2]
Thread count: 10 physical cores, 16 logical processors, using up to 1 threads

Non-default parameters:
TimeLimit  20
FeasibilityTol  1e-08
IntFeasTol  1e-08
MIPGap  0
MIPGapAbs  0
OptimalityTol  1e-08
Method  2
Crossover  2
DegenMoves  0
MIPFocus  3
NodeMethod  1
CutPasses  1
LogToConsole  0
Seed  20260929
Threads  1

Optimize a model with 51527 rows, 58895 columns and 314932 nonzeros (Min)
Model fingerprint: 0x77057273
Model has 4321 linear objective coefficients and an objective constant of 0.00940405428522753
Variable types: 6805 continuous, 52090 integer (52090 binary)
Coefficient statistics:
  Matrix range     [2e-01, 4e+02]
  Objective range  [6e-14, 8e-06]
  Bounds range     [1e+00, 1e+03]
  RHS range        [1e+00, 8e+02]

Loaded user MIP start with objective -0.00279846

Presolve removed 8946 rows and 2 columns
Presolve time: 0.64s
Presolved: 42581 rows, 58893 columns, 292568 nonzeros
Variable types: 6803 continuous, 52090 integer (52090 binary)
Root relaxation presolve removed 1 rows and 1 columns
Root relaxation presolved: 42580 rows, 58892 columns, 292566 nonzeros

Root barrier log...

Ordering time: 0.07s

Barrier statistics:
 AA' NZ     : 5.996e+05
 Factor NZ  : 1.096e+06 (roughly 50 MB of memory)
 Factor Ops : 7.451e+07 (less than 1 second per iteration)
 Threads    : 1

                  Objective                Residual
Iter       Primal          Dual         Primal    Dual     Compl     Time
   0   1.62499952e-03 -3.44919795e+04  1.80e+04 1.25e-04  3.80e+00     1s
   1  -3.53598693e-02 -2.94156513e+04  2.54e+03 3.23e-03  5.75e-01     1s
   2   7.19612013e-02 -1.16581755e+04  4.08e+02 2.75e-04  1.20e-01     1s
   3   2.17255841e-02 -2.59558732e+03  1.04e+02 1.30e-15  2.59e-02     1s
   4  -1.96458596e-02 -2.37298401e+03  6.64e+01 1.52e-15  2.12e-02     2s
   5  -4.17597964e-02 -2.15230534e+03  4.89e+01 1.43e-15  1.83e-02     2s
   6  -6.49751638e-02 -1.85077656e+03  3.12e+01 2.57e-15  1.49e-02     2s
   7  -7.57464180e-02 -1.60911892e+03  2.22e+01 3.58e-15  1.28e-02     2s
   8  -7.96815996e-02 -1.42186192e+03  1.74e+01 3.96e-15  1.13e-02     2s
   9  -7.76356184e-02 -1.24692297e+03  1.43e+01 3.98e-15  1.01e-02     2s
  10  -7.22328451e-02 -1.21531827e+03  1.30e+01 4.57e-15  9.57e-03     2s
  11  -1.59612623e-02 -1.02925159e+03  8.75e+00 4.60e-15  7.72e-03     2s
  12  -4.83877818e-03 -5.47302273e+02  5.52e+00 4.15e-15  4.27e-03     2s
  13   1.07394652e-02 -1.66724279e+02  1.41e+00 3.31e-15  1.30e-03     2s
  14   1.34037042e-02 -3.07597720e+01  2.63e-01 3.04e-15  2.28e-04     2s
  15   1.32952035e-02 -4.04456510e+00  2.51e-04 2.46e-15  2.57e-05     2s
  16   7.03620157e-03 -7.72862257e-01  1.01e-07 1.14e-15  4.94e-06     2s
  17   6.22751951e-03 -4.75312531e-01  2.71e-08 7.99e-16  3.05e-06     2s
  18   4.49537099e-03 -2.42331484e-01  1.16e-08 4.86e-16  1.56e-06     2s
  19   2.11206570e-03 -9.44676061e-02  2.75e-09 4.15e-16  6.11e-07     2s
  20   1.27656249e-03 -6.87405623e-02  2.03e-09 4.44e-16  4.43e-07     2s
  21  -1.60767943e-03 -5.06053317e-02  3.85e-10 5.14e-16  3.10e-07     2s
  22  -2.80545223e-03 -3.61748991e-02  1.87e-10 5.04e-16  2.11e-07     2s
  23  -3.53082016e-03 -3.18634521e-02  1.19e-10 6.14e-16  1.79e-07     2s
  24  -3.68270113e-03 -2.72736851e-02  1.07e-10 5.79e-16  1.49e-07     2s
  25  -4.16887773e-03 -2.52241861e-02  6.96e-11 6.19e-16  1.33e-07     2s
  26  -4.36062808e-03 -1.80405250e-02  6.06e-11 5.50e-16  8.66e-08     2s
  27  -4.67575395e-03 -1.57747299e-02  4.85e-11 5.60e-16  7.03e-08     2s
  28  -4.84428105e-03 -1.35032221e-02  4.47e-11 5.58e-16  5.48e-08     2s
  29  -4.93817186e-03 -1.15589617e-02  3.11e-11 5.74e-16  4.19e-08     2s
  30  -5.02614745e-03 -1.02316106e-02  2.89e-11 6.13e-16  3.30e-08     2s
  31  -5.10643383e-03 -8.87201507e-03  1.79e-11 6.14e-16  2.38e-08     2s
  32  -5.22118314e-03 -7.58266081e-03  1.98e-11 5.26e-16  1.49e-08     2s
  33  -5.22580674e-03 -7.13035066e-03  1.87e-11 5.31e-16  1.21e-08     2s
  34  -5.27036160e-03 -6.78838508e-03  1.50e-11 6.39e-16  9.61e-09     2s
  35  -5.32320527e-03 -6.35307427e-03  1.67e-11 5.41e-16  6.52e-09     3s
  36  -5.40914049e-03 -6.04671560e-03  2.68e-11 5.65e-16  4.04e-09     3s
  37  -5.47715959e-03 -5.96581521e-03  4.01e-11 6.49e-16  3.09e-09     3s
  38  -5.49859148e-03 -5.83202287e-03  2.73e-11 5.58e-16  2.11e-09     3s
  39  -5.51251154e-03 -5.76033620e-03  2.26e-11 5.43e-16  1.57e-09     3s
  40  -5.53746763e-03 -5.72784610e-03  1.86e-11 5.64e-16  1.21e-09     3s
  41  -5.54947430e-03 -5.70410435e-03  3.20e-11 6.35e-16  9.79e-10     3s
  42  -5.55565655e-03 -5.65781392e-03  3.53e-10 4.79e-16  6.47e-10     3s
  43  -5.56513653e-03 -5.64605681e-03  2.33e-10 6.56e-16  5.12e-10     3s
  44  -5.57589435e-03 -5.61245109e-03  8.90e-11 4.80e-16  2.31e-10     3s
  45  -5.57817630e-03 -5.60351143e-03  1.64e-10 2.18e-14  1.60e-10     3s
  46  -5.58026929e-03 -5.60166552e-03  9.77e-11 7.21e-13  1.35e-10     3s
  47  -5.58070971e-03 -5.59666347e-03  1.09e-10 7.98e-13  1.01e-10     3s
  48  -5.58168751e-03 -5.59533933e-03  1.03e-10 8.24e-13  8.65e-11     3s
  49  -5.58462635e-03 -5.59130092e-03  6.42e-11 3.23e-12  4.24e-11     3s
  50  -5.58669729e-03 -5.58995967e-03  7.96e-11 3.32e-12  2.08e-11     3s
  51  -5.58723430e-03 -5.58803869e-03  1.16e-10 4.46e-12  5.14e-12     3s
  52  -5.58744505e-03 -5.58750088e-03  9.36e-12 1.52e-12  3.65e-13     3s
  53  -5.58746206e-03 -5.58746197e-03  2.35e-12 2.50e-13  3.70e-16     3s

Barrier solved model in 53 iterations and 3.08 seconds (3.32 work units)
Optimal objective -5.58746206e-03

Crossover time: 0.32 seconds (0.48 work units)

Root relaxation: objective -5.587462e-03, 18529 iterations, 2.38 seconds (2.83 work units)

    Nodes    |    Current Node    |     Objective Bounds      |     Work
 Expl Unexpl |  Obj  Depth IntInf | Incumbent    BestBd   Gap | It/Node Time

     0     0   -0.00559    0  404   -0.00280   -0.00559   100%     -    3s
H    0     0                      -0.0028452   -0.00559  96.4%     -    4s
H    0     0                      -0.0030051   -0.00559  85.9%     -    4s
H    0     0                      -0.0030629   -0.00559  82.4%     -    4s
H    0     0                      -0.0031142   -0.00559  79.4%     -    5s
H    0     0                      -0.0031153   -0.00559  79.4%     -    5s

Explored 1 nodes (18529 simplex iterations) in 5.35 seconds (4.89 work units)
Thread count was 1 (of 16 available processors)

Solution count 4: -0.00311527 -0.00306289 -0.00300508 -0.00284522 

Solve interrupted
Best objective -3.115268090786e-03, best bound -5.587462074581e-03, gap 79.3573%

User-callback calls 1295, time in user-callback 1.37 sec
