
Gurobi 13.0.2 (win64) logging started Mon Oct  5 12:41:38 2026

Set parameter LogFile to value "docs/v42_m1_dw_root_continuation_v2/logs/PRICE_0107_MESS03.log"
Gurobi Optimizer version 13.0.2 build v13.0.2rc1 (win64 - Windows 11+.0 (26200.2))

CPU model: 13th Gen Intel(R) Core(TM) i7-13620H, instruction set [SSE2|AVX|AVX2]
Thread count: 10 physical cores, 16 logical processors, using up to 1 threads

Non-default parameters:
TimeLimit  20
FeasibilityTol  1e-08
IntFeasTol  1e-08
MIPGap  0
MIPGapAbs  0
OptimalityTol  1e-08
Method  2
Crossover  2
DegenMoves  0
MIPFocus  3
NodeMethod  1
CutPasses  1
LogToConsole  0
Seed  20260929
Threads  1

Optimize a model with 51596 rows, 58976 columns and 315361 nonzeros (Min)
Model fingerprint: 0x07149882
Model has 4539 linear objective coefficients and an objective constant of 9.9227549467766421e-03
Variable types: 6814 continuous, 52162 integer (52162 binary)
Coefficient statistics:
  Matrix range     [2e-01, 4e+02]
  Objective range  [1e-13, 7e-06]
  Bounds range     [1e+00, 1e+03]
  RHS range        [1e+00, 8e+02]

Loaded user MIP start with objective -0.000660052
MIP start from previous solve produced solution with objective -0.00237417 (0.96s)
MIP start from previous solve produced solution with objective -0.00239432 (1.37s)
Loaded MIP start from previous solve with objective -0.00239432
Processed MIP start in 1.86 seconds (0.04 work units)

Presolve removed 8958 rows and 2 columns
Presolve time: 1.19s
Presolved: 42638 rows, 58974 columns, 292967 nonzeros
Variable types: 6812 continuous, 52162 integer (52162 binary)
Root relaxation presolve removed 3 rows and 2 columns
Root relaxation presolved: 42635 rows, 58972 columns, 292915 nonzeros

Root barrier log...

Ordering time: 0.07s

Barrier statistics:
 AA' NZ     : 6.006e+05
 Factor NZ  : 1.080e+06 (roughly 50 MB of memory)
 Factor Ops : 6.927e+07 (less than 1 second per iteration)
 Threads    : 1

                  Objective                Residual
Iter       Primal          Dual         Primal    Dual     Compl     Time
   0   1.72675527e-02 -3.45219709e+04  1.80e+04 1.11e-04  3.80e+00     4s
   1  -3.96861153e-02 -2.93368826e+04  2.38e+03 2.53e-03  5.43e-01     4s
   2   7.96841601e-02 -8.95690451e+03  3.44e+02 9.85e-05  9.27e-02     4s
   3  -9.87553851e-03 -2.39574166e+03  7.54e+01 2.28e-15  2.20e-02     4s
   4  -5.33038060e-02 -1.90050690e+03  3.93e+01 2.04e-15  1.58e-02     4s
   5  -6.80933998e-02 -1.45954196e+03  2.45e+01 2.26e-15  1.20e-02     4s
   6  -7.06686372e-02 -1.16395142e+03  1.69e+01 3.42e-15  9.56e-03     4s
   7  -3.66037415e-02 -1.02371028e+03  1.25e+01 4.35e-15  8.25e-03     4s
   8   1.10361579e-02 -3.22636676e+02  3.22e+00 3.10e-15  2.54e-03     4s
   9   1.43709070e-02 -1.28411599e+02  3.77e-01 3.27e-15  8.69e-04     4s
  10   1.45881402e-02 -2.54426875e+01  3.35e-02 2.37e-15  1.63e-04     4s
  11   1.31602193e-02 -2.09863258e+00  5.93e-12 1.88e-15  1.34e-05     4s
  12   6.84475396e-03 -3.02547807e-01  4.08e-12 2.43e-16  1.96e-06     4s
  13   5.91376646e-03 -1.42242925e-01  6.78e-12 1.14e-16  9.37e-07     4s
  14   2.29099780e-03 -8.41552282e-02  8.10e-12 6.29e-17  5.47e-07     5s
  15   2.05385394e-04 -6.29076036e-02  5.02e-12 4.77e-17  3.99e-07     5s
  16  -1.46135049e-03 -4.55437699e-02  5.80e-12 3.25e-17  2.79e-07     5s
  17  -2.29102548e-03 -3.53360773e-02  4.69e-12 2.72e-17  2.09e-07     5s
  18  -2.56262250e-03 -3.18085055e-02  3.73e-12 2.10e-17  1.85e-07     5s
  19  -2.74992485e-03 -2.96529437e-02  3.75e-12 2.15e-17  1.70e-07     5s
  20  -3.24881401e-03 -2.35524222e-02  5.94e-12 1.74e-17  1.28e-07     5s
  21  -3.84628008e-03 -1.69846010e-02  7.94e-12 1.12e-17  8.31e-08     5s
  22  -4.07217889e-03 -1.51129271e-02  7.72e-12 9.60e-18  6.98e-08     5s
  23  -4.26306687e-03 -1.26742568e-02  9.00e-12 7.72e-18  5.32e-08     5s
  24  -4.48271941e-03 -9.50022284e-03  1.49e-11 5.04e-18  3.17e-08     5s
  25  -4.60448621e-03 -8.63176274e-03  1.15e-11 5.17e-18  2.55e-08     5s
  26  -4.65799947e-03 -7.69288285e-03  9.01e-12 4.59e-18  1.92e-08     5s
  27  -4.74885096e-03 -7.41444072e-03  8.97e-12 4.75e-18  1.69e-08     5s
  28  -4.89924608e-03 -6.51940794e-03  1.49e-11 4.19e-18  1.02e-08     5s
  29  -4.95373640e-03 -6.23907444e-03  1.36e-11 3.39e-18  8.13e-09     6s
  30  -5.00956368e-03 -5.86030069e-03  1.11e-11 2.79e-13  5.38e-09     6s
  31  -5.07398619e-03 -5.74126054e-03  1.25e-11 3.53e-18  4.22e-09     6s
  32  -5.09217923e-03 -5.63515482e-03  1.62e-11 4.34e-18  3.43e-09     6s
  33  -5.12584108e-03 -5.47243200e-03  2.45e-11 3.65e-18  2.19e-09     6s
  34  -5.15574981e-03 -5.39273992e-03  9.26e-12 3.44e-18  1.50e-09     6s
  35  -5.16816445e-03 -5.34386318e-03  8.14e-12 3.22e-18  1.11e-09     6s
  36  -5.18471680e-03 -5.31891234e-03  3.29e-11 3.94e-18  8.48e-10     6s
  37  -5.18834155e-03 -5.31263604e-03  2.47e-11 4.44e-18  7.86e-10     6s
  38  -5.19363702e-03 -5.27740249e-03  3.17e-11 3.69e-18  5.30e-10     6s
  39  -5.20226633e-03 -5.26107979e-03  4.27e-11 1.04e-15  3.72e-10     6s
  40  -5.20342421e-03 -5.25333144e-03  4.00e-11 2.12e-15  3.16e-10     6s
  41  -5.20875411e-03 -5.25200374e-03  3.99e-11 2.39e-15  2.73e-10     6s
  42  -5.21086022e-03 -5.23750509e-03  3.05e-11 3.87e-15  1.68e-10     6s
  43  -5.21326435e-03 -5.22773544e-03  3.62e-11 8.54e-14  9.16e-11     6s
  44  -5.21613045e-03 -5.21937299e-03  4.16e-11 6.30e-12  2.07e-11     6s
  45  -5.21614352e-03 -5.21908483e-03  4.07e-11 5.45e-12  1.88e-11     6s
  46  -5.21692714e-03 -5.21839611e-03  1.72e-10 3.41e-12  9.41e-12     7s
  47  -5.21734573e-03 -5.21822577e-03  1.91e-10 2.24e-12  5.65e-12     7s
  48  -5.21773293e-03 -5.21808915e-03  1.33e-10 1.48e-12  2.30e-12     7s
  49  -5.21786057e-03 -5.21807318e-03  7.63e-11 1.09e-12  1.38e-12     7s
  50  -5.21803842e-03 -5.21805665e-03  2.09e-11 3.39e-13  1.27e-13     7s
  51  -5.21805586e-03 -5.21805615e-03  5.74e-11 2.64e-14  2.78e-15     7s

Barrier solved model in 51 iterations and 6.86 seconds (3.19 work units)
Optimal objective -5.21805586e-03


Root crossover log...

   14236 DPushes remaining with DInf 1.0853584e-05                 7s
       0 DPushes remaining with DInf 2.3321042e-05                 7s

   13384 PPushes remaining with PInf 1.0328266e-02                 7s
       0 PPushes remaining with PInf 0.0000000e+00                 7s

  Push phase complete: Pinf 0.0000000e+00, Dinf 7.8981142e-03      7s


Root simplex log...

Iteration    Objective       Primal Inf.    Dual Inf.      Time
   22966   -5.2180558e-03   0.000000e+00   0.000000e+00      7s
   24054   -5.2180558e-03   0.000000e+00   0.000000e+00      8s
Crossover time: 1.10 seconds (0.90 work units)
   24054   -5.2180558e-03   0.000000e+00   0.000000e+00      8s

Root relaxation: objective -5.218056e-03, 24054 iterations, 4.79 seconds (3.08 work units)

    Nodes    |    Current Node    |     Objective Bounds      |     Work
 Expl Unexpl |  Obj  Depth IntInf | Incumbent    BestBd   Gap | It/Node Time

     0     0   -0.00522    0  468   -0.00239   -0.00522   118%     -    8s
H    0     0                      -0.0027037   -0.00522  93.0%     -    9s

Explored 1 nodes (24054 simplex iterations) in 9.78 seconds (4.90 work units)
Thread count was 1 (of 16 available processors)

Solution count 2: -0.00270369 -0.00239432 

Solve interrupted
Best objective -2.703689769681e-03, best bound -5.218055807758e-03, gap 92.9976%

User-callback calls 1763, time in user-callback 2.42 sec
