
Gurobi 13.0.2 (win64) logging started Mon Oct  5 10:19:04 2026

Set parameter LogFile to value "docs/v42_m1_dw_root_continuation_v2/logs/PRICE_0064_MESS04.log"
Gurobi Optimizer version 13.0.2 build v13.0.2rc1 (win64 - Windows 11+.0 (26200.2))

CPU model: 13th Gen Intel(R) Core(TM) i7-13620H, instruction set [SSE2|AVX|AVX2]
Thread count: 10 physical cores, 16 logical processors, using up to 1 threads

Non-default parameters:
TimeLimit  20
FeasibilityTol  1e-08
IntFeasTol  1e-08
MIPGap  0
MIPGapAbs  0
OptimalityTol  1e-08
Method  2
Crossover  2
DegenMoves  0
MIPFocus  3
NodeMethod  1
CutPasses  1
LogToConsole  0
Seed  20260929
Threads  1

Optimize a model with 51481 rows, 58841 columns and 314646 nonzeros (Min)
Model fingerprint: 0x107935b3
Model has 4175 linear objective coefficients and an objective constant of 0.00956017397276947
Variable types: 6799 continuous, 52042 integer (52042 binary)
Coefficient statistics:
  Matrix range     [2e-01, 4e+02]
  Objective range  [7e-14, 8e-06]
  Bounds range     [1e+00, 1e+03]
  RHS range        [1e+00, 8e+02]

Loaded user MIP start with objective -0.00267654

Presolve removed 8938 rows and 2 columns
Presolve time: 1.17s
Presolved: 42543 rows, 58839 columns, 292302 nonzeros
Variable types: 6797 continuous, 52042 integer (52042 binary)
Root relaxation presolve removed 2 rows and 2 columns
Root relaxation presolved: 42541 rows, 58837 columns, 292298 nonzeros

Root barrier log...

Ordering time: 0.09s

Barrier statistics:
 AA' NZ     : 5.993e+05
 Factor NZ  : 1.094e+06 (roughly 50 MB of memory)
 Factor Ops : 7.380e+07 (less than 1 second per iteration)
 Threads    : 1

                  Objective                Residual
Iter       Primal          Dual         Primal    Dual     Compl     Time
   0  -2.16117770e-03 -3.44574591e+04  1.81e+04 1.31e-04  3.80e+00     2s
   1  -4.26639041e-02 -2.87600242e+04  2.42e+03 4.12e-03  5.55e-01     2s
   2   7.31277503e-02 -1.10090897e+04  3.51e+02 1.80e-04  1.09e-01     3s
   3   2.63676161e-02 -3.04068922e+03  1.06e+02 2.90e-06  2.93e-02     3s
   4  -4.07891005e-02 -2.40198342e+03  4.86e+01 2.15e-15  2.01e-02     3s
   5  -6.41494682e-02 -1.87443224e+03  2.86e+01 2.31e-15  1.51e-02     3s
   6  -6.91634897e-02 -1.40733335e+03  2.18e+01 3.34e-15  1.17e-02     3s
   7  -6.99392418e-02 -1.28438782e+03  1.90e+01 5.58e-15  1.07e-02     3s
   8  -5.98753445e-02 -1.04267240e+03  1.61e+01 5.62e-15  9.02e-03     3s
   9  -2.52142711e-02 -5.25597437e+02  1.09e+01 4.30e-15  5.00e-03     3s
  10  -7.46176601e-03 -1.85625978e+02  5.92e+00 5.59e-15  2.31e-03     3s
  11   9.74784653e-03 -9.14448735e+01  1.22e+00 5.89e-15  8.14e-04     3s
  12   1.27801481e-02 -2.33133219e+01  3.06e-01 4.59e-15  1.84e-04     3s
  13   1.30206816e-02 -3.38262215e+00  4.42e-05 7.92e-15  2.15e-05     3s
  14   6.07031362e-03 -7.94053613e-01  4.53e-08 3.70e-15  5.07e-06     3s
  15   5.97546822e-03 -1.19637207e-01  3.63e-11 1.72e-15  7.96e-07     3s
  16   2.01067407e-03 -5.20498028e-02  1.60e-11 1.67e-15  3.42e-07     4s
  17   1.26236290e-03 -4.36847722e-02  1.29e-11 2.05e-15  2.85e-07     4s
  18  -6.15058590e-04 -3.12345887e-02  4.51e-11 2.12e-15  1.94e-07     4s
  19  -2.18055883e-03 -2.33664781e-02  2.76e-11 1.97e-15  1.34e-07     4s
  20  -2.31873365e-03 -2.14456576e-02  2.64e-11 2.55e-15  1.21e-07     4s
  21  -2.70330997e-03 -1.88507259e-02  1.23e-10 2.37e-15  1.02e-07     4s
  22  -2.86735135e-03 -1.78362111e-02  1.08e-10 2.98e-15  9.48e-08     4s
  23  -3.20913177e-03 -1.75270852e-02  8.56e-11 3.10e-15  9.07e-08     4s
  24  -3.40947190e-03 -1.43042334e-02  6.91e-11 2.45e-15  6.90e-08     4s
  25  -3.63738407e-03 -1.28815309e-02  5.68e-11 2.68e-15  5.86e-08     4s
  26  -3.89260829e-03 -1.22741774e-02  1.03e-10 3.03e-15  5.31e-08     4s
  27  -4.06564445e-03 -1.15796831e-02  7.98e-11 3.02e-15  4.76e-08     4s
  28  -4.26179146e-03 -1.08480175e-02  6.26e-11 2.90e-15  4.17e-08     4s
  29  -4.36932678e-03 -1.03492989e-02  4.66e-11 2.87e-15  3.79e-08     4s
  30  -4.58169108e-03 -8.88122277e-03  8.51e-11 2.57e-15  2.72e-08     4s
  31  -4.89958727e-03 -8.31880883e-03  6.92e-11 2.70e-15  2.17e-08     5s
  32  -4.98065328e-03 -7.07167319e-03  7.11e-11 2.27e-15  1.32e-08     5s
  33  -5.11690538e-03 -6.64471915e-03  3.74e-11 2.35e-15  9.68e-09     5s
  34  -5.16123475e-03 -6.41594058e-03  3.68e-11 2.41e-15  7.95e-09     5s
  35  -5.19577980e-03 -6.20505875e-03  5.35e-11 2.36e-15  6.39e-09     5s
  36  -5.24959505e-03 -5.93005940e-03  4.56e-11 2.07e-15  4.31e-09     5s
  37  -5.31567347e-03 -5.71337757e-03  8.80e-11 1.97e-15  2.52e-09     5s
  38  -5.38094029e-03 -5.62971904e-03  1.37e-10 2.02e-15  1.58e-09     5s
  39  -5.39267581e-03 -5.59739881e-03  9.15e-11 2.33e-15  1.30e-09     5s
  40  -5.41276167e-03 -5.58577529e-03  7.87e-11 2.31e-15  1.10e-09     5s
  41  -5.41773233e-03 -5.54805555e-03  7.50e-11 2.15e-15  8.26e-10     5s
  42  -5.42461102e-03 -5.51667265e-03  6.02e-11 2.08e-15  5.83e-10     5s
  43  -5.43415087e-03 -5.51200170e-03  9.39e-11 2.46e-15  4.93e-10     5s
  44  -5.43851257e-03 -5.48516285e-03  6.01e-11 6.20e-15  2.96e-10     5s
  45  -5.44270236e-03 -5.47981056e-03  1.20e-10 8.77e-15  2.35e-10     6s
  46  -5.44410800e-03 -5.47585218e-03  1.24e-10 3.36e-14  2.01e-10     6s
  47  -5.44628045e-03 -5.46718538e-03  1.32e-10 2.53e-13  1.32e-10     6s
  48  -5.44824568e-03 -5.46594092e-03  9.42e-11 2.69e-13  1.12e-10     6s
  49  -5.44910567e-03 -5.46099104e-03  1.66e-10 5.11e-13  7.54e-11     6s
  50  -5.45238351e-03 -5.45756149e-03  2.32e-10 1.59e-12  3.29e-11     6s
  51  -5.45316706e-03 -5.45624679e-03  1.73e-10 1.25e-12  1.96e-11     6s
  52  -5.45332322e-03 -5.45366836e-03  3.20e-10 4.01e-12  2.20e-12     6s
  53  -5.45343830e-03 -5.45344065e-03  5.32e-12 9.46e-13  1.97e-14     6s

Barrier solved model in 53 iterations and 6.04 seconds (3.32 work units)
Optimal objective -5.45343830e-03


Root crossover log...

   10858 DPushes remaining with DInf 4.1846402e-05                 6s
       0 DPushes remaining with DInf 1.1061881e-04                 6s

   21424 PPushes remaining with PInf 2.1044651e-03                 6s
       0 PPushes remaining with PInf 0.0000000e+00                 7s

  Push phase complete: Pinf 0.0000000e+00, Dinf 4.8648884e-02      7s


Root simplex log...

Iteration    Objective       Primal Inf.    Dual Inf.      Time
   29508   -5.4478289e-03   0.000000e+00   0.000000e+00      7s
   31143   -5.4533857e-03   0.000000e+00   0.000000e+00      7s
Crossover time: 1.10 seconds (0.93 work units)
   31143   -5.4533857e-03   0.000000e+00   0.000000e+00      7s

Root relaxation: objective -5.453386e-03, 31143 iterations, 5.33 seconds (3.27 work units)

    Nodes    |    Current Node    |     Objective Bounds      |     Work
 Expl Unexpl |  Obj  Depth IntInf | Incumbent    BestBd   Gap | It/Node Time

     0     0   -0.00545    0  479   -0.00268   -0.00545   104%     -    7s
H    0     0                      -0.0029420   -0.00545  85.4%     -    7s
H    0     0                      -0.0030107   -0.00545  81.1%     -    8s
H    0     0                      -0.0031932   -0.00545  70.8%     -    9s
H    0     0                      -0.0033100   -0.00545  64.8%     -   10s
H    0     0                      -0.0033372   -0.00545  63.4%     -   10s

Explored 1 nodes (31143 simplex iterations) in 10.89 seconds (5.50 work units)
Thread count was 1 (of 16 available processors)

Solution count 4: -0.00333722 -0.00319325 -0.00301067 -0.00267654 

Solve interrupted
Best objective -3.337223988283e-03, best bound -5.453385689013e-03, gap 63.4108%

User-callback calls 2028, time in user-callback 2.60 sec
