
Gurobi 13.0.2 (win64) logging started Mon Oct  5 12:23:14 2026

Set parameter LogFile to value "docs/v42_m1_dw_root_continuation_v2/logs/PRICE_0091_MESS03.log"
Gurobi Optimizer version 13.0.2 build v13.0.2rc1 (win64 - Windows 11+.0 (26200.2))

CPU model: 13th Gen Intel(R) Core(TM) i7-13620H, instruction set [SSE2|AVX|AVX2]
Thread count: 10 physical cores, 16 logical processors, using up to 1 threads

Non-default parameters:
TimeLimit  20
FeasibilityTol  1e-08
IntFeasTol  1e-08
MIPGap  0
MIPGapAbs  0
OptimalityTol  1e-08
Method  2
Crossover  2
DegenMoves  0
MIPFocus  3
NodeMethod  1
CutPasses  1
LogToConsole  0
Seed  20260929
Threads  1

Optimize a model with 51596 rows, 58976 columns and 315361 nonzeros (Min)
Model fingerprint: 0xa7826447
Model has 4539 linear objective coefficients and an objective constant of 9.7984754570529312e-03
Variable types: 6814 continuous, 52162 integer (52162 binary)
Coefficient statistics:
  Matrix range     [2e-01, 4e+02]
  Objective range  [2e-13, 7e-06]
  Bounds range     [1e+00, 1e+03]
  RHS range        [1e+00, 8e+02]

Loaded user MIP start with objective -0.00205766
MIP start from previous solve produced solution with objective -0.0032094 (0.55s)
MIP start from previous solve produced solution with objective -0.0032348 (0.79s)
Loaded MIP start from previous solve with objective -0.0032348
Processed MIP start in 1.07 seconds (0.04 work units)

Presolve removed 8958 rows and 2 columns
Presolve time: 0.67s
Presolved: 42638 rows, 58974 columns, 292967 nonzeros
Variable types: 6812 continuous, 52162 integer (52162 binary)
Root relaxation presolve removed 3 rows and 2 columns
Root relaxation presolved: 42635 rows, 58972 columns, 292915 nonzeros

Root barrier log...

Ordering time: 0.05s

Barrier statistics:
 AA' NZ     : 6.006e+05
 Factor NZ  : 1.080e+06 (roughly 50 MB of memory)
 Factor Ops : 6.927e+07 (less than 1 second per iteration)
 Threads    : 1

                  Objective                Residual
Iter       Primal          Dual         Primal    Dual     Compl     Time
   0   1.71278768e-02 -3.45219706e+04  1.80e+04 1.10e-04  3.80e+00     2s
   1  -3.98175920e-02 -2.93368456e+04  2.38e+03 2.53e-03  5.43e-01     2s
   2   7.95817806e-02 -8.95687082e+03  3.44e+02 9.85e-05  9.27e-02     2s
   3  -1.00061216e-02 -2.39589490e+03  7.54e+01 2.42e-15  2.20e-02     2s
   4  -5.34453805e-02 -1.90067678e+03  3.93e+01 2.15e-15  1.58e-02     2s
   5  -6.82414690e-02 -1.45974363e+03  2.45e+01 2.63e-15  1.20e-02     2s
   6  -7.08228068e-02 -1.16409945e+03  1.69e+01 3.79e-15  9.56e-03     2s
   7  -3.67776624e-02 -1.02381676e+03  1.25e+01 3.73e-15  8.25e-03     2s
   8   1.09085165e-02 -3.22678659e+02  3.22e+00 3.63e-15  2.54e-03     2s
   9   1.42508503e-02 -1.28553572e+02  3.78e-01 3.31e-15  8.70e-04     2s
  10   1.44699954e-02 -2.54589480e+01  3.38e-02 2.39e-15  1.63e-04     2s
  11   1.30461460e-02 -2.09837835e+00  6.66e-12 1.99e-15  1.34e-05     2s
  12   6.73074475e-03 -3.21639011e-01  3.77e-12 2.62e-16  2.08e-06     3s
  13   6.08379747e-03 -1.50152985e-01  1.53e-11 1.25e-16  9.88e-07     3s
  14   2.22446458e-03 -1.00935124e-01  7.75e-12 8.49e-17  6.52e-07     3s
  15   3.75622814e-04 -7.46647977e-02  5.05e-12 5.92e-17  4.74e-07     3s
  16  -1.28661505e-03 -5.49579793e-02  3.53e-12 4.19e-17  3.39e-07     3s
  17  -2.68170099e-03 -4.09237866e-02  1.43e-11 3.19e-17  2.42e-07     3s
  18  -3.23881330e-03 -3.39485545e-02  5.19e-12 2.57e-17  1.94e-07     3s
  19  -3.76824994e-03 -2.85537609e-02  8.73e-12 2.14e-17  1.57e-07     3s
  20  -4.23620284e-03 -2.25301655e-02  1.04e-11 1.43e-17  1.16e-07     3s
  21  -4.58920358e-03 -1.56303398e-02  1.63e-11 9.10e-18  6.98e-08     3s
  22  -4.76057979e-03 -1.42298427e-02  1.07e-11 1.47e-11  5.99e-08     3s
  23  -4.83786498e-03 -9.95832428e-03  1.03e-11 6.28e-18  3.24e-08     3s
  24  -4.93711070e-03 -8.61330560e-03  1.11e-11 5.26e-18  2.32e-08     3s
  25  -5.10490536e-03 -7.39621805e-03  2.35e-11 4.33e-18  1.45e-08     3s
  26  -5.18947300e-03 -6.67851606e-03  1.47e-11 3.95e-18  9.41e-09     3s
  27  -5.19242483e-03 -6.56701605e-03  1.38e-11 4.07e-18  8.69e-09     3s
  28  -5.26399200e-03 -6.13642324e-03  1.03e-11 3.16e-18  5.52e-09     3s
  29  -5.30576266e-03 -5.84568044e-03  1.09e-11 3.20e-18  3.41e-09     3s
  30  -5.32967331e-03 -5.74185468e-03  1.04e-11 2.88e-18  2.61e-09     3s
  31  -5.35912760e-03 -5.68582211e-03  1.78e-11 3.31e-18  2.07e-09     3s
  32  -5.37936774e-03 -5.62944711e-03  2.81e-11 3.99e-18  1.58e-09     3s
  33  -5.40642793e-03 -5.54969366e-03  2.80e-11 3.24e-18  9.06e-10     3s
  34  -5.41658337e-03 -5.53124423e-03  2.55e-11 3.40e-18  7.25e-10     3s
  35  -5.42085944e-03 -5.51169786e-03  2.87e-11 3.71e-18  5.74e-10     3s
  36  -5.42548370e-03 -5.50329731e-03  2.53e-11 3.40e-18  4.92e-10     3s
  37  -5.42838165e-03 -5.48458639e-03  2.23e-11 3.52e-18  3.55e-10     3s
  38  -5.43117158e-03 -5.46042522e-03  7.11e-11 3.00e-18  1.85e-10     3s
  39  -5.43563742e-03 -5.44770128e-03  4.04e-11 1.42e-14  7.63e-11     3s
  40  -5.43694211e-03 -5.43804288e-03  1.65e-10 1.62e-12  7.01e-12     3s
  41  -5.43760533e-03 -5.43764296e-03  6.71e-11 7.49e-13  2.68e-13     3s
  42  -5.43761542e-03 -5.43761541e-03  2.85e-13 9.26e-15  2.68e-16     3s

Barrier solved model in 42 iterations and 3.44 seconds (2.85 work units)
Optimal objective -5.43761542e-03

Crossover time: 0.36 seconds (0.41 work units)

Root relaxation: objective -5.437615e-03, 20412 iterations, 1.98 seconds (2.24 work units)

    Nodes    |    Current Node    |     Objective Bounds      |     Work
 Expl Unexpl |  Obj  Depth IntInf | Incumbent    BestBd   Gap | It/Node Time

     0     0   -0.00544    0  451   -0.00323   -0.00544  68.1%     -    3s
H    0     0                      -0.0036711   -0.00544  48.1%     -    4s

Explored 1 nodes (20412 simplex iterations) in 4.81 seconds (4.21 work units)
Thread count was 1 (of 16 available processors)

Solution count 2: -0.00367115 -0.0032348 

Solve interrupted
Best objective -3.671148100813e-03, best bound -5.437615427328e-03, gap 48.1176%

User-callback calls 1104, time in user-callback 1.34 sec
