
Gurobi 13.0.2 (win64) logging started Sun Oct  4 22:36:48 2026

Set parameter LogFile to value "docs/v42_m1_dw_root_continuation_v2/logs/PRICE_0054_MESS02.log"
Gurobi Optimizer version 13.0.2 build v13.0.2rc1 (win64 - Windows 11+.0 (26200.2))

CPU model: 13th Gen Intel(R) Core(TM) i7-13620H, instruction set [SSE2|AVX|AVX2]
Thread count: 10 physical cores, 16 logical processors, using up to 1 threads

Non-default parameters:
TimeLimit  20
FeasibilityTol  1e-08
IntFeasTol  1e-08
MIPGap  0
MIPGapAbs  0
OptimalityTol  1e-08
Method  2
Crossover  2
DegenMoves  0
MIPFocus  3
NodeMethod  1
CutPasses  1
LogToConsole  0
Seed  20260929
Threads  1

Optimize a model with 51527 rows, 58895 columns and 314932 nonzeros (Min)
Model fingerprint: 0x51511657
Model has 4105 linear objective coefficients and an objective constant of 0.00908161166320834
Variable types: 6805 continuous, 52090 integer (52090 binary)
Coefficient statistics:
  Matrix range     [2e-01, 4e+02]
  Objective range  [9e-14, 9e-06]
  Bounds range     [1e+00, 1e+03]
  RHS range        [1e+00, 8e+02]

Loaded user MIP start with objective -0.00389928

Presolve removed 8946 rows and 2 columns
Presolve time: 0.66s
Presolved: 42581 rows, 58893 columns, 292568 nonzeros
Variable types: 6803 continuous, 52090 integer (52090 binary)
Root relaxation presolve removed 1 rows and 1 columns
Root relaxation presolved: 42580 rows, 58892 columns, 292566 nonzeros

Root barrier log...

Ordering time: 0.05s

Barrier statistics:
 AA' NZ     : 5.996e+05
 Factor NZ  : 1.096e+06 (roughly 50 MB of memory)
 Factor Ops : 7.451e+07 (less than 1 second per iteration)
 Threads    : 1

                  Objective                Residual
Iter       Primal          Dual         Primal    Dual     Compl     Time
   0  -4.51173345e-03 -3.44919798e+04  1.80e+04 1.38e-04  3.80e+00     1s
   1  -3.65066109e-02 -2.94159368e+04  2.54e+03 3.23e-03  5.75e-01     1s
   2   7.12807856e-02 -1.16581554e+04  4.08e+02 2.75e-04  1.20e-01     1s
   3   2.12323086e-02 -2.59495029e+03  1.04e+02 1.23e-15  2.59e-02     1s
   4  -2.00903784e-02 -2.37258818e+03  6.64e+01 1.43e-15  2.12e-02     1s
   5  -5.64052527e-02 -2.01268212e+03  3.82e+01 1.68e-15  1.65e-02     2s
   6  -7.31683539e-02 -1.69252069e+03  2.43e+01 1.67e-15  1.34e-02     2s
   7  -7.74777527e-02 -1.38611634e+03  1.79e+01 1.73e-15  1.10e-02     2s
   8  -7.41015811e-02 -1.20634873e+03  1.39e+01 3.36e-15  9.67e-03     2s
   9  -6.71212756e-02 -1.15088822e+03  1.25e+01 3.85e-15  9.01e-03     2s
  10  -1.92521586e-03 -6.23025844e+02  6.47e+00 3.56e-15  4.92e-03     2s
  11   8.72767994e-03 -2.53095712e+02  2.22e+00 2.63e-15  2.01e-03     2s
  12   1.26192841e-02 -1.38906912e+02  5.05e-01 2.67e-15  9.65e-04     2s
  13   1.34527141e-02 -1.54019905e+01  4.45e-02 2.30e-15  1.01e-04     2s
  14   1.17776374e-02 -1.53074572e+00  1.10e-11 2.04e-15  9.77e-06     2s
  15   5.72767891e-03 -6.24896158e-01  5.78e-12 1.02e-15  3.99e-06     2s
  16   9.59240553e-03 -2.99910346e-01  7.43e-12 9.65e-16  1.96e-06     2s
  17   6.44627899e-03 -1.95904742e-01  1.33e-10 9.22e-16  1.28e-06     2s
  18   3.43112149e-03 -1.37229957e-01  5.84e-11 1.03e-15  8.91e-07     2s
  19   2.85546185e-04 -9.52220190e-02  2.09e-11 9.84e-16  6.05e-07     2s
  20  -2.47694013e-03 -4.29029464e-02  8.79e-12 9.21e-16  2.56e-07     2s
  21  -3.66920514e-03 -3.12721413e-02  1.59e-11 9.57e-16  1.75e-07     2s
  22  -3.89727158e-03 -2.91752132e-02  1.51e-11 1.15e-15  1.60e-07     2s
  23  -4.07285909e-03 -2.53066401e-02  1.27e-11 1.16e-15  1.34e-07     2s
  24  -4.58895069e-03 -2.07568027e-02  1.37e-11 1.30e-15  1.02e-07     2s
  25  -4.68202427e-03 -1.91075736e-02  1.84e-11 1.16e-15  9.13e-08     2s
  26  -4.89724001e-03 -1.74144554e-02  1.71e-11 1.29e-15  7.93e-08     2s
  27  -5.05001600e-03 -1.52547253e-02  1.09e-11 1.37e-15  6.46e-08     2s
  28  -5.11137958e-03 -1.21140275e-02  7.26e-12 1.17e-15  4.43e-08     2s
  29  -5.18437152e-03 -1.17985494e-02  9.29e-12 1.32e-15  4.19e-08     2s
  30  -5.35777866e-03 -1.05852815e-02  1.13e-11 1.40e-15  3.31e-08     2s
  31  -5.45946807e-03 -8.97470815e-03  3.05e-11 1.13e-15  2.23e-08     2s
  32  -5.59434525e-03 -8.01690723e-03  8.64e-11 1.09e-15  1.53e-08     2s
  33  -5.63016249e-03 -7.46470496e-03  6.89e-11 1.20e-15  1.16e-08     3s
  34  -5.70577972e-03 -7.10970458e-03  3.65e-11 1.08e-15  8.89e-09     3s
  35  -5.74400466e-03 -6.98639541e-03  1.94e-11 1.11e-15  7.87e-09     3s
  36  -5.78472760e-03 -6.46624547e-03  7.50e-11 1.01e-15  4.31e-09     3s
  37  -5.80434652e-03 -6.36222683e-03  7.38e-11 1.06e-15  3.53e-09     3s
  38  -5.81320169e-03 -6.25348260e-03  6.43e-11 1.11e-15  2.79e-09     3s
  39  -5.82483913e-03 -6.23792160e-03  4.71e-11 1.32e-15  2.62e-09     3s
  40  -5.86385294e-03 -6.19320721e-03  5.34e-11 1.44e-15  2.09e-09     3s
  41  -5.87851991e-03 -6.05944223e-03  2.29e-10 1.09e-15  1.15e-09     3s
  42  -5.89622903e-03 -6.00986045e-03  1.70e-10 9.80e-16  7.19e-10     3s
  43  -5.90493924e-03 -5.97840297e-03  1.14e-10 1.09e-15  4.65e-10     3s
  44  -5.90952976e-03 -5.96790302e-03  9.65e-11 1.06e-15  3.70e-10     3s
  45  -5.91136562e-03 -5.96453364e-03  7.96e-11 1.27e-15  3.37e-10     3s
  46  -5.91814365e-03 -5.94502156e-03  3.12e-10 2.37e-14  1.70e-10     3s
  47  -5.92086129e-03 -5.93995608e-03  2.57e-10 8.69e-13  1.21e-10     3s
  48  -5.92485487e-03 -5.93095354e-03  4.42e-11 1.64e-12  3.87e-11     3s
  49  -5.92556684e-03 -5.92576979e-03  1.78e-11 1.26e-12  1.33e-12     3s
  50  -5.92565249e-03 -5.92565420e-03  3.35e-13 1.53e-13  1.75e-14     3s

Barrier solved model in 50 iterations and 3.22 seconds (3.24 work units)
Optimal objective -5.92565249e-03

Crossover time: 0.51 seconds (0.70 work units)

Root relaxation: objective -5.925384e-03, 23201 iterations, 2.72 seconds (2.96 work units)

    Nodes    |    Current Node    |     Objective Bounds      |     Work
 Expl Unexpl |  Obj  Depth IntInf | Incumbent    BestBd   Gap | It/Node Time

     0     0   -0.00593    0  420   -0.00390   -0.00593  52.0%     -    3s
H    0     0                      -0.0039744   -0.00593  49.1%     -    4s
H    0     0                      -0.0039841   -0.00593  48.7%     -    4s
     0     0   -0.00589    0  381   -0.00398   -0.00589  47.9%     -    6s
     0     0   -0.00589    0  467   -0.00398   -0.00589  47.9%     -   14s
     0     0   -0.00589    0  166   -0.00398   -0.00589  47.9%     -   17s
     0     2   -0.00589    0  166   -0.00398   -0.00589  47.8%     -   19s
     1     4   -0.00577    1  228   -0.00398   -0.00589  47.8%   535   20s

Cutting planes:
  Gomory: 1
  Lift-and-project: 7
  MIR: 99
  Flow cover: 53
  BQP: 72

Explored 2 nodes (47512 simplex iterations) in 20.24 seconds (22.77 work units)
Thread count was 1 (of 16 available processors)

Solution count 2: -0.0039841 -0.00397439 

Time limit reached
Best objective -3.984098494844e-03, best bound -5.889384455825e-03, gap 47.8223%

User-callback calls 3943, time in user-callback 1.32 sec
Set parameter Threads to value 1
Set parameter Method to value 2
Set parameter NodeMethod to value 1
Set parameter Crossover to value 2
Set parameter DegenMoves to value 0
Set parameter CutPasses to value 1
Set parameter MIPFocus to value 3
Set parameter MIPGap to value 0
Set parameter MIPGapAbs to value 0
Set parameter FeasibilityTol to value 1e-08
Set parameter IntFeasTol to value 1e-08
Set parameter OptimalityTol to value 1e-08
Set parameter Seed to value 20260929
Set parameter TimeLimit to value 20
