
Gurobi 13.0.2 (win64) logging started Mon Oct  5 12:21:45 2026

Set parameter LogFile to value "docs/v42_m1_dw_root_continuation_v2/logs/PRICE_0088_MESS04.log"
Gurobi Optimizer version 13.0.2 build v13.0.2rc1 (win64 - Windows 11+.0 (26200.2))

CPU model: 13th Gen Intel(R) Core(TM) i7-13620H, instruction set [SSE2|AVX|AVX2]
Thread count: 10 physical cores, 16 logical processors, using up to 1 threads

Non-default parameters:
TimeLimit  120
FeasibilityTol  1e-08
IntFeasTol  1e-08
MIPGap  0
MIPGapAbs  0
OptimalityTol  1e-08
Method  2
Crossover  2
DegenMoves  0
MIPFocus  3
NodeMethod  1
CutPasses  1
LogToConsole  0
Seed  20260929
Threads  1

Optimize a model with 51481 rows, 58841 columns and 314646 nonzeros (Min)
Model fingerprint: 0x7ef45624
Model has 2738 linear objective coefficients and an objective constant of 1.0227339607197421e-02
Variable types: 6799 continuous, 52042 integer (52042 binary)
Coefficient statistics:
  Matrix range     [2e-01, 4e+02]
  Objective range  [2e-12, 8e-06]
  Bounds range     [1e+00, 1e+03]
  RHS range        [1e+00, 8e+02]

Loaded user MIP start with objective -9.36751e-17

Presolve removed 8938 rows and 2 columns
Presolve time: 1.26s
Presolved: 42543 rows, 58839 columns, 292302 nonzeros
Variable types: 6797 continuous, 52042 integer (52042 binary)
Root relaxation presolve removed 2 rows and 2 columns
Root relaxation presolved: 42541 rows, 58837 columns, 292298 nonzeros

Root barrier log...

Ordering time: 0.08s

Barrier statistics:
 AA' NZ     : 5.993e+05
 Factor NZ  : 1.094e+06 (roughly 50 MB of memory)
 Factor Ops : 7.380e+07 (less than 1 second per iteration)
 Threads    : 1

                  Objective                Residual
Iter       Primal          Dual         Primal    Dual     Compl     Time
   0   2.26211645e-02 -3.44574538e+04  1.81e+04 1.29e-04  3.80e+00     2s
   1  -3.91461747e-02 -2.87599563e+04  2.42e+03 4.12e-03  5.55e-01     2s
   2   7.47734719e-02 -1.10089993e+04  3.51e+02 1.80e-04  1.09e-01     2s
   3   2.71486846e-02 -3.03969431e+03  1.06e+02 2.89e-06  2.93e-02     2s
   4  -4.07567232e-02 -2.40167288e+03  4.85e+01 2.42e-15  2.01e-02     2s
   5  -6.43792748e-02 -1.87441786e+03  2.86e+01 2.72e-15  1.51e-02     2s
   6  -6.95099855e-02 -1.40862994e+03  2.17e+01 4.48e-15  1.17e-02     2s
   7  -7.03280876e-02 -1.28537967e+03  1.89e+01 5.49e-15  1.07e-02     2s
   8  -6.02044636e-02 -1.04401906e+03  1.61e+01 4.87e-15  9.03e-03     3s
   9  -2.56802555e-02 -5.27308817e+02  1.10e+01 6.21e-15  5.02e-03     3s
  10  -7.59742702e-03 -1.86776617e+02  6.00e+00 9.44e-15  2.34e-03     3s
  11   1.03343426e-02 -9.16610157e+01  1.24e+00 7.10e-15  8.19e-04     3s
  12   1.34183273e-02 -2.35844585e+01  3.11e-01 7.06e-15  1.87e-04     3s
  13   1.36262275e-02 -3.46958506e+00  4.85e-05 7.15e-15  2.21e-05     3s
  14   6.42026942e-03 -7.83125687e-01  5.14e-08 6.63e-15  5.00e-06     3s
  15   5.15198396e-03 -1.50226075e-01  1.04e-10 6.52e-15  9.84e-07     3s
  16   6.14243597e-04 -8.34557065e-02  3.38e-11 6.79e-15  5.33e-07     3s
  17  -2.07515212e-03 -6.53234199e-02  3.19e-11 7.85e-15  4.01e-07     3s
  18  -3.93224706e-03 -4.26744162e-02  3.12e-11 7.66e-15  2.45e-07     3s
  19  -5.31047922e-03 -3.68999703e-02  1.71e-11 8.27e-15  2.00e-07     3s
  20  -5.46518483e-03 -3.59495884e-02  1.57e-11 1.02e-14  1.93e-07     3s
  21  -5.87022458e-03 -3.10144494e-02  1.36e-11 1.07e-14  1.59e-07     3s
  22  -6.60600197e-03 -2.94192938e-02  9.29e-12 1.03e-14  1.45e-07     4s
  23  -7.07278749e-03 -2.38233505e-02  1.37e-11 9.59e-15  1.06e-07     4s
  24  -7.40165618e-03 -1.80966848e-02  4.84e-11 9.11e-15  6.78e-08     4s
  25  -7.58571230e-03 -1.66988930e-02  4.20e-11 9.08e-15  5.77e-08     4s
  26  -7.88472807e-03 -1.63777590e-02  3.25e-11 1.11e-14  5.38e-08     4s
  27  -8.04575515e-03 -1.43413864e-02  2.98e-11 1.02e-14  3.99e-08     4s
  28  -8.19880296e-03 -1.33901300e-02  4.37e-11 1.07e-14  3.29e-08     4s
  29  -8.38354295e-03 -1.29277612e-02  3.27e-11 1.07e-14  2.88e-08     4s
  30  -8.51595938e-03 -1.26282474e-02  3.53e-11 1.24e-14  2.61e-08     4s
  31  -8.61431468e-03 -1.15323645e-02  3.20e-11 9.53e-15  1.85e-08     4s
  32  -8.71102257e-03 -1.14326049e-02  3.23e-11 1.04e-14  1.72e-08     4s
  33  -8.71841043e-03 -1.11299443e-02  3.17e-11 1.09e-14  1.53e-08     4s
  34  -8.82520727e-03 -1.06200259e-02  5.77e-11 9.77e-15  1.14e-08     4s
  35  -8.92168796e-03 -1.04367122e-02  6.44e-11 1.14e-14  9.60e-09     4s
  36  -9.00616079e-03 -1.00326438e-02  4.01e-11 9.31e-15  6.50e-09     5s
  37  -9.10257111e-03 -9.87032655e-03  8.14e-11 9.01e-15  4.86e-09     5s
  38  -9.14461687e-03 -9.79320954e-03  1.04e-10 1.04e-14  4.11e-09     5s
  39  -9.27144389e-03 -9.56803207e-03  1.67e-10 7.80e-15  1.88e-09     5s
  40  -9.32050011e-03 -9.47433105e-03  8.34e-11 7.38e-15  9.74e-10     5s
  41  -9.35173989e-03 -9.45247322e-03  5.66e-11 7.69e-15  6.38e-10     5s
  42  -9.35978878e-03 -9.41895665e-03  4.56e-11 7.27e-15  3.75e-10     5s
  43  -9.37107763e-03 -9.39626414e-03  4.68e-11 1.96e-14  1.60e-10     5s
  44  -9.37820610e-03 -9.39059001e-03  4.62e-11 6.97e-13  7.84e-11     5s
  45  -9.38077069e-03 -9.38826895e-03  1.76e-10 1.83e-12  4.75e-11     5s
  46  -9.38149675e-03 -9.38469965e-03  8.94e-11 5.14e-12  2.03e-11     5s
  47  -9.38162736e-03 -9.38327412e-03  5.87e-11 7.78e-12  1.05e-11     5s
  48  -9.38183627e-03 -9.38240882e-03  2.91e-11 1.34e-11  3.77e-12     5s
  49  -9.38191545e-03 -9.38210733e-03  1.80e-11 1.08e-11  1.32e-12     5s
  50  -9.38193318e-03 -9.38194614e-03  3.38e-11 3.00e-12  1.07e-13     6s
  51  -9.38193393e-03 -9.38193393e-03  9.09e-13 5.65e-14  3.24e-16     6s

Barrier solved model in 51 iterations and 5.64 seconds (3.26 work units)
Optimal objective -9.38193393e-03


Root crossover log...

   16813 DPushes remaining with DInf 1.5554816e-06                 6s
       0 DPushes remaining with DInf 9.3713908e-08                 6s

   18147 PPushes remaining with PInf 4.0326302e-04                 6s
       0 PPushes remaining with PInf 0.0000000e+00                 7s

  Push phase complete: Pinf 0.0000000e+00, Dinf 4.0525160e-04      7s


Root simplex log...

Iteration    Objective       Primal Inf.    Dual Inf.      Time
   26609   -9.3819340e-03   0.000000e+00   0.000000e+00      7s
   26703   -9.3819340e-03   0.000000e+00   0.000000e+00      7s
Crossover time: 1.12 seconds (0.55 work units)
   26703   -9.3819340e-03   0.000000e+00   0.000000e+00      7s

Root relaxation: objective -9.381934e-03, 26703 iterations, 5.36 seconds (2.83 work units)

    Nodes    |    Current Node    |     Objective Bounds      |     Work
 Expl Unexpl |  Obj  Depth IntInf | Incumbent    BestBd   Gap | It/Node Time

     0     0   -0.00938    0  841   -0.00000   -0.00938      -     -    6s
H    0     0                      -0.0085074   -0.00938  10.3%     -    7s
H    0     0                      -0.0085771   -0.00938  9.38%     -    7s
     0     0   -0.00858    0  263   -0.00858   -0.00858  0.09%     -   12s
     0     0   -0.00858    0  392   -0.00858   -0.00858  0.09%     -   22s
     0     0   -0.00858    0   57   -0.00858   -0.00858  0.08%     -   26s
H    0     0                      -0.0085842   -0.00858  0.00%     -   26s
     0     0   -0.00858    0   57   -0.00858   -0.00858  0.00%     -   26s

Cutting planes:
  Implied bound: 1
  MIR: 42
  Flow cover: 2
  RLT: 7
  BQP: 67

Explored 1 nodes (52715 simplex iterations) in 26.84 seconds (15.69 work units)
Thread count was 1 (of 16 available processors)

Solution count 4: -0.00858421 -0.00857709 -0.00850744 -9.36751e-17 

Optimal solution found (tolerance 0.00e+00)
Best objective -8.584209257283e-03, best bound -8.584209257283e-03, gap 0.0000%

User-callback calls 3654, time in user-callback 0.54 sec
Set parameter Threads to value 1
Set parameter Method to value 2
Set parameter NodeMethod to value 1
Set parameter Crossover to value 2
Set parameter DegenMoves to value 0
Set parameter CutPasses to value 1
Set parameter MIPFocus to value 3
Set parameter MIPGap to value 0
Set parameter MIPGapAbs to value 0
Set parameter FeasibilityTol to value 1e-08
Set parameter IntFeasTol to value 1e-08
Set parameter OptimalityTol to value 1e-08
Set parameter Seed to value 20260929
Set parameter TimeLimit to value 20
