
Gurobi 13.0.2 (win64) logging started Mon Oct  5 12:08:36 2026

Set parameter LogFile to value "docs/v42_m1_dw_root_continuation_v2/logs/PRICE_0070_MESS02.log"
Gurobi Optimizer version 13.0.2 build v13.0.2rc1 (win64 - Windows 11+.0 (26200.2))

CPU model: 13th Gen Intel(R) Core(TM) i7-13620H, instruction set [SSE2|AVX|AVX2]
Thread count: 10 physical cores, 16 logical processors, using up to 1 threads

Non-default parameters:
TimeLimit  20
FeasibilityTol  1e-08
IntFeasTol  1e-08
MIPGap  0
MIPGapAbs  0
OptimalityTol  1e-08
Method  2
Crossover  2
DegenMoves  0
MIPFocus  3
NodeMethod  1
CutPasses  1
LogToConsole  0
Seed  20260929
Threads  1

Optimize a model with 51527 rows, 58895 columns and 314932 nonzeros (Min)
Model fingerprint: 0x831c1708
Model has 4323 linear objective coefficients and an objective constant of 9.4533678300005256e-03
Variable types: 6805 continuous, 52090 integer (52090 binary)
Coefficient statistics:
  Matrix range     [2e-01, 4e+02]
  Objective range  [3e-13, 8e-06]
  Bounds range     [1e+00, 1e+03]
  RHS range        [1e+00, 8e+02]

Loaded user MIP start with objective -0.0024146

Presolve removed 8946 rows and 2 columns
Presolve time: 0.66s
Presolved: 42581 rows, 58893 columns, 292568 nonzeros
Variable types: 6803 continuous, 52090 integer (52090 binary)
Root relaxation presolve removed 1 rows and 1 columns
Root relaxation presolved: 42580 rows, 58892 columns, 292566 nonzeros

Root barrier log...

Ordering time: 0.04s

Barrier statistics:
 AA' NZ     : 5.996e+05
 Factor NZ  : 1.096e+06 (roughly 50 MB of memory)
 Factor Ops : 7.451e+07 (less than 1 second per iteration)
 Threads    : 1

                  Objective                Residual
Iter       Primal          Dual         Primal    Dual     Compl     Time
   0   6.33951955e-03 -3.44919789e+04  1.80e+04 1.22e-04  3.80e+00     1s
   1  -3.46894906e-02 -2.94155667e+04  2.54e+03 3.23e-03  5.75e-01     1s
   2   7.22437539e-02 -1.16582106e+04  4.08e+02 2.75e-04  1.20e-01     1s
   3   2.18489805e-02 -2.59579364e+03  1.04e+02 1.16e-15  2.60e-02     1s
   4  -1.95892258e-02 -2.37311589e+03  6.64e+01 1.20e-15  2.12e-02     1s
   5  -4.17558304e-02 -2.15231078e+03  4.89e+01 1.39e-15  1.83e-02     1s
   6  -6.50235902e-02 -1.85086093e+03  3.12e+01 1.34e-15  1.49e-02     1s
   7  -7.58197943e-02 -1.60915481e+03  2.22e+01 5.98e-15  1.28e-02     2s
   8  -7.97680605e-02 -1.42190796e+03  1.74e+01 5.17e-15  1.13e-02     2s
   9  -7.77269917e-02 -1.24697500e+03  1.43e+01 5.86e-15  1.01e-02     2s
  10  -7.23220114e-02 -1.21535730e+03  1.30e+01 5.72e-15  9.57e-03     2s
  11  -1.59599449e-02 -1.02936386e+03  8.75e+00 5.14e-15  7.72e-03     2s
  12  -4.82431806e-03 -5.47252624e+02  5.52e+00 3.87e-15  4.27e-03     2s
  13   1.07859937e-02 -1.66784635e+02  1.40e+00 3.34e-15  1.30e-03     2s
  14   1.34538748e-02 -3.07663128e+01  2.63e-01 3.27e-15  2.28e-04     2s
  15   1.33416391e-02 -4.03996711e+00  2.50e-04 3.55e-15  2.57e-05     2s
  16   7.07215058e-03 -7.72323136e-01  1.01e-07 2.28e-15  4.93e-06     2s
  17   6.33218625e-03 -4.72254155e-01  2.81e-08 2.16e-15  3.03e-06     2s
  18   4.56407793e-03 -2.40654267e-01  1.22e-08 1.75e-15  1.55e-06     2s
  19   2.24336872e-03 -9.85554772e-02  2.86e-09 1.66e-15  6.38e-07     2s
  20   1.61144898e-03 -7.70843232e-02  2.27e-09 1.89e-15  4.98e-07     2s
  21  -1.03961466e-03 -5.72038103e-02  4.75e-10 2.19e-15  3.56e-07     2s
  22  -2.19773068e-03 -3.74513550e-02  2.60e-10 2.25e-15  2.23e-07     2s
  23  -2.88308880e-03 -3.14013259e-02  1.80e-10 1.92e-15  1.81e-07     2s
  24  -3.32803216e-03 -2.69212048e-02  1.43e-10 2.18e-15  1.49e-07     2s
  25  -3.85111778e-03 -2.33992222e-02  9.94e-11 2.43e-15  1.24e-07     2s
  26  -4.07111228e-03 -2.00077290e-02  8.21e-11 2.61e-15  1.01e-07     2s
  27  -4.50738458e-03 -1.66135113e-02  6.86e-11 2.33e-15  7.66e-08     2s
  28  -4.59723280e-03 -1.48143037e-02  6.01e-11 2.73e-15  6.47e-08     2s
  29  -4.69481265e-03 -1.25705774e-02  5.69e-11 2.54e-15  4.99e-08     2s
  30  -4.90830946e-03 -1.10066528e-02  3.47e-11 2.55e-15  3.86e-08     2s
  31  -5.01693207e-03 -9.51092726e-03  2.67e-11 2.60e-15  2.84e-08     2s
  32  -5.06960051e-03 -8.28667856e-03  2.29e-11 2.42e-15  2.04e-08     2s
  33  -5.18768822e-03 -7.73501873e-03  1.43e-11 2.39e-15  1.61e-08     2s
  34  -5.27369312e-03 -7.07189670e-03  1.34e-11 2.13e-15  1.14e-08     2s
  35  -5.31747891e-03 -6.81269048e-03  1.18e-11 2.19e-15  9.47e-09     2s
  36  -5.37258911e-03 -6.46216428e-03  1.91e-11 2.26e-15  6.90e-09     2s
  37  -5.43166581e-03 -6.20772124e-03  2.23e-11 2.19e-15  4.91e-09     2s
  38  -5.49085560e-03 -6.09576234e-03  5.48e-11 2.20e-15  3.83e-09     3s
  39  -5.51357125e-03 -5.93697184e-03  8.38e-11 2.19e-15  2.68e-09     3s
  40  -5.56351256e-03 -5.87051813e-03  1.11e-09 2.15e-15  1.94e-09     3s
  41  -5.60286391e-03 -5.83730583e-03  4.91e-10 2.37e-15  1.48e-09     3s
  42  -5.61236401e-03 -5.75985183e-03  4.30e-10 2.10e-15  9.34e-10     3s
  43  -5.62379862e-03 -5.74033239e-03  3.00e-10 2.08e-15  7.38e-10     3s
  44  -5.63579879e-03 -5.71979172e-03  1.37e-10 2.22e-15  5.32e-10     3s
  45  -5.64144739e-03 -5.67944235e-03  7.14e-11 3.56e-15  2.41e-10     3s
  46  -5.64692218e-03 -5.66591970e-03  3.62e-11 1.37e-14  1.20e-10     3s
  47  -5.64924196e-03 -5.65537816e-03  3.41e-11 4.95e-13  3.89e-11     3s
  48  -5.64996734e-03 -5.65424190e-03  3.66e-11 4.67e-13  2.71e-11     3s
  49  -5.65038046e-03 -5.65093036e-03  4.29e-10 2.66e-12  3.50e-12     3s
  50  -5.65064361e-03 -5.65065758e-03  1.06e-11 8.46e-13  9.65e-14     3s
  51  -5.65065100e-03 -5.65065094e-03  2.80e-13 2.30e-13  9.70e-17     3s

Barrier solved model in 51 iterations and 2.96 seconds (3.26 work units)
Optimal objective -5.65065100e-03

Crossover time: 0.37 seconds (0.42 work units)

Root relaxation: objective -5.650651e-03, 21572 iterations, 2.33 seconds (2.70 work units)

    Nodes    |    Current Node    |     Objective Bounds      |     Work
 Expl Unexpl |  Obj  Depth IntInf | Incumbent    BestBd   Gap | It/Node Time

     0     0   -0.00565    0  169   -0.00241   -0.00565   134%     -    3s
H    0     0                      -0.0025683   -0.00565   120%     -    3s
H    0     0                      -0.0025970   -0.00565   118%     -    3s
H    0     0                      -0.0026118   -0.00565   116%     -    4s
H    0     0                      -0.0028367   -0.00565  99.2%     -    4s

Explored 1 nodes (21572 simplex iterations) in 4.65 seconds (4.17 work units)
Thread count was 1 (of 16 available processors)

Solution count 4: -0.00283672 -0.00261182 -0.002597 -0.0024146 

Solve interrupted
Best objective -2.836720029398e-03, best bound -5.650651009645e-03, gap 99.1966%

User-callback calls 1037, time in user-callback 1.27 sec
