
Gurobi 13.0.2 (win64) logging started Sun Oct  4 22:38:03 2026

Set parameter LogFile to value "docs/v42_m1_dw_root_continuation_v2/logs/PRICE_0059_MESS03.log"
Gurobi Optimizer version 13.0.2 build v13.0.2rc1 (win64 - Windows 11+.0 (26200.2))

CPU model: 13th Gen Intel(R) Core(TM) i7-13620H, instruction set [SSE2|AVX|AVX2]
Thread count: 10 physical cores, 16 logical processors, using up to 1 threads

Non-default parameters:
TimeLimit  20
FeasibilityTol  1e-08
IntFeasTol  1e-08
MIPGap  0
MIPGapAbs  0
OptimalityTol  1e-08
Method  2
Crossover  2
DegenMoves  0
MIPFocus  3
NodeMethod  1
CutPasses  1
LogToConsole  0
Seed  20260929
Threads  1

Optimize a model with 51596 rows, 58976 columns and 315361 nonzeros (Min)
Model fingerprint: 0x360c2e1e
Model has 4103 linear objective coefficients and an objective constant of 0.00918979572957694
Variable types: 6814 continuous, 52162 integer (52162 binary)
Coefficient statistics:
  Matrix range     [2e-01, 4e+02]
  Objective range  [8e-14, 9e-06]
  Bounds range     [1e+00, 1e+03]
  RHS range        [1e+00, 8e+02]

Loaded user MIP start with objective -0.00384508
MIP start from previous solve did not produce a new incumbent solution

Presolve removed 8958 rows and 2 columns
Presolve time: 0.70s
Presolved: 42638 rows, 58974 columns, 292967 nonzeros
Variable types: 6812 continuous, 52162 integer (52162 binary)
Root relaxation presolve removed 3 rows and 2 columns
Root relaxation presolved: 42635 rows, 58972 columns, 292915 nonzeros

Root barrier log...

Ordering time: 0.05s

Barrier statistics:
 AA' NZ     : 6.006e+05
 Factor NZ  : 1.080e+06 (roughly 50 MB of memory)
 Factor Ops : 6.927e+07 (less than 1 second per iteration)
 Threads    : 1

                  Objective                Residual
Iter       Primal          Dual         Primal    Dual     Compl     Time
   0  -5.17236606e-03 -3.45219724e+04  1.80e+04 1.37e-04  3.80e+00     1s
   1  -4.32383986e-02 -2.93375106e+04  2.38e+03 2.53e-03  5.43e-01     2s
   2   7.80161865e-02 -8.95745978e+03  3.44e+02 9.85e-05  9.27e-02     2s
   3  -1.06904631e-02 -2.39607375e+03  7.54e+01 2.52e-15  2.20e-02     2s
   4  -5.38287444e-02 -1.90098209e+03  3.93e+01 2.12e-15  1.58e-02     2s
   5  -6.84760339e-02 -1.46014282e+03  2.45e+01 2.39e-15  1.20e-02     2s
   6  -7.09998720e-02 -1.16439620e+03  1.69e+01 3.16e-15  9.57e-03     2s
   7  -3.70969604e-02 -1.02403130e+03  1.25e+01 4.53e-15  8.25e-03     2s
   8   1.04522577e-02 -3.22767237e+02  3.22e+00 3.47e-15  2.54e-03     2s
   9   1.36474121e-02 -1.28741050e+02  3.78e-01 2.92e-15  8.71e-04     2s
  10   1.38739878e-02 -2.54798158e+01  3.41e-02 2.56e-15  1.63e-04     2s
  11   1.24711094e-02 -2.15733181e+00  7.37e-12 1.77e-15  1.37e-05     2s
  12   6.29556105e-03 -6.21192174e-01  6.85e-12 4.52e-16  3.97e-06     2s
  13   6.22151552e-03 -2.89414020e-01  5.71e-12 2.28e-16  1.87e-06     2s
  14   2.58909838e-03 -1.63710583e-01  8.95e-12 1.14e-16  1.05e-06     2s
  15   3.90128200e-05 -9.89843893e-02  4.86e-12 6.49e-17  6.26e-07     2s
  16  -2.34400601e-03 -6.34413350e-02  6.04e-12 4.02e-17  3.86e-07     2s
  17  -3.40840101e-03 -4.74934695e-02  6.66e-12 3.27e-17  2.79e-07     2s
  18  -3.77815088e-03 -3.91654106e-02  5.48e-12 2.44e-17  2.24e-07     2s
  19  -3.98321971e-03 -3.26993952e-02  5.02e-12 1.92e-17  1.82e-07     2s
  20  -4.55838875e-03 -2.59156310e-02  6.85e-12 1.48e-17  1.35e-07     2s
  21  -4.94925236e-03 -1.86768190e-02  1.31e-11 1.04e-17  8.68e-08     2s
  22  -5.02611406e-03 -1.63047049e-02  8.52e-12 8.80e-18  7.13e-08     2s
  23  -5.14261683e-03 -1.37976073e-02  7.82e-12 7.52e-18  5.47e-08     2s
  24  -5.19353917e-03 -1.03362981e-02  7.46e-12 4.90e-18  3.25e-08     2s
  25  -5.43780932e-03 -8.54048199e-03  1.42e-11 3.86e-18  1.96e-08     2s
  26  -5.49831804e-03 -7.76785233e-03  9.22e-12 3.75e-18  1.44e-08     2s
  27  -5.57495734e-03 -7.34132187e-03  1.28e-11 4.06e-18  1.12e-08     2s
  28  -5.61509172e-03 -7.24320881e-03  9.68e-12 5.43e-18  1.03e-08     2s
  29  -5.66248133e-03 -6.73046149e-03  1.23e-11 3.34e-18  6.75e-09     2s
  30  -5.70364561e-03 -6.48668817e-03  1.14e-11 3.59e-18  4.95e-09     2s
  31  -5.74559100e-03 -6.22770419e-03  2.02e-11 2.72e-18  3.05e-09     2s
  32  -5.77373076e-03 -6.11381296e-03  1.76e-11 2.82e-18  2.15e-09     3s
  33  -5.77695338e-03 -6.09423611e-03  1.91e-11 4.06e-18  2.01e-09     3s
  34  -5.78288397e-03 -6.02968859e-03  1.57e-11 3.02e-18  1.56e-09     3s
  35  -5.79715992e-03 -5.96138592e-03  1.72e-11 3.35e-18  1.04e-09     3s
  36  -5.81662679e-03 -5.92258165e-03  1.23e-11 3.06e-18  6.70e-10     3s
  37  -5.82140019e-03 -5.91527275e-03  1.35e-11 3.27e-18  5.94e-10     3s
  38  -5.83150755e-03 -5.89323553e-03  1.84e-11 1.55e-15  3.90e-10     3s
  39  -5.83705215e-03 -5.87165285e-03  8.03e-12 7.70e-14  2.19e-10     3s
  40  -5.84339271e-03 -5.86358729e-03  2.67e-11 2.55e-12  1.28e-10     3s
  41  -5.84510202e-03 -5.86111354e-03  2.03e-11 2.90e-12  1.01e-10     3s
  42  -5.84799328e-03 -5.85725362e-03  4.51e-11 3.55e-12  5.87e-11     3s
  43  -5.84923317e-03 -5.85027353e-03  1.92e-11 7.28e-12  6.66e-12     3s
  44  -5.84981395e-03 -5.84983783e-03  2.84e-12 3.17e-12  1.90e-13     3s
  45  -5.84982496e-03 -5.84982489e-03  7.72e-13 5.65e-14  2.63e-16     3s

Barrier solved model in 45 iterations and 2.98 seconds (2.96 work units)
Optimal objective -5.84982496e-03

Crossover time: 0.34 seconds (0.40 work units)

Root relaxation: objective -5.849825e-03, 18477 iterations, 2.18 seconds (2.34 work units)

    Nodes    |    Current Node    |     Objective Bounds      |     Work
 Expl Unexpl |  Obj  Depth IntInf | Incumbent    BestBd   Gap | It/Node Time

     0     0   -0.00585    0  181   -0.00385   -0.00585  52.1%     -    3s
H    0     0                      -0.0038485   -0.00585  52.0%     -    3s
H    0     0                      -0.0038934   -0.00585  50.2%     -    4s
     0     0   -0.00576    0  190   -0.00389   -0.00576  47.9%     -    6s
H    0     0                      -0.0043284   -0.00576  33.1%     -    7s
H    0     0                      -0.0045349   -0.00576  27.0%     -    7s

Cutting planes:
  Gomory: 2
  Lift-and-project: 2
  MIR: 14
  Mixing: 4
  Flow cover: 17

Explored 1 nodes (19365 simplex iterations) in 7.88 seconds (7.14 work units)
Thread count was 1 (of 16 available processors)

Solution count 4: -0.00453493 -0.00432843 -0.00389342 -0.00384847 

Solve interrupted
Best objective -4.534932045410e-03, best bound -5.759975840271e-03, gap 27.0135%

User-callback calls 1900, time in user-callback 1.40 sec
