
Gurobi 13.0.2 (win64) logging started Mon Oct  5 12:13:17 2026

Set parameter LogFile to value "docs/v42_m1_dw_root_continuation_v2/logs/RMP_0024.log"
Gurobi Optimizer version 13.0.2 build v13.0.2rc1 (win64 - Windows 11+.0 (26200.2))

CPU model: 13th Gen Intel(R) Core(TM) i7-13620H, instruction set [SSE2|AVX|AVX2]
Thread count: 10 physical cores, 16 logical processors, using up to 1 threads

Non-default parameters:
TimeLimit  300
FeasibilityTol  1e-08
IntFeasTol  1e-08
OptimalityTol  1e-08
Method  2
LPWarmStart  0
BarConvTol  1e-11
Crossover  1
PreDual  0
LogToConsole  0
Seed  20260929
Threads  1

Optimize a model with 679959 rows, 82757 columns and 7409377 nonzeros (Min)
Model fingerprint: 0x106b132b
Model has 1 linear objective coefficients
Coefficient statistics:
  Matrix range     [1e-13, 4e+02]
  Objective range  [1e+00, 1e+00]
  Bounds range     [1e+00, 1e+00]
  RHS range        [2e-24, 2e+03]
Warning: Model contains large matrix coefficient range
         Consider reformulating model or setting NumericFocus parameter
         to avoid numerical issues.

Presolve time: 2.90s
Presolved: 171508 rows, 57848 columns, 2450034 nonzeros

Ordering time: 2.45s

Barrier statistics:
 Dense cols : 3578
 AA' NZ     : 3.324e+06
 Factor NZ  : 1.109e+07 (roughly 200 MB of memory)
 Factor Ops : 1.482e+10 (roughly 1 second per iteration)
 Threads    : 1

                  Objective                Residual
Iter       Primal          Dual         Primal    Dual     Compl     Time
   0   7.91152324e+03 -2.65483747e+06  2.43e+08 0.00e+00  1.01e+05    11s
   1   7.91284302e+03 -2.81399021e+06  2.43e+08 5.98e+01  1.01e+05    12s
   2   7.91429361e+03 -2.86416073e+06  2.43e+08 8.14e+01  1.01e+05    13s
   3   7.91445606e+03 -2.90188913e+06  2.43e+08 1.29e+02  1.01e+05    14s
   4   7.91452200e+03 -2.90740708e+06  2.43e+08 3.10e+02  1.01e+05    15s
   5   7.91457752e+03 -2.91745610e+06  2.43e+08 3.11e+02  1.01e+05    16s
   6   7.91418736e+03 -2.95827145e+06  2.43e+08 3.11e+02  1.01e+05    18s
   7   7.91424381e+03 -2.95688939e+06  2.43e+08 3.55e+02  1.01e+05    19s
   8   7.91419561e+03 -2.96449222e+06  2.43e+08 3.46e+02  1.01e+05    20s
   9   7.91427353e+03 -2.96830580e+06  2.43e+08 3.54e+02  1.01e+05    21s
  10   7.91432646e+03 -2.96826213e+06  2.43e+08 3.53e+02  1.01e+05    22s
  11   7.91443552e+03 -2.97301941e+06  2.43e+08 3.60e+02  1.01e+05    23s
  12   7.91449051e+03 -2.90826706e+06  2.43e+08 3.60e+02  1.01e+05    24s
  13   7.91448209e+03 -2.90614842e+06  2.43e+08 3.86e+02  1.01e+05    25s
  14   7.91437063e+03 -2.90482265e+06  2.43e+08 3.74e+02  1.01e+05    27s
  15   7.91450525e+03 -2.91599772e+06  2.43e+08 4.05e+02  1.00e+05    28s
  16   7.91476843e+03 -2.91215872e+06  2.43e+08 4.08e+02  1.00e+05    29s
  17   7.91479135e+03 -2.91547214e+06  2.43e+08 4.11e+02  1.00e+05    30s
  18   7.91478808e+03 -2.91328085e+06  2.43e+08 4.44e+02  1.00e+05    31s
  19   7.91474119e+03 -2.91167827e+06  2.43e+08 4.61e+02  1.00e+05    32s
  20   7.91468237e+03 -2.90494442e+06  2.43e+08 4.59e+02  1.00e+05    33s
  21   7.91499637e+03 -2.93008534e+06  2.43e+08 4.73e+02  1.00e+05    35s

Barrier performed 21 iterations in 34.59 seconds (25.85 work units)
Numerical trouble encountered

Model may be infeasible or unbounded.  Consider using the
homogeneous algorithm (through parameter 'BarHomogeneous')

Iteration    Objective       Primal Inf.    Dual Inf.      Time
       0    1.0000000e+00   1.669003e+06   5.455949e+10     36s
   25761    1.0000000e+00   1.652247e+05   6.076190e+09     40s
   29048    1.0000000e+00   2.697932e+04   8.220547e+09     45s
   30806    1.0000000e+00   8.295877e+02   4.854620e+08     50s
   31636    1.0000000e+00   2.818231e+02   4.106817e+08     55s
   32516    1.0000000e+00   5.779504e+01   1.019175e+08     60s
   33576    1.0000000e+00   5.254134e+01   9.644354e+08     66s
   34436    5.9669376e-01   0.000000e+00   3.118784e+00     70s
   35226    5.7580120e-01   0.000000e+00   5.344618e-01     75s
Crossover changed status from Numeric to Optimal
   35919    5.7478570e-01   0.000000e+00   0.000000e+00     81s

Solved in 35919 iterations and 80.52 seconds (99.51 work units)
Optimal objective  5.747856984e-01

User-callback calls 38789, time in user-callback 4.26 sec
Discarded solution information including additional information
Set parameter Threads to value 1
Set parameter Method to value 2
Set parameter Crossover to value 1
Set parameter LPWarmStart to value 0
Set parameter PreDual to value 0
Set parameter BarConvTol to value 1e-11
Set parameter Seed to value 20260929
Set parameter FeasibilityTol to value 1e-08
Set parameter IntFeasTol to value 1e-08
Set parameter OptimalityTol to value 1e-08
Set parameter TimeLimit to value 300
