
Gurobi 13.0.2 (win64) logging started Sun Oct  4 22:37:20 2026

Set parameter LogFile to value "docs/v42_m1_dw_root_continuation_v2/logs/RMP_0015.log"
Gurobi Optimizer version 13.0.2 build v13.0.2rc1 (win64 - Windows 11+.0 (26200.2))

CPU model: 13th Gen Intel(R) Core(TM) i7-13620H, instruction set [SSE2|AVX|AVX2]
Thread count: 10 physical cores, 16 logical processors, using up to 1 threads

Non-default parameters:
TimeLimit  300
FeasibilityTol  1e-08
IntFeasTol  1e-08
OptimalityTol  1e-08
Method  2
LPWarmStart  0
BarConvTol  1e-11
Crossover  1
PreDual  0
LogToConsole  0
Seed  20260929
Threads  1

Optimize a model with 679959 rows, 82662 columns and 7371885 nonzeros (Min)
Model fingerprint: 0x95ca2511
Model has 1 linear objective coefficients
Coefficient statistics:
  Matrix range     [1e-13, 4e+02]
  Objective range  [1e+00, 1e+00]
  Bounds range     [1e+00, 1e+00]
  RHS range        [2e-24, 2e+03]
Warning: Model contains large matrix coefficient range
         Consider reformulating model or setting NumericFocus parameter
         to avoid numerical issues.

Presolve time: 1.98s
Presolved: 163911 rows, 55664 columns, 2314755 nonzeros

Ordering time: 1.24s

Barrier statistics:
 Dense cols : 3443
 AA' NZ     : 3.065e+06
 Factor NZ  : 9.078e+06 (roughly 160 MB of memory)
 Factor Ops : 9.337e+09 (less than 1 second per iteration)
 Threads    : 1

                  Objective                Residual
Iter       Primal          Dual         Primal    Dual     Compl     Time
   0   7.46767856e+03 -2.92028672e+06  2.04e+08 0.00e+00  9.49e+04     4s
   1   7.46837852e+03 -2.92753876e+06  2.04e+08 1.37e+02  9.49e+04     5s
   2   7.46834630e+03 -2.92540332e+06  2.04e+08 1.37e+02  9.49e+04     5s
   3   7.46834884e+03 -2.93565270e+06  2.04e+08 1.34e+02  9.49e+04     6s
   4   7.46834893e+03 -2.93655623e+06  2.04e+08 1.35e+02  9.49e+04     6s
   5   7.46833841e+03 -2.93813590e+06  2.04e+08 1.35e+02  9.49e+04     6s
   6   7.46833385e+03 -2.93878951e+06  2.04e+08 1.38e+02  9.49e+04     7s
   7   7.46826728e+03 -2.93614671e+06  2.04e+08 1.37e+02  9.49e+04     7s
   8   7.46826693e+03 -2.93477056e+06  2.04e+08 1.40e+02  9.49e+04     7s
   9   7.46823386e+03 -2.93522009e+06  2.04e+08 1.39e+02  9.49e+04     8s
  10   7.46806094e+03 -2.96060213e+06  2.04e+08 1.38e+02  9.49e+04     8s
  11   7.46810805e+03 -2.96060213e+06  2.04e+08 1.38e+02  9.49e+04     8s
  12   7.46809653e+03 -2.95099408e+06  2.04e+08 1.48e+02  9.46e+04     9s
  13   7.46811742e+03 -2.95245982e+06  2.04e+08 1.51e+02  9.44e+04     9s
  14   7.46823479e+03 -2.95142109e+06  2.04e+08 1.74e+02  9.42e+04    10s
  15   7.46828886e+03 -2.95476191e+06  2.04e+08 1.64e+02  9.40e+04    10s
  16   7.46837601e+03 -2.96908289e+06  2.04e+08 1.63e+02  9.40e+04    10s
  17   7.46836735e+03 -2.99872601e+06  2.04e+08 1.65e+02  9.40e+04    11s
  18   7.46837744e+03 -3.00548748e+06  2.04e+08 1.65e+02  9.39e+04    11s
  19   7.46798861e+03 -3.00504072e+06  2.04e+08 1.81e+02  9.39e+04    11s
  20   7.46795888e+03 -3.00742214e+06  2.04e+08 1.80e+02  9.38e+04    12s
  21   7.46795053e+03 -3.02408542e+06  2.04e+08 1.78e+02  9.38e+04    12s

Barrier performed 21 iterations in 12.18 seconds (21.03 work units)
Numerical trouble encountered

Model may be infeasible or unbounded.  Consider using the
homogeneous algorithm (through parameter 'BarHomogeneous')

Iteration    Objective       Primal Inf.    Dual Inf.      Time
       0    1.0000000e+00   1.710197e+06   5.015161e+10     13s
   24631    1.0000000e+00   1.759389e+05   2.764834e+10     15s
   29479    1.0000000e+00   1.382537e+03   6.971908e+08     20s
   31219    1.0000000e+00   1.974294e+02   1.301676e+07     26s
   32729    1.0000000e+00   6.050876e+01   9.624896e+10     30s
   34389    5.7680873e-01   0.000000e+00   1.028787e-02     35s
Crossover changed status from Numeric to Optimal

Extra simplex iterations after uncrush: 1
   34549    5.7675023e-01   0.000000e+00   0.000000e+00     37s

Solved in 34549 iterations and 36.74 seconds (90.26 work units)
Optimal objective  5.767502323e-01

User-callback calls 36398, time in user-callback 2.10 sec
Discarded solution information including additional information
Set parameter Threads to value 1
Set parameter Method to value 2
Set parameter Crossover to value 1
Set parameter LPWarmStart to value 0
Set parameter PreDual to value 0
Set parameter BarConvTol to value 1e-11
Set parameter Seed to value 20260929
Set parameter FeasibilityTol to value 1e-08
Set parameter IntFeasTol to value 1e-08
Set parameter OptimalityTol to value 1e-08
Set parameter TimeLimit to value 300
