
Gurobi 13.0.2 (win64) logging started Mon Oct  5 12:23:32 2026

Set parameter LogFile to value "docs/v42_m1_dw_root_continuation_v2/logs/RMP_0026.log"
Gurobi Optimizer version 13.0.2 build v13.0.2rc1 (win64 - Windows 11+.0 (26200.2))

CPU model: 13th Gen Intel(R) Core(TM) i7-13620H, instruction set [SSE2|AVX|AVX2]
Thread count: 10 physical cores, 16 logical processors, using up to 1 threads

Non-default parameters:
TimeLimit  300
FeasibilityTol  1e-08
IntFeasTol  1e-08
OptimalityTol  1e-08
Method  2
LPWarmStart  0
BarConvTol  1e-11
Crossover  1
PreDual  0
LogToConsole  0
Seed  20260929
Threads  1

Optimize a model with 679959 rows, 82789 columns and 7417149 nonzeros (Min)
Model fingerprint: 0xeb212a8a
Model has 1 linear objective coefficients
Coefficient statistics:
  Matrix range     [1e-13, 4e+02]
  Objective range  [1e+00, 1e+00]
  Bounds range     [1e+00, 1e+00]
  RHS range        [2e-24, 2e+03]
Warning: Model contains large matrix coefficient range
         Consider reformulating model or setting NumericFocus parameter
         to avoid numerical issues.

Presolve time: 1.90s
Presolved: 173800 rows, 58412 columns, 2485221 nonzeros

Ordering time: 1.28s

Barrier statistics:
 Dense cols : 3616
 AA' NZ     : 3.384e+06
 Factor NZ  : 1.152e+07 (roughly 200 MB of memory)
 Factor Ops : 1.604e+10 (less than 1 second per iteration)
 Threads    : 1

                  Objective                Residual
Iter       Primal          Dual         Primal    Dual     Compl     Time
   0   7.91496395e+03 -2.61618928e+06  2.51e+08 0.00e+00  1.01e+05     5s
   1   7.91536211e+03 -2.68405205e+06  2.51e+08 9.12e+01  1.01e+05     6s
   2   7.91562333e+03 -2.72175927e+06  2.51e+08 1.21e+02  1.01e+05     6s
   3   7.91566568e+03 -2.75037827e+06  2.51e+08 1.32e+02  1.01e+05     7s
   4   7.91612091e+03 -2.82133983e+06  2.51e+08 1.35e+02  1.01e+05     7s
   5   7.91713606e+03 -2.82610116e+06  2.51e+08 1.35e+02  1.01e+05     8s
   6   7.91737183e+03 -2.82560833e+06  2.51e+08 1.49e+02  1.01e+05     8s
   7   7.91748687e+03 -2.85313949e+06  2.51e+08 1.99e+02  1.01e+05     9s
   8   7.91663628e+03 -2.87778952e+06  2.51e+08 2.02e+02  1.01e+05     9s
   9   7.91698139e+03 -2.89081063e+06  2.51e+08 2.01e+02  1.01e+05    10s
  10   7.91750178e+03 -2.90698697e+06  2.51e+08 2.04e+02  1.01e+05    10s
  11   7.91775380e+03 -2.92900069e+06  2.51e+08 2.00e+02  1.01e+05    11s
  12   7.91793049e+03 -2.87687920e+06  2.51e+08 1.79e+02  1.01e+05    11s
  13   7.91793476e+03 -2.87392351e+06  2.51e+08 1.68e+02  1.00e+05    12s
  14   7.91774267e+03 -2.87393255e+06  2.51e+08 1.74e+02  1.00e+05    12s
  15   7.91796179e+03 -2.89422881e+06  2.51e+08 1.66e+02  1.00e+05    13s
  16   7.91795827e+03 -2.89411815e+06  2.51e+08 1.62e+02  1.00e+05    13s
  17   7.91792038e+03 -2.89208014e+06  2.51e+08 1.73e+02  1.00e+05    15s
  18   7.91795762e+03 -2.89860257e+06  2.51e+08 1.79e+02  1.00e+05    16s
  19   7.91795316e+03 -2.89497503e+06  2.51e+08 2.49e+02  1.00e+05    17s
  20   7.91799268e+03 -2.90137794e+06  2.51e+08 2.48e+02  1.00e+05    18s
  21   7.91811375e+03 -2.90684336e+06  2.51e+08 2.48e+02  1.00e+05    20s

Barrier performed 21 iterations in 19.58 seconds (27.00 work units)
Numerical trouble encountered

Model may be infeasible or unbounded.  Consider using the
homogeneous algorithm (through parameter 'BarHomogeneous')

Iteration    Objective       Primal Inf.    Dual Inf.      Time
       0    1.0000000e+00   1.676812e+06   5.568784e+10     21s
   25974    1.0000000e+00   1.403667e+05   2.096860e+10     25s
   30221    1.0000000e+00   1.129997e+04   5.676152e+09     31s
   31193    1.0000000e+00   8.362635e+02   3.774363e+08     35s
   32013    1.0000000e+00   9.909402e+01   2.851096e+08     40s
   32843    6.1789922e-01   0.000000e+00   1.970929e+00     45s
   33653    5.7508075e-01   0.000000e+00   3.253109e-01     50s
Crossover changed status from Numeric to Optimal
   34244    5.7452648e-01   0.000000e+00   9.989756e-08     55s

Extra simplex iterations after uncrush: 1
   34245    5.7452648e-01   0.000000e+00   0.000000e+00     55s

Solved in 34245 iterations and 55.39 seconds (82.67 work units)
Optimal objective  5.745264783e-01

User-callback calls 36320, time in user-callback 3.72 sec
Discarded solution information including additional information
Set parameter Threads to value 1
Set parameter Method to value 2
Set parameter Crossover to value 1
Set parameter LPWarmStart to value 0
Set parameter PreDual to value 0
Set parameter BarConvTol to value 1e-11
Set parameter Seed to value 20260929
Set parameter FeasibilityTol to value 1e-08
Set parameter IntFeasTol to value 1e-08
Set parameter OptimalityTol to value 1e-08
Set parameter TimeLimit to value 300
