
Gurobi 13.0.2 (win64) logging started Sun Oct  4 22:52:21 2026

Set parameter LogFile to value "docs/v42_m1_dw_root_continuation_v2/logs/RMP_0017.log"
Gurobi Optimizer version 13.0.2 build v13.0.2rc1 (win64 - Windows 11+.0 (26200.2))

CPU model: 13th Gen Intel(R) Core(TM) i7-13620H, instruction set [SSE2|AVX|AVX2]
Thread count: 10 physical cores, 16 logical processors, using up to 1 threads

Non-default parameters:
TimeLimit  300
FeasibilityTol  1e-08
IntFeasTol  1e-08
OptimalityTol  1e-08
Method  2
LPWarmStart  0
BarConvTol  1e-11
Crossover  1
PreDual  0
LogToConsole  0
Seed  20260929
Threads  1

Optimize a model with 679959 rows, 82678 columns and 7378273 nonzeros (Min)
Model fingerprint: 0x2f0049e4
Model has 1 linear objective coefficients
Coefficient statistics:
  Matrix range     [1e-13, 4e+02]
  Objective range  [1e+00, 1e+00]
  Bounds range     [1e+00, 1e+00]
  RHS range        [2e-24, 2e+03]
Warning: Model contains large matrix coefficient range
         Consider reformulating model or setting NumericFocus parameter
         to avoid numerical issues.

Presolve time: 2.09s
Presolved: 166927 rows, 56526 columns, 2352428 nonzeros

Ordering time: 1.19s

Barrier statistics:
 Dense cols : 3475
 AA' NZ     : 3.129e+06
 Factor NZ  : 9.567e+06 (roughly 170 MB of memory)
 Factor Ops : 1.059e+10 (less than 1 second per iteration)
 Threads    : 1

                  Objective                Residual
Iter       Primal          Dual         Primal    Dual     Compl     Time
   0   7.47271545e+03 -2.92608989e+06  2.06e+08 0.00e+00  9.50e+04     5s
   1   7.47271545e+03 -2.92608989e+06  2.06e+08 0.00e+00  9.50e+04     5s
   2   7.47271545e+03 -2.92609039e+10  2.06e+08 0.00e+00  9.50e+08     6s
   3   1.02329590e+04 -4.59002168e+10  1.42e+08 1.25e+05  6.62e+08     6s
   4   4.58297934e+03 -5.09825581e+10  6.81e+07 4.80e+04  7.19e+08     7s
   5   2.01698689e+03 -5.18212419e+10  2.99e+07 3.87e+04  3.22e+08     7s
   6   4.93119604e+02 -3.60022530e+10  7.30e+06 2.97e+04  8.19e+07     8s
   7   7.80252147e+01 -1.56728440e+10  1.14e+06 1.06e+04  1.36e+07     8s
   8   1.95835099e+01 -9.19445397e+09  2.76e+05 1.90e+04  3.51e+06     9s
   9   6.11764426e+00 -5.24417635e+09  7.62e+04 9.87e+03  1.05e+06     9s
  10   3.38149633e+00 -3.29392881e+09  3.57e+04 5.45e+03  4.95e+05    10s
  11   2.33901804e+00 -2.07431860e+09  2.03e+04 3.17e+03  2.62e+05    10s
  12   1.58584709e+00 -1.39552774e+09  9.16e+03 1.23e+03  1.20e+05    11s
  13   1.49451979e+00 -1.25379545e+09  7.82e+03 2.00e+04  1.01e+05    11s
  14   1.20528032e+00 -7.61786488e+08  3.56e+03 6.72e+03  4.65e+04    12s
  15   1.12585755e+00 -4.14021484e+08  2.38e+03 1.17e+04  2.31e+04    12s
  16   1.12423707e+00 -4.11567391e+08  2.36e+03 7.84e+03  2.29e+04    13s
  17   1.12415265e+00 -4.11317976e+08  2.36e+03 4.79e+04  2.28e+04    13s

Barrier performed 17 iterations in 13.10 seconds (22.06 work units)
Optimization interrupted


Stopped in 0 iterations and 13.11 seconds (23.91 work units)
Solve interrupted

User-callback calls 1486, time in user-callback 0.12 sec
