
Gurobi 13.0.2 (win64) logging started Thu Oct  8 17:46:26 2026

Set parameter LogFile to value "D:\v42_may12_p1_exact_rescue_20261008\docs\v42_may12_p1_exact_rescue_20261008\P1\S1\PRICE\B\86f542f7e303\NATIVE_SOLVER.log"
Set parameter TimeLimit to value 60
Gurobi Optimizer version 13.0.2 build v13.0.2rc1 (win64 - Windows 11+.0 (26200.2))

CPU model: 13th Gen Intel(R) Core(TM) i7-13620H, instruction set [SSE2|AVX|AVX2]
Thread count: 10 physical cores, 16 logical processors, using up to 1 threads

Non-default parameters:
TimeLimit  60
MIPGap  0.005
Method  2
MIPFocus  3
NodeMethod  1
LogToConsole  0
Seed  20260929
Threads  1

Optimize a model with 1 rows, 1596 columns and 1596 nonzeros (Min)
Model fingerprint: 0x64388d22
Model has 3 linear objective coefficients
Coefficient statistics:
  Matrix range     [1e+00, 1e+00]
  Objective range  [1e-04, 1e-04]
  Bounds range     [4e+01, 4e+01]
  RHS range        [4e+01, 4e+01]

Presolve removed 1 rows and 1596 columns
Presolve time: 0.00s
Presolve: All rows and columns removed
Iteration    Objective       Primal Inf.    Dual Inf.      Time
       0    0.0000000e+00   0.000000e+00   0.000000e+00      0s

Solved in 0 iterations and 0.00 seconds (0.00 work units)
Optimal objective  0.000000000e+00

User-callback calls 41, time in user-callback 0.00 sec
