Set parameter Username
Set parameter LicenseID to value 2845475
Academic license - for non-commercial use only - expires 2027-07-18
Set parameter LogToConsole to value 0
Set parameter LogToConsole to value 0
Set parameter LogToConsole to value 0
Set parameter LogToConsole to value 0
Set parameter LogToConsole to value 0
Set parameter LogToConsole to value 0
Set parameter LogToConsole to value 0
Set parameter LogToConsole to value 0
Set parameter OutputFlag to value 1
Set parameter LogToConsole to value 0
ARC_CERT_DONE {'ARC_LP_CERTIFIED': True, 'native_optimum': 0.5687116104747505, 'L_arc_cert': 0.5687115725336208, 'primal_dual_gap': 3.794112968247276e-08, 'scope': 'Actual frozen FULL original ARC LP: all integrality relaxed, original rows/bounds/objective preserved.', 'second_LP': False, 'arc_budget_spent': 319.57463929994265, 'CG_budget': 900, 'CG_budget_granted_only_after_certificate': True, 'legacy_used_as_authority': False}
Set parameter OutputFlag to value 1
Set parameter LogToConsole to value 0
Set parameter Username
Set parameter LicenseID to value 2845475
Academic license - for non-commercial use only - expires 2027-07-18
Set parameter OutputFlag to value 1
Set parameter LogToConsole to value 0
Set parameter Username
Set parameter LicenseID to value 2845475
Academic license - for non-commercial use only - expires 2027-07-18
Set parameter OutputFlag to value 1
Set parameter LogToConsole to value 0
Set parameter Username
Set parameter LicenseID to value 2845475
Academic license - for non-commercial use only - expires 2027-07-18
Set parameter OutputFlag to value 1
Set parameter LogToConsole to value 0
Set parameter Username
Set parameter LicenseID to value 2845475
Academic license - for non-commercial use only - expires 2027-07-18
Set parameter OutputFlag to value 1
Set parameter LogToConsole to value 0
THRESHOLD_RMP 1 0.5836817975103938 38.3154205000028 INCONCLUSIVE
THRESHOLD_RMP 2 0.5830434913137131 95.63289479998639 INCONCLUSIVE
THRESHOLD_DISCOVERY 1 16 0.5830434913137131 95.63289479998639 None
THRESHOLD_RMP 3 0.5824010164877231 155.0056604000274 INCONCLUSIVE
THRESHOLD_DISCOVERY 2 16 0.5824010164877231 155.0056604000274 None
THRESHOLD_RMP 4 0.582032600300936 201.89357020007446 INCONCLUSIVE
THRESHOLD_DISCOVERY 3 15 0.582032600300936 201.89357020007446 None
THRESHOLD_RMP 5 0.5815672190514366 275.0942814000882 INCONCLUSIVE
THRESHOLD_DISCOVERY 4 14 0.5815672190514366 275.0942814000882 None
THRESHOLD_RMP 6 0.5813101038234358 340.02297530008946 INCONCLUSIVE
THRESHOLD_DISCOVERY 5 16 0.5813101038234358 340.02297530008946 None
THRESHOLD_RMP 7 0.5812261378620154 400.5135863001342 INCONCLUSIVE
THRESHOLD_DISCOVERY 6 9 0.5812261378620154 400.5135863001342 THREE_ROUND_IMPROVEMENT_BELOW_0_001
THRESHOLD_CG_DONE INCONCLUSIVE 0.5687115725336208 0.5812261378620154 86 490.5406550001353
