
Gurobi 13.0.2 (win64) logging started Wed Oct  7 16:22:49 2026

Set parameter LogFile to value "C:\v42_b1_may19_prescreening_rescue_20261007\S_C\LP_NATIVE.log"
Gurobi Optimizer version 13.0.2 build v13.0.2rc1 (win64 - Windows 11+.0 (26200.2))

CPU model: 13th Gen Intel(R) Core(TM) i7-13620H, instruction set [SSE2|AVX|AVX2]
Thread count: 10 physical cores, 16 logical processors, using up to 1 threads

Non-default parameters:
TimeLimit  600
MIPGap  0.005
Method  2
Crossover  0
LogToConsole  0
Seed  20260929
Threads  1

Optimize a model with 3028428 rows, 2685365 columns and 18259571 nonzeros (Min)
Model fingerprint: 0x761201c3
Model has 0 linear objective coefficients
Coefficient statistics:
  Matrix range     [1e-13, 5e+06]
  Objective range  [0e+00, 0e+00]
  Bounds range     [5e-02, 1e+06]
  RHS range        [1e-07, 5e+06]
Warning: Model contains large matrix coefficient range
         Consider reformulating model or setting NumericFocus parameter
         to avoid numerical issues.

Presolve removed 287586 rows and 162131 columns (presolve time = 5s)...
Presolve removed 371083 rows and 162301 columns
Presolve time: 9.83s
Presolved: 2657345 rows, 2525275 columns, 12262818 nonzeros
Elapsed ordering time = 5s
Elapsed ordering time = 9s
Elapsed ordering time = 10s
Elapsed ordering time = 15s
Elapsed ordering time = 20s
Ordering time: 20.71s

Barrier statistics:
 AA' NZ     : 1.300e+07
 Factor NZ  : 1.937e+08 (roughly 2.0 GB of memory)
 Factor Ops : 3.174e+11 (roughly 18 seconds per iteration)
 Threads    : 1

                  Objective                Residual
Iter       Primal          Dual         Primal    Dual     Compl     Time
   0   0.00000000e+00 -1.41318428e+06  2.39e+07 0.00e+00  2.11e+03    37s
   1   0.00000000e+00 -1.60533204e+06  1.05e+07 1.75e-02  9.45e+02    49s
   2   0.00000000e+00 -1.68744407e+06  9.89e+05 1.69e-14  9.67e+01    69s
   3   0.00000000e+00 -1.25463022e+06  1.29e+05 2.09e-14  1.33e+01    89s
   4   0.00000000e+00 -6.10790140e+05  3.08e+04 4.70e-14  3.38e+00   110s
   5   0.00000000e+00 -3.05230697e+05  8.51e+03 6.34e-14  1.02e+00   130s
   6   0.00000000e+00 -2.29869810e+05  5.56e+03 5.04e-14  6.73e-01   150s
   7   0.00000000e+00 -1.37153075e+05  3.29e+03 5.22e-14  3.81e-01   170s
   8   0.00000000e+00 -8.05166268e+04  1.26e+03 4.73e-14  1.68e-01   191s
   9   0.00000000e+00 -4.31400440e+04  6.47e+02 5.83e-14  8.49e-02   214s
  10   0.00000000e+00 -2.48480209e+04  3.91e+02 4.62e-14  4.94e-02   235s
  11   0.00000000e+00 -1.30427813e+04  2.15e+02 3.53e-14  2.65e-02   257s
  12   0.00000000e+00 -6.87377995e+03  1.28e+02 2.46e-14  1.47e-02   281s
  13   0.00000000e+00 -4.74877784e+03  8.50e+01 2.17e-14  9.77e-03   301s
  14   0.00000000e+00 -2.42239045e+03  4.88e+01 1.02e-14  5.15e-03   322s
  15   0.00000000e+00 -1.07440518e+03  2.74e+01 6.81e-15  2.51e-03   347s
  16   0.00000000e+00 -8.53846856e+02  2.09e+01 5.10e-15  1.91e-03   367s
  17   0.00000000e+00 -5.24684052e+02  1.21e+01 1.21e-09  1.11e-03   390s
  18   0.00000000e+00 -4.60474398e+02  8.69e+00 1.05e-09  8.75e-04   410s
  19   0.00000000e+00 -3.45995694e+02  6.64e+00 9.48e-10  6.73e-04   430s
  20   0.00000000e+00 -2.82281310e+02  5.54e+00 9.44e-10  5.84e-04   452s
  21   0.00000000e+00 -2.21534308e+02  4.88e+00 9.31e-10  5.20e-04   473s
  22   0.00000000e+00 -1.53314431e+02  4.21e+00 9.24e-10  4.54e-04   496s
  23   0.00000000e+00 -1.03242695e+02  3.92e+00 9.19e-10  4.27e-04   516s
  24   0.00000000e+00 -4.92896383e+01  3.75e+00 9.22e-10  4.10e-04   538s
  25   0.00000000e+00  8.81697314e+01  3.49e+00 9.41e-10  3.89e-04   559s
  26   0.00000000e+00  2.99519922e+02  3.31e+00 9.43e-10  3.73e-04   579s
  27   0.00000000e+00  4.69752299e+02  3.24e+00 9.45e-10  3.67e-04   600s

Barrier performed 27 iterations in 600.04 seconds (359.61 work units)
Time limit reached


User-callback calls 13295, time in user-callback 0.18 sec
