
Gurobi 13.0.2 (win64) logging started Thu Oct  8 08:36:46 2026

Set parameter LogFile to value "C:\v42_m1_exact_solver_redesign_20261008\docs\v42_m_practical_exact_solver_overnight_20261008\external_production\external_nodes\0038\LP.log"
Gurobi Optimizer version 13.0.2 build v13.0.2rc1 (win64 - Windows 11+.0 (26200.2))

CPU model: 13th Gen Intel(R) Core(TM) i7-13620H, instruction set [SSE2|AVX|AVX2]
Thread count: 10 physical cores, 16 logical processors, using up to 1 threads

Non-default parameters:
TimeLimit  900
FeasibilityTol  1e-08
IntFeasTol  1e-08
MIPGap  0.005
OptimalityTol  1e-08
Method  2
LPWarmStart  0
Crossover  0
DegenMoves  0
MIPFocus  3
NodeMethod  1
LogToConsole  0
Seed  20260929
Threads  1

Optimize a model with 582808 rows, 306040 columns and 5351612 nonzeros (Min)
Model fingerprint: 0x08f6cfc9
Model has 1 linear objective coefficients
Coefficient statistics:
  Matrix range     [1e-13, 4e+02]
  Objective range  [1e+00, 1e+00]
  Bounds range     [3e-08, 2e+03]
  RHS range        [2e-24, 2e+03]
Warning: Model contains large matrix coefficient range
         Consider reformulating model or setting NumericFocus parameter
         to avoid numerical issues.

Presolve removed 175703 rows and 27348 columns
Presolve time: 2.02s
Presolved: 407105 rows, 298995 columns, 4428510 nonzeros
Elapsed ordering time = 5s
Ordering time: 5.36s

Barrier statistics:
 Dense cols : 965
 AA' NZ     : 3.779e+07
 Factor NZ  : 5.748e+07 (roughly 700 MB of memory)
 Factor Ops : 3.192e+10 (roughly 1 second per iteration)
 Threads    : 1

                  Objective                Residual
Iter       Primal          Dual         Primal    Dual     Compl     Time
   0   1.27525736e+03 -5.00194151e+05  6.52e+07 7.87e-07  1.02e+04    12s
   1   1.70157999e+03 -3.67357899e+05  4.36e+07 6.07e-03  4.39e+03    14s
   2   4.60750679e+02 -2.61961385e+05  1.80e+07 4.92e-04  5.58e+03    16s
   3   3.63352430e+01 -1.04242792e+05  1.39e+06 7.87e-15  4.40e+02    17s
   4   8.17688529e-01 -5.80351619e+04  4.45e+03 1.00e-09  9.28e+00    20s
   5   7.52656429e-01 -1.08550294e+04  1.76e+03 2.13e-14  1.71e+00    22s
   6   7.21682692e-01 -6.98512625e+02  2.58e+02 3.42e-11  1.17e-01    24s
   7   7.25804401e-01 -2.53085385e+02  9.42e+01 8.58e-12  4.28e-02    27s
   8   7.27006414e-01 -1.15929073e+02  4.15e+01 5.03e-12  2.03e-02    29s
   9   7.30399316e-01 -4.91161011e+01  1.42e+01 9.56e-10  8.41e-03    31s
  10   7.34100338e-01 -6.11507502e+00  3.41e+00 7.88e-09  1.29e-03    33s
  11   6.69678722e-01 -8.28689665e-01  1.81e-01 1.67e-08  2.12e-04    36s
  12   6.24936730e-01 -2.32142598e-01  1.35e-01 2.27e-08  1.19e-04    38s
  13   6.14586436e-01  8.61159432e-02  1.11e-01 4.70e-08  7.26e-05    40s
  14   6.08381520e-01  1.91739644e-01  8.53e-02 4.70e-08  5.67e-05    42s
  15   6.04640343e-01  2.79039083e-01  7.13e-02 4.01e-08  4.40e-05    44s
  16   5.99845804e-01  3.41032146e-01  5.57e-02 3.34e-08  3.47e-05    46s
  17   5.95428166e-01  3.72246253e-01  4.49e-02 2.94e-08  2.98e-05    48s
  18   5.91455809e-01  4.04782931e-01  3.74e-02 3.31e-08  2.48e-05    50s
  19   5.87684830e-01  4.40492921e-01  2.96e-02 2.99e-08  1.94e-05    52s
  20   5.82054968e-01  4.78158863e-01  1.87e-02 2.27e-08  1.35e-05    54s
  21   5.80394714e-01  5.01475380e-01  1.64e-02 1.78e-08  1.02e-05    55s
  22   5.77865563e-01  5.17575329e-01  1.28e-02 1.46e-08  7.68e-06    57s
  23   5.74562744e-01  5.35283499e-01  8.44e-03 1.22e-08  4.90e-06    59s
  24   5.72598726e-01  5.48487469e-01  5.80e-03 1.08e-08  2.96e-06    62s
  25   5.71365840e-01  5.55959183e-01  3.99e-03 9.36e-09  1.88e-06    64s
  26   5.70380981e-01  5.60117929e-01  2.48e-03 8.73e-09  1.25e-06    66s
  27   5.70154844e-01  5.62072486e-01  2.10e-03 8.04e-09  9.92e-07    68s
  28   5.69874841e-01  5.64482363e-01  1.63e-03 6.63e-09  6.81e-07    70s
  29   5.69614021e-01  5.66400168e-01  1.25e-03 5.86e-09  4.25e-07    72s
  30   5.69394305e-01  5.67041725e-01  9.31e-04 5.85e-09  3.20e-07    74s
  31   5.69248614e-01  5.67339751e-01  6.87e-04 5.73e-09  2.65e-07    75s
  32   5.69136901e-01  5.67763549e-01  5.09e-04 5.63e-09  2.01e-07    77s
  33   5.69082028e-01  5.67875302e-01  4.18e-04 5.58e-09  1.80e-07    79s
  34   5.69072888e-01  5.67953869e-01  4.01e-04 5.57e-09  1.70e-07    81s
  35   5.69040183e-01  5.68183002e-01  3.39e-04 5.49e-09  1.38e-07    83s
  36   5.68977303e-01  5.68588453e-01  2.21e-04 5.48e-09  7.91e-08    85s
  37   5.68961369e-01  5.68674487e-01  1.91e-04 5.32e-09  6.59e-08    87s
  38   5.68920398e-01  5.68792119e-01  1.18e-04 5.06e-09  4.42e-08    89s
  39   5.68894465e-01  5.68892823e-01  7.37e-05 4.71e-09  2.96e-08    91s
  40   5.68885588e-01  5.68939418e-01  6.03e-05 4.67e-09  2.27e-08    93s
  41   5.68874282e-01  5.68994179e-01  4.41e-05 4.57e-09  1.45e-08    95s
  42   5.68859230e-01  5.69025972e-01  2.52e-05 4.35e-09  8.35e-09    98s
  43   5.68854583e-01  5.69033995e-01  2.06e-05 4.19e-09  5.89e-09   100s
  44   5.68846663e-01  5.69030657e-01  1.31e-05 4.12e-09  4.52e-09   102s
  45   5.68845243e-01  5.69030046e-01  1.20e-05 4.03e-09  3.60e-09   103s
  46   5.68838032e-01  5.69030198e-01  6.54e-06 3.99e-09  2.70e-09   106s
  47   5.68835919e-01  5.69023787e-01  5.49e-06 3.99e-09  2.13e-09   108s
  48   5.68833860e-01  5.69013301e-01  4.55e-06 4.34e-09  1.06e-09   110s
  49   5.68832821e-01  5.68998492e-01  3.76e-06 4.42e-09  8.12e-10   112s
  50   5.68832591e-01  5.68999000e-01  3.60e-06 4.36e-09  7.77e-10   114s
  51   5.68831564e-01  5.68994824e-01  2.92e-06 4.40e-09  6.78e-10   115s
  52   5.68831069e-01  5.68989860e-01  2.62e-06 4.40e-09  6.15e-10   117s
  53   5.68830603e-01  5.68986556e-01  2.32e-06 4.41e-09  5.70e-10   119s
  54   5.68830179e-01  5.68983135e-01  2.13e-06 4.40e-09  5.27e-10   121s
  55   5.68829645e-01  5.68975064e-01  1.85e-06 4.41e-09  4.47e-10   122s
  56   5.68829493e-01  5.68970647e-01  1.79e-06 4.12e-09  3.93e-10   124s
  57   5.68829165e-01  5.68966482e-01  1.62e-06 4.11e-09  3.44e-10   126s
  58   5.68829021e-01  5.68962577e-01  1.57e-06 4.16e-09  3.05e-10   128s
  59   5.68828039e-01  5.68963402e-01  1.11e-06 4.19e-09  2.60e-10   131s
  60   5.68827545e-01  5.68959034e-01  9.36e-07 4.24e-09  2.13e-10   132s
  61   5.68827416e-01  5.68950069e-01  8.94e-07 4.29e-09  1.45e-10   134s
  62   5.68825441e-01  5.68946497e-01  2.30e-07 4.39e-09  6.43e-11   137s
  63   5.68824398e-01  5.68945225e-01  1.35e-07 4.37e-09  5.50e-11   138s
  64   5.68824024e-01  5.68942167e-01  1.14e-07 4.18e-09  3.05e-11   140s
  65   5.68823927e-01  5.68940091e-01  1.09e-07 4.10e-09  2.92e-11   142s
  66   5.68823526e-01  5.68939386e-01  8.93e-08 4.04e-09  2.62e-11   145s
  67   5.68823441e-01  5.68938951e-01  8.52e-08 3.95e-09  2.51e-11   147s
  68   5.68823241e-01  5.68936124e-01  7.65e-08 3.66e-09  2.15e-11   149s
  69   5.68822849e-01  5.68934626e-01  6.14e-08 3.64e-09  1.84e-11   151s
  70   5.68822846e-01  5.68934194e-01  6.13e-08 3.62e-09  1.66e-11   153s
  71   5.68822767e-01  5.68933663e-01  5.84e-08 3.49e-09  1.60e-11   155s
  72   5.68822738e-01  5.68932673e-01  5.74e-08 3.24e-09  1.51e-11   156s
  73   5.68822536e-01  5.68931338e-01  5.06e-08 2.50e-09  1.24e-11   159s
  74   5.68822508e-01  5.68930480e-01  5.01e-08 2.48e-09  1.21e-11   160s
  75   5.68822257e-01  5.68929775e-01  4.61e-08 2.41e-09  1.16e-11   162s
  76   5.68821919e-01  5.68927366e-01  9.96e-08 1.98e-09  9.04e-12   165s
  77   5.68821745e-01  5.68927358e-01  9.44e-08 1.98e-09  8.92e-12   167s
  78   5.68821556e-01  5.68926558e-01  8.88e-08 2.01e-09  8.63e-12   169s
  79   5.68821501e-01  5.68926497e-01  1.20e-07 2.01e-09  8.54e-12   171s
  80   5.68821200e-01  5.68926173e-01  1.09e-07 2.03e-09  8.14e-12   172s
  81   5.68820764e-01  5.68925210e-01  8.11e-08 2.11e-09  6.62e-12   174s
  82   5.68820587e-01  5.68924835e-01  7.25e-08 2.14e-09  6.06e-12   176s
  83   5.68820237e-01  5.68923029e-01  5.69e-08 2.19e-09  5.06e-12   178s
  84   5.68819942e-01  5.68921033e-01  4.54e-08 2.26e-09  3.98e-12   180s
  85   5.68819810e-01  5.68920400e-01  4.14e-08 2.27e-09  3.65e-12   182s
  86   5.68819657e-01  5.68920362e-01  3.95e-08 2.28e-09  3.53e-12   184s
  87   5.68819573e-01  5.68919414e-01  3.83e-08 2.28e-09  3.10e-12   186s
  88   5.68819454e-01  5.68919069e-01  3.55e-08 2.29e-09  2.89e-12   188s
  89   5.68819448e-01  5.68918614e-01  3.53e-08 2.29e-09  2.73e-12   190s
  90   5.68819403e-01  5.68917853e-01  3.42e-08 2.27e-09  2.67e-12   192s
  91   5.68819388e-01  5.68918223e-01  3.42e-08 2.28e-09  2.69e-12   194s
  92   5.68819321e-01  5.68917664e-01  3.31e-08 2.18e-09  2.46e-12   197s
  93   5.68819316e-01  5.68916960e-01  3.29e-08 2.14e-09  2.42e-12   198s
  94   5.68819099e-01  5.68919102e-01  2.80e-08 2.22e-09  3.60e-12   201s
  95   5.68819058e-01  5.68918645e-01  2.71e-08 2.22e-09  3.34e-12   203s
  96   5.68819006e-01  5.68915232e-01  2.63e-08 2.18e-09  4.18e-12   205s
  97   5.68818878e-01  5.68915193e-01  3.89e-08 2.18e-09  4.13e-12   207s
  98   5.68818828e-01  5.68914411e-01  3.77e-08 2.17e-09  3.74e-12   209s
  99   5.68818692e-01  5.68913612e-01  3.61e-08 2.21e-09  3.67e-12   211s
 100   5.68818501e-01  5.68912040e-01  3.35e-08 2.26e-09  3.34e-12   213s
 101   5.68818329e-01  5.68911598e-01  2.94e-08 2.28e-09  3.22e-12   216s
 102   5.68818169e-01  5.68911563e-01  2.68e-08 2.28e-09  3.11e-12   218s
 103   5.68818168e-01  5.68909683e-01  2.67e-08 2.26e-09  2.71e-12   219s
 104   5.68818158e-01  5.68909241e-01  2.66e-08 2.24e-09  2.69e-12   222s
 105   5.68818122e-01  5.68908186e-01  2.58e-08 2.18e-09  2.62e-12   224s
 106   5.68818124e-01  5.68905816e-01  2.57e-08 2.20e-09  3.94e-12   226s
 107   5.68818043e-01  5.68907414e-01  2.49e-08 2.21e-09  3.85e-12   228s
 108   5.68817825e-01  5.68905672e-01  2.18e-08 2.21e-09  3.30e-12   230s
 109   5.68817689e-01  5.68905103e-01  2.04e-08 2.20e-09  2.96e-12   232s
 110   5.68817609e-01  5.68904712e-01  2.02e-08 2.21e-09  2.89e-12   235s
 111   5.68817521e-01  5.68904141e-01  1.96e-08 2.21e-09  2.76e-12   237s
 112   5.68817418e-01  5.68903727e-01  1.93e-08 2.20e-09  2.68e-12   239s
 113   5.68817363e-01  5.68903031e-01  2.27e-08 2.20e-09  2.48e-12   241s
 114   5.68817276e-01  5.68902824e-01  2.70e-08 2.19e-09  2.30e-12   243s
 115   5.68817173e-01  5.68902507e-01  2.49e-08 2.19e-09  2.07e-12   245s
 116   5.68816910e-01  5.68902263e-01  2.23e-08 2.19e-09  1.85e-12   247s
 117   5.68816886e-01  5.68902241e-01  2.19e-08 2.19e-09  1.81e-12   249s
 118   5.68816854e-01  5.68902097e-01  2.14e-08 2.19e-09  1.75e-12   251s
 119   5.68816696e-01  5.68901951e-01  1.71e-08 2.18e-09  1.55e-12   253s
 120   5.68816551e-01  5.68901263e-01  2.48e-08 2.16e-09  1.57e-12   255s
 121   5.68816492e-01  5.68901069e-01  4.27e-08 2.16e-09  1.49e-12   257s

Barrier solved model in 121 iterations and 256.58 seconds (480.95 work units)
Optimal objective 5.68817521e-01


User-callback calls 14072, time in user-callback 0.29 sec
Discarded solution information
Set parameter Method to value 2
Set parameter Crossover to value 0
Set parameter LPWarmStart to value 0
Set parameter NumericFocus to value 0
Set parameter DualReductions to value 1
Set parameter InfUnbdInfo to value 0
Set parameter TimeLimit to value 900
