FIT R2 20250323T0800 52785 0 24.58
FIT R2 20250322T0800 52751 0 24.66
FIT R3 20250323T0800 52958 173 6.62
FIT R3 20250322T0800 53117 366 6.64
FIT R2 20250324T0800 52835 0 24.42
FIT R2 20250325T0800 53099 0 24.54
FIT R3 20250324T0800 53131 296 6.71
FIT R3 20250325T0800 53281 182 6.77
FIT R2 20250327T0800 53078 0 26.02
FIT R2 20250326T0800 53204 0 26.27
FIT R3 20250327T0800 53127 49 6.54
FIT R3 20250326T0800 53444 240 6.58
FIT R2 20250329T0800 52501 0 24.68
FIT R2 20250328T0800 52960 0 24.92
FIT R3 20250328T0800 52966 6 6.15
FIT R3 20250329T0800 52819 318 6.59
FIT R2 20250330T0800 52356 0 24.0
FIT R2 20250402T0800 53644 0 24.49
FIT R3 20250330T0800 52521 165 6.14
FIT R3 20250402T0800 53786 142 6.15
FIT R2 20250403T0800 54060 0 24.82
FIT R2 20250404T0800 54480 0 25.38
FIT R3 20250403T0800 54243 183 7.25
FIT R3 20250404T0800 54654 174 7.17
FIT R2 20250405T0800 54869 0 27.24
FIT R2 20250406T0800 55072 0 27.35
FIT R3 20250405T0800 54971 102 7.42
FIT R3 20250406T0800 55307 235 7.29
FIT R2 20250407T0800 55511 0 22.58
FIT R3 20250407T0800 55731 220 7.4
