
Gurobi 13.0.2 (win64) logging started Thu Oct  8 06:09:40 2026

Set parameter LogFile to value "C:\v42_m1_exact_solver_redesign_20261008\docs\v42_m_practical_exact_solver_overnight_20261008\external_production\external_nodes\0004\LP.log"
Gurobi Optimizer version 13.0.2 build v13.0.2rc1 (win64 - Windows 11+.0 (26200.2))

CPU model: 13th Gen Intel(R) Core(TM) i7-13620H, instruction set [SSE2|AVX|AVX2]
Thread count: 10 physical cores, 16 logical processors, using up to 1 threads

Non-default parameters:
TimeLimit  900
FeasibilityTol  1e-08
IntFeasTol  1e-08
MIPGap  0.005
OptimalityTol  1e-08
Method  2
LPWarmStart  0
Crossover  0
DegenMoves  0
MIPFocus  3
NodeMethod  1
LogToConsole  0
Seed  20260929
Threads  1

Optimize a model with 582808 rows, 306040 columns and 5351612 nonzeros (Min)
Model fingerprint: 0x8bce6119
Model has 1 linear objective coefficients
Coefficient statistics:
  Matrix range     [1e-13, 4e+02]
  Objective range  [1e+00, 1e+00]
  Bounds range     [3e-08, 2e+03]
  RHS range        [2e-24, 2e+03]
Warning: Model contains large matrix coefficient range
         Consider reformulating model or setting NumericFocus parameter
         to avoid numerical issues.

Presolve removed 175633 rows and 27241 columns
Presolve time: 2.18s
Presolved: 407175 rows, 299090 columns, 4429108 nonzeros
Elapsed ordering time = 5s
Ordering time: 5.71s

Barrier statistics:
 Dense cols : 866
 AA' NZ     : 3.908e+07
 Factor NZ  : 5.847e+07 (roughly 800 MB of memory)
 Factor Ops : 3.205e+10 (roughly 1 second per iteration)
 Threads    : 1

                  Objective                Residual
Iter       Primal          Dual         Primal    Dual     Compl     Time
   0   1.27525730e+03 -5.00178947e+05  6.52e+07 7.87e-07  1.02e+04    14s
   1   1.70157954e+03 -3.67301095e+05  4.36e+07 6.07e-03  4.38e+03    15s
   2   4.60472373e+02 -2.61907813e+05  1.80e+07 4.91e-04  5.58e+03    17s
   3   3.63056621e+01 -1.04231390e+05  1.39e+06 7.31e-15  4.40e+02    19s
   4   8.16519329e-01 -5.80321818e+04  4.42e+03 2.15e-10  9.27e+00    21s
   5   7.48980522e-01 -1.01296826e+04  1.67e+03 2.38e-14  1.59e+00    23s
   6   7.20959088e-01 -6.54615019e+02  2.77e+02 5.13e-11  1.12e-01    25s
   7   7.24379441e-01 -2.57520788e+02  8.98e+01 1.97e-11  4.31e-02    27s
   8   7.27906008e-01 -9.31565041e+01  3.49e+01 8.02e-12  1.65e-02    29s
   9   7.31056271e-01 -4.81532156e+01  1.17e+01 7.88e-10  7.99e-03    31s
  10   7.30646051e-01 -5.38927352e+00  1.09e+00 7.87e-09  9.52e-04    34s
  11   6.89011375e-01 -2.17170773e+00  4.71e-01 6.61e-09  4.19e-04    36s
  12   6.32567543e-01 -8.62778528e-01  3.03e-01 1.59e-08  2.14e-04    38s
  13   6.31619220e-01 -6.58385552e-01  2.83e-01 1.61e-08  1.84e-04    40s
  14   6.16242628e-01 -5.07367406e-02  1.86e-01 3.55e-08  9.31e-05    42s
  15   6.02031761e-01  2.16430331e-01  7.60e-02 2.77e-08  5.23e-05    45s
  16   5.99353965e-01  2.81145237e-01  6.76e-02 3.12e-08  4.30e-05    47s
  17   5.90307124e-01  3.71045008e-01  4.39e-02 3.23e-08  2.94e-05    49s
  18   5.81246119e-01  4.41412487e-01  2.18e-02 2.49e-08  1.85e-05    51s
  19   5.76691879e-01  5.20293347e-01  1.36e-02 1.36e-08  7.12e-06    53s
  20   5.74276862e-01  5.40993914e-01  9.74e-03 1.40e-08  4.05e-06    55s
  21   5.72661929e-01  5.48442910e-01  7.16e-03 1.24e-08  2.88e-06    57s
  22   5.70937264e-01  5.61672123e-01  4.21e-03 1.06e-08  1.01e-06    60s
  23   5.70069964e-01  5.64774405e-01  2.60e-03 8.49e-09  5.92e-07    62s
  24   5.69672739e-01  5.65696281e-01  1.87e-03 7.29e-09  4.51e-07    64s
  25   5.69528852e-01  5.66627949e-01  1.61e-03 5.09e-09  3.45e-07    66s
  26   5.69417245e-01  5.67471283e-01  1.37e-03 5.80e-09  2.52e-07    68s
  27   5.69263562e-01  5.67872413e-01  1.08e-03 6.19e-09  1.94e-07    69s
  28   5.69183736e-01  5.68168139e-01  9.11e-04 6.40e-09  1.55e-07    71s
  29   5.69093633e-01  5.68409445e-01  7.34e-04 6.51e-09  1.20e-07    73s
  30   5.69020563e-01  5.68610288e-01  5.97e-04 6.42e-09  9.03e-08    74s
  31   5.68956996e-01  5.68751532e-01  4.51e-04 6.30e-09  6.68e-08    76s
  32   5.68889497e-01  5.68894336e-01  3.05e-04 6.14e-09  4.18e-08    78s
  33   5.68868008e-01  5.68991825e-01  2.67e-04 5.78e-09  2.73e-08    80s
  34   5.68838792e-01  5.69017296e-01  2.00e-04 5.52e-09  1.98e-08    81s
  35   5.68812373e-01  5.69034617e-01  1.51e-04 5.24e-09  1.33e-08    84s
  36   5.68793805e-01  5.69039192e-01  1.14e-04 4.82e-09  8.96e-09    86s
  37   5.68778546e-01  5.69037359e-01  8.20e-05 4.52e-09  6.04e-09    88s
  38   5.68769611e-01  5.69027723e-01  6.37e-05 4.56e-09  4.47e-09    90s
  39   5.68768161e-01  5.69029057e-01  6.09e-05 4.57e-09  4.10e-09    92s
  40   5.68763610e-01  5.69019633e-01  5.23e-05 4.58e-09  3.44e-09    94s
  41   5.68757316e-01  5.69013710e-01  3.95e-05 4.55e-09  2.66e-09    95s
  42   5.68754740e-01  5.69003918e-01  3.48e-05 4.58e-09  2.26e-09    97s
  43   5.68752025e-01  5.68997791e-01  3.03e-05 4.51e-09  1.92e-09   100s
  44   5.68751124e-01  5.68984765e-01  2.89e-05 4.56e-09  1.71e-09   102s
  45   5.68750224e-01  5.68977207e-01  2.67e-05 4.46e-09  1.58e-09   104s
  46   5.68748617e-01  5.68947887e-01  2.29e-05 4.01e-09  1.30e-09   106s
  47   5.68748029e-01  5.68954022e-01  2.22e-05 4.16e-09  1.23e-09   108s
  48   5.68746625e-01  5.68938481e-01  1.87e-05 3.64e-09  1.04e-09   110s
  49   5.68744329e-01  5.68908800e-01  1.37e-05 3.60e-09  7.09e-10   112s
  50   5.68744284e-01  5.68902829e-01  1.34e-05 3.60e-09  6.84e-10   113s
  51   5.68744140e-01  5.68899083e-01  1.30e-05 3.61e-09  6.62e-10   115s
  52   5.68742700e-01  5.68887610e-01  1.01e-05 3.63e-09  5.06e-10   117s
  53   5.68740417e-01  5.68874649e-01  6.00e-06 3.66e-09  2.74e-10   120s
  54   5.68739740e-01  5.68859524e-01  4.95e-06 3.68e-09  1.74e-10   123s
  55   5.68739565e-01  5.68857100e-01  4.71e-06 3.69e-09  1.64e-10   125s
  56   5.68737472e-01  5.68855155e-01  1.90e-06 3.62e-09  7.29e-11   127s
  57   5.68736147e-01  5.68851528e-01  1.10e-06 3.56e-09  4.18e-11   130s
  58   5.68735958e-01  5.68849720e-01  1.02e-06 3.53e-09  3.77e-11   131s
  59   5.68735453e-01  5.68840800e-01  7.97e-07 3.52e-09  3.15e-11   133s
  60   5.68734845e-01  5.68834986e-01  6.02e-07 3.47e-09  2.34e-11   135s
  61   5.68734773e-01  5.68832643e-01  5.84e-07 3.46e-09  2.27e-11   137s
  62   5.68734748e-01  5.68832215e-01  5.78e-07 3.45e-09  2.26e-11   139s
  63   5.68734705e-01  5.68832054e-01  5.66e-07 3.43e-09  2.21e-11   141s
  64   5.68734000e-01  5.68826746e-01  3.49e-07 3.40e-09  1.31e-11   143s
  65   5.68733891e-01  5.68824836e-01  3.26e-07 3.39e-09  1.22e-11   144s
  66   5.68733849e-01  5.68820141e-01  3.14e-07 3.60e-09  1.25e-11   147s
  67   5.68733636e-01  5.68817374e-01  2.51e-07 3.16e-09  1.20e-11   149s
  68   5.68733105e-01  5.68813555e-01  1.64e-07 2.87e-09  8.12e-12   152s
  69   5.68732820e-01  5.68811085e-01  1.33e-07 3.12e-09  6.81e-12   154s
  70   5.68732342e-01  5.68810511e-01  8.85e-08 3.22e-09  4.52e-12   156s
  71   5.68732119e-01  5.68810537e-01  7.44e-08 3.30e-09  3.94e-12   158s
  72   5.68731128e-01  5.68809168e-01  2.09e-08 3.43e-09  2.52e-12   160s
  73   5.68731082e-01  5.68808444e-01  2.02e-08 3.44e-09  2.03e-12   162s
  74   5.68730641e-01  5.68807702e-01  1.37e-08 3.46e-09  1.25e-12   164s
  75   5.68730480e-01  5.68807524e-01  1.29e-08 3.46e-09  9.86e-13   166s
  76   5.68730461e-01  5.68807452e-01  1.27e-08 3.46e-09  9.14e-13   168s
  77   5.68730215e-01  5.68807376e-01  1.08e-08 3.47e-09  7.75e-13   170s

Barrier solved model in 77 iterations and 169.66 seconds (317.43 work units)
Optimal objective 5.68730215e-01


User-callback calls 10612, time in user-callback 0.19 sec
Discarded solution information
Set parameter Method to value 2
Set parameter Crossover to value 0
Set parameter LPWarmStart to value 0
Set parameter NumericFocus to value 0
Set parameter DualReductions to value 1
Set parameter InfUnbdInfo to value 0
Set parameter TimeLimit to value 900
