......
----------------------------------------------------------------------
Ran 6 tests in 0.002s

OK
2026-09-29T04:23:52.727987+00:00 STATE 25000 of 621583 seconds 6
2026-09-29T04:23:59.730265+00:00 STATE 50000 of 621583 seconds 13
2026-09-29T04:24:11.046178+00:00 STATE 75000 of 621583 seconds 24
2026-09-29T04:24:20.481654+00:00 STATE 100000 of 621583 seconds 34
2026-09-29T04:24:30.466530+00:00 STATE 125000 of 621583 seconds 44
2026-09-29T04:24:42.328690+00:00 STATE 150000 of 621583 seconds 55
2026-09-29T04:24:52.414098+00:00 STATE 175000 of 621583 seconds 66
2026-09-29T04:25:04.862698+00:00 STATE 200000 of 621583 seconds 78
2026-09-29T04:25:19.663186+00:00 STATE 225000 of 621583 seconds 93
2026-09-29T04:25:33.082190+00:00 STATE 250000 of 621583 seconds 106
2026-09-29T04:25:46.438163+00:00 STATE 275000 of 621583 seconds 120
2026-09-29T04:26:05.419579+00:00 STATE 300000 of 621583 seconds 139
2026-09-29T04:26:14.702517+00:00 STATE 325000 of 621583 seconds 148
2026-09-29T04:26:32.377086+00:00 STATE 350000 of 621583 seconds 166
2026-09-29T04:26:49.632424+00:00 STATE 375000 of 621583 seconds 183
2026-09-29T04:27:06.307778+00:00 STATE 400000 of 621583 seconds 199
2026-09-29T04:27:20.183835+00:00 STATE 425000 of 621583 seconds 213
2026-09-29T04:27:40.043132+00:00 STATE 450000 of 621583 seconds 233
2026-09-29T04:27:56.475546+00:00 STATE 475000 of 621583 seconds 250
2026-09-29T04:28:18.470374+00:00 STATE 500000 of 621583 seconds 272
2026-09-29T04:28:32.797547+00:00 STATE 525000 of 621583 seconds 286
2026-09-29T04:28:58.873400+00:00 STATE 550000 of 621583 seconds 312
2026-09-29T04:29:27.290898+00:00 STATE 575000 of 621583 seconds 340
2026-09-29T04:29:52.536055+00:00 STATE 600000 of 621583 seconds 366
MATERIALIZED 0 621583 f12453eb7742ff6a82b9a365623ac2d4b5e301ba68127969eb0ef9c5626edc0b
2026-09-29T04:30:53.904934+00:00 STATE 25000 of 155396 seconds 4
2026-09-29T04:30:58.546853+00:00 STATE 50000 of 155396 seconds 9
2026-09-29T04:31:04.415071+00:00 STATE 75000 of 155396 seconds 15
2026-09-29T04:31:09.611812+00:00 STATE 100000 of 155396 seconds 20
2026-09-29T04:31:14.631950+00:00 STATE 125000 of 155396 seconds 25
2026-09-29T04:31:19.907475+00:00 STATE 150000 of 155396 seconds 30
MATERIALIZED 0 155396 79e93d0a7f3810374c7f094c49383eb96e5fb0445e86d7a32cf051539bcf345a
2026-09-29T04:31:30.051133+00:00 STATE 180396 of 310792 seconds 5
2026-09-29T04:31:35.715363+00:00 STATE 205396 of 310792 seconds 11
2026-09-29T04:31:42.018123+00:00 STATE 230396 of 310792 seconds 17
2026-09-29T04:31:47.996732+00:00 STATE 255396 of 310792 seconds 23
2026-09-29T04:31:54.306485+00:00 STATE 280396 of 310792 seconds 29
2026-09-29T04:32:00.504440+00:00 STATE 305396 of 310792 seconds 35
MATERIALIZED 155396 310792 61c62770c762058aca01431057a3dd1006c40ac0e1afc4f06a7be4bbdaefd7fc
2026-09-29T04:32:10.589856+00:00 STATE 335792 of 466188 seconds 5
2026-09-29T04:32:16.407452+00:00 STATE 360792 of 466188 seconds 11
2026-09-29T04:32:21.721656+00:00 STATE 385792 of 466188 seconds 16
2026-09-29T04:32:27.295280+00:00 STATE 410792 of 466188 seconds 22
2026-09-29T04:32:32.402760+00:00 STATE 435792 of 466188 seconds 27
2026-09-29T04:32:38.372575+00:00 STATE 460792 of 466188 seconds 33
MATERIALIZED 310792 466188 077120271c43e8f5eda19b41aeff32cbddfd8864c7e9ca6c289035953ed59161
2026-09-29T04:32:48.464913+00:00 STATE 491188 of 621583 seconds 5
2026-09-29T04:32:54.166547+00:00 STATE 516188 of 621583 seconds 10
2026-09-29T04:33:00.133475+00:00 STATE 541188 of 621583 seconds 16
2026-09-29T04:33:06.321444+00:00 STATE 566188 of 621583 seconds 22
2026-09-29T04:33:12.553866+00:00 STATE 591188 of 621583 seconds 29
2026-09-29T04:33:20.533227+00:00 STATE 616188 of 621583 seconds 37
MATERIALIZED 466188 621583 c8757e0ab7d50a41bd6f8fb79d88b4d7dcb5301febc94a5a5ae7cc0f73581e0a
