
Gurobi 13.0.2 (win64) logging started Thu Oct  8 16:25:30 2026

Set parameter LogFile to value "D:\v42_may12_p1_exact_rescue_20261008\docs\v42_may12_p1_exact_rescue_20261008\P1\S0\NATIVE_SOLVER.log"
Set parameter TimeLimit to value 600
Gurobi Optimizer version 13.0.2 build v13.0.2rc1 (win64 - Windows 11+.0 (26200.2))

CPU model: 13th Gen Intel(R) Core(TM) i7-13620H, instruction set [SSE2|AVX|AVX2]
Thread count: 10 physical cores, 16 logical processors, using up to 1 threads

Non-default parameters:
TimeLimit  600
MIPGap  0.005
Method  2
MIPFocus  3
NodeMethod  1
LogToConsole  0
Seed  20260929
Threads  1

Optimize a model with 754043 rows, 71377 columns and 13356317 nonzeros (Min)
Model fingerprint: 0x3fdc2937
Model has 1 linear objective coefficients
Coefficient statistics:
  Matrix range     [1e-13, 8e+04]
  Objective range  [1e+00, 1e+00]
  Bounds range     [1e+00, 6e+06]
  RHS range        [5e-08, 1e+06]
Warning: Model contains large matrix coefficient range
         Consider reformulating model or setting NumericFocus parameter
         to avoid numerical issues.

Presolve removed 734534 rows and 40748 columns
Presolve time: 0.80s
Presolved: 19509 rows, 32106 columns, 207709 nonzeros

Ordering time: 0.08s

Barrier statistics:
 Dense cols : 28
 AA' NZ     : 3.018e+05
 Factor NZ  : 8.504e+05 (roughly 30 MB of memory)
 Factor Ops : 2.082e+08 (less than 1 second per iteration)
 Threads    : 1

                  Objective                Residual
Iter       Primal          Dual         Primal    Dual     Compl     Time
   0   6.93780131e-01 -1.69566712e+02  6.37e+06 0.00e+00  1.61e+03     1s
   1   1.00343338e+00 -1.88288121e+02  4.87e+06 5.22e-02  1.21e+03     1s
   2   1.05109955e+00 -3.10721518e+02  3.76e+06 2.58e-02  9.40e+02     1s
   3   1.03900924e+00 -3.87919116e+02  2.07e+06 4.71e-14  5.48e+02     1s
   4   9.84646531e-01 -3.09375294e+02  2.45e+05 7.88e-13  6.63e+01     1s
   5   9.79917390e-01 -1.91760512e+02  2.30e+04 2.86e-14  7.35e+00     1s
   6   9.79687346e-01 -9.43799717e+01  8.63e+03 4.69e-14  2.71e+00     1s
   7   9.75029085e-01 -3.83934249e+01  3.12e+03 3.07e-14  9.32e-01     1s
   8   9.51999938e-01 -2.64280327e+01  2.33e+03 8.12e-14  6.57e-01     1s
   9   8.61286130e-01 -1.81281794e+01  1.87e+03 5.36e-14  4.89e-01     1s
  10   8.09866276e-01 -1.08182799e+01  1.17e+03 1.19e-13  2.94e-01     1s
  11   7.25632022e-01 -7.98444928e+00  6.96e+02 7.84e-14  1.83e-01     1s
  12   6.87744928e-01 -4.92928804e+00  4.70e+02 5.38e-14  1.19e-01     1s
  13   6.79514671e-01 -1.88675460e+00  2.62e+02 3.20e-14  6.00e-02     1s
  14   6.85787316e-01 -5.22595639e-01  7.65e+01 1.25e-14  2.01e-02     1s
  15   6.78172770e-01  1.13754535e-02  2.74e+01 8.38e-15  8.58e-03     1s
  16   6.77057870e-01  3.47585837e-01  1.99e+01 4.73e-15  4.93e-03     1s
  17   6.75672132e-01  4.31989112e-01  1.06e+01 3.86e-15  3.03e-03     1s
  18   6.73379754e-01  4.84579552e-01  5.45e+00 2.60e-15  1.94e-03     1s
  19   6.72203271e-01  5.67915289e-01  2.95e+00 1.01e-15  1.01e-03     1s
  20   6.70748692e-01  6.13288648e-01  1.50e+00 3.49e-16  5.10e-04     1s
  21   6.69016710e-01  6.30567951e-01  9.63e-01 1.87e-16  3.27e-04     1s
  22   6.68270514e-01  6.35967796e-01  7.43e-01 1.67e-16  2.66e-04     1s
  23   6.68132976e-01  6.40049160e-01  6.77e-01 2.92e-16  2.30e-04     2s
  24   6.68021684e-01  6.40492798e-01  6.36e-01 2.11e-16  2.23e-04     2s
  25   6.67670013e-01  6.42660280e-01  5.40e-01 2.38e-16  1.99e-04     2s
  26   6.67258978e-01  6.46350300e-01  4.52e-01 3.45e-16  1.64e-04     2s
  27   6.66823438e-01  6.47430647e-01  4.15e-01 2.25e-16  1.51e-04     2s
  28   6.65856776e-01  6.49837847e-01  3.65e-01 1.81e-16  1.25e-04     2s
  29   6.65970640e-01  6.51197550e-01  3.57e-01 3.14e-16  1.15e-04     2s
  30   6.65371518e-01  6.53915718e-01  2.71e-01 1.49e-16  8.74e-05     2s
  31   6.65116003e-01  6.55866495e-01  2.55e-01 2.30e-16  7.09e-05     2s
  32   6.64567870e-01  6.56195138e-01  2.20e-01 2.06e-16  6.37e-05     2s
  33   6.63109885e-01  6.57719995e-01  1.27e-01 2.17e-16  4.00e-05     2s
  34   6.62875831e-01  6.57739835e-01  1.01e-01 3.37e-13  3.76e-05     2s
  35   6.62866641e-01  6.58144884e-01  1.00e-01 7.60e-13  3.46e-05     2s
  36   6.62390240e-01  6.59386399e-01  6.49e-02 1.32e-11  2.18e-05     2s
  37   6.61884223e-01  6.59921280e-01  4.26e-02 4.68e-11  1.42e-05     2s
  38   6.61446832e-01  6.60138603e-01  2.72e-02 5.69e-11  9.42e-06     2s
  39   6.61230798e-01  6.60385494e-01  1.90e-02 5.65e-11  6.10e-06     2s
  40   6.61174018e-01  6.60473540e-01  1.67e-02 5.15e-11  5.07e-06     2s
  41   6.61003191e-01  6.60553892e-01  1.01e-02 6.17e-11  3.24e-06     2s
  42   6.60805576e-01  6.60685045e-01  2.58e-03 6.72e-11  8.64e-07     2s
  43   6.60758537e-01  6.60708679e-01  9.49e-04 5.30e-11  3.55e-07     2s
  44   6.60743596e-01  6.60713685e-01  4.56e-04 4.21e-11  2.11e-07     2s
  45   6.60742543e-01  6.60715844e-01  4.22e-04 3.74e-11  1.88e-07     2s
  46   6.60734444e-01  6.60722592e-01  1.52e-04 1.89e-11  8.29e-08     2s
  47   6.60730335e-01  6.60728314e-01  2.34e-05 3.57e-12  1.41e-08     2s
  48   6.60729754e-01  6.60729163e-01  5.72e-06 1.29e-12  4.10e-09     2s
  49   6.60729564e-01  6.60729514e-01  1.94e-07 6.30e-13  3.41e-10     2s
  50   6.60729556e-01  6.60729548e-01  1.53e-07 1.04e-13  5.91e-11     2s
  51   6.60729554e-01  6.60729553e-01  5.18e-08 1.06e-14  7.06e-12     2s

Barrier solved model in 51 iterations and 2.18 seconds (8.22 work units)
Optimal objective 6.60729554e-01

Crossover log...

    2618 DPushes remaining with DInf 0.0000000e+00                 2s
       0 DPushes remaining with DInf 0.0000000e+00                 2s

    6461 PPushes remaining with PInf 0.0000000e+00                 2s
       0 PPushes remaining with PInf 0.0000000e+00                 2s

  Push phase complete: Pinf 0.0000000e+00, Dinf 1.8471798e-06      2s

Iteration    Objective       Primal Inf.    Dual Inf.      Time
    8271    6.6072955e-01   0.000000e+00   1.847180e-06      2s
Crossover time: 0.07 seconds (0.05 work units)
    8276    6.6072955e-01   0.000000e+00   0.000000e+00      3s

Solved in 8276 iterations and 2.69 seconds (9.01 work units)
Optimal objective  6.607295535e-01

User-callback calls 10081, time in user-callback 0.06 sec
