
Gurobi 13.0.2 (win64) logging started Thu Oct  8 08:06:50 2026

Set parameter LogFile to value "C:\v42_m1_exact_solver_redesign_20261008\docs\v42_m_practical_exact_solver_overnight_20261008\external_production\external_nodes\0030\LP.log"
Gurobi Optimizer version 13.0.2 build v13.0.2rc1 (win64 - Windows 11+.0 (26200.2))

CPU model: 13th Gen Intel(R) Core(TM) i7-13620H, instruction set [SSE2|AVX|AVX2]
Thread count: 10 physical cores, 16 logical processors, using up to 1 threads

Non-default parameters:
TimeLimit  900
FeasibilityTol  1e-08
IntFeasTol  1e-08
MIPGap  0.005
OptimalityTol  1e-08
Method  2
LPWarmStart  0
Crossover  0
DegenMoves  0
MIPFocus  3
NodeMethod  1
LogToConsole  0
Seed  20260929
Threads  1

Optimize a model with 582808 rows, 306040 columns and 5351612 nonzeros (Min)
Model fingerprint: 0xaac1914a
Model has 1 linear objective coefficients
Coefficient statistics:
  Matrix range     [1e-13, 4e+02]
  Objective range  [1e+00, 1e+00]
  Bounds range     [3e-08, 2e+03]
  RHS range        [2e-24, 2e+03]
Warning: Model contains large matrix coefficient range
         Consider reformulating model or setting NumericFocus parameter
         to avoid numerical issues.

Presolve removed 175659 rows and 27291 columns
Presolve time: 2.08s
Presolved: 407149 rows, 299052 columns, 4428843 nonzeros
Elapsed ordering time = 5s
Ordering time: 5.37s

Barrier statistics:
 Dense cols : 965
 AA' NZ     : 3.779e+07
 Factor NZ  : 5.712e+07 (roughly 700 MB of memory)
 Factor Ops : 3.120e+10 (roughly 1 second per iteration)
 Threads    : 1

                  Objective                Residual
Iter       Primal          Dual         Primal    Dual     Compl     Time
   0   1.27525696e+03 -5.00197043e+05  6.52e+07 7.87e-07  1.02e+04    13s
   1   1.70157938e+03 -3.67362184e+05  4.36e+07 6.07e-03  4.39e+03    14s
   2   4.60788366e+02 -2.61966085e+05  1.80e+07 4.92e-04  5.58e+03    16s
   3   3.63380342e+01 -1.04247709e+05  1.39e+06 7.13e-15  4.40e+02    18s
   4   8.17436773e-01 -5.80392784e+04  4.44e+03 8.65e-15  9.27e+00    19s
   5   7.51381688e-01 -9.67199235e+03  1.73e+03 2.59e-14  1.53e+00    21s
   6   7.22217245e-01 -5.98570202e+02  2.61e+02 1.31e-11  1.04e-01    23s
   7   7.26079018e-01 -2.36931729e+02  9.20e+01 4.04e-12  4.06e-02    25s
   8   7.33794326e-01 -5.56080693e+01  4.18e+01 3.69e-13  1.17e-02    28s
   9   7.36172852e-01 -2.91351775e+01  2.16e+01 8.42e-10  6.14e-03    29s
  10   7.31996260e-01 -2.84020060e+00  3.18e+00 1.16e-08  7.75e-04    32s
  11   6.39779198e-01 -1.29448388e+00  1.37e+00 1.24e-08  3.52e-04    34s
  12   6.20478260e-01 -5.43039179e-01  9.15e-01 5.32e-08  2.01e-04    36s
  13   6.17006568e-01 -2.14216731e-01  7.92e-01 5.09e-08  1.42e-04    38s
  14   6.12202427e-01 -2.52714433e-02  6.50e-01 4.62e-08  1.05e-04    40s
  15   6.01756762e-01  3.15036657e-01  2.15e-01 2.46e-08  4.15e-05    43s
  16   5.96138806e-01  3.96818747e-01  1.62e-01 3.50e-08  2.83e-05    45s
  17   5.88936508e-01  4.76647149e-01  1.11e-01 4.21e-08  1.57e-05    47s
  18   5.83841498e-01  5.01427849e-01  8.09e-02 3.48e-08  1.13e-05    49s
  19   5.77743364e-01  5.37337756e-01  4.63e-02 1.71e-08  5.29e-06    52s
  20   5.74959317e-01  5.48366682e-01  3.24e-02 1.24e-08  3.39e-06    54s
  21   5.72055759e-01  5.56069477e-01  1.74e-02 1.07e-08  1.98e-06    56s
  22   5.71393205e-01  5.59004535e-01  1.47e-02 9.77e-09  1.54e-06    58s
  23   5.70764563e-01  5.62074177e-01  1.10e-02 8.72e-09  1.11e-06    59s
  24   5.70185406e-01  5.64035377e-01  7.86e-03 8.44e-09  7.96e-07    61s
  25   5.69829792e-01  5.65913150e-01  5.93e-03 7.24e-09  5.30e-07    63s
  26   5.69657538e-01  5.66425883e-01  4.85e-03 6.62e-09  4.45e-07    65s
  27   5.69413199e-01  5.67258644e-01  3.35e-03 5.43e-09  3.12e-07    67s
  28   5.69331654e-01  5.67791039e-01  2.86e-03 5.61e-09  2.38e-07    69s
  29   5.69177517e-01  5.68029340e-01  1.93e-03 5.67e-09  1.87e-07    70s
  30   5.69125012e-01  5.68265280e-01  1.61e-03 5.59e-09  1.52e-07    72s
  31   5.69076796e-01  5.68379371e-01  1.32e-03 5.51e-09  1.31e-07    74s
  32   5.69038456e-01  5.68542433e-01  1.08e-03 5.36e-09  1.06e-07    75s
  33   5.68981710e-01  5.68770345e-01  7.24e-04 5.09e-09  6.89e-08    77s
  34   5.68962490e-01  5.68864447e-01  6.12e-04 4.78e-09  5.29e-08    79s
  35   5.68950261e-01  5.68869783e-01  5.47e-04 4.78e-09  5.04e-08    81s
  36   5.68918025e-01  5.68982856e-01  3.58e-04 4.58e-09  3.19e-08    84s
  37   5.68901719e-01  5.69032012e-01  2.65e-04 4.43e-09  2.37e-08    85s
  38   5.68882024e-01  5.69065835e-01  1.64e-04 4.27e-09  1.55e-08    88s
  39   5.68868895e-01  5.69088726e-01  1.03e-04 4.27e-09  1.07e-08    90s
  40   5.68858280e-01  5.69092678e-01  6.38e-05 4.32e-09  8.43e-09    92s
  41   5.68854156e-01  5.69079103e-01  5.02e-05 4.46e-09  5.89e-09    94s
  42   5.68848867e-01  5.69083937e-01  3.66e-05 4.56e-09  4.05e-09    96s
  43   5.68845480e-01  5.69086222e-01  2.95e-05 4.66e-09  2.57e-09    98s
  44   5.68842269e-01  5.69078477e-01  2.34e-05 4.62e-09  2.02e-09   100s
  45   5.68840674e-01  5.69076240e-01  2.09e-05 4.42e-09  1.74e-09   101s
  46   5.68839383e-01  5.69072440e-01  1.88e-05 4.16e-09  1.46e-09   103s
  47   5.68838219e-01  5.69059308e-01  1.60e-05 3.43e-09  1.18e-09   105s
  48   5.68837249e-01  5.69051801e-01  1.36e-05 3.52e-09  9.92e-10   107s
  49   5.68836987e-01  5.69045068e-01  1.29e-05 3.61e-09  8.92e-10   108s
  50   5.68836192e-01  5.69035791e-01  1.11e-05 3.71e-09  7.79e-10   110s
  51   5.68836101e-01  5.69033838e-01  1.09e-05 3.77e-09  7.36e-10   112s
  52   5.68834025e-01  5.69029089e-01  6.30e-06 3.91e-09  5.70e-10   114s
  53   5.68833793e-01  5.69021377e-01  6.06e-06 3.91e-09  4.85e-10   116s
  54   5.68833342e-01  5.69019952e-01  5.44e-06 3.91e-09  4.57e-10   118s
  55   5.68831873e-01  5.69008619e-01  3.67e-06 4.21e-09  2.27e-10   120s
  56   5.68832024e-01  5.69004923e-01  3.61e-06 4.08e-09  2.21e-10   122s
  57   5.68831957e-01  5.69001686e-01  3.53e-06 4.07e-09  2.12e-10   124s
  58   5.68831049e-01  5.68992637e-01  2.58e-06 4.05e-09  1.64e-10   126s
  59   5.68830764e-01  5.68987239e-01  2.33e-06 4.04e-09  1.47e-10   128s
  60   5.68830071e-01  5.68986129e-01  1.76e-06 4.04e-09  1.29e-10   130s
  61   5.68829348e-01  5.68974939e-01  1.32e-06 4.04e-09  7.98e-11   131s
  62   5.68828951e-01  5.68969953e-01  1.13e-06 3.96e-09  6.11e-11   134s
  63   5.68827827e-01  5.68965078e-01  6.78e-07 3.89e-09  3.27e-11   136s
  64   5.68827653e-01  5.68963560e-01  6.35e-07 3.85e-09  2.77e-11   138s
  65   5.68827542e-01  5.68962553e-01  5.91e-07 3.82e-09  2.65e-11   140s
  66   5.68827534e-01  5.68962452e-01  5.89e-07 3.82e-09  2.63e-11   142s
  67   5.68827312e-01  5.68962561e-01  5.37e-07 3.82e-09  2.53e-11   144s
  68   5.68827225e-01  5.68959801e-01  5.14e-07 3.79e-09  2.22e-11   146s
  69   5.68826963e-01  5.68955975e-01  4.54e-07 3.74e-09  1.89e-11   148s
  70   5.68826687e-01  5.68954747e-01  3.98e-07 3.62e-09  1.69e-11   150s
  71   5.68826417e-01  5.68950774e-01  3.44e-07 3.11e-09  1.41e-11   153s
  72   5.68826230e-01  5.68948514e-01  2.47e-07 2.79e-09  1.44e-11   155s
  73   5.68826264e-01  5.68944120e-01  2.33e-07 2.43e-09  1.78e-11   158s
  74   5.68825971e-01  5.68943703e-01  1.98e-07 2.23e-09  1.59e-11   160s
  75   5.68824950e-01  5.68941013e-01  9.11e-08 2.08e-09  1.04e-11   162s
  76   5.68824530e-01  5.68936302e-01  7.06e-08 2.21e-09  6.71e-12   164s
  77   5.68822569e-01  5.68933086e-01  3.09e-08 2.23e-09  5.51e-12   167s
  78   5.68821871e-01  5.68928207e-01  1.95e-08 2.32e-09  3.12e-12   169s
  79   5.68821644e-01  5.68927978e-01  1.69e-08 2.33e-09  2.83e-12   171s
  80   5.68821602e-01  5.68926867e-01  1.67e-08 2.35e-09  2.76e-12   173s
  81   5.68821277e-01  5.68924981e-01  1.30e-08 2.40e-09  2.27e-12   177s
  82   5.68820842e-01  5.68920807e-01  1.14e-08 2.45e-09  2.08e-12   179s
  83   5.68820716e-01  5.68920770e-01  1.09e-08 2.45e-09  2.00e-12   182s
  84   5.68820259e-01  5.68918992e-01  2.99e-08 2.46e-09  1.78e-12   184s
  85   5.68820194e-01  5.68917877e-01  2.93e-08 2.47e-09  1.76e-12   186s
  86   5.68820152e-01  5.68916787e-01  2.89e-08 2.50e-09  1.74e-12   188s
  87   5.68820095e-01  5.68916119e-01  2.78e-08 2.53e-09  1.65e-12   190s
  88   5.68820070e-01  5.68916129e-01  2.75e-08 2.53e-09  1.64e-12   192s
  89   5.68819595e-01  5.68916519e-01  2.01e-08 2.48e-09  1.75e-12   193s
  90   5.68819315e-01  5.68914767e-01  2.65e-08 2.55e-09  1.31e-12   195s
  91   5.68819160e-01  5.68914305e-01  2.51e-08 2.56e-09  1.24e-12   197s
  92   5.68818955e-01  5.68913885e-01  2.35e-08 2.56e-09  1.15e-12   199s
  93   5.68818742e-01  5.68913063e-01  2.19e-08 2.57e-09  1.06e-12   201s
  94   5.68818707e-01  5.68912994e-01  2.14e-08 2.58e-09  1.04e-12   203s
  95   5.68818707e-01  5.68912971e-01  2.14e-08 2.58e-09  1.04e-12   205s
  96   5.68818649e-01  5.68912719e-01  2.06e-08 2.59e-09  1.00e-12   207s
  97   5.68818645e-01  5.68912714e-01  2.06e-08 2.59e-09  1.01e-12   209s

Barrier solved model in 97 iterations and 208.63 seconds (391.51 work units)
Optimal objective 5.68820095e-01


User-callback calls 12755, time in user-callback 0.24 sec
Discarded solution information
Set parameter Method to value 2
Set parameter Crossover to value 0
Set parameter LPWarmStart to value 0
Set parameter NumericFocus to value 0
Set parameter DualReductions to value 1
Set parameter InfUnbdInfo to value 0
Set parameter TimeLimit to value 900
