
Gurobi 13.0.2 (win64) logging started Tue Oct  6 10:39:09 2026

Set parameter LogFile to value "C:\v42_m_stage_exact_completion\docs\v42_m_stage_exact_completion\HYBRID_LABELS_MESS01.log"
Set parameter TimeLimit to value 20
Gurobi Optimizer version 13.0.2 build v13.0.2rc1 (win64 - Windows 11+.0 (26200.2))

CPU model: 13th Gen Intel(R) Core(TM) i7-13620H, instruction set [SSE2|AVX|AVX2]
Thread count: 10 physical cores, 16 logical processors, using up to 1 threads

Non-default parameters:
TimeLimit  20
FeasibilityTol  1e-08
IntFeasTol  1e-08
OptimalityTol  1e-08
Method  2
BarConvTol  1e-11
Crossover  1
InfUnbdInfo  1
LogToConsole  0
Threads  1

Optimize a model with 51458 rows, 58814 columns and 314503 nonzeros (Min)
Model fingerprint: 0xe870ee36
Model has 2808 linear objective coefficients and an objective constant of 1.0534511496427985e-02
Coefficient statistics:
  Matrix range     [2e-01, 4e+02]
  Objective range  [4e-11, 8e-06]
  Bounds range     [1e+00, 1e+03]
  RHS range        [1e+00, 8e+02]

Presolve removed 4 rows and 4 columns
Presolve time: 0.08s
Presolved: 51454 rows, 58810 columns, 314495 nonzeros

Ordering time: 0.04s

Barrier statistics:
 AA' NZ     : 7.864e+05
 Factor NZ  : 1.295e+06 (roughly 50 MB of memory)
 Factor Ops : 7.623e+07 (less than 1 second per iteration)
 Threads    : 1

                  Objective                Residual
Iter       Primal          Dual         Primal    Dual     Compl     Time
   0   4.48837855e-01 -1.07108685e+02  1.14e+04 2.12e-02  5.18e+00     0s
   1  -2.70414859e-02 -9.85720872e+01  4.44e+03 1.14e-02  1.79e+00     0s
   2   1.34109250e-01 -5.85144897e+01  6.44e+02 1.59e-04  3.45e-01     0s
   3  -5.45493613e-02 -1.78784498e+01  1.55e+02 6.52e-15  8.59e-02     0s
   4  -1.04631113e-01 -1.33759340e+01  7.26e+01 5.36e-15  5.58e-02     0s
   5  -1.23813281e-01 -9.59893517e+00  4.84e+01 5.16e-15  4.05e-02     0s
   6  -1.29924460e-01 -8.12307397e+00  3.72e+01 7.40e-15  3.47e-02     0s
   7  -1.30875032e-01 -6.81875312e+00  2.92e+01 6.32e-15  2.93e-02     0s
   8  -1.02597813e-01 -5.71165215e+00  2.40e+01 5.63e-15  2.50e-02     0s
   9  -5.34951882e-02 -4.13290646e+00  1.34e+01 5.55e-15  1.72e-02     0s
  10  -3.38786918e-02 -1.86463249e+00  8.71e+00 4.70e-15  8.70e-03     0s
  11  -4.88653201e-03 -1.21756843e+00  1.70e+00 5.10e-15  4.32e-03     1s
  12  -6.66052035e-04 -7.42196495e-01  3.59e-01 4.44e-15  2.38e-03     1s
  13  -1.59041741e-03 -2.39050745e-01  7.04e-02 3.94e-15  7.39e-04     1s
  14  -3.73563303e-03 -1.00366254e-01  9.56e-03 6.14e-15  2.98e-04     1s
  15  -4.52805006e-03 -7.59434604e-02  6.21e-03 5.81e-15  2.20e-04     1s
  16  -4.85857376e-03 -5.79387566e-02  5.15e-03 6.00e-15  1.63e-04     1s
  17  -5.25797898e-03 -5.27646461e-02  3.94e-03 6.36e-15  1.46e-04     1s
  18  -5.93450519e-03 -4.29360132e-02  2.10e-03 7.10e-15  1.14e-04     1s
  19  -6.02872492e-03 -3.60297841e-02  1.89e-03 5.43e-15  9.23e-05     1s
  20  -6.16891784e-03 -2.92960541e-02  1.54e-03 4.63e-15  7.11e-05     1s
  21  -6.24536131e-03 -2.71306218e-02  1.40e-03 8.40e-15  6.42e-05     1s
  22  -6.38814483e-03 -2.50083687e-02  1.14e-03 7.09e-15  5.73e-05     1s
  23  -6.62407045e-03 -2.09143640e-02  7.08e-04 7.87e-15  4.39e-05     1s
  24  -6.76859690e-03 -2.02084823e-02  4.83e-04 6.76e-15  4.13e-05     1s
  25  -6.90156518e-03 -1.68588360e-02  2.81e-04 5.48e-15  3.06e-05     1s
  26  -6.99013475e-03 -1.51880241e-02  2.03e-04 6.04e-15  2.52e-05     1s
  27  -7.01878531e-03 -1.32534724e-02  1.75e-04 4.35e-15  1.92e-05     1s
  28  -7.07368426e-03 -1.29757704e-02  1.45e-04 4.96e-15  1.81e-05     1s
  29  -7.13391854e-03 -1.21404494e-02  1.07e-04 4.10e-15  1.54e-05     1s
  30  -7.17655706e-03 -1.17971812e-02  8.64e-05 4.09e-15  1.42e-05     1s
  31  -7.24488118e-03 -1.15755861e-02  5.46e-05 4.89e-15  1.33e-05     1s
  32  -7.26102197e-03 -9.93429442e-03  4.60e-05 3.82e-15  8.21e-06     1s
  33  -7.29724369e-03 -9.71280891e-03  3.40e-05 4.68e-15  7.42e-06     1s
  34  -7.30512108e-03 -9.58085070e-03  3.18e-05 4.37e-15  6.99e-06     1s
  35  -7.34004640e-03 -8.97937425e-03  2.22e-05 4.26e-15  5.04e-06     1s
  36  -7.37669337e-03 -8.21350564e-03  1.26e-05 3.17e-15  2.57e-06     1s
  37  -7.40157176e-03 -8.03652188e-03  7.60e-06 2.78e-15  1.95e-06     1s
  38  -7.40878051e-03 -8.03093175e-03  6.49e-06 3.73e-15  1.91e-06     1s
  39  -7.43859194e-03 -7.68381481e-03  1.67e-06 2.55e-15  7.53e-07     1s
  40  -7.45264952e-03 -7.55116325e-03  2.61e-07 2.63e-15  3.03e-07     1s
  41  -7.45788773e-03 -7.49686933e-03  5.45e-08 2.59e-15  1.20e-07     1s
  42  -7.45977012e-03 -7.48165918e-03  1.81e-08 2.86e-15  6.72e-08     1s
  43  -7.46108618e-03 -7.47060101e-03  1.25e-09 2.07e-15  2.92e-08     1s
  44  -7.46159526e-03 -7.46489544e-03  5.05e-10 2.46e-15  1.01e-08     1s
  45  -7.46169658e-03 -7.46291845e-03  4.63e-10 2.37e-15  3.75e-09     1s
  46  -7.46174562e-03 -7.46201880e-03  3.65e-10 2.20e-15  8.39e-10     1s
  47  -7.46175537e-03 -7.46177270e-03  5.37e-10 1.34e-13  5.32e-11     1s
  48  -7.46175593e-03 -7.46176101e-03  2.15e-09 1.32e-12  1.56e-11     2s
  49  -7.46175698e-03 -7.46175889e-03  2.89e-09 3.89e-12  5.88e-12     2s
  50  -7.46175865e-03 -7.46175885e-03  4.08e-10 2.86e-12  6.18e-13     2s
  51  -7.46175884e-03 -7.46175885e-03  6.17e-10 4.34e-14  1.88e-14     2s
  52  -7.46175884e-03 -7.46175885e-03  2.42e-09 3.61e-14  1.70e-14     2s
  53  -7.46175885e-03 -7.46175885e-03  2.03e-09 1.97e-14  1.35e-14     2s
  54  -7.46175885e-03 -7.46175885e-03  7.29e-10 2.79e-15  2.07e-15     2s

Barrier solved model in 54 iterations and 1.69 seconds (2.65 work units)
Optimal objective -7.46175885e-03

Crossover log...

   28096 DPushes remaining with DInf 1.8973305e-06                 2s
       0 DPushes remaining with DInf 0.0000000e+00                 2s

   16864 PPushes remaining with PInf 2.3497121e-04                 2s
       0 PPushes remaining with PInf 0.0000000e+00                 2s

  Push phase complete: Pinf 0.0000000e+00, Dinf 2.4825547e-06      2s

Iteration    Objective       Primal Inf.    Dual Inf.      Time
   27647   -7.4617588e-03   0.000000e+00   2.482555e-06      2s
Crossover time: 0.39 seconds (0.59 work units)
   27648   -7.4617588e-03   0.000000e+00   0.000000e+00      2s

Solved in 27648 iterations and 2.11 seconds (3.25 work units)
Optimal objective -7.461758849e-03
