
Gurobi 13.0.2 (win64) logging started Tue Oct  6 10:58:39 2026

Set parameter LogFile to value "C:\v42_m_stage_exact_completion\docs\v42_m_stage_exact_completion\HYBRID_ORIGINAL_MESS04.log"
Gurobi Optimizer version 13.0.2 build v13.0.2rc1 (win64 - Windows 11+.0 (26200.2))

CPU model: 13th Gen Intel(R) Core(TM) i7-13620H, instruction set [SSE2|AVX|AVX2]
Thread count: 10 physical cores, 16 logical processors, using up to 1 threads

Non-default parameters:
TimeLimit  60
FeasibilityTol  1e-08
IntFeasTol  1e-08
MIPGap  0
MIPGapAbs  0
OptimalityTol  1e-08
Method  2
Crossover  2
DegenMoves  0
MIPFocus  3
NodeMethod  1
CutPasses  1
LogToConsole  0
Seed  20260929
Threads  1

Optimize a model with 51481 rows, 58841 columns and 314646 nonzeros (Min)
Model fingerprint: 0x9a60b600
Model has 2808 linear objective coefficients and an objective constant of 1.0518999211129703e-02
Variable types: 6799 continuous, 52042 integer (52042 binary)
Coefficient statistics:
  Matrix range     [2e-01, 4e+02]
  Objective range  [4e-11, 8e-06]
  Bounds range     [1e+00, 1e+03]
  RHS range        [1e+00, 8e+02]

Loaded user MIP start with objective 5.07408e-05

Presolve removed 8938 rows and 2 columns
Presolve time: 0.49s
Presolved: 42543 rows, 58839 columns, 292302 nonzeros
Variable types: 6797 continuous, 52042 integer (52042 binary)
Root relaxation presolve removed 2 rows and 2 columns
Root relaxation presolved: 42541 rows, 58837 columns, 292298 nonzeros

Root barrier log...

Ordering time: 0.04s

Barrier statistics:
 AA' NZ     : 5.993e+05
 Factor NZ  : 1.094e+06 (roughly 50 MB of memory)
 Factor Ops : 7.380e+07 (less than 1 second per iteration)
 Threads    : 1

                  Objective                Residual
Iter       Primal          Dual         Primal    Dual     Compl     Time
   0   4.22703596e-02 -3.44574618e+04  1.81e+04 1.20e-04  3.80e+00     1s
   1  -3.56934965e-02 -2.87597814e+04  2.42e+03 4.12e-03  5.55e-01     1s
   2   7.48752938e-02 -1.10088437e+04  3.51e+02 1.80e-04  1.09e-01     1s
   3   2.74596029e-02 -3.03803439e+03  1.06e+02 2.87e-06  2.93e-02     1s
   4  -3.98084391e-02 -2.40104435e+03  4.84e+01 2.11e-15  2.01e-02     1s
   5  -6.31577043e-02 -1.87425113e+03  2.86e+01 2.67e-15  1.51e-02     1s
   6  -6.82852925e-02 -1.41146191e+03  2.17e+01 2.92e-15  1.17e-02     1s
   7  -6.98800436e-02 -1.17020591e+03  1.62e+01 3.28e-15  9.76e-03     1s
   8  -5.61939623e-02 -8.67782653e+02  1.45e+01 2.40e-14  8.03e-03     1s
   9   6.54252970e-03 -5.90555800e+02  4.51e+00 1.64e-14  4.41e-03     1s
  10   9.93603229e-03 -2.17678612e+02  2.54e+00 1.53e-14  1.83e-03     1s
  11   1.30773227e-02 -2.95828239e+01  9.89e-01 1.31e-14  3.45e-04     1s
  12   1.51277045e-02 -1.24585879e+01  6.80e-02 1.30e-14  8.58e-05     1s
  13   1.38415495e-02 -1.31574281e+00  3.39e-11 1.32e-14  8.42e-06     1s
  14   8.00618599e-03 -9.21497515e-01  2.62e-11 1.40e-14  5.89e-06     1s
  15   7.17183101e-03 -1.91045254e-01  2.43e-11 1.31e-14  1.26e-06     1s
  16   2.93351564e-03 -7.35603952e-02  3.64e-11 1.41e-14  4.85e-07     1s
  17  -2.01740345e-04 -5.41912024e-02  2.94e-11 1.59e-14  3.42e-07     1s
  18  -3.03590306e-03 -3.91253345e-02  2.19e-11 1.54e-14  2.29e-07     1s
  19  -4.37570563e-03 -2.55843322e-02  1.15e-11 1.52e-14  1.34e-07     1s
  20  -4.83614898e-03 -2.13994859e-02  1.39e-11 1.54e-14  1.05e-07     1s
  21  -5.19511902e-03 -2.10837321e-02  1.75e-11 2.14e-14  1.01e-07     1s
  22  -5.81110445e-03 -1.74724532e-02  2.11e-11 1.95e-14  7.39e-08     1s
  23  -6.13731221e-03 -1.46532318e-02  4.33e-11 1.89e-14  5.39e-08     1s
  24  -6.28972810e-03 -1.41438406e-02  3.84e-11 2.21e-14  4.98e-08     1s
  25  -6.46365353e-03 -1.34134476e-02  4.64e-11 2.29e-14  4.40e-08     1s
  26  -6.58491013e-03 -1.29165607e-02  3.36e-11 2.23e-14  4.01e-08     1s
  27  -6.75992712e-03 -1.09619358e-02  4.51e-11 1.88e-14  2.66e-08     1s
  28  -6.83866365e-03 -1.06613246e-02  3.60e-11 2.11e-14  2.42e-08     1s
  29  -6.92264020e-03 -9.99207680e-03  3.60e-11 1.91e-14  1.94e-08     1s
  30  -6.96795379e-03 -9.63628262e-03  3.69e-11 2.06e-14  1.69e-08     2s
  31  -7.04607807e-03 -9.18964165e-03  1.27e-10 1.91e-14  1.36e-08     2s
  32  -7.06313882e-03 -9.11630648e-03  1.22e-10 2.35e-14  1.30e-08     2s
  33  -7.11096887e-03 -8.74072145e-03  8.56e-11 2.05e-14  1.03e-08     2s
  34  -7.15342765e-03 -8.56339416e-03  7.20e-11 2.15e-14  8.93e-09     2s
  35  -7.20071846e-03 -8.29648355e-03  5.61e-10 1.98e-14  6.94e-09     2s
  36  -7.25099687e-03 -8.12098483e-03  4.48e-10 2.19e-14  5.51e-09     2s
  37  -7.26981892e-03 -7.98374274e-03  4.00e-10 1.92e-14  4.52e-09     2s
  38  -7.28239215e-03 -7.90865312e-03  3.69e-10 1.91e-14  3.97e-09     2s
  39  -7.29475454e-03 -7.79614361e-03  3.35e-10 1.99e-14  3.18e-09     2s
  40  -7.32448160e-03 -7.72987110e-03  2.71e-10 2.05e-14  2.57e-09     2s
  41  -7.34762169e-03 -7.65394945e-03  2.25e-10 1.81e-14  1.94e-09     2s
  42  -7.37674628e-03 -7.61102179e-03  1.69e-10 1.70e-14  1.48e-09     2s
  43  -7.39890201e-03 -7.60505739e-03  1.29e-10 2.22e-14  1.31e-09     2s
  44  -7.41056156e-03 -7.55264909e-03  1.08e-10 1.78e-14  9.00e-10     2s
  45  -7.42895794e-03 -7.52872631e-03  1.79e-10 1.70e-14  6.32e-10     2s
  46  -7.45744764e-03 -7.51404903e-03  4.66e-10 2.41e-13  3.59e-10     2s
  47  -7.46790903e-03 -7.49111790e-03  1.97e-10 1.04e-13  1.47e-10     2s
  48  -7.47088859e-03 -7.48496831e-03  1.34e-10 7.73e-13  8.92e-11     2s
  49  -7.47522446e-03 -7.48274287e-03  6.79e-10 1.53e-12  4.76e-11     2s
  50  -7.47647776e-03 -7.47940703e-03  4.03e-10 5.84e-12  1.86e-11     2s
  51  -7.47695397e-03 -7.47848465e-03  1.56e-10 8.74e-12  9.84e-12     2s
  52  -7.47719645e-03 -7.47789394e-03  9.00e-11 9.11e-12  4.56e-12     2s
  53  -7.47725628e-03 -7.47740431e-03  2.09e-10 4.20e-12  1.00e-12     2s
  54  -7.47727035e-03 -7.47727219e-03  9.67e-11 5.24e-13  1.95e-14     2s

Barrier solved model in 54 iterations and 2.07 seconds (3.37 work units)
Optimal objective -7.47727035e-03

Crossover time: 0.44 seconds (0.68 work units)

Root relaxation: objective -7.477271e-03, 34120 iterations, 1.97 seconds (3.07 work units)

    Nodes    |    Current Node    |     Objective Bounds      |     Work
 Expl Unexpl |  Obj  Depth IntInf | Incumbent    BestBd   Gap | It/Node Time

     0     0   -0.00748    0  895    0.00005   -0.00748      -     -    2s
H    0     0                      -0.0051648   -0.00748  44.8%     -    2s
H    0     0                      -0.0061072   -0.00748  22.4%     -    2s
H    0     0                      -0.0061776   -0.00748  21.0%     -    3s
H    0     0                      -0.0062045   -0.00748  20.5%     -    3s
H    0     0                      -0.0063042   -0.00748  18.6%     -    3s
     0     0   -0.00745    0  595   -0.00630   -0.00745  18.2%     -    6s
     0     0   -0.00745    0  910   -0.00630   -0.00745  18.2%     -   12s
     0     0   -0.00735    0  778   -0.00630   -0.00735  16.6%     -   15s
     0     0   -0.00735    0  935   -0.00630   -0.00735  16.6%     -   20s
     0     0   -0.00687    0  562   -0.00630   -0.00687  9.03%     -   23s
     0     0   -0.00687    0  972   -0.00630   -0.00687  8.98%     -   29s
     0     0   -0.00677    0  650   -0.00630   -0.00677  7.32%     -   35s
     0     2   -0.00677    0  650   -0.00630   -0.00677  7.32%     -   37s
     4     4   -0.00633    2  354   -0.00630   -0.00644  2.19%  1322   40s
*   14     0               9      -0.0063325   -0.00633  0.00%   808   43s

Cutting planes:
  Gomory: 6
  Lift-and-project: 7
  Projected implied bound: 14
  MIR: 227
  Flow cover: 86
  Relax-and-lift: 4
  BQP: 151

Explored 15 nodes (151476 simplex iterations) in 43.62 seconds (78.51 work units)
Thread count was 1 (of 16 available processors)

Solution count 7: -0.00633253 -0.00630424 -0.00620447 ... 5.07408e-05

Optimal solution found (tolerance 0.00e+00)
Best objective -6.332529671667e-03, best bound -6.332529671667e-03, gap 0.0000%
