
Gurobi 13.0.2 (win64) logging started Tue Oct  6 10:57:33 2026

Set parameter LogFile to value "C:\v42_m_stage_exact_completion\docs\v42_m_stage_exact_completion\HYBRID_LABELS_MESS02.log"
Set parameter TimeLimit to value 20
Gurobi Optimizer version 13.0.2 build v13.0.2rc1 (win64 - Windows 11+.0 (26200.2))

CPU model: 13th Gen Intel(R) Core(TM) i7-13620H, instruction set [SSE2|AVX|AVX2]
Thread count: 10 physical cores, 16 logical processors, using up to 1 threads

Non-default parameters:
TimeLimit  20
FeasibilityTol  1e-08
IntFeasTol  1e-08
OptimalityTol  1e-08
Method  2
BarConvTol  1e-11
Crossover  1
InfUnbdInfo  1
LogToConsole  0
Threads  1

Optimize a model with 51527 rows, 58895 columns and 314932 nonzeros (Min)
Model fingerprint: 0xc2562f67
Model has 2808 linear objective coefficients and an objective constant of 1.0515891421222258e-02
Coefficient statistics:
  Matrix range     [2e-01, 4e+02]
  Objective range  [4e-11, 8e-06]
  Bounds range     [1e+00, 1e+03]
  RHS range        [1e+00, 8e+02]

Presolve removed 3 rows and 3 columns
Presolve time: 0.09s
Presolved: 51524 rows, 58892 columns, 314926 nonzeros

Ordering time: 0.04s

Barrier statistics:
 AA' NZ     : 7.875e+05
 Factor NZ  : 1.294e+06 (roughly 50 MB of memory)
 Factor Ops : 7.583e+07 (less than 1 second per iteration)
 Threads    : 1

                  Objective                Residual
Iter       Primal          Dual         Primal    Dual     Compl     Time
   0   4.48817680e-01 -1.07024134e+02  1.14e+04 2.12e-02  5.18e+00     0s
   1  -2.68911208e-02 -9.57402425e+01  4.41e+03 3.98e-03  1.69e+00     0s
   2   1.15772453e-01 -5.18847400e+01  6.45e+02 1.62e-14  3.20e-01     0s
   3  -7.86760357e-02 -1.48126984e+01  1.48e+02 5.05e-15  7.41e-02     0s
   4  -1.18648823e-01 -9.84054492e+00  7.07e+01 3.46e-15  4.43e-02     0s
   5  -1.24246300e-01 -9.28367131e+00  6.34e+01 3.29e-15  4.14e-02     0s
   6  -1.29021705e-01 -8.34125948e+00  5.70e+01 3.01e-15  3.80e-02     0s
   7  -1.36802117e-01 -7.01996825e+00  4.36e+01 2.63e-15  3.15e-02     0s
   8  -1.38992697e-01 -5.97153923e+00  2.97e+01 5.21e-15  2.58e-02     0s
   9  -1.21474108e-01 -5.17349591e+00  2.23e+01 8.58e-15  2.19e-02     0s
  10  -9.45230953e-02 -4.15541931e+00  1.58e+01 1.12e-14  1.75e-02     1s
  11  -6.26016098e-02 -2.81491210e+00  1.08e+01 1.14e-14  1.20e-02     1s
  12  -3.04684456e-02 -2.39311258e+00  5.96e+00 1.57e-14  9.21e-03     1s
  13  -4.96346185e-03 -1.27356512e+00  1.18e+00 1.06e-14  4.27e-03     1s
  14  -1.09706265e-03 -1.94779742e-01  1.01e-01 1.18e-14  6.12e-04     1s
  15  -2.66629137e-03 -1.33621873e-01  3.80e-02 1.09e-14  4.07e-04     1s
  16  -3.39487851e-03 -8.92134921e-02  2.52e-02 6.48e-15  2.66e-04     1s
  17  -4.31880426e-03 -7.38773880e-02  1.59e-02 6.60e-15  2.15e-04     1s
  18  -5.01185671e-03 -5.47516342e-02  1.03e-02 5.33e-15  1.53e-04     1s
  19  -5.48282306e-03 -4.61583879e-02  7.28e-03 7.35e-15  1.25e-04     1s
  20  -5.72717760e-03 -3.98132061e-02  5.92e-03 8.13e-15  1.05e-04     1s
  21  -5.90753663e-03 -3.17625882e-02  5.02e-03 5.52e-15  7.96e-05     1s
  22  -6.15951420e-03 -2.29176636e-02  3.79e-03 6.34e-15  5.16e-05     1s
  23  -6.23477764e-03 -2.12256104e-02  3.48e-03 6.89e-15  4.62e-05     1s
  24  -6.54526059e-03 -1.79427762e-02  2.18e-03 6.15e-15  3.51e-05     1s
  25  -6.78263812e-03 -1.60530849e-02  1.05e-03 7.94e-15  2.85e-05     1s
  26  -6.97496839e-03 -1.44960591e-02  5.29e-04 8.59e-15  2.31e-05     1s
  27  -7.07699646e-03 -1.35153046e-02  3.26e-04 7.97e-15  1.98e-05     1s
  28  -7.12907476e-03 -1.32736330e-02  2.44e-04 7.61e-15  1.89e-05     1s
  29  -7.16860242e-03 -1.16350296e-02  1.84e-04 7.93e-15  1.37e-05     1s
  30  -7.27133170e-03 -1.07681075e-02  7.49e-05 6.97e-15  1.07e-05     1s
  31  -7.31360966e-03 -1.01580181e-02  4.96e-05 6.02e-15  8.73e-06     1s
  32  -7.32021860e-03 -9.95177895e-03  4.66e-05 6.39e-15  8.07e-06     1s
  33  -7.33829623e-03 -9.54149454e-03  3.47e-05 6.91e-15  6.76e-06     1s
  34  -7.34287932e-03 -9.07155171e-03  3.13e-05 6.46e-15  5.30e-06     1s
  35  -7.37907995e-03 -9.00255096e-03  2.01e-05 9.07e-15  4.98e-06     1s
  36  -7.39527673e-03 -8.35626396e-03  1.47e-05 4.89e-15  2.95e-06     1s
  37  -7.41600858e-03 -8.02939315e-03  9.75e-06 4.35e-15  1.88e-06     1s
  38  -7.42694191e-03 -7.88791533e-03  7.26e-06 6.05e-15  1.41e-06     1s
  39  -7.43655443e-03 -7.87209193e-03  5.64e-06 6.99e-15  1.34e-06     1s
  40  -7.45619191e-03 -7.68822934e-03  2.37e-06 5.32e-15  7.12e-07     1s
  41  -7.46634667e-03 -7.59157632e-03  9.84e-07 4.81e-15  3.84e-07     1s
  42  -7.47480050e-03 -7.54492430e-03  2.09e-07 5.11e-15  2.15e-07     1s
  43  -7.47731889e-03 -7.51456392e-03  6.39e-08 5.10e-15  1.14e-07     1s
  44  -7.47779878e-03 -7.50626807e-03  5.08e-08 6.14e-15  8.73e-08     1s
  45  -7.47921564e-03 -7.49168263e-03  1.18e-08 5.03e-15  3.82e-08     1s
  46  -7.47989364e-03 -7.48542009e-03  2.90e-09 5.20e-15  1.69e-08     1s
  47  -7.48020429e-03 -7.48249667e-03  6.06e-10 5.17e-15  7.03e-09     1s
  48  -7.48031088e-03 -7.48131358e-03  5.32e-10 5.15e-15  3.08e-09     1s
  49  -7.48037316e-03 -7.48053408e-03  1.47e-10 1.70e-14  4.94e-10     1s
  50  -7.48037548e-03 -7.48038333e-03  1.75e-09 5.80e-14  2.41e-11     2s
  51  -7.48037841e-03 -7.48037911e-03  2.15e-09 3.37e-12  2.13e-12     2s
  52  -7.48037854e-03 -7.48037893e-03  4.25e-09 5.44e-13  1.18e-12     2s
  53  -7.48037885e-03 -7.48037892e-03  2.70e-09 4.13e-13  2.40e-13     2s
  54  -7.48037890e-03 -7.48037892e-03  6.93e-10 1.65e-13  6.16e-14     2s
  55  -7.48037890e-03 -7.48037892e-03  2.15e-09 1.62e-13  6.11e-14     2s
  56  -7.48037891e-03 -7.48037892e-03  3.44e-09 9.23e-14  4.84e-14     2s
  57  -7.48037891e-03 -7.48037892e-03  2.09e-09 5.23e-14  2.95e-14     2s
  58  -7.48037892e-03 -7.48037892e-03  1.35e-09 3.13e-14  1.90e-14     2s
  59  -7.48037892e-03 -7.48037892e-03  6.99e-10 1.90e-14  9.86e-15     2s
  60  -7.48037892e-03 -7.48037892e-03  2.09e-09 1.14e-14  6.90e-15     2s
  61  -7.48037892e-03 -7.48037892e-03  1.79e-09 9.54e-15  5.88e-15     2s

Barrier solved model in 61 iterations and 1.84 seconds (2.97 work units)
Optimal objective -7.48037892e-03

Crossover log...

   19732 DPushes remaining with DInf 1.3730939e-02                 2s
       0 DPushes remaining with DInf 5.1816062e-03                 2s

   17680 PPushes remaining with PInf 3.5655012e-05                 2s
       0 PPushes remaining with PInf 0.0000000e+00                 2s

  Push phase complete: Pinf 0.0000000e+00, Dinf 3.8048496e-03      2s

Iteration    Objective       Primal Inf.    Dual Inf.      Time
   25292   -7.4803789e-03   0.000000e+00   3.804850e-03      2s
Crossover time: 0.33 seconds (0.53 work units)
   25351   -7.4803789e-03   0.000000e+00   0.000000e+00      2s

Solved in 25351 iterations and 2.19 seconds (3.52 work units)
Optimal objective -7.480378924e-03
