
Gurobi 13.0.2 (win64) logging started Tue Oct  6 10:59:23 2026

Set parameter LogFile to value "C:\v42_m_stage_exact_completion\docs\v42_m_stage_exact_completion\HYBRID_LABELS_MESS04.log"
Set parameter TimeLimit to value 20
Gurobi Optimizer version 13.0.2 build v13.0.2rc1 (win64 - Windows 11+.0 (26200.2))

CPU model: 13th Gen Intel(R) Core(TM) i7-13620H, instruction set [SSE2|AVX|AVX2]
Thread count: 10 physical cores, 16 logical processors, using up to 1 threads

Non-default parameters:
TimeLimit  20
FeasibilityTol  1e-08
IntFeasTol  1e-08
OptimalityTol  1e-08
Method  2
BarConvTol  1e-11
Crossover  1
InfUnbdInfo  1
LogToConsole  0
Threads  1

Optimize a model with 51481 rows, 58841 columns and 314646 nonzeros (Min)
Model fingerprint: 0xf2f01866
Model has 2808 linear objective coefficients and an objective constant of 1.0518999211129703e-02
Coefficient statistics:
  Matrix range     [2e-01, 4e+02]
  Objective range  [4e-11, 8e-06]
  Bounds range     [1e+00, 1e+03]
  RHS range        [1e+00, 8e+02]

Presolve removed 4 rows and 4 columns
Presolve time: 0.09s
Presolved: 51477 rows, 58837 columns, 314638 nonzeros

Ordering time: 0.04s

Barrier statistics:
 AA' NZ     : 7.869e+05
 Factor NZ  : 1.289e+06 (roughly 50 MB of memory)
 Factor Ops : 7.436e+07 (less than 1 second per iteration)
 Threads    : 1

                  Objective                Residual
Iter       Primal          Dual         Primal    Dual     Compl     Time
   0   4.48821955e-01 -1.07093613e+02  1.14e+04 2.12e-02  5.18e+00     0s
   1  -2.69580096e-02 -9.81081915e+01  4.44e+03 6.80e-03  1.74e+00     0s
   2   1.33454327e-01 -5.91994510e+01  6.53e+02 2.23e-05  3.48e-01     0s
   3  -5.92303975e-02 -1.63383300e+01  1.51e+02 4.07e-15  8.07e-02     0s
   4  -1.11452165e-01 -1.20085418e+01  6.38e+01 2.97e-15  5.04e-02     0s
   5  -1.30443853e-01 -9.18768831e+00  4.03e+01 3.57e-15  3.79e-02     0s
   6  -1.33838262e-01 -8.01447831e+00  2.98e+01 1.32e-14  3.27e-02     0s
   7  -1.27749534e-01 -7.10273284e+00  2.50e+01 1.35e-14  2.92e-02     0s
   8  -1.13138256e-01 -6.16838184e+00  2.11e+01 1.48e-14  2.57e-02     0s
   9  -7.97100844e-02 -4.87590163e+00  1.41e+01 1.56e-14  1.97e-02     0s
  10  -5.45132041e-02 -2.59020677e+00  9.95e+00 1.03e-14  1.14e-02     1s
  11  -2.01606531e-02 -1.99509637e+00  4.34e+00 9.70e-15  7.66e-03     1s
  12  -1.56724218e-03 -1.00051453e+00  5.64e-01 9.98e-15  3.25e-03     1s
  13  -1.35502141e-03 -2.49313511e-01  1.18e-01 5.23e-15  7.81e-04     1s
  14  -2.74632601e-03 -1.85987680e-01  4.57e-02 6.33e-15  5.69e-04     1s
  15  -4.12616498e-03 -1.10263756e-01  1.37e-02 5.59e-15  3.27e-04     1s
  16  -4.87231884e-03 -7.03068846e-02  8.27e-03 5.36e-15  2.02e-04     1s
  17  -5.49028338e-03 -5.61843026e-02  5.11e-03 6.76e-15  1.56e-04     1s
  18  -5.61263427e-03 -5.25977175e-02  4.63e-03 5.85e-15  1.45e-04     1s
  19  -5.78705483e-03 -4.70452988e-02  3.93e-03 6.50e-15  1.27e-04     1s
  20  -5.97566786e-03 -4.29546288e-02  3.32e-03 7.13e-15  1.14e-04     1s
  21  -6.15456810e-03 -3.35382343e-02  2.71e-03 6.57e-15  8.42e-05     1s
  22  -6.35228064e-03 -3.01928507e-02  2.11e-03 7.70e-15  7.33e-05     1s
  23  -6.44513665e-03 -2.52145696e-02  1.78e-03 9.35e-15  5.77e-05     1s
  24  -6.51773413e-03 -1.95890379e-02  1.55e-03 7.61e-15  4.02e-05     1s
  25  -6.68830040e-03 -1.80225105e-02  1.02e-03 7.23e-15  3.49e-05     1s
  26  -6.86260189e-03 -1.75202677e-02  6.36e-04 8.81e-15  3.28e-05     1s
  27  -6.94985336e-03 -1.71234991e-02  4.62e-04 8.10e-15  3.13e-05     1s
  28  -7.01185862e-03 -1.43951804e-02  3.63e-04 6.90e-15  2.27e-05     1s
  29  -7.05405712e-03 -1.35958081e-02  3.11e-04 6.92e-15  2.01e-05     1s
  30  -7.14014610e-03 -1.17951833e-02  2.13e-04 8.92e-15  1.43e-05     1s
  31  -7.23315584e-03 -1.12201948e-02  1.24e-04 6.52e-15  1.22e-05     1s
  32  -7.23992945e-03 -1.10664209e-02  1.18e-04 6.61e-15  1.18e-05     1s
  33  -7.27771315e-03 -1.04641889e-02  8.99e-05 9.56e-15  9.79e-06     1s
  34  -7.29982488e-03 -1.00931805e-02  7.31e-05 6.94e-15  8.58e-06     1s
  35  -7.35482764e-03 -9.75695380e-03  3.60e-05 8.23e-15  7.38e-06     1s
  36  -7.38152087e-03 -9.64030028e-03  2.59e-05 7.18e-15  6.94e-06     1s
  37  -7.38495022e-03 -8.56998062e-03  2.46e-05 6.29e-15  3.64e-06     1s
  38  -7.39098465e-03 -8.44152792e-03  2.25e-05 7.44e-15  3.23e-06     1s
  39  -7.39645067e-03 -8.24763102e-03  2.03e-05 5.92e-15  2.61e-06     1s
  40  -7.40668634e-03 -8.22656979e-03  1.69e-05 7.68e-15  2.52e-06     1s
  41  -7.41356277e-03 -8.20477732e-03  1.48e-05 1.02e-14  2.43e-06     1s
  42  -7.41977351e-03 -7.99656601e-03  1.28e-05 7.87e-15  1.77e-06     1s
  43  -7.42975943e-03 -7.86464763e-03  9.54e-06 5.97e-15  1.34e-06     1s
  44  -7.44983480e-03 -7.65469710e-03  4.67e-06 5.44e-15  6.29e-07     1s
  45  -7.45758232e-03 -7.62723685e-03  2.85e-06 5.77e-15  5.21e-07     1s
  46  -7.46804827e-03 -7.56346702e-03  8.31e-07 5.86e-15  2.93e-07     1s
  47  -7.47356071e-03 -7.50946962e-03  1.43e-07 4.77e-15  1.10e-07     1s
  48  -7.47542048e-03 -7.48907569e-03  3.35e-08 6.00e-15  4.19e-08     2s
  49  -7.47666544e-03 -7.48339685e-03  6.18e-09 5.56e-15  2.07e-08     2s
  50  -7.47707342e-03 -7.47999320e-03  1.23e-09 5.00e-15  8.96e-09     2s
  51  -7.47721782e-03 -7.47835679e-03  1.58e-10 5.06e-15  3.50e-09     2s
  52  -7.47726462e-03 -7.47744618e-03  4.27e-10 5.25e-15  5.57e-10     2s
  53  -7.47726661e-03 -7.47727826e-03  1.61e-09 7.38e-14  3.58e-11     2s
  54  -7.47726773e-03 -7.47727142e-03  2.91e-09 2.09e-12  1.13e-11     2s
  55  -7.47726954e-03 -7.47727115e-03  3.60e-09 3.02e-12  4.93e-12     2s
  56  -7.47726990e-03 -7.47727114e-03  6.14e-09 1.32e-12  3.84e-12     2s
  57  -7.47727088e-03 -7.47727114e-03  6.35e-09 8.07e-13  8.03e-13     2s
  58  -7.47727113e-03 -7.47727113e-03  4.88e-10 7.71e-15  1.73e-14     2s
  59  -7.47727113e-03 -7.47727113e-03  1.44e-09 6.58e-15  1.51e-14     2s
  60  -7.47727113e-03 -7.47727113e-03  1.39e-10 4.06e-15  3.92e-16     2s

Barrier solved model in 60 iterations and 1.85 seconds (2.93 work units)
Optimal objective -7.47727113e-03

Crossover log...

   24628 DPushes remaining with DInf 1.7711767e-03                 2s
       0 DPushes remaining with DInf 1.5924980e-04                 2s

   16674 PPushes remaining with PInf 2.9444124e-06                 2s
       0 PPushes remaining with PInf 0.0000000e+00                 2s

  Push phase complete: Pinf 0.0000000e+00, Dinf 1.5824382e-03      2s

Iteration    Objective       Primal Inf.    Dual Inf.      Time
   25928   -7.4772711e-03   0.000000e+00   1.582438e-03      2s
Crossover time: 0.40 seconds (0.65 work units)
   25953   -7.4772711e-03   0.000000e+00   0.000000e+00      2s

Solved in 25953 iterations and 2.27 seconds (3.60 work units)
Optimal objective -7.477271134e-03
