
Gurobi 13.0.2 (win64) logging started Thu Oct  8 19:47:34 2026

Set parameter OutputFlag to value 1
Set parameter LogToConsole to value 0
Set parameter NodefileDir to value "D:\v42_m1_global_physical_proof_20261008\docs\v42_m1_global_physical_proof_20261008\tmp"
Gurobi Optimizer version 13.0.2 build v13.0.2rc1 (win64 - Windows 11+.0 (26200.2))

CPU model: 13th Gen Intel(R) Core(TM) i7-13620H, instruction set [SSE2|AVX|AVX2]
Thread count: 10 physical cores, 16 logical processors, using up to 1 threads

Non-default parameters:
TimeLimit  575
FeasibilityTol  1e-08
IntFeasTol  1e-08
MIPGap  0.005
OptimalityTol  1e-08
Method  2
Crossover  2
DegenMoves  0
MIPFocus  3
NodeMethod  1
DualReductions  0
LogToConsole  0
Seed  20260929
Threads  1

Optimize a model with 35931 rows, 60996 columns and 310763 nonzeros (Max)
Model fingerprint: 0xc0a5a381
Model has 2298 linear objective coefficients
Variable types: 58668 continuous, 2328 integer (2328 binary)
Coefficient statistics:
  Matrix range     [2e-01, 4e+02]
  Objective range  [3e-16, 8e-06]
  Bounds range     [1e+00, 1e+03]
  RHS range        [1e+00, 1e+03]

Presolve removed 25 rows and 25 columns
Presolve time: 0.21s
Presolved: 35906 rows, 60971 columns, 261507 nonzeros
Variable types: 58641 continuous, 2330 integer (2330 binary)
Found heuristic solution: objective 0.0037978
Root relaxation presolved: 35906 rows, 60971 columns, 261507 nonzeros

Root barrier log...

Ordering time: 0.05s

Barrier statistics:
 Dense cols : 1
 AA' NZ     : 4.372e+05
 Factor NZ  : 1.208e+06 (roughly 50 MB of memory)
 Factor Ops : 1.120e+08 (less than 1 second per iteration)
 Threads    : 1

                  Objective                Residual
Iter       Primal          Dual         Primal    Dual     Compl     Time
   0  -6.91959600e-02  3.42200095e+04  2.27e+04 1.21e-04  4.37e+00     1s
   1   1.17073831e-01  3.08092274e+04  3.33e+03 6.23e-03  7.16e-01     1s
   2  -2.68823593e-02  1.19151009e+04  5.41e+02 2.10e-04  1.38e-01     1s
   3  -3.33846678e-02  3.38827251e+03  1.50e+02 2.27e-05  3.52e-02     1s
   4   4.28233418e-02  2.64248402e+03  6.08e+01 1.49e-05  2.26e-02     1s
   5   6.26581844e-02  2.28880732e+03  3.81e+01 1.18e-05  1.85e-02     1s
   6   6.97796529e-02  2.03698297e+03  3.03e+01 9.48e-06  1.63e-02     1s
   7   7.32896657e-02  1.86808892e+03  2.63e+01 8.03e-06  1.50e-02     1s
   8   7.98958003e-02  1.56573716e+03  1.83e+01 6.91e-06  1.25e-02     1s
   9   7.82852031e-02  1.32769647e+03  1.47e+01 6.14e-06  1.08e-02     1s
  10   2.37148703e-02  1.14324564e+03  9.89e+00 3.87e-06  8.93e-03     1s
  11   1.07939628e-02  2.73474586e+02  5.73e+00 5.76e-15  2.78e-03     1s
  12  -2.07413071e-03  7.43595181e+01  1.12e+00 3.36e-15  6.76e-04     1s
  13  -3.88114735e-03  5.28278217e+01  3.34e-01 3.51e-15  3.95e-04     1s
  14  -4.21718258e-03  1.18366978e+01  2.84e-02 3.22e-15  7.90e-05     1s
  15  -1.64646831e-03  1.51890654e+00  2.24e-11 2.18e-09  9.92e-06     1s
  16   4.22642394e-03  1.83076391e-01  1.14e-11 3.05e-16  1.17e-06     1s
  17   7.34926749e-03  4.48276849e-02  1.68e-11 6.14e-17  2.44e-07     1s
  18   9.15077384e-03  3.15604207e-02  1.36e-11 3.52e-17  1.46e-07     1s
  19   9.83208497e-03  2.39725076e-02  1.65e-11 2.43e-17  9.22e-08     1s
  20   1.01385896e-02  1.75661025e-02  1.27e-11 1.07e-17  4.84e-08     1s
  21   1.04796506e-02  1.45653214e-02  7.59e-12 5.98e-18  2.66e-08     1s
  22   1.05477023e-02  1.34333934e-02  6.02e-12 4.29e-18  1.88e-08     1s
  23   1.07116691e-02  1.27896377e-02  6.47e-12 3.18e-18  1.36e-08     1s
  24   1.08538656e-02  1.24026039e-02  5.83e-12 3.07e-18  1.01e-08     1s
  25   1.09793580e-02  1.16890883e-02  7.60e-12 1.99e-18  4.63e-09     1s
  26   1.10517929e-02  1.13504956e-02  8.43e-12 1.55e-18  1.95e-09     1s
  27   1.10963266e-02  1.11884564e-02  9.02e-12 1.60e-18  6.01e-10     1s
  28   1.11200285e-02  1.11513052e-02  1.56e-11 1.73e-18  2.04e-10     1s
  29   1.11231772e-02  1.11346678e-02  1.01e-11 5.95e-12  7.50e-11     1s
  30   1.11244636e-02  1.11297066e-02  6.55e-12 9.77e-12  3.44e-11     1s
  31   1.11252844e-02  1.11270307e-02  2.52e-12 1.09e-11  1.17e-11     2s
  32   1.11255478e-02  1.11259851e-02  3.47e-12 1.38e-11  3.03e-12     2s
  33   1.11256162e-02  1.11256574e-02  2.41e-12 6.83e-12  3.15e-13     2s
  34   1.11256193e-02  1.11256252e-02  1.16e-11 6.34e-12  5.69e-14     2s

Barrier solved model in 34 iterations and 1.60 seconds (2.09 work units)
Optimal objective 1.11256193e-02

Crossover time: 0.62 seconds (0.92 work units)

Root relaxation: objective 1.112532e-02, 41536 iterations, 1.85 seconds (2.46 work units)

    Nodes    |    Current Node    |     Objective Bounds      |     Work
 Expl Unexpl |  Obj  Depth IntInf | Incumbent    BestBd   Gap | It/Node Time

     0     0    0.01113    0 1447    0.00380    0.01113   193%     -    2s
H    0     0                       0.0111084    0.01113  0.15%     -    2s

Explored 1 nodes (41536 simplex iterations) in 2.40 seconds (3.22 work units)
Thread count was 1 (of 16 available processors)

Solution count 2: 0.0111084 0.00379781 

Optimal solution found (tolerance 5.00e-03)
Best objective 1.110839971158e-02, best bound 1.112531752790e-02, gap 0.1523%

User-callback calls 688, time in user-callback 0.01 sec
