Set parameter Username
Set parameter LicenseID to value 2845475
Academic license - for non-commercial use only - expires 2027-07-18
Set parameter OutputFlag to value 1
Set parameter LogToConsole to value 0
Set parameter Username
Set parameter LicenseID to value 2845475
Academic license - for non-commercial use only - expires 2027-07-18
Set parameter OutputFlag to value 1
Set parameter LogToConsole to value 0
Set parameter Username
Set parameter LicenseID to value 2845475
Academic license - for non-commercial use only - expires 2027-07-18
Set parameter OutputFlag to value 1
Set parameter LogToConsole to value 0
Set parameter Username
Set parameter LicenseID to value 2845475
Academic license - for non-commercial use only - expires 2027-07-18
Set parameter OutputFlag to value 1
Set parameter LogToConsole to value 0
Set parameter Username
Set parameter LicenseID to value 2845475
Academic license - for non-commercial use only - expires 2027-07-18
Set parameter OutputFlag to value 1
Set parameter LogToConsole to value 0
BENCHMARK_DONE CHALLENGER MICROBENCHMARK_INCONCLUSIVE 21 88.01869579999766 7.057853271852377e-05 6.164804630897311e-07
