
Gurobi 13.0.2 (win64) logging started Thu Oct  8 11:30:39 2026

Set parameter LogFile to value "D:\v42_m1_joint_formulation_20261008\docs\v42_m1_joint_formulation_20261008\runs\A\NATIVE_SOLVER.log"
Gurobi Optimizer version 13.0.2 build v13.0.2rc1 (win64 - Windows 11+.0 (26200.2))

CPU model: 13th Gen Intel(R) Core(TM) i7-13620H, instruction set [SSE2|AVX|AVX2]
Thread count: 10 physical cores, 16 logical processors, using up to 1 threads

Non-default parameters:
TimeLimit  600
FeasibilityTol  1e-08
IntFeasTol  1e-08
MIPGap  0.005
OptimalityTol  1e-08
Method  2
Crossover  0
DegenMoves  0
MIPFocus  3
NodeMethod  1
LogToConsole  0
Seed  20260929
Threads  1

Optimize a model with 895739 rows, 439294 columns and 6266920 nonzeros (Min)
Model fingerprint: 0xf7b3b0fc
Model has 1 linear objective coefficients
Coefficient statistics:
  Matrix range     [1e-13, 2e+03]
  Objective range  [1e+00, 1e+00]
  Bounds range     [3e-08, 2e+03]
  RHS range        [2e-24, 2e+03]
Warning: Model contains large matrix coefficient range
         Consider reformulating model or setting NumericFocus parameter
         to avoid numerical issues.

Presolve removed 305807 rows and 28515 columns
Presolve time: 3.22s
Presolved: 589932 rows, 431066 columns, 5190408 nonzeros
Elapsed ordering time = 5s
Elapsed ordering time = 10s
Ordering time: 11.87s

Barrier statistics:
 Dense cols : 532
 AA' NZ     : 4.664e+07
 Factor NZ  : 9.162e+07 (roughly 1.2 GB of memory)
 Factor Ops : 9.249e+10 (roughly 5 seconds per iteration)
 Threads    : 1

                  Objective                Residual
Iter       Primal          Dual         Primal    Dual     Compl     Time
   0   1.27460439e+03 -6.72962302e+05  6.52e+07 7.87e-07  1.24e+04    40s
   1   1.70060177e+03 -4.73389354e+05  4.36e+07 1.21e+02  6.55e+03    47s
   2   1.47575975e+03 -3.62664997e+05  3.77e+07 5.17e+01  1.05e+04    54s
   3   1.27134483e+02 -2.10071044e+05  3.23e+06 3.20e+01  9.19e+02    62s
   4   3.23021705e+00 -7.53353949e+04  5.70e+04 5.70e+00  2.28e+01    70s
   5   1.15076643e+00 -1.68894581e+04  3.86e+03 5.52e-02  2.36e+00    78s
   6   1.02632072e+00 -4.21538083e+03  6.75e+02 1.11e-02  4.96e-01    87s
   7   1.00719678e+00 -1.08370490e+03  1.86e+02 2.27e-03  1.25e-01    95s
   8   1.00229364e+00 -4.34186072e+02  6.02e+01 1.43e-03  4.86e-02   104s
   9   1.00159942e+00 -3.17245249e+02  4.25e+01 1.02e-03  3.54e-02   112s
  10   1.00136949e+00 -2.47993608e+02  3.66e+01 8.03e-04  2.82e-02   120s
  11   1.00071961e+00 -8.38785953e+01  2.02e+01 4.35e-04  1.05e-02   129s
  12   1.00004675e+00 -9.75651233e+00  2.95e+00 8.54e-05  1.36e-03   139s
  13   9.99536428e-01 -1.76932534e+00  1.76e-01 1.10e-04  2.71e-04   149s
  14   7.21583233e-01 -1.74341397e+00  1.11e-01 1.08e-04  2.37e-04   156s
  15   7.15875624e-01 -1.51897450e+00  1.09e-01 9.38e-05  2.15e-04   164s
  16   6.75495214e-01 -7.48052542e-01  9.02e-02 5.37e-05  1.37e-04   174s
  17   6.32281029e-01 -1.67787223e-01  6.59e-02 2.66e-05  7.65e-05   184s
  18   6.14682728e-01  1.38863024e-01  4.71e-02 2.95e-05  4.50e-05   194s
  19   6.04945762e-01  3.00827918e-01  3.20e-02 1.83e-05  2.85e-05   198s
  20   5.97611155e-01  3.85283903e-01  2.45e-02 2.08e-05  1.97e-05   202s
  21   5.87840412e-01  4.59478842e-01  1.41e-02 1.45e-05  1.17e-05   206s
  22   5.82237772e-01  4.88806145e-01  9.18e-03 2.01e-05  8.37e-06   210s
  23   5.78042449e-01  4.98798739e-01  6.17e-03 2.84e-05  7.04e-06   215s
  24   5.75779061e-01  5.11682130e-01  4.71e-03 7.62e-05  5.64e-06   218s
  25   5.73905865e-01  5.40303076e-01  3.37e-03 1.00e-04  2.86e-06   222s
  26   5.72127589e-01  5.52105352e-01  2.26e-03 5.20e-05  1.67e-06   226s
  27   5.71302502e-01  5.56862870e-01  1.67e-03 6.42e-05  1.21e-06   229s
  28   5.71128645e-01  5.57068404e-01  1.56e-03 9.36e-05  1.18e-06   233s
  29   5.70653786e-01  5.58996068e-01  1.24e-03 7.77e-05  9.77e-07   237s
  30   5.70557782e-01  5.61245015e-01  1.17e-03 7.70e-05  7.91e-07   240s
  31   5.70544015e-01  5.61200200e-01  1.17e-03 1.56e-04  7.88e-07   244s
  32   5.70080610e-01  5.63033325e-01  7.84e-04 1.26e-04  6.04e-07   247s
  33   5.69924206e-01  5.63908962e-01  6.88e-04 1.14e-04  5.22e-07   251s
  34   5.69906214e-01  5.64061768e-01  6.76e-04 1.89e-04  5.11e-07   254s
  35   5.69725075e-01  5.64923804e-01  5.63e-04 1.35e-04  4.25e-07   258s
  36   5.69572278e-01  5.65898707e-01  4.69e-04 1.23e-04  3.37e-07   265s
  37   5.69572281e-01  5.65833893e-01  4.69e-04 1.28e-04  3.36e-07   270s
  38   5.69570036e-01  5.65859058e-01  4.67e-04 1.17e-04  3.36e-07   277s
  39   5.69405758e-01  5.66367142e-01  3.61e-04 1.45e-04  2.88e-07   285s
  40   5.69397205e-01  5.66331493e-01  3.56e-04 1.10e-04  2.84e-07   293s
  41   5.69294683e-01  5.66878217e-01  2.97e-04 9.82e-05  2.32e-07   301s
  42   5.69294685e-01  5.66934052e-01  2.97e-04 1.02e-04  2.32e-07   309s
  43   5.69285178e-01  5.66945332e-01  2.91e-04 1.08e-04  2.30e-07   317s
  44   5.69285178e-01  5.66861440e-01  2.91e-04 2.08e-04  2.31e-07   325s
  45   5.69231531e-01  5.67372984e-01  2.62e-04 3.52e-04  1.96e-07   334s
  46   5.69231532e-01  5.67510362e-01  2.62e-04 4.90e-04  1.95e-07   342s
  47   5.69212535e-01  5.67560926e-01  2.51e-04 4.94e-04  1.87e-07   350s
  48   5.69202016e-01  5.67606914e-01  2.45e-04 4.79e-04  1.82e-07   357s
  49   5.69114877e-01  5.67847640e-01  1.94e-04 4.11e-04  1.53e-07   369s
  50   5.69114878e-01  5.67847949e-01  1.94e-04 7.51e-04  1.53e-07   376s
  51   5.69114878e-01  5.67794595e-01  1.94e-04 6.33e-04  1.53e-07   384s
  52   1.27464346e+03 -6.72962412e+09  6.52e+07 0.00e+00  1.24e+08   394s
  53   1.76853137e+03 -8.26169131e+09  4.55e+07 1.10e+02  1.07e+08   398s
  54   8.26100534e+01 -5.61712552e+09  2.87e+07 1.65e+01  1.75e+08   401s
  55   5.76972154e+00 -2.66860927e+09  1.87e+06 1.96e+01  1.16e+07   404s
  56   6.29164464e-01 -1.33120885e+09  7.58e+04 1.57e-10  5.76e+05   408s
  57   4.29090490e-01 -6.21037231e+08  6.20e+03 6.62e-06  8.91e+04   412s
  58   4.13693583e-01 -1.90596572e+08  1.72e+03 2.39e-10  2.30e+04   416s
  59   4.18709816e-01 -5.78027499e+07  9.83e+02 1.25e-06  7.62e+03   420s
  60   4.35684137e-01 -1.22166405e+07  1.41e+02 1.70e-06  1.42e+03   425s
  61   4.38407171e-01 -6.21407825e+06  7.54e+01 6.74e-07  7.26e+02   428s
  62   4.46673755e-01 -4.57424899e+06  4.85e+01 4.92e-07  5.23e+02   431s
  63   4.53814272e-01 -3.86070647e+06  3.92e+01 4.30e-07  4.40e+02   435s
  64   4.60277286e-01 -3.15254532e+06  3.43e+01 2.28e-05  3.65e+02   438s
  65   4.85425422e-01 -1.80542494e+06  2.10e+01 1.20e-04  2.13e+02   446s
  66   5.37149832e-01 -1.11235059e+06  8.04e+00 6.31e-05  1.22e+02   456s
  67   5.61276700e-01 -6.88997670e+05  4.62e+00 8.28e-08  7.39e+01   466s
  68   5.79483685e-01 -3.69187488e+05  2.21e+00 5.72e-08  3.86e+01   475s
  69   5.93296073e-01 -1.79187341e+05  1.08e+00 2.93e-08  1.84e+01   484s
  70   6.00767697e-01 -7.53260112e+04  3.27e-01 6.72e-05  7.46e+00   492s
  71   6.03819801e-01 -2.29463753e+04  4.70e-02 6.65e-05  2.20e+00   500s
  72   6.05294445e-01 -3.75254691e+03  1.10e-03 6.68e-10  3.54e-01   510s
  73   6.05731505e-01 -5.50600486e+02  7.08e-04 1.92e-05  5.19e-02   519s
  74   6.05682842e-01 -3.37426945e+01  2.09e-06 3.18e-06  3.24e-03   527s
  75   6.04643953e-01 -6.43652551e-01  9.74e-07 2.69e-07  1.18e-04   538s
  76   6.00801864e-01 -2.83908535e-01  6.44e-07 1.81e-07  8.33e-05   549s
  77   5.94978016e-01 -1.87319560e-02  3.63e-07 1.26e-07  5.78e-05   561s
  78   5.86459264e-01  3.27938543e-01  1.79e-07 5.94e-08  2.43e-05   574s
  79   5.81701891e-01  4.12645071e-01  1.02e-07 4.15e-08  1.59e-05   586s
  80   5.76890162e-01  5.04864109e-01  5.30e-08 9.72e-09  6.78e-06   605s

Barrier performed 80 iterations in 604.67 seconds (581.40 work units)
Time limit reached


User-callback calls 13882, time in user-callback 0.13 sec
