CALIBRATION_READY LGBM_weighted_c1_s20260924
CALIBRATION_READY HURDLE_weighted_c1_s20260924
CALIBRATION_READY BURST_EXPERT_weighted_c1_s20260924
CALIBRATION_READY TFT_weighted_c1_s20260924
CALIBRATION_READY TFT_weighted_c1_s20260925
CALIBRATION_READY TFT_weighted_c1_s20260926
CALIBRATION_READY DEEPAR_weighted_c1_s20260924
CALIBRATION_READY DEEPAR_weighted_c1_s20260925
CALIBRATION_READY DEEPAR_weighted_c1_s20260926
EVALUATION_CACHE_READY LGBM_weighted_c1_s20260924
TFT seed=20260924 lr=0.001 n=254 epoch=8/8 train=2.1s
TFT seed=20260924 lr=0.001 n=255 epoch=8/8 train=1.9s
TFT seed=20260924 lr=0.001 n=255 epoch=8/8 train=1.8s
TFT seed=20260924 lr=0.001 n=256 epoch=8/8 train=1.8s
TFT seed=20260924 lr=0.001 n=257 epoch=8/8 train=1.8s
TFT seed=20260924 lr=0.001 n=259 epoch=8/8 train=1.9s
TFT seed=20260924 lr=0.001 n=259 epoch=8/8 train=1.8s
TFT seed=20260924 lr=0.001 n=260 epoch=8/8 train=2.0s
TFT seed=20260924 lr=0.001 n=261 epoch=8/8 train=1.9s
TFT seed=20260924 lr=0.001 n=263 epoch=8/8 train=1.9s
TFT seed=20260924 lr=0.001 n=264 epoch=8/8 train=1.9s
TFT seed=20260924 lr=0.001 n=264 epoch=8/8 train=1.9s
TFT seed=20260924 lr=0.001 n=264 epoch=8/8 train=2.0s
TFT seed=20260924 lr=0.001 n=265 epoch=8/8 train=2.0s
TFT seed=20260924 lr=0.001 n=266 epoch=8/8 train=2.0s
TFT seed=20260924 lr=0.001 n=270 epoch=8/8 train=2.1s
TFT seed=20260924 lr=0.001 n=270 epoch=8/8 train=2.0s
TFT seed=20260924 lr=0.001 n=272 epoch=8/8 train=1.9s
TFT seed=20260924 lr=0.001 n=273 epoch=8/8 train=2.1s
TFT seed=20260924 lr=0.001 n=273 epoch=8/8 train=2.0s
TFT seed=20260924 lr=0.001 n=276 epoch=8/8 train=2.0s
TFT seed=20260924 lr=0.001 n=276 epoch=8/8 train=2.1s
TFT seed=20260924 lr=0.001 n=277 epoch=8/8 train=2.1s
TFT seed=20260924 lr=0.001 n=278 epoch=8/8 train=2.2s
TFT seed=20260924 lr=0.001 n=279 epoch=8/8 train=2.0s
TFT seed=20260924 lr=0.001 n=280 epoch=8/8 train=1.9s
TFT seed=20260924 lr=0.001 n=281 epoch=8/8 train=2.0s
TFT seed=20260924 lr=0.001 n=282 epoch=8/8 train=1.9s
TFT seed=20260924 lr=0.001 n=282 epoch=8/8 train=2.0s
TFT seed=20260924 lr=0.001 n=284 epoch=8/8 train=2.1s
TFT seed=20260924 lr=0.001 n=285 epoch=8/8 train=2.1s
TFT seed=20260924 lr=0.001 n=286 epoch=8/8 train=2.1s
TFT seed=20260924 lr=0.001 n=286 epoch=8/8 train=2.0s
TFT seed=20260924 lr=0.001 n=286 epoch=8/8 train=2.0s
TFT seed=20260924 lr=0.001 n=287 epoch=8/8 train=2.0s
TFT seed=20260924 lr=0.001 n=288 epoch=8/8 train=2.0s
TFT seed=20260924 lr=0.001 n=289 epoch=8/8 train=2.1s
TFT seed=20260924 lr=0.001 n=289 epoch=8/8 train=2.1s
TFT seed=20260924 lr=0.001 n=291 epoch=8/8 train=2.2s
TFT seed=20260924 lr=0.001 n=292 epoch=8/8 train=2.3s
TFT seed=20260924 lr=0.001 n=294 epoch=8/8 train=2.4s
TFT seed=20260924 lr=0.001 n=295 epoch=8/8 train=2.4s
TFT seed=20260924 lr=0.001 n=295 epoch=8/8 train=2.4s
TFT seed=20260924 lr=0.001 n=296 epoch=8/8 train=2.6s
TFT seed=20260924 lr=0.001 n=296 epoch=8/8 train=2.4s
TFT seed=20260924 lr=0.001 n=298 epoch=8/8 train=2.4s
TFT seed=20260924 lr=0.001 n=300 epoch=8/8 train=2.4s
TFT seed=20260924 lr=0.001 n=300 epoch=8/8 train=2.3s
TFT seed=20260924 lr=0.001 n=300 epoch=8/8 train=2.4s
TFT seed=20260924 lr=0.001 n=300 epoch=8/8 train=2.7s
TFT seed=20260924 lr=0.001 n=301 epoch=8/8 train=2.4s
TFT seed=20260924 lr=0.001 n=303 epoch=8/8 train=2.6s
TFT seed=20260924 lr=0.001 n=304 epoch=8/8 train=2.6s
TFT seed=20260924 lr=0.001 n=304 epoch=8/8 train=2.5s
TFT seed=20260924 lr=0.001 n=304 epoch=8/8 train=2.5s
TFT seed=20260924 lr=0.001 n=305 epoch=8/8 train=3.0s
TFT seed=20260924 lr=0.001 n=307 epoch=8/8 train=3.3s
TFT seed=20260924 lr=0.001 n=309 epoch=8/8 train=3.2s
TFT seed=20260924 lr=0.001 n=310 epoch=8/8 train=3.3s
TFT seed=20260924 lr=0.001 n=310 epoch=8/8 train=3.1s
TFT seed=20260924 lr=0.001 n=312 epoch=8/8 train=2.5s
TFT seed=20260924 lr=0.001 n=313 epoch=8/8 train=2.3s
TFT seed=20260924 lr=0.001 n=313 epoch=8/8 train=2.4s
TFT seed=20260924 lr=0.001 n=316 epoch=8/8 train=2.5s
TFT seed=20260924 lr=0.001 n=316 epoch=8/8 train=2.6s
TFT seed=20260924 lr=0.001 n=316 epoch=8/8 train=2.7s
TFT seed=20260924 lr=0.001 n=318 epoch=8/8 train=2.6s
TFT seed=20260924 lr=0.001 n=318 epoch=8/8 train=2.7s
TFT seed=20260924 lr=0.001 n=318 epoch=8/8 train=2.5s
TFT seed=20260924 lr=0.001 n=318 epoch=8/8 train=2.4s
TFT seed=20260924 lr=0.001 n=320 epoch=8/8 train=2.4s
TFT seed=20260924 lr=0.001 n=322 epoch=8/8 train=2.7s
TFT seed=20260924 lr=0.001 n=323 epoch=8/8 train=2.8s
TFT seed=20260924 lr=0.001 n=324 epoch=8/8 train=2.6s
TFT seed=20260924 lr=0.001 n=326 epoch=8/8 train=2.5s
TFT seed=20260924 lr=0.001 n=326 epoch=8/8 train=2.6s
TFT seed=20260924 lr=0.001 n=329 epoch=8/8 train=2.7s
TFT seed=20260924 lr=0.001 n=329 epoch=8/8 train=2.5s
TFT seed=20260924 lr=0.001 n=331 epoch=8/8 train=2.8s
TFT seed=20260924 lr=0.001 n=331 epoch=8/8 train=2.8s
TFT seed=20260924 lr=0.001 n=331 epoch=8/8 train=2.7s
TFT seed=20260924 lr=0.001 n=334 epoch=8/8 train=2.7s
TFT seed=20260924 lr=0.001 n=334 epoch=8/8 train=2.6s
TFT seed=20260924 lr=0.001 n=335 epoch=8/8 train=2.6s
TFT seed=20260924 lr=0.001 n=336 epoch=8/8 train=2.6s
TFT seed=20260924 lr=0.001 n=337 epoch=8/8 train=2.8s
TFT seed=20260924 lr=0.001 n=338 epoch=8/8 train=2.8s
TFT seed=20260924 lr=0.001 n=339 epoch=8/8 train=2.9s
TFT seed=20260924 lr=0.001 n=339 epoch=8/8 train=2.9s
TFT seed=20260924 lr=0.001 n=342 epoch=8/8 train=2.9s
TFT seed=20260924 lr=0.001 n=343 epoch=8/8 train=2.8s
TFT seed=20260924 lr=0.001 n=343 epoch=8/8 train=2.8s
TFT seed=20260924 lr=0.001 n=344 epoch=8/8 train=2.8s
TFT seed=20260924 lr=0.001 n=345 epoch=8/8 train=2.8s
TFT seed=20260924 lr=0.001 n=345 epoch=8/8 train=2.9s
TFT seed=20260924 lr=0.001 n=346 epoch=8/8 train=3.3s
TFT seed=20260924 lr=0.001 n=348 epoch=8/8 train=3.4s
TFT seed=20260924 lr=0.001 n=349 epoch=8/8 train=3.0s
TFT seed=20260924 lr=0.001 n=350 epoch=8/8 train=3.0s
TFT seed=20260924 lr=0.001 n=351 epoch=8/8 train=3.0s
TFT seed=20260924 lr=0.001 n=351 epoch=8/8 train=3.0s
TFT seed=20260924 lr=0.001 n=353 epoch=8/8 train=3.2s
TFT seed=20260924 lr=0.001 n=354 epoch=8/8 train=3.3s
TFT seed=20260924 lr=0.001 n=356 epoch=8/8 train=3.2s
TFT seed=20260924 lr=0.001 n=356 epoch=8/8 train=3.3s
TFT seed=20260924 lr=0.001 n=357 epoch=8/8 train=3.3s
TFT seed=20260924 lr=0.001 n=358 epoch=8/8 train=3.6s
TFT seed=20260924 lr=0.001 n=358 epoch=8/8 train=3.6s
TFT seed=20260924 lr=0.001 n=360 epoch=8/8 train=3.7s
TFT seed=20260924 lr=0.001 n=361 epoch=8/8 train=3.3s
TFT seed=20260924 lr=0.001 n=363 epoch=8/8 train=3.4s
TFT seed=20260924 lr=0.001 n=363 epoch=8/8 train=3.4s
TFT seed=20260924 lr=0.001 n=363 epoch=8/8 train=3.3s
TFT seed=20260924 lr=0.001 n=364 epoch=8/8 train=3.3s
TFT seed=20260924 lr=0.001 n=364 epoch=8/8 train=3.3s
TFT seed=20260924 lr=0.001 n=365 epoch=8/8 train=3.3s
TFT seed=20260924 lr=0.001 n=367 epoch=8/8 train=3.2s
TFT seed=20260924 lr=0.001 n=369 epoch=8/8 train=3.4s
TFT seed=20260924 lr=0.001 n=370 epoch=8/8 train=3.3s
TFT seed=20260924 lr=0.001 n=371 epoch=8/8 train=3.5s
TFT seed=20260924 lr=0.001 n=371 epoch=8/8 train=3.4s
TFT seed=20260924 lr=0.001 n=371 epoch=8/8 train=3.4s
TFT seed=20260924 lr=0.001 n=372 epoch=8/8 train=3.4s
TFT seed=20260924 lr=0.001 n=375 epoch=8/8 train=3.5s
TFT seed=20260924 lr=0.001 n=376 epoch=8/8 train=3.4s
TFT seed=20260924 lr=0.001 n=376 epoch=8/8 train=3.4s
TFT seed=20260924 lr=0.001 n=376 epoch=8/8 train=3.4s
TFT seed=20260924 lr=0.001 n=378 epoch=8/8 train=3.4s
TFT seed=20260924 lr=0.001 n=378 epoch=8/8 train=3.2s
TFT seed=20260924 lr=0.001 n=378 epoch=8/8 train=3.1s
TFT seed=20260924 lr=0.001 n=379 epoch=8/8 train=3.1s
TFT seed=20260924 lr=0.001 n=380 epoch=8/8 train=3.3s
TFT seed=20260924 lr=0.001 n=381 epoch=8/8 train=3.3s
TFT seed=20260924 lr=0.001 n=383 epoch=8/8 train=3.4s
TFT seed=20260924 lr=0.001 n=384 epoch=8/8 train=3.4s
TFT seed=20260924 lr=0.001 n=385 epoch=8/8 train=3.4s
TFT seed=20260924 lr=0.001 n=385 epoch=8/8 train=3.3s
TFT seed=20260924 lr=0.001 n=385 epoch=8/8 train=3.3s
TFT seed=20260924 lr=0.001 n=385 epoch=8/8 train=3.4s
TFT seed=20260924 lr=0.001 n=385 epoch=8/8 train=3.3s
TFT seed=20260924 lr=0.001 n=386 epoch=8/8 train=3.2s
TFT seed=20260924 lr=0.001 n=388 epoch=8/8 train=3.2s
TFT seed=20260924 lr=0.001 n=390 epoch=8/8 train=3.2s
TFT seed=20260924 lr=0.001 n=390 epoch=8/8 train=3.4s
TFT seed=20260924 lr=0.001 n=390 epoch=8/8 train=3.2s
TFT seed=20260924 lr=0.001 n=392 epoch=8/8 train=3.3s
TFT seed=20260924 lr=0.001 n=393 epoch=8/8 train=3.1s
TFT seed=20260924 lr=0.001 n=394 epoch=8/8 train=2.7s
TFT seed=20260924 lr=0.001 n=395 epoch=8/8 train=2.9s
TFT seed=20260924 lr=0.001 n=398 epoch=8/8 train=2.8s
TFT seed=20260924 lr=0.001 n=398 epoch=8/8 train=3.0s
TFT seed=20260924 lr=0.001 n=399 epoch=8/8 train=2.7s
TFT seed=20260924 lr=0.001 n=400 epoch=8/8 train=2.8s
TFT seed=20260924 lr=0.001 n=401 epoch=8/8 train=3.0s
TFT seed=20260924 lr=0.001 n=404 epoch=8/8 train=2.8s
TFT seed=20260924 lr=0.001 n=405 epoch=8/8 train=2.8s
TFT seed=20260924 lr=0.001 n=407 epoch=8/8 train=2.7s
TFT seed=20260924 lr=0.001 n=409 epoch=8/8 train=2.9s
TFT seed=20260924 lr=0.001 n=409 epoch=8/8 train=2.8s
TFT seed=20260924 lr=0.001 n=410 epoch=8/8 train=2.7s
TFT seed=20260924 lr=0.001 n=411 epoch=8/8 train=2.7s
TFT seed=20260924 lr=0.001 n=411 epoch=8/8 train=2.7s
TFT seed=20260924 lr=0.001 n=412 epoch=8/8 train=2.7s
TFT seed=20260924 lr=0.001 n=412 epoch=8/8 train=2.6s
TFT seed=20260924 lr=0.001 n=412 epoch=8/8 train=2.8s
TFT seed=20260924 lr=0.001 n=412 epoch=8/8 train=2.8s
TFT seed=20260924 lr=0.001 n=415 epoch=8/8 train=2.9s
TFT seed=20260924 lr=0.001 n=415 epoch=8/8 train=2.9s
TFT seed=20260924 lr=0.001 n=419 epoch=8/8 train=2.9s
TFT seed=20260924 lr=0.001 n=420 epoch=8/8 train=2.7s
TFT seed=20260924 lr=0.001 n=421 epoch=8/8 train=2.5s
TFT seed=20260924 lr=0.001 n=422 epoch=8/8 train=2.7s
TFT seed=20260924 lr=0.001 n=422 epoch=8/8 train=2.8s
TFT seed=20260924 lr=0.001 n=422 epoch=8/8 train=2.9s
TFT seed=20260924 lr=0.001 n=423 epoch=8/8 train=2.9s
TFT seed=20260924 lr=0.001 n=425 epoch=8/8 train=3.0s
TFT seed=20260924 lr=0.001 n=425 epoch=8/8 train=2.8s
TFT seed=20260924 lr=0.001 n=427 epoch=8/8 train=2.8s
TFT seed=20260924 lr=0.001 n=427 epoch=8/8 train=2.8s
TFT seed=20260924 lr=0.001 n=428 epoch=8/8 train=2.8s
TFT seed=20260924 lr=0.001 n=431 epoch=8/8 train=2.9s
TFT seed=20260924 lr=0.001 n=433 epoch=8/8 train=2.9s
TFT seed=20260924 lr=0.001 n=433 epoch=8/8 train=3.1s
TFT seed=20260926 lr=0.001 n=254 epoch=8/8 train=1.8s
TFT seed=20260926 lr=0.001 n=255 epoch=8/8 train=1.8s
TFT seed=20260926 lr=0.001 n=255 epoch=8/8 train=1.7s
TFT seed=20260926 lr=0.001 n=256 epoch=8/8 train=1.7s
TFT seed=20260926 lr=0.001 n=257 epoch=8/8 train=1.8s
TFT seed=20260926 lr=0.001 n=259 epoch=8/8 train=1.8s
TFT seed=20260926 lr=0.001 n=259 epoch=8/8 train=2.0s
TFT seed=20260926 lr=0.001 n=260 epoch=8/8 train=1.9s
TFT seed=20260926 lr=0.001 n=261 epoch=8/8 train=2.0s
TFT seed=20260926 lr=0.001 n=263 epoch=8/8 train=2.0s
TFT seed=20260926 lr=0.001 n=264 epoch=8/8 train=1.9s
TFT seed=20260926 lr=0.001 n=264 epoch=8/8 train=1.8s
TFT seed=20260926 lr=0.001 n=264 epoch=8/8 train=1.8s
TFT seed=20260926 lr=0.001 n=265 epoch=8/8 train=1.8s
TFT seed=20260926 lr=0.001 n=266 epoch=8/8 train=1.7s
TFT seed=20260926 lr=0.001 n=270 epoch=8/8 train=1.8s
TFT seed=20260926 lr=0.001 n=270 epoch=8/8 train=1.8s
TFT seed=20260926 lr=0.001 n=272 epoch=8/8 train=2.0s
TFT seed=20260926 lr=0.001 n=273 epoch=8/8 train=2.1s
TFT seed=20260926 lr=0.001 n=273 epoch=8/8 train=2.2s
TFT seed=20260926 lr=0.001 n=276 epoch=8/8 train=2.1s
TFT seed=20260926 lr=0.001 n=276 epoch=8/8 train=2.1s
TFT seed=20260926 lr=0.001 n=277 epoch=8/8 train=2.1s
TFT seed=20260926 lr=0.001 n=278 epoch=8/8 train=2.0s
TFT seed=20260926 lr=0.001 n=279 epoch=8/8 train=2.1s
TFT seed=20260926 lr=0.001 n=280 epoch=8/8 train=2.1s
TFT seed=20260926 lr=0.001 n=281 epoch=8/8 train=2.1s
TFT seed=20260926 lr=0.001 n=282 epoch=8/8 train=2.2s
TFT seed=20260926 lr=0.001 n=282 epoch=8/8 train=2.2s
TFT seed=20260926 lr=0.001 n=284 epoch=8/8 train=2.1s
TFT seed=20260926 lr=0.001 n=285 epoch=8/8 train=2.2s
TFT seed=20260926 lr=0.001 n=286 epoch=8/8 train=2.1s
TFT seed=20260926 lr=0.001 n=286 epoch=8/8 train=2.0s
TFT seed=20260926 lr=0.001 n=286 epoch=8/8 train=2.1s
TFT seed=20260926 lr=0.001 n=287 epoch=8/8 train=2.1s
TFT seed=20260926 lr=0.001 n=288 epoch=8/8 train=2.2s
TFT seed=20260926 lr=0.001 n=289 epoch=8/8 train=2.4s
TFT seed=20260926 lr=0.001 n=289 epoch=8/8 train=2.3s
TFT seed=20260926 lr=0.001 n=291 epoch=8/8 train=2.4s
TFT seed=20260926 lr=0.001 n=292 epoch=8/8 train=2.6s
TFT seed=20260926 lr=0.001 n=294 epoch=8/8 train=2.4s
TFT seed=20260926 lr=0.001 n=295 epoch=8/8 train=2.3s
TFT seed=20260926 lr=0.001 n=295 epoch=8/8 train=2.5s
TFT seed=20260926 lr=0.001 n=296 epoch=8/8 train=2.3s
TFT seed=20260926 lr=0.001 n=296 epoch=8/8 train=2.4s
TFT seed=20260926 lr=0.001 n=298 epoch=8/8 train=2.5s
TFT seed=20260926 lr=0.001 n=300 epoch=8/8 train=2.6s
TFT seed=20260926 lr=0.001 n=300 epoch=8/8 train=2.4s
TFT seed=20260926 lr=0.001 n=300 epoch=8/8 train=2.8s
TFT seed=20260926 lr=0.001 n=300 epoch=8/8 train=2.6s
TFT seed=20260926 lr=0.001 n=301 epoch=8/8 train=2.6s
TFT seed=20260926 lr=0.001 n=303 epoch=8/8 train=2.6s
TFT seed=20260926 lr=0.001 n=304 epoch=8/8 train=2.6s
TFT seed=20260926 lr=0.001 n=304 epoch=8/8 train=2.6s
TFT seed=20260926 lr=0.001 n=304 epoch=8/8 train=2.4s
TFT seed=20260926 lr=0.001 n=305 epoch=8/8 train=2.6s
TFT seed=20260926 lr=0.001 n=307 epoch=8/8 train=2.5s
TFT seed=20260926 lr=0.001 n=309 epoch=8/8 train=2.7s
TFT seed=20260926 lr=0.001 n=310 epoch=8/8 train=2.6s
TFT seed=20260926 lr=0.001 n=310 epoch=8/8 train=2.4s
TFT seed=20260926 lr=0.001 n=312 epoch=8/8 train=2.6s
TFT seed=20260926 lr=0.001 n=313 epoch=8/8 train=2.6s
TFT seed=20260926 lr=0.001 n=313 epoch=8/8 train=2.5s
TFT seed=20260926 lr=0.001 n=316 epoch=8/8 train=2.5s
TFT seed=20260926 lr=0.001 n=316 epoch=8/8 train=2.5s
TFT seed=20260926 lr=0.001 n=316 epoch=8/8 train=2.4s
TFT seed=20260926 lr=0.001 n=318 epoch=8/8 train=2.4s
TFT seed=20260926 lr=0.001 n=318 epoch=8/8 train=2.4s
TFT seed=20260926 lr=0.001 n=318 epoch=8/8 train=2.5s
TFT seed=20260926 lr=0.001 n=318 epoch=8/8 train=2.4s
TFT seed=20260926 lr=0.001 n=320 epoch=8/8 train=2.5s
TFT seed=20260926 lr=0.001 n=322 epoch=8/8 train=2.6s
TFT seed=20260926 lr=0.001 n=323 epoch=8/8 train=2.5s
TFT seed=20260926 lr=0.001 n=324 epoch=8/8 train=2.4s
TFT seed=20260926 lr=0.001 n=326 epoch=8/8 train=2.4s
TFT seed=20260926 lr=0.001 n=326 epoch=8/8 train=2.5s
TFT seed=20260926 lr=0.001 n=329 epoch=8/8 train=2.5s
TFT seed=20260926 lr=0.001 n=329 epoch=8/8 train=2.6s
TFT seed=20260926 lr=0.001 n=331 epoch=8/8 train=2.5s
TFT seed=20260926 lr=0.001 n=331 epoch=8/8 train=2.4s
TFT seed=20260926 lr=0.001 n=331 epoch=8/8 train=2.4s
TFT seed=20260926 lr=0.001 n=334 epoch=8/8 train=2.4s
TFT seed=20260926 lr=0.001 n=334 epoch=8/8 train=2.3s
TFT seed=20260926 lr=0.001 n=335 epoch=8/8 train=2.4s
TFT seed=20260926 lr=0.001 n=336 epoch=8/8 train=2.4s
TFT seed=20260926 lr=0.001 n=337 epoch=8/8 train=2.6s
TFT seed=20260926 lr=0.001 n=338 epoch=8/8 train=2.7s
TFT seed=20260926 lr=0.001 n=339 epoch=8/8 train=2.6s
TFT seed=20260926 lr=0.001 n=339 epoch=8/8 train=2.5s
TFT seed=20260926 lr=0.001 n=342 epoch=8/8 train=2.6s
TFT seed=20260926 lr=0.001 n=343 epoch=8/8 train=2.5s
TFT seed=20260926 lr=0.001 n=343 epoch=8/8 train=2.4s
TFT seed=20260926 lr=0.001 n=344 epoch=8/8 train=2.5s
TFT seed=20260926 lr=0.001 n=345 epoch=8/8 train=2.5s
TFT seed=20260926 lr=0.001 n=345 epoch=8/8 train=2.6s
TFT seed=20260926 lr=0.001 n=346 epoch=8/8 train=2.6s
TFT seed=20260926 lr=0.001 n=348 epoch=8/8 train=2.6s
TFT seed=20260926 lr=0.001 n=349 epoch=8/8 train=2.6s
TFT seed=20260926 lr=0.001 n=350 epoch=8/8 train=2.6s
TFT seed=20260926 lr=0.001 n=351 epoch=8/8 train=2.5s
TFT seed=20260926 lr=0.001 n=351 epoch=8/8 train=2.4s
TFT seed=20260926 lr=0.001 n=353 epoch=8/8 train=2.6s
TFT seed=20260926 lr=0.001 n=354 epoch=8/8 train=2.6s
TFT seed=20260926 lr=0.001 n=356 epoch=8/8 train=2.7s
TFT seed=20260926 lr=0.001 n=356 epoch=8/8 train=2.4s
TFT seed=20260926 lr=0.001 n=357 epoch=8/8 train=2.4s
TFT seed=20260926 lr=0.001 n=358 epoch=8/8 train=2.4s
TFT seed=20260926 lr=0.001 n=358 epoch=8/8 train=2.3s
TFT seed=20260926 lr=0.001 n=360 epoch=8/8 train=2.4s
TFT seed=20260926 lr=0.001 n=361 epoch=8/8 train=2.6s
TFT seed=20260926 lr=0.001 n=363 epoch=8/8 train=2.6s
TFT seed=20260926 lr=0.001 n=363 epoch=8/8 train=2.5s
TFT seed=20260926 lr=0.001 n=363 epoch=8/8 train=2.5s
TFT seed=20260926 lr=0.001 n=364 epoch=8/8 train=2.5s
TFT seed=20260926 lr=0.001 n=364 epoch=8/8 train=2.3s
TFT seed=20260926 lr=0.001 n=365 epoch=8/8 train=2.3s
TFT seed=20260926 lr=0.001 n=367 epoch=8/8 train=2.3s
TFT seed=20260926 lr=0.001 n=369 epoch=8/8 train=2.6s
TFT seed=20260926 lr=0.001 n=370 epoch=8/8 train=2.6s
TFT seed=20260926 lr=0.001 n=371 epoch=8/8 train=2.6s
TFT seed=20260926 lr=0.001 n=371 epoch=8/8 train=2.5s
TFT seed=20260926 lr=0.001 n=371 epoch=8/8 train=2.3s
TFT seed=20260926 lr=0.001 n=372 epoch=8/8 train=2.5s
TFT seed=20260926 lr=0.001 n=375 epoch=8/8 train=2.5s
TFT seed=20260926 lr=0.001 n=376 epoch=8/8 train=2.5s
TFT seed=20260926 lr=0.001 n=376 epoch=8/8 train=2.5s
TFT seed=20260926 lr=0.001 n=376 epoch=8/8 train=2.6s
TFT seed=20260926 lr=0.001 n=378 epoch=8/8 train=2.6s
TFT seed=20260926 lr=0.001 n=378 epoch=8/8 train=2.4s
TFT seed=20260926 lr=0.001 n=378 epoch=8/8 train=2.3s
TFT seed=20260926 lr=0.001 n=379 epoch=8/8 train=2.3s
TFT seed=20260926 lr=0.001 n=380 epoch=8/8 train=2.4s
TFT seed=20260926 lr=0.001 n=381 epoch=8/8 train=2.4s
TFT seed=20260926 lr=0.001 n=383 epoch=8/8 train=2.4s
TFT seed=20260926 lr=0.001 n=384 epoch=8/8 train=2.5s
TFT seed=20260926 lr=0.001 n=385 epoch=8/8 train=2.6s
TFT seed=20260926 lr=0.001 n=385 epoch=8/8 train=2.7s
TFT seed=20260926 lr=0.001 n=385 epoch=8/8 train=2.6s
TFT seed=20260926 lr=0.001 n=385 epoch=8/8 train=2.5s
TFT seed=20260926 lr=0.001 n=385 epoch=8/8 train=2.5s
TFT seed=20260926 lr=0.001 n=386 epoch=8/8 train=2.5s
TFT seed=20260926 lr=0.001 n=388 epoch=8/8 train=2.8s
TFT seed=20260926 lr=0.001 n=390 epoch=8/8 train=2.8s
TFT seed=20260926 lr=0.001 n=390 epoch=8/8 train=2.7s
TFT seed=20260926 lr=0.001 n=390 epoch=8/8 train=2.6s
TFT seed=20260926 lr=0.001 n=392 epoch=8/8 train=2.5s
TFT seed=20260926 lr=0.001 n=393 epoch=8/8 train=2.8s
TFT seed=20260926 lr=0.001 n=394 epoch=8/8 train=2.7s
TFT seed=20260926 lr=0.001 n=395 epoch=8/8 train=2.6s
TFT seed=20260926 lr=0.001 n=398 epoch=8/8 train=2.7s
TFT seed=20260926 lr=0.001 n=398 epoch=8/8 train=2.9s
TFT seed=20260926 lr=0.001 n=399 epoch=8/8 train=2.8s
TFT seed=20260926 lr=0.001 n=400 epoch=8/8 train=2.6s
TFT seed=20260926 lr=0.001 n=401 epoch=8/8 train=2.7s
TFT seed=20260926 lr=0.001 n=404 epoch=8/8 train=2.8s
TFT seed=20260926 lr=0.001 n=405 epoch=8/8 train=2.7s
TFT seed=20260926 lr=0.001 n=407 epoch=8/8 train=2.8s
TFT seed=20260926 lr=0.001 n=409 epoch=8/8 train=3.0s
TFT seed=20260926 lr=0.001 n=409 epoch=8/8 train=3.1s
TFT seed=20260926 lr=0.001 n=410 epoch=8/8 train=2.9s
TFT seed=20260926 lr=0.001 n=411 epoch=8/8 train=2.8s
TFT seed=20260926 lr=0.001 n=411 epoch=8/8 train=2.8s
TFT seed=20260926 lr=0.001 n=412 epoch=8/8 train=2.8s
TFT seed=20260926 lr=0.001 n=412 epoch=8/8 train=2.8s
TFT seed=20260926 lr=0.001 n=412 epoch=8/8 train=2.9s
TFT seed=20260926 lr=0.001 n=412 epoch=8/8 train=3.0s
TFT seed=20260926 lr=0.001 n=415 epoch=8/8 train=3.0s
TFT seed=20260926 lr=0.001 n=415 epoch=8/8 train=2.8s
TFT seed=20260926 lr=0.001 n=419 epoch=8/8 train=3.1s
TFT seed=20260926 lr=0.001 n=420 epoch=8/8 train=3.2s
TFT seed=20260926 lr=0.001 n=421 epoch=8/8 train=3.3s
TFT seed=20260926 lr=0.001 n=422 epoch=8/8 train=3.3s
TFT seed=20260926 lr=0.001 n=422 epoch=8/8 train=3.3s
TFT seed=20260926 lr=0.001 n=422 epoch=8/8 train=3.2s
TFT seed=20260926 lr=0.001 n=423 epoch=8/8 train=3.3s
TFT seed=20260926 lr=0.001 n=425 epoch=8/8 train=3.4s
TFT seed=20260926 lr=0.001 n=425 epoch=8/8 train=3.4s
TFT seed=20260926 lr=0.001 n=427 epoch=8/8 train=3.4s
TFT seed=20260926 lr=0.001 n=427 epoch=8/8 train=3.3s
TFT seed=20260926 lr=0.001 n=428 epoch=8/8 train=3.3s
TFT seed=20260926 lr=0.001 n=431 epoch=8/8 train=3.4s
TFT seed=20260926 lr=0.001 n=433 epoch=8/8 train=3.3s
TFT seed=20260926 lr=0.001 n=433 epoch=8/8 train=3.3s
DEEPAR seed=20260924 lr=0.001 n=254 epoch=18/18 train=2.3s
DEEPAR seed=20260924 lr=0.001 n=255 epoch=18/18 train=2.3s
DEEPAR seed=20260924 lr=0.001 n=255 epoch=18/18 train=2.3s
DEEPAR seed=20260924 lr=0.001 n=256 epoch=18/18 train=2.2s
DEEPAR seed=20260924 lr=0.001 n=257 epoch=18/18 train=2.2s
DEEPAR seed=20260924 lr=0.001 n=259 epoch=18/18 train=2.2s
DEEPAR seed=20260924 lr=0.001 n=259 epoch=18/18 train=2.2s
DEEPAR seed=20260924 lr=0.001 n=260 epoch=18/18 train=2.6s
DEEPAR seed=20260924 lr=0.001 n=261 epoch=18/18 train=2.6s
DEEPAR seed=20260924 lr=0.001 n=263 epoch=18/18 train=2.4s
DEEPAR seed=20260924 lr=0.001 n=264 epoch=18/18 train=2.4s
DEEPAR seed=20260924 lr=0.001 n=264 epoch=18/18 train=2.4s
DEEPAR seed=20260924 lr=0.001 n=264 epoch=18/18 train=2.2s
DEEPAR seed=20260924 lr=0.001 n=265 epoch=18/18 train=2.4s
DEEPAR seed=20260924 lr=0.001 n=266 epoch=18/18 train=2.3s
DEEPAR seed=20260924 lr=0.001 n=270 epoch=18/18 train=2.2s
DEEPAR seed=20260924 lr=0.001 n=270 epoch=18/18 train=2.4s
DEEPAR seed=20260924 lr=0.001 n=272 epoch=18/18 train=2.4s
DEEPAR seed=20260924 lr=0.001 n=273 epoch=18/18 train=2.4s
DEEPAR seed=20260924 lr=0.001 n=273 epoch=18/18 train=2.2s
DEEPAR seed=20260924 lr=0.001 n=276 epoch=18/18 train=2.2s
DEEPAR seed=20260924 lr=0.001 n=276 epoch=18/18 train=2.2s
DEEPAR seed=20260924 lr=0.001 n=277 epoch=18/18 train=2.3s
DEEPAR seed=20260924 lr=0.001 n=278 epoch=18/18 train=2.5s
DEEPAR seed=20260924 lr=0.001 n=279 epoch=18/18 train=2.4s
DEEPAR seed=20260924 lr=0.001 n=280 epoch=18/18 train=2.6s
DEEPAR seed=20260924 lr=0.001 n=281 epoch=18/18 train=2.7s
DEEPAR seed=20260924 lr=0.001 n=282 epoch=18/18 train=2.4s
DEEPAR seed=20260924 lr=0.001 n=282 epoch=18/18 train=2.4s
DEEPAR seed=20260924 lr=0.001 n=284 epoch=18/18 train=2.6s
DEEPAR seed=20260924 lr=0.001 n=285 epoch=18/18 train=2.6s
DEEPAR seed=20260924 lr=0.001 n=286 epoch=18/18 train=2.5s
DEEPAR seed=20260924 lr=0.001 n=286 epoch=18/18 train=2.5s
DEEPAR seed=20260924 lr=0.001 n=286 epoch=18/18 train=2.2s
DEEPAR seed=20260924 lr=0.001 n=287 epoch=18/18 train=2.3s
DEEPAR seed=20260924 lr=0.001 n=288 epoch=18/18 train=2.3s
DEEPAR seed=20260924 lr=0.001 n=289 epoch=18/18 train=2.5s
DEEPAR seed=20260924 lr=0.001 n=289 epoch=18/18 train=2.6s
DEEPAR seed=20260924 lr=0.001 n=291 epoch=18/18 train=2.6s
DEEPAR seed=20260924 lr=0.001 n=292 epoch=18/18 train=2.6s
DEEPAR seed=20260924 lr=0.001 n=294 epoch=18/18 train=2.5s
DEEPAR seed=20260924 lr=0.001 n=295 epoch=18/18 train=2.5s
DEEPAR seed=20260924 lr=0.001 n=295 epoch=18/18 train=2.3s
DEEPAR seed=20260924 lr=0.001 n=296 epoch=18/18 train=2.5s
DEEPAR seed=20260924 lr=0.001 n=296 epoch=18/18 train=2.4s
DEEPAR seed=20260924 lr=0.001 n=298 epoch=18/18 train=2.4s
DEEPAR seed=20260924 lr=0.001 n=300 epoch=18/18 train=2.5s
DEEPAR seed=20260924 lr=0.001 n=300 epoch=18/18 train=2.5s
DEEPAR seed=20260924 lr=0.001 n=300 epoch=18/18 train=2.2s
DEEPAR seed=20260924 lr=0.001 n=300 epoch=18/18 train=2.2s
DEEPAR seed=20260924 lr=0.001 n=301 epoch=18/18 train=2.2s
DEEPAR seed=20260924 lr=0.001 n=303 epoch=18/18 train=2.1s
DEEPAR seed=20260924 lr=0.001 n=304 epoch=18/18 train=2.3s
DEEPAR seed=20260924 lr=0.001 n=304 epoch=18/18 train=2.4s
DEEPAR seed=20260924 lr=0.001 n=304 epoch=18/18 train=2.4s
DEEPAR seed=20260924 lr=0.001 n=305 epoch=18/18 train=2.5s
DEEPAR seed=20260924 lr=0.001 n=307 epoch=18/18 train=2.5s
DEEPAR seed=20260924 lr=0.001 n=309 epoch=18/18 train=2.4s
DEEPAR seed=20260924 lr=0.001 n=310 epoch=18/18 train=2.4s
DEEPAR seed=20260924 lr=0.001 n=310 epoch=18/18 train=2.4s
DEEPAR seed=20260924 lr=0.001 n=312 epoch=18/18 train=2.5s
DEEPAR seed=20260924 lr=0.001 n=313 epoch=18/18 train=2.5s
DEEPAR seed=20260924 lr=0.001 n=313 epoch=18/18 train=2.5s
DEEPAR seed=20260924 lr=0.001 n=316 epoch=18/18 train=2.4s
DEEPAR seed=20260924 lr=0.001 n=316 epoch=18/18 train=2.3s
DEEPAR seed=20260924 lr=0.001 n=316 epoch=18/18 train=2.2s
DEEPAR seed=20260924 lr=0.001 n=318 epoch=18/18 train=2.2s
DEEPAR seed=20260924 lr=0.001 n=318 epoch=18/18 train=2.4s
DEEPAR seed=20260924 lr=0.001 n=318 epoch=18/18 train=2.2s
DEEPAR seed=20260924 lr=0.001 n=318 epoch=18/18 train=2.3s
DEEPAR seed=20260924 lr=0.001 n=320 epoch=18/18 train=2.6s
DEEPAR seed=20260924 lr=0.001 n=322 epoch=18/18 train=2.7s
DEEPAR seed=20260924 lr=0.001 n=323 epoch=18/18 train=2.9s
DEEPAR seed=20260924 lr=0.001 n=324 epoch=18/18 train=3.0s
DEEPAR seed=20260924 lr=0.001 n=326 epoch=18/18 train=3.0s
DEEPAR seed=20260924 lr=0.001 n=326 epoch=18/18 train=3.2s
DEEPAR seed=20260924 lr=0.001 n=329 epoch=18/18 train=3.2s
DEEPAR seed=20260924 lr=0.001 n=329 epoch=18/18 train=3.0s
DEEPAR seed=20260924 lr=0.001 n=331 epoch=18/18 train=2.9s
DEEPAR seed=20260924 lr=0.001 n=331 epoch=18/18 train=2.7s
DEEPAR seed=20260924 lr=0.001 n=331 epoch=18/18 train=2.8s
DEEPAR seed=20260924 lr=0.001 n=334 epoch=18/18 train=2.7s
DEEPAR seed=20260924 lr=0.001 n=334 epoch=18/18 train=2.7s
DEEPAR seed=20260924 lr=0.001 n=335 epoch=18/18 train=2.7s
DEEPAR seed=20260924 lr=0.001 n=336 epoch=18/18 train=2.5s
DEEPAR seed=20260924 lr=0.001 n=337 epoch=18/18 train=3.0s
DEEPAR seed=20260924 lr=0.001 n=338 epoch=18/18 train=3.7s
DEEPAR seed=20260924 lr=0.001 n=339 epoch=18/18 train=4.2s
DEEPAR seed=20260924 lr=0.001 n=339 epoch=18/18 train=4.1s
DEEPAR seed=20260924 lr=0.001 n=342 epoch=18/18 train=4.0s
DEEPAR seed=20260924 lr=0.001 n=343 epoch=18/18 train=4.0s
DEEPAR seed=20260924 lr=0.001 n=343 epoch=18/18 train=4.1s
DEEPAR seed=20260924 lr=0.001 n=344 epoch=18/18 train=4.0s
DEEPAR seed=20260924 lr=0.001 n=345 epoch=18/18 train=4.0s
DEEPAR seed=20260924 lr=0.001 n=345 epoch=18/18 train=4.1s
DEEPAR seed=20260924 lr=0.001 n=346 epoch=18/18 train=4.2s
DEEPAR seed=20260924 lr=0.001 n=348 epoch=18/18 train=4.2s
DEEPAR seed=20260924 lr=0.001 n=349 epoch=18/18 train=4.1s
DEEPAR seed=20260924 lr=0.001 n=350 epoch=18/18 train=4.0s
DEEPAR seed=20260924 lr=0.001 n=351 epoch=18/18 train=3.9s
DEEPAR seed=20260924 lr=0.001 n=351 epoch=18/18 train=3.9s
DEEPAR seed=20260924 lr=0.001 n=353 epoch=18/18 train=4.4s
DEEPAR seed=20260924 lr=0.001 n=354 epoch=18/18 train=4.4s
DEEPAR seed=20260924 lr=0.001 n=356 epoch=18/18 train=4.4s
DEEPAR seed=20260924 lr=0.001 n=356 epoch=18/18 train=4.4s
DEEPAR seed=20260924 lr=0.001 n=357 epoch=18/18 train=4.4s
DEEPAR seed=20260924 lr=0.001 n=358 epoch=18/18 train=4.4s
DEEPAR seed=20260924 lr=0.001 n=358 epoch=18/18 train=4.4s
DEEPAR seed=20260924 lr=0.001 n=360 epoch=18/18 train=4.4s
DEEPAR seed=20260924 lr=0.001 n=361 epoch=18/18 train=4.3s
DEEPAR seed=20260924 lr=0.001 n=363 epoch=18/18 train=4.2s
DEEPAR seed=20260924 lr=0.001 n=363 epoch=18/18 train=4.5s
DEEPAR seed=20260924 lr=0.001 n=363 epoch=18/18 train=4.7s
DEEPAR seed=20260924 lr=0.001 n=364 epoch=18/18 train=4.7s
DEEPAR seed=20260924 lr=0.001 n=364 epoch=18/18 train=4.7s
DEEPAR seed=20260924 lr=0.001 n=365 epoch=18/18 train=4.5s
DEEPAR seed=20260924 lr=0.001 n=367 epoch=18/18 train=4.6s
DEEPAR seed=20260924 lr=0.001 n=369 epoch=18/18 train=4.8s
DEEPAR seed=20260924 lr=0.001 n=370 epoch=18/18 train=4.8s
DEEPAR seed=20260924 lr=0.001 n=371 epoch=18/18 train=4.8s
DEEPAR seed=20260924 lr=0.001 n=371 epoch=18/18 train=4.9s
DEEPAR seed=20260924 lr=0.001 n=371 epoch=18/18 train=5.0s
DEEPAR seed=20260924 lr=0.001 n=372 epoch=18/18 train=4.8s
DEEPAR seed=20260924 lr=0.001 n=375 epoch=18/18 train=4.6s
DEEPAR seed=20260924 lr=0.001 n=376 epoch=18/18 train=4.1s
DEEPAR seed=20260924 lr=0.001 n=376 epoch=18/18 train=4.0s
DEEPAR seed=20260924 lr=0.001 n=376 epoch=18/18 train=4.0s
DEEPAR seed=20260924 lr=0.001 n=378 epoch=18/18 train=4.0s
DEEPAR seed=20260924 lr=0.001 n=378 epoch=18/18 train=4.3s
DEEPAR seed=20260924 lr=0.001 n=378 epoch=18/18 train=4.1s
DEEPAR seed=20260924 lr=0.001 n=379 epoch=18/18 train=3.9s
DEEPAR seed=20260924 lr=0.001 n=380 epoch=18/18 train=3.5s
DEEPAR seed=20260924 lr=0.001 n=381 epoch=18/18 train=3.6s
DEEPAR seed=20260924 lr=0.001 n=383 epoch=18/18 train=3.7s
DEEPAR seed=20260924 lr=0.001 n=384 epoch=18/18 train=3.7s
DEEPAR seed=20260924 lr=0.001 n=385 epoch=18/18 train=3.9s
DEEPAR seed=20260924 lr=0.001 n=385 epoch=18/18 train=3.8s
DEEPAR seed=20260924 lr=0.001 n=385 epoch=18/18 train=5.6s
DEEPAR seed=20260924 lr=0.001 n=385 epoch=18/18 train=5.8s
DEEPAR seed=20260924 lr=0.001 n=385 epoch=18/18 train=5.6s
DEEPAR seed=20260924 lr=0.001 n=386 epoch=18/18 train=5.8s
DEEPAR seed=20260924 lr=0.001 n=388 epoch=18/18 train=5.8s
DEEPAR seed=20260924 lr=0.001 n=390 epoch=18/18 train=5.7s
DEEPAR seed=20260924 lr=0.001 n=390 epoch=18/18 train=5.7s
DEEPAR seed=20260924 lr=0.001 n=390 epoch=18/18 train=5.7s
DEEPAR seed=20260924 lr=0.001 n=392 epoch=18/18 train=5.6s
DEEPAR seed=20260924 lr=0.001 n=393 epoch=18/18 train=5.6s
DEEPAR seed=20260924 lr=0.001 n=394 epoch=18/18 train=5.7s
DEEPAR seed=20260924 lr=0.001 n=395 epoch=18/18 train=5.3s
DEEPAR seed=20260924 lr=0.001 n=398 epoch=18/18 train=5.3s
DEEPAR seed=20260924 lr=0.001 n=398 epoch=18/18 train=5.4s
DEEPAR seed=20260924 lr=0.001 n=399 epoch=18/18 train=5.4s
DEEPAR seed=20260924 lr=0.001 n=400 epoch=18/18 train=5.0s
DEEPAR seed=20260924 lr=0.001 n=401 epoch=18/18 train=5.2s
DEEPAR seed=20260924 lr=0.001 n=404 epoch=18/18 train=5.2s
DEEPAR seed=20260924 lr=0.001 n=405 epoch=18/18 train=5.0s
DEEPAR seed=20260924 lr=0.001 n=407 epoch=18/18 train=5.0s
DEEPAR seed=20260924 lr=0.001 n=409 epoch=18/18 train=5.0s
DEEPAR seed=20260924 lr=0.001 n=409 epoch=18/18 train=4.9s
DEEPAR seed=20260924 lr=0.001 n=410 epoch=18/18 train=5.1s
DEEPAR seed=20260924 lr=0.001 n=411 epoch=18/18 train=5.2s
DEEPAR seed=20260924 lr=0.001 n=411 epoch=18/18 train=5.2s
DEEPAR seed=20260924 lr=0.001 n=412 epoch=18/18 train=5.1s
DEEPAR seed=20260924 lr=0.001 n=412 epoch=18/18 train=5.1s
DEEPAR seed=20260924 lr=0.001 n=412 epoch=18/18 train=4.9s
DEEPAR seed=20260924 lr=0.001 n=412 epoch=18/18 train=4.8s
DEEPAR seed=20260924 lr=0.001 n=415 epoch=18/18 train=4.8s
DEEPAR seed=20260924 lr=0.001 n=415 epoch=18/18 train=4.7s
DEEPAR seed=20260924 lr=0.001 n=419 epoch=18/18 train=5.1s
DEEPAR seed=20260924 lr=0.001 n=420 epoch=18/18 train=5.1s
DEEPAR seed=20260924 lr=0.001 n=421 epoch=18/18 train=5.0s
DEEPAR seed=20260924 lr=0.001 n=422 epoch=18/18 train=4.3s
DEEPAR seed=20260924 lr=0.001 n=422 epoch=18/18 train=3.8s
DEEPAR seed=20260924 lr=0.001 n=422 epoch=18/18 train=3.9s
DEEPAR seed=20260924 lr=0.001 n=423 epoch=18/18 train=3.9s
DEEPAR seed=20260924 lr=0.001 n=425 epoch=18/18 train=4.1s
DEEPAR seed=20260924 lr=0.001 n=425 epoch=18/18 train=4.1s
DEEPAR seed=20260924 lr=0.001 n=427 epoch=18/18 train=3.9s
DEEPAR seed=20260924 lr=0.001 n=427 epoch=18/18 train=3.7s
DEEPAR seed=20260924 lr=0.001 n=428 epoch=18/18 train=4.0s
DEEPAR seed=20260924 lr=0.001 n=431 epoch=18/18 train=4.3s
DEEPAR seed=20260924 lr=0.001 n=433 epoch=18/18 train=4.4s
DEEPAR seed=20260924 lr=0.001 n=433 epoch=18/18 train=4.5s
DEEPAR seed=20260925 lr=0.001 n=254 epoch=18/18 train=2.7s
DEEPAR seed=20260925 lr=0.001 n=255 epoch=18/18 train=3.1s
DEEPAR seed=20260925 lr=0.001 n=255 epoch=18/18 train=3.4s
DEEPAR seed=20260925 lr=0.001 n=256 epoch=18/18 train=3.5s
DEEPAR seed=20260925 lr=0.001 n=257 epoch=18/18 train=3.6s
DEEPAR seed=20260925 lr=0.001 n=259 epoch=18/18 train=3.7s
DEEPAR seed=20260925 lr=0.001 n=259 epoch=18/18 train=3.9s
DEEPAR seed=20260925 lr=0.001 n=260 epoch=18/18 train=4.0s
DEEPAR seed=20260925 lr=0.001 n=261 epoch=18/18 train=4.1s
DEEPAR seed=20260925 lr=0.001 n=263 epoch=18/18 train=4.1s
DEEPAR seed=20260925 lr=0.001 n=264 epoch=18/18 train=4.3s
DEEPAR seed=20260925 lr=0.001 n=264 epoch=18/18 train=4.5s
DEEPAR seed=20260925 lr=0.001 n=264 epoch=18/18 train=4.4s
DEEPAR seed=20260925 lr=0.001 n=265 epoch=18/18 train=4.7s
DEEPAR seed=20260925 lr=0.001 n=266 epoch=18/18 train=4.8s
DEEPAR seed=20260925 lr=0.001 n=270 epoch=18/18 train=4.7s
DEEPAR seed=20260925 lr=0.001 n=270 epoch=18/18 train=4.7s
DEEPAR seed=20260925 lr=0.001 n=272 epoch=18/18 train=4.5s
DEEPAR seed=20260925 lr=0.001 n=273 epoch=18/18 train=4.9s
DEEPAR seed=20260925 lr=0.001 n=273 epoch=18/18 train=4.8s
DEEPAR seed=20260925 lr=0.001 n=276 epoch=18/18 train=4.7s
DEEPAR seed=20260925 lr=0.001 n=276 epoch=18/18 train=4.8s
DEEPAR seed=20260925 lr=0.001 n=277 epoch=18/18 train=4.7s
DEEPAR seed=20260925 lr=0.001 n=278 epoch=18/18 train=5.1s
DEEPAR seed=20260925 lr=0.001 n=279 epoch=18/18 train=5.0s
DEEPAR seed=20260925 lr=0.001 n=280 epoch=18/18 train=5.0s
DEEPAR seed=20260925 lr=0.001 n=281 epoch=18/18 train=4.8s
DEEPAR seed=20260925 lr=0.001 n=282 epoch=18/18 train=4.7s
DEEPAR seed=20260925 lr=0.001 n=282 epoch=18/18 train=4.7s
DEEPAR seed=20260925 lr=0.001 n=284 epoch=18/18 train=4.9s
DEEPAR seed=20260925 lr=0.001 n=285 epoch=18/18 train=4.8s
DEEPAR seed=20260925 lr=0.001 n=286 epoch=18/18 train=4.7s
DEEPAR seed=20260925 lr=0.001 n=286 epoch=18/18 train=4.7s
DEEPAR seed=20260925 lr=0.001 n=286 epoch=18/18 train=4.7s
DEEPAR seed=20260925 lr=0.001 n=287 epoch=18/18 train=4.4s
DEEPAR seed=20260925 lr=0.001 n=288 epoch=18/18 train=4.3s
DEEPAR seed=20260925 lr=0.001 n=289 epoch=18/18 train=4.7s
DEEPAR seed=20260925 lr=0.001 n=289 epoch=18/18 train=4.6s
DEEPAR seed=20260925 lr=0.001 n=291 epoch=18/18 train=4.5s
DEEPAR seed=20260925 lr=0.001 n=292 epoch=18/18 train=4.6s
DEEPAR seed=20260925 lr=0.001 n=294 epoch=18/18 train=4.5s
DEEPAR seed=20260925 lr=0.001 n=295 epoch=18/18 train=4.5s
DEEPAR seed=20260925 lr=0.001 n=295 epoch=18/18 train=4.5s
DEEPAR seed=20260925 lr=0.001 n=296 epoch=18/18 train=4.3s
DEEPAR seed=20260925 lr=0.001 n=296 epoch=18/18 train=4.2s
DEEPAR seed=20260925 lr=0.001 n=298 epoch=18/18 train=4.2s
DEEPAR seed=20260925 lr=0.001 n=300 epoch=18/18 train=4.2s
DEEPAR seed=20260925 lr=0.001 n=300 epoch=18/18 train=4.1s
DEEPAR seed=20260925 lr=0.001 n=300 epoch=18/18 train=4.1s
DEEPAR seed=20260925 lr=0.001 n=300 epoch=18/18 train=4.6s
DEEPAR seed=20260925 lr=0.001 n=301 epoch=18/18 train=4.1s
DEEPAR seed=20260925 lr=0.001 n=303 epoch=18/18 train=4.1s
DEEPAR seed=20260925 lr=0.001 n=304 epoch=18/18 train=4.1s
DEEPAR seed=20260925 lr=0.001 n=304 epoch=18/18 train=4.1s
DEEPAR seed=20260925 lr=0.001 n=304 epoch=18/18 train=4.0s
DEEPAR seed=20260925 lr=0.001 n=305 epoch=18/18 train=4.0s
DEEPAR seed=20260925 lr=0.001 n=307 epoch=18/18 train=3.9s
DEEPAR seed=20260925 lr=0.001 n=309 epoch=18/18 train=4.2s
DEEPAR seed=20260925 lr=0.001 n=310 epoch=18/18 train=4.1s
DEEPAR seed=20260925 lr=0.001 n=310 epoch=18/18 train=3.9s
DEEPAR seed=20260925 lr=0.001 n=312 epoch=18/18 train=3.9s
DEEPAR seed=20260925 lr=0.001 n=313 epoch=18/18 train=3.8s
DEEPAR seed=20260925 lr=0.001 n=313 epoch=18/18 train=3.8s
DEEPAR seed=20260925 lr=0.001 n=316 epoch=18/18 train=3.7s
DEEPAR seed=20260925 lr=0.001 n=316 epoch=18/18 train=3.7s
DEEPAR seed=20260925 lr=0.001 n=316 epoch=18/18 train=3.6s
DEEPAR seed=20260925 lr=0.001 n=318 epoch=18/18 train=3.7s
EVALUATION_CACHE_READY HURDLE_weighted_c1_s20260924
DEEPAR seed=20260925 lr=0.001 n=318 epoch=18/18 train=3.5s
DEEPAR seed=20260925 lr=0.001 n=318 epoch=18/18 train=3.9s
DEEPAR seed=20260925 lr=0.001 n=318 epoch=18/18 train=3.7s
DEEPAR seed=20260925 lr=0.001 n=320 epoch=18/18 train=3.9s
DEEPAR seed=20260925 lr=0.001 n=322 epoch=18/18 train=4.1s
DEEPAR seed=20260925 lr=0.001 n=323 epoch=18/18 train=4.2s
DEEPAR seed=20260925 lr=0.001 n=324 epoch=18/18 train=4.1s
DEEPAR seed=20260925 lr=0.001 n=326 epoch=18/18 train=4.1s
DEEPAR seed=20260925 lr=0.001 n=326 epoch=18/18 train=4.1s
DEEPAR seed=20260925 lr=0.001 n=329 epoch=18/18 train=4.1s
DEEPAR seed=20260925 lr=0.001 n=329 epoch=18/18 train=4.1s
DEEPAR seed=20260925 lr=0.001 n=331 epoch=18/18 train=4.0s
DEEPAR seed=20260925 lr=0.001 n=331 epoch=18/18 train=4.1s
DEEPAR seed=20260925 lr=0.001 n=331 epoch=18/18 train=4.3s
DEEPAR seed=20260925 lr=0.001 n=334 epoch=18/18 train=4.5s
DEEPAR seed=20260925 lr=0.001 n=334 epoch=18/18 train=4.5s
DEEPAR seed=20260925 lr=0.001 n=335 epoch=18/18 train=4.6s
DEEPAR seed=20260925 lr=0.001 n=336 epoch=18/18 train=4.6s
DEEPAR seed=20260925 lr=0.001 n=337 epoch=18/18 train=4.7s
DEEPAR seed=20260925 lr=0.001 n=338 epoch=18/18 train=4.9s
DEEPAR seed=20260925 lr=0.001 n=339 epoch=18/18 train=4.9s
DEEPAR seed=20260925 lr=0.001 n=339 epoch=18/18 train=5.0s
DEEPAR seed=20260925 lr=0.001 n=342 epoch=18/18 train=5.2s
DEEPAR seed=20260925 lr=0.001 n=343 epoch=18/18 train=5.1s
DEEPAR seed=20260925 lr=0.001 n=343 epoch=18/18 train=5.4s
DEEPAR seed=20260925 lr=0.001 n=344 epoch=18/18 train=5.0s
DEEPAR seed=20260925 lr=0.001 n=345 epoch=18/18 train=5.0s
DEEPAR seed=20260925 lr=0.001 n=345 epoch=18/18 train=5.4s
DEEPAR seed=20260925 lr=0.001 n=346 epoch=18/18 train=5.6s
DEEPAR seed=20260925 lr=0.001 n=348 epoch=18/18 train=5.7s
DEEPAR seed=20260925 lr=0.001 n=349 epoch=18/18 train=5.6s
DEEPAR seed=20260925 lr=0.001 n=350 epoch=18/18 train=5.5s
DEEPAR seed=20260925 lr=0.001 n=351 epoch=18/18 train=5.4s
DEEPAR seed=20260925 lr=0.001 n=351 epoch=18/18 train=5.5s
DEEPAR seed=20260925 lr=0.001 n=353 epoch=18/18 train=5.5s
DEEPAR seed=20260925 lr=0.001 n=354 epoch=18/18 train=5.5s
DEEPAR seed=20260925 lr=0.001 n=356 epoch=18/18 train=5.3s
DEEPAR seed=20260925 lr=0.001 n=356 epoch=18/18 train=5.4s
DEEPAR seed=20260925 lr=0.001 n=357 epoch=18/18 train=5.2s
DEEPAR seed=20260925 lr=0.001 n=358 epoch=18/18 train=5.2s
DEEPAR seed=20260925 lr=0.001 n=358 epoch=18/18 train=5.2s
DEEPAR seed=20260925 lr=0.001 n=360 epoch=18/18 train=5.1s
DEEPAR seed=20260925 lr=0.001 n=361 epoch=18/18 train=5.1s
DEEPAR seed=20260925 lr=0.001 n=363 epoch=18/18 train=5.0s
DEEPAR seed=20260925 lr=0.001 n=363 epoch=18/18 train=5.0s
DEEPAR seed=20260925 lr=0.001 n=363 epoch=18/18 train=5.0s
DEEPAR seed=20260925 lr=0.001 n=364 epoch=18/18 train=4.8s
DEEPAR seed=20260925 lr=0.001 n=364 epoch=18/18 train=4.8s
EVALUATION_CACHE_READY BURST_EXPERT_weighted_c1_s20260924
EVALUATION_CACHE_READY LGBM_fixed_c28_s20260924
EVALUATION_CACHE_READY LGBM_rolling90_c1_s20260924
EVALUATION_CACHE_READY LGBM_rolling180_c1_s20260924
EVALUATION_CACHE_READY LGBM_expanding_c1_s20260924
EVALUATION_CACHE_READY TFT_weighted_c1_s20260924
DEEPAR seed=20260925 lr=0.001 n=365 epoch=18/18 train=4.7s
DEEPAR seed=20260925 lr=0.001 n=367 epoch=18/18 train=4.8s
DEEPAR seed=20260925 lr=0.001 n=369 epoch=18/18 train=4.9s
DEEPAR seed=20260925 lr=0.001 n=370 epoch=18/18 train=4.8s
DEEPAR seed=20260925 lr=0.001 n=371 epoch=18/18 train=4.6s
DEEPAR seed=20260925 lr=0.001 n=371 epoch=18/18 train=4.6s
DEEPAR seed=20260925 lr=0.001 n=371 epoch=18/18 train=4.6s
DEEPAR seed=20260925 lr=0.001 n=372 epoch=18/18 train=4.5s
DEEPAR seed=20260925 lr=0.001 n=375 epoch=18/18 train=4.4s
DEEPAR seed=20260925 lr=0.001 n=376 epoch=18/18 train=4.5s
DEEPAR seed=20260925 lr=0.001 n=376 epoch=18/18 train=4.6s
DEEPAR seed=20260925 lr=0.001 n=376 epoch=18/18 train=5.0s
DEEPAR seed=20260925 lr=0.001 n=378 epoch=18/18 train=4.9s
DEEPAR seed=20260925 lr=0.001 n=378 epoch=18/18 train=4.8s
DEEPAR seed=20260925 lr=0.001 n=378 epoch=18/18 train=4.8s
DEEPAR seed=20260925 lr=0.001 n=379 epoch=18/18 train=4.7s
DEEPAR seed=20260925 lr=0.001 n=380 epoch=18/18 train=4.6s
DEEPAR seed=20260925 lr=0.001 n=381 epoch=18/18 train=4.7s
DEEPAR seed=20260925 lr=0.001 n=383 epoch=18/18 train=4.6s
DEEPAR seed=20260925 lr=0.001 n=384 epoch=18/18 train=4.6s
DEEPAR seed=20260925 lr=0.001 n=385 epoch=18/18 train=4.8s
DEEPAR seed=20260925 lr=0.001 n=385 epoch=18/18 train=4.8s
DEEPAR seed=20260925 lr=0.001 n=385 epoch=18/18 train=4.9s
DEEPAR seed=20260925 lr=0.001 n=385 epoch=18/18 train=4.4s
DEEPAR seed=20260925 lr=0.001 n=385 epoch=18/18 train=4.5s
DEEPAR seed=20260925 lr=0.001 n=386 epoch=18/18 train=4.6s
DEEPAR seed=20260925 lr=0.001 n=388 epoch=18/18 train=4.6s
DEEPAR seed=20260925 lr=0.001 n=390 epoch=18/18 train=4.7s
DEEPAR seed=20260925 lr=0.001 n=390 epoch=18/18 train=4.5s
DEEPAR seed=20260925 lr=0.001 n=390 epoch=18/18 train=4.4s
DEEPAR seed=20260925 lr=0.001 n=392 epoch=18/18 train=4.7s
DEEPAR seed=20260925 lr=0.001 n=393 epoch=18/18 train=4.7s
DEEPAR seed=20260925 lr=0.001 n=394 epoch=18/18 train=4.7s
DEEPAR seed=20260925 lr=0.001 n=395 epoch=18/18 train=3.9s
DEEPAR seed=20260925 lr=0.001 n=398 epoch=18/18 train=4.0s
DEEPAR seed=20260925 lr=0.001 n=398 epoch=18/18 train=4.2s
DEEPAR seed=20260925 lr=0.001 n=399 epoch=18/18 train=4.6s
DEEPAR seed=20260925 lr=0.001 n=400 epoch=18/18 train=4.8s
DEEPAR seed=20260925 lr=0.001 n=401 epoch=18/18 train=5.3s
DEEPAR seed=20260925 lr=0.001 n=404 epoch=18/18 train=5.3s
DEEPAR seed=20260925 lr=0.001 n=405 epoch=18/18 train=5.2s
DEEPAR seed=20260925 lr=0.001 n=407 epoch=18/18 train=5.1s
DEEPAR seed=20260925 lr=0.001 n=409 epoch=18/18 train=5.1s
DEEPAR seed=20260925 lr=0.001 n=409 epoch=18/18 train=5.2s
DEEPAR seed=20260925 lr=0.001 n=410 epoch=18/18 train=5.1s
DEEPAR seed=20260925 lr=0.001 n=411 epoch=18/18 train=6.0s
DEEPAR seed=20260925 lr=0.001 n=411 epoch=18/18 train=5.9s
DEEPAR seed=20260925 lr=0.001 n=412 epoch=18/18 train=5.6s
DEEPAR seed=20260925 lr=0.001 n=412 epoch=18/18 train=5.7s
DEEPAR seed=20260925 lr=0.001 n=412 epoch=18/18 train=5.7s
DEEPAR seed=20260925 lr=0.001 n=412 epoch=18/18 train=5.9s
DEEPAR seed=20260925 lr=0.001 n=415 epoch=18/18 train=5.6s
DEEPAR seed=20260925 lr=0.001 n=415 epoch=18/18 train=5.9s
DEEPAR seed=20260925 lr=0.001 n=419 epoch=18/18 train=6.3s
DEEPAR seed=20260925 lr=0.001 n=420 epoch=18/18 train=6.1s
DEEPAR seed=20260925 lr=0.001 n=421 epoch=18/18 train=6.3s
DEEPAR seed=20260925 lr=0.001 n=422 epoch=18/18 train=6.1s
DEEPAR seed=20260925 lr=0.001 n=422 epoch=18/18 train=5.9s
DEEPAR seed=20260925 lr=0.001 n=422 epoch=18/18 train=6.1s
DEEPAR seed=20260925 lr=0.001 n=423 epoch=18/18 train=6.5s
DEEPAR seed=20260925 lr=0.001 n=425 epoch=18/18 train=6.8s
DEEPAR seed=20260925 lr=0.001 n=425 epoch=18/18 train=6.4s
DEEPAR seed=20260925 lr=0.001 n=427 epoch=18/18 train=6.1s
DEEPAR seed=20260925 lr=0.001 n=427 epoch=18/18 train=6.1s
DEEPAR seed=20260925 lr=0.001 n=428 epoch=18/18 train=6.0s
DEEPAR seed=20260925 lr=0.001 n=431 epoch=18/18 train=5.8s
DEEPAR seed=20260925 lr=0.001 n=433 epoch=18/18 train=6.1s
DEEPAR seed=20260925 lr=0.001 n=433 epoch=18/18 train=6.1s
TFT seed=20260925 lr=0.001 n=254 epoch=8/8 train=3.7s
TFT seed=20260925 lr=0.001 n=255 epoch=8/8 train=3.1s
TFT seed=20260925 lr=0.001 n=255 epoch=8/8 train=3.1s
TFT seed=20260925 lr=0.001 n=256 epoch=8/8 train=3.1s
TFT seed=20260925 lr=0.001 n=257 epoch=8/8 train=3.3s
TFT seed=20260925 lr=0.001 n=259 epoch=8/8 train=3.2s
TFT seed=20260925 lr=0.001 n=259 epoch=8/8 train=3.4s
TFT seed=20260925 lr=0.001 n=260 epoch=8/8 train=3.3s
TFT seed=20260925 lr=0.001 n=261 epoch=8/8 train=2.7s
TFT seed=20260925 lr=0.001 n=263 epoch=8/8 train=2.7s
TFT seed=20260925 lr=0.001 n=264 epoch=8/8 train=3.2s
TFT seed=20260925 lr=0.001 n=264 epoch=8/8 train=3.1s
TFT seed=20260925 lr=0.001 n=264 epoch=8/8 train=3.2s
TFT seed=20260925 lr=0.001 n=265 epoch=8/8 train=3.0s
TFT seed=20260925 lr=0.001 n=266 epoch=8/8 train=3.0s
TFT seed=20260925 lr=0.001 n=270 epoch=8/8 train=2.9s
TFT seed=20260925 lr=0.001 n=270 epoch=8/8 train=2.2s
TFT seed=20260925 lr=0.001 n=272 epoch=8/8 train=2.9s
TFT seed=20260925 lr=0.001 n=273 epoch=8/8 train=3.2s
TFT seed=20260925 lr=0.001 n=273 epoch=8/8 train=3.1s
TFT seed=20260925 lr=0.001 n=276 epoch=8/8 train=3.1s
TFT seed=20260925 lr=0.001 n=276 epoch=8/8 train=2.9s
TFT seed=20260925 lr=0.001 n=277 epoch=8/8 train=3.0s
TFT seed=20260925 lr=0.001 n=278 epoch=8/8 train=2.9s
TFT seed=20260925 lr=0.001 n=279 epoch=8/8 train=2.9s
TFT seed=20260925 lr=0.001 n=280 epoch=8/8 train=2.9s
TFT seed=20260925 lr=0.001 n=281 epoch=8/8 train=2.8s
TFT seed=20260925 lr=0.001 n=282 epoch=8/8 train=2.8s
TFT seed=20260925 lr=0.001 n=282 epoch=8/8 train=2.9s
TFT seed=20260925 lr=0.001 n=284 epoch=8/8 train=2.8s
TFT seed=20260925 lr=0.001 n=285 epoch=8/8 train=3.3s
TFT seed=20260925 lr=0.001 n=286 epoch=8/8 train=3.1s
TFT seed=20260925 lr=0.001 n=286 epoch=8/8 train=3.2s
TFT seed=20260925 lr=0.001 n=286 epoch=8/8 train=3.1s
TFT seed=20260925 lr=0.001 n=287 epoch=8/8 train=3.2s
TFT seed=20260925 lr=0.001 n=288 epoch=8/8 train=3.1s
TFT seed=20260925 lr=0.001 n=289 epoch=8/8 train=3.3s
TFT seed=20260925 lr=0.001 n=289 epoch=8/8 train=3.2s
TFT seed=20260925 lr=0.001 n=291 epoch=8/8 train=3.3s
TFT seed=20260925 lr=0.001 n=292 epoch=8/8 train=3.0s
TFT seed=20260925 lr=0.001 n=294 epoch=8/8 train=3.2s
TFT seed=20260925 lr=0.001 n=295 epoch=8/8 train=3.2s
TFT seed=20260925 lr=0.001 n=295 epoch=8/8 train=3.2s
TFT seed=20260925 lr=0.001 n=296 epoch=8/8 train=3.4s
TFT seed=20260925 lr=0.001 n=296 epoch=8/8 train=3.4s
TFT seed=20260925 lr=0.001 n=298 epoch=8/8 train=3.2s
TFT seed=20260925 lr=0.001 n=300 epoch=8/8 train=3.3s
TFT seed=20260925 lr=0.001 n=300 epoch=8/8 train=3.1s
TFT seed=20260925 lr=0.001 n=300 epoch=8/8 train=3.2s
TFT seed=20260925 lr=0.001 n=300 epoch=8/8 train=3.1s
TFT seed=20260925 lr=0.001 n=301 epoch=8/8 train=3.1s
TFT seed=20260925 lr=0.001 n=303 epoch=8/8 train=3.2s
TFT seed=20260925 lr=0.001 n=304 epoch=8/8 train=3.0s
TFT seed=20260925 lr=0.001 n=304 epoch=8/8 train=3.2s
TFT seed=20260925 lr=0.001 n=304 epoch=8/8 train=3.2s
TFT seed=20260925 lr=0.001 n=305 epoch=8/8 train=3.3s
TFT seed=20260925 lr=0.001 n=307 epoch=8/8 train=3.4s
TFT seed=20260925 lr=0.001 n=309 epoch=8/8 train=3.5s
TFT seed=20260925 lr=0.001 n=310 epoch=8/8 train=3.5s
TFT seed=20260925 lr=0.001 n=310 epoch=8/8 train=4.0s
TFT seed=20260925 lr=0.001 n=312 epoch=8/8 train=3.8s
TFT seed=20260925 lr=0.001 n=313 epoch=8/8 train=3.9s
TFT seed=20260925 lr=0.001 n=313 epoch=8/8 train=4.0s
TFT seed=20260925 lr=0.001 n=316 epoch=8/8 train=3.9s
TFT seed=20260925 lr=0.001 n=316 epoch=8/8 train=3.9s
TFT seed=20260925 lr=0.001 n=316 epoch=8/8 train=4.2s
TFT seed=20260925 lr=0.001 n=318 epoch=8/8 train=4.2s
TFT seed=20260925 lr=0.001 n=318 epoch=8/8 train=4.1s
TFT seed=20260925 lr=0.001 n=318 epoch=8/8 train=4.3s
TFT seed=20260925 lr=0.001 n=318 epoch=8/8 train=4.0s
TFT seed=20260925 lr=0.001 n=320 epoch=8/8 train=3.6s
TFT seed=20260925 lr=0.001 n=322 epoch=8/8 train=4.2s
TFT seed=20260925 lr=0.001 n=323 epoch=8/8 train=4.0s
TFT seed=20260925 lr=0.001 n=324 epoch=8/8 train=3.8s
TFT seed=20260925 lr=0.001 n=326 epoch=8/8 train=4.0s
TFT seed=20260925 lr=0.001 n=326 epoch=8/8 train=4.0s
TFT seed=20260925 lr=0.001 n=329 epoch=8/8 train=4.0s
TFT seed=20260925 lr=0.001 n=329 epoch=8/8 train=3.8s
TFT seed=20260925 lr=0.001 n=331 epoch=8/8 train=3.9s
TFT seed=20260925 lr=0.001 n=331 epoch=8/8 train=4.0s
TFT seed=20260925 lr=0.001 n=331 epoch=8/8 train=3.9s
TFT seed=20260925 lr=0.001 n=334 epoch=8/8 train=3.9s
TFT seed=20260925 lr=0.001 n=334 epoch=8/8 train=3.7s
TFT seed=20260925 lr=0.001 n=335 epoch=8/8 train=3.8s
TFT seed=20260925 lr=0.001 n=336 epoch=8/8 train=3.2s
TFT seed=20260925 lr=0.001 n=337 epoch=8/8 train=3.2s
TFT seed=20260925 lr=0.001 n=338 epoch=8/8 train=3.3s
TFT seed=20260925 lr=0.001 n=339 epoch=8/8 train=3.8s
TFT seed=20260925 lr=0.001 n=339 epoch=8/8 train=4.0s
TFT seed=20260925 lr=0.001 n=342 epoch=8/8 train=4.3s
TFT seed=20260925 lr=0.001 n=343 epoch=8/8 train=4.4s
TFT seed=20260925 lr=0.001 n=343 epoch=8/8 train=3.9s
TFT seed=20260925 lr=0.001 n=344 epoch=8/8 train=3.8s
TFT seed=20260925 lr=0.001 n=345 epoch=8/8 train=3.7s
TFT seed=20260925 lr=0.001 n=345 epoch=8/8 train=3.8s
TFT seed=20260925 lr=0.001 n=346 epoch=8/8 train=3.8s
TFT seed=20260925 lr=0.001 n=348 epoch=8/8 train=3.6s
TFT seed=20260925 lr=0.001 n=349 epoch=8/8 train=3.7s
TFT seed=20260925 lr=0.001 n=350 epoch=8/8 train=3.6s
TFT seed=20260925 lr=0.001 n=351 epoch=8/8 train=3.7s
TFT seed=20260925 lr=0.001 n=351 epoch=8/8 train=3.7s
TFT seed=20260925 lr=0.001 n=353 epoch=8/8 train=3.8s
TFT seed=20260925 lr=0.001 n=354 epoch=8/8 train=4.5s
TFT seed=20260925 lr=0.001 n=356 epoch=8/8 train=4.2s
TFT seed=20260925 lr=0.001 n=356 epoch=8/8 train=4.4s
TFT seed=20260925 lr=0.001 n=357 epoch=8/8 train=4.6s
TFT seed=20260925 lr=0.001 n=358 epoch=8/8 train=4.2s
TFT seed=20260925 lr=0.001 n=358 epoch=8/8 train=3.7s
TFT seed=20260925 lr=0.001 n=360 epoch=8/8 train=3.9s
TFT seed=20260925 lr=0.001 n=361 epoch=8/8 train=4.0s
TFT seed=20260925 lr=0.001 n=363 epoch=8/8 train=4.0s
TFT seed=20260925 lr=0.001 n=363 epoch=8/8 train=4.0s
TFT seed=20260925 lr=0.001 n=363 epoch=8/8 train=3.7s
TFT seed=20260925 lr=0.001 n=364 epoch=8/8 train=3.7s
TFT seed=20260925 lr=0.001 n=364 epoch=8/8 train=3.6s
TFT seed=20260925 lr=0.001 n=365 epoch=8/8 train=3.7s
TFT seed=20260925 lr=0.001 n=367 epoch=8/8 train=3.8s
TFT seed=20260925 lr=0.001 n=369 epoch=8/8 train=3.8s
TFT seed=20260925 lr=0.001 n=370 epoch=8/8 train=3.8s
TFT seed=20260925 lr=0.001 n=371 epoch=8/8 train=3.8s
TFT seed=20260925 lr=0.001 n=371 epoch=8/8 train=3.8s
TFT seed=20260925 lr=0.001 n=371 epoch=8/8 train=3.7s
TFT seed=20260925 lr=0.001 n=372 epoch=8/8 train=4.0s
TFT seed=20260925 lr=0.001 n=375 epoch=8/8 train=4.2s
TFT seed=20260925 lr=0.001 n=376 epoch=8/8 train=4.2s
TFT seed=20260925 lr=0.001 n=376 epoch=8/8 train=4.2s
TFT seed=20260925 lr=0.001 n=376 epoch=8/8 train=4.2s
TFT seed=20260925 lr=0.001 n=378 epoch=8/8 train=4.1s
TFT seed=20260925 lr=0.001 n=378 epoch=8/8 train=4.0s
TFT seed=20260925 lr=0.001 n=378 epoch=8/8 train=4.0s
TFT seed=20260925 lr=0.001 n=379 epoch=8/8 train=4.1s
TFT seed=20260925 lr=0.001 n=380 epoch=8/8 train=4.0s
TFT seed=20260925 lr=0.001 n=381 epoch=8/8 train=4.2s
TFT seed=20260925 lr=0.001 n=383 epoch=8/8 train=4.2s
TFT seed=20260925 lr=0.001 n=384 epoch=8/8 train=4.6s
TFT seed=20260925 lr=0.001 n=385 epoch=8/8 train=4.7s
TFT seed=20260925 lr=0.001 n=385 epoch=8/8 train=4.8s
TFT seed=20260925 lr=0.001 n=385 epoch=8/8 train=4.5s
TFT seed=20260925 lr=0.001 n=385 epoch=8/8 train=4.6s
TFT seed=20260925 lr=0.001 n=385 epoch=8/8 train=4.7s
TFT seed=20260925 lr=0.001 n=386 epoch=8/8 train=5.0s
TFT seed=20260925 lr=0.001 n=388 epoch=8/8 train=5.0s
TFT seed=20260925 lr=0.001 n=390 epoch=8/8 train=5.0s
TFT seed=20260925 lr=0.001 n=390 epoch=8/8 train=5.0s
TFT seed=20260925 lr=0.001 n=390 epoch=8/8 train=5.4s
TFT seed=20260925 lr=0.001 n=392 epoch=8/8 train=5.1s
TFT seed=20260925 lr=0.001 n=393 epoch=8/8 train=4.8s
TFT seed=20260925 lr=0.001 n=394 epoch=8/8 train=5.1s
TFT seed=20260925 lr=0.001 n=395 epoch=8/8 train=5.4s
TFT seed=20260925 lr=0.001 n=398 epoch=8/8 train=5.0s
TFT seed=20260925 lr=0.001 n=398 epoch=8/8 train=5.3s
TFT seed=20260925 lr=0.001 n=399 epoch=8/8 train=5.3s
TFT seed=20260925 lr=0.001 n=400 epoch=8/8 train=5.4s
TFT seed=20260925 lr=0.001 n=401 epoch=8/8 train=5.1s
TFT seed=20260925 lr=0.001 n=404 epoch=8/8 train=5.0s
TFT seed=20260925 lr=0.001 n=405 epoch=8/8 train=5.3s
TFT seed=20260925 lr=0.001 n=407 epoch=8/8 train=5.4s
TFT seed=20260925 lr=0.001 n=409 epoch=8/8 train=5.1s
TFT seed=20260925 lr=0.001 n=409 epoch=8/8 train=4.9s
TFT seed=20260925 lr=0.001 n=410 epoch=8/8 train=5.2s
TFT seed=20260925 lr=0.001 n=411 epoch=8/8 train=4.9s
TFT seed=20260925 lr=0.001 n=411 epoch=8/8 train=5.1s
TFT seed=20260925 lr=0.001 n=412 epoch=8/8 train=5.8s
TFT seed=20260925 lr=0.001 n=412 epoch=8/8 train=4.5s
TFT seed=20260925 lr=0.001 n=412 epoch=8/8 train=4.4s
TFT seed=20260925 lr=0.001 n=412 epoch=8/8 train=4.1s
TFT seed=20260925 lr=0.001 n=415 epoch=8/8 train=4.1s
TFT seed=20260925 lr=0.001 n=415 epoch=8/8 train=4.3s
TFT seed=20260925 lr=0.001 n=419 epoch=8/8 train=4.5s
TFT seed=20260925 lr=0.001 n=420 epoch=8/8 train=4.5s
TFT seed=20260925 lr=0.001 n=421 epoch=8/8 train=4.4s
TFT seed=20260925 lr=0.001 n=422 epoch=8/8 train=4.2s
TFT seed=20260925 lr=0.001 n=422 epoch=8/8 train=3.0s
TFT seed=20260925 lr=0.001 n=422 epoch=8/8 train=3.2s
TFT seed=20260925 lr=0.001 n=423 epoch=8/8 train=3.1s
TFT seed=20260925 lr=0.001 n=425 epoch=8/8 train=3.0s
TFT seed=20260925 lr=0.001 n=425 epoch=8/8 train=3.1s
TFT seed=20260925 lr=0.001 n=427 epoch=8/8 train=3.0s
TFT seed=20260925 lr=0.001 n=427 epoch=8/8 train=3.1s
TFT seed=20260925 lr=0.001 n=428 epoch=8/8 train=3.1s
TFT seed=20260925 lr=0.001 n=431 epoch=8/8 train=3.1s
TFT seed=20260925 lr=0.001 n=433 epoch=8/8 train=3.2s
TFT seed=20260925 lr=0.001 n=433 epoch=8/8 train=3.2s
EVALUATION_CACHE_READY TFT_weighted_c1_s20260925
EVALUATION_CACHE_READY TFT_weighted_c1_s20260926
EVALUATION_CACHE_READY DEEPAR_weighted_c1_s20260924
EVALUATION_CACHE_READY DEEPAR_weighted_c1_s20260925
DEEPAR seed=20260926 lr=0.001 n=254 epoch=18/18 train=2.4s
DEEPAR seed=20260926 lr=0.001 n=255 epoch=18/18 train=2.0s
DEEPAR seed=20260926 lr=0.001 n=255 epoch=18/18 train=2.0s
DEEPAR seed=20260926 lr=0.001 n=256 epoch=18/18 train=2.2s
DEEPAR seed=20260926 lr=0.001 n=257 epoch=18/18 train=2.3s
DEEPAR seed=20260926 lr=0.001 n=259 epoch=18/18 train=2.3s
DEEPAR seed=20260926 lr=0.001 n=259 epoch=18/18 train=2.4s
DEEPAR seed=20260926 lr=0.001 n=260 epoch=18/18 train=2.3s
DEEPAR seed=20260926 lr=0.001 n=261 epoch=18/18 train=2.3s
DEEPAR seed=20260926 lr=0.001 n=263 epoch=18/18 train=2.2s
DEEPAR seed=20260926 lr=0.001 n=264 epoch=18/18 train=2.3s
DEEPAR seed=20260926 lr=0.001 n=264 epoch=18/18 train=2.2s
DEEPAR seed=20260926 lr=0.001 n=264 epoch=18/18 train=2.3s
DEEPAR seed=20260926 lr=0.001 n=265 epoch=18/18 train=2.1s
DEEPAR seed=20260926 lr=0.001 n=266 epoch=18/18 train=2.1s
DEEPAR seed=20260926 lr=0.001 n=270 epoch=18/18 train=2.2s
DEEPAR seed=20260926 lr=0.001 n=270 epoch=18/18 train=2.1s
DEEPAR seed=20260926 lr=0.001 n=272 epoch=18/18 train=2.1s
DEEPAR seed=20260926 lr=0.001 n=273 epoch=18/18 train=2.2s
DEEPAR seed=20260926 lr=0.001 n=273 epoch=18/18 train=2.2s
DEEPAR seed=20260926 lr=0.001 n=276 epoch=18/18 train=2.2s
DEEPAR seed=20260926 lr=0.001 n=276 epoch=18/18 train=2.3s
DEEPAR seed=20260926 lr=0.001 n=277 epoch=18/18 train=2.3s
DEEPAR seed=20260926 lr=0.001 n=278 epoch=18/18 train=2.2s
DEEPAR seed=20260926 lr=0.001 n=279 epoch=18/18 train=2.2s
DEEPAR seed=20260926 lr=0.001 n=280 epoch=18/18 train=2.2s
DEEPAR seed=20260926 lr=0.001 n=281 epoch=18/18 train=2.0s
DEEPAR seed=20260926 lr=0.001 n=282 epoch=18/18 train=1.8s
DEEPAR seed=20260926 lr=0.001 n=282 epoch=18/18 train=1.7s
DEEPAR seed=20260926 lr=0.001 n=284 epoch=18/18 train=1.7s
DEEPAR seed=20260926 lr=0.001 n=285 epoch=18/18 train=1.8s
DEEPAR seed=20260926 lr=0.001 n=286 epoch=18/18 train=1.8s
DEEPAR seed=20260926 lr=0.001 n=286 epoch=18/18 train=1.7s
DEEPAR seed=20260926 lr=0.001 n=286 epoch=18/18 train=2.0s
DEEPAR seed=20260926 lr=0.001 n=287 epoch=18/18 train=2.0s
DEEPAR seed=20260926 lr=0.001 n=288 epoch=18/18 train=2.1s
DEEPAR seed=20260926 lr=0.001 n=289 epoch=18/18 train=2.2s
DEEPAR seed=20260926 lr=0.001 n=289 epoch=18/18 train=2.1s
DEEPAR seed=20260926 lr=0.001 n=291 epoch=18/18 train=2.2s
DEEPAR seed=20260926 lr=0.001 n=292 epoch=18/18 train=2.1s
DEEPAR seed=20260926 lr=0.001 n=294 epoch=18/18 train=2.2s
DEEPAR seed=20260926 lr=0.001 n=295 epoch=18/18 train=2.2s
DEEPAR seed=20260926 lr=0.001 n=295 epoch=18/18 train=2.2s
DEEPAR seed=20260926 lr=0.001 n=296 epoch=18/18 train=2.1s
DEEPAR seed=20260926 lr=0.001 n=296 epoch=18/18 train=2.1s
DEEPAR seed=20260926 lr=0.001 n=298 epoch=18/18 train=2.2s
DEEPAR seed=20260926 lr=0.001 n=300 epoch=18/18 train=2.1s
DEEPAR seed=20260926 lr=0.001 n=300 epoch=18/18 train=1.9s
DEEPAR seed=20260926 lr=0.001 n=300 epoch=18/18 train=1.9s
DEEPAR seed=20260926 lr=0.001 n=300 epoch=18/18 train=1.9s
DEEPAR seed=20260926 lr=0.001 n=301 epoch=18/18 train=1.9s
DEEPAR seed=20260926 lr=0.001 n=303 epoch=18/18 train=1.9s
DEEPAR seed=20260926 lr=0.001 n=304 epoch=18/18 train=1.9s
DEEPAR seed=20260926 lr=0.001 n=304 epoch=18/18 train=1.9s
DEEPAR seed=20260926 lr=0.001 n=304 epoch=18/18 train=1.9s
DEEPAR seed=20260926 lr=0.001 n=305 epoch=18/18 train=2.0s
DEEPAR seed=20260926 lr=0.001 n=307 epoch=18/18 train=2.0s
DEEPAR seed=20260926 lr=0.001 n=309 epoch=18/18 train=2.0s
DEEPAR seed=20260926 lr=0.001 n=310 epoch=18/18 train=2.1s
DEEPAR seed=20260926 lr=0.001 n=310 epoch=18/18 train=2.1s
DEEPAR seed=20260926 lr=0.001 n=312 epoch=18/18 train=2.1s
DEEPAR seed=20260926 lr=0.001 n=313 epoch=18/18 train=2.1s
DEEPAR seed=20260926 lr=0.001 n=313 epoch=18/18 train=2.1s
DEEPAR seed=20260926 lr=0.001 n=316 epoch=18/18 train=2.0s
DEEPAR seed=20260926 lr=0.001 n=316 epoch=18/18 train=2.0s
DEEPAR seed=20260926 lr=0.001 n=316 epoch=18/18 train=2.0s
DEEPAR seed=20260926 lr=0.001 n=318 epoch=18/18 train=2.1s
DEEPAR seed=20260926 lr=0.001 n=318 epoch=18/18 train=2.5s
DEEPAR seed=20260926 lr=0.001 n=318 epoch=18/18 train=2.8s
DEEPAR seed=20260926 lr=0.001 n=318 epoch=18/18 train=2.9s
DEEPAR seed=20260926 lr=0.001 n=320 epoch=18/18 train=2.9s
DEEPAR seed=20260926 lr=0.001 n=322 epoch=18/18 train=3.0s
DEEPAR seed=20260926 lr=0.001 n=323 epoch=18/18 train=2.7s
DEEPAR seed=20260926 lr=0.001 n=324 epoch=18/18 train=2.7s
DEEPAR seed=20260926 lr=0.001 n=326 epoch=18/18 train=2.8s
DEEPAR seed=20260926 lr=0.001 n=326 epoch=18/18 train=3.0s
DEEPAR seed=20260926 lr=0.001 n=329 epoch=18/18 train=2.7s
DEEPAR seed=20260926 lr=0.001 n=329 epoch=18/18 train=2.6s
DEEPAR seed=20260926 lr=0.001 n=331 epoch=18/18 train=2.5s
DEEPAR seed=20260926 lr=0.001 n=331 epoch=18/18 train=2.7s
DEEPAR seed=20260926 lr=0.001 n=331 epoch=18/18 train=3.1s
DEEPAR seed=20260926 lr=0.001 n=334 epoch=18/18 train=3.0s
DEEPAR seed=20260926 lr=0.001 n=334 epoch=18/18 train=3.0s
DEEPAR seed=20260926 lr=0.001 n=335 epoch=18/18 train=3.0s
DEEPAR seed=20260926 lr=0.001 n=336 epoch=18/18 train=2.7s
DEEPAR seed=20260926 lr=0.001 n=337 epoch=18/18 train=2.7s
DEEPAR seed=20260926 lr=0.001 n=338 epoch=18/18 train=2.8s
DEEPAR seed=20260926 lr=0.001 n=339 epoch=18/18 train=2.9s
DEEPAR seed=20260926 lr=0.001 n=339 epoch=18/18 train=3.4s
DEEPAR seed=20260926 lr=0.001 n=342 epoch=18/18 train=3.5s
DEEPAR seed=20260926 lr=0.001 n=343 epoch=18/18 train=3.7s
DEEPAR seed=20260926 lr=0.001 n=343 epoch=18/18 train=3.9s
DEEPAR seed=20260926 lr=0.001 n=344 epoch=18/18 train=4.0s
DEEPAR seed=20260926 lr=0.001 n=345 epoch=18/18 train=3.9s
DEEPAR seed=20260926 lr=0.001 n=345 epoch=18/18 train=3.9s
DEEPAR seed=20260926 lr=0.001 n=346 epoch=18/18 train=3.6s
DEEPAR seed=20260926 lr=0.001 n=348 epoch=18/18 train=3.6s
DEEPAR seed=20260926 lr=0.001 n=349 epoch=18/18 train=3.7s
DEEPAR seed=20260926 lr=0.001 n=350 epoch=18/18 train=3.1s
DEEPAR seed=20260926 lr=0.001 n=351 epoch=18/18 train=3.2s
DEEPAR seed=20260926 lr=0.001 n=351 epoch=18/18 train=3.2s
DEEPAR seed=20260926 lr=0.001 n=353 epoch=18/18 train=3.7s
DEEPAR seed=20260926 lr=0.001 n=354 epoch=18/18 train=4.1s
DEEPAR seed=20260926 lr=0.001 n=356 epoch=18/18 train=3.8s
DEEPAR seed=20260926 lr=0.001 n=356 epoch=18/18 train=3.6s
DEEPAR seed=20260926 lr=0.001 n=357 epoch=18/18 train=3.4s
DEEPAR seed=20260926 lr=0.001 n=358 epoch=18/18 train=3.2s
DEEPAR seed=20260926 lr=0.001 n=358 epoch=18/18 train=3.3s
DEEPAR seed=20260926 lr=0.001 n=360 epoch=18/18 train=3.4s
DEEPAR seed=20260926 lr=0.001 n=361 epoch=18/18 train=3.6s
DEEPAR seed=20260926 lr=0.001 n=363 epoch=18/18 train=3.3s
DEEPAR seed=20260926 lr=0.001 n=363 epoch=18/18 train=3.5s
DEEPAR seed=20260926 lr=0.001 n=363 epoch=18/18 train=3.8s
DEEPAR seed=20260926 lr=0.001 n=364 epoch=18/18 train=4.4s
DEEPAR seed=20260926 lr=0.001 n=364 epoch=18/18 train=4.0s
DEEPAR seed=20260926 lr=0.001 n=365 epoch=18/18 train=3.8s
DEEPAR seed=20260926 lr=0.001 n=367 epoch=18/18 train=3.8s
DEEPAR seed=20260926 lr=0.001 n=369 epoch=18/18 train=3.9s
DEEPAR seed=20260926 lr=0.001 n=370 epoch=18/18 train=3.9s
DEEPAR seed=20260926 lr=0.001 n=371 epoch=18/18 train=3.8s
DEEPAR seed=20260926 lr=0.001 n=371 epoch=18/18 train=3.5s
DEEPAR seed=20260926 lr=0.001 n=371 epoch=18/18 train=3.7s
DEEPAR seed=20260926 lr=0.001 n=372 epoch=18/18 train=3.9s
DEEPAR seed=20260926 lr=0.001 n=375 epoch=18/18 train=4.3s
DEEPAR seed=20260926 lr=0.001 n=376 epoch=18/18 train=4.2s
DEEPAR seed=20260926 lr=0.001 n=376 epoch=18/18 train=4.0s
DEEPAR seed=20260926 lr=0.001 n=376 epoch=18/18 train=4.2s
DEEPAR seed=20260926 lr=0.001 n=378 epoch=18/18 train=3.8s
DEEPAR seed=20260926 lr=0.001 n=378 epoch=18/18 train=3.8s
DEEPAR seed=20260926 lr=0.001 n=378 epoch=18/18 train=4.8s
DEEPAR seed=20260926 lr=0.001 n=379 epoch=18/18 train=4.7s
DEEPAR seed=20260926 lr=0.001 n=380 epoch=18/18 train=4.6s
DEEPAR seed=20260926 lr=0.001 n=381 epoch=18/18 train=5.0s
DEEPAR seed=20260926 lr=0.001 n=383 epoch=18/18 train=4.8s
DEEPAR seed=20260926 lr=0.001 n=384 epoch=18/18 train=5.2s
DEEPAR seed=20260926 lr=0.001 n=385 epoch=18/18 train=5.4s
DEEPAR seed=20260926 lr=0.001 n=385 epoch=18/18 train=5.3s
DEEPAR seed=20260926 lr=0.001 n=385 epoch=18/18 train=4.9s
DEEPAR seed=20260926 lr=0.001 n=385 epoch=18/18 train=3.7s
DEEPAR seed=20260926 lr=0.001 n=385 epoch=18/18 train=4.0s
DEEPAR seed=20260926 lr=0.001 n=386 epoch=18/18 train=4.0s
DEEPAR seed=20260926 lr=0.001 n=388 epoch=18/18 train=4.1s
DEEPAR seed=20260926 lr=0.001 n=390 epoch=18/18 train=4.2s
DEEPAR seed=20260926 lr=0.001 n=390 epoch=18/18 train=3.7s
DEEPAR seed=20260926 lr=0.001 n=390 epoch=18/18 train=3.9s
DEEPAR seed=20260926 lr=0.001 n=392 epoch=18/18 train=4.0s
DEEPAR seed=20260926 lr=0.001 n=393 epoch=18/18 train=3.8s
DEEPAR seed=20260926 lr=0.001 n=394 epoch=18/18 train=3.8s
DEEPAR seed=20260926 lr=0.001 n=395 epoch=18/18 train=3.6s
DEEPAR seed=20260926 lr=0.001 n=398 epoch=18/18 train=3.8s
DEEPAR seed=20260926 lr=0.001 n=398 epoch=18/18 train=3.8s
DEEPAR seed=20260926 lr=0.001 n=399 epoch=18/18 train=3.8s
DEEPAR seed=20260926 lr=0.001 n=400 epoch=18/18 train=3.5s
DEEPAR seed=20260926 lr=0.001 n=401 epoch=18/18 train=3.7s
DEEPAR seed=20260926 lr=0.001 n=404 epoch=18/18 train=3.9s
DEEPAR seed=20260926 lr=0.001 n=405 epoch=18/18 train=3.9s
DEEPAR seed=20260926 lr=0.001 n=407 epoch=18/18 train=4.2s
DEEPAR seed=20260926 lr=0.001 n=409 epoch=18/18 train=3.8s
DEEPAR seed=20260926 lr=0.001 n=409 epoch=18/18 train=4.0s
DEEPAR seed=20260926 lr=0.001 n=410 epoch=18/18 train=3.8s
DEEPAR seed=20260926 lr=0.001 n=411 epoch=18/18 train=3.6s
DEEPAR seed=20260926 lr=0.001 n=411 epoch=18/18 train=3.4s
DEEPAR seed=20260926 lr=0.001 n=412 epoch=18/18 train=3.3s
DEEPAR seed=20260926 lr=0.001 n=412 epoch=18/18 train=3.4s
DEEPAR seed=20260926 lr=0.001 n=412 epoch=18/18 train=3.5s
DEEPAR seed=20260926 lr=0.001 n=412 epoch=18/18 train=4.2s
DEEPAR seed=20260926 lr=0.001 n=415 epoch=18/18 train=4.5s
DEEPAR seed=20260926 lr=0.001 n=415 epoch=18/18 train=4.9s
DEEPAR seed=20260926 lr=0.001 n=419 epoch=18/18 train=4.8s
DEEPAR seed=20260926 lr=0.001 n=420 epoch=18/18 train=4.6s
DEEPAR seed=20260926 lr=0.001 n=421 epoch=18/18 train=4.6s
DEEPAR seed=20260926 lr=0.001 n=422 epoch=18/18 train=4.5s
DEEPAR seed=20260926 lr=0.001 n=422 epoch=18/18 train=4.3s
DEEPAR seed=20260926 lr=0.001 n=422 epoch=18/18 train=4.4s
DEEPAR seed=20260926 lr=0.001 n=423 epoch=18/18 train=4.2s
DEEPAR seed=20260926 lr=0.001 n=425 epoch=18/18 train=4.5s
DEEPAR seed=20260926 lr=0.001 n=425 epoch=18/18 train=4.4s
DEEPAR seed=20260926 lr=0.001 n=427 epoch=18/18 train=4.7s
DEEPAR seed=20260926 lr=0.001 n=427 epoch=18/18 train=4.8s
DEEPAR seed=20260926 lr=0.001 n=428 epoch=18/18 train=4.6s
DEEPAR seed=20260926 lr=0.001 n=431 epoch=18/18 train=4.5s
DEEPAR seed=20260926 lr=0.001 n=433 epoch=18/18 train=4.7s
DEEPAR seed=20260926 lr=0.001 n=433 epoch=18/18 train=4.6s
EVALUATION_CACHE_READY DEEPAR_weighted_c1_s20260926
EVALUATED LGBM_weighted_c1_s20260924
EVALUATED HURDLE_weighted_c1_s20260924
EVALUATED BURST_EXPERT_weighted_c1_s20260924
EVALUATED TFT_weighted_c1_s20260924
EVALUATED TFT_weighted_c1_s20260925
EVALUATED TFT_weighted_c1_s20260926
EVALUATED DEEPAR_weighted_c1_s20260924
EVALUATED DEEPAR_weighted_c1_s20260925
EVALUATED DEEPAR_weighted_c1_s20260926
EVALUATED LGBM_fixed_c28_s20260924
EVALUATED LGBM_rolling90_c1_s20260924
EVALUATED LGBM_rolling180_c1_s20260924
EVALUATED LGBM_expanding_c1_s20260924
{
  "target_interface_valid": true,
  "temporal_refit_improvement_supported": true,
  "new_model_superior_to_baseline": false,
  "improvement_statistically_robust": false,
  "production_replacement_supported": false,
  "optimizer_integration_ready": false,
  "quality_gates_pass": false,
  "gates": [
    {
      "split": "EXPOSED_EVALUATION",
      "overall": true,
      "positive": true,
      "burst": false,
      "requirement": false,
      "target_1_8": false,
      "preferred_5pct": true,
      "robust": true
    },
    {
      "split": "MAY_HISTORICAL",
      "overall": false,
      "positive": true,
      "burst": false,
      "requirement": false,
      "target_1_8": false,
      "preferred_5pct": false,
      "robust": false
    }
  ],
  "selection": "DEEPAR",
  "policy": "weighted",
  "cadence": 1,
  "calibration": "expanding",
  "production_reason": "offline exposed historical evidence, ingestion latency unverified, no promotion/integration authorized"
}
VALIDATION PASS 3325 77112
