
Gurobi 13.0.2 (win64) logging started Thu Oct  8 20:42:55 2026

Set parameter LogFile to value "D:\MobileESS_V42\runtime\v42_m1_joint_gap_research\joint_gap_20261008\00_UB_FIXED_RECOURSE_NATIVE.log"
Gurobi Optimizer version 13.0.2 build v13.0.2rc1 (win64 - Windows 11+.0 (26200.2))

CPU model: 13th Gen Intel(R) Core(TM) i7-13620H, instruction set [SSE2|AVX|AVX2]
Thread count: 10 physical cores, 16 logical processors, using up to 1 threads

Non-default parameters:
TimeLimit  120
FeasibilityTol  1e-08
IntFeasTol  1e-08
MIPGap  0.005
OptimalityTol  1e-08
Method  1
Threads  1

Optimize a model with 582808 rows, 306040 columns and 5351612 nonzeros (Min)
Model fingerprint: 0x568eda79
Model has 1 linear objective coefficients
Coefficient statistics:
  Matrix range     [1e-13, 4e+02]
  Objective range  [1e+00, 1e+00]
  Bounds range     [3e-08, 2e+03]
  RHS range        [2e-24, 2e+03]
Warning: Model contains large matrix coefficient range
         Consider reformulating model or setting NumericFocus parameter
         to avoid numerical issues.

Presolve removed 561583 rows and 304068 columns
Presolve time: 1.41s
Presolved: 1127 rows, 21112 columns, 155109 nonzeros

Iteration    Objective       Primal Inf.    Dual Inf.      Time
       0      handle free variables                          1s
    3295    8.0221078e+00   0.000000e+00   6.874910e+07      6s
    5844    2.1374352e+01   0.000000e+00   1.398894e+10     10s
    8414    2.5648121e+01   0.000000e+00   5.917730e+07     16s
   10430    2.7464664e+01   0.000000e+00   3.089481e+08     20s
Warning: 1 variables dropped from basis

Extra simplex iterations after uncrush: 1
   12344    6.2841420e-01   0.000000e+00   0.000000e+00     25s

Solved in 12344 iterations and 24.90 seconds (32.94 work units)
Optimal objective  6.284141956e-01

User-callback calls 12620, time in user-callback 0.11 sec
