
Gurobi 13.0.2 (win64) logging started Thu Oct  8 08:32:14 2026

Set parameter LogFile to value "C:\v42_m1_exact_solver_redesign_20261008\docs\v42_m_practical_exact_solver_overnight_20261008\external_production\external_nodes\0037\LP.log"
Gurobi Optimizer version 13.0.2 build v13.0.2rc1 (win64 - Windows 11+.0 (26200.2))

CPU model: 13th Gen Intel(R) Core(TM) i7-13620H, instruction set [SSE2|AVX|AVX2]
Thread count: 10 physical cores, 16 logical processors, using up to 1 threads

Non-default parameters:
TimeLimit  900
FeasibilityTol  1e-08
IntFeasTol  1e-08
MIPGap  0.005
OptimalityTol  1e-08
Method  2
LPWarmStart  0
Crossover  0
DegenMoves  0
MIPFocus  3
NodeMethod  1
LogToConsole  0
Seed  20260929
Threads  1

Optimize a model with 582808 rows, 306040 columns and 5351612 nonzeros (Min)
Model fingerprint: 0xf7f5733a
Model has 1 linear objective coefficients
Coefficient statistics:
  Matrix range     [1e-13, 4e+02]
  Objective range  [1e+00, 1e+00]
  Bounds range     [3e-08, 2e+03]
  RHS range        [2e-24, 2e+03]
Warning: Model contains large matrix coefficient range
         Consider reformulating model or setting NumericFocus parameter
         to avoid numerical issues.

Presolve removed 175725 rows and 27354 columns
Presolve time: 2.07s
Presolved: 407083 rows, 298981 columns, 4428455 nonzeros
Elapsed ordering time = 5s
Ordering time: 5.39s

Barrier statistics:
 Dense cols : 965
 AA' NZ     : 3.780e+07
 Factor NZ  : 5.714e+07 (roughly 700 MB of memory)
 Factor Ops : 3.123e+10 (roughly 1 second per iteration)
 Threads    : 1

                  Objective                Residual
Iter       Primal          Dual         Primal    Dual     Compl     Time
   0   1.27525751e+03 -5.00179050e+05  6.52e+07 7.87e-07  1.02e+04    13s
   1   1.70158022e+03 -3.67374673e+05  4.36e+07 6.07e-03  4.39e+03    14s
   2   4.60806564e+02 -2.61976173e+05  1.80e+07 4.92e-04  5.58e+03    16s
   3   3.63409070e+01 -1.04241004e+05  1.39e+06 8.52e-15  4.40e+02    18s
   4   8.17541881e-01 -5.80245657e+04  4.44e+03 8.45e-15  9.27e+00    19s
   5   7.52655705e-01 -9.84566940e+03  1.76e+03 2.47e-14  1.56e+00    21s
   6   7.22035024e-01 -6.62250856e+02  2.66e+02 2.48e-14  1.13e-01    23s
   7   7.26465246e-01 -2.27550727e+02  9.28e+01 3.18e-14  3.94e-02    25s
   8   7.28789455e-01 -9.55480327e+01  4.05e+01 2.55e-14  1.75e-02    28s
   9   7.33765038e-01 -4.23301604e+01  1.10e+01 4.15e-10  7.12e-03    30s
  10   7.33621402e-01 -5.19620618e+00  2.01e+00 8.07e-09  1.02e-03    32s
  11   6.50267414e-01 -4.39940557e-01  1.86e-01 1.96e-08  1.53e-04    35s
  12   6.20247632e-01 -4.03638792e-02  1.44e-01 4.59e-08  9.16e-05    37s
  13   6.10920182e-01  1.84335110e-01  1.05e-01 6.19e-08  5.81e-05    40s
  14   6.04736426e-01  3.15626737e-01  8.23e-02 4.76e-08  3.90e-05    42s
  15   5.97129766e-01  3.91676916e-01  5.88e-02 3.90e-08  2.74e-05    44s
  16   5.94017397e-01  3.99270111e-01  5.12e-02 3.75e-08  2.59e-05    46s
  17   5.85388570e-01  4.46602284e-01  2.70e-02 2.88e-08  1.82e-05    48s
  18   5.80881295e-01  4.74534084e-01  1.81e-02 2.26e-08  1.38e-05    49s
  19   5.78983345e-01  4.91163649e-01  1.46e-02 1.89e-08  1.13e-05    51s
  20   5.77019655e-01  5.07332326e-01  1.14e-02 1.50e-08  8.92e-06    53s
  21   5.75172341e-01  5.34777114e-01  8.66e-03 9.89e-09  5.05e-06    54s
  22   5.72966804e-01  5.44881753e-01  5.51e-03 9.52e-09  3.46e-06    56s
  23   5.72106789e-01  5.50919946e-01  4.31e-03 9.07e-09  2.59e-06    58s
  24   5.71145231e-01  5.56682639e-01  2.89e-03 8.53e-09  1.76e-06    60s
  25   5.70626883e-01  5.58741084e-01  2.12e-03 8.47e-09  1.44e-06    61s
  26   5.70336873e-01  5.61869482e-01  1.68e-03 7.98e-09  1.02e-06    63s
  27   5.70192673e-01  5.63214278e-01  1.47e-03 9.90e-09  8.32e-07    65s
  28   5.69970363e-01  5.64862035e-01  1.13e-03 9.18e-09  6.08e-07    67s
  29   5.69795410e-01  5.66576064e-01  8.66e-04 8.35e-09  3.86e-07    69s
  30   5.69669881e-01  5.67105031e-01  7.01e-04 7.93e-09  3.08e-07    71s
  31   5.69563872e-01  5.67486544e-01  5.36e-04 7.38e-09  2.49e-07    73s
  32   5.69489161e-01  5.67768874e-01  4.23e-04 6.95e-09  2.08e-07    75s
  33   5.69389398e-01  5.68250431e-01  2.72e-04 5.93e-09  1.41e-07    77s
  34   5.69343155e-01  5.68510527e-01  2.02e-04 5.44e-09  1.06e-07    79s
  35   5.69325704e-01  5.68697861e-01  1.72e-04 5.37e-09  8.42e-08    81s
  36   5.69271458e-01  5.68899851e-01  9.18e-05 5.19e-09  5.47e-08    83s
  37   5.69265471e-01  5.69017808e-01  8.36e-05 4.55e-09  4.19e-08    85s
  38   5.69259372e-01  5.69065230e-01  7.58e-05 4.25e-09  3.63e-08    87s
  39   5.69253977e-01  5.69083841e-01  6.88e-05 4.11e-09  3.39e-08    89s
  40   5.69243145e-01  5.69123488e-01  5.42e-05 3.83e-09  2.89e-08    90s
  41   5.69223584e-01  5.69251582e-01  2.93e-05 3.95e-09  1.54e-08    93s
  42   5.69217870e-01  5.69315210e-01  2.34e-05 4.10e-09  8.11e-09    95s
  43   5.69208261e-01  5.69342129e-01  1.29e-05 4.24e-09  4.60e-09    97s
  44   5.69201702e-01  5.69359032e-01  7.45e-06 4.26e-09  2.27e-09    99s
  45   5.69200502e-01  5.69360015e-01  6.54e-06 4.10e-09  1.52e-09   101s
  46   5.69199762e-01  5.69359137e-01  6.02e-06 3.96e-09  1.28e-09   103s
  47   5.69198275e-01  5.69359104e-01  4.97e-06 3.88e-09  1.12e-09   105s
  48   5.69195548e-01  5.69356043e-01  3.33e-06 3.66e-09  8.11e-10   107s
  49   5.69194532e-01  5.69349043e-01  2.83e-06 2.93e-09  4.13e-10   108s
  50   5.69193392e-01  5.69334306e-01  2.25e-06 2.81e-09  3.48e-10   110s
  51   5.69191476e-01  5.69323406e-01  1.43e-06 3.25e-09  1.88e-10   112s
  52   5.69190273e-01  5.69319315e-01  1.03e-06 3.30e-09  1.36e-10   115s
  53   5.69189062e-01  5.69311482e-01  7.45e-07 3.73e-09  7.10e-11   117s
  54   5.69188600e-01  5.69308551e-01  6.43e-07 3.63e-09  5.83e-11   119s
  55   5.69188071e-01  5.69298652e-01  5.34e-07 2.98e-09  5.25e-11   121s
  56   5.69188038e-01  5.69289736e-01  4.61e-07 2.51e-09  5.30e-11   123s
  57   5.69187890e-01  5.69281445e-01  4.35e-07 2.24e-09  4.80e-11   125s
  58   5.69186627e-01  5.69271641e-01  2.06e-07 2.11e-09  2.76e-11   127s
  59   5.69186610e-01  5.69272422e-01  2.05e-07 2.14e-09  2.94e-11   130s
  60   5.69186450e-01  5.69272125e-01  1.90e-07 2.12e-09  2.79e-11   132s
  61   5.69186354e-01  5.69263030e-01  1.82e-07 1.98e-09  2.33e-11   134s
  62   5.69186137e-01  5.69260047e-01  1.68e-07 2.03e-09  2.17e-11   136s
  63   5.69186083e-01  5.69259606e-01  1.65e-07 2.03e-09  2.13e-11   138s
  64   5.69185977e-01  5.69258349e-01  1.59e-07 2.04e-09  2.05e-11   140s
  65   5.69185936e-01  5.69258299e-01  1.59e-07 2.04e-09  2.04e-11   143s
  66   5.69185886e-01  5.69257295e-01  1.53e-07 1.86e-09  2.01e-11   145s
  67   5.69185956e-01  5.69257164e-01  1.53e-07 1.85e-09  2.05e-11   148s
  68   5.69185801e-01  5.69253994e-01  1.41e-07 1.57e-09  1.91e-11   150s
  69   5.69185825e-01  5.69252988e-01  1.37e-07 1.54e-09  1.91e-11   152s
  70   5.69185795e-01  5.69252266e-01  1.35e-07 1.52e-09  1.93e-11   155s
  71   5.69185760e-01  5.69249676e-01  1.32e-07 1.45e-09  1.90e-11   157s
  72   5.69185560e-01  5.69249327e-01  1.18e-07 1.43e-09  1.67e-11   160s
  73   5.69185391e-01  5.69244224e-01  1.04e-07 1.29e-09  1.66e-11   163s
  74   5.69185298e-01  5.69240868e-01  9.98e-08 1.24e-09  1.65e-11   165s
  75   5.69185238e-01  5.69236242e-01  8.90e-08 1.37e-09  1.56e-11   168s
  76   5.69185152e-01  5.69234412e-01  8.37e-08 1.44e-09  1.44e-11   170s
  77   5.69185083e-01  5.69231217e-01  7.75e-08 1.61e-09  1.38e-11   172s
  78   5.69184983e-01  5.69229085e-01  7.20e-08 1.70e-09  1.27e-11   174s
  79   5.69184959e-01  5.69226451e-01  7.00e-08 1.81e-09  1.25e-11   176s
  80   5.69184943e-01  5.69226287e-01  6.88e-08 1.80e-09  1.23e-11   178s
  81   5.69184845e-01  5.69225088e-01  6.09e-08 1.76e-09  1.09e-11   181s
  82   5.69184838e-01  5.69224481e-01  6.41e-08 1.75e-09  1.10e-11   184s
  83   5.69184733e-01  5.69217691e-01  8.04e-08 1.32e-09  8.47e-12   186s
  84   5.69184755e-01  5.69223181e-01  8.15e-08 1.31e-09  9.01e-12   188s
  85   5.69184616e-01  5.69218428e-01  6.83e-08 1.09e-09  7.21e-12   190s
  86   5.69184615e-01  5.69216542e-01  6.80e-08 9.88e-10  7.16e-12   192s
  87   5.69184565e-01  5.69216356e-01  7.21e-08 9.78e-10  6.65e-12   194s
  88   5.69184557e-01  5.69211594e-01  7.11e-08 7.54e-10  6.67e-12   196s
  89   5.69184550e-01  5.69209440e-01  7.00e-08 6.68e-10  6.67e-12   198s
  90   5.69184536e-01  5.69210453e-01  5.98e-08 6.59e-10  5.94e-12   201s
  91   5.69184527e-01  5.69210742e-01  5.93e-08 6.68e-10  5.93e-12   203s
  92   5.69184511e-01  5.69210549e-01  5.69e-08 6.54e-10  5.68e-12   205s
  93   5.69184504e-01  5.69210417e-01  5.51e-08 6.34e-10  5.49e-12   207s
  94   5.69184486e-01  5.69210613e-01  5.24e-08 5.58e-10  5.38e-12   209s
  95   5.69184471e-01  5.69210552e-01  4.98e-08 5.55e-10  5.15e-12   211s
  96   5.69184441e-01  5.69210494e-01  4.96e-08 5.54e-10  4.39e-12   213s
  97   5.69184414e-01  5.69210493e-01  9.22e-08 5.53e-10  3.88e-12   215s
  98   5.69184403e-01  5.69210619e-01  9.04e-08 5.51e-10  3.61e-12   217s
  99   5.69184387e-01  5.69210402e-01  9.39e-08 5.67e-10  3.30e-12   219s
 100   5.69184385e-01  5.69210299e-01  9.25e-08 5.78e-10  3.23e-12   221s
 101   5.69184383e-01  5.69210262e-01  9.25e-08 5.82e-10  3.19e-12   222s
 102   5.69184382e-01  5.69208854e-01  8.98e-08 5.12e-10  3.22e-12   225s
 103   5.69184378e-01  5.69208688e-01  1.24e-07 5.30e-10  3.16e-12   226s
 104   5.69184377e-01  5.69208666e-01  1.23e-07 5.30e-10  3.15e-12   228s
 105   5.69184377e-01  5.69208662e-01  1.23e-07 5.30e-10  3.15e-12   230s
 106   5.69184354e-01  5.69208380e-01  1.18e-07 5.32e-10  2.65e-12   232s
 107   5.69184354e-01  5.69208391e-01  1.18e-07 5.32e-10  2.65e-12   234s
 108   5.69184335e-01  5.69209147e-01  1.03e-07 4.98e-10  2.43e-12   236s
 109   5.69184332e-01  5.69208706e-01  1.02e-07 5.07e-10  2.35e-12   238s
 110   5.69184324e-01  5.69207883e-01  9.78e-08 5.22e-10  2.12e-12   240s
 111   5.69184313e-01  5.69207761e-01  9.30e-08 5.20e-10  1.96e-12   242s
 112   5.69184310e-01  5.69207743e-01  9.12e-08 5.20e-10  1.92e-12   243s
 113   5.69184302e-01  5.69207108e-01  8.51e-08 5.20e-10  1.93e-12   245s
 114   5.69184284e-01  5.69206847e-01  7.95e-08 5.10e-10  1.67e-12   247s
 115   5.69184283e-01  5.69206117e-01  1.14e-07 5.09e-10  1.70e-12   249s
 116   5.69184233e-01  5.69205153e-01  9.23e-08 5.03e-10  9.09e-13   251s
 117   5.69184228e-01  5.69205071e-01  9.02e-08 5.03e-10  8.91e-13   253s
 118   5.69184216e-01  5.69205114e-01  1.20e-07 5.03e-10  8.82e-13   255s
 119   5.69184137e-01  5.69204325e-01  4.04e-08 5.04e-10  2.79e-13   257s

Barrier solved model in 119 iterations and 257.16 seconds (481.40 work units)
Optimal objective 5.69184137e-01


User-callback calls 15454, time in user-callback 0.29 sec
Discarded solution information
Set parameter Method to value 2
Set parameter Crossover to value 0
Set parameter LPWarmStart to value 0
Set parameter NumericFocus to value 0
Set parameter DualReductions to value 1
Set parameter InfUnbdInfo to value 0
Set parameter TimeLimit to value 900
