
Gurobi 13.0.2 (win64) logging started Thu Oct  8 07:17:38 2026

Set parameter LogFile to value "C:\v42_m1_exact_solver_redesign_20261008\docs\v42_m_practical_exact_solver_overnight_20261008\external_production\external_nodes\0020\LP.log"
Gurobi Optimizer version 13.0.2 build v13.0.2rc1 (win64 - Windows 11+.0 (26200.2))

CPU model: 13th Gen Intel(R) Core(TM) i7-13620H, instruction set [SSE2|AVX|AVX2]
Thread count: 10 physical cores, 16 logical processors, using up to 1 threads

Non-default parameters:
TimeLimit  900
FeasibilityTol  1e-08
IntFeasTol  1e-08
MIPGap  0.005
OptimalityTol  1e-08
Method  2
LPWarmStart  0
Crossover  0
DegenMoves  0
MIPFocus  3
NodeMethod  1
LogToConsole  0
Seed  20260929
Threads  1

Optimize a model with 582808 rows, 306040 columns and 5351612 nonzeros (Min)
Model fingerprint: 0xe923a8dd
Model has 1 linear objective coefficients
Coefficient statistics:
  Matrix range     [1e-13, 4e+02]
  Objective range  [1e+00, 1e+00]
  Bounds range     [3e-08, 2e+03]
  RHS range        [2e-24, 2e+03]
Warning: Model contains large matrix coefficient range
         Consider reformulating model or setting NumericFocus parameter
         to avoid numerical issues.

Presolve removed 175679 rows and 27296 columns
Presolve time: 2.11s
Presolved: 407129 rows, 299043 columns, 4428774 nonzeros
Elapsed ordering time = 5s
Ordering time: 5.43s

Barrier statistics:
 Dense cols : 961
 AA' NZ     : 3.785e+07
 Factor NZ  : 5.728e+07 (roughly 700 MB of memory)
 Factor Ops : 3.146e+10 (roughly 1 second per iteration)
 Threads    : 1

                  Objective                Residual
Iter       Primal          Dual         Primal    Dual     Compl     Time
   0   1.27525716e+03 -5.00189321e+05  6.52e+07 7.87e-07  1.02e+04    13s
   1   1.70157960e+03 -3.67344203e+05  4.36e+07 6.07e-03  4.39e+03    14s
   2   4.60726466e+02 -2.61948237e+05  1.80e+07 4.92e-04  5.58e+03    16s
   3   3.63318796e+01 -1.04237654e+05  1.39e+06 4.95e-10  4.40e+02    18s
   4   8.17156427e-01 -5.80325989e+04  4.43e+03 4.00e-11  9.27e+00    19s
   5   7.52541720e-01 -1.02301459e+04  1.76e+03 5.27e-10  1.62e+00    21s
   6   7.21858637e-01 -6.59497016e+02  2.72e+02 1.12e-10  1.12e-01    24s
   7   7.26768113e-01 -2.28703183e+02  9.45e+01 3.56e-11  3.90e-02    26s
   8   7.30384493e-01 -1.05517488e+02  4.87e+01 1.69e-11  1.86e-02    28s
   9   7.35968112e-01 -2.92080392e+01  1.62e+01 4.15e-09  5.56e-03    30s
  10   7.34708616e-01 -2.44148602e+01  9.48e+00 3.28e-09  4.29e-03    32s
  11   7.10346711e-01 -2.29159924e+00  3.13e-01 1.05e-08  4.34e-04    34s
  12   6.40604211e-01 -8.34462837e-01  2.05e-01 1.20e-08  2.09e-04    36s
  13   6.22850798e-01 -4.98011890e-01  1.72e-01 2.83e-08  1.58e-04    38s
  14   6.14667570e-01 -1.73337635e-01  1.30e-01 3.65e-08  1.10e-04    41s
  15   6.06802419e-01  1.05593996e-01  7.74e-02 2.90e-08  6.88e-05    42s
  16   6.01126422e-01  2.16475497e-01  5.51e-02 2.58e-08  5.24e-05    44s
  17   5.99023377e-01  2.66340627e-01  4.95e-02 2.35e-08  4.52e-05    46s
  18   5.95104854e-01  2.97666092e-01  4.14e-02 2.68e-08  4.03e-05    48s
  19   5.88225752e-01  4.10614593e-01  2.78e-02 3.32e-08  2.38e-05    50s
  20   5.79451161e-01  4.99716464e-01  1.27e-02 1.73e-08  1.03e-05    53s
  21   5.76958569e-01  5.28023402e-01  9.66e-03 1.31e-08  6.16e-06    55s
  22   5.73397739e-01  5.51753735e-01  5.37e-03 1.22e-08  2.56e-06    58s
  23   5.72013022e-01  5.57995372e-01  3.78e-03 1.06e-08  1.58e-06    60s
  24   5.71138577e-01  5.62525503e-01  2.79e-03 1.10e-08  9.62e-07    62s
  25   5.70283458e-01  5.64131915e-01  1.72e-03 1.05e-08  6.78e-07    64s
  26   5.69984970e-01  5.65221578e-01  1.33e-03 9.50e-09  5.21e-07    66s
  27   5.69803292e-01  5.66377968e-01  1.08e-03 9.04e-09  3.78e-07    68s
  28   5.69690692e-01  5.67387008e-01  8.73e-04 7.27e-09  2.66e-07    71s
  29   5.69529743e-01  5.67779426e-01  6.83e-04 7.28e-09  2.07e-07    73s
  30   5.69436404e-01  5.68205278e-01  5.48e-04 7.08e-09  1.53e-07    75s
  31   5.69369722e-01  5.68561167e-01  4.36e-04 6.88e-09  1.10e-07    77s
  32   5.69296985e-01  5.68811813e-01  3.28e-04 6.78e-09  7.56e-08    79s
  33   5.69262162e-01  5.68954195e-01  2.82e-04 6.89e-09  5.67e-08    81s
  34   5.69203160e-01  5.69045036e-01  1.75e-04 6.84e-09  3.90e-08    83s
  35   5.69166828e-01  5.69163816e-01  1.12e-04 6.35e-09  2.07e-08    85s
  36   5.69143361e-01  5.69190250e-01  7.48e-05 5.61e-09  1.33e-08    87s
  37   5.69132458e-01  5.69198717e-01  5.82e-05 5.52e-09  1.01e-08    89s
  38   5.69128635e-01  5.69202270e-01  5.31e-05 5.53e-09  7.89e-09    90s
  39   5.69126622e-01  5.69202504e-01  5.01e-05 5.50e-09  7.20e-09    92s
  40   5.69121538e-01  5.69202696e-01  4.27e-05 5.45e-09  5.82e-09    93s
  41   5.69113045e-01  5.69198821e-01  3.11e-05 5.28e-09  4.09e-09    95s
  42   5.69110101e-01  5.69189230e-01  2.72e-05 4.98e-09  3.24e-09    97s
  43   5.69101825e-01  5.69183731e-01  1.61e-05 4.83e-09  2.24e-09    98s
  44   5.69098492e-01  5.69177812e-01  1.29e-05 4.44e-09  1.47e-09   100s
  45   5.69097977e-01  5.69175094e-01  1.24e-05 4.32e-09  1.37e-09   102s
  46   5.69097343e-01  5.69174205e-01  1.17e-05 4.28e-09  1.30e-09   104s
  47   5.69091611e-01  5.69165315e-01  6.42e-06 3.87e-09  5.78e-10   106s
  48   5.69086774e-01  5.69165212e-01  3.46e-06 3.72e-09  2.72e-10   108s
  49   5.69086212e-01  5.69163894e-01  3.25e-06 3.68e-09  2.38e-10   109s
  50   5.69085511e-01  5.69163726e-01  2.93e-06 3.67e-09  2.19e-10   111s
  51   5.69083482e-01  5.69162472e-01  2.29e-06 3.63e-09  1.47e-10   114s
  52   5.69080982e-01  5.69161967e-01  1.61e-06 3.58e-09  9.81e-11   116s
  53   5.69080655e-01  5.69161328e-01  1.54e-06 3.54e-09  9.13e-11   118s
  54   5.69083051e-01  5.69133073e-01  7.86e-07 1.98e-09  2.50e-10   120s
  55   5.69080896e-01  5.69128288e-01  2.59e-07 1.71e-09  9.15e-11   123s
  56   5.69079985e-01  5.69093948e-01  1.26e-07 1.24e-09  7.12e-11   125s
  57   5.69079965e-01  5.69101505e-01  1.21e-07 7.52e-10  5.44e-11   126s
  58   5.69079853e-01  5.69100423e-01  9.47e-08 7.29e-10  4.08e-11   128s
  59   5.69079843e-01  5.69099557e-01  9.11e-08 6.96e-10  3.93e-11   130s
  60   5.69079817e-01  5.69099129e-01  8.96e-08 6.81e-10  3.55e-11   132s
  61   5.69079556e-01  5.69099183e-01  2.89e-08 6.92e-10  1.16e-11   134s
  62   5.69079556e-01  5.69099182e-01  1.13e-07 6.92e-10  1.16e-11   136s
  63   5.69079543e-01  5.69099119e-01  1.05e-07 6.94e-10  1.08e-11   138s
  64   5.69079450e-01  5.69097566e-01  5.21e-08 7.27e-10  5.27e-12   140s
  65   5.69079449e-01  5.69097555e-01  5.16e-08 7.27e-10  5.22e-12   142s
  66   5.69079446e-01  5.69097536e-01  5.16e-08 7.28e-10  5.12e-12   143s
  67   5.69079419e-01  5.69097285e-01  4.15e-08 7.35e-10  4.12e-12   145s
  68   5.69079408e-01  5.69097245e-01  3.96e-08 7.36e-10  3.94e-12   147s
  69   5.69079332e-01  5.69096559e-01  1.63e-08 7.57e-10  1.62e-12   149s
  70   5.69079324e-01  5.69096434e-01  1.96e-08 7.60e-10  1.48e-12   151s
  71   5.69079302e-01  5.69096088e-01  1.52e-08 7.70e-10  1.13e-12   152s
  72   5.69079301e-01  5.69096078e-01  1.51e-08 7.70e-10  1.12e-12   154s
  73   5.69079302e-01  5.69095752e-01  9.30e-08 7.55e-10  1.12e-12   156s
  74   5.69079302e-01  5.69095635e-01  9.39e-08 7.50e-10  1.13e-12   158s
  75   5.69079302e-01  5.69095529e-01  9.35e-08 7.45e-10  1.13e-12   160s
  76   5.69079302e-01  5.69095434e-01  8.82e-08 7.41e-10  1.11e-12   162s
  77   5.69079302e-01  5.69095433e-01  8.82e-08 7.41e-10  1.11e-12   164s
  78   5.69079300e-01  5.69095147e-01  8.47e-08 7.27e-10  1.07e-12   167s
  79   5.69079300e-01  5.69095147e-01  8.47e-08 7.27e-10  1.07e-12   169s
  80   5.69079299e-01  5.69095070e-01  9.06e-08 7.24e-10  1.06e-12   171s
  81   5.69079299e-01  5.69095076e-01  9.58e-08 7.24e-10  1.06e-12   173s
  82   5.69079294e-01  5.69095075e-01  9.10e-08 7.24e-10  1.05e-12   175s
  83   5.69079290e-01  5.69095046e-01  7.89e-08 7.23e-10  1.02e-12   177s
  84   5.69079225e-01  5.69095182e-01  5.15e-08 7.26e-10  6.53e-13   179s

Barrier solved model in 84 iterations and 178.69 seconds (333.92 work units)
Optimal objective 5.69079225e-01


User-callback calls 10690, time in user-callback 0.22 sec
