FIT MOE_180_14 20250407T0800 267221 499 96.6
FIT LGBM_180_14 20250407T0800 267221 499 228.65
AUX_SELECTION_READY 2025-04-07 08:00:00+00:00
FIT MOE_180_14 20250406T0800 264717 1218 75.47
FIT LGBM_180_14 20250406T0800 264717 1218 223.93
AUX_SELECTION_READY 2025-04-06 08:00:00+00:00
FIT MOE_180_14 20250405T0800 262393 499 64.19
FIT LGBM_180_14 20250405T0800 262393 499 221.18
AUX_SELECTION_READY 2025-04-05 08:00:00+00:00
FIT MOE_180_14 20250404T0800 260509 555 64.4
FIT LGBM_180_14 20250404T0800 260509 555 204.59
AUX_SELECTION_READY 2025-04-04 08:00:00+00:00
FIT MOE_180_14 20250403T0800 259490 999 65.97
FIT LGBM_180_14 20250403T0800 259490 999 198.25
AUX_SELECTION_READY 2025-04-03 08:00:00+00:00
FIT MOE_180_14 20250402T0800 257901 423 78.74
FIT LGBM_180_14 20250402T0800 257901 423 153.4
AUX_SELECTION_READY 2025-04-02 08:00:00+00:00
AUX_SELECTION_READY 2025-03-30 08:00:00+00:00
AUX_SELECTION_READY 2025-03-29 08:00:00+00:00
AUX_SELECTION_READY 2025-03-28 08:00:00+00:00
AUX_SELECTION_READY 2025-03-27 08:00:00+00:00
AUX_SELECTION_READY 2025-03-26 08:00:00+00:00
AUX_SELECTION_READY 2025-03-25 08:00:00+00:00
AUX_SELECTION_READY 2025-03-24 08:00:00+00:00
AUX_SELECTION_READY 2025-03-23 08:00:00+00:00
AUX_SELECTION_READY 2025-03-22 08:00:00+00:00
AUX_SELECTION_READY 2025-03-21 08:00:00+00:00
AUX_SELECTION_READY 2025-03-20 08:00:00+00:00
AUX_SELECTION_READY 2025-03-19 08:00:00+00:00
AUX_SELECTION_READY 2025-03-18 08:00:00+00:00
AUX_SELECTION_READY 2025-03-17 08:00:00+00:00
AUX_SELECTION_READY 2025-03-16 08:00:00+00:00
AUX_SELECTION_READY 2025-03-15 08:00:00+00:00
AUX_SELECTION_READY 2025-03-14 08:00:00+00:00
FIT MOE_180_14 20250530T0800 313150 160 61.82
FIT LGBM_180_14 20250530T0800 313150 160 39.09
FIT MOE_120_current_decay 20250530T0800 192095 160 44.28
AUX_FROZEN_READY 2025-05-30 08:00:00+00:00
FIT MOE_180_14 20250529T0800 313505 171 74.24
FIT LGBM_180_14 20250529T0800 313505 171 48.22
FIT MOE_120_current_decay 20250529T0800 192886 171 41.93
AUX_FROZEN_READY 2025-05-29 08:00:00+00:00
FIT MOE_180_14 20250528T0800 313968 125 62.96
FIT LGBM_180_14 20250528T0800 313968 125 222.25
FIT MOE_120_current_decay 20250528T0800 193964 125 45.78
AUX_FROZEN_READY 2025-05-28 08:00:00+00:00
FIT MOE_180_14 20250527T0800 314210 109 58.86
FIT LGBM_180_14 20250527T0800 314210 109 220.12
FIT MOE_120_current_decay 20250527T0800 201589 109 41.25
AUX_FROZEN_READY 2025-05-27 08:00:00+00:00
FIT MOE_180_14 20250526T0800 315630 141 57.96
FIT LGBM_180_14 20250526T0800 315630 141 225.53
FIT MOE_120_current_decay 20250526T0800 217259 141 51.0
AUX_FROZEN_READY 2025-05-26 08:00:00+00:00
FIT MOE_180_14 20250525T0800 317105 249 64.85
FIT LGBM_180_14 20250525T0800 317105 249 275.65
FIT MOE_120_current_decay 20250525T0800 238369 249 50.37
AUX_FROZEN_READY 2025-05-25 08:00:00+00:00
FIT MOE_180_14 20250524T0800 317683 326 79.46
FIT LGBM_180_14 20250524T0800 317683 326 241.57
FIT MOE_120_current_decay 20250524T0800 240727 326 54.46
AUX_FROZEN_READY 2025-05-24 08:00:00+00:00
FIT MOE_180_14 20250523T0800 318067 352 83.0
FIT LGBM_180_14 20250523T0800 318067 352 230.25
FIT MOE_120_current_decay 20250523T0800 241489 352 54.93
AUX_FROZEN_READY 2025-05-23 08:00:00+00:00
FIT MOE_180_14 20250522T0800 318116 589 88.69
FIT LGBM_180_14 20250522T0800 318116 589 238.06
FIT MOE_120_current_decay 20250522T0800 242855 589 67.94
AUX_FROZEN_READY 2025-05-22 08:00:00+00:00
FIT MOE_180_14 20250521T0800 318344 640 84.95
FIT LGBM_180_14 20250521T0800 318344 640 236.09
FIT MOE_120_current_decay 20250521T0800 243248 640 67.97
AUX_FROZEN_READY 2025-05-21 08:00:00+00:00
FIT MOE_180_14 20250520T0800 318671 708 90.33
FIT LGBM_180_14 20250520T0800 318671 708 243.93
FIT MOE_120_current_decay 20250520T0800 246038 708 68.09
AUX_FROZEN_READY 2025-05-20 08:00:00+00:00
FIT MOE_180_14 20250519T0800 318366 976 81.91
FIT LGBM_180_14 20250519T0800 318366 976 196.23
FIT MOE_120_current_decay 20250519T0800 245909 976 49.52
AUX_FROZEN_READY 2025-05-19 08:00:00+00:00
FIT MOE_180_14 20250518T0800 318308 1206 62.26
FIT LGBM_180_14 20250518T0800 318308 1206 176.73
FIT MOE_120_current_decay 20250518T0800 245765 1206 51.09
AUX_FROZEN_READY 2025-05-18 08:00:00+00:00
AUX_FROZEN_READY 2025-05-17 08:00:00+00:00
AUX_FROZEN_READY 2025-05-16 08:00:00+00:00
AUX_FROZEN_READY 2025-05-15 08:00:00+00:00
AUX_FROZEN_READY 2025-05-14 08:00:00+00:00
AUX_FROZEN_READY 2025-05-13 08:00:00+00:00
AUX_FROZEN_READY 2025-05-12 08:00:00+00:00
AUX_FROZEN_READY 2025-05-11 08:00:00+00:00
AUX_FROZEN_READY 2025-05-10 08:00:00+00:00
AUX_FROZEN_READY 2025-05-09 08:00:00+00:00
AUX_FROZEN_READY 2025-05-08 08:00:00+00:00
AUX_FROZEN_READY 2025-05-07 08:00:00+00:00
AUX_FROZEN_READY 2025-05-06 08:00:00+00:00
AUX_FROZEN_READY 2025-05-05 08:00:00+00:00
AUX_FROZEN_READY 2025-05-04 08:00:00+00:00
AUX_FROZEN_READY 2025-05-03 08:00:00+00:00
AUX_FROZEN_READY 2025-05-02 08:00:00+00:00
AUX_FROZEN_READY 2025-05-01 08:00:00+00:00
AUX_FROZEN_READY 2025-04-30 08:00:00+00:00
AUX_FROZEN_READY 2025-04-23 08:00:00+00:00
AUX_FROZEN_READY 2025-04-22 08:00:00+00:00
AUX_FROZEN_READY 2025-04-21 08:00:00+00:00
AUX_FROZEN_READY 2025-04-20 08:00:00+00:00
AUX_FROZEN_READY 2025-04-19 08:00:00+00:00
AUX_FROZEN_READY 2025-04-18 08:00:00+00:00
AUX_FROZEN_READY 2025-04-17 08:00:00+00:00
AUX_FROZEN_READY 2025-04-16 08:00:00+00:00
AUX_FROZEN_READY 2025-04-14 08:00:00+00:00
AUX_FROZEN_READY 2025-04-13 08:00:00+00:00
AUX_FROZEN_READY 2025-04-12 08:00:00+00:00
AUX_FROZEN_READY 2025-04-11 08:00:00+00:00
AUX_FROZEN_READY 2025-04-10 08:00:00+00:00
AUX_FROZEN_READY 2025-04-07 08:00:00+00:00
AUX_FROZEN_READY 2025-04-06 08:00:00+00:00
AUX_FROZEN_READY 2025-04-05 08:00:00+00:00
AUX_FROZEN_READY 2025-04-04 08:00:00+00:00
AUX_FROZEN_READY 2025-04-03 08:00:00+00:00
AUX_FROZEN_READY 2025-04-02 08:00:00+00:00
AUX_FROZEN_READY 2025-03-30 08:00:00+00:00
AUX_FROZEN_READY 2025-03-29 08:00:00+00:00
AUX_FROZEN_READY 2025-03-28 08:00:00+00:00
AUX_FROZEN_READY 2025-03-27 08:00:00+00:00
AUX_FROZEN_READY 2025-03-26 08:00:00+00:00
AUX_FROZEN_READY 2025-03-25 08:00:00+00:00
AUX_FROZEN_READY 2025-03-24 08:00:00+00:00
AUX_FROZEN_READY 2025-03-23 08:00:00+00:00
AUX_FROZEN_READY 2025-03-22 08:00:00+00:00
AUX_FROZEN_READY 2025-03-21 08:00:00+00:00
AUX_FROZEN_READY 2025-03-20 08:00:00+00:00
AUX_FROZEN_READY 2025-03-19 08:00:00+00:00
AUX_FROZEN_READY 2025-03-18 08:00:00+00:00
AUX_FROZEN_READY 2025-03-17 08:00:00+00:00
AUX_FROZEN_READY 2025-03-16 08:00:00+00:00
AUX_FROZEN_READY 2025-03-15 08:00:00+00:00
AUX_FROZEN_READY 2025-03-14 08:00:00+00:00
