FIT MOE_180_14 20250314T0800 222071 509 43.9
FIT MOE_180_14 20250315T0800 223590 154 47.23
FIT LGBM_180_14 20250314T0800 222071 509 172.47
SELECTION_FITS_READY 2025-03-14 08:00:00+00:00
FIT LGBM_180_14 20250315T0800 223590 154 173.99
SELECTION_FITS_READY 2025-03-15 08:00:00+00:00
FIT MOE_180_14 20250316T0800 223835 225 52.88
FIT MOE_180_14 20250317T0800 223850 407 49.19
FIT LGBM_180_14 20250316T0800 223835 225 189.94
SELECTION_FITS_READY 2025-03-16 08:00:00+00:00
FIT LGBM_180_14 20250317T0800 223850 407 189.7
SELECTION_FITS_READY 2025-03-17 08:00:00+00:00
FIT MOE_180_14 20250318T0800 227382 389 48.37
FIT MOE_180_14 20250319T0800 227887 366 52.83
FIT LGBM_180_14 20250318T0800 227382 389 246.2
SELECTION_FITS_READY 2025-03-18 08:00:00+00:00
FIT LGBM_180_14 20250319T0800 227887 366 248.52
SELECTION_FITS_READY 2025-03-19 08:00:00+00:00
FIT MOE_180_14 20250320T0800 228053 795 57.26
FIT MOE_180_14 20250321T0800 228874 1418 59.11
FIT LGBM_180_14 20250320T0800 228053 795 215.09
SELECTION_FITS_READY 2025-03-20 08:00:00+00:00
FIT LGBM_180_14 20250321T0800 228874 1418 219.42
SELECTION_FITS_READY 2025-03-21 08:00:00+00:00
FIT MOE_180_14 20250323T0800 230236 590 58.09
FIT LGBM_180_14 20250322T0800 229877 1202 183.65
SELECTION_FITS_READY 2025-03-22 08:00:00+00:00
FIT MOE_180_14 20250324T0800 230588 1129 55.64
FIT LGBM_180_14 20250323T0800 230236 590 182.33
SELECTION_FITS_READY 2025-03-23 08:00:00+00:00
FIT MOE_180_14 20250325T0800 231850 604 69.24
FIT LGBM_180_14 20250324T0800 230588 1129 206.62
SELECTION_FITS_READY 2025-03-24 08:00:00+00:00
FIT LGBM_180_14 20250325T0800 231850 604 195.0
SELECTION_FITS_READY 2025-03-25 08:00:00+00:00
FIT MOE_180_14 20250327T0800 231510 608 63.2
FIT LGBM_180_14 20250326T0800 232500 840 185.24
SELECTION_FITS_READY 2025-03-26 08:00:00+00:00
FIT MOE_180_14 20250328T0800 231132 578 67.35
FIT LGBM_180_14 20250327T0800 231510 608 198.22
SELECTION_FITS_READY 2025-03-27 08:00:00+00:00
FIT MOE_180_14 20250329T0800 235561 1050 61.75
FIT LGBM_180_14 20250328T0800 231132 578 181.32
SELECTION_FITS_READY 2025-03-28 08:00:00+00:00
FIT LGBM_180_14 20250329T0800 235561 1050 203.9
SELECTION_FITS_READY 2025-03-29 08:00:00+00:00
FIT LGBM_180_14 20250330T0800 242824 285 205.01
SELECTION_FITS_READY 2025-03-30 08:00:00+00:00
SELECTION_FITS_READY 2025-04-02 08:00:00+00:00
SELECTION_FITS_READY 2025-04-03 08:00:00+00:00
SELECTION_FITS_READY 2025-04-04 08:00:00+00:00
SELECTION_FITS_READY 2025-04-05 08:00:00+00:00
SELECTION_FITS_READY 2025-04-06 08:00:00+00:00
SELECTION_FITS_READY 2025-04-07 08:00:00+00:00
FIT MOE_120_current_decay 20250314T0800 181315 509 34.2
FROZEN_FITS_READY 2025-03-14 08:00:00+00:00
FIT MOE_120_current_decay 20250315T0800 182859 154 37.13
FROZEN_FITS_READY 2025-03-15 08:00:00+00:00
FIT MOE_120_current_decay 20250316T0800 182361 225 34.45
FROZEN_FITS_READY 2025-03-16 08:00:00+00:00
FIT MOE_120_current_decay 20250317T0800 182390 407 32.66
FROZEN_FITS_READY 2025-03-17 08:00:00+00:00
FIT MOE_120_current_decay 20250318T0800 186964 389 38.44
FROZEN_FITS_READY 2025-03-18 08:00:00+00:00
FIT MOE_120_current_decay 20250319T0800 187164 366 41.14
FROZEN_FITS_READY 2025-03-19 08:00:00+00:00
FIT MOE_120_current_decay 20250320T0800 188058 795 38.83
FROZEN_FITS_READY 2025-03-20 08:00:00+00:00
FIT MOE_120_current_decay 20250321T0800 188698 1418 41.03
FROZEN_FITS_READY 2025-03-21 08:00:00+00:00
FROZEN_FITS_READY 2025-03-22 08:00:00+00:00
FIT MOE_120_current_decay 20250323T0800 190213 590 41.91
FROZEN_FITS_READY 2025-03-23 08:00:00+00:00
FIT MOE_120_current_decay 20250324T0800 190747 1129 42.24
FROZEN_FITS_READY 2025-03-24 08:00:00+00:00
FIT MOE_120_current_decay 20250325T0800 192419 604 45.04
FROZEN_FITS_READY 2025-03-25 08:00:00+00:00
FROZEN_FITS_READY 2025-03-26 08:00:00+00:00
FIT MOE_120_current_decay 20250327T0800 191907 608 49.08
FROZEN_FITS_READY 2025-03-27 08:00:00+00:00
FIT MOE_120_current_decay 20250328T0800 190130 578 49.57
FROZEN_FITS_READY 2025-03-28 08:00:00+00:00
FIT MOE_120_current_decay 20250329T0800 194630 1050 49.54
FROZEN_FITS_READY 2025-03-29 08:00:00+00:00
FROZEN_FITS_READY 2025-03-30 08:00:00+00:00
FIT MOE_120_current_decay 20250402T0800 215695 423 45.56
FROZEN_FITS_READY 2025-04-02 08:00:00+00:00
FIT MOE_120_current_decay 20250403T0800 216628 999 42.59
FROZEN_FITS_READY 2025-04-03 08:00:00+00:00
FIT MOE_120_current_decay 20250404T0800 215963 555 42.72
FROZEN_FITS_READY 2025-04-04 08:00:00+00:00
FIT MOE_120_current_decay 20250405T0800 217029 499 45.03
FROZEN_FITS_READY 2025-04-05 08:00:00+00:00
FIT MOE_120_current_decay 20250406T0800 218855 1218 46.25
FROZEN_FITS_READY 2025-04-06 08:00:00+00:00
FIT MOE_120_current_decay 20250407T0800 221763 499 48.93
FROZEN_FITS_READY 2025-04-07 08:00:00+00:00
FIT MOE_180_14 20250410T0800 270631 421 62.81
FIT MOE_180_14 20250411T0800 274839 428 64.04
FIT LGBM_180_14 20250410T0800 270631 421 187.67
FIT LGBM_180_14 20250411T0800 274839 428 186.59
FIT MOE_120_current_decay 20250410T0800 226819 421 43.45
FROZEN_FITS_READY 2025-04-10 08:00:00+00:00
FIT MOE_120_current_decay 20250411T0800 233652 428 43.64
FROZEN_FITS_READY 2025-04-11 08:00:00+00:00
FIT MOE_180_14 20250412T0800 276197 1015 59.5
FIT MOE_180_14 20250413T0800 277343 1131 66.98
FIT LGBM_180_14 20250412T0800 276197 1015 191.72
FIT LGBM_180_14 20250413T0800 277343 1131 192.7
FIT MOE_120_current_decay 20250412T0800 234726 1015 40.25
FROZEN_FITS_READY 2025-04-12 08:00:00+00:00
FIT MOE_120_current_decay 20250413T0800 234820 1131 38.07
FROZEN_FITS_READY 2025-04-13 08:00:00+00:00
FIT MOE_180_14 20250414T0800 278198 902 52.39
FIT MOE_180_14 20250416T0800 278361 656 59.24
FIT LGBM_180_14 20250414T0800 278198 902 208.55
FIT LGBM_180_14 20250416T0800 278361 656 207.41
FIT MOE_120_current_decay 20250414T0800 235623 902 49.71
FROZEN_FITS_READY 2025-04-14 08:00:00+00:00
FIT MOE_120_current_decay 20250416T0800 234137 656 47.43
FROZEN_FITS_READY 2025-04-16 08:00:00+00:00
FIT MOE_180_14 20250417T0800 278889 503 57.46
FIT MOE_180_14 20250418T0800 279306 997 62.86
FIT LGBM_180_14 20250417T0800 278889 503 238.29
FIT LGBM_180_14 20250418T0800 279306 997 244.23
FIT MOE_120_current_decay 20250417T0800 232263 503 52.53
FROZEN_FITS_READY 2025-04-17 08:00:00+00:00
FIT MOE_120_current_decay 20250418T0800 232454 997 45.84
FROZEN_FITS_READY 2025-04-18 08:00:00+00:00
FIT MOE_180_14 20250419T0800 279393 907 56.22
FIT MOE_180_14 20250420T0800 279121 464 70.66
FIT LGBM_180_14 20250419T0800 279393 907 217.53
FIT LGBM_180_14 20250420T0800 279121 464 212.32
FIT MOE_120_current_decay 20250419T0800 232683 907 49.6
FROZEN_FITS_READY 2025-04-19 08:00:00+00:00
FIT MOE_120_current_decay 20250420T0800 232919 464 50.34
FROZEN_FITS_READY 2025-04-20 08:00:00+00:00
FIT MOE_180_14 20250421T0800 279305 479 58.94
FIT MOE_180_14 20250422T0800 280151 842 65.38
FIT LGBM_180_14 20250421T0800 279305 479 218.75
FIT LGBM_180_14 20250422T0800 280151 842 218.53
FIT MOE_120_current_decay 20250421T0800 233525 479 48.38
FROZEN_FITS_READY 2025-04-21 08:00:00+00:00
FIT MOE_120_current_decay 20250422T0800 234947 842 51.17
FROZEN_FITS_READY 2025-04-22 08:00:00+00:00
FIT MOE_180_14 20250423T0800 280862 474 61.49
FIT MOE_180_14 20250430T0800 286927 1659 63.38
FIT LGBM_180_14 20250423T0800 280862 474 215.66
FIT MOE_120_current_decay 20250423T0800 236754 474 58.59
FROZEN_FITS_READY 2025-04-23 08:00:00+00:00
FIT LGBM_180_14 20250430T0800 286927 1659 231.44
FIT MOE_120_current_decay 20250430T0800 229353 1659 54.46
FROZEN_FITS_READY 2025-04-30 08:00:00+00:00
FIT MOE_180_14 20250501T0800 287140 1557 69.26
FIT MOE_180_14 20250502T0800 287740 1632 77.81
FIT LGBM_180_14 20250501T0800 287140 1557 229.15
FIT MOE_120_current_decay 20250501T0800 228740 1557 54.67
FROZEN_FITS_READY 2025-05-01 08:00:00+00:00
FIT LGBM_180_14 20250502T0800 287740 1632 222.96
FIT MOE_120_current_decay 20250502T0800 229086 1632 57.28
FROZEN_FITS_READY 2025-05-02 08:00:00+00:00
FIT MOE_180_14 20250503T0800 288707 1042 70.78
FIT MOE_180_14 20250504T0800 288370 788 85.19
FIT LGBM_180_14 20250503T0800 288707 1042 247.78
FIT MOE_120_current_decay 20250503T0800 229973 1042 54.8
FROZEN_FITS_READY 2025-05-03 08:00:00+00:00
FIT LGBM_180_14 20250504T0800 288370 788 231.04
FIT MOE_120_current_decay 20250504T0800 230205 788 59.07
FROZEN_FITS_READY 2025-05-04 08:00:00+00:00
FIT MOE_180_14 20250505T0800 289324 885 69.9
FIT MOE_180_14 20250506T0800 291705 6409 91.39
FIT LGBM_180_14 20250505T0800 289324 885 242.72
FIT MOE_120_current_decay 20250505T0800 230940 885 50.54
FROZEN_FITS_READY 2025-05-05 08:00:00+00:00
FIT LGBM_180_14 20250506T0800 291705 6409 218.08
FIT MOE_120_current_decay 20250506T0800 233523 6409 52.26
FROZEN_FITS_READY 2025-05-06 08:00:00+00:00
FIT MOE_180_14 20250507T0800 294432 4911 67.85
FIT LGBM_180_14 20250507T0800 294432 4911 185.03
FIT MOE_120_current_decay 20250507T0800 236130 4911 40.26
FROZEN_FITS_READY 2025-05-07 08:00:00+00:00
FROZEN_FITS_READY 2025-05-08 08:00:00+00:00
FROZEN_FITS_READY 2025-05-09 08:00:00+00:00
FROZEN_FITS_READY 2025-05-10 08:00:00+00:00
FROZEN_FITS_READY 2025-05-11 08:00:00+00:00
FROZEN_FITS_READY 2025-05-12 08:00:00+00:00
FROZEN_FITS_READY 2025-05-13 08:00:00+00:00
FROZEN_FITS_READY 2025-05-14 08:00:00+00:00
FROZEN_FITS_READY 2025-05-15 08:00:00+00:00
FIT MOE_180_14 20250516T0800 316619 2301 53.61
FIT MOE_180_14 20250517T0800 318563 1296 54.5
FIT LGBM_180_14 20250516T0800 316619 2301 189.7
FIT LGBM_180_14 20250517T0800 318563 1296 186.09
FIT MOE_120_current_decay 20250516T0800 246390 2301 36.15
FROZEN_FITS_READY 2025-05-16 08:00:00+00:00
FIT MOE_120_current_decay 20250517T0800 247699 1296 34.21
FROZEN_FITS_READY 2025-05-17 08:00:00+00:00
FROZEN_FITS_READY 2025-05-18 08:00:00+00:00
FROZEN_FITS_READY 2025-05-19 08:00:00+00:00
FROZEN_FITS_READY 2025-05-20 08:00:00+00:00
FROZEN_FITS_READY 2025-05-21 08:00:00+00:00
FROZEN_FITS_READY 2025-05-22 08:00:00+00:00
FROZEN_FITS_READY 2025-05-23 08:00:00+00:00
FROZEN_FITS_READY 2025-05-24 08:00:00+00:00
FROZEN_FITS_READY 2025-05-25 08:00:00+00:00
FROZEN_FITS_READY 2025-05-26 08:00:00+00:00
FROZEN_FITS_READY 2025-05-27 08:00:00+00:00
FROZEN_FITS_READY 2025-05-28 08:00:00+00:00
FROZEN_FITS_READY 2025-05-29 08:00:00+00:00
FROZEN_FITS_READY 2025-05-30 08:00:00+00:00
{
  "target_interface_valid": true,
  "target_interface_scope": "offline event-time proxy; request-version and ingestion authority UNVERIFIED",
  "temporal_refit_improvement_supported": false,
  "temporal_scope": "common positive-GPU cohort only; all-job PR27 production temporal superiority NOT established",
  "new_model_superior_to_baseline": false,
  "improvement_statistically_robust": false,
  "production_replacement_supported": false,
  "optimizer_integration_ready": false,
  "quality_gates_pass": false,
  "gates": [
    {
      "role": "EXPOSED_EVALUATION",
      "coverage": false,
      "GPU_coverage": false,
      "major_groups": false,
      "long_job": false,
      "long_target": false,
      "missed_slots": true,
      "overreserve": false,
      "robust_pinball": true
    },
    {
      "role": "MAY_HISTORICAL",
      "coverage": false,
      "GPU_coverage": false,
      "major_groups": false,
      "long_job": false,
      "long_target": false,
      "missed_slots": false,
      "overreserve": true,
      "robust_pinball": false
    }
  ],
  "selected": "MULTI_QUANTILE",
  "production_reason": "cohort bridge and request provenance unresolved; offline exposed history only"
}
VALIDATION PASS 234
