RAW esif.hpc.kestrel.job-anon/year=2023/month=10/kestrel_jobs_202310_0.parquet 338458 0
RAW esif.hpc.kestrel.job-anon/year=2023/month=11/kestrel_jobs_202311_0.parquet 313144 0
RAW esif.hpc.kestrel.job-anon/year=2023/month=12/kestrel_jobs_202312_0.parquet 163293 0
RAW esif.hpc.kestrel.job-anon/year=2023/month=8/kestrel_jobs_202308_0.parquet 38759 0
RAW esif.hpc.kestrel.job-anon/year=2023/month=9/kestrel_jobs_202309_0.parquet 107498 0
RAW esif.hpc.kestrel.job-anon/year=2024/month=1/kestrel_jobs_202401_0.parquet 208871 0
RAW esif.hpc.kestrel.job-anon/year=2024/month=10/kestrel_jobs_202410_0.parquet 273571 18115
RAW esif.hpc.kestrel.job-anon/year=2024/month=11/kestrel_jobs_202411_0.parquet 248055 22939
RAW esif.hpc.kestrel.job-anon/year=2024/month=12/kestrel_jobs_202412_0.parquet 290267 37296
RAW esif.hpc.kestrel.job-anon/year=2024/month=2/kestrel_jobs_202402_0.parquet 251203 237
RAW esif.hpc.kestrel.job-anon/year=2024/month=3/kestrel_jobs_202403_0.parquet 458636 7814
RAW esif.hpc.kestrel.job-anon/year=2024/month=4/kestrel_jobs_202404_0.parquet 402670 101761
RAW esif.hpc.kestrel.job-anon/year=2024/month=5/kestrel_jobs_202405_0.parquet 552240 170476
RAW esif.hpc.kestrel.job-anon/year=2024/month=6/kestrel_jobs_202406_0.parquet 236913 10837
RAW esif.hpc.kestrel.job-anon/year=2024/month=7/kestrel_jobs_202407_0.parquet 359364 34401
RAW esif.hpc.kestrel.job-anon/year=2024/month=8/kestrel_jobs_202408_0.parquet 428165 16918
RAW esif.hpc.kestrel.job-anon/year=2024/month=9/kestrel_jobs_202409_0.parquet 405655 21773
RAW esif.hpc.kestrel.job-anon/year=2025/month=1/kestrel_jobs_202501_0.parquet 400896 86206
RAW esif.hpc.kestrel.job-anon/year=2025/month=10/kestrel_jobs_202510_0.parquet 536113 0
RAW esif.hpc.kestrel.job-anon/year=2025/month=11/kestrel_jobs_202511_0.parquet 334875 0
RAW esif.hpc.kestrel.job-anon/year=2025/month=12/kestrel_jobs_202512_0.parquet 358509 0
RAW esif.hpc.kestrel.job-anon/year=2025/month=2/kestrel_jobs_202502_0.parquet 453728 22295
RAW esif.hpc.kestrel.job-anon/year=2025/month=3/kestrel_jobs_202503_0.parquet 406258 70570
RAW esif.hpc.kestrel.job-anon/year=2025/month=4/kestrel_jobs_202504_0.parquet 987663 51628
RAW esif.hpc.kestrel.job-anon/year=2025/month=5/kestrel_jobs_202505_0.parquet 470226 49882
RAW esif.hpc.kestrel.job-anon/year=2025/month=6/kestrel_jobs_202506_0.parquet 259194 0
RAW esif.hpc.kestrel.job-anon/year=2025/month=7/kestrel_jobs_202507_0.parquet 475948 0
RAW esif.hpc.kestrel.job-anon/year=2025/month=8/kestrel_jobs_202508_0.parquet 461828 0
RAW esif.hpc.kestrel.job-anon/year=2025/month=9/kestrel_jobs_202509_0.parquet 337977 0
