FIT MOE_120_current_decay 20250322T0800 189426 1202 27.58
FIT MOE_120_current_decay 20250326T0800 193226 840 30.62
FIT MOE_120_current_decay 20250330T0800 203231 285 32.04
FIT MOE_120_14 20250322T0800 189426 1202 26.62
FIT MOE_120_14 20250326T0800 193226 840 32.15
FIT MOE_120_14 20250330T0800 203231 285 33.51
FIT MOE_120_30 20250322T0800 189426 1202 30.4
FIT MOE_120_30 20250326T0800 193226 840 36.14
FIT MOE_120_30 20250330T0800 203231 285 35.26
FIT MOE_120_60 20250322T0800 189426 1202 28.42
FIT MOE_120_60 20250326T0800 193226 840 31.74
FIT MOE_120_60 20250330T0800 203231 285 34.0
FIT MOE_120_none 20250322T0800 189426 1202 33.17
FIT MOE_120_none 20250326T0800 193226 840 36.35
FIT MOE_120_none 20250330T0800 203231 285 37.21
FIT MOE_180_14 20250322T0800 229877 1202 41.33
FIT MOE_180_14 20250326T0800 232500 840 48.4
FIT MOE_180_14 20250330T0800 242824 285 55.34
FIT MOE_180_30 20250322T0800 229877 1202 41.89
FIT MOE_180_30 20250326T0800 232500 840 41.11
FIT MOE_180_30 20250330T0800 242824 285 45.7
FIT MOE_180_60 20250322T0800 229877 1202 40.54
FIT MOE_180_60 20250326T0800 232500 840 44.75
FIT MOE_180_60 20250330T0800 242824 285 44.98
FIT MOE_180_none 20250322T0800 229877 1202 39.72
FIT MOE_180_none 20250326T0800 232500 840 44.61
FIT MOE_180_none 20250330T0800 242824 285 45.27
FIT MOE_expanding_14 20250322T0800 583259 1202 102.58
FIT MOE_expanding_14 20250326T0800 590059 840 105.55
FIT MOE_expanding_14 20250330T0800 605350 285 119.34
FIT MOE_expanding_30 20250322T0800 583259 1202 116.79
FIT MOE_expanding_30 20250326T0800 590059 840 135.53
FIT MOE_expanding_30 20250330T0800 605350 285 122.91
FIT MOE_expanding_60 20250322T0800 583259 1202 104.56
FIT MOE_expanding_60 20250326T0800 590059 840 123.98
FIT MOE_expanding_60 20250330T0800 605350 285 118.02
FIT MOE_expanding_none 20250322T0800 583259 1202 100.67
FIT MOE_expanding_none 20250326T0800 590059 840 117.01
FIT MOE_expanding_none 20250330T0800 605350 285 117.84
