
Gurobi 13.0.2 (win64) logging started Wed Oct  7 21:17:52 2026

Set parameter OutputFlag to value 1
Set parameter LogToConsole to value 0
Gurobi Optimizer version 13.0.2 build v13.0.2rc1 (win64 - Windows 11+.0 (26200.2))

CPU model: 13th Gen Intel(R) Core(TM) i7-13620H, instruction set [SSE2|AVX|AVX2]
Thread count: 10 physical cores, 16 logical processors, using up to 1 threads

Non-default parameters:
TimeLimit  300
FeasibilityTol  1e-08
IntFeasTol  1e-08
MIPGap  0.005
OptimalityTol  1e-08
Method  2
Crossover  2
DegenMoves  0
MIPFocus  3
NodeMethod  1
LogToConsole  0
Seed  20260929
Threads  1

Optimize a model with 582809 rows, 306040 columns and 5353712 nonzeros (Min)
Model fingerprint: 0x25a94212
Model has 1 linear objective coefficients
Variable types: 296718 continuous, 9322 integer (9322 binary)
Coefficient statistics:
  Matrix range     [1e-13, 4e+02]
  Objective range  [1e+00, 1e+00]
  Bounds range     [3e-08, 2e+03]
  RHS range        [2e-24, 2e+03]
Warning: Model contains large matrix coefficient range
         Consider reformulating model or setting NumericFocus parameter
         to avoid numerical issues.

Loaded user MIP start with objective 0.633978

Presolve removed 483640 rows and 246202 columns
Presolve time: 2.29s
Presolved: 99169 rows, 59838 columns, 982715 nonzeros
Variable types: 57947 continuous, 1891 integer (1885 binary)
Performing another presolve...
Presolve removed 11906 rows and 10848 columns
Presolve time: 3.37s
Root relaxation presolve removed 7930 rows and 27 columns
Root relaxation presolved: 79333 rows, 52329 columns, 963410 nonzeros

Root barrier log...

Ordering time: 0.47s

Barrier statistics:
 Dense cols : 876
 AA' NZ     : 1.936e+06
 Factor NZ  : 5.563e+06 (roughly 100 MB of memory)
 Factor Ops : 2.275e+09 (less than 1 second per iteration)
 Threads    : 1

                  Objective                Residual
Iter       Primal          Dual         Primal    Dual     Compl     Time
   0   9.06184694e+02 -8.28465994e+04  1.17e+06 7.16e-05  8.94e+01     8s
   1   9.20348057e+02 -1.06327087e+05  7.09e+05 2.71e-02  4.61e+01     8s
   2   9.19937657e+02 -1.12137126e+05  5.95e+05 1.96e-03  3.47e+01     8s
   3   1.20180068e+02 -1.04256888e+05  9.22e+04 3.89e-04  5.87e+00     8s
   4   3.74766747e+01 -6.18458808e+04  2.79e+04 9.93e-14  1.84e+00     9s
   5   8.26399575e+00 -2.56261048e+04  5.68e+03 1.27e-13  4.21e-01     9s
   6   1.93646065e+00 -4.78745649e+03  9.68e+02 6.45e-12  6.81e-02     9s
   7   1.38807572e+00 -2.44729386e+03  5.70e+02 1.28e-12  3.63e-02     9s
   8   9.17432872e-01 -1.32465636e+03  2.28e+02 9.66e-13  1.66e-02     9s
   9   7.38986173e-01 -7.00611995e+02  9.32e+01 1.51e-12  7.55e-03     9s
  10   7.14458686e-01 -3.43658083e+02  7.17e+01 1.56e-13  4.42e-03    10s
  11   7.04616926e-01 -2.98309900e+02  6.06e+01 9.16e-14  3.74e-03    10s
  12   6.95919223e-01 -2.53845994e+02  5.24e+01 4.55e-13  3.17e-03    10s
  13   6.68225458e-01 -1.86135196e+02  2.91e+01 5.15e-14  1.99e-03    10s
  14   6.55085547e-01 -1.02216152e+02  1.87e+01 2.52e-14  1.13e-03    10s
  15   6.41650003e-01 -8.93215074e+01  8.70e+00 2.16e-14  7.75e-04    10s
  16   6.35444906e-01 -3.45788826e+01  3.69e+00 2.63e-13  3.04e-04    10s
  17   6.34107649e-01 -2.48352579e+01  2.42e+00 1.95e-13  2.17e-04    10s
  18   6.33738569e-01 -1.81746266e+01  1.38e+00 1.21e-13  1.52e-04    11s
  19   6.34156934e-01 -1.08515495e+01  8.33e-01 1.10e-13  9.01e-05    11s
  20   6.34222373e-01 -5.19398847e+00  5.68e-01 7.11e-14  4.74e-05    11s
  21   6.34182305e-01 -3.08910534e+00  3.80e-01 2.06e-13  2.95e-05    11s
  22   6.34129860e-01 -1.48887887e+00  2.72e-01 7.82e-14  1.70e-05    11s
  23   6.34072560e-01 -8.19445816e-01  1.84e-01 2.38e-13  1.11e-05    11s
  24   6.33999869e-01 -3.59499590e-01  1.05e-01 2.81e-13  7.05e-06    11s
  25   6.33970631e-01  1.36156502e-01  7.53e-02 2.22e-16  3.46e-06    11s
  26   6.33892273e-01  4.79421075e-01  3.03e-05 2.13e-16  9.30e-07    12s
  27   6.33828227e-01  6.07595031e-01  4.53e-09 2.29e-14  1.58e-07    12s
  28   6.32152845e-01  6.09427466e-01  3.44e-09 2.21e-14  1.37e-07    12s
  29   6.31254633e-01  6.13262547e-01  3.08e-09 7.66e-14  1.08e-07    12s
  30   6.30581449e-01  6.14315225e-01  2.74e-09 1.08e-13  9.79e-08    12s
  31   6.29516807e-01  6.16768922e-01  2.26e-09 2.96e-15  7.67e-08    12s
  32   6.27814549e-01  6.19424813e-01  1.51e-09 8.87e-13  5.05e-08    13s
  33   6.27352871e-01  6.21321165e-01  1.30e-09 4.13e-13  3.63e-08    13s
  34   6.26614611e-01  6.21522171e-01  1.01e-09 1.57e-12  3.06e-08    13s
  35   6.26554848e-01  6.21788237e-01  9.94e-10 3.08e-12  2.87e-08    13s
  36   6.26438757e-01  6.22002415e-01  9.46e-10 4.38e-12  2.67e-08    13s
  37   6.26259726e-01  6.22165996e-01  8.32e-10 4.62e-12  2.46e-08    13s
  38   6.25987788e-01  6.23011075e-01  6.07e-10 1.01e-11  1.79e-08    13s
  39   6.25799847e-01  6.23311652e-01  5.54e-10 8.22e-12  1.50e-08    13s
  40   6.25465388e-01  6.23605071e-01  5.00e-10 6.24e-12  1.12e-08    14s
  41   6.25084879e-01  6.23809597e-01  3.76e-10 4.75e-12  7.68e-09    14s
  42   6.24812988e-01  6.24044275e-01  5.13e-10 2.77e-12  4.63e-09    14s
  43   6.24729808e-01  6.24079653e-01  5.03e-10 2.43e-12  3.91e-09    14s
  44   6.24590881e-01  6.24203486e-01  3.76e-10 1.37e-12  2.33e-09    14s
  45   6.24420901e-01  6.24295616e-01  1.40e-09 1.02e-12  7.54e-10    14s
  46   6.24400142e-01  6.24315574e-01  1.16e-09 7.21e-13  5.09e-10    14s
  47   6.24373178e-01  6.24332732e-01  1.04e-09 1.99e-12  2.43e-10    15s
  48   6.24347485e-01  6.24345709e-01  1.70e-10 7.50e-13  1.07e-11    15s
  49   6.24346519e-01  6.24346465e-01  9.47e-10 1.98e-13  3.26e-13    15s
  50   6.24346494e-01  6.24346494e-01  5.70e-10 5.37e-14  5.34e-16    15s

Barrier solved model in 50 iterations and 15.02 seconds (24.74 work units)
Optimal objective 6.24346494e-01


Root crossover log...

   17687 DPushes remaining with DInf 6.4917341e-05                15s
       0 DPushes remaining with DInf 0.0000000e+00                16s

     376 PPushes remaining with PInf 2.6511044e-06                16s
       0 PPushes remaining with PInf 0.0000000e+00                16s

  Push phase complete: Pinf 0.0000000e+00, Dinf 1.6486842e-03     16s


Root simplex log...

Iteration    Objective       Primal Inf.    Dual Inf.      Time
   10344    6.2434649e-01   0.000000e+00   0.000000e+00     16s
   10395    6.2434649e-01   0.000000e+00   0.000000e+00     16s
Crossover time: 0.81 seconds (1.70 work units)
   10395    6.2434649e-01   0.000000e+00   0.000000e+00     16s

Root relaxation: objective 6.243465e-01, 10395 iterations, 9.89 seconds (16.98 work units)

    Nodes    |    Current Node    |     Objective Bounds      |     Work
 Expl Unexpl |  Obj  Depth IntInf | Incumbent    BestBd   Gap | It/Node Time

     0     0    0.62435    0  188    0.63398    0.62435  1.52%     -   16s
     0     0    0.62455    0  152    0.63398    0.62455  1.49%     -   24s
     0     2    0.62455    0  152    0.63398    0.62455  1.49%     -   29s
H    1     1                       0.6335029    0.62455  1.41%   0.0   33s
     2     4    0.62469    1  167    0.63350    0.62469  1.39%   938   39s
     3     5    0.62568    2  154    0.63350    0.62469  1.39%  1071   44s
     4     6    0.62469    2  152    0.63350    0.62469  1.39%   820   48s
     6     8    0.62541    3  186    0.63350    0.62472  1.39%   780   52s
H    8     8                       0.6332049    0.62472  1.34%   589   56s
     9    11    0.62472    5  133    0.63320    0.62472  1.34%   678   61s
H   10    10                       0.6330958    0.62472  1.32%   611   64s
    11    13    0.62474    6  146    0.63310    0.62473  1.32%   787   65s
H   13    13                       0.6329159    0.62474  1.29%   688   72s
    14    16    0.62474    7  144    0.63292    0.62474  1.29%   915   77s
    15    17    0.62550    8  138    0.63292    0.62474  1.29%   944   83s
    16    18    0.62522    8  129    0.63292    0.62483  1.28%   973   86s
    19    21    0.62547    6  136    0.63292    0.62483  1.28%   984   96s
    21    23    0.62538    9  128    0.63292    0.62523  1.22%   995  100s
    23    25    0.62638    7  135    0.63292    0.62527  1.21%  1101  107s
    24    26    0.62535    7  129    0.63292    0.62535  1.19%  1077  113s
    25    27    0.62624    8  125    0.63292    0.62535  1.19%  1089  116s
    28    30    0.62689   10  122    0.63292    0.62541  1.19%  1075  122s
    30    32    0.62544    4  177    0.63292    0.62544  1.18%  1049  129s
    31    33    0.62663    5  165    0.63292    0.62544  1.18%  1053  132s
    33    35    0.62698   11  150    0.63292    0.62546  1.18%  1071  138s
    35    37    0.62621    7  139    0.63292    0.62547  1.18%  1082  145s
    37    39    0.62617    9  125    0.63292    0.62550  1.17%  1108  150s
    40    42    0.62645    2  106    0.63292    0.62551  1.17%  1079  157s
    41    43    0.62569    2  136    0.63292    0.62552  1.17%  1072  163s
    42    44    0.62660    6  118    0.63292    0.62552  1.17%  1084  166s
    45    47    0.62690   12  113    0.63292    0.62553  1.17%  1078  174s
    46    48    0.62706   10  111    0.63292    0.62553  1.17%  1119  177s
    47    49    0.62559   10  142    0.63292    0.62553  1.17%  1104  182s
    49    51    0.62556   13  148    0.63292    0.62556  1.16%  1088  185s
    52    54    0.62617   15   98    0.63292    0.62557  1.16%  1085  194s
    53    55    0.62559   15  127    0.63292    0.62559  1.16%  1070  195s
    55    57    0.62560   16  137    0.63292    0.62559  1.16%  1061  200s
    58    60    0.62636   17  102    0.63292    0.62560  1.16%  1085  206s
    59    61    0.62576   17  150    0.63292    0.62561  1.15%  1079  212s
    60    62    0.62758    9  115    0.63292    0.62564  1.15%  1081  215s
    62    64    0.62636    7  132    0.63292    0.62564  1.15%  1102  220s
    63    65    0.62595    7  146    0.63292    0.62564  1.15%  1094  234s
H   64    64                       0.6324557    0.62564  1.08%  1077  246s
H   64    64                       0.6324498    0.62564  1.08%  1077  247s
    65    67    0.62683   12  128    0.63245    0.62566  1.07%  1088  250s
    67    69    0.62636   10  122    0.63245    0.62566  1.07%  1082  256s
    69    71    0.62647   13  109    0.63245    0.62567  1.07%  1076  260s
    74    76    0.62614    8  127    0.63245    0.62571  1.07%  1073  268s
    75    77    0.62664    8  116    0.63245    0.62572  1.06%  1073  270s
    77    79    0.62684    4  148    0.63245    0.62573  1.06%  1082  275s
    79    81    0.62771   18  143    0.63245    0.62576  1.06%  1088  284s
    80    82    0.62578   18  132    0.63245    0.62577  1.06%  1079  288s
    81    83    0.62678    6  106    0.63245    0.62577  1.06%  1085  290s
    83    85    0.62590    8  139    0.63245    0.62577  1.06%  1098  295s

Cutting planes:
  MIR: 122
  Flow cover: 80
  Relax-and-lift: 1

Explored 85 nodes (102038 simplex iterations) in 300.19 seconds (708.42 work units)
Thread count was 1 (of 16 available processors)

Solution count 6: 0.63245 0.632916 0.633096 ... 0.633978

Time limit reached
Best objective 6.324498168172e-01, best bound 6.257749719677e-01, gap 1.0554%

User-callback calls 57876, time in user-callback 0.62 sec
