
Gurobi 13.0.2 (win64) logging started Thu Oct  8 08:18:16 2026

Set parameter LogFile to value "C:\v42_m1_exact_solver_redesign_20261008\docs\v42_m_practical_exact_solver_overnight_20261008\external_production\external_nodes\0033\LP.log"
Gurobi Optimizer version 13.0.2 build v13.0.2rc1 (win64 - Windows 11+.0 (26200.2))

CPU model: 13th Gen Intel(R) Core(TM) i7-13620H, instruction set [SSE2|AVX|AVX2]
Thread count: 10 physical cores, 16 logical processors, using up to 1 threads

Non-default parameters:
TimeLimit  900
FeasibilityTol  1e-08
IntFeasTol  1e-08
MIPGap  0.005
OptimalityTol  1e-08
Method  2
LPWarmStart  0
Crossover  0
DegenMoves  0
MIPFocus  3
NodeMethod  1
LogToConsole  0
Seed  20260929
Threads  1

Optimize a model with 582808 rows, 306040 columns and 5351612 nonzeros (Min)
Model fingerprint: 0xd274f2a2
Model has 1 linear objective coefficients
Coefficient statistics:
  Matrix range     [1e-13, 4e+02]
  Objective range  [1e+00, 1e+00]
  Bounds range     [3e-08, 2e+03]
  RHS range        [2e-24, 2e+03]
Warning: Model contains large matrix coefficient range
         Consider reformulating model or setting NumericFocus parameter
         to avoid numerical issues.

Presolve removed 175737 rows and 27359 columns
Presolve time: 2.08s
Presolved: 407071 rows, 298968 columns, 4428407 nonzeros
Elapsed ordering time = 5s
Ordering time: 5.31s

Barrier statistics:
 Dense cols : 965
 AA' NZ     : 3.780e+07
 Factor NZ  : 5.713e+07 (roughly 700 MB of memory)
 Factor Ops : 3.119e+10 (roughly 1 second per iteration)
 Threads    : 1

                  Objective                Residual
Iter       Primal          Dual         Primal    Dual     Compl     Time
   0   1.27525773e+03 -5.00165832e+05  6.52e+07 7.87e-07  1.02e+04    13s
   1   1.70158045e+03 -3.67351840e+05  4.36e+07 6.07e-03  4.39e+03    14s
   2   4.60721753e+02 -2.61954092e+05  1.80e+07 4.92e-04  5.58e+03    16s
   3   3.63324782e+01 -1.04229415e+05  1.39e+06 7.58e-15  4.40e+02    17s
   4   8.17124176e-01 -5.80177841e+04  4.43e+03 1.16e-10  9.27e+00    19s
   5   7.50728153e-01 -8.64851389e+03  1.71e+03 2.36e-14  1.38e+00    21s
   6   7.22361246e-01 -5.51115928e+02  2.77e+02 2.44e-14  9.73e-02    23s
   7   7.27868287e-01 -2.19851051e+02  1.01e+02 2.53e-14  3.81e-02    25s
   8   7.31507950e-01 -7.84444053e+01  4.07e+01 2.92e-14  1.47e-02    28s
   9   7.39038016e-01 -2.65316381e+01  8.70e+00 1.14e-09  4.60e-03    30s
  10   7.15564918e-01 -2.19888109e+00  1.21e-01 1.17e-08  4.09e-04    33s
  11   6.78452893e-01 -1.07732486e+00  9.35e-02 6.67e-09  2.45e-04    34s
  12   6.36761692e-01 -5.29863008e-01  6.58e-02 1.21e-08  1.61e-04    36s
  13   6.22721957e-01 -9.48343245e-02  4.69e-02 4.92e-08  9.79e-05    38s
  14   6.10504547e-01  1.79828022e-01  2.87e-02 4.00e-08  5.81e-05    41s
  15   6.02429308e-01  2.90932322e-01  2.11e-02 3.17e-08  4.18e-05    43s
  16   5.98461732e-01  3.44318110e-01  1.80e-02 2.82e-08  3.39e-05    44s
  17   5.87315502e-01  4.25514229e-01  8.72e-03 3.59e-08  2.14e-05    47s
  18   5.81709158e-01  4.82438428e-01  5.69e-03 3.60e-08  1.29e-05    49s
  19   5.77985608e-01  5.32211878e-01  4.16e-03 3.68e-08  5.69e-06    52s
  20   5.76329743e-01  5.40315620e-01  3.46e-03 3.55e-08  4.42e-06    53s
  21   5.72941010e-01  5.48241916e-01  1.97e-03 3.10e-08  2.97e-06    56s
  22   5.71808117e-01  5.56355960e-01  1.45e-03 1.96e-08  1.80e-06    57s
  23   5.70929299e-01  5.61584568e-01  1.02e-03 1.00e-08  1.07e-06    60s
  24   5.70352235e-01  5.63665024e-01  7.20e-04 7.39e-09  7.57e-07    62s
  25   5.70078410e-01  5.64791013e-01  5.98e-04 7.16e-09  5.98e-07    64s
  26   5.69839893e-01  5.65766711e-01  4.59e-04 6.77e-09  4.60e-07    65s
  27   5.69699171e-01  5.66903272e-01  3.85e-04 6.60e-09  3.18e-07    67s
  28   5.69639253e-01  5.67271430e-01  3.55e-04 6.59e-09  2.69e-07    69s
  29   5.69534774e-01  5.67555335e-01  2.96e-04 6.58e-09  2.25e-07    70s
  30   5.69510552e-01  5.67791278e-01  2.85e-04 6.52e-09  1.96e-07    72s
  31   5.69439912e-01  5.68063737e-01  2.51e-04 6.41e-09  1.58e-07    74s
  32   5.69401713e-01  5.68182956e-01  2.33e-04 6.48e-09  1.41e-07    76s
  33   5.69332359e-01  5.68424063e-01  1.92e-04 6.79e-09  1.09e-07    77s
  34   5.69265412e-01  5.68604484e-01  1.56e-04 6.92e-09  8.46e-08    79s
  35   5.69220685e-01  5.68714734e-01  1.31e-04 6.92e-09  6.91e-08    81s
  36   5.69187360e-01  5.68850012e-01  1.14e-04 6.82e-09  5.16e-08    83s
  37   5.69151135e-01  5.68914057e-01  9.05e-05 6.60e-09  4.14e-08    85s
  38   5.69141425e-01  5.68929082e-01  8.44e-05 6.50e-09  3.88e-08    87s
  39   5.69114974e-01  5.68977858e-01  6.72e-05 6.05e-09  3.13e-08    88s
  40   5.69087728e-01  5.69019053e-01  4.93e-05 5.35e-09  2.44e-08    90s
  41   5.69067778e-01  5.69094562e-01  3.81e-05 4.82e-09  1.54e-08    92s
  42   5.69047036e-01  5.69119210e-01  2.65e-05 4.59e-09  1.08e-08    94s
  43   5.69028889e-01  5.69153846e-01  1.63e-05 4.25e-09  5.83e-09    96s
  44   5.69028303e-01  5.69156310e-01  1.60e-05 4.24e-09  5.53e-09    98s
  45   5.69021987e-01  5.69161246e-01  1.31e-05 4.20e-09  4.28e-09   100s
  46   5.69019215e-01  5.69161730e-01  1.17e-05 4.27e-09  3.77e-09   102s
  47   5.69016543e-01  5.69162670e-01  1.04e-05 4.33e-09  3.34e-09   104s
  48   5.69013523e-01  5.69158970e-01  9.09e-06 4.54e-09  2.94e-09   106s
  49   5.69010547e-01  5.69159569e-01  8.05e-06 4.82e-09  2.34e-09   108s
  50   5.69003163e-01  5.69164639e-01  5.06e-06 5.65e-09  1.11e-09   111s
  51   5.69001230e-01  5.69162282e-01  4.43e-06 5.81e-09  8.89e-10   113s
  52   5.68999470e-01  5.69156543e-01  3.83e-06 5.76e-09  7.95e-10   115s
  53   5.68996383e-01  5.69158177e-01  3.07e-06 5.81e-09  6.45e-10   116s
  54   5.68996008e-01  5.69152532e-01  2.93e-06 5.63e-09  5.80e-10   118s
  55   5.68996047e-01  5.69139754e-01  2.85e-06 5.11e-09  5.45e-10   120s
  56   5.68994751e-01  5.69125824e-01  2.32e-06 4.49e-09  4.33e-10   122s
  57   5.68993780e-01  5.69113232e-01  1.91e-06 3.87e-09  3.58e-10   124s
  58   5.68992368e-01  5.69106772e-01  1.50e-06 3.59e-09  2.72e-10   127s
  59   5.68992037e-01  5.69106988e-01  1.44e-06 3.58e-09  2.55e-10   129s
  60   5.68991925e-01  5.69102590e-01  1.38e-06 3.54e-09  2.43e-10   131s
  61   5.68991887e-01  5.69099230e-01  1.37e-06 3.55e-09  2.36e-10   132s
  62   5.68991227e-01  5.69083375e-01  1.17e-06 3.39e-09  1.87e-10   134s
  63   5.68990574e-01  5.69072675e-01  9.42e-07 3.30e-09  1.37e-10   137s
  64   5.68990439e-01  5.69068881e-01  8.82e-07 3.15e-09  1.23e-10   139s
  65   5.68990209e-01  5.69066098e-01  7.41e-07 3.01e-09  1.05e-10   141s
  66   5.68990148e-01  5.69064643e-01  7.27e-07 2.92e-09  1.03e-10   143s
  67   5.68989991e-01  5.69056653e-01  6.44e-07 2.40e-09  8.87e-11   144s
  68   5.68989483e-01  5.69048832e-01  4.15e-07 1.92e-09  6.34e-11   147s
  69   5.68989705e-01  5.69048349e-01  3.94e-07 1.90e-09  6.51e-11   150s
  70   5.68989690e-01  5.69047764e-01  3.90e-07 1.88e-09  6.28e-11   152s
  71   5.68989120e-01  5.69053104e-01  1.79e-07 1.85e-09  3.90e-11   154s
  72   5.68988905e-01  5.69042797e-01  1.45e-07 1.77e-09  2.87e-11   156s
  73   5.68988835e-01  5.69042509e-01  1.40e-07 1.65e-09  2.79e-11   158s
  74   5.68988718e-01  5.69030920e-01  1.08e-07 1.27e-09  2.23e-11   161s
  75   5.68988539e-01  5.69029932e-01  8.17e-08 1.25e-09  1.69e-11   163s
  76   5.68988486e-01  5.69028759e-01  6.92e-08 1.24e-09  1.48e-11   165s
  77   5.68988467e-01  5.69027943e-01  6.71e-08 1.22e-09  1.42e-11   167s
  78   5.68988451e-01  5.69016963e-01  6.52e-08 1.06e-09  1.07e-11   169s
  79   5.68988437e-01  5.69015818e-01  6.11e-08 1.05e-09  9.57e-12   171s
  80   5.68988371e-01  5.69015127e-01  5.34e-08 1.30e-09  1.18e-11   173s
  81   5.68988310e-01  5.69012391e-01  4.26e-08 9.76e-10  7.58e-12   175s
  82   5.68988276e-01  5.69011437e-01  3.71e-08 9.52e-10  6.19e-12   177s
  83   5.68988184e-01  5.69010250e-01  2.98e-08 9.10e-10  5.02e-12   179s
  84   5.68988103e-01  5.69004162e-01  4.16e-08 7.76e-10  3.32e-12   181s
  85   5.68988084e-01  5.69003984e-01  3.81e-08 7.71e-10  3.01e-12   183s
  86   5.68988059e-01  5.69002739e-01  3.34e-08 7.42e-10  2.58e-12   185s
  87   5.68987983e-01  5.69001607e-01  2.61e-08 7.11e-10  1.65e-12   187s
  88   5.68987964e-01  5.69000635e-01  2.82e-08 7.13e-10  1.40e-12   189s
  89   5.68987957e-01  5.69000383e-01  2.67e-08 7.11e-10  1.36e-12   191s
  90   5.68987927e-01  5.68998164e-01  2.58e-08 6.98e-10  1.06e-12   193s
  91   5.68987925e-01  5.68997099e-01  2.53e-08 6.90e-10  1.04e-12   195s
  92   5.68987935e-01  5.68996646e-01  4.58e-08 6.83e-10  9.68e-13   197s
  93   5.68987921e-01  5.68994914e-01  3.77e-08 6.35e-10  7.81e-13   199s

Barrier solved model in 93 iterations and 198.88 seconds (372.33 work units)
Optimal objective 5.68987921e-01


User-callback calls 12399, time in user-callback 0.25 sec
Discarded solution information
Set parameter Method to value 2
Set parameter Crossover to value 0
Set parameter LPWarmStart to value 0
Set parameter NumericFocus to value 0
Set parameter DualReductions to value 1
Set parameter InfUnbdInfo to value 0
Set parameter TimeLimit to value 900
