
Gurobi 13.0.2 (win64) logging started Thu Oct  8 06:45:02 2026

Set parameter LogFile to value "C:\v42_m1_exact_solver_redesign_20261008\docs\v42_m_practical_exact_solver_overnight_20261008\external_production\external_nodes\0013\LP.log"
Gurobi Optimizer version 13.0.2 build v13.0.2rc1 (win64 - Windows 11+.0 (26200.2))

CPU model: 13th Gen Intel(R) Core(TM) i7-13620H, instruction set [SSE2|AVX|AVX2]
Thread count: 10 physical cores, 16 logical processors, using up to 1 threads

Non-default parameters:
TimeLimit  900
FeasibilityTol  1e-08
IntFeasTol  1e-08
MIPGap  0.005
OptimalityTol  1e-08
Method  2
LPWarmStart  0
Crossover  0
DegenMoves  0
MIPFocus  3
NodeMethod  1
LogToConsole  0
Seed  20260929
Threads  1

Optimize a model with 582808 rows, 306040 columns and 5351612 nonzeros (Min)
Model fingerprint: 0xd365973b
Model has 1 linear objective coefficients
Coefficient statistics:
  Matrix range     [1e-13, 4e+02]
  Objective range  [1e+00, 1e+00]
  Bounds range     [3e-08, 2e+03]
  RHS range        [2e-24, 2e+03]
Warning: Model contains large matrix coefficient range
         Consider reformulating model or setting NumericFocus parameter
         to avoid numerical issues.

Presolve removed 175662 rows and 27270 columns
Presolve time: 2.01s
Presolved: 407146 rows, 299061 columns, 4428921 nonzeros
Elapsed ordering time = 5s
Ordering time: 5.46s

Barrier statistics:
 Dense cols : 961
 AA' NZ     : 3.785e+07
 Factor NZ  : 5.732e+07 (roughly 700 MB of memory)
 Factor Ops : 3.147e+10 (roughly 1 second per iteration)
 Threads    : 1

                  Objective                Residual
Iter       Primal          Dual         Primal    Dual     Compl     Time
   0   1.27525699e+03 -5.00178637e+05  6.52e+07 7.87e-07  1.02e+04    13s
   1   1.70157932e+03 -3.67334561e+05  4.36e+07 6.07e-03  4.39e+03    14s
   2   4.60734802e+02 -2.61939062e+05  1.80e+07 4.92e-04  5.58e+03    16s
   3   3.63322610e+01 -1.04230134e+05  1.39e+06 1.24e-10  4.40e+02    18s
   4   8.17052959e-01 -5.80285109e+04  4.43e+03 7.06e-10  9.27e+00    19s
   5   7.49499208e-01 -9.52776918e+03  1.68e+03 1.26e-10  1.51e+00    21s
   6   7.21160463e-01 -6.31745282e+02  2.72e+02 2.29e-14  1.09e-01    23s
   7   7.25643995e-01 -2.00848640e+02  1.02e+02 2.58e-14  3.64e-02    25s
   8   7.27010159e-01 -9.56481331e+01  4.55e+01 2.49e-14  1.77e-02    27s
   9   7.33794771e-01 -3.35432291e+01  9.73e+00 5.82e-10  5.75e-03    30s
  10   7.19515063e-01 -2.53028739e+00  1.78e-01 9.93e-09  4.62e-04    32s
  11   6.78100119e-01 -1.32664168e+00  1.33e-01 5.94e-09  2.82e-04    34s
  12   6.31717618e-01 -6.43991434e-01  8.66e-02 1.20e-08  1.77e-04    36s
  13   6.16198785e-01 -1.70429727e-01  6.50e-02 5.44e-08  1.08e-04    38s
  14   6.08039050e-01  2.16719876e-01  3.02e-02 4.12e-08  5.28e-05    41s
  15   6.02498188e-01  3.30473690e-01  2.45e-02 3.49e-08  3.65e-05    43s
  16   5.93841869e-01  4.22458706e-01  1.64e-02 3.34e-08  2.27e-05    45s
  17   5.83765433e-01  4.70890339e-01  8.54e-03 2.43e-08  1.47e-05    47s
  18   5.80528439e-01  4.98854031e-01  6.50e-03 1.94e-08  1.05e-05    49s
  19   5.77051261e-01  5.29042296e-01  4.58e-03 1.40e-08  5.98e-06    51s
  20   5.73908738e-01  5.43790805e-01  2.85e-03 1.17e-08  3.63e-06    53s
  21   5.71690791e-01  5.55224153e-01  1.56e-03 9.31e-09  1.91e-06    55s
  22   5.70829969e-01  5.58745573e-01  1.08e-03 8.55e-09  1.39e-06    57s
  23   5.70312929e-01  5.60490019e-01  7.79e-04 8.36e-09  1.12e-06    59s
  24   5.69971892e-01  5.62742292e-01  5.67e-04 7.57e-09  8.26e-07    61s
  25   5.69810350e-01  5.63228376e-01  4.58e-04 7.36e-09  7.51e-07    63s
  26   5.69675114e-01  5.64430758e-01  3.82e-04 6.79e-09  5.98e-07    65s
  27   5.69562012e-01  5.65808584e-01  3.15e-04 5.94e-09  4.28e-07    66s
  28   5.69461504e-01  5.66531348e-01  2.55e-04 6.05e-09  3.34e-07    68s
  29   5.69355092e-01  5.67323866e-01  1.92e-04 6.06e-09  2.34e-07    70s
  30   5.69296444e-01  5.67676574e-01  1.59e-04 6.08e-09  1.90e-07    71s
  31   5.69232524e-01  5.68024857e-01  1.27e-04 5.92e-09  1.46e-07    74s
  32   5.69162469e-01  5.68394033e-01  8.47e-05 5.66e-09  9.91e-08    75s
  33   5.69113966e-01  5.68596451e-01  5.68e-05 5.63e-09  7.27e-08    77s
  34   5.69097921e-01  5.68672496e-01  4.83e-05 5.59e-09  6.29e-08    79s
  35   5.69075114e-01  5.68794720e-01  3.64e-05 5.59e-09  4.75e-08    81s
  36   5.69047649e-01  5.68976946e-01  2.28e-05 5.58e-09  2.49e-08    84s
  37   5.69032836e-01  5.69040547e-01  1.62e-05 5.48e-09  1.69e-08    85s
  38   5.69024426e-01  5.69073035e-01  1.26e-05 5.33e-09  1.29e-08    87s
  39   5.69014161e-01  5.69111472e-01  8.62e-06 5.39e-09  7.58e-09    90s
  40   5.69004381e-01  5.69120438e-01  5.33e-06 5.37e-09  5.58e-09    92s
  41   5.69001040e-01  5.69123171e-01  4.49e-06 5.00e-09  3.68e-09    94s
  42   5.68998942e-01  5.69103334e-01  2.91e-06 3.63e-09  2.28e-09    97s
  43   5.68996729e-01  5.69099663e-01  2.40e-06 3.54e-09  1.60e-09    99s
  44   5.68993951e-01  5.69079353e-01  1.68e-06 3.17e-09  8.89e-10   102s
  45   5.68993018e-01  5.69074893e-01  1.46e-06 3.11e-09  7.06e-10   104s
  46   5.68991350e-01  5.69060598e-01  1.05e-06 2.92e-09  5.32e-10   106s
  47   5.68990131e-01  5.69057828e-01  6.61e-07 2.83e-09  3.74e-10   108s
  48   5.68990021e-01  5.69055245e-01  6.31e-07 2.58e-09  3.45e-10   110s
  49   5.68989596e-01  5.69050873e-01  5.17e-07 2.10e-09  2.67e-10   112s
  50   5.68989213e-01  5.69027948e-01  4.10e-07 1.12e-09  1.35e-10   114s
  51   5.68988625e-01  5.69027848e-01  1.67e-07 1.16e-09  7.52e-11   115s
  52   5.68988398e-01  5.69028392e-01  1.22e-07 1.15e-09  5.01e-11   117s
  53   5.68988320e-01  5.69028124e-01  1.08e-07 1.15e-09  4.58e-11   119s
  54   5.68988279e-01  5.69025569e-01  9.76e-08 1.17e-09  3.97e-11   121s
  55   5.68988250e-01  5.69024697e-01  9.33e-08 1.18e-09  3.73e-11   123s
  56   5.68988216e-01  5.69022284e-01  8.84e-08 1.23e-09  3.30e-11   125s
  57   5.68988202e-01  5.69021431e-01  8.66e-08 1.23e-09  3.12e-11   127s
  58   5.68987939e-01  5.69020488e-01  6.37e-08 1.24e-09  2.12e-11   129s
  59   5.68987878e-01  5.69020496e-01  5.67e-08 1.24e-09  1.99e-11   131s
  60   5.68987722e-01  5.69019660e-01  4.54e-08 1.10e-09  1.85e-11   133s
  61   5.68987634e-01  5.69018956e-01  3.76e-08 1.09e-09  1.69e-11   135s
  62   5.68987388e-01  5.69011917e-01  3.59e-08 9.74e-10  6.13e-12   137s
  63   5.68987365e-01  5.69011679e-01  3.38e-08 9.70e-10  5.66e-12   139s
  64   5.68987361e-01  5.69011265e-01  3.33e-08 9.63e-10  4.68e-12   141s
  65   5.68987334e-01  5.69007694e-01  3.53e-08 8.43e-10  4.47e-12   143s
  66   5.68987317e-01  5.69003884e-01  3.21e-08 9.19e-10  4.31e-12   145s
  67   5.68987267e-01  5.69005076e-01  5.97e-08 1.03e-09  3.65e-12   147s
  68   5.68987253e-01  5.69004671e-01  5.65e-08 1.02e-09  3.45e-12   149s
  69   5.68987185e-01  5.69001461e-01  4.14e-08 9.42e-10  2.43e-12   151s
  70   5.68987138e-01  5.69002087e-01  3.67e-08 9.67e-10  2.45e-12   153s
  71   5.68987122e-01  5.69000202e-01  3.47e-08 9.59e-10  2.04e-12   156s
  72   5.68987120e-01  5.69000771e-01  3.41e-08 9.51e-10  1.91e-12   158s
  73   5.68987062e-01  5.69001992e-01  3.24e-08 9.32e-10  1.57e-12   160s
  74   5.68987026e-01  5.69001802e-01  2.77e-08 9.37e-10  1.50e-12   162s
  75   5.68986893e-01  5.69001801e-01  1.39e-08 9.39e-10  8.85e-13   164s
  76   5.68986877e-01  5.69001912e-01  1.34e-08 9.45e-10  7.66e-13   167s

Barrier solved model in 76 iterations and 166.69 seconds (311.15 work units)
Optimal objective 5.68986877e-01


User-callback calls 9945, time in user-callback 0.18 sec
Discarded solution information
Set parameter Method to value 2
Set parameter Crossover to value 0
Set parameter LPWarmStart to value 0
Set parameter NumericFocus to value 0
Set parameter DualReductions to value 1
Set parameter InfUnbdInfo to value 0
Set parameter TimeLimit to value 900
