Set parameter Username
Set parameter LicenseID to value 2845475
Academic license - for non-commercial use only - expires 2027-07-18
Set parameter OutputFlag to value 1
Set parameter LogToConsole to value 0
Set parameter OutputFlag to value 1
Set parameter LogToConsole to value 0
Set parameter OutputFlag to value 1
Set parameter LogToConsole to value 0
Set parameter OutputFlag to value 1
Set parameter LogToConsole to value 0
Set parameter OutputFlag to value 1
Set parameter LogToConsole to value 0
Set parameter OutputFlag to value 1
Set parameter LogToConsole to value 0
Set parameter OutputFlag to value 1
Set parameter LogToConsole to value 0
Set parameter OutputFlag to value 1
Set parameter LogToConsole to value 0
Set parameter OutputFlag to value 1
Set parameter LogToConsole to value 0
A_one_MESS_two_slots_two_sites PASS nodes 1 objective 0.5
Set parameter OutputFlag to value 1
Set parameter LogToConsole to value 0
Set parameter OutputFlag to value 1
Set parameter LogToConsole to value 0
Set parameter OutputFlag to value 1
Set parameter LogToConsole to value 0
Set parameter OutputFlag to value 1
Set parameter LogToConsole to value 0
Set parameter OutputFlag to value 1
Set parameter LogToConsole to value 0
Set parameter OutputFlag to value 1
Set parameter LogToConsole to value 0
Set parameter OutputFlag to value 1
Set parameter LogToConsole to value 0
Set parameter OutputFlag to value 1
Set parameter LogToConsole to value 0
Set parameter OutputFlag to value 1
Set parameter LogToConsole to value 0
Set parameter OutputFlag to value 1
Set parameter LogToConsole to value 0
Set parameter OutputFlag to value 1
Set parameter LogToConsole to value 0
Set parameter OutputFlag to value 1
Set parameter LogToConsole to value 0
Set parameter OutputFlag to value 1
Set parameter LogToConsole to value 0
Set parameter OutputFlag to value 1
Set parameter LogToConsole to value 0
Set parameter OutputFlag to value 1
Set parameter LogToConsole to value 0
Set parameter OutputFlag to value 1
Set parameter LogToConsole to value 0
Set parameter OutputFlag to value 1
Set parameter LogToConsole to value 0
Set parameter OutputFlag to value 1
Set parameter LogToConsole to value 0
Set parameter OutputFlag to value 1
Set parameter LogToConsole to value 0
Set parameter OutputFlag to value 1
Set parameter LogToConsole to value 0
Set parameter OutputFlag to value 1
Set parameter LogToConsole to value 0
Set parameter OutputFlag to value 1
Set parameter LogToConsole to value 0
Set parameter OutputFlag to value 1
Set parameter LogToConsole to value 0
Set parameter OutputFlag to value 1
Set parameter LogToConsole to value 0
B_two_MESS_coupled_capacity PASS nodes 3 objective 0.875
Set parameter OutputFlag to value 1
Set parameter LogToConsole to value 0
Set parameter OutputFlag to value 1
Set parameter LogToConsole to value 0
Set parameter OutputFlag to value 1
Set parameter LogToConsole to value 0
Set parameter OutputFlag to value 1
Set parameter LogToConsole to value 0
Set parameter OutputFlag to value 1
Set parameter LogToConsole to value 0
Set parameter OutputFlag to value 1
Set parameter LogToConsole to value 0
Set parameter OutputFlag to value 1
Set parameter LogToConsole to value 0
C_SOC_movement PASS nodes 1 objective 0.6
Set parameter OutputFlag to value 1
Set parameter LogToConsole to value 0
Set parameter OutputFlag to value 1
Set parameter LogToConsole to value 0
Set parameter OutputFlag to value 1
Set parameter LogToConsole to value 0
Set parameter OutputFlag to value 1
Set parameter LogToConsole to value 0
Set parameter OutputFlag to value 1
Set parameter LogToConsole to value 0
Set parameter OutputFlag to value 1
Set parameter LogToConsole to value 0
Set parameter OutputFlag to value 1
Set parameter LogToConsole to value 0
Set parameter OutputFlag to value 1
Set parameter LogToConsole to value 0
Set parameter OutputFlag to value 1
Set parameter LogToConsole to value 0
Set parameter OutputFlag to value 1
Set parameter LogToConsole to value 0
Set parameter OutputFlag to value 1
Set parameter LogToConsole to value 0
Set parameter OutputFlag to value 1
Set parameter LogToConsole to value 0
Set parameter OutputFlag to value 1
Set parameter LogToConsole to value 0
Set parameter OutputFlag to value 1
Set parameter LogToConsole to value 0
Set parameter OutputFlag to value 1
Set parameter LogToConsole to value 0
Set parameter OutputFlag to value 1
Set parameter LogToConsole to value 0
Set parameter OutputFlag to value 1
Set parameter LogToConsole to value 0
D_location_branch PASS nodes 3 objective 0.875
Set parameter OutputFlag to value 1
Set parameter LogToConsole to value 0
Set parameter OutputFlag to value 1
Set parameter LogToConsole to value 0
Set parameter OutputFlag to value 1
Set parameter LogToConsole to value 0
Set parameter OutputFlag to value 1
Set parameter LogToConsole to value 0
Set parameter OutputFlag to value 1
Set parameter LogToConsole to value 0
Set parameter OutputFlag to value 1
Set parameter LogToConsole to value 0
Set parameter OutputFlag to value 1
Set parameter LogToConsole to value 0
Set parameter OutputFlag to value 1
Set parameter LogToConsole to value 0
Set parameter OutputFlag to value 1
Set parameter LogToConsole to value 0
Set parameter OutputFlag to value 1
Set parameter LogToConsole to value 0
Set parameter OutputFlag to value 1
Set parameter LogToConsole to value 0
Set parameter OutputFlag to value 1
Set parameter LogToConsole to value 0
Set parameter OutputFlag to value 1
Set parameter LogToConsole to value 0
Set parameter OutputFlag to value 1
Set parameter LogToConsole to value 0
Set parameter OutputFlag to value 1
Set parameter LogToConsole to value 0
Set parameter OutputFlag to value 1
Set parameter LogToConsole to value 0
Set parameter OutputFlag to value 1
Set parameter LogToConsole to value 0
E_movement_branch PASS nodes 3 objective 0.875
Set parameter OutputFlag to value 1
Set parameter LogToConsole to value 0
Set parameter OutputFlag to value 1
Set parameter LogToConsole to value 0
Set parameter OutputFlag to value 1
Set parameter LogToConsole to value 0
Set parameter OutputFlag to value 1
Set parameter LogToConsole to value 0
LANE_B_BOUNDED_EXACT_FIXTURES_PASS
