
Gurobi 13.0.2 (win64) logging started Wed Oct  7 17:57:33 2026

Set parameter LogFile to value "C:\v42_m1_root_gap_attribution_20261007\docs\v42_m1_root_gap_attribution_20261007\LP_STRENGTHENING_ROUND_09.log"
Gurobi Optimizer version 13.0.2 build v13.0.2rc1 (win64 - Windows 11+.0 (26200.2))

CPU model: 13th Gen Intel(R) Core(TM) i7-13620H, instruction set [SSE2|AVX|AVX2]
Thread count: 10 physical cores, 16 logical processors, using up to 1 threads

Non-default parameters:
FeasibilityTol  1e-08
IntFeasTol  1e-08
MIPGap  0.005
OptimalityTol  1e-08
Method  2
Crossover  0
DegenMoves  0
MIPFocus  3
NodeMethod  1
LogToConsole  0
Seed  20260929
Threads  1

Optimize a model with 583096 rows, 306040 columns and 5369344 nonzeros (Min)
Model fingerprint: 0xd31fab37
Model has 1 linear objective coefficients
Coefficient statistics:
  Matrix range     [1e-13, 6e+02]
  Objective range  [1e+00, 1e+00]
  Bounds range     [3e-08, 2e+03]
  RHS range        [2e-24, 2e+03]
Warning: Model contains large matrix coefficient range
         Consider reformulating model or setting NumericFocus parameter
         to avoid numerical issues.

Presolve removed 175553 rows and 27215 columns
Presolve time: 1.88s
Presolved: 407543 rows, 299112 columns, 4447249 nonzeros
Ordering time: 5.16s

Barrier statistics:
 Dense cols : 961
 AA' NZ     : 3.796e+07
 Factor NZ  : 5.742e+07 (roughly 700 MB of memory)
 Factor Ops : 3.133e+10 (roughly 1 second per iteration)
 Threads    : 1

                  Objective                Residual
Iter       Primal          Dual         Primal    Dual     Compl     Time
   0   1.27525655e+03 -5.00174915e+05  6.52e+07 7.87e-07  1.02e+04    12s
   1   1.70089669e+03 -4.45875976e+05  4.35e+07 2.81e-02  5.56e+03    14s
   2   1.15470032e+02 -4.57067532e+05  2.56e+07 1.52e-02  2.02e+04    15s
   3   6.09629710e+01 -3.13343122e+05  1.22e+07 7.89e-04  9.82e+03    17s
   4   6.99726058e+00 -1.72455865e+05  1.29e+06 1.79e-09  1.05e+03    19s
   5   1.19030016e+00 -1.28452859e+05  1.46e+05 2.75e-15  1.32e+02    21s
   6   4.79655477e-01 -7.90451094e+04  4.88e+03 2.50e-15  1.41e+01    23s
   7   4.71485063e-01 -3.79516881e+04  3.40e+03 1.53e-10  6.52e+00    25s
   8   4.50948548e-01 -2.24305392e+04  1.77e+03 1.71e-15  3.56e+00    27s
   9   4.51680277e-01 -3.81881656e+03  2.70e+02 1.09e-11  5.66e-01    29s
  10   4.54587964e-01 -1.79406035e+03  1.01e+02 5.48e-16  2.64e-01    31s
  11   4.59629460e-01 -9.38259199e+02  5.67e+01 4.65e-16  1.40e-01    33s
  12   4.70421859e-01 -4.80835494e+02  3.71e+01 3.92e-16  7.47e-02    35s
  13   4.84638492e-01 -3.00304804e+02  2.51e+01 3.37e-16  4.75e-02    37s
  14   5.19755867e-01 -1.90785971e+02  1.28e+01 4.49e-10  2.96e-02    39s
  15   5.50995940e-01 -9.49788944e+01  6.93e+00 5.91e-09  1.48e-02    41s
  16   5.61946245e-01 -6.78549658e+01  4.99e+00 9.23e-09  1.05e-02    42s
  17   5.76349456e-01 -5.34203912e+01  2.60e+00 1.15e-08  7.96e-03    44s
  18   5.84999311e-01 -4.32651871e+01  1.51e+00 1.14e-08  6.31e-03    46s
  19   5.96270214e-01 -1.50393631e+01  6.01e-01 1.31e-08  2.22e-03    48s
  20   6.01699264e-01 -7.49350289e-01  1.68e-06 1.73e-08  1.84e-04    51s
  21   5.99730464e-01 -3.01693528e-01  1.28e-06 8.87e-09  1.23e-04    53s
  22   5.90457335e-01  7.87878292e-02  4.97e-07 9.64e-09  6.96e-05    55s
  23   5.77483611e-01  5.31086720e-01  8.75e-08 7.97e-09  6.13e-06    58s
  24   5.73688042e-01  5.51723511e-01  5.12e-08 4.78e-09  2.92e-06    61s
  25   5.70707606e-01  5.60477948e-01  1.77e-08 2.78e-09  1.38e-06    63s
  26   5.69893609e-01  5.64270178e-01  1.06e-08 3.11e-09  7.78e-07    66s
  27   5.69522074e-01  5.65445221e-01  7.33e-09 2.59e-09  5.70e-07    69s
  28   5.69314632e-01  5.67055932e-01  5.70e-09 2.19e-09  3.25e-07    73s
  29   5.69178931e-01  5.67587428e-01  4.66e-09 1.61e-09  2.33e-07    76s
  30   5.69031742e-01  5.68288788e-01  3.38e-09 1.37e-09  1.16e-07    79s
  31   5.68931341e-01  5.68567725e-01  2.68e-09 1.71e-09  6.20e-08    83s
  32   5.68870046e-01  5.68608577e-01  1.86e-09 1.59e-09  4.75e-08    85s
  33   5.68814478e-01  5.68656841e-01  1.63e-09 1.36e-09  3.26e-08    88s
  34   5.68777582e-01  5.68707159e-01  9.31e-10 1.16e-09  1.94e-08    91s
  35   5.68757774e-01  5.68736573e-01  9.31e-10 1.24e-09  1.15e-08    93s
  36   5.68745114e-01  5.68742171e-01  9.31e-10 1.33e-09  8.51e-09    95s
  37   5.68741248e-01  5.68740693e-01  9.31e-10 1.38e-09  7.41e-09    98s
  38   5.68727519e-01  5.68746365e-01  9.31e-10 1.53e-09  4.12e-09    99s
  39   5.68725028e-01  5.68740745e-01  6.98e-10 1.65e-09  2.96e-09   101s
  40   5.68721117e-01  5.68737810e-01  9.31e-10 1.67e-09  2.22e-09   103s
  41   5.68716453e-01  5.68731897e-01  9.31e-10 1.52e-09  1.28e-09   105s
  42   5.68714898e-01  5.68719936e-01  9.31e-10 1.09e-09  7.06e-10   107s
  43   5.68713936e-01  5.68719546e-01  9.31e-10 1.13e-09  4.63e-10   109s
  44   5.68713645e-01  5.68720681e-01  9.31e-10 1.10e-09  3.96e-10   111s
  45   5.68713206e-01  5.68721503e-01  6.98e-10 1.05e-09  3.07e-10   113s
  46   5.68712688e-01  5.68722485e-01  9.31e-10 1.01e-09  2.22e-10   115s
  47   5.68712674e-01  5.68722264e-01  9.31e-10 9.90e-10  2.15e-10   117s
  48   5.68712139e-01  5.68721561e-01  1.16e-09 9.31e-10  1.28e-10   119s
  49   5.68711787e-01  5.68717873e-01  9.31e-10 7.76e-10  1.21e-11   121s
  50   5.68711684e-01  5.68714402e-01  2.79e-09 4.20e-10  3.20e-12   123s
  51   5.68711703e-01  5.68714420e-01  2.71e-09 4.20e-10  3.20e-12   125s
  52   5.68711667e-01  5.68713853e-01  2.20e-09 4.15e-10  3.06e-12   127s
  53   5.68711652e-01  5.68713444e-01  1.60e-09 3.89e-10  1.78e-12   128s
  54   5.68711651e-01  5.68713326e-01  1.53e-09 3.12e-10  1.59e-12   130s
  55   5.68711649e-01  5.68713182e-01  1.16e-09 3.20e-10  1.28e-12   132s
  56   5.68711646e-01  5.68712941e-01  7.51e-10 3.22e-10  1.10e-12   134s
  57   5.68711641e-01  5.68708574e-01  3.30e-09 1.84e-10  1.44e-12   136s
  58   5.68711635e-01  5.68708724e-01  1.90e-09 3.03e-10  2.69e-13   137s

Barrier solved model in 58 iterations and 137.46 seconds (258.14 work units)
Optimal objective 5.68711635e-01

