
Gurobi 13.0.2 (win64) logging started Wed Oct  7 17:59:54 2026

Set parameter LogFile to value "C:\v42_m1_root_gap_attribution_20261007\docs\v42_m1_root_gap_attribution_20261007\LP_STRENGTHENING_ROUND_10.log"
Gurobi Optimizer version 13.0.2 build v13.0.2rc1 (win64 - Windows 11+.0 (26200.2))

CPU model: 13th Gen Intel(R) Core(TM) i7-13620H, instruction set [SSE2|AVX|AVX2]
Thread count: 10 physical cores, 16 logical processors, using up to 1 threads

Non-default parameters:
FeasibilityTol  1e-08
IntFeasTol  1e-08
MIPGap  0.005
OptimalityTol  1e-08
Method  2
Crossover  0
DegenMoves  0
MIPFocus  3
NodeMethod  1
LogToConsole  0
Seed  20260929
Threads  1

Optimize a model with 583128 rows, 306040 columns and 5369449 nonzeros (Min)
Model fingerprint: 0x48aa48ca
Model has 1 linear objective coefficients
Coefficient statistics:
  Matrix range     [1e-13, 6e+02]
  Objective range  [1e+00, 1e+00]
  Bounds range     [3e-08, 2e+03]
  RHS range        [2e-24, 2e+03]
Warning: Model contains large matrix coefficient range
         Consider reformulating model or setting NumericFocus parameter
         to avoid numerical issues.

Presolve removed 175557 rows and 27215 columns
Presolve time: 1.88s
Presolved: 407571 rows, 299112 columns, 4447343 nonzeros
Ordering time: 5.21s

Barrier statistics:
 Dense cols : 960
 AA' NZ     : 3.796e+07
 Factor NZ  : 5.738e+07 (roughly 700 MB of memory)
 Factor Ops : 3.120e+10 (roughly 1 second per iteration)
 Threads    : 1

                  Objective                Residual
Iter       Primal          Dual         Primal    Dual     Compl     Time
   0   1.27525644e+03 -5.00174915e+05  6.52e+07 7.87e-07  1.02e+04    12s
   1   1.70089477e+03 -4.45917909e+05  4.35e+07 2.82e-02  5.57e+03    14s
   2   1.16326539e+02 -4.57116071e+05  2.56e+07 1.51e-02  2.03e+04    15s
   3   6.10951503e+01 -3.13699016e+05  1.22e+07 7.87e-04  9.79e+03    17s
   4   7.18064815e+00 -1.73349977e+05  1.31e+06 6.11e-10  1.08e+03    19s
   5   1.15122078e+00 -1.27595202e+05  1.36e+05 2.30e-15  1.25e+02    21s
   6   4.74878743e-01 -7.94261030e+04  5.01e+03 2.47e-15  1.43e+01    23s
   7   4.66016026e-01 -3.84549181e+04  3.47e+03 4.44e-10  6.62e+00    25s
   8   4.48672261e-01 -2.20187591e+04  1.82e+03 3.27e-10  3.51e+00    27s
   9   4.50138218e-01 -3.45099260e+03  2.67e+02 8.87e-11  5.14e-01    29s
  10   4.52935992e-01 -1.58500783e+03  9.90e+01 1.27e-11  2.34e-01    31s
  11   4.61324732e-01 -6.80280868e+02  5.64e+01 1.50e-11  1.05e-01    33s
  12   4.75124538e-01 -3.83557140e+02  3.65e+01 1.72e-11  6.06e-02    35s
  13   5.21514767e-01 -1.75556086e+02  1.88e+01 3.24e-10  2.87e-02    37s
  14   5.57683760e-01 -9.11177418e+01  9.22e+00 7.83e-09  1.47e-02    39s
  15   5.77815673e-01 -5.48660249e+01  4.59e+00 1.20e-08  8.59e-03    41s
  16   5.89417136e-01 -4.64249649e+01  2.47e+00 1.10e-08  6.95e-03    43s
  17   5.99716930e-01 -2.14959333e+01  1.16e+00 1.54e-08  3.21e-03    44s
  18   6.06249591e-01 -2.32830097e+00  1.16e-01 2.40e-08  4.08e-04    47s
  19   6.02811057e-01 -4.48560603e-01  4.61e-02 3.33e-09  1.44e-04    48s
  20   5.97061923e-01 -5.86610046e-02  1.70e-02 1.07e-08  8.95e-05    51s
  21   5.88327051e-01  2.09405576e-01  9.74e-03 2.55e-08  5.16e-05    53s
  22   5.80840662e-01  3.80653305e-01  4.53e-03 1.76e-08  2.71e-05    55s
  23   5.76021794e-01  4.84978040e-01  2.56e-03 1.11e-08  1.22e-05    57s
  24   5.73328907e-01  5.39393516e-01  1.52e-03 8.83e-09  4.50e-06    58s
  25   5.71550002e-01  5.54212856e-01  8.81e-04 6.31e-09  2.32e-06    60s
  26   5.70636602e-01  5.61687915e-01  5.89e-04 7.79e-09  1.22e-06    62s
  27   5.70410890e-01  5.63113669e-01  5.10e-04 7.13e-09  1.01e-06    63s
  28   5.70062076e-01  5.64027481e-01  3.97e-04 6.86e-09  8.43e-07    65s
  29   5.69786538e-01  5.65362568e-01  3.12e-04 6.34e-09  6.36e-07    66s
  30   5.69577003e-01  5.66533632e-01  2.54e-04 6.00e-09  4.59e-07    68s
  31   5.69393944e-01  5.66758142e-01  1.95e-04 5.92e-09  4.07e-07    70s
  32   5.69164308e-01  5.67664770e-01  1.26e-04 6.06e-09  2.58e-07    72s
  33   5.69055773e-01  5.68146659e-01  9.22e-05 6.39e-09  1.79e-07    74s
  34   5.68995911e-01  5.68508835e-01  7.40e-05 6.54e-09  1.23e-07    76s
  35   5.68895271e-01  5.68781985e-01  4.25e-05 6.58e-09  7.10e-08    78s
  36   5.68844121e-01  5.68973024e-01  2.75e-05 6.19e-09  3.47e-08    80s
  37   5.68802917e-01  5.69017514e-01  1.69e-05 5.90e-09  2.08e-08    82s
  38   5.68778010e-01  5.69025671e-01  1.05e-05 5.21e-09  1.17e-08    84s
  39   5.68767473e-01  5.69031502e-01  8.27e-06 4.32e-09  4.62e-09    87s
  40   5.68754481e-01  5.69017587e-01  4.83e-06 3.99e-09  2.73e-09    89s
  41   5.68749707e-01  5.69004631e-01  3.89e-06 4.11e-09  1.92e-09    90s
  42   5.68745968e-01  5.68996066e-01  3.16e-06 4.12e-09  1.48e-09    92s
  43   5.68743120e-01  5.68986486e-01  2.62e-06 4.12e-09  1.15e-09    94s
  44   5.68741145e-01  5.68964462e-01  2.19e-06 3.66e-09  8.95e-10    96s
  45   5.68737984e-01  5.68954698e-01  1.61e-06 3.21e-09  5.57e-10    98s
  46   5.68733045e-01  5.68955164e-01  7.97e-07 3.18e-09  2.91e-10   100s
  47   5.68732533e-01  5.68953532e-01  7.20e-07 3.17e-09  2.90e-10   102s
  48   5.68731919e-01  5.68950674e-01  6.57e-07 3.14e-09  2.70e-10   104s
  49   5.68731129e-01  5.68944049e-01  5.65e-07 3.15e-09  2.40e-10   106s
  50   5.68730611e-01  5.68940990e-01  5.00e-07 3.15e-09  2.16e-10   107s
  51   5.68730504e-01  5.68932652e-01  4.90e-07 3.13e-09  2.10e-10   109s
  52   5.68728356e-01  5.68919936e-01  2.48e-07 3.17e-09  1.23e-10   111s
  53   5.68727688e-01  5.68900027e-01  2.12e-07 3.22e-09  8.99e-11   113s
  54   5.68727845e-01  5.68891694e-01  1.63e-07 3.16e-09  8.52e-11   116s
  55   5.68727629e-01  5.68887066e-01  1.58e-07 3.19e-09  8.74e-11   117s
  56   5.68726922e-01  5.68883357e-01  1.41e-07 3.24e-09  8.08e-11   120s
  57   5.68726662e-01  5.68858940e-01  5.78e-08 3.26e-09  1.66e-10   123s
  58   5.68725854e-01  5.68855870e-01  5.01e-08 3.31e-09  1.32e-10   125s
  59   5.68724588e-01  5.68855543e-01  3.04e-08 3.35e-09  8.72e-11   127s
  60   5.68724406e-01  5.68854627e-01  2.95e-08 3.37e-09  7.92e-11   129s
  61   5.68724063e-01  5.68850602e-01  2.71e-08 3.36e-09  6.62e-11   131s
  62   5.68723925e-01  5.68851026e-01  2.66e-08 3.35e-09  6.47e-11   134s
  63   5.68723058e-01  5.68850669e-01  2.50e-08 3.38e-09  6.67e-11   137s
  64   5.68722867e-01  5.68847044e-01  2.41e-08 3.37e-09  5.84e-11   139s
  65   5.68722478e-01  5.68844994e-01  2.18e-08 3.36e-09  5.43e-11   141s
  66   5.68722203e-01  5.68839888e-01  2.07e-08 3.34e-09  5.29e-11   143s
  67   5.68722025e-01  5.68838734e-01  2.01e-08 3.33e-09  5.14e-11   145s
  68   5.68721781e-01  5.68837203e-01  1.93e-08 3.32e-09  4.92e-11   148s
  69   5.68721759e-01  5.68836922e-01  1.92e-08 3.32e-09  4.91e-11   150s
  70   5.68721472e-01  5.68838120e-01  1.87e-08 2.93e-09  5.81e-11   152s
  71   5.68720909e-01  5.68830115e-01  1.71e-08 2.47e-09  5.54e-11   155s
  72   5.68719983e-01  5.68825403e-01  1.40e-08 2.49e-09  4.66e-11   157s
  73   5.68719426e-01  5.68821785e-01  1.24e-08 2.49e-09  4.25e-11   160s
  74   5.68719352e-01  5.68820615e-01  1.23e-08 2.47e-09  4.24e-11   162s
  75   5.68719014e-01  5.68817819e-01  1.12e-08 2.43e-09  4.10e-11   166s
  76   5.68718695e-01  5.68815352e-01  9.35e-09 2.62e-09  3.10e-11   169s
  77   5.68717118e-01  5.68806183e-01  7.69e-09 2.51e-09  2.80e-11   173s
  78   5.68717011e-01  5.68802865e-01  7.57e-09 2.58e-09  2.86e-11   175s
  79   5.68716571e-01  5.68797873e-01  6.98e-09 2.70e-09  2.77e-11   177s
  80   5.68713431e-01  5.68786831e-01  3.18e-09 2.96e-09  1.10e-11   181s
  81   5.68712883e-01  5.68782440e-01  2.77e-09 3.07e-09  9.34e-12   183s
  82   5.68712659e-01  5.68780513e-01  2.59e-09 3.12e-09  8.55e-12   184s
  83   5.68712551e-01  5.68779954e-01  2.51e-09 3.13e-09  8.21e-12   186s
  84   5.68712249e-01  5.68779175e-01  2.28e-09 3.15e-09  7.37e-12   188s
  85   5.68712239e-01  5.68778564e-01  2.24e-09 3.15e-09  7.23e-12   191s
  86   5.68712233e-01  5.68773497e-01  2.34e-09 2.89e-09  7.53e-12   193s
  87   5.68712200e-01  5.68766681e-01  2.28e-09 2.56e-09  7.88e-12   197s
  88   5.68712165e-01  5.68764997e-01  2.26e-09 2.47e-09  7.70e-12   200s
  89   5.68712163e-01  5.68764750e-01  2.26e-09 2.46e-09  7.70e-12   203s
  90   5.68712147e-01  5.68763826e-01  2.15e-09 2.42e-09  7.43e-12   206s
  91   5.68712131e-01  5.68762995e-01  2.12e-09 2.45e-09  7.41e-12   209s
  92   5.68712126e-01  5.68762098e-01  2.11e-09 2.43e-09  7.38e-12   211s
  93   5.68712088e-01  5.68761669e-01  2.02e-09 2.43e-09  6.96e-12   214s
  94   5.68712025e-01  5.68758193e-01  1.82e-09 2.43e-09  6.22e-12   216s
  95   5.68712017e-01  5.68756691e-01  1.79e-09 2.45e-09  6.30e-12   219s
  96   5.68711974e-01  5.68748309e-01  1.62e-09 2.44e-09  6.06e-12   221s
  97   5.68711928e-01  5.68748181e-01  1.55e-09 2.46e-09  6.26e-12   225s
  98   5.68711868e-01  5.68740825e-01  1.29e-09 2.38e-09  6.06e-12   227s
  99   5.68711843e-01  5.68737540e-01  1.27e-09 2.26e-09  5.82e-12   229s
 100   5.68711822e-01  5.68734011e-01  1.43e-09 1.87e-09  5.41e-12   232s
 101   5.68711815e-01  5.68731207e-01  1.42e-09 1.60e-09  5.49e-12   235s
 102   5.68711810e-01  5.68730123e-01  1.50e-09 1.56e-09  6.47e-12   237s
 103   5.68711802e-01  5.68730087e-01  1.45e-09 1.55e-09  6.20e-12   240s
 104   5.68711742e-01  5.68725172e-01  8.58e-10 6.23e-10  4.55e-12   242s
 105   5.68711693e-01  5.68721505e-01  1.78e-09 3.44e-10  2.49e-12   244s
 106   5.68711663e-01  5.68721336e-01  2.88e-09 3.19e-10  6.18e-13   246s

Barrier solved model in 106 iterations and 245.81 seconds (460.79 work units)
Optimal objective 5.68711663e-01

