
Gurobi 13.0.2 (win64) logging started Wed Oct  7 16:59:26 2026

Set parameter LogFile to value "C:\v42_m1_root_gap_attribution_20261007\docs\v42_m1_root_gap_attribution_20261007\LP_STRENGTHENING_ROUND_01.log"
Gurobi Optimizer version 13.0.2 build v13.0.2rc1 (win64 - Windows 11+.0 (26200.2))

CPU model: 13th Gen Intel(R) Core(TM) i7-13620H, instruction set [SSE2|AVX|AVX2]
Thread count: 10 physical cores, 16 logical processors, using up to 1 threads

Non-default parameters:
FeasibilityTol  1e-08
IntFeasTol  1e-08
MIPGap  0.005
OptimalityTol  1e-08
Method  2
Crossover  0
DegenMoves  0
MIPFocus  3
NodeMethod  1
LogToConsole  0
Seed  20260929
Threads  1

Optimize a model with 582840 rows, 306040 columns and 5353644 nonzeros (Min)
Model fingerprint: 0x8ce310a4
Model has 1 linear objective coefficients
Coefficient statistics:
  Matrix range     [1e-13, 6e+02]
  Objective range  [1e+00, 1e+00]
  Bounds range     [3e-08, 2e+03]
  RHS range        [2e-24, 2e+03]
Warning: Model contains large matrix coefficient range
         Consider reformulating model or setting NumericFocus parameter
         to avoid numerical issues.

Presolve removed 175553 rows and 27215 columns
Presolve time: 1.97s
Presolved: 407287 rows, 299112 columns, 4431549 nonzeros
Elapsed ordering time = 5s
Ordering time: 5.31s

Barrier statistics:
 Dense cols : 961
 AA' NZ     : 3.786e+07
 Factor NZ  : 5.724e+07 (roughly 700 MB of memory)
 Factor Ops : 3.124e+10 (roughly 1 second per iteration)
 Threads    : 1

                  Objective                Residual
Iter       Primal          Dual         Primal    Dual     Compl     Time
   0   1.27525635e+03 -5.00174915e+05  6.52e+07 7.87e-07  1.02e+04    12s
   1   1.70000417e+03 -4.41689883e+05  4.36e+07 2.39e-02  5.36e+03    14s
   2   3.53795289e+01 -3.42260240e+05  4.19e+07 5.27e-03  1.84e+04    18s
   3   4.64100162e+00 -2.14187008e+05  4.83e+06 1.53e-04  2.14e+03    22s
   4   8.96703344e-01 -9.42169071e+04  2.85e+05 2.26e-10  1.37e+02    25s
   5   3.82709037e-01 -4.94652872e+04  3.38e+04 2.69e-15  1.98e+01    29s
   6   3.64489858e-01 -2.14633919e+04  5.88e+03 1.75e-10  4.31e+00    33s
   7   3.68942961e-01 -8.94557758e+03  3.61e+03 1.26e-10  1.73e+00    37s
   8   3.84130391e-01 -5.49191948e+03  2.66e+03 7.37e-11  1.05e+00    41s
   9   4.22019795e-01 -1.24700519e+03  6.70e+02 2.14e-10  2.24e-01    46s
  10   4.33539239e-01 -5.73925690e+02  1.26e+02 1.12e-10  8.82e-02    51s
  11   4.34785788e-01 -3.91892757e+02  9.19e+01 6.46e-11  6.07e-02    55s
  12   4.36742950e-01 -1.68715576e+02  4.87e+01 3.38e-11  2.69e-02    59s
  13   4.38779238e-01 -7.23427167e+01  3.56e+01 1.68e-09  1.29e-02    62s
  14   4.46245148e-01 -5.63763919e+01  2.50e+01 8.82e-09  9.97e-03    66s
  15   4.67303433e-01 -3.95590226e+01  1.99e+01 6.29e-08  7.20e-03    70s
  16   4.85539763e-01 -3.27553682e+01  1.68e+01 7.76e-08  5.98e-03    74s
  17   5.03698966e-01 -2.25067814e+01  1.37e+01 5.22e-08  4.25e-03    78s
  18   5.45730952e-01 -1.52975163e+01  7.41e+00 4.26e-08  2.72e-03    82s
  19   5.64611304e-01 -9.86180052e+00  4.20e+00 2.63e-08  1.71e-03    86s
  20   5.76193995e-01 -5.58626227e+00  2.78e+00 2.15e-08  1.00e-03    91s
  21   5.87133886e-01 -3.39747906e+00  1.58e+00 2.40e-08  6.20e-04    95s
  22   5.95371383e-01 -1.37465684e+00  6.30e-01 2.23e-08  2.90e-04    99s
  23   5.93048166e-01  4.11947338e-01  2.46e-03 1.08e-08  2.44e-05   103s
  24   5.87450106e-01  4.47146589e-01  1.71e-03 1.51e-08  1.89e-05   107s
  25   5.84421773e-01  4.64495074e-01  1.31e-03 1.49e-08  1.61e-05   111s
  26   5.79801665e-01  5.12463582e-01  8.64e-04 1.34e-08  8.98e-06   115s
  27   5.76704405e-01  5.30613292e-01  6.10e-04 9.46e-09  6.12e-06   119s
  28   5.75218048e-01  5.40777802e-01  4.78e-04 9.94e-09  4.58e-06   122s
  29   5.71828578e-01  5.56592154e-01  2.25e-04 7.19e-09  2.06e-06   126s
  30   5.71471502e-01  5.57882193e-01  1.97e-04 6.82e-09  1.84e-06   130s
  31   5.70095818e-01  5.64523868e-01  9.50e-05 5.42e-09  8.05e-07   134s
  32   5.69660888e-01  5.66540594e-01  6.25e-05 5.24e-09  4.86e-07   138s
  33   5.69258070e-01  5.67671644e-01  3.11e-05 6.02e-09  2.86e-07   142s
  34   5.69158773e-01  5.68006862e-01  2.44e-05 6.12e-09  2.28e-07   145s
  35   5.69041569e-01  5.68411149e-01  1.69e-05 6.16e-09  1.57e-07   149s
  36   5.69004929e-01  5.68594901e-01  1.48e-05 6.17e-09  1.25e-07   153s
  37   5.68967867e-01  5.68773108e-01  1.28e-05 6.29e-09  9.39e-08   156s
  38   5.68892437e-01  5.68928758e-01  8.06e-06 6.44e-09  6.00e-08   160s
  39   5.68858817e-01  5.68964006e-01  6.11e-06 6.40e-09  4.95e-08   163s
  40   5.68825981e-01  5.69031180e-01  4.21e-06 6.21e-09  3.00e-08   167s
  41   5.68807298e-01  5.69047797e-01  3.20e-06 5.95e-09  2.06e-08   171s
  42   5.68788641e-01  5.69059430e-01  2.30e-06 5.61e-09  1.38e-08   175s
  43   5.68775049e-01  5.69056730e-01  1.73e-06 4.48e-09  6.16e-09   179s
  44   5.68768150e-01  5.69042225e-01  1.35e-06 3.71e-09  4.86e-09   183s
  45   5.68756842e-01  5.69023368e-01  7.91e-07 3.83e-09  2.83e-09   187s
  46   5.68748448e-01  5.68995748e-01  4.14e-07 4.03e-09  1.24e-09   192s
  47   5.68743901e-01  5.68987989e-01  2.89e-07 4.19e-09  8.43e-10   196s
  48   5.68741991e-01  5.68978260e-01  2.43e-07 3.10e-09  5.33e-10   198s
  49   5.68737365e-01  5.68971236e-01  1.33e-07 3.23e-09  2.49e-10   201s
  50   5.68736633e-01  5.68968189e-01  1.20e-07 3.29e-09  1.99e-10   203s
  51   5.68735342e-01  5.68950645e-01  1.04e-07 3.07e-09  1.75e-10   209s
  52   5.68733687e-01  5.68947313e-01  6.60e-08 3.11e-09  1.27e-10   213s
  53   5.68732575e-01  5.68943243e-01  6.29e-08 2.97e-09  1.08e-10   217s
  54   5.68732365e-01  5.68935301e-01  6.04e-08 2.78e-09  9.99e-11   221s
  55   5.68730462e-01  5.68926967e-01  4.33e-08 2.91e-09  7.57e-11   225s
  56   5.68729587e-01  5.68913656e-01  3.85e-08 3.16e-09  6.63e-11   230s
  57   5.68726746e-01  5.68918367e-01  3.36e-08 3.25e-09  1.45e-10   236s
  58   5.68726526e-01  5.68895702e-01  3.23e-08 3.36e-09  9.62e-11   241s
  59   5.68725548e-01  5.68879160e-01  2.70e-08 3.38e-09  7.93e-11   244s
  60   5.68725046e-01  5.68876075e-01  2.54e-08 3.37e-09  7.56e-11   249s
  61   5.68724640e-01  5.68868462e-01  2.39e-08 3.38e-09  6.44e-11   252s
  62   5.68724479e-01  5.68853994e-01  2.32e-08 3.35e-09  6.24e-11   257s
  63   5.68724004e-01  5.68847208e-01  2.05e-08 3.32e-09  6.19e-11   260s
  64   5.68723723e-01  5.68839578e-01  1.96e-08 3.29e-09  6.01e-11   265s
  65   5.68722711e-01  5.68837509e-01  1.70e-08 3.28e-09  6.68e-11   270s
  66   5.68722558e-01  5.68832292e-01  1.67e-08 3.26e-09  6.21e-11   275s
  67   5.68722429e-01  5.68828256e-01  1.63e-08 3.26e-09  5.90e-11   280s
  68   5.68721672e-01  5.68819972e-01  1.42e-08 3.23e-09  5.15e-11   285s
  69   5.68721357e-01  5.68809432e-01  1.33e-08 3.13e-09  4.74e-11   289s
  70   5.68720931e-01  5.68802424e-01  1.22e-08 3.02e-09  4.23e-11   293s
  71   5.68720667e-01  5.68801423e-01  1.16e-08 2.97e-09  3.97e-11   299s
  72   5.68720284e-01  5.68800074e-01  1.10e-08 2.85e-09  3.75e-11   305s
  73   5.68720273e-01  5.68799874e-01  1.09e-08 2.87e-09  3.74e-11   310s
  74   5.68719369e-01  5.68794173e-01  9.42e-09 2.00e-09  3.41e-11   315s
  75   5.68719151e-01  5.68794151e-01  9.11e-09 1.98e-09  3.36e-11   322s
  76   5.68718624e-01  5.68793253e-01  7.92e-09 1.88e-09  3.32e-11   327s
  77   5.68717452e-01  5.68789644e-01  5.84e-09 1.72e-09  2.67e-11   332s
  78   5.68716764e-01  5.68785631e-01  4.95e-09 2.41e-09  2.15e-11   337s
  79   5.68715730e-01  5.68785475e-01  3.82e-09 2.43e-09  1.74e-11   341s
  80   5.68715660e-01  5.68782924e-01  3.73e-09 2.66e-09  1.57e-11   345s
  81   5.68715330e-01  5.68780728e-01  3.36e-09 2.87e-09  1.34e-11   349s
  82   5.68715220e-01  5.68780293e-01  3.26e-09 2.89e-09  1.29e-11   353s
  83   5.68715124e-01  5.68780103e-01  3.15e-09 2.90e-09  1.24e-11   358s
  84   5.68714865e-01  5.68779513e-01  2.90e-09 2.93e-09  1.14e-11   363s
  85   5.68714693e-01  5.68779338e-01  2.74e-09 2.94e-09  1.08e-11   366s
  86   5.68714605e-01  5.68778838e-01  2.66e-09 2.99e-09  1.03e-11   372s
  87   5.68714473e-01  5.68778793e-01  2.61e-09 3.01e-09  1.01e-11   378s
  88   5.68713799e-01  5.68778735e-01  2.28e-09 3.03e-09  8.98e-12   382s
  89   5.68713508e-01  5.68778661e-01  2.17e-09 3.07e-09  8.46e-12   388s
  90   5.68713610e-01  5.68776813e-01  1.91e-09 3.10e-09  8.29e-12   398s
  91   5.68713467e-01  5.68765830e-01  3.00e-08 2.50e-09  3.04e-12   403s
  92   5.68713245e-01  5.68762363e-01  2.95e-08 2.51e-09  4.13e-12   411s
  93   5.68712854e-01  5.68759985e-01  3.30e-08 2.56e-09  3.76e-12   421s
  94   5.68712662e-01  5.68751343e-01  2.60e-08 2.76e-09  3.28e-12   425s
  95   5.68712588e-01  5.68750062e-01  2.34e-08 2.77e-09  2.90e-12   430s
  96   5.68712586e-01  5.68749741e-01  2.34e-08 2.78e-09  2.88e-12   434s
  97   5.68712494e-01  5.68748847e-01  2.02e-08 2.80e-09  2.25e-12   439s
  98   5.68712395e-01  5.68748112e-01  1.85e-08 2.80e-09  2.07e-12   441s
  99   5.68712370e-01  5.68747258e-01  1.79e-08 2.81e-09  2.03e-12   443s
 100   5.68712343e-01  5.68745700e-01  1.66e-08 2.80e-09  2.53e-12   446s
 101   5.68712255e-01  5.68757516e-01  1.57e-08 2.54e-09  7.81e-12   449s
 102   5.68712177e-01  5.68754541e-01  6.35e-09 2.57e-09  6.37e-12   451s
 103   5.68712151e-01  5.68752795e-01  6.14e-09 2.55e-09  5.86e-12   454s
 104   5.68712144e-01  5.68752350e-01  6.09e-09 2.53e-09  5.75e-12   456s
 105   5.68712110e-01  5.68749558e-01  5.88e-09 2.40e-09  5.10e-12   458s
 106   5.68712105e-01  5.68749194e-01  5.73e-09 2.37e-09  5.09e-12   461s
 107   5.68712080e-01  5.68747361e-01  5.93e-09 2.22e-09  4.75e-12   463s
 108   5.68712055e-01  5.68745529e-01  5.74e-09 2.05e-09  4.38e-12   466s
 109   5.68712034e-01  5.68744367e-01  5.37e-09 1.97e-09  4.65e-12   470s
 110   5.68711981e-01  5.68741736e-01  4.67e-09 1.59e-09  5.12e-12   475s
 111   5.68711765e-01  5.68733391e-01  2.45e-09 9.37e-10  4.42e-12   479s
 112   5.68711745e-01  5.68731044e-01  2.30e-09 9.26e-10  2.62e-12   483s
 113   5.68711725e-01  5.68730806e-01  1.82e-09 9.21e-10  1.40e-12   486s
 114   5.68711721e-01  5.68730110e-01  1.75e-09 8.70e-10  1.34e-12   489s
 115   5.68711719e-01  5.68723478e-01  5.99e-09 3.89e-10  1.74e-12   493s
 116   5.68711687e-01  5.68723348e-01  5.21e-09 3.80e-10  1.00e-12   497s
 117   5.68711683e-01  5.68723209e-01  5.17e-09 3.83e-10  9.39e-13   500s
 118   5.68711682e-01  5.68722826e-01  5.09e-09 3.88e-10  9.17e-13   504s
 119   5.68711679e-01  5.68722557e-01  4.96e-09 3.93e-10  8.51e-13   508s
 120   5.68711668e-01  5.68722069e-01  4.33e-09 4.01e-10  5.75e-13   511s

Barrier solved model in 120 iterations and 510.96 seconds (528.33 work units)
Optimal objective 5.68711668e-01

