
Gurobi 13.0.2 (win64) logging started Wed Oct  7 17:51:34 2026

Set parameter LogFile to value "C:\v42_m1_root_gap_attribution_20261007\docs\v42_m1_root_gap_attribution_20261007\LP_STRENGTHENING_ROUND_08.log"
Gurobi Optimizer version 13.0.2 build v13.0.2rc1 (win64 - Windows 11+.0 (26200.2))

CPU model: 13th Gen Intel(R) Core(TM) i7-13620H, instruction set [SSE2|AVX|AVX2]
Thread count: 10 physical cores, 16 logical processors, using up to 1 threads

Non-default parameters:
FeasibilityTol  1e-08
IntFeasTol  1e-08
MIPGap  0.005
OptimalityTol  1e-08
Method  2
Crossover  0
DegenMoves  0
MIPFocus  3
NodeMethod  1
LogToConsole  0
Seed  20260929
Threads  1

Optimize a model with 583064 rows, 306040 columns and 5368520 nonzeros (Min)
Model fingerprint: 0x28680ab7
Model has 1 linear objective coefficients
Coefficient statistics:
  Matrix range     [1e-13, 6e+02]
  Objective range  [1e+00, 1e+00]
  Bounds range     [3e-08, 2e+03]
  RHS range        [2e-24, 2e+03]
Warning: Model contains large matrix coefficient range
         Consider reformulating model or setting NumericFocus parameter
         to avoid numerical issues.

Presolve removed 175553 rows and 27215 columns
Presolve time: 1.93s
Presolved: 407511 rows, 299112 columns, 4446425 nonzeros
Elapsed ordering time = 5s
Ordering time: 5.44s

Barrier statistics:
 Dense cols : 961
 AA' NZ     : 3.796e+07
 Factor NZ  : 5.736e+07 (roughly 700 MB of memory)
 Factor Ops : 3.119e+10 (roughly 1 second per iteration)
 Threads    : 1

                  Objective                Residual
Iter       Primal          Dual         Primal    Dual     Compl     Time
   0   1.27525662e+03 -5.00174915e+05  6.52e+07 7.87e-07  1.02e+04    12s
   1   1.70089738e+03 -4.45893561e+05  4.35e+07 2.81e-02  5.57e+03    14s
   2   1.15830788e+02 -4.57109760e+05  2.56e+07 1.51e-02  2.03e+04    16s
   3   5.99665296e+01 -3.11218748e+05  1.20e+07 5.64e-04  9.64e+03    17s
   4   5.84303490e+00 -1.70016578e+05  1.04e+06 5.82e-11  8.63e+02    19s
   5   1.38953112e+00 -1.28987422e+05  1.82e+05 2.41e-15  1.61e+02    21s
   6   7.47344793e-01 -1.04952840e+05  5.47e+04 1.60e-10  5.46e+01    23s
   7   4.75997234e-01 -6.27864745e+04  4.61e+03 2.39e-15  1.13e+01    25s
   8   4.53718188e-01 -3.17734757e+04  2.39e+03 1.93e-15  5.19e+00    27s
   9   4.49505219e-01 -6.07786140e+03  4.49e+02 1.55e-15  9.04e-01    30s
  10   4.52494253e-01 -1.83172260e+03  1.22e+02 2.25e-11  2.69e-01    32s
  11   4.59032435e-01 -7.70327989e+02  6.28e+01 1.53e-11  1.16e-01    34s
  12   4.64940245e-01 -4.64712134e+02  4.69e+01 3.04e-10  7.14e-02    36s
  13   4.86712979e-01 -2.49098993e+02  2.71e+01 1.80e-09  3.89e-02    38s
  14   5.30581566e-01 -1.28135764e+02  1.38e+01 1.20e-08  2.02e-02    41s
  15   5.50591352e-01 -9.25251893e+01  8.24e+00 1.51e-08  1.42e-02    43s
  16   5.64919399e-01 -6.59696184e+01  5.29e+00 1.78e-08  1.00e-02    44s
  17   5.83307166e-01 -3.43029353e+01  2.98e+00 1.76e-08  5.21e-03    47s
  18   5.96514156e-01 -1.61053468e+01  1.34e+00 1.73e-08  2.44e-03    48s
  19   6.03829620e-01 -5.06235511e+00  4.61e-01 3.00e-08  8.06e-04    51s
  20   6.01436646e-01 -6.95015111e-01  4.68e-02 5.89e-09  1.78e-04    52s
  21   5.99977887e-01 -3.70986139e-01  4.08e-02 6.33e-09  1.33e-04    54s
  22   5.96909978e-01 -2.20555567e-01  3.23e-02 1.43e-08  1.12e-04    56s
  23   5.88372039e-01  1.58008341e-01  1.55e-02 2.84e-08  5.88e-05    57s
  24   5.81515583e-01  3.19770890e-01  8.56e-03 1.76e-08  3.57e-05    59s
  25   5.77694588e-01  3.94433688e-01  5.52e-03 1.36e-08  2.49e-05    61s
  26   5.74422078e-01  4.85970145e-01  3.22e-03 9.89e-09  1.20e-05    62s
  27   5.73176373e-01  5.15165289e-01  2.39e-03 8.76e-09  7.85e-06    64s
  28   5.71036086e-01  5.39497100e-01  1.14e-03 7.00e-09  4.30e-06    66s
  29   5.70097791e-01  5.54514368e-01  6.03e-04 5.09e-09  2.16e-06    68s
  30   5.69812691e-01  5.58108767e-01  4.62e-04 5.06e-09  1.64e-06    69s
  31   5.69484986e-01  5.62722710e-01  2.98e-04 5.33e-09  9.78e-07    71s
  32   5.69292966e-01  5.64745180e-01  2.12e-04 5.88e-09  6.81e-07    73s
  33   5.69074013e-01  5.67021735e-01  1.19e-04 6.36e-09  3.44e-07    75s
  34   5.68963035e-01  5.67847389e-01  7.56e-05 6.35e-09  2.15e-07    78s
  35   5.68888971e-01  5.68655519e-01  4.81e-05 6.19e-09  8.87e-08    80s
  36   5.68837153e-01  5.69059427e-01  2.94e-05 5.92e-09  1.96e-08    82s
  37   5.68798443e-01  5.69061126e-01  1.69e-05 5.75e-09  1.28e-08    84s
  38   5.68780985e-01  5.69061645e-01  1.25e-05 4.96e-09  6.76e-09    86s
  39   5.68773046e-01  5.69051587e-01  1.03e-05 4.20e-09  4.74e-09    88s
  40   5.68765030e-01  5.69033215e-01  7.75e-06 3.91e-09  3.42e-09    90s
  41   5.68760828e-01  5.69029746e-01  6.66e-06 3.98e-09  2.90e-09    91s
  42   5.68757202e-01  5.69009108e-01  5.66e-06 4.05e-09  2.18e-09    93s
  43   5.68749896e-01  5.68994032e-01  3.92e-06 4.19e-09  1.27e-09    95s
  44   5.68746313e-01  5.68984515e-01  3.08e-06 4.24e-09  8.89e-10    96s
  45   5.68745173e-01  5.68975635e-01  2.82e-06 3.19e-09  7.51e-10    98s
  46   5.68737031e-01  5.68969494e-01  1.01e-06 3.26e-09  2.67e-10   100s
  47   5.68737932e-01  5.68950375e-01  9.64e-07 2.96e-09  2.70e-10   102s
  48   5.68737483e-01  5.68951063e-01  9.37e-07 3.33e-09  2.51e-10   104s
  49   5.68735760e-01  5.68942463e-01  7.21e-07 3.23e-09  2.12e-10   106s
  50   5.68734784e-01  5.68939689e-01  5.98e-07 3.24e-09  1.78e-10   107s
  51   5.68733317e-01  5.68936104e-01  4.71e-07 3.27e-09  1.37e-10   109s
  52   5.68732605e-01  5.68935158e-01  4.21e-07 3.27e-09  1.20e-10   111s
  53   5.68732442e-01  5.68934313e-01  4.10e-07 3.27e-09  1.17e-10   113s
  54   5.68732154e-01  5.68933971e-01  3.91e-07 3.27e-09  1.11e-10   114s
  55   5.68731958e-01  5.68933958e-01  3.78e-07 3.27e-09  1.07e-10   116s
  56   5.68731711e-01  5.68931402e-01  3.61e-07 3.27e-09  1.04e-10   118s
  57   5.68731573e-01  5.68924179e-01  3.44e-07 3.26e-09  1.01e-10   120s
  58   5.68731020e-01  5.68914051e-01  3.02e-07 3.25e-09  8.63e-11   122s
  59   5.68730557e-01  5.68918023e-01  2.73e-07 3.32e-09  7.93e-11   124s
  60   5.68728993e-01  5.68901426e-01  1.75e-07 3.42e-09  4.99e-11   126s
  61   5.68728483e-01  5.68893610e-01  1.55e-07 3.46e-09  4.50e-11   128s
  62   5.68728463e-01  5.68893582e-01  1.51e-07 3.46e-09  4.41e-11   131s
  63   5.68727682e-01  5.68891539e-01  1.35e-07 3.47e-09  4.66e-11   132s
  64   5.68726595e-01  5.68883070e-01  1.15e-07 3.38e-09  3.84e-11   134s
  65   5.68726407e-01  5.68879331e-01  1.09e-07 3.40e-09  3.55e-11   136s
  66   5.68726205e-01  5.68878426e-01  1.05e-07 3.37e-09  3.40e-11   138s
  67   5.68725783e-01  5.68872799e-01  9.57e-08 3.32e-09  3.05e-11   140s
  68   5.68725598e-01  5.68872074e-01  9.19e-08 3.31e-09  2.95e-11   143s
  69   5.68725570e-01  5.68866560e-01  9.13e-08 3.28e-09  2.91e-11   145s
  70   5.68724874e-01  5.68863409e-01  8.62e-08 3.27e-09  3.14e-11   147s
  71   5.68723291e-01  5.68846266e-01  3.31e-08 3.26e-09  1.50e-11   150s
  72   5.68722718e-01  5.68839822e-01  2.91e-08 3.25e-09  1.11e-11   151s
  73   5.68722647e-01  5.68837789e-01  2.87e-08 3.25e-09  1.03e-11   153s
  74   5.68722487e-01  5.68830068e-01  2.77e-08 3.25e-09  8.74e-12   155s
  75   5.68722481e-01  5.68822792e-01  2.67e-08 3.21e-09  1.17e-11   157s
  76   5.68722396e-01  5.68820958e-01  2.61e-08 3.13e-09  1.15e-11   159s
  77   5.68722115e-01  5.68820004e-01  2.53e-08 3.10e-09  1.16e-11   164s
  78   5.68722013e-01  5.68820002e-01  2.47e-08 3.11e-09  1.13e-11   166s
  79   5.68721916e-01  5.68819742e-01  2.41e-08 3.10e-09  1.11e-11   170s
  80   5.68721684e-01  5.68818989e-01  2.29e-08 3.02e-09  1.09e-11   172s
  81   5.68721429e-01  5.68816392e-01  2.17e-08 3.03e-09  1.07e-11   175s
  82   5.68721015e-01  5.68812503e-01  1.92e-08 3.02e-09  9.38e-12   177s
  83   5.68720987e-01  5.68811204e-01  1.90e-08 3.02e-09  9.32e-12   179s
  84   5.68720954e-01  5.68810963e-01  1.89e-08 3.02e-09  9.23e-12   180s
  85   5.68720858e-01  5.68810831e-01  1.82e-08 3.01e-09  8.97e-12   184s
  86   5.68720706e-01  5.68810487e-01  1.73e-08 2.99e-09  8.49e-12   187s
  87   5.68720659e-01  5.68809420e-01  1.71e-08 2.89e-09  8.47e-12   190s
  88   5.68720342e-01  5.68809200e-01  1.61e-08 2.87e-09  8.12e-12   193s
  89   5.68720340e-01  5.68809024e-01  1.61e-08 2.86e-09  8.09e-12   196s
  90   5.68720092e-01  5.68808352e-01  1.55e-08 2.77e-09  7.89e-12   198s
  91   5.68719883e-01  5.68807865e-01  1.49e-08 2.67e-09  8.55e-12   202s
  92   5.68719785e-01  5.68807239e-01  1.47e-08 2.59e-09  8.48e-12   204s
  93   5.68719126e-01  5.68802880e-01  1.31e-08 2.11e-09  7.91e-12   206s
  94   5.68718889e-01  5.68801956e-01  1.28e-08 2.16e-09  7.84e-12   210s
  95   5.68718854e-01  5.68801604e-01  1.27e-08 2.17e-09  7.71e-12   213s
  96   5.68718873e-01  5.68801259e-01  1.25e-08 2.17e-09  7.90e-12   215s
  97   5.68718498e-01  5.68800452e-01  1.17e-08 2.20e-09  7.53e-12   218s
  98   5.68717932e-01  5.68798827e-01  1.04e-08 2.23e-09  7.31e-12   221s
  99   5.68716757e-01  5.68795840e-01  8.76e-09 2.21e-09  1.06e-11   224s
 100   5.68716227e-01  5.68797547e-01  8.01e-09 2.14e-09  1.08e-11   228s
 101   5.68716055e-01  5.68794774e-01  7.81e-09 2.15e-09  1.11e-11   231s
 102   5.68715796e-01  5.68790013e-01  6.32e-09 2.61e-09  8.12e-12   233s
 103   5.68715733e-01  5.68789995e-01  5.97e-09 2.61e-09  7.75e-12   235s
 104   5.68715209e-01  5.68788771e-01  4.41e-09 2.80e-09  6.11e-12   238s
 105   5.68714920e-01  5.68785993e-01  4.12e-09 2.90e-09  5.70e-12   240s
 106   5.68714532e-01  5.68785160e-01  3.76e-09 2.93e-09  5.20e-12   242s
 107   5.68714020e-01  5.68784415e-01  3.28e-09 2.95e-09  4.59e-12   245s
 108   5.68713157e-01  5.68782798e-01  2.62e-09 3.01e-09  3.67e-12   247s
 109   5.68712418e-01  5.68781018e-01  2.21e-09 3.07e-09  3.10e-12   249s
 110   5.68712395e-01  5.68780505e-01  2.21e-09 3.09e-09  3.02e-12   250s
 111   5.68712628e-01  5.68777879e-01  2.18e-09 2.95e-09  5.70e-12   254s
 112   5.68712610e-01  5.68777036e-01  2.15e-09 2.91e-09  6.08e-12   256s
 113   5.68712586e-01  5.68775055e-01  2.13e-09 2.82e-09  7.25e-12   258s
 114   5.68712556e-01  5.68774481e-01  2.11e-09 2.79e-09  7.38e-12   261s
 115   5.68712506e-01  5.68774357e-01  2.06e-09 2.79e-09  7.04e-12   263s
 116   5.68712495e-01  5.68773859e-01  2.05e-09 2.77e-09  7.20e-12   266s
 117   5.68712424e-01  5.68770213e-01  2.18e-09 2.62e-09  7.39e-12   268s
 118   5.68712369e-01  5.68766442e-01  2.13e-09 2.47e-09  8.39e-12   271s
 119   5.68712348e-01  5.68765806e-01  2.10e-09 2.45e-09  8.41e-12   274s
 120   5.68712341e-01  5.68765797e-01  2.09e-09 2.45e-09  8.35e-12   276s
 121   5.68712335e-01  5.68765710e-01  2.08e-09 2.45e-09  8.33e-12   279s
 122   5.68712291e-01  5.68764288e-01  2.06e-09 2.43e-09  8.38e-12   283s
 123   5.68712208e-01  5.68762728e-01  1.94e-09 2.47e-09  8.05e-12   287s
 124   5.68712193e-01  5.68762224e-01  1.92e-09 2.48e-09  8.04e-12   289s
 125   5.68712149e-01  5.68761377e-01  1.84e-09 2.49e-09  7.78e-12   292s
 126   5.68712135e-01  5.68761251e-01  1.82e-09 2.49e-09  7.68e-12   294s
 127   5.68712130e-01  5.68759875e-01  1.81e-09 2.52e-09  7.93e-12   297s
 128   5.68712130e-01  5.68756769e-01  1.77e-09 2.48e-09  8.31e-12   299s
 129   5.68712096e-01  5.68754863e-01  1.68e-09 2.48e-09  8.23e-12   302s
 130   5.68712076e-01  5.68752706e-01  1.64e-09 2.47e-09  8.30e-12   304s
 131   5.68712015e-01  5.68752004e-01  1.45e-09 2.47e-09  7.37e-12   307s
 132   5.68712008e-01  5.68751079e-01  1.43e-09 2.47e-09  7.37e-12   309s
 133   5.68711991e-01  5.68747872e-01  1.40e-09 2.46e-09  7.52e-12   311s
 134   5.68711987e-01  5.68747515e-01  1.39e-09 2.45e-09  7.52e-12   313s
 135   5.68711976e-01  5.68745496e-01  1.35e-09 2.44e-09  7.57e-12   315s
 136   5.68711915e-01  5.68745154e-01  6.57e-09 2.47e-09  7.06e-12   317s
 137   5.68711911e-01  5.68744989e-01  6.53e-09 2.46e-09  7.04e-12   319s
 138   5.68711906e-01  5.68744799e-01  6.47e-09 2.46e-09  6.99e-12   322s
 139   5.68711893e-01  5.68744513e-01  6.35e-09 2.45e-09  6.87e-12   325s
 140   5.68711868e-01  5.68743117e-01  6.10e-09 2.39e-09  6.61e-12   328s
 141   5.68711866e-01  5.68742658e-01  6.08e-09 2.37e-09  6.61e-12   331s
 142   5.68711865e-01  5.68741434e-01  5.75e-09 2.24e-09  6.28e-12   334s
 143   5.68711854e-01  5.68740859e-01  5.13e-09 2.20e-09  5.75e-12   337s
 144   5.68711795e-01  5.68731935e-01  2.81e-09 1.48e-09  3.06e-12   339s
 145   5.68711792e-01  5.68730571e-01  2.73e-09 1.36e-09  3.04e-12   341s
 146   5.68711793e-01  5.68729710e-01  1.66e-09 1.34e-09  2.15e-12   345s
 147   5.68711766e-01  5.68724677e-01  2.13e-09 3.71e-10  2.10e-12   347s
 148   5.68711760e-01  5.68723859e-01  2.26e-09 3.61e-10  2.00e-12   349s
 149   5.68711746e-01  5.68721991e-01  1.51e-09 3.38e-10  1.38e-12   351s
 150   5.68711735e-01  5.68721671e-01  2.21e-09 3.30e-10  9.17e-13   353s
 151   5.68711724e-01  5.68721303e-01  2.39e-09 3.24e-10  4.60e-13   354s

Barrier solved model in 151 iterations and 354.34 seconds (667.35 work units)
Optimal objective 5.68711724e-01

