
Gurobi 13.0.2 (win64) logging started Wed Oct  7 17:18:12 2026

Set parameter LogFile to value "C:\v42_m1_root_gap_attribution_20261007\docs\v42_m1_root_gap_attribution_20261007\LP_STRENGTHENING_ROUND_03.log"
Gurobi Optimizer version 13.0.2 build v13.0.2rc1 (win64 - Windows 11+.0 (26200.2))

CPU model: 13th Gen Intel(R) Core(TM) i7-13620H, instruction set [SSE2|AVX|AVX2]
Thread count: 10 physical cores, 16 logical processors, using up to 1 threads

Non-default parameters:
FeasibilityTol  1e-08
IntFeasTol  1e-08
MIPGap  0.005
OptimalityTol  1e-08
Method  2
Crossover  0
DegenMoves  0
MIPFocus  3
NodeMethod  1
LogToConsole  0
Seed  20260929
Threads  1

Optimize a model with 582904 rows, 306040 columns and 5358085 nonzeros (Min)
Model fingerprint: 0x9e5b5db6
Model has 1 linear objective coefficients
Coefficient statistics:
  Matrix range     [1e-13, 6e+02]
  Objective range  [1e+00, 1e+00]
  Bounds range     [3e-08, 2e+03]
  RHS range        [2e-24, 2e+03]
Warning: Model contains large matrix coefficient range
         Consider reformulating model or setting NumericFocus parameter
         to avoid numerical issues.

Presolve removed 175553 rows and 27215 columns
Presolve time: 1.87s
Presolved: 407351 rows, 299112 columns, 4435990 nonzeros
Elapsed ordering time = 5s
Ordering time: 8.44s

Barrier statistics:
 Dense cols : 961
 AA' NZ     : 3.789e+07
 Factor NZ  : 5.734e+07 (roughly 700 MB of memory)
 Factor Ops : 3.141e+10 (roughly 2 seconds per iteration)
 Threads    : 1

                  Objective                Residual
Iter       Primal          Dual         Primal    Dual     Compl     Time
   0   1.27525649e+03 -5.00174915e+05  6.52e+07 7.87e-07  1.02e+04    18s
   1   1.70000072e+03 -4.41599230e+05  4.36e+07 2.39e-02  5.36e+03    21s
   2   3.54088329e+01 -3.42571423e+05  4.19e+07 5.26e-03  1.84e+04    25s
   3   4.64220909e+00 -2.14327608e+05  4.82e+06 1.51e-04  2.14e+03    28s
   4   8.97964183e-01 -9.46254225e+04  2.98e+05 4.44e-10  1.43e+02    32s
   5   2.59282429e-01 -4.89042261e+04  2.00e+04 3.57e-10  1.44e+01    36s
   6   3.11919138e-01 -1.91970546e+04  6.77e+03 1.64e-15  4.15e+00    40s
   7   3.16281240e-01 -8.93336736e+03  6.16e+03 1.05e-14  2.14e+00    43s
   8   3.86652938e-01 -3.27397952e+03  2.53e+03 2.01e-10  7.21e-01    48s
   9   4.24687683e-01 -1.14840487e+03  6.10e+02 5.43e-10  2.09e-01    52s
  10   4.33820913e-01 -4.02866336e+02  1.78e+02 1.42e-10  6.91e-02    56s
  11   4.37865253e-01 -1.22515018e+02  5.95e+01 4.31e-11  2.17e-02    60s
  12   4.42529882e-01 -6.28910785e+01  3.57e+01 1.59e-09  1.18e-02    63s
  13   4.50771214e-01 -4.23446060e+01  2.54e+01 5.33e-09  8.18e-03    65s
  14   4.96032707e-01 -2.78403208e+01  1.40e+01 8.92e-09  5.13e-03    67s
  15   5.38229351e-01 -1.40190202e+01  8.15e+00 6.77e-08  2.64e-03    69s
  16   5.64017525e-01 -9.97073910e+00  3.56e+00 4.32e-08  1.71e-03    71s
  17   5.75784578e-01 -5.90957021e+00  2.13e+00 2.76e-08  1.02e-03    73s
  18   5.87584858e-01 -3.52578018e+00  9.62e-01 1.93e-08  6.12e-04    75s
  19   5.93665755e-01 -3.21851306e-01  9.62e-02 1.27e-08  1.27e-04    78s
  20   5.80577853e-01  3.99440633e-01  7.69e-03 1.12e-08  2.46e-05    81s
  21   5.76909757e-01  4.72715530e-01  4.98e-03 8.92e-09  1.41e-05    83s
  22   5.75077666e-01  5.04756510e-01  3.77e-03 8.17e-09  9.49e-06    84s
  23   5.72876048e-01  5.42472150e-01  2.34e-03 7.18e-09  4.12e-06    87s
  24   5.71202746e-01  5.51776040e-01  1.32e-03 6.80e-09  2.66e-06    89s
  25   5.70789903e-01  5.57365015e-01  1.08e-03 5.69e-09  1.86e-06    90s
  26   5.69911745e-01  5.62469610e-01  5.48e-04 4.86e-09  1.07e-06    93s
  27   5.69591552e-01  5.65009835e-01  3.81e-04 5.33e-09  6.92e-07    95s
  28   5.69328350e-01  5.66232520e-01  2.49e-04 5.97e-09  4.96e-07    98s
  29   5.69121949e-01  5.67905058e-01  1.58e-04 6.74e-09  2.46e-07   103s
  30   5.69026734e-01  5.68147662e-01  1.14e-04 6.76e-09  2.00e-07   106s
  31   5.68971078e-01  5.68339669e-01  9.04e-05 6.73e-09  1.63e-07   110s
  32   5.68865110e-01  5.68640423e-01  4.32e-05 6.77e-09  1.02e-07   115s
  33   5.68830191e-01  5.68942541e-01  3.01e-05 6.36e-09  4.71e-08   119s
  34   5.68801852e-01  5.69023764e-01  2.01e-05 5.69e-09  2.44e-08   122s
  35   5.68786633e-01  5.69017989e-01  1.54e-05 4.43e-09  1.67e-08   126s
  36   5.68780222e-01  5.69019968e-01  1.35e-05 4.27e-09  1.45e-08   129s
  37   5.68774018e-01  5.69011044e-01  1.12e-05 3.77e-09  1.13e-08   133s
  38   5.68771630e-01  5.69009635e-01  1.03e-05 3.87e-09  9.89e-09   136s
  39   5.68759448e-01  5.69001649e-01  6.20e-06 3.92e-09  5.83e-09   140s
  40   5.68754122e-01  5.68994238e-01  4.53e-06 3.79e-09  4.13e-09   143s
  41   5.68750341e-01  5.68987340e-01  3.57e-06 3.47e-09  2.90e-09   147s
  42   5.68744386e-01  5.68978631e-01  2.23e-06 3.05e-09  1.42e-09   150s
  43   5.68741515e-01  5.68968788e-01  1.68e-06 3.09e-09  5.73e-10   154s
  44   5.68738464e-01  5.68963275e-01  1.20e-06 3.24e-09  3.59e-10   158s
  45   5.68736209e-01  5.68944934e-01  5.15e-07 3.26e-09  1.75e-10   162s
  46   5.68733232e-01  5.68941158e-01  2.98e-07 3.24e-09  9.66e-11   166s
  47   5.68732796e-01  5.68936287e-01  2.81e-07 3.25e-09  9.42e-11   171s
  48   5.68732275e-01  5.68928342e-01  2.68e-07 3.25e-09  8.97e-11   176s
  49   5.68731922e-01  5.68924567e-01  2.46e-07 3.24e-09  8.21e-11   179s
  50   5.68731609e-01  5.68919880e-01  2.27e-07 3.23e-09  7.54e-11   183s
  51   5.68730758e-01  5.68916149e-01  1.99e-07 3.25e-09  6.50e-11   188s
  52   5.68729829e-01  5.68914056e-01  1.79e-07 3.26e-09  5.79e-11   192s
  53   5.68727774e-01  5.68896199e-01  1.34e-07 3.45e-09  4.37e-11   196s
  54   5.68726533e-01  5.68892795e-01  1.13e-07 3.45e-09  3.84e-11   200s
  55   5.68726743e-01  5.68887732e-01  1.12e-07 3.45e-09  4.61e-11   205s
  56   5.68725257e-01  5.68875910e-01  8.16e-08 3.41e-09  3.13e-11   209s
  57   5.68725130e-01  5.68875201e-01  7.96e-08 3.40e-09  3.15e-11   213s
  58   5.68725028e-01  5.68855873e-01  7.30e-08 3.33e-09  7.45e-11   218s
  59   5.68724710e-01  5.68853998e-01  6.90e-08 3.31e-09  7.13e-11   222s
  60   5.68724096e-01  5.68848048e-01  6.14e-08 3.23e-09  6.49e-11   227s
  61   5.68723926e-01  5.68843230e-01  5.95e-08 3.22e-09  6.62e-11   231s
  62   5.68723515e-01  5.68836455e-01  5.40e-08 3.27e-09  6.04e-11   235s
  63   5.68722967e-01  5.68835008e-01  5.20e-08 3.29e-09  6.17e-11   241s
  64   5.68722849e-01  5.68832829e-01  4.95e-08 3.27e-09  5.42e-11   245s
  65   5.68722369e-01  5.68832162e-01  4.00e-08 3.26e-09  4.46e-11   250s
  66   5.68722174e-01  5.68830647e-01  3.82e-08 3.26e-09  4.28e-11   254s
  67   5.68721996e-01  5.68830190e-01  3.51e-08 3.26e-09  3.95e-11   258s
  68   5.68721971e-01  5.68829833e-01  3.47e-08 3.24e-09  3.89e-11   263s
  69   5.68721932e-01  5.68825343e-01  3.18e-08 3.17e-09  3.76e-11   270s
  70   5.68721655e-01  5.68821611e-01  2.82e-08 3.17e-09  3.61e-11   275s
  71   5.68721514e-01  5.68820816e-01  2.61e-08 3.20e-09  3.33e-11   279s
  72   5.68721348e-01  5.68817827e-01  2.54e-08 3.21e-09  3.29e-11   285s
  73   5.68721239e-01  5.68814848e-01  2.48e-08 3.21e-09  3.25e-11   290s
  74   5.68721114e-01  5.68812336e-01  2.38e-08 3.21e-09  3.14e-11   294s
  75   5.68720962e-01  5.68805973e-01  2.27e-08 3.20e-09  3.05e-11   299s
  76   5.68720773e-01  5.68804414e-01  2.14e-08 3.19e-09  2.86e-11   303s
  77   5.68720678e-01  5.68802559e-01  2.07e-08 3.16e-09  2.79e-11   307s
  78   5.68720603e-01  5.68800271e-01  2.01e-08 3.14e-09  2.73e-11   311s
  79   5.68720562e-01  5.68800105e-01  1.99e-08 3.12e-09  2.69e-11   316s
  80   5.68720543e-01  5.68799831e-01  1.97e-08 3.10e-09  2.68e-11   321s
  81   5.68720258e-01  5.68799366e-01  1.88e-08 3.07e-09  2.49e-11   326s
  82   5.68720251e-01  5.68799354e-01  1.87e-08 3.01e-09  2.50e-11   332s
  83   5.68720127e-01  5.68798887e-01  1.82e-08 2.98e-09  2.43e-11   337s
  84   5.68720063e-01  5.68797338e-01  1.79e-08 2.79e-09  2.41e-11   342s
  85   5.68719954e-01  5.68796138e-01  1.70e-08 2.60e-09  2.34e-11   346s
  86   5.68719569e-01  5.68793987e-01  1.45e-08 2.24e-09  1.95e-11   349s
  87   5.68719295e-01  5.68792068e-01  1.29e-08 1.98e-09  1.80e-11   351s
  88   5.68719097e-01  5.68790221e-01  1.18e-08 2.00e-09  1.69e-11   354s
  89   5.68717866e-01  5.68783490e-01  7.46e-09 2.36e-09  1.19e-11   357s
  90   5.68717045e-01  5.68781107e-01  6.33e-09 2.72e-09  1.09e-11   359s
  91   5.68715927e-01  5.68778233e-01  4.80e-09 3.19e-09  8.59e-12   362s
  92   5.68715797e-01  5.68778123e-01  4.61e-09 3.18e-09  7.93e-12   363s
  93   5.68715647e-01  5.68778093e-01  4.40e-09 3.18e-09  7.53e-12   366s
  94   5.68715468e-01  5.68778047e-01  4.14e-09 3.18e-09  7.11e-12   368s
  95   5.68714947e-01  5.68778032e-01  3.47e-09 3.18e-09  6.02e-12   370s
  96   5.68714921e-01  5.68778020e-01  3.44e-09 3.18e-09  5.95e-12   372s
  97   5.68714856e-01  5.68777992e-01  3.37e-09 3.18e-09  5.78e-12   374s
  98   5.68713109e-01  5.68777957e-01  1.53e-09 3.18e-09  2.80e-12   376s
  99   5.68712594e-01  5.68778580e-01  1.16e-09 3.15e-09  1.47e-12   379s

Barrier solved model in 99 iterations and 378.65 seconds (416.87 work units)
Optimal objective 5.68717866e-01

