
Gurobi 13.0.2 (win64) logging started Wed Oct  7 18:09:37 2026

Set parameter LogFile to value "C:\v42_m1_root_gap_attribution_20261007\docs\v42_m1_root_gap_attribution_20261007\SELECTIVE_charge_mode.log"
Gurobi Optimizer version 13.0.2 build v13.0.2rc1 (win64 - Windows 11+.0 (26200.2))

CPU model: 13th Gen Intel(R) Core(TM) i7-13620H, instruction set [SSE2|AVX|AVX2]
Thread count: 10 physical cores, 16 logical processors, using up to 1 threads

Non-default parameters:
TimeLimit  300
FeasibilityTol  1e-08
IntFeasTol  1e-08
MIPGap  0.005
OptimalityTol  1e-08
Method  2
Crossover  2
DegenMoves  0
MIPFocus  3
NodeMethod  1
LogToConsole  0
PreCrush  1
Seed  20260929
Threads  1

Optimize a model with 582808 rows, 306040 columns and 5351612 nonzeros (Min)
Model fingerprint: 0xf5baa052
Model has 1 linear objective coefficients
Variable types: 305656 continuous, 384 integer (384 binary)
Coefficient statistics:
  Matrix range     [1e-13, 4e+02]
  Objective range  [1e+00, 1e+00]
  Bounds range     [3e-08, 2e+03]
  RHS range        [2e-24, 2e+03]
Warning: Model contains large matrix coefficient range
         Consider reformulating model or setting NumericFocus parameter
         to avoid numerical issues.

Loaded user MIP start with objective 0.669416

Presolve removed 174948 rows and 26983 columns (presolve time = 5s)...
Presolve removed 174952 rows and 26987 columns
Presolve time: 8.67s
Presolved: 407856 rows, 279053 columns, 4684464 nonzeros
Variable types: 278669 continuous, 384 integer (384 binary)
Root relaxation presolve removed 16397 rows and 895 columns (presolve time = 5s)...
Root relaxation presolve removed 16414 rows and 895 columns (presolve time = 10s)...
Root relaxation presolve removed 36603 rows and 895 columns
Root relaxation presolved: 371253 rows, 298347 columns, 4239587 nonzeros

Root barrier log...

Ordering time: 5.16s

Barrier statistics:
 Dense cols : 335
 AA' NZ     : 3.614e+07
 Factor NZ  : 5.253e+07 (roughly 700 MB of memory)
 Factor Ops : 2.679e+10 (roughly 1 second per iteration)
 Threads    : 1

                  Objective                Residual
Iter       Primal          Dual         Primal    Dual     Compl     Time
   0   1.52072635e+02 -4.24547925e+05  3.50e+04 1.09e-07  1.02e+01    32s
   1   1.52479166e+02 -2.59285604e+05  1.75e+04 3.23e-03  3.17e+00    33s
   2   1.01739399e+01 -1.67268919e+05  1.10e+03 8.92e-15  3.55e-01    35s
   3   1.47074582e+00 -1.21367969e+04  9.28e+01 1.50e-09  2.53e-02    36s
   4   9.45580350e-01 -3.43326793e+03  3.21e+01 7.24e-15  7.66e-03    38s
   5   7.87543969e-01 -1.92793873e+03  1.38e+01 5.55e-15  3.77e-03    40s
   6   6.98827878e-01 -7.11030492e+02  3.59e+00 2.04e-11  1.36e-03    42s
   7   6.73002119e-01 -1.20273630e+02  5.95e-01 2.26e-15  2.36e-04    44s
   8   6.68573566e-01 -4.29753176e+01  5.38e-02 2.55e-15  5.53e-05    45s
   9   6.67910064e-01 -5.29441378e+00  4.97e-04 2.58e-15  6.67e-06    48s
  10   6.62812555e-01 -1.93375183e+00  1.82e-05 1.11e-15  2.90e-06    50s
  11   6.40282415e-01 -8.12869861e-01  1.48e-05 6.10e-16  1.62e-06    52s
  12   6.24432456e-01 -1.54436174e-01  1.03e-05 3.56e-16  8.70e-07    54s
  13   6.15083145e-01  1.76183626e-03  8.02e-06 2.69e-16  6.85e-07    55s
  14   6.06918183e-01  2.35356612e-01  4.63e-06 1.59e-16  4.15e-07    58s
  15   5.99427863e-01  3.35836069e-01  3.00e-06 1.17e-16  2.94e-07    59s
  16   5.95991215e-01  3.67757285e-01  2.50e-06 1.11e-16  2.55e-07    61s
  17   5.89376317e-01  4.26649805e-01  1.74e-06 1.55e-16  1.82e-07    63s
  18   5.85196010e-01  4.48802015e-01  1.27e-06 3.68e-12  1.52e-07    65s
  19   5.81718778e-01  4.83368709e-01  9.14e-07 6.30e-12  1.10e-07    67s
  20   5.78839554e-01  4.95173942e-01  6.75e-07 6.31e-12  9.34e-08    68s
  21   5.75618711e-01  5.32228131e-01  4.20e-07 1.73e-11  4.84e-08    70s
  22   5.72884973e-01  5.46868132e-01  2.30e-07 1.13e-11  2.90e-08    73s
  23   5.71575261e-01  5.55881154e-01  1.53e-07 5.81e-12  1.75e-08    74s
  24   5.70956570e-01  5.58686199e-01  1.19e-07 5.53e-12  1.37e-08    76s
  25   5.70466507e-01  5.61124799e-01  9.26e-08 5.23e-12  1.04e-08    78s
  26   5.70052255e-01  5.63209805e-01  7.29e-08 3.75e-12  7.64e-09    80s
  27   5.69688955e-01  5.64014195e-01  5.35e-08 4.12e-12  6.34e-09    82s
  28   5.69606774e-01  5.64984857e-01  4.75e-08 5.34e-12  5.16e-09    85s
  29   5.69406615e-01  5.66202044e-01  3.69e-08 3.60e-12  3.58e-09    88s
  30   5.69255093e-01  5.67007434e-01  2.88e-08 2.06e-12  2.51e-09    90s
  31   5.69079733e-01  5.67817075e-01  2.00e-08 1.06e-12  1.41e-09    93s
  32   5.68997151e-01  5.68025718e-01  1.54e-08 8.07e-13  1.08e-09    95s
  33   5.68930322e-01  5.68173827e-01  1.22e-08 6.27e-13  8.45e-10    98s
  34   5.68905759e-01  5.68248852e-01  1.07e-08 5.39e-13  7.33e-10   100s
  35   5.68859437e-01  5.68314532e-01  8.56e-09 4.62e-13  6.08e-10   102s
  36   5.68799421e-01  5.68487775e-01  4.91e-09 2.55e-13  3.48e-10   105s
  37   5.68781366e-01  5.68552205e-01  3.90e-09 2.47e-13  2.56e-10   107s
  38   5.68760990e-01  5.68599549e-01  2.83e-09 6.63e-13  1.80e-10   109s
  39   5.68736286e-01  5.68663650e-01  1.39e-09 2.16e-12  8.11e-11   112s
  40   5.68728371e-01  5.68685217e-01  9.29e-10 2.19e-12  4.82e-11   114s
  41   5.68723063e-01  5.68704652e-01  6.90e-10 6.78e-13  2.05e-11   116s
  42   5.68718582e-01  5.68705774e-01  4.08e-10 5.68e-13  1.43e-11   118s
  43   5.68717667e-01  5.68707037e-01  3.65e-10 4.46e-13  1.19e-11   120s
  44   5.68715723e-01  5.68709220e-01  2.50e-10 2.72e-13  7.25e-12   123s
  45   5.68712971e-01  5.68711458e-01  1.80e-09 1.12e-13  1.69e-12   124s
  46   5.68712122e-01  5.68711517e-01  7.49e-10 3.60e-13  6.76e-13   126s
  47   5.68711641e-01  5.68711588e-01  1.91e-10 3.47e-13  5.78e-14   127s
  48   5.68711619e-01  5.68711596e-01  3.54e-10 2.23e-13  2.42e-14   129s
  49   5.68711611e-01  5.68711610e-01  7.16e-10 7.84e-14  9.36e-16   130s

Barrier solved model in 49 iterations and 130.07 seconds (276.53 work units)
Optimal objective 5.68711611e-01


Root crossover log...

   27098 DPushes remaining with DInf 0.0000000e+00               131s
       0 DPushes remaining with DInf 0.0000000e+00               132s

  154410 PPushes remaining with PInf 8.9927258e-04               132s
  122584 PPushes remaining with PInf 3.2504905e-04               135s
   15821 PPushes remaining with PInf 4.2105146e-04               142s
   11340 PPushes remaining with PInf 4.2105175e-04               146s
    4183 PPushes remaining with PInf 3.0881737e-04               151s
    2202 PPushes remaining with PInf 3.0881716e-04               156s
     902 PPushes remaining with PInf 3.0881688e-04               161s
       0 PPushes remaining with PInf 0.0000000e+00               166s

  Push phase complete: Pinf 0.0000000e+00, Dinf 2.4142308e-02    166s


Root simplex log...

Iteration    Objective       Primal Inf.    Dual Inf.      Time
  168604    5.6871161e-01   0.000000e+00   0.000000e+00    166s
  169016    5.6871161e-01   0.000000e+00   0.000000e+00    169s
Crossover time: 38.67 seconds (72.73 work units)
  169016    5.6871161e-01   0.000000e+00   0.000000e+00    169s

Root relaxation: objective 5.687116e-01, 169016 iterations, 159.92 seconds (331.35 work units)

    Nodes    |    Current Node    |     Objective Bounds      |     Work
 Expl Unexpl |  Obj  Depth IntInf | Incumbent    BestBd   Gap | It/Node Time

     0     0    0.56871    0  168    0.66942    0.56871  15.0%     -  169s
     0     0    0.56871    0   60    0.66942    0.56871  15.0%     -  292s

Cutting planes:
  MIR: 118
  Flow cover: 50
  BQP: 519

Explored 1 nodes (175073 simplex iterations) in 300.20 seconds (796.10 work units)
Thread count was 1 (of 16 available processors)

Solution count 1: 0.669416 

Time limit reached
Best objective 6.694159238757e-01, best bound 5.687116105150e-01, gap 15.0436%
