
Gurobi 13.0.2 (win64) logging started Wed Oct  7 18:04:35 2026

Set parameter LogFile to value "C:\v42_m1_root_gap_attribution_20261007\docs\v42_m1_root_gap_attribution_20261007\SELECTIVE_node_activity.log"
Gurobi Optimizer version 13.0.2 build v13.0.2rc1 (win64 - Windows 11+.0 (26200.2))

CPU model: 13th Gen Intel(R) Core(TM) i7-13620H, instruction set [SSE2|AVX|AVX2]
Thread count: 10 physical cores, 16 logical processors, using up to 1 threads

Non-default parameters:
TimeLimit  300
FeasibilityTol  1e-08
IntFeasTol  1e-08
MIPGap  0.005
OptimalityTol  1e-08
Method  2
Crossover  2
DegenMoves  0
MIPFocus  3
NodeMethod  1
LogToConsole  0
PreCrush  1
Seed  20260929
Threads  1

Optimize a model with 582808 rows, 306040 columns and 5351612 nonzeros (Min)
Model fingerprint: 0x275e188d
Model has 1 linear objective coefficients
Variable types: 297102 continuous, 8938 integer (8938 binary)
Coefficient statistics:
  Matrix range     [1e-13, 4e+02]
  Objective range  [1e+00, 1e+00]
  Bounds range     [3e-08, 2e+03]
  RHS range        [2e-24, 2e+03]
Warning: Model contains large matrix coefficient range
         Consider reformulating model or setting NumericFocus parameter
         to avoid numerical issues.

Loaded user MIP start with objective 0.669416

Presolve removed 174969 rows and 18344 columns (presolve time = 5s)...
Presolve removed 174973 rows and 18348 columns (presolve time = 10s)...
Presolve removed 174973 rows and 18348 columns
Presolve time: 11.23s
Presolved: 407835 rows, 287692 columns, 4511732 nonzeros
Variable types: 278750 continuous, 8942 integer (8942 binary)
Root relaxation presolve removed 16300 rows and 1065 columns (presolve time = 5s)...
Root relaxation presolve removed 16317 rows and 1065 columns (presolve time = 10s)...
Root relaxation presolve removed 36466 rows and 1065 columns
Root relaxation presolved: 371369 rows, 306776 columns, 4067176 nonzeros

Root barrier log...

Ordering time: 5.03s

Barrier statistics:
 Dense cols : 394
 AA' NZ     : 3.527e+07
 Factor NZ  : 5.307e+07 (roughly 700 MB of memory)
 Factor Ops : 2.785e+10 (roughly 1 second per iteration)
 Threads    : 1

                  Objective                Residual
Iter       Primal          Dual         Primal    Dual     Compl     Time
   0   1.51663438e+02 -4.71861274e+05  4.00e+04 1.76e-05  1.55e+01    34s
   1   1.52185732e+02 -4.73369053e+05  2.01e+04 7.80e-03  6.76e+00    35s
   2   3.74762050e+00 -3.53680053e+05  1.38e+04 7.54e-15  4.44e+00    37s
   3   1.59330512e+00 -1.90502045e+05  1.46e+03 6.83e-15  5.94e-01    38s
   4   9.54504746e-01 -4.82260162e+04  5.71e+01 7.98e-15  6.57e-02    40s
   5   7.25575701e-01 -1.76053371e+04  2.14e+01 1.11e-11  2.32e-02    42s
   6   6.60773304e-01 -9.82142623e+03  1.03e+01 8.16e-15  1.31e-02    44s
   7   6.35749195e-01 -6.78967614e+03  5.88e+00 9.97e-15  9.17e-03    45s
   8   6.22727355e-01 -5.02179210e+03  3.77e+00 9.47e-15  6.73e-03    47s
   9   6.15649629e-01 -3.52703749e+03  2.58e+00 9.87e-15  4.98e-03    50s
  10   6.11611733e-01 -1.43899548e+03  1.38e+00 4.86e-12  2.37e-03    52s
  11   6.23575271e-01 -1.35259262e+02  2.15e-01 8.60e-13  2.72e-04    54s
  12   6.30722776e-01 -6.65979488e+01  5.39e-02 9.40e-13  9.30e-05    56s
  13   6.36275735e-01 -1.14997406e+01  1.29e-04 1.17e-13  1.34e-05    59s
  14   6.23304269e-01 -1.41681709e+00  5.07e-05 4.09e-14  2.26e-06    61s
  15   6.09760006e-01 -1.90914275e-01  3.32e-05 1.17e-14  8.86e-07    63s
  16   6.04986087e-01  1.08282717e-01  2.29e-05 1.70e-14  5.49e-07    65s
  17   6.01835916e-01  3.01553785e-01  1.76e-05 8.13e-14  3.32e-07    66s
  18   5.95106586e-01  4.33128905e-01  1.30e-05 1.46e-11  1.79e-07    68s
  19   5.92039946e-01  4.77410192e-01  1.17e-05 9.11e-11  1.27e-07    70s
  20   5.87167519e-01  4.97424575e-01  9.18e-06 1.56e-10  9.93e-08    72s
  21   5.86629185e-01  5.05497978e-01  8.88e-06 1.40e-10  8.97e-08    73s
  22   5.84937983e-01  5.14798564e-01  8.02e-06 1.24e-10  7.76e-08    75s
  23   5.79558516e-01  5.38152030e-01  5.46e-06 7.97e-11  4.58e-08    76s
  24   5.76961773e-01  5.48406591e-01  4.13e-06 6.63e-11  3.16e-08    78s
  25   5.75172137e-01  5.54570362e-01  3.17e-06 5.01e-11  2.28e-08    80s
  26   5.72428960e-01  5.61007415e-01  1.85e-06 3.05e-11  1.26e-08    81s
  27   5.71355875e-01  5.62832098e-01  1.32e-06 2.63e-11  9.43e-09    84s
  28   5.70908941e-01  5.64251347e-01  1.10e-06 2.44e-11  7.36e-09    85s
  29   5.70403619e-01  5.65083967e-01  8.60e-07 2.22e-11  5.88e-09    87s
  30   5.70148300e-01  5.65774761e-01  7.30e-07 1.93e-11  4.84e-09    88s
  31   5.69819190e-01  5.66346005e-01  5.83e-07 1.65e-11  3.84e-09    90s
  32   5.69646388e-01  5.67043500e-01  5.18e-07 1.26e-11  2.88e-09    92s
  33   5.69486927e-01  5.67288923e-01  4.41e-07 1.13e-11  2.43e-09    94s
  34   5.69416011e-01  5.67508600e-01  4.06e-07 1.15e-11  2.11e-09    96s
  35   5.69279247e-01  5.67755921e-01  3.35e-07 1.64e-11  1.69e-09    98s
  36   5.69127418e-01  5.67878399e-01  2.63e-07 1.56e-11  1.38e-09   100s
  37   5.69020943e-01  5.68091943e-01  2.12e-07 1.24e-11  1.03e-09   102s
  38   5.68928582e-01  5.68322558e-01  1.50e-07 9.13e-12  6.70e-10   104s
  39   5.68883988e-01  5.68434346e-01  1.20e-07 6.13e-12  4.97e-10   106s
  40   5.68838532e-01  5.68494235e-01  8.85e-08 4.36e-12  3.81e-10   108s
  41   5.68801602e-01  5.68570423e-01  6.30e-08 2.84e-12  2.56e-10   110s
  42   5.68762931e-01  5.68641980e-01  3.74e-08 1.95e-12  1.34e-10   112s
  43   5.68741528e-01  5.68680528e-01  2.37e-08 2.60e-12  6.75e-11   115s
  44   5.68729007e-01  5.68692775e-01  1.42e-08 1.78e-12  4.01e-11   117s
  45   5.68726548e-01  5.68696819e-01  1.22e-08 1.49e-12  3.29e-11   119s
  46   5.68721603e-01  5.68700314e-01  8.54e-09 1.18e-12  2.36e-11   121s
  47   5.68716838e-01  5.68704581e-01  4.65e-09 8.21e-13  1.36e-11   125s
  48   5.68713034e-01  5.68710884e-01  1.22e-09 2.56e-13  2.38e-12   127s
  49   5.68712164e-01  5.68711496e-01  1.08e-09 5.64e-14  7.39e-13   130s
  50   5.68711897e-01  5.68711528e-01  5.43e-10 5.45e-14  4.09e-13   132s
  51   5.68711620e-01  5.68711602e-01  5.82e-11 4.82e-14  2.03e-14   133s
  52   5.68711610e-01  5.68711610e-01  2.43e-09 3.25e-13  1.64e-16   135s

Barrier solved model in 52 iterations and 134.89 seconds (290.37 work units)
Optimal objective 5.68711610e-01


Root crossover log...

   27596 DPushes remaining with DInf 7.8700282e-07               135s
       0 DPushes remaining with DInf 0.0000000e+00               137s

  153401 PPushes remaining with PInf 1.0800209e-04               137s
  113312 PPushes remaining with PInf 8.1645121e-05               140s
   15864 PPushes remaining with PInf 8.0694104e-05               147s
   13106 PPushes remaining with PInf 8.0694131e-05               151s
    8636 PPushes remaining with PInf 8.0694068e-05               155s
    3956 PPushes remaining with PInf 8.0139526e-05               160s
    2346 PPushes remaining with PInf 8.0139350e-05               166s
    1055 PPushes remaining with PInf 8.0139527e-05               171s
      84 PPushes remaining with PInf 3.2809470e-05               175s
       0 PPushes remaining with PInf 0.0000000e+00               176s

  Push phase complete: Pinf 0.0000000e+00, Dinf 1.4021106e-04    176s


Root simplex log...

Iteration    Objective       Primal Inf.    Dual Inf.      Time
  166678    5.6871161e-01   0.000000e+00   0.000000e+00    176s
  166733    5.6871161e-01   0.000000e+00   0.000000e+00    176s
Crossover time: 41.47 seconds (72.38 work units)
  166733    5.6871161e-01   0.000000e+00   0.000000e+00    177s

Root relaxation: objective 5.687116e-01, 166733 iterations, 164.98 seconds (338.10 work units)

    Nodes    |    Current Node    |     Objective Bounds      |     Work
 Expl Unexpl |  Obj  Depth IntInf | Incumbent    BestBd   Gap | It/Node Time

     0     0    0.56871    0 6606    0.66942    0.56871  15.0%     -  177s
     0     0          -    0         0.66942    0.56871  15.0%     -  300s

Cutting planes:
  MIR: 61
  Flow cover: 676
  RLT: 3
  BQP: 1

Explored 1 nodes (168374 simplex iterations) in 300.12 seconds (591.22 work units)
Thread count was 1 (of 16 available processors)

Solution count 2: 0.669416 0.669416 

Time limit reached
Best objective 6.694159238757e-01, best bound 5.687116103498e-01, gap 15.0436%
