
Gurobi 13.0.2 (win64) logging started Thu Oct  8 08:53:24 2026

Set parameter LogFile to value "C:\v42_m1_exact_solver_redesign_20261008\docs\v42_m_practical_exact_solver_overnight_20261008\external_production\external_nodes\0043\LP.log"
Gurobi Optimizer version 13.0.2 build v13.0.2rc1 (win64 - Windows 11+.0 (26200.2))

CPU model: 13th Gen Intel(R) Core(TM) i7-13620H, instruction set [SSE2|AVX|AVX2]
Thread count: 10 physical cores, 16 logical processors, using up to 1 threads

Non-default parameters:
TimeLimit  900
FeasibilityTol  1e-08
IntFeasTol  1e-08
MIPGap  0.005
OptimalityTol  1e-08
Method  2
LPWarmStart  0
Crossover  0
DegenMoves  0
MIPFocus  3
NodeMethod  1
LogToConsole  0
Seed  20260929
Threads  1

Optimize a model with 582808 rows, 306040 columns and 5351612 nonzeros (Min)
Model fingerprint: 0x4b4d3784
Model has 1 linear objective coefficients
Coefficient statistics:
  Matrix range     [1e-13, 4e+02]
  Objective range  [1e+00, 1e+00]
  Bounds range     [3e-08, 2e+03]
  RHS range        [2e-24, 2e+03]
Warning: Model contains large matrix coefficient range
         Consider reformulating model or setting NumericFocus parameter
         to avoid numerical issues.

Presolve removed 175702 rows and 27328 columns
Presolve time: 2.02s
Presolved: 407106 rows, 299007 columns, 4428618 nonzeros
Elapsed ordering time = 5s
Ordering time: 5.38s

Barrier statistics:
 Dense cols : 961
 AA' NZ     : 3.786e+07
 Factor NZ  : 5.726e+07 (roughly 700 MB of memory)
 Factor Ops : 3.138e+10 (roughly 1 second per iteration)
 Threads    : 1

                  Objective                Residual
Iter       Primal          Dual         Primal    Dual     Compl     Time
   0   1.27525737e+03 -5.00179811e+05  6.52e+07 7.87e-07  1.02e+04    13s
   1   1.70157991e+03 -3.67335120e+05  4.36e+07 6.07e-03  4.39e+03    14s
   2   4.60706194e+02 -2.61939123e+05  1.80e+07 4.92e-04  5.58e+03    16s
   3   3.63303509e+01 -1.04228877e+05  1.39e+06 6.72e-15  4.40e+02    17s
   4   8.17176214e-01 -5.80264579e+04  4.43e+03 9.82e-11  9.27e+00    19s
   5   7.49502518e-01 -9.57223800e+03  1.68e+03 9.09e-12  1.51e+00    21s
   6   7.21201661e-01 -6.36999797e+02  2.77e+02 2.24e-14  1.09e-01    23s
   7   7.24769140e-01 -2.56843362e+02  8.82e+01 2.85e-14  4.29e-02    25s
   8   7.28425227e-01 -8.75557051e+01  3.31e+01 2.80e-14  1.55e-02    28s
   9   7.35041258e-01 -2.86778181e+01  7.87e+00 2.30e-10  4.87e-03    30s
  10   7.15470442e-01 -3.07338384e+00  2.41e-01 1.08e-08  5.40e-04    32s
  11   6.77442654e-01 -1.34180549e+00  1.77e-01 5.81e-09  2.85e-04    34s
  12   6.30512166e-01 -6.03020756e-01  1.18e-01 1.29e-08  1.72e-04    36s
  13   6.24648165e-01 -2.12950353e-03  8.88e-02 2.63e-08  8.58e-05    38s
  14   6.10206210e-01  2.25419903e-01  5.58e-02 3.08e-08  5.20e-05    40s
  15   6.01847501e-01  2.96244479e-01  4.20e-02 3.07e-08  4.11e-05    42s
  16   5.88111980e-01  4.35584516e-01  1.84e-02 3.10e-08  2.01e-05    45s
  17   5.78456238e-01  4.92900619e-01  7.94e-03 2.57e-08  1.10e-05    47s
  18   5.76315337e-01  5.18578206e-01  6.32e-03 2.57e-08  7.30e-06    49s
  19   5.74602009e-01  5.34197207e-01  5.02e-03 2.13e-08  5.00e-06    51s
  20   5.71894763e-01  5.51574610e-01  3.04e-03 1.13e-08  2.38e-06    54s
  21   5.70743028e-01  5.59204619e-01  1.93e-03 1.01e-08  1.33e-06    56s
  22   5.70036530e-01  5.61901626e-01  1.27e-03 9.04e-09  9.42e-07    59s
  23   5.69589093e-01  5.65199418e-01  8.13e-04 7.62e-09  5.27e-07    61s
  24   5.69357582e-01  5.66397444e-01  5.78e-04 6.59e-09  3.69e-07    63s
  25   5.69217814e-01  5.67262431e-01  4.52e-04 5.80e-09  2.58e-07    65s
  26   5.69135237e-01  5.67615409e-01  3.68e-04 6.13e-09  2.10e-07    67s
  27   5.68989465e-01  5.68058600e-01  2.21e-04 6.28e-09  1.43e-07    69s
  28   5.68897388e-01  5.68371866e-01  1.36e-04 6.33e-09  9.60e-08    71s
  29   5.68873111e-01  5.68604813e-01  1.14e-04 6.12e-09  6.60e-08    73s
  30   5.68832727e-01  5.68753974e-01  7.69e-05 5.87e-09  4.28e-08    74s
  31   5.68825982e-01  5.68772962e-01  7.15e-05 5.80e-09  3.96e-08    76s
  32   5.68811970e-01  5.68792220e-01  5.94e-05 5.71e-09  3.54e-08    77s
  33   5.68806580e-01  5.68806200e-01  5.47e-05 5.64e-09  3.28e-08    79s
  34   5.68796157e-01  5.68853401e-01  4.64e-05 5.35e-09  2.46e-08    80s
  35   5.68790166e-01  5.68881799e-01  4.18e-05 5.15e-09  1.91e-08    82s
  36   5.68775688e-01  5.68901141e-01  3.04e-05 4.95e-09  1.47e-08    84s
  37   5.68768348e-01  5.68912588e-01  2.51e-05 4.88e-09  1.00e-08    85s
  38   5.68765894e-01  5.68904586e-01  2.25e-05 4.50e-09  8.33e-09    87s
  39   5.68759519e-01  5.68899319e-01  1.71e-05 4.30e-09  7.12e-09    89s
  40   5.68755822e-01  5.68901169e-01  1.40e-05 4.43e-09  5.29e-09    91s
  41   5.68753321e-01  5.68894411e-01  1.20e-05 4.47e-09  4.29e-09    93s
  42   5.68745215e-01  5.68881105e-01  5.03e-06 4.48e-09  2.35e-09    95s
  43   5.68744000e-01  5.68876181e-01  4.20e-06 4.49e-09  1.90e-09    97s
  44   5.68742538e-01  5.68868984e-01  3.18e-06 4.54e-09  1.55e-09    99s
  45   5.68740117e-01  5.68860965e-01  1.79e-06 4.59e-09  8.94e-10   101s
  46   5.68739533e-01  5.68854469e-01  1.56e-06 4.52e-09  6.03e-10   103s
  47   5.68738928e-01  5.68841114e-01  1.29e-06 3.93e-09  3.58e-10   105s
  48   5.68738235e-01  5.68837023e-01  1.02e-06 3.63e-09  2.34e-10   107s
  49   5.68737859e-01  5.68830918e-01  8.91e-07 3.69e-09  1.54e-10   108s
  50   5.68736193e-01  5.68826953e-01  3.52e-07 3.70e-09  6.67e-11   110s
  51   5.68735600e-01  5.68823836e-01  2.63e-07 3.70e-09  4.10e-11   112s
  52   5.68735123e-01  5.68822909e-01  2.07e-07 3.65e-09  3.06e-11   113s
  53   5.68734926e-01  5.68822665e-01  1.89e-07 3.64e-09  2.70e-11   115s
  54   5.68734810e-01  5.68820530e-01  1.77e-07 3.32e-09  2.37e-11   118s
  55   5.68734196e-01  5.68816912e-01  1.08e-07 2.01e-09  1.49e-11   120s
  56   5.68734081e-01  5.68814010e-01  8.83e-08 1.85e-09  1.96e-11   123s
  57   5.68733769e-01  5.68813135e-01  6.94e-08 2.29e-09  1.57e-11   125s
  58   5.68733628e-01  5.68812821e-01  6.28e-08 2.49e-09  1.45e-11   127s
  59   5.68733498e-01  5.68812517e-01  5.72e-08 2.68e-09  1.29e-11   129s
  60   5.68733135e-01  5.68811924e-01  4.29e-08 3.06e-09  9.44e-12   131s
  61   5.68733090e-01  5.68811717e-01  4.15e-08 3.13e-09  9.09e-12   133s
  62   5.68733054e-01  5.68811685e-01  4.05e-08 3.14e-09  8.85e-12   134s
  63   5.68732411e-01  5.68810979e-01  4.09e-08 3.32e-09  4.62e-12   137s
  64   5.68732332e-01  5.68810119e-01  3.85e-08 3.39e-09  4.38e-12   139s
  65   5.68732121e-01  5.68810045e-01  2.65e-08 3.40e-09  3.64e-12   142s
  66   5.68731955e-01  5.68809844e-01  2.57e-08 3.41e-09  3.41e-12   144s
  67   5.68731935e-01  5.68809672e-01  2.53e-08 3.43e-09  3.36e-12   146s
  68   5.68731559e-01  5.68808960e-01  4.03e-08 3.47e-09  2.85e-12   148s
  69   5.68731300e-01  5.68808531e-01  3.46e-08 3.50e-09  2.59e-12   150s
  70   5.68731249e-01  5.68807993e-01  3.40e-08 3.54e-09  2.51e-12   152s
  71   5.68731149e-01  5.68807832e-01  3.31e-08 3.55e-09  2.40e-12   154s
  72   5.68731146e-01  5.68806944e-01  3.30e-08 3.61e-09  2.39e-12   156s
  73   5.68731013e-01  5.68806807e-01  3.12e-08 3.62e-09  2.25e-12   158s
  74   5.68730976e-01  5.68806635e-01  3.07e-08 3.63e-09  2.26e-12   160s
  75   5.68730853e-01  5.68805737e-01  2.96e-08 3.68e-09  2.14e-12   162s
  76   5.68730771e-01  5.68805427e-01  2.75e-08 3.70e-09  1.99e-12   164s
  77   5.68730705e-01  5.68804943e-01  2.67e-08 3.71e-09  1.94e-12   166s
  78   5.68730644e-01  5.68804149e-01  2.66e-08 3.74e-09  1.91e-12   168s
  79   5.68730521e-01  5.68802778e-01  2.37e-08 3.79e-09  1.72e-12   170s
  80   5.68730326e-01  5.68801982e-01  2.13e-08 3.82e-09  1.57e-12   172s
  81   5.68730065e-01  5.68801248e-01  2.98e-08 3.85e-09  1.38e-12   174s
  82   5.68730055e-01  5.68800849e-01  2.97e-08 3.86e-09  1.38e-12   176s
  83   5.68730040e-01  5.68800179e-01  2.95e-08 3.87e-09  1.37e-12   178s
  84   5.68729880e-01  5.68799330e-01  2.80e-08 3.87e-09  1.32e-12   180s
  85   5.68729785e-01  5.68798950e-01  2.72e-08 3.86e-09  1.28e-12   183s
  86   5.68729563e-01  5.68797427e-01  2.44e-08 3.84e-09  2.81e-12   185s
  87   5.68729455e-01  5.68797007e-01  2.31e-08 3.84e-09  2.55e-12   187s
  88   5.68729436e-01  5.68796648e-01  2.30e-08 3.83e-09  2.45e-12   190s
  89   5.68729379e-01  5.68796179e-01  1.46e-07 3.80e-09  2.58e-12   192s
  90   5.68729364e-01  5.68795153e-01  1.46e-07 3.74e-09  2.35e-12   194s
  91   5.68729263e-01  5.68790377e-01  1.61e-07 3.46e-09  1.97e-12   197s
  92   5.68729257e-01  5.68788996e-01  1.61e-07 3.38e-09  1.97e-12   199s
  93   5.68729232e-01  5.68788875e-01  1.57e-07 3.38e-09  2.02e-12   201s
  94   5.68729166e-01  5.68787499e-01  1.50e-07 3.28e-09  2.15e-12   203s
  95   5.68729103e-01  5.68786117e-01  1.43e-07 3.19e-09  1.93e-12   205s
  96   5.68729062e-01  5.68784942e-01  1.06e-07 3.10e-09  1.73e-12   207s
  97   5.68728977e-01  5.68783345e-01  9.89e-08 2.99e-09  1.57e-12   209s
  98   5.68728965e-01  5.68782673e-01  9.80e-08 2.94e-09  1.49e-12   211s
  99   5.68728909e-01  5.68782277e-01  9.38e-08 2.91e-09  1.46e-12   213s
 100   5.68728870e-01  5.68786109e-01  9.13e-08 3.25e-09  2.71e-12   216s
 101   5.68728870e-01  5.68786109e-01  9.13e-08 3.25e-09  2.71e-12   218s
 102   5.68728826e-01  5.68783975e-01  8.94e-08 3.08e-09  1.98e-12   220s
 103   5.68728749e-01  5.68782728e-01  8.61e-08 2.99e-09  1.50e-12   222s
 104   5.68728725e-01  5.68782318e-01  8.53e-08 2.96e-09  1.35e-12   224s
 105   5.68728656e-01  5.68781832e-01  8.15e-08 2.92e-09  1.23e-12   227s
 106   5.68728483e-01  5.68781437e-01  7.17e-08 2.90e-09  1.16e-12   229s
 107   5.68728446e-01  5.68780768e-01  6.85e-08 2.87e-09  9.52e-13   231s
 108   5.68728364e-01  5.68780421e-01  6.44e-08 2.85e-09  8.39e-13   233s
 109   5.68728340e-01  5.68780186e-01  6.34e-08 2.84e-09  7.54e-13   235s

Barrier solved model in 109 iterations and 234.87 seconds (442.26 work units)
Optimal objective 5.68728340e-01


User-callback calls 13804, time in user-callback 0.25 sec
Discarded solution information
Set parameter Method to value 2
Set parameter Crossover to value 0
Set parameter LPWarmStart to value 0
Set parameter NumericFocus to value 0
Set parameter DualReductions to value 1
Set parameter InfUnbdInfo to value 0
Set parameter TimeLimit to value 900
