
Gurobi 13.0.2 (win64) logging started Thu Oct  8 22:59:00 2026

Set parameter LogFile to value "D:\MobileESS_V42\runtime\v42_m1_fast_hybrid\hybrid_may01_20261008_5pct_pilot01\11_RMP_ONE_RESTRICTED_MASTER_NATIVE.log"
Gurobi Optimizer version 13.0.2 build v13.0.2rc1 (win64 - Windows 11+.0 (26200.2))

CPU model: 13th Gen Intel(R) Core(TM) i7-13620H, instruction set [SSE2|AVX|AVX2]
Thread count: 10 physical cores, 16 logical processors, using up to 1 threads

Non-default parameters:
TimeLimit  30
FeasibilityTol  1e-08
IntFeasTol  1e-08
MIPGap  0.005
OptimalityTol  1e-08
Method  1
Threads  1

Optimize a model with 439552 rows, 61784 columns and 4076173 nonzeros (Min)
Model fingerprint: 0xea890fe8
Model has 1 linear objective coefficients
Coefficient statistics:
  Matrix range     [1e-13, 4e+02]
  Objective range  [1e+00, 1e+00]
  Bounds range     [3e-08, 2e+03]
  RHS range        [2e-24, 2e+03]
Warning: Model contains large matrix coefficient range
         Consider reformulating model or setting NumericFocus parameter
         to avoid numerical issues.

Presolve removed 438708 rows and 61595 columns
Presolve time: 0.55s
Presolved: 844 rows, 189 columns, 4138 nonzeros

Iteration    Objective       Primal Inf.    Dual Inf.      Time
       0    5.9863552e-01   2.486499e+03   0.000000e+00      1s
      77    6.0631865e-01   0.000000e+00   0.000000e+00      1s

Solved in 77 iterations and 1.02 seconds (1.22 work units)
Optimal objective  6.063186498e-01

User-callback calls 227, time in user-callback 0.00 sec
