
Gurobi 13.0.2 (win64) logging started Thu Oct  8 18:38:09 2026

Set parameter LogFile to value "D:\v42_may12_p1_exact_rescue_20261008\docs\v42_may12_p1_exact_rescue_20261008\P1\INTEGER_CONTROL\NATIVE_SOLVER.log"
Set parameter TimeLimit to value 3.5345099980831146e+03
Gurobi Optimizer version 13.0.2 build v13.0.2rc1 (win64 - Windows 11+.0 (26200.2))

CPU model: 13th Gen Intel(R) Core(TM) i7-13620H, instruction set [SSE2|AVX|AVX2]
Thread count: 10 physical cores, 16 logical processors, using up to 1 threads

Non-default parameters:
TimeLimit  3.5345099980831146e+03
MIPGap  0.005
Method  2
MIPFocus  3
NodeMethod  1
LogToConsole  0
Seed  20260929
Threads  1

Optimize a model with 3184901 rows, 1141597 columns and 19561231 nonzeros (Min)
Model fingerprint: 0xc2d5b09a
Model has 1 linear objective coefficients
Variable types: 720978 continuous, 420619 integer (401382 binary)
Coefficient statistics:
  Matrix range     [1e-13, 8e+04]
  Objective range  [1e+00, 1e+00]
  Bounds range     [1e+00, 8e+04]
  RHS range        [5e-08, 1e+06]
Warning: Model contains large matrix coefficient range
         Consider reformulating model or setting NumericFocus parameter
         to avoid numerical issues.

Presolve removed 2525937 rows and 396060 columns (presolve time = 5s)...
Presolve removed 2713660 rows and 576785 columns
Presolve time: 6.03s
Presolved: 471241 rows, 564812 columns, 3977008 nonzeros
Variable types: 93904 continuous, 470908 integer (451806 binary)
Performing another presolve...
Presolve removed 29382 rows and 110944 columns (presolve time = 5s)...
Presolve removed 122625 rows and 137672 columns (presolve time = 10s)...
Presolve removed 147039 rows and 149067 columns (presolve time = 15s)...
Presolve removed 147857 rows and 152520 columns (presolve time = 20s)...
Presolve removed 148952 rows and 153589 columns (presolve time = 25s)...
Presolve removed 148952 rows and 153589 columns (presolve time = 30s)...
Presolve removed 148952 rows and 153589 columns (presolve time = 35s)...
Presolve removed 148952 rows and 153589 columns (presolve time = 40s)...
Presolve removed 148952 rows and 153589 columns (presolve time = 45s)...
Presolve removed 148952 rows and 153589 columns (presolve time = 50s)...
Presolve removed 148952 rows and 153589 columns (presolve time = 55s)...
Presolve removed 148952 rows and 153589 columns (presolve time = 60s)...
Presolve removed 148952 rows and 153589 columns (presolve time = 65s)...
Presolve removed 148952 rows and 153589 columns (presolve time = 70s)...
Presolve removed 148952 rows and 153589 columns (presolve time = 75s)...
Presolve removed 148952 rows and 153589 columns (presolve time = 80s)...
Presolve removed 148952 rows and 305980 columns (presolve time = 87s)...
Presolve removed 148952 rows and 305980 columns (presolve time = 90s)...
Presolve removed 148952 rows and 305980 columns (presolve time = 95s)...
Presolve removed 148952 rows and 305980 columns (presolve time = 100s)...
Presolve removed 391024 rows and 311398 columns
Presolve time: 104.87s
Performing another presolve...
Presolve removed 11598 rows and 14608 columns (presolve time = 5s)...
Presolve removed 11790 rows and 14608 columns (presolve time = 10s)...
Presolve removed 11954 rows and 14608 columns (presolve time = 15s)...
Presolve removed 11954 rows and 14608 columns (presolve time = 20s)...
Presolve removed 11954 rows and 14792 columns (presolve time = 25s)...
Presolve removed 11954 rows and 14888 columns
Presolve time: 25.32s
Root relaxation presolve removed 498 rows and 4 columns
Root relaxation presolved: 67765 rows, 238591 columns, 1013624 nonzeros

Root barrier log...

Ordering time: 0.06s

Barrier statistics:
 Dense cols : 1
 AA' NZ     : 2.027e+05
 Factor NZ  : 6.520e+05 (roughly 24 MB of memory)
 Factor Ops : 1.640e+08 (less than 1 second per iteration)
 Threads    : 1

                  Objective                Residual
Iter       Primal          Dual         Primal    Dual     Compl     Time
   0   4.45936921e+01 -5.89307259e+03  4.89e+04 3.99e-05  2.69e+00   143s
   1   4.14047602e+01 -4.79789927e+03  2.27e+04 1.03e-02  1.22e+00   143s
   2   7.32406051e+00 -3.44957268e+03  5.19e+03 4.78e-04  3.01e-01   143s
   3   3.02403223e+00 -1.73988426e+03  1.75e+03 3.47e-16  1.02e-01   143s
   4   1.57901638e+00 -7.49055637e+02  6.17e+02 3.40e-16  3.59e-02   143s
   5   1.03562338e+00 -3.27484074e+02  2.05e+02 1.15e-14  1.26e-02   143s
   6   8.51464721e-01 -1.78116752e+02  7.73e+01 6.66e-15  5.36e-03   143s
   7   8.02203938e-01 -9.96541664e+01  4.55e+01 4.15e-16  3.04e-03   143s
   8   7.66925874e-01 -5.60084587e+01  2.70e+01 2.61e-16  1.73e-03   143s
   9   7.15675100e-01 -2.72018761e+01  1.32e+01 2.04e-16  8.10e-04   143s
  10   6.76248476e-01 -9.96321919e+00  4.85e+00 2.68e-16  2.82e-04   143s
  11   6.76834614e-01 -2.93827629e+00  4.15e-01 1.65e-16  5.59e-05   143s
  12   6.74999130e-01  4.88410295e-01  4.90e-03 2.03e-16  2.44e-06   143s
  13   6.71035615e-01  5.01227121e-01  1.64e-03 6.47e-16  2.18e-06   143s
  14   6.70245790e-01  5.67030187e-01  1.50e-03 3.20e-16  1.34e-06   143s
  15   6.72550102e-01  6.09737491e-01  1.95e-04 3.90e-16  8.02e-07   143s
  16   6.68803999e-01  6.16280293e-01  1.48e-04 3.31e-16  6.70e-07   143s
  17   6.68809585e-01  6.23580760e-01  1.20e-04 3.93e-16  5.77e-07   144s
  18   6.68062221e-01  6.28342852e-01  1.05e-04 3.99e-16  5.07e-07   144s
  19   6.68156710e-01  6.31226023e-01  9.97e-05 3.84e-16  4.72e-07   144s
  20   6.66291209e-01  6.36488809e-01  6.79e-05 4.95e-16  3.81e-07   144s
  21   6.65744706e-01  6.38567611e-01  6.38e-05 5.37e-16  3.47e-07   144s
  22   6.65900752e-01  6.44214736e-01  4.97e-05 5.08e-16  2.77e-07   144s
  23   6.64935193e-01  6.50878904e-01  4.37e-05 7.19e-16  1.81e-07   144s
  24   6.63117441e-01  6.53804114e-01  3.30e-05 8.92e-16  1.20e-07   144s
  25   6.62572393e-01  6.54135662e-01  2.97e-05 1.13e-15  1.09e-07   144s
  26   6.61171327e-01  6.54663449e-01  2.25e-05 1.57e-15  8.40e-08   144s
  27   6.60707054e-01  6.54893959e-01  1.84e-05 1.68e-15  7.49e-08   144s
  28   6.60596694e-01  6.55424482e-01  1.73e-05 2.01e-15  6.67e-08   144s
  29   6.60974351e-01  6.56912871e-01  9.27e-06 1.12e-15  5.22e-08   144s
  30   6.60030941e-01  6.57615586e-01  4.83e-06 5.29e-16  3.11e-08   144s
  31   6.59514850e-01  6.57624398e-01  3.52e-06 9.94e-16  2.43e-08   144s
  32   6.59126327e-01  6.57804583e-01  2.47e-06 1.33e-15  1.70e-08   144s
  33   6.59057196e-01  6.57957001e-01  2.29e-06 2.98e-15  1.42e-08   144s
  34   6.58966630e-01  6.58260119e-01  2.03e-06 2.43e-15  9.24e-09   144s
  35   6.58904179e-01  6.58483388e-01  1.36e-07 3.37e-15  5.37e-09   144s
  36   6.58903628e-01  6.58581623e-01  1.28e-07 1.07e-15  4.11e-09   144s
  37   6.58896704e-01  6.58874817e-01  5.09e-08 6.42e-15  2.94e-10   144s
  38   6.58891505e-01  6.58875783e-01  2.18e-09 6.78e-15  2.01e-10   144s
  39   6.58890648e-01  6.58878197e-01  1.48e-09 5.42e-15  1.59e-10   144s
  40   6.58889814e-01  6.58884973e-01  1.32e-09 5.56e-15  6.18e-11   144s
  41   6.58889486e-01  6.58885608e-01  9.51e-10 6.39e-15  4.94e-11   144s
  42   6.58888888e-01  6.58885946e-01  7.05e-10 2.13e-14  3.75e-11   144s
  43   6.58888017e-01  6.58886799e-01  3.50e-10 2.99e-13  1.56e-11   144s
  44   6.58887770e-01  6.58886961e-01  2.30e-10 4.38e-13  1.03e-11   145s
  45   6.58887701e-01  6.58887115e-01  2.01e-10 6.36e-13  7.50e-12   145s
  46   6.58887736e-01  6.58887160e-01  1.89e-10 6.26e-13  7.37e-12   145s
  47   6.58887549e-01  6.58887158e-01  2.60e-10 6.77e-13  5.01e-12   145s
  48   6.58887589e-01  6.58887215e-01  2.68e-10 6.57e-13  4.80e-12   145s
  49   6.58887572e-01  6.58887328e-01  9.44e-10 6.16e-13  3.13e-12   145s
  50   6.58887545e-01  6.58887373e-01  1.45e-09 5.18e-13  2.20e-12   145s
  51   6.58887544e-01  6.58887425e-01  1.06e-09 3.83e-13  1.53e-12   145s
  52   6.58887542e-01  6.58887515e-01  1.58e-09 1.11e-13  3.49e-13   145s
  53   6.58887540e-01  6.58887539e-01  3.41e-10 2.41e-14  1.30e-14   145s
  54   6.58887540e-01  6.58887540e-01  2.76e-11 2.13e-14  1.30e-17   145s

Barrier solved model in 54 iterations and 144.88 seconds (135.94 work units)
Optimal objective 6.58887540e-01

  Building initial crossover basis                               145s

Root crossover log...

    5768 DPushes remaining with DInf 1.4290449e-04               147s
       0 DPushes remaining with DInf 9.6961202e-05               147s

     135 PPushes remaining with PInf 0.0000000e+00               147s
       0 PPushes remaining with PInf 0.0000000e+00               147s

  Push phase complete: Pinf 0.0000000e+00, Dinf 1.8299944e-06    147s


Root simplex log...

Iteration    Objective       Primal Inf.    Dual Inf.      Time
    2648    6.5888754e-01   0.000000e+00   1.829994e-06    147s
    2649    6.5888754e-01   0.000000e+00   0.000000e+00    147s
Crossover time: 0.02 seconds (0.02 work units)
    2649    6.5888754e-01   0.000000e+00   0.000000e+00    147s

Use crossover to convert LP symmetric solution to basic solution...

Root crossover log...

   41147 DPushes remaining with DInf 0.0000000e+00               147s
       0 DPushes remaining with DInf 0.0000000e+00               147s

     132 PPushes remaining with PInf 0.0000000e+00               147s
       0 PPushes remaining with PInf 0.0000000e+00               147s

  Push phase complete: Pinf 0.0000000e+00, Dinf 9.6138240e-20    147s


Root simplex log...

Iteration    Objective       Primal Inf.    Dual Inf.      Time
    2788    6.5888754e-01   0.000000e+00   0.000000e+00    147s
Crossover time: 0.07 seconds (0.07 work units)
    2788    6.5888754e-01   0.000000e+00   0.000000e+00    147s

Root relaxation: objective 6.588875e-01, 2788 iterations, 5.37 seconds (4.84 work units)
Total elapsed time = 149.07s (DegenMoves)

    Nodes    |    Current Node    |     Objective Bounds      |     Work
 Expl Unexpl |  Obj  Depth IntInf | Incumbent    BestBd   Gap | It/Node Time

     0     0    0.65889    0   58          -    0.65889      -     -  151s
H    0     0                       0.6592964    0.65889  0.06%     -  162s

Explored 1 nodes (13453 simplex iterations) in 173.30 seconds (142.95 work units)
Thread count was 1 (of 16 available processors)

Solution count 2: 0.659296 0.659296 

Solve interrupted
Best objective 6.592963546281e-01, best bound 6.588875397405e-01, gap 0.0620%

User-callback calls 3726, time in user-callback 20.60 sec
