
Gurobi 13.0.2 (win64) logging started Thu Oct  8 16:37:00 2026

Set parameter LogFile to value "D:\v42_may12_p1_exact_rescue_20261008\docs\v42_may12_p1_exact_rescue_20261008\P1\S0\PRICE\B\2e21725ddd2a\NATIVE_SOLVER.log"
Set parameter TimeLimit to value 60
Gurobi Optimizer version 13.0.2 build v13.0.2rc1 (win64 - Windows 11+.0 (26200.2))

CPU model: 13th Gen Intel(R) Core(TM) i7-13620H, instruction set [SSE2|AVX|AVX2]
Thread count: 10 physical cores, 16 logical processors, using up to 1 threads

Non-default parameters:
TimeLimit  60
MIPGap  0.005
Method  2
MIPFocus  3
NodeMethod  1
LogToConsole  0
Seed  20260929
Threads  1

Optimize a model with 13949 rows, 14069 columns and 61987 nonzeros (Min)
Model fingerprint: 0x4eeace60
Model has 1509 linear objective coefficients
Coefficient statistics:
  Matrix range     [1e+00, 8e+04]
  Objective range  [3e-21, 8e-05]
  Bounds range     [6e+01, 5e+06]
  RHS range        [6e+01, 5e+06]

Presolve removed 5603 rows and 3358 columns
Presolve time: 0.01s
Presolved: 8346 rows, 10711 columns, 44064 nonzeros

Ordering time: 0.01s

Barrier statistics:
 Dense cols : 25
 AA' NZ     : 5.282e+04
 Factor NZ  : 2.038e+05 (roughly 10 MB of memory)
 Factor Ops : 8.016e+06 (less than 1 second per iteration)
 Threads    : 1

                  Objective                Residual
Iter       Primal          Dual         Primal    Dual     Compl     Time
   0  -2.72021301e+00 -1.68833922e+02  1.52e+05 0.00e+00  2.36e+01     0s
   1  -1.68550423e+00 -9.26781103e+01  9.38e+04 2.09e-06  1.19e+01     0s
   2  -2.53689331e-01 -6.47322751e+01  1.37e+04 5.27e-07  2.62e+00     0s
   3  -6.54592367e-02 -1.97085258e+01  3.47e+03 5.66e-07  6.71e-01     0s
   4  -2.38474321e-02 -4.98220022e+00  1.22e+03 1.21e-06  1.90e-01     0s
   5  -2.97551277e-03 -1.59694281e+00  1.04e+02 1.38e-06  3.92e-02     0s
   6  -1.13730729e-03 -2.72956299e-01  5.21e+00 3.84e-07  5.68e-03     0s
   7  -1.11419990e-03 -6.19588703e-02  1.21e+00 8.16e-08  1.24e-03     0s
   8  -1.31319026e-03 -2.18590621e-02  4.74e-01 2.61e-08  4.17e-04     0s
   9  -2.15037577e-03 -1.75270065e-02  2.02e-01 1.97e-08  3.10e-04     0s
  10  -2.47674550e-03 -1.42602607e-02  1.55e-01 1.45e-08  2.38e-04     0s
  11  -2.65266503e-03 -1.37804204e-02  1.40e-01 1.33e-08  2.25e-04     0s
  12  -3.12924771e-03 -1.10407746e-02  9.90e-02 9.73e-09  1.60e-04     0s
  13  -3.97150605e-03 -6.30272732e-03  3.00e-02 2.60e-09  4.74e-05     0s
  14  -4.31132271e-03 -5.22590120e-03  1.25e-02 2.09e-09  1.86e-05     0s
  15  -4.50386153e-03 -4.92461839e-03  5.33e-03 1.03e-09  8.57e-06     0s
  16  -4.64808351e-03 -4.71901076e-03  6.28e-04 1.74e-10  1.44e-06     0s
  17  -4.66798580e-03 -4.67995000e-03  1.00e-04 1.58e-11  2.42e-07     0s
  18  -4.67187887e-03 -4.67236455e-03  3.09e-06 5.74e-12  9.82e-09     0s
  19  -4.67205183e-03 -4.67205185e-03  2.15e-10 5.72e-13  4.59e-13     0s

Barrier solved model in 19 iterations and 0.13 seconds (0.19 work units)
Optimal objective -4.67205183e-03

Crossover log...

    4279 DPushes remaining with DInf 0.0000000e+00                 0s
       0 DPushes remaining with DInf 0.0000000e+00                 0s

    1759 PPushes remaining with PInf 0.0000000e+00                 0s
       0 PPushes remaining with PInf 0.0000000e+00                 0s

  Push phase complete: Pinf 0.0000000e+00, Dinf 2.3190651e-14      0s

Crossover time: 0.05 seconds (0.04 work units)
Iteration    Objective       Primal Inf.    Dual Inf.      Time
    5337   -4.6720518e-03   0.000000e+00   0.000000e+00      0s

Solved in 5337 iterations and 0.19 seconds (0.23 work units)
Optimal objective -4.672051844e-03

User-callback calls 6305, time in user-callback 0.03 sec
