
Gurobi 13.0.2 (linux64) logging started Wed Sep 30 21:50:06 2026

Set parameter LogFile to value "/home/jaewon/mobileess_migration_evidence/GUROBI_GPU_SMOKE_EXISTING_CPU.log"
Gurobi Optimizer version 13.0.2 build v13.0.2rc1 (linux64 - "Ubuntu 24.04.4 LTS")

CPU model: 13th Gen Intel(R) Core(TM) i7-13620H, instruction set [SSE2|AVX|AVX2]
Thread count: 8 physical cores, 16 logical processors, using up to 1 threads

Non-default parameters:
TimeLimit  60
Method  6
PDHGGPU  1
Presolve  0
Seed  20260929
Threads  1

Academic license 2848159 - for non-commercial use only - registered to ha___@gmail.com
Optimize a model with 100 rows, 200 columns and 20000 nonzeros (Min)
Model fingerprint: 0x6ddf297d
Model has 200 linear objective coefficients
Coefficient statistics:
  Matrix range     [5e-02, 1e+00]
  Objective range  [5e-01, 2e+00]
  Bounds range     [1e+00, 1e+00]
  RHS range        [3e+00, 6e+00]


Not a GPU build - running on CPU instead
Start PDHG using 1 threads

                       Objective                Residual
     Iter       Primal          Dual         Primal    Dual     Compl    Time
        0   1.64979250e-05  0.00000000e+00  5.95e+00 0.00e+00  5.50e-08    0s
     7203   6.17831669e+00  6.17831746e+00  2.99e-05 1.10e-06  3.41e-08    0s

PDHG solved model in 7203 iterations and 0.07 seconds (0.90 work units)
Optimal objective 6.17831669e+00

Crossover log...

      16 DPushes remaining with DInf 0.0000000e+00                 0s
       0 DPushes remaining with DInf 0.0000000e+00                 0s

       3 PPushes remaining with PInf 0.0000000e+00                 0s
       0 PPushes remaining with PInf 0.0000000e+00                 0s

  Push phase complete: Pinf 0.0000000e+00, Dinf 1.3227267e-16      0s

Crossover time: 0.00 seconds (0.00 work units)
Iteration    Objective       Primal Inf.    Dual Inf.      Time
      22    6.1783168e+00   0.000000e+00   0.000000e+00      0s

Solved in 22 iterations and 0.07 seconds (0.90 work units)
Optimal objective  6.178316765e+00
