Set parameter WLSAccessID
Set parameter WLSSecret
Set parameter LicenseID to value 2848159
Academic license 2848159 - for non-commercial use only - registered to ha___@gmail.com
Set parameter Method to value 6
Set parameter PDHGGPU to value 0
Set parameter Presolve to value 0
Set parameter Threads to value 1
Set parameter Seed to value 20260929
Set parameter TimeLimit to value 60
Set parameter LogFile to value "/home/jaewon/mobileess_worktrees/root_lp_compression/docs/v42_ubuntu_gpu_migration/GUROBI_GPU_SMOKE_CPU.log"
Gurobi Optimizer version 13.0.2 build v13.0.2rc1 (linux64gpu[cuda12] - "Ubuntu 24.04.4 LTS")

CPU model: 13th Gen Intel(R) Core(TM) i7-13620H, instruction set [SSE2|AVX|AVX2]
Thread count: 8 physical cores, 16 logical processors, using up to 1 threads

GPU model: NVIDIA GeForce RTX 4060 Laptop GPU, CUDA compute version 8.9, NVIDIA driver compatible with CUDA version 13

Non-default parameters:
TimeLimit  60
Method  6
Presolve  0
Seed  20260929
Threads  1

Academic license 2848159 - for non-commercial use only - registered to ha___@gmail.com
Optimize a model with 100 rows, 200 columns and 20000 nonzeros (Min)
Model fingerprint: 0x6ddf297d
Model has 200 linear objective coefficients
Coefficient statistics:
  Matrix range     [5e-02, 1e+00]
  Objective range  [5e-01, 2e+00]
  Bounds range     [1e+00, 1e+00]
  RHS range        [3e+00, 6e+00]


Start PDHG using 1 threads

                       Objective                Residual
     Iter       Primal          Dual         Primal    Dual     Compl    Time
        0   1.64979250e-05  0.00000000e+00  5.95e+00 0.00e+00  5.50e-08    0s
     7203   6.17831669e+00  6.17831746e+00  2.99e-05 1.10e-06  3.41e-08    0s

PDHG solved model in 7203 iterations and 0.08 seconds (0.90 work units)
Optimal objective 6.17831669e+00

Crossover log...

      16 DPushes remaining with DInf 0.0000000e+00                 0s
       0 DPushes remaining with DInf 0.0000000e+00                 0s

       3 PPushes remaining with PInf 0.0000000e+00                 0s
       0 PPushes remaining with PInf 0.0000000e+00                 0s

  Push phase complete: Pinf 0.0000000e+00, Dinf 1.3227267e-16      0s

Crossover time: 0.00 seconds (0.00 work units)
Iteration    Objective       Primal Inf.    Dual Inf.      Time
      22    6.1783168e+00   0.000000e+00   0.000000e+00      0s

Solved in 22 iterations and 0.08 seconds (0.90 work units)
Optimal objective  6.178316765e+00
{"label": "CPU", "gpu_requested": 0, "status": 2, "objective": 6.178316765223549, "feasibility_max_violation": 1.7763568394002505e-15, "wall_seconds": 0.07763163800007078, "solver_runtime": 0.0773780345916748, "iterations": 22.0, "PDHG_iterations": 7203.0, "gurobipy": "13.0.2+cu129", "gurobi": [13, 0, 2], "GPU_model_log": true, "GPU_PDHG_log": false, "CPU_fallback": false, "settings": {"Method": 6, "PDHGGPU": 0, "Presolve": 0, "Threads": 1, "Seed": 20260929, "TimeLimit": 60}, "fingerprint": "0x6ddf297d"}
