Set parameter WLSAccessID
Set parameter WLSSecret
Set parameter LicenseID to value 2848159
Set parameter LogFile to value "gurobi.log"
Using license file /home/jaewon/gurobi.lic
Academic license 2848159 - for non-commercial use only - registered to ha___@gmail.com

Gurobi Optimizer version 13.0.2 build v13.0.2rc1 (linux64 - "Ubuntu 24.04.4 LTS")
Copyright (c) 2026, Gurobi Optimization, LLC

Read LP format model from file /home/jaewon/mobileess_tools/gurobi_cli/CPU_LICENSE_SMOKE.lp
Reading time = 0.00 seconds
obj: 1 rows, 1 columns, 1 nonzeros

Using Gurobi shared library /home/jaewon/mobileess_tools/gurobi_cli/gurobi1302/linux64/lib/libgurobi.so.13.0.2

CPU model: 13th Gen Intel(R) Core(TM) i7-13620H, instruction set [SSE2|AVX|AVX2]
Thread count: 8 physical cores, 16 logical processors, using up to 16 threads

Academic license 2848159 - for non-commercial use only - registered to ha___@gmail.com
Optimize a model with 1 rows, 1 columns and 1 nonzeros (Min)
Model fingerprint: 0xff124b19
Model has 1 linear objective coefficients
Coefficient statistics:
  Matrix range     [1e+00, 1e+00]
  Objective range  [1e+00, 1e+00]
  Bounds range     [0e+00, 0e+00]
  RHS range        [1e+00, 1e+00]

Presolve removed 1 rows and 1 columns
Presolve time: 0.00s
Presolve: All rows and columns removed
Iteration    Objective       Primal Inf.    Dual Inf.      Time
       0    1.0000000e+00   0.000000e+00   0.000000e+00      0s

Solved in 0 iterations and 0.00 seconds (0.00 work units)
Optimal objective  1.000000000e+00
