
Gurobi 13.0.2 (win64) logging started Thu Oct  8 06:48:44 2026

Set parameter LogFile to value "C:\v42_m1_exact_solver_redesign_20261008\docs\v42_m_practical_exact_solver_overnight_20261008\external_production\external_nodes\0014\LP.log"
Gurobi Optimizer version 13.0.2 build v13.0.2rc1 (win64 - Windows 11+.0 (26200.2))

CPU model: 13th Gen Intel(R) Core(TM) i7-13620H, instruction set [SSE2|AVX|AVX2]
Thread count: 10 physical cores, 16 logical processors, using up to 1 threads

Non-default parameters:
TimeLimit  900
FeasibilityTol  1e-08
IntFeasTol  1e-08
MIPGap  0.005
OptimalityTol  1e-08
Method  2
LPWarmStart  0
Crossover  0
DegenMoves  0
MIPFocus  3
NodeMethod  1
LogToConsole  0
Seed  20260929
Threads  1

Optimize a model with 582808 rows, 306040 columns and 5351612 nonzeros (Min)
Model fingerprint: 0x492057a3
Model has 1 linear objective coefficients
Coefficient statistics:
  Matrix range     [1e-13, 4e+02]
  Objective range  [1e+00, 1e+00]
  Bounds range     [3e-08, 2e+03]
  RHS range        [2e-24, 2e+03]
Warning: Model contains large matrix coefficient range
         Consider reformulating model or setting NumericFocus parameter
         to avoid numerical issues.

Presolve removed 175642 rows and 27266 columns
Presolve time: 2.08s
Presolved: 407166 rows, 299069 columns, 4428986 nonzeros
Elapsed ordering time = 5s
Ordering time: 5.38s

Barrier statistics:
 Dense cols : 965
 AA' NZ     : 3.779e+07
 Factor NZ  : 5.718e+07 (roughly 700 MB of memory)
 Factor Ops : 3.134e+10 (roughly 1 second per iteration)
 Threads    : 1

                  Objective                Residual
Iter       Primal          Dual         Primal    Dual     Compl     Time
   0   1.27525679e+03 -5.00186109e+05  6.52e+07 7.87e-07  1.02e+04    13s
   1   1.70157909e+03 -3.67349552e+05  4.36e+07 6.07e-03  4.39e+03    14s
   2   4.60796477e+02 -2.61953507e+05  1.80e+07 4.92e-04  5.58e+03    16s
   3   3.63384019e+01 -1.04236759e+05  1.39e+06 7.01e-15  4.40e+02    17s
   4   8.17059950e-01 -5.80324122e+04  4.42e+03 5.20e-10  9.27e+00    19s
   5   7.49412628e-01 -1.01042662e+04  1.67e+03 2.61e-10  1.59e+00    21s
   6   7.21281820e-01 -6.57909815e+02  2.71e+02 2.45e-14  1.13e-01    23s
   7   7.24944180e-01 -2.22436803e+02  9.62e+01 2.80e-14  3.90e-02    25s
   8   7.28219546e-01 -9.12993909e+01  4.06e+01 2.93e-14  1.67e-02    27s
   9   7.36958124e-01 -2.32985806e+01  1.54e+01 3.89e-10  4.91e-03    30s
  10   7.15261367e-01 -2.31797883e+00  2.74e-01 1.23e-08  4.42e-04    32s
  11   6.79098713e-01 -1.25598541e+00  2.04e-01 7.39e-09  2.78e-04    34s
  12   6.31279783e-01 -4.90230433e-01  1.31e-01 1.28e-08  1.58e-04    36s
  13   6.17153959e-01 -1.07511638e-01  9.92e-02 3.39e-08  1.01e-04    38s
  14   6.11391468e-01  1.13223532e-01  8.10e-02 4.02e-08  6.83e-05    40s
  15   6.05171797e-01  2.82913129e-01  5.50e-02 3.00e-08  4.36e-05    42s
  16   6.01451260e-01  3.19140407e-01  4.46e-02 2.75e-08  3.80e-05    44s
  17   5.99376384e-01  3.57672422e-01  4.03e-02 2.45e-08  3.24e-05    45s
  18   5.96454961e-01  3.95217443e-01  3.62e-02 3.23e-08  2.69e-05    47s
  19   5.91217211e-01  4.45945305e-01  2.87e-02 4.15e-08  1.92e-05    49s
  20   5.83373758e-01  4.87522020e-01  1.66e-02 2.77e-08  1.24e-05    51s
  21   5.75480593e-01  5.47742585e-01  6.36e-03 2.23e-08  3.18e-06    55s
  22   5.72360404e-01  5.54250436e-01  3.96e-03 1.71e-08  1.98e-06    57s
  23   5.71433167e-01  5.58850617e-01  3.21e-03 1.51e-08  1.29e-06    59s
  24   5.70637821e-01  5.61766409e-01  2.40e-03 1.25e-08  8.97e-07    61s
  25   5.69973735e-01  5.64005684e-01  1.55e-03 1.00e-08  5.99e-07    63s
  26   5.69645774e-01  5.66365860e-01  1.16e-03 7.40e-09  3.50e-07    66s
  27   5.69472059e-01  5.66812464e-01  9.27e-04 6.66e-09  2.89e-07    67s
  28   5.69252653e-01  5.67761668e-01  6.58e-04 6.60e-09  1.78e-07    70s
  29   5.69013097e-01  5.68246405e-01  3.60e-04 6.87e-09  1.05e-07    72s
  30   5.68930606e-01  5.68451728e-01  2.44e-04 6.76e-09  7.56e-08    74s
  31   5.68861849e-01  5.68695016e-01  1.47e-04 6.31e-09  4.33e-08    77s
  32   5.68836599e-01  5.68753616e-01  1.12e-04 6.03e-09  3.42e-08    78s
  33   5.68825250e-01  5.68789032e-01  9.57e-05 5.85e-09  2.95e-08    80s
  34   5.68811187e-01  5.68852610e-01  7.86e-05 5.50e-09  2.15e-08    82s
  35   5.68803900e-01  5.68893129e-01  6.98e-05 5.25e-09  1.66e-08    84s
  36   5.68794590e-01  5.68906662e-01  5.83e-05 5.19e-09  1.41e-08    86s
  37   5.68789495e-01  5.68914503e-01  5.29e-05 5.14e-09  1.28e-08    87s
  38   5.68785093e-01  5.68938139e-01  4.76e-05 5.00e-09  1.01e-08    89s
  39   5.68777677e-01  5.68947789e-01  3.90e-05 4.81e-09  8.66e-09    91s
  40   5.68768345e-01  5.68959046e-01  2.86e-05 4.60e-09  6.68e-09    92s
  41   5.68766802e-01  5.68960871e-01  2.70e-05 4.49e-09  6.02e-09    94s
  42   5.68761032e-01  5.68959300e-01  2.16e-05 4.33e-09  4.44e-09    96s
  43   5.68758416e-01  5.68956111e-01  1.96e-05 4.06e-09  2.97e-09    97s
  44   5.68752789e-01  5.68955766e-01  1.47e-05 4.38e-09  2.30e-09    99s
  45   5.68752398e-01  5.68924461e-01  1.35e-05 4.11e-09  2.02e-09   101s
  46   5.68749537e-01  5.68926223e-01  1.13e-05 4.64e-09  1.46e-09   103s
  47   5.68747587e-01  5.68900443e-01  8.93e-06 4.59e-09  1.01e-09   105s
  48   5.68744280e-01  5.68880697e-01  5.01e-06 4.72e-09  5.46e-10   107s
  49   5.68744200e-01  5.68874932e-01  4.64e-06 4.63e-09  4.64e-10   110s
  50   5.68742030e-01  5.68855780e-01  2.55e-06 4.61e-09  2.12e-10   112s
  51   5.68741236e-01  5.68847700e-01  2.08e-06 4.60e-09  1.47e-10   114s
  52   5.68740720e-01  5.68839671e-01  1.76e-06 4.20e-09  1.18e-10   115s
  53   5.68739442e-01  5.68837854e-01  1.01e-06 3.80e-09  6.54e-11   117s
  54   5.68738744e-01  5.68831883e-01  7.35e-07 3.78e-09  4.36e-11   119s
  55   5.68737625e-01  5.68827798e-01  3.86e-07 3.70e-09  2.42e-11   121s
  56   5.68736943e-01  5.68825755e-01  2.67e-07 3.57e-09  1.57e-11   123s
  57   5.68736020e-01  5.68825044e-01  1.53e-07 3.51e-09  9.29e-12   124s
  58   5.68736010e-01  5.68824647e-01  1.52e-07 3.38e-09  9.19e-12   127s
  59   5.68735735e-01  5.68822104e-01  1.28e-07 3.18e-09  7.78e-12   128s
  60   5.68735727e-01  5.68821138e-01  1.28e-07 3.16e-09  7.80e-12   130s
  61   5.68735258e-01  5.68820304e-01  8.84e-08 2.69e-09  5.27e-12   132s
  62   5.68735135e-01  5.68819172e-01  8.12e-08 2.46e-09  4.95e-12   134s
  63   5.68734374e-01  5.68818425e-01  6.02e-08 2.92e-09  4.43e-12   136s
  64   5.68734138e-01  5.68818433e-01  5.08e-08 3.03e-09  4.18e-12   139s
  65   5.68734046e-01  5.68817573e-01  4.78e-08 3.25e-09  3.56e-12   141s
  66   5.68734045e-01  5.68817365e-01  4.71e-08 3.24e-09  3.65e-12   143s
  67   5.68733630e-01  5.68814860e-01  3.44e-08 3.28e-09  3.06e-12   146s
  68   5.68733623e-01  5.68814554e-01  3.42e-08 3.28e-09  3.13e-12   147s
  69   5.68733634e-01  5.68813932e-01  3.20e-08 3.25e-09  3.01e-12   150s
  70   5.68733434e-01  5.68812511e-01  3.05e-08 3.18e-09  2.70e-12   152s
  71   5.68732994e-01  5.68811050e-01  3.46e-08 3.33e-09  2.58e-12   154s
  72   5.68732298e-01  5.68808692e-01  2.60e-08 3.55e-09  2.06e-12   156s
  73   5.68732220e-01  5.68807984e-01  2.45e-08 3.60e-09  1.50e-12   159s
  74   5.68731951e-01  5.68807845e-01  2.36e-08 3.61e-09  1.19e-12   161s
  75   5.68731723e-01  5.68806827e-01  2.15e-08 3.65e-09  1.25e-12   163s
  76   5.68731633e-01  5.68806678e-01  2.01e-08 3.66e-09  1.14e-12   165s
  77   5.68731561e-01  5.68806530e-01  2.49e-08 3.66e-09  1.15e-12   167s
  78   5.68731373e-01  5.68806350e-01  2.14e-08 3.68e-09  9.83e-13   168s
  79   5.68731324e-01  5.68806253e-01  2.10e-08 3.68e-09  9.89e-13   171s
  80   5.68731258e-01  5.68806196e-01  2.05e-08 3.68e-09  9.74e-13   173s
  81   5.68731257e-01  5.68806152e-01  2.04e-08 3.68e-09  9.80e-13   176s
  82   5.68731200e-01  5.68804037e-01  1.99e-08 3.79e-09  1.39e-12   178s
  83   5.68730955e-01  5.68803005e-01  4.71e-08 3.69e-09  5.86e-12   180s
  84   5.68730916e-01  5.68803103e-01  4.56e-08 3.69e-09  5.77e-12   182s
  85   5.68730871e-01  5.68803119e-01  4.44e-08 3.69e-09  5.68e-12   184s
  86   5.68730864e-01  5.68803142e-01  4.37e-08 3.69e-09  5.74e-12   186s
  87   5.68730858e-01  5.68803257e-01  4.35e-08 3.69e-09  5.66e-12   188s
  88   5.68730848e-01  5.68803386e-01  4.31e-08 3.69e-09  5.52e-12   190s
  89   5.68730817e-01  5.68803234e-01  4.13e-08 3.71e-09  4.78e-12   192s
  90   5.68730733e-01  5.68802729e-01  4.05e-08 3.74e-09  3.59e-12   194s
  91   5.68730724e-01  5.68802708e-01  4.03e-08 3.74e-09  3.56e-12   195s
  92   5.68730663e-01  5.68802458e-01  3.94e-08 3.76e-09  3.16e-12   198s

Barrier solved model in 92 iterations and 197.51 seconds (371.09 work units)
Optimal objective 5.68731200e-01


User-callback calls 11585, time in user-callback 0.23 sec
Discarded solution information
Set parameter Method to value 2
Set parameter Crossover to value 0
Set parameter LPWarmStart to value 0
Set parameter NumericFocus to value 0
Set parameter DualReductions to value 1
Set parameter InfUnbdInfo to value 0
Set parameter TimeLimit to value 900
