Set parameter Username
Set parameter LicenseID to value 2845475
Academic license - for non-commercial use only - expires 2027-07-18
PHASE1_FULL_BLOCK_PRICED 1 130 015998080c10 -564816410426920333653/1208925819614629174706176
PHASE1_FULL_BLOCK_PRICED 2 130 0203356ceaac -2824082052134601504425/9671406556917033397649408
PHASE1_FULL_BLOCK_PRICED 3 130 0212a537a620 -188560656152208297033/1208925819614629174706176
PHASE1_FULL_BLOCK_PRICED 4 130 02f54d0a6806 -564829589051068891611/2417851639229258349412352
PHASE1_FULL_BLOCK_PRICED 5 130 044d55dacecb -188560656152208297033/1208925819614629174706176
PHASE1_FULL_BLOCK_PRICED 6 130 0624ebd1ad67 -941382648418448316525/2417851639229258349412352
PHASE1_FULL_BLOCK_PRICED 7 130 094964efbb89 -1694449231280760902655/4835703278458516698824704
PHASE1_FULL_BLOCK_PRICED 8 130 0ce2b0bd621f -3953714872988442106195/2417851639229258349412352
PHASE1_FULL_BLOCK_PRICED 9 130 101a9ac1418f -349880408568147556739/604462909807314587353088
PHASE1_FULL_BLOCK_PRICED 10 130 101e547b4b6c -1694449231280761000959/2417851639229258349412352
PHASE1_FULL_BLOCK_PRICED 11 130 1243c5852e0c -564816410426920300885/604462909807314587353088
PHASE1_FULL_BLOCK_PRICED 12 130 12454ed86af5 -564816410426923949763/2417851639229258349412352
PHASE1_FULL_BLOCK_PRICED 13 130 1495b33cb81f -564816410426920300885/2417851639229258349412352
PHASE1_FULL_BLOCK_PRICED 14 130 14a370675c42 -84242106336708152661/2417851639229258349412352
PHASE1_FULL_BLOCK_PRICED 15 130 17ab8344628b -5083347693842282707965/4835703278458516698824704
PHASE1_FULL_BLOCK_PRICED 16 130 1873a283aaf0 -2824082052134601504425/2417851639229258349412352
PHASE1_FULL_BLOCK_PRICED 17 130 1b032deb990c -21227184124022125078749/4835703278458516698824704
PHASE1_FULL_BLOCK_PRICED 18 130 1b26af7a9034 -723634183324634679668458782009/20769187434139310514121985316880384
PHASE1_FULL_BLOCK_PRICED 19 130 1b942d4ff090 -414649267960850390067605811091041/5316911983139663491615228241121378304
PHASE1_FULL_BLOCK_PRICED 20 130 1b9d7ef7de7d -10565295874545554943651/9671406556917033397649408
PHASE1_FULL_BLOCK_PRICED 21 130 1eec2628090e -188560656152208297033/1208925819614629174706176
PHASE1_FULL_BLOCK_PRICED 22 130 1f52e0f34cf8 -1694449231280760902655/9671406556917033397649408
PHASE1_FULL_BLOCK_PRICED 23 130 244a0cd9f60d -888032953945269625087/1208925819614629174706176
PHASE1_FULL_BLOCK_PRICED 24 130 25862963f483 -163749874849112535/147573952589676412928
PHASE1_FULL_BLOCK_PRICED 25 130 2df646a0887a -564816410426920300885/2417851639229258349412352
PHASE1_FULL_BLOCK_PRICED 26 130 2e21725ddd2a -2824147945252324595895/2417851639229258349412352
PHASE1_FULL_BLOCK_PRICED 27 130 35ab2c2437d0 -564816410426920333653/9671406556917033397649408
PHASE1_FULL_BLOCK_PRICED 28 130 36504e0dd470 -188560656152208329801/2417851639229258349412352
PHASE1_FULL_BLOCK_PRICED 29 130 36e4bfc2afcb -521142457930996270755/604462909807314587353088
PHASE1_FULL_BLOCK_PRICED 30 130 375f8aa0cb7f -2522700189575849719465/2417851639229258349412352
PHASE1_FULL_BLOCK_PRICED 31 130 379c8fb921e5 -564816410426920300885/604462909807314587353088
PHASE1_FULL_BLOCK_PRICED 32 130 399a1d15dc26 -46312587732776435509677829870223/1329227995784915872903807060280344576
PHASE1_FULL_BLOCK_PRICED 33 130 3a70984a0a51 -564816410426920300885/2417851639229258349412352
PHASE1_FULL_BLOCK_PRICED 34 130 3b226a58bbeb -83893957847425773909/2417851639229258349412352
PHASE1_FULL_BLOCK_PRICED 35 130 3c94247593dc -188560656152208297033/2417851639229258349412352
PHASE1_FULL_BLOCK_PRICED 36 130 3d8a34aab704 -564816410426920300885/9671406556917033397649408
PHASE1_FULL_BLOCK_PRICED 37 130 3e9d365ab43c -188290318081420212281/4835703278458516698824704
PHASE1_FULL_BLOCK_PRICED 38 130 3f3a39df88a3 -124001332256189149525/2417851639229258349412352
PHASE1_FULL_BLOCK_PRICED 39 130 44cbeed5207e -564816410426920300885/9671406556917033397649408
PHASE1_FULL_BLOCK_PRICED 40 130 45de6626128d -188560656152208297033/2417851639229258349412352
PHASE1_FULL_BLOCK_PRICED 41 130 4684c7055dcc -84242106336708148565/2417851639229258349412352
PHASE1_FULL_BLOCK_PRICED 42 130 46b9746c63e0 -44620496423726703769915/9671406556917033397649408
PHASE1_FULL_BLOCK_PRICED 43 130 47a5bb9fc8fe -3577254063987250180895/2417851639229258349412352
PHASE1_FULL_BLOCK_PRICED 44 130 487430a66c2f -43092072328713825/18446744073709551616
PHASE1_FULL_BLOCK_PRICED 45 130 48d6c00b032e -1018981466499015711007/9671406556917033397649408
PHASE1_FULL_BLOCK_PRICED 46 130 4af918a7b635 -521142457930992660821/4835703278458516698824704
PHASE1_FULL_BLOCK_PRICED 47 130 4cbc0953c6dd -564816410426920300885/4835703278458516698824704
PHASE1_FULL_BLOCK_PRICED 48 130 51d390e435e1 -249934019506540185/147573952589676412928
PHASE1_FULL_BLOCK_PRICED 49 130 52ab7a8b66b6 -3953714872988442106195/2417851639229258349412352
PHASE1_FULL_BLOCK_PRICED 50 130 59a27318d0f1 -84242106336708152661/2417851639229258349412352
PHASE1_FULL_BLOCK_PRICED 51 130 59e89f8dfe75 -1694449231280760902655/4835703278458516698824704
PHASE1_FULL_BLOCK_PRICED 52 130 5c91c8dcd558 -54196452435967469391485842855382825/85070591730234615865843651857942052864
PHASE1_FULL_BLOCK_PRICED 53 130 6534b1adf89e -1694015514844679293695/2417851639229258349412352
PHASE1_FULL_BLOCK_PRICED 54 130 67cb68ba0c9c -7682094607154163919656046968221/5192296858534827628530496329220096
PHASE1_FULL_BLOCK_PRICED 55 130 6a43c5e196c1 -188290318081420212281/4835703278458516698824704
PHASE1_FULL_BLOCK_PRICED 56 130 6c9dfd1a6fc5 -188560656152208329801/2417851639229258349412352
PHASE1_FULL_BLOCK_PRICED 57 130 71da75f710ae -564816410426920300885/9671406556917033397649408
PHASE1_FULL_BLOCK_PRICED 58 130 75d0123138a8 -210216786629146588817/302231454903657293676544
PHASE1_FULL_BLOCK_PRICED 59 130 7883ffd10502 -1694449231280760902655/4835703278458516698824704
PHASE1_FULL_BLOCK_PRICED 60 130 7e7ec1cfd6fe -8618414465742765/18446744073709551616
PHASE1_FULL_BLOCK_PRICED 61 130 801f740ce521 -564816410426920333653/1208925819614629174706176
PHASE1_FULL_BLOCK_PRICED 62 130 848feccaa46d -188560656152208297033/2417851639229258349412352
PHASE1_FULL_BLOCK_PRICED 63 130 84bf43740864 -188560656152208297033/2417851639229258349412352
PHASE1_FULL_BLOCK_PRICED 64 130 85c4d6afa56f -8730183147126253119823/2417851639229258349412352
PHASE1_FULL_BLOCK_PRICED 65 130 86f542f7e303 -5083347693842282707965/2417851639229258349412352
PHASE1_FULL_BLOCK_PRICED 66 130 8772bf43878b -516476831016235144241/4835703278458516698824704
PHASE1_FULL_BLOCK_PRICED 67 130 88ce5abc82b8 -4330360182724861502351/9671406556917033397649408
PHASE1_FULL_BLOCK_PRICED 68 130 936ca3e40f3c -1018981466499015711007/9671406556917033397649408
PHASE1_FULL_BLOCK_PRICED 69 130 937315374ab4 -564816410426920300885/2417851639229258349412352
PHASE1_FULL_BLOCK_PRICED 70 130 9519350b631b -4330360182724861502351/9671406556917033397649408
PHASE1_FULL_BLOCK_PRICED 71 130 967ffb13b695 -60328901260199355/73786976294838206464
PHASE1_FULL_BLOCK_PRICED 72 130 9908886b54b2 -188560656152208297033/2417851639229258349412352
PHASE1_FULL_BLOCK_PRICED 73 130 9b14c7313170 -3953714872988442106195/4835703278458516698824704
PHASE1_FULL_BLOCK_PRICED 74 130 9c18560120c4 -1694488767153206674833/2417851639229258349412352
PHASE1_FULL_BLOCK_PRICED 75 130 9d71a7d618ac -84242106336708152661/2417851639229258349412352
PHASE1_FULL_BLOCK_PRICED 76 130 9e67c2e30dea -188560656152208297033/2417851639229258349412352
PHASE1_FULL_BLOCK_PRICED 77 130 9f9a444a51d9 -1694488767153206674833/2417851639229258349412352
PHASE1_FULL_BLOCK_PRICED 78 130 a01bca2f3f6a -564816410426920300885/1208925819614629174706176
PHASE1_FULL_BLOCK_PRICED 79 130 a25c8478c245 -564816410426920300885/9671406556917033397649408
PHASE1_FULL_BLOCK_PRICED 80 130 a44a011ca2d1 -564816410426920300885/604462909807314587353088
PHASE1_FULL_BLOCK_PRICED 81 130 a8ade0c98027 -10314039460012044116811188750625327/5316911983139663491615228241121378304
PHASE1_FULL_BLOCK_PRICED 82 130 ac3d5b318495 -516476831016235144241/9671406556917033397649408
PHASE1_FULL_BLOCK_PRICED 83 130 ae00326872d2 -2824082052134601422505/604462909807314587353088
PHASE1_FULL_BLOCK_PRICED 84 130 af721483acc3 -97714210862062207095/604462909807314587353088
PHASE1_FULL_BLOCK_PRICED 85 130 b563fcffb221 -1694449231280760902655/1208925819614629174706176
PHASE1_FULL_BLOCK_PRICED 86 130 b76c09a1f0c4 -564816410426920300885/4835703278458516698824704
PHASE1_FULL_BLOCK_PRICED 87 130 b7c82e54140c -564816410426920300885/2417851639229258349412352
PHASE1_FULL_BLOCK_PRICED 88 130 b82723aa345e -564816410426920300885/1208925819614629174706176
PHASE1_FULL_BLOCK_PRICED 89 130 bab0fc9c4d82 -2824082052134601504425/9671406556917033397649408
PHASE1_FULL_BLOCK_PRICED 90 130 bd4fb80b07e9 -7342613335549963911505/9671406556917033397649408
PHASE1_FULL_BLOCK_PRICED 91 130 bd7e834951d7 -564816410426920300885/1208925819614629174706176
PHASE1_FULL_BLOCK_PRICED 92 130 be0709b50923 -8472246156403804513275/2417851639229258349412352
PHASE1_FULL_BLOCK_PRICED 93 130 c0350f39f665 -564816410426920300885/2417851639229258349412352
PHASE1_FULL_BLOCK_PRICED 94 130 c0a9d2d1c0ac -674586553732236809237/1208925819614629174706176
PHASE1_FULL_BLOCK_PRICED 95 130 c30f21fd7651 -564816410426920300885/2417851639229258349412352
PHASE1_FULL_BLOCK_PRICED 96 130 c5f5d162f795 -250261261641311940949/2417851639229258349412352
PHASE1_FULL_BLOCK_PRICED 97 130 ca6926e0553c -942803280761041485165/9671406556917033397649408
PHASE1_FULL_BLOCK_PRICED 98 130 cb35d37349d8 -564816410426920300885/1208925819614629174706176
PHASE1_FULL_BLOCK_PRICED 99 130 cbb8b062827f -516476831016235144241/2417851639229258349412352
PHASE1_FULL_BLOCK_PRICED 100 130 cbfe57a8ca2d -941382648418448152685/2417851639229258349412352
PHASE1_FULL_BLOCK_PRICED 101 130 cccdb13e328c -564816410426920300885/2417851639229258349412352
PHASE1_FULL_BLOCK_PRICED 102 130 cef218e0da53 -188560656152208297033/2417851639229258349412352
PHASE1_FULL_BLOCK_PRICED 103 130 d03bca555a1c -564816410426920333653/2417851639229258349412352
PHASE1_FULL_BLOCK_PRICED 104 130 d03fa7d85cd7 -8618414465742765/9223372036854775808
PHASE1_FULL_BLOCK_PRICED 105 130 d1c31bf33644 -3953714872988442106195/4835703278458516698824704
PHASE1_FULL_BLOCK_PRICED 106 130 d5838c4e4a9f -564816410426920333653/4835703278458516698824704
Set parameter OutputFlag to value 1
Set parameter LogToConsole to value 0
PHASE1_FULL_BLOCK_PRICED 107 130 d6f1e69adb94 -564816410426920333653/1208925819614629174706176
Set parameter OutputFlag to value 1
Set parameter LogToConsole to value 0
PHASE1_FULL_BLOCK_PRICED 108 130 dab058baac7c -43092072328713825/9223372036854775808
Set parameter OutputFlag to value 1
Set parameter LogToConsole to value 0
PHASE1_FULL_BLOCK_PRICED 109 130 dab3ca35cbb2 -2824082052134601504425/9671406556917033397649408
Set parameter OutputFlag to value 1
Set parameter LogToConsole to value 0
PHASE1_FULL_BLOCK_PRICED 110 130 deba35b1e0be -3953714872988442335571/9671406556917033397649408
Set parameter OutputFlag to value 1
Set parameter LogToConsole to value 0
PHASE1_FULL_BLOCK_PRICED 111 130 dfcd38f2f8ca -1694449231280760902655/1208925819614629174706176
Set parameter OutputFlag to value 1
Set parameter LogToConsole to value 0
PHASE1_FULL_BLOCK_PRICED 112 130 e1c401c2f294 -12990777439819166920355/9671406556917033397649408
Set parameter OutputFlag to value 1
Set parameter LogToConsole to value 0
PHASE1_FULL_BLOCK_PRICED 113 130 e1fa5291ebd3 -60328901260199355/36893488147419103232
Set parameter OutputFlag to value 1
Set parameter LogToConsole to value 0
PHASE1_FULL_BLOCK_PRICED 114 130 e585ef0fa6fe -564816410426920333653/1208925819614629174706176
Set parameter OutputFlag to value 1
Set parameter LogToConsole to value 0
PHASE1_FULL_BLOCK_PRICED 115 130 e8dd1de70809 -564829589051068891611/2417851639229258349412352
Set parameter OutputFlag to value 1
Set parameter LogToConsole to value 0
PHASE1_FULL_BLOCK_PRICED 116 130 e9f8f72bd001 -188560656152208329801/1208925819614629174706176
Set parameter OutputFlag to value 1
Set parameter LogToConsole to value 0
PHASE1_FULL_BLOCK_PRICED 117 130 edbc4c0ba8e1 -188560656152208297033/2417851639229258349412352
Set parameter OutputFlag to value 1
Set parameter LogToConsole to value 0
PHASE1_FULL_BLOCK_PRICED 118 130 f080b90b8000 -564816410426920333653/2417851639229258349412352
Set parameter OutputFlag to value 1
Set parameter LogToConsole to value 0
PHASE1_FULL_BLOCK_PRICED 119 130 f3ebe715ab6d -84242106336708152661/2417851639229258349412352
Set parameter OutputFlag to value 1
Set parameter LogToConsole to value 0
PHASE1_FULL_BLOCK_PRICED 120 130 f43d4caa8749 -564816410426920333653/4835703278458516698824704
Set parameter OutputFlag to value 1
Set parameter LogToConsole to value 0
PHASE1_FULL_BLOCK_PRICED 121 130 f505b4dcd862 -564816410426920333653/2417851639229258349412352
Set parameter OutputFlag to value 1
Set parameter LogToConsole to value 0
PHASE1_FULL_BLOCK_PRICED 122 130 f506acc9de4a -2824082052134601504425/1208925819614629174706176
Set parameter OutputFlag to value 1
Set parameter LogToConsole to value 0
PHASE1_FULL_BLOCK_PRICED 123 130 f558bb3c65d8 -564816410426920300885/9671406556917033397649408
Set parameter OutputFlag to value 1
Set parameter LogToConsole to value 0
PHASE1_FULL_BLOCK_PRICED 124 130 f621071fd9b7 -10731511798111485389135/2417851639229258349412352
Set parameter OutputFlag to value 1
Set parameter LogToConsole to value 0
PHASE1_FULL_BLOCK_PRICED 125 130 f9a5f003be5d -188560656152208297033/2417851639229258349412352
Set parameter OutputFlag to value 1
Set parameter LogToConsole to value 0
PHASE1_FULL_BLOCK_PRICED 126 130 fa614668977b -564816410426920333653/2417851639229258349412352
Set parameter OutputFlag to value 1
Set parameter LogToConsole to value 0
PHASE1_FULL_BLOCK_PRICED 127 130 fb3f134b62b7 -564816410426920333653/2417851639229258349412352
Set parameter OutputFlag to value 1
Set parameter LogToConsole to value 0
PHASE1_FULL_BLOCK_PRICED 128 130 fd615d1f8fe8 -564816410426920300885/1208925819614629174706176
PHASE1_FULL_BLOCK_PRICED 129 130 ff5fb16e8594 0
Set parameter OutputFlag to value 1
Set parameter LogToConsole to value 0
PHASE1_FULL_BLOCK_PRICED 130 130 fff0bb815e7f -10731511798111485716815/9671406556917033397649408
Set parameter OutputFlag to value 1
Set parameter LogToConsole to value 0
MAY12_FINAL_DECISION MAY12_PHASE1_RECOVERED_P1_INCONCLUSIVE 32.57300090789795 PermissionError('MAY12_FROZEN_SOURCE_REQUIRED')
