
Gurobi 13.0.2 (win64) logging started Thu Oct  8 13:54:43 2026

Set parameter OutputFlag to value 1
Set parameter Method to value 1
Gurobi Optimizer version 13.0.2 build v13.0.2rc1 (win64 - Windows 11+.0 (26200.2))

CPU model: 13th Gen Intel(R) Core(TM) i7-13620H, instruction set [SSE2|AVX|AVX2]
Thread count: 10 physical cores, 16 logical processors, using up to 1 threads

Non-default parameters:
TimeLimit  120
FeasibilityTol  1e-08
IntFeasTol  1e-08
MIPGap  0.005
OptimalityTol  1e-08
Method  1
Crossover  2
DegenMoves  0
MIPFocus  3
NodeMethod  1
DualReductions  0
InfUnbdInfo  1
LogToConsole  0
Seed  20260929
Threads  1

Optimize a model with 582808 rows, 306040 columns and 5351612 nonzeros (Min)
Model fingerprint: 0xa027c373
Model has 1 linear objective coefficients
Coefficient statistics:
  Matrix range     [1e-13, 4e+02]
  Objective range  [1e+00, 1e+00]
  Bounds range     [3e-08, 2e+03]
  RHS range        [2e-24, 2e+03]
Warning: Model contains large matrix coefficient range
         Consider reformulating model or setting NumericFocus parameter
         to avoid numerical issues.

Presolve time: 0.25s
Iteration    Objective       Primal Inf.    Dual Inf.      Time
       0    0.0000000e+00   6.503713e+07   0.000000e+00      1s
   16681    2.0803435e+02   4.279067e+06   0.000000e+00      5s
   30581    2.3283965e+02   3.022492e+06   0.000000e+00     10s
   48886    2.5395133e+02   2.219805e+06   0.000000e+00     15s
   58582    2.6566404e+02   2.709620e+06   0.000000e+00     20s
   67439    2.7406059e+02   2.218918e+06   0.000000e+00     25s
   76589    2.8180509e+02   1.623178e+06   0.000000e+00     30s
   87301    2.9925832e+02   2.162335e+07   0.000000e+00     35s
  103601    3.0155815e+02   1.258231e+07   0.000000e+00     42s
  108935    3.0414890e+02   4.277042e+07   0.000000e+00     46s
  111638    3.0644323e+02   4.455762e+07   0.000000e+00     51s
  113664    3.0844223e+02   8.094946e+07   0.000000e+00     55s
  116360    3.1311029e+02   6.582885e+08   0.000000e+00     61s
  118871    3.1633873e+02   4.206969e+07   0.000000e+00     66s
  120035    3.1777650e+02   2.730505e+07   0.000000e+00     70s
  121173    3.1857594e+02   3.730809e+07   0.000000e+00     76s
  122952    3.1974338e+02   2.700295e+08   0.000000e+00     81s
  124778    3.2103163e+02   1.632648e+08   0.000000e+00     87s
  125602    3.2148721e+02   6.491128e+08   0.000000e+00     92s
  126482    3.2193772e+02   4.775056e+07   0.000000e+00     96s
  127614    3.2242465e+02   5.379148e+08   0.000000e+00    101s
  128755    3.2323547e+02   1.635088e+08   0.000000e+00    106s
  130603    3.2391679e+02   3.811703e+08   0.000000e+00    111s
  132165    3.2464841e+02   3.087839e+07   0.000000e+00    116s

Stopped in 133287 iterations and 120.00 seconds (194.93 work units)
Time limit reached

User-callback calls 133451, time in user-callback 0.56 sec
