
Gurobi 13.0.2 (win64) logging started Thu Oct  8 13:49:31 2026

Set parameter OutputFlag to value 1
Gurobi Optimizer version 13.0.2 build v13.0.2rc1 (win64 - Windows 11+.0 (26200.2))

CPU model: 13th Gen Intel(R) Core(TM) i7-13620H, instruction set [SSE2|AVX|AVX2]
Thread count: 10 physical cores, 16 logical processors, using up to 1 threads

Non-default parameters:
TimeLimit  60
FeasibilityTol  1e-08
IntFeasTol  1e-08
MIPGap  0.005
OptimalityTol  1e-08
Method  2
Crossover  2
DegenMoves  0
MIPFocus  3
NodeMethod  1
DualReductions  0
InfUnbdInfo  1
LogToConsole  0
Seed  20260929
Threads  1

Optimize a model with 10 rows, 13 columns and 22 nonzeros (Min)
Model fingerprint: 0x12c6adb6
Model has 1 linear objective coefficients
Variable types: 7 continuous, 6 integer (6 binary)
Coefficient statistics:
  Matrix range     [1e+00, 1e+00]
  Objective range  [1e+00, 1e+00]
  Bounds range     [1e+00, 4e+00]
  RHS range        [1e+00, 1e+00]

Presolve removed 10 rows and 10 columns
Presolve time: 0.00s
Presolved: 0 rows, 3 columns, 0 nonzeros
Variable types: 1 continuous, 2 integer (2 binary)
Found heuristic solution: objective 0.0000000

Explored 0 nodes (0 simplex iterations) in 0.00 seconds (0.00 work units)
Thread count was 1 (of 16 available processors)

Solution count 1: 0 

Optimal solution found (tolerance 5.00e-03)
Best objective 0.000000000000e+00, best bound 0.000000000000e+00, gap 0.0000%

Gurobi 13.0.2 (win64) logging started Thu Oct  8 13:50:15 2026

Set parameter OutputFlag to value 1
Gurobi Optimizer version 13.0.2 build v13.0.2rc1 (win64 - Windows 11+.0 (26200.2))

CPU model: 13th Gen Intel(R) Core(TM) i7-13620H, instruction set [SSE2|AVX|AVX2]
Thread count: 10 physical cores, 16 logical processors, using up to 1 threads

Non-default parameters:
TimeLimit  60
FeasibilityTol  1e-08
IntFeasTol  1e-08
MIPGap  0.005
OptimalityTol  1e-08
Method  2
Crossover  2
DegenMoves  0
MIPFocus  3
NodeMethod  1
DualReductions  0
InfUnbdInfo  1
LogToConsole  0
Seed  20260929
Threads  1

Optimize a model with 10 rows, 13 columns and 22 nonzeros (Min)
Model fingerprint: 0x12c6adb6
Model has 1 linear objective coefficients
Variable types: 7 continuous, 6 integer (6 binary)
Coefficient statistics:
  Matrix range     [1e+00, 1e+00]
  Objective range  [1e+00, 1e+00]
  Bounds range     [1e+00, 4e+00]
  RHS range        [1e+00, 1e+00]

Presolve removed 10 rows and 10 columns
Presolve time: 0.00s
Presolved: 0 rows, 3 columns, 0 nonzeros
Variable types: 1 continuous, 2 integer (2 binary)
Found heuristic solution: objective 0.0000000

Explored 0 nodes (0 simplex iterations) in 0.00 seconds (0.00 work units)
Thread count was 1 (of 16 available processors)

Solution count 1: 0 

Optimal solution found (tolerance 5.00e-03)
Best objective 0.000000000000e+00, best bound 0.000000000000e+00, gap 0.0000%
Gurobi Optimizer version 13.0.2 build v13.0.2rc1 (win64 - Windows 11+.0 (26200.2))

CPU model: 13th Gen Intel(R) Core(TM) i7-13620H, instruction set [SSE2|AVX|AVX2]
Thread count: 10 physical cores, 16 logical processors, using up to 1 threads

Non-default parameters:
TimeLimit  60
FeasibilityTol  1e-08
IntFeasTol  1e-08
MIPGap  0.005
OptimalityTol  1e-08
Method  2
Crossover  2
DegenMoves  0
MIPFocus  3
NodeMethod  1
DualReductions  0
InfUnbdInfo  1
LogToConsole  0
Seed  20260929
Threads  1

Optimize a model with 11 rows, 13 columns and 24 nonzeros (Min)
Model fingerprint: 0xffe06577
Model has 1 linear objective coefficients
Variable types: 7 continuous, 6 integer (6 binary)
Coefficient statistics:
  Matrix range     [1e+00, 6e+02]
  Objective range  [1e+00, 1e+00]
  Bounds range     [1e+00, 4e+00]
  RHS range        [1e+00, 2e+01]

MIP start from previous solve did not produce a new incumbent solution
MIP start from previous solve violates constraint R10 by 21.052631579

Presolve removed 10 rows and 10 columns
Presolve time: 0.00s
Presolved: 1 rows, 3 columns, 2 nonzeros
Variable types: 1 continuous, 2 integer (2 binary)
Found heuristic solution: objective 0.0000000

Explored 0 nodes (0 simplex iterations) in 0.00 seconds (0.00 work units)
Thread count was 1 (of 16 available processors)

Solution count 1: 0 

Optimal solution found (tolerance 5.00e-03)
Best objective 0.000000000000e+00, best bound 0.000000000000e+00, gap 0.0000%
Gurobi Optimizer version 13.0.2 build v13.0.2rc1 (win64 - Windows 11+.0 (26200.2))

CPU model: 13th Gen Intel(R) Core(TM) i7-13620H, instruction set [SSE2|AVX|AVX2]
Thread count: 10 physical cores, 16 logical processors, using up to 1 threads

Non-default parameters:
TimeLimit  60
FeasibilityTol  1e-08
IntFeasTol  1e-08
MIPGap  0.005
OptimalityTol  1e-08
Method  2
Crossover  2
DegenMoves  0
MIPFocus  3
NodeMethod  1
DualReductions  0
InfUnbdInfo  1
LogToConsole  0
Seed  20260929
Threads  1

Optimize a model with 12 rows, 13 columns and 25 nonzeros (Min)
Model fingerprint: 0x72dfa566
Model has 1 linear objective coefficients
Variable types: 7 continuous, 6 integer (6 binary)
Coefficient statistics:
  Matrix range     [1e+00, 6e+02]
  Objective range  [1e+00, 1e+00]
  Bounds range     [1e+00, 4e+00]
  RHS range        [1e+00, 2e+01]

MIP start from previous solve did not produce a new incumbent solution
MIP start from previous solve violates constraint R11 by 21.052631579

Presolve removed 12 rows and 11 columns
Presolve time: 0.00s
Presolved: 0 rows, 2 columns, 0 nonzeros
Variable types: 1 continuous, 1 integer (1 binary)
Found heuristic solution: objective 0.0000000

Explored 0 nodes (0 simplex iterations) in 0.00 seconds (0.00 work units)
Thread count was 1 (of 16 available processors)

Solution count 1: 0 

Optimal solution found (tolerance 5.00e-03)
Best objective 0.000000000000e+00, best bound 0.000000000000e+00, gap 0.0000%
Gurobi Optimizer version 13.0.2 build v13.0.2rc1 (win64 - Windows 11+.0 (26200.2))

CPU model: 13th Gen Intel(R) Core(TM) i7-13620H, instruction set [SSE2|AVX|AVX2]
Thread count: 10 physical cores, 16 logical processors, using up to 1 threads

Non-default parameters:
TimeLimit  60
FeasibilityTol  1e-08
IntFeasTol  1e-08
MIPGap  0.005
OptimalityTol  1e-08
Method  2
Crossover  2
DegenMoves  0
MIPFocus  3
NodeMethod  1
DualReductions  0
InfUnbdInfo  1
LogToConsole  0
Seed  20260929
Threads  1

Optimize a model with 13 rows, 13 columns and 27 nonzeros (Min)
Model fingerprint: 0x0a6789b1
Model has 1 linear objective coefficients
Variable types: 7 continuous, 6 integer (6 binary)
Coefficient statistics:
  Matrix range     [4e-01, 6e+02]
  Objective range  [1e+00, 1e+00]
  Bounds range     [1e+00, 4e+00]
  RHS range        [6e-01, 2e+01]

MIP start from previous solve produced solution with objective 0.6 (0.00s)
Loaded MIP start from previous solve with objective 0.6

Presolve removed 13 rows and 11 columns
Presolve time: 0.00s
Presolved: 0 rows, 2 columns, 0 nonzeros
Variable types: 1 continuous, 1 integer (1 binary)

Explored 0 nodes (0 simplex iterations) in 0.00 seconds (0.00 work units)
Thread count was 1 (of 16 available processors)

Solution count 1: 0.6 

Optimal solution found (tolerance 5.00e-03)
Best objective 6.000000000000e-01, best bound 6.000000000000e-01, gap 0.0000%

Gurobi 13.0.2 (win64) logging started Thu Oct  8 13:51:06 2026

Set parameter OutputFlag to value 1
Gurobi Optimizer version 13.0.2 build v13.0.2rc1 (win64 - Windows 11+.0 (26200.2))

CPU model: 13th Gen Intel(R) Core(TM) i7-13620H, instruction set [SSE2|AVX|AVX2]
Thread count: 10 physical cores, 16 logical processors, using up to 1 threads

Non-default parameters:
TimeLimit  60
FeasibilityTol  1e-08
IntFeasTol  1e-08
MIPGap  0.005
OptimalityTol  1e-08
Method  2
Crossover  2
DegenMoves  0
MIPFocus  3
NodeMethod  1
DualReductions  0
InfUnbdInfo  1
LogToConsole  0
Seed  20260929
Threads  1

Optimize a model with 10 rows, 13 columns and 22 nonzeros (Min)
Model fingerprint: 0x12c6adb6
Model has 1 linear objective coefficients
Variable types: 7 continuous, 6 integer (6 binary)
Coefficient statistics:
  Matrix range     [1e+00, 1e+00]
  Objective range  [1e+00, 1e+00]
  Bounds range     [1e+00, 4e+00]
  RHS range        [1e+00, 1e+00]

Presolve removed 10 rows and 10 columns
Presolve time: 0.00s
Presolved: 0 rows, 3 columns, 0 nonzeros
Variable types: 1 continuous, 2 integer (2 binary)
Found heuristic solution: objective 0.0000000

Explored 0 nodes (0 simplex iterations) in 0.00 seconds (0.00 work units)
Thread count was 1 (of 16 available processors)

Solution count 1: 0 

Optimal solution found (tolerance 5.00e-03)
Best objective 0.000000000000e+00, best bound 0.000000000000e+00, gap 0.0000%
Gurobi Optimizer version 13.0.2 build v13.0.2rc1 (win64 - Windows 11+.0 (26200.2))

CPU model: 13th Gen Intel(R) Core(TM) i7-13620H, instruction set [SSE2|AVX|AVX2]
Thread count: 10 physical cores, 16 logical processors, using up to 1 threads

Non-default parameters:
TimeLimit  60
FeasibilityTol  1e-08
IntFeasTol  1e-08
MIPGap  0.005
OptimalityTol  1e-08
Method  2
Crossover  2
DegenMoves  0
MIPFocus  3
NodeMethod  1
DualReductions  0
InfUnbdInfo  1
LogToConsole  0
Seed  20260929
Threads  1

Optimize a model with 11 rows, 13 columns and 24 nonzeros (Min)
Model fingerprint: 0xffe06577
Model has 1 linear objective coefficients
Variable types: 7 continuous, 6 integer (6 binary)
Coefficient statistics:
  Matrix range     [1e+00, 6e+02]
  Objective range  [1e+00, 1e+00]
  Bounds range     [1e+00, 4e+00]
  RHS range        [1e+00, 2e+01]

MIP start from previous solve did not produce a new incumbent solution
MIP start from previous solve violates constraint R10 by 21.052631579

Presolve removed 10 rows and 10 columns
Presolve time: 0.00s
Presolved: 1 rows, 3 columns, 2 nonzeros
Variable types: 1 continuous, 2 integer (2 binary)
Found heuristic solution: objective 0.0000000

Explored 0 nodes (0 simplex iterations) in 0.00 seconds (0.00 work units)
Thread count was 1 (of 16 available processors)

Solution count 1: 0 

Optimal solution found (tolerance 5.00e-03)
Best objective 0.000000000000e+00, best bound 0.000000000000e+00, gap 0.0000%
Gurobi Optimizer version 13.0.2 build v13.0.2rc1 (win64 - Windows 11+.0 (26200.2))

CPU model: 13th Gen Intel(R) Core(TM) i7-13620H, instruction set [SSE2|AVX|AVX2]
Thread count: 10 physical cores, 16 logical processors, using up to 1 threads

Non-default parameters:
TimeLimit  60
FeasibilityTol  1e-08
IntFeasTol  1e-08
MIPGap  0.005
OptimalityTol  1e-08
Method  2
Crossover  2
DegenMoves  0
MIPFocus  3
NodeMethod  1
DualReductions  0
InfUnbdInfo  1
LogToConsole  0
Seed  20260929
Threads  1

Optimize a model with 12 rows, 13 columns and 25 nonzeros (Min)
Model fingerprint: 0x72dfa566
Model has 1 linear objective coefficients
Variable types: 7 continuous, 6 integer (6 binary)
Coefficient statistics:
  Matrix range     [1e+00, 6e+02]
  Objective range  [1e+00, 1e+00]
  Bounds range     [1e+00, 4e+00]
  RHS range        [1e+00, 2e+01]

MIP start from previous solve did not produce a new incumbent solution
MIP start from previous solve violates constraint R11 by 21.052631579

Presolve removed 12 rows and 11 columns
Presolve time: 0.00s
Presolved: 0 rows, 2 columns, 0 nonzeros
Variable types: 1 continuous, 1 integer (1 binary)
Found heuristic solution: objective 0.0000000

Explored 0 nodes (0 simplex iterations) in 0.00 seconds (0.00 work units)
Thread count was 1 (of 16 available processors)

Solution count 1: 0 

Optimal solution found (tolerance 5.00e-03)
Best objective 0.000000000000e+00, best bound 0.000000000000e+00, gap 0.0000%
Gurobi Optimizer version 13.0.2 build v13.0.2rc1 (win64 - Windows 11+.0 (26200.2))

CPU model: 13th Gen Intel(R) Core(TM) i7-13620H, instruction set [SSE2|AVX|AVX2]
Thread count: 10 physical cores, 16 logical processors, using up to 1 threads

Non-default parameters:
TimeLimit  60
FeasibilityTol  1e-08
IntFeasTol  1e-08
MIPGap  0.005
OptimalityTol  1e-08
Method  2
Crossover  2
DegenMoves  0
MIPFocus  3
NodeMethod  1
DualReductions  0
InfUnbdInfo  1
LogToConsole  0
Seed  20260929
Threads  1

Optimize a model with 13 rows, 13 columns and 27 nonzeros (Min)
Model fingerprint: 0x0a6789b1
Model has 1 linear objective coefficients
Variable types: 7 continuous, 6 integer (6 binary)
Coefficient statistics:
  Matrix range     [4e-01, 6e+02]
  Objective range  [1e+00, 1e+00]
  Bounds range     [1e+00, 4e+00]
  RHS range        [6e-01, 2e+01]

MIP start from previous solve produced solution with objective 0.6 (0.00s)
Loaded MIP start from previous solve with objective 0.6

Presolve removed 13 rows and 11 columns
Presolve time: 0.00s
Presolved: 0 rows, 2 columns, 0 nonzeros
Variable types: 1 continuous, 1 integer (1 binary)

Explored 0 nodes (0 simplex iterations) in 0.00 seconds (0.00 work units)
Thread count was 1 (of 16 available processors)

Solution count 1: 0.6 

Optimal solution found (tolerance 5.00e-03)
Best objective 6.000000000000e-01, best bound 6.000000000000e-01, gap 0.0000%
