
Gurobi 13.0.2 (win64) logging started Thu Oct  8 13:50:16 2026

Set parameter OutputFlag to value 1
Gurobi Optimizer version 13.0.2 build v13.0.2rc1 (win64 - Windows 11+.0 (26200.2))

CPU model: 13th Gen Intel(R) Core(TM) i7-13620H, instruction set [SSE2|AVX|AVX2]
Thread count: 10 physical cores, 16 logical processors, using up to 1 threads

Non-default parameters:
TimeLimit  60
FeasibilityTol  1e-08
IntFeasTol  1e-08
MIPGap  0.005
OptimalityTol  1e-08
Method  2
Crossover  2
DegenMoves  0
MIPFocus  3
NodeMethod  1
DualReductions  0
InfUnbdInfo  1
LogToConsole  0
Seed  20260929
Threads  1

Optimize a model with 286 rows, 83 columns and 995 nonzeros (Min)
Model fingerprint: 0xe6ddb743
Model has 1 linear objective coefficients
Variable types: 65 continuous, 18 integer (18 binary)
Coefficient statistics:
  Matrix range     [1e-01, 1e+03]
  Objective range  [1e+00, 1e+00]
  Bounds range     [1e+00, 1e+03]
  RHS range        [1e+00, 7e+02]

Presolve removed 176 rows and 56 columns
Presolve time: 0.00s
Presolved: 110 rows, 27 columns, 381 nonzeros
Variable types: 19 continuous, 8 integer (8 binary)
Found heuristic solution: objective 0.6725361
Found heuristic solution: objective 0.6000000
Root relaxation presolved: 93 rows, 38 columns, 330 nonzeros

Root barrier log...

Ordering time: 0.00s

Barrier statistics:
 AA' NZ     : 1.395e+03
 Factor NZ  : 1.715e+03
 Factor Ops : 3.852e+04 (less than 1 second per iteration)
 Threads    : 1

                  Objective                Residual
Iter       Primal          Dual         Primal    Dual     Compl     Time
   0   2.30486873e+00 -1.49205770e+02  1.76e+02 0.00e+00  6.62e+00     0s
   1   1.23752387e+00 -1.20483640e+02  3.07e+01 2.08e-17  1.31e+00     0s
   2   7.14464769e-01 -2.46220273e+01  5.57e+00 3.16e-15  1.92e-01     0s
   3   5.98640859e-01 -1.75523338e+00  2.27e-13 8.62e-18  1.51e-02     0s
   4   5.97654573e-01  2.06722730e-01  1.18e-12 1.96e-18  2.51e-03     0s
   5   5.92054046e-01  4.61424740e-01  6.54e-13 2.42e-19  8.37e-04     0s
   6   5.57269759e-01  5.45946763e-01  2.06e-12 2.24e-20  7.26e-05     0s
   7   5.54325638e-01  5.54228715e-01  5.70e-13 8.99e-20  6.21e-07     0s
   8   5.54263628e-01  5.54263531e-01  6.11e-13 4.63e-18  6.21e-10     0s
   9   5.54263566e-01  5.54263566e-01  8.88e-14 1.42e-16  6.55e-16     0s

Barrier solved model in 9 iterations and 0.01 seconds (0.00 work units)
Optimal objective 5.54263566e-01

Crossover time: 0.00 seconds (0.00 work units)

Root relaxation: objective 5.542636e-01, 17 iterations, 0.00 seconds (0.00 work units)

    Nodes    |    Current Node    |     Objective Bounds      |     Work
 Expl Unexpl |  Obj  Depth IntInf | Incumbent    BestBd   Gap | It/Node Time

     0     0    0.55426    0    2    0.60000    0.55426  7.62%     -    0s
     0     0    0.55448    0    1    0.60000    0.55448  7.59%     -    0s
     0     0    0.55449    0    1    0.60000    0.55449  7.59%     -    0s
     0     0    0.55449    0    2    0.60000    0.55449  7.59%     -    0s
     0     0    0.55449    0    2    0.60000    0.55449  7.59%     -    0s
     0     0    0.55572    0    5    0.60000    0.55572  7.38%     -    0s
     0     0    0.55573    0    5    0.60000    0.55573  7.38%     -    0s
     0     0    0.55642    0    5    0.60000    0.55642  7.26%     -    0s
H    0     0                       0.5565866    0.55642  0.03%     -    0s

Cutting planes:
  Gomory: 1
  Lift-and-project: 1
  MIR: 2
  Knapsack: 2
  Flow cover: 5

Explored 1 nodes (70 simplex iterations) in 0.04 seconds (0.02 work units)
Thread count was 1 (of 16 available processors)

Solution count 3: 0.556587 0.6 0.672536 

Optimal solution found (tolerance 5.00e-03)
Best objective 5.565866383267e-01, best bound 5.564249196687e-01, gap 0.0291%

Gurobi 13.0.2 (win64) logging started Thu Oct  8 13:51:06 2026

Set parameter OutputFlag to value 1
Gurobi Optimizer version 13.0.2 build v13.0.2rc1 (win64 - Windows 11+.0 (26200.2))

CPU model: 13th Gen Intel(R) Core(TM) i7-13620H, instruction set [SSE2|AVX|AVX2]
Thread count: 10 physical cores, 16 logical processors, using up to 1 threads

Non-default parameters:
TimeLimit  60
FeasibilityTol  1e-08
IntFeasTol  1e-08
MIPGap  0.005
OptimalityTol  1e-08
Method  2
Crossover  2
DegenMoves  0
MIPFocus  3
NodeMethod  1
DualReductions  0
InfUnbdInfo  1
LogToConsole  0
Seed  20260929
Threads  1

Optimize a model with 286 rows, 83 columns and 995 nonzeros (Min)
Model fingerprint: 0xe6ddb743
Model has 1 linear objective coefficients
Variable types: 65 continuous, 18 integer (18 binary)
Coefficient statistics:
  Matrix range     [1e-01, 1e+03]
  Objective range  [1e+00, 1e+00]
  Bounds range     [1e+00, 1e+03]
  RHS range        [1e+00, 7e+02]

Presolve removed 176 rows and 56 columns
Presolve time: 0.00s
Presolved: 110 rows, 27 columns, 381 nonzeros
Variable types: 19 continuous, 8 integer (8 binary)
Found heuristic solution: objective 0.6725361
Found heuristic solution: objective 0.6000000
Root relaxation presolved: 93 rows, 38 columns, 330 nonzeros

Root barrier log...

Ordering time: 0.00s

Barrier statistics:
 AA' NZ     : 1.395e+03
 Factor NZ  : 1.715e+03
 Factor Ops : 3.852e+04 (less than 1 second per iteration)
 Threads    : 1

                  Objective                Residual
Iter       Primal          Dual         Primal    Dual     Compl     Time
   0   2.30486873e+00 -1.49205770e+02  1.76e+02 0.00e+00  6.62e+00     0s
   1   1.23752387e+00 -1.20483640e+02  3.07e+01 2.08e-17  1.31e+00     0s
   2   7.14464769e-01 -2.46220273e+01  5.57e+00 3.16e-15  1.92e-01     0s
   3   5.98640859e-01 -1.75523338e+00  2.27e-13 8.62e-18  1.51e-02     0s
   4   5.97654573e-01  2.06722730e-01  1.18e-12 1.96e-18  2.51e-03     0s
   5   5.92054046e-01  4.61424740e-01  6.54e-13 2.42e-19  8.37e-04     0s
   6   5.57269759e-01  5.45946763e-01  2.06e-12 2.24e-20  7.26e-05     0s
   7   5.54325638e-01  5.54228715e-01  5.70e-13 8.99e-20  6.21e-07     0s
   8   5.54263628e-01  5.54263531e-01  6.11e-13 4.63e-18  6.21e-10     0s
   9   5.54263566e-01  5.54263566e-01  8.88e-14 1.42e-16  6.55e-16     0s

Barrier solved model in 9 iterations and 0.01 seconds (0.00 work units)
Optimal objective 5.54263566e-01

Crossover time: 0.00 seconds (0.00 work units)

Root relaxation: objective 5.542636e-01, 17 iterations, 0.00 seconds (0.00 work units)

    Nodes    |    Current Node    |     Objective Bounds      |     Work
 Expl Unexpl |  Obj  Depth IntInf | Incumbent    BestBd   Gap | It/Node Time

     0     0    0.55426    0    2    0.60000    0.55426  7.62%     -    0s
     0     0    0.55448    0    1    0.60000    0.55448  7.59%     -    0s
     0     0    0.55449    0    1    0.60000    0.55449  7.59%     -    0s
     0     0    0.55449    0    2    0.60000    0.55449  7.59%     -    0s
     0     0    0.55449    0    2    0.60000    0.55449  7.59%     -    0s
     0     0    0.55572    0    5    0.60000    0.55572  7.38%     -    0s
     0     0    0.55573    0    5    0.60000    0.55573  7.38%     -    0s
     0     0    0.55642    0    5    0.60000    0.55642  7.26%     -    0s
H    0     0                       0.5565866    0.55642  0.03%     -    0s

Cutting planes:
  Gomory: 1
  Lift-and-project: 1
  MIR: 2
  Knapsack: 2
  Flow cover: 5

Explored 1 nodes (70 simplex iterations) in 0.03 seconds (0.02 work units)
Thread count was 1 (of 16 available processors)

Solution count 3: 0.556587 0.6 0.672536 

Optimal solution found (tolerance 5.00e-03)
Best objective 5.565866383267e-01, best bound 5.564249196687e-01, gap 0.0291%
