
Gurobi 13.0.2 (win64) logging started Thu Oct  8 13:50:16 2026

Set parameter OutputFlag to value 1
Gurobi Optimizer version 13.0.2 build v13.0.2rc1 (win64 - Windows 11+.0 (26200.2))

CPU model: 13th Gen Intel(R) Core(TM) i7-13620H, instruction set [SSE2|AVX|AVX2]
Thread count: 10 physical cores, 16 logical processors, using up to 1 threads

Non-default parameters:
TimeLimit  60
FeasibilityTol  1e-08
IntFeasTol  1e-08
MIPGap  0.005
OptimalityTol  1e-08
Method  2
Crossover  2
DegenMoves  0
MIPFocus  3
NodeMethod  1
DualReductions  0
InfUnbdInfo  1
LogToConsole  0
Seed  20260929
Threads  1

Optimize a model with 28 rows, 39 columns and 72 nonzeros (Min)
Model fingerprint: 0x14966195
Model has 1 linear objective coefficients
Variable types: 21 continuous, 18 integer (18 binary)
Coefficient statistics:
  Matrix range     [1e+00, 1e+00]
  Objective range  [1e+00, 1e+00]
  Bounds range     [1e+00, 4e+00]
  RHS range        [1e+00, 1e+00]

Found heuristic solution: objective 0.0000000

Explored 0 nodes (0 simplex iterations) in 0.00 seconds (0.00 work units)
Thread count was 1 (of 16 available processors)

Solution count 1: 0 

Optimal solution found (tolerance 5.00e-03)
Best objective 0.000000000000e+00, best bound 0.000000000000e+00, gap 0.0000%
Gurobi Optimizer version 13.0.2 build v13.0.2rc1 (win64 - Windows 11+.0 (26200.2))

CPU model: 13th Gen Intel(R) Core(TM) i7-13620H, instruction set [SSE2|AVX|AVX2]
Thread count: 10 physical cores, 16 logical processors, using up to 1 threads

Non-default parameters:
TimeLimit  60
FeasibilityTol  1e-08
IntFeasTol  1e-08
MIPGap  0.005
OptimalityTol  1e-08
Method  2
Crossover  2
DegenMoves  0
MIPFocus  3
NodeMethod  1
DualReductions  0
InfUnbdInfo  1
LogToConsole  0
Seed  20260929
Threads  1

Optimize a model with 29 rows, 39 columns and 75 nonzeros (Min)
Model fingerprint: 0x7831e50e
Model has 1 linear objective coefficients
Variable types: 21 continuous, 18 integer (18 binary)
Coefficient statistics:
  Matrix range     [6e-01, 1e+00]
  Objective range  [1e+00, 1e+00]
  Bounds range     [1e+00, 4e+00]
  RHS range        [5e-01, 1e+00]

MIP start from previous solve produced solution with objective 0.7 (0.00s)
Loaded MIP start from previous solve with objective 0.7

Presolve removed 28 rows and 30 columns
Presolve time: 0.00s
Presolved: 1 rows, 9 columns, 3 nonzeros
Variable types: 1 continuous, 8 integer (8 binary)
Root relaxation presolved: 1 rows, 9 columns, 3 nonzeros

Root barrier log...

Ordering time: 0.00s

Barrier statistics:
 AA' NZ     : 0.000e+00
 Factor NZ  : 1.000e+00
 Factor Ops : 1.000e+00 (less than 1 second per iteration)
 Threads    : 1

                  Objective                Residual
Iter       Primal          Dual         Primal    Dual     Compl     Time
   0   6.19552229e-01 -7.60817828e+00  6.74e-01 0.00e+00  7.32e-01     0s
   1   1.70519114e-01 -1.23741467e+00  1.11e-16 0.00e+00  7.41e-02     0s
   2   7.93683046e-03 -2.82590430e-02  0.00e+00 1.25e-16  1.91e-03     0s
   3   7.82865587e-06 -2.83695011e-05  1.11e-16 1.56e-17  1.91e-06     0s
   4   7.82857986e-09 -2.83695771e-08  1.11e-16 0.00e+00  1.91e-09     0s
   5   7.82858065e-15 -2.83695799e-14  1.11e-16 2.44e-16  1.91e-15     0s

Barrier solved model in 5 iterations and 0.00 seconds (0.00 work units)
Optimal objective 7.82858065e-15

Crossover time: 0.00 seconds (0.00 work units)

Root relaxation: objective 0.000000e+00, 3 iterations, 0.00 seconds (0.00 work units)

    Nodes    |    Current Node    |     Objective Bounds      |     Work
 Expl Unexpl |  Obj  Depth IntInf | Incumbent    BestBd   Gap | It/Node Time

*    0     0               0       0.0000000    0.00000  0.00%     -    0s

Explored 1 nodes (3 simplex iterations) in 0.00 seconds (0.00 work units)
Thread count was 1 (of 16 available processors)

Solution count 2: 0 0.7 

Optimal solution found (tolerance 5.00e-03)
Best objective 0.000000000000e+00, best bound 0.000000000000e+00, gap 0.0000%
Gurobi Optimizer version 13.0.2 build v13.0.2rc1 (win64 - Windows 11+.0 (26200.2))

CPU model: 13th Gen Intel(R) Core(TM) i7-13620H, instruction set [SSE2|AVX|AVX2]
Thread count: 10 physical cores, 16 logical processors, using up to 1 threads

Non-default parameters:
TimeLimit  60
FeasibilityTol  1e-08
IntFeasTol  1e-08
MIPGap  0.005
OptimalityTol  1e-08
Method  2
Crossover  2
DegenMoves  0
MIPFocus  3
NodeMethod  1
DualReductions  0
InfUnbdInfo  1
LogToConsole  0
Seed  20260929
Threads  1

Optimize a model with 30 rows, 39 columns and 78 nonzeros (Min)
Model fingerprint: 0x2404c8ae
Model has 1 linear objective coefficients
Variable types: 21 continuous, 18 integer (18 binary)
Coefficient statistics:
  Matrix range     [6e-01, 1e+00]
  Objective range  [1e+00, 1e+00]
  Bounds range     [1e+00, 4e+00]
  RHS range        [5e-01, 1e+00]

MIP start from previous solve produced solution with objective 0.6 (0.00s)
Loaded MIP start from previous solve with objective 0.6

Presolve removed 28 rows and 30 columns
Presolve time: 0.00s
Presolved: 2 rows, 9 columns, 6 nonzeros
Variable types: 1 continuous, 8 integer (8 binary)
Root relaxation presolved: 2 rows, 9 columns, 6 nonzeros

Root barrier log...

Ordering time: 0.00s

Barrier statistics:
 AA' NZ     : 1.000e+00
 Factor NZ  : 3.000e+00
 Factor Ops : 5.000e+00 (less than 1 second per iteration)
 Threads    : 1

                  Objective                Residual
Iter       Primal          Dual         Primal    Dual     Compl     Time
   0   5.49179096e-01 -6.73078720e+00  7.10e-01 0.00e+00  6.48e-01     0s
   1   1.71002771e-01 -1.22159734e+00  1.67e-16 1.39e-16  6.96e-02     0s
   2   2.38047186e-02 -6.56618153e-02  1.11e-16 5.55e-17  4.47e-03     0s
   3   2.35286931e-05 -9.63923039e-05  1.11e-16 2.84e-16  6.00e-06     0s
   4   2.35291231e-08 -9.63918738e-08  1.11e-16 2.05e-17  6.00e-09     0s
   5   2.35291255e-14 -9.63918835e-14  1.11e-16 2.54e-16  6.00e-15     0s

Barrier solved model in 5 iterations and 0.00 seconds (0.00 work units)
Optimal objective 2.35291255e-14

Crossover time: 0.00 seconds (0.00 work units)

Root relaxation: objective 0.000000e+00, 3 iterations, 0.00 seconds (0.00 work units)

    Nodes    |    Current Node    |     Objective Bounds      |     Work
 Expl Unexpl |  Obj  Depth IntInf | Incumbent    BestBd   Gap | It/Node Time

*    0     0               0       0.0000000    0.00000  0.00%     -    0s

Explored 1 nodes (3 simplex iterations) in 0.00 seconds (0.00 work units)
Thread count was 1 (of 16 available processors)

Solution count 2: 0 0.6 

Optimal solution found (tolerance 5.00e-03)
Best objective 0.000000000000e+00, best bound 0.000000000000e+00, gap 0.0000%
Gurobi Optimizer version 13.0.2 build v13.0.2rc1 (win64 - Windows 11+.0 (26200.2))

CPU model: 13th Gen Intel(R) Core(TM) i7-13620H, instruction set [SSE2|AVX|AVX2]
Thread count: 10 physical cores, 16 logical processors, using up to 1 threads

Non-default parameters:
TimeLimit  60
FeasibilityTol  1e-08
IntFeasTol  1e-08
MIPGap  0.005
OptimalityTol  1e-08
Method  2
Crossover  2
DegenMoves  0
MIPFocus  3
NodeMethod  1
DualReductions  0
InfUnbdInfo  1
LogToConsole  0
Seed  20260929
Threads  1

Optimize a model with 31 rows, 39 columns and 82 nonzeros (Min)
Model fingerprint: 0x3c10f6ba
Model has 1 linear objective coefficients
Variable types: 21 continuous, 18 integer (18 binary)
Coefficient statistics:
  Matrix range     [6e-01, 6e+02]
  Objective range  [1e+00, 1e+00]
  Bounds range     [1e+00, 4e+00]
  RHS range        [1e-13, 1e+00]

MIP start from previous solve did not produce a new incumbent solution
MIP start from previous solve violates constraint R30 by 21.052631579

Found heuristic solution: objective 0.0000000

Explored 0 nodes (0 simplex iterations) in 0.00 seconds (0.00 work units)
Thread count was 1 (of 16 available processors)

Solution count 1: 0 

Optimal solution found (tolerance 5.00e-03)
Best objective 0.000000000000e+00, best bound 0.000000000000e+00, gap 0.0000%
Gurobi Optimizer version 13.0.2 build v13.0.2rc1 (win64 - Windows 11+.0 (26200.2))

CPU model: 13th Gen Intel(R) Core(TM) i7-13620H, instruction set [SSE2|AVX|AVX2]
Thread count: 10 physical cores, 16 logical processors, using up to 1 threads

Non-default parameters:
TimeLimit  60
FeasibilityTol  1e-08
IntFeasTol  1e-08
MIPGap  0.005
OptimalityTol  1e-08
Method  2
Crossover  2
DegenMoves  0
MIPFocus  3
NodeMethod  1
DualReductions  0
InfUnbdInfo  1
LogToConsole  0
Seed  20260929
Threads  1

Optimize a model with 32 rows, 39 columns and 85 nonzeros (Min)
Model fingerprint: 0x3b5fb8a5
Model has 1 linear objective coefficients
Variable types: 21 continuous, 18 integer (18 binary)
Coefficient statistics:
  Matrix range     [6e-01, 6e+02]
  Objective range  [1e+00, 1e+00]
  Bounds range     [1e+00, 4e+00]
  RHS range        [1e-13, 3e+02]

MIP start from previous solve did not produce a new incumbent solution
MIP start from previous solve violates constraint R31 by 21.052631579

Found heuristic solution: objective 0.0000000

Explored 0 nodes (0 simplex iterations) in 0.00 seconds (0.00 work units)
Thread count was 1 (of 16 available processors)

Solution count 1: 0 

Optimal solution found (tolerance 5.00e-03)
Best objective 0.000000000000e+00, best bound 0.000000000000e+00, gap 0.0000%
Gurobi Optimizer version 13.0.2 build v13.0.2rc1 (win64 - Windows 11+.0 (26200.2))

CPU model: 13th Gen Intel(R) Core(TM) i7-13620H, instruction set [SSE2|AVX|AVX2]
Thread count: 10 physical cores, 16 logical processors, using up to 1 threads

Non-default parameters:
TimeLimit  60
FeasibilityTol  1e-08
IntFeasTol  1e-08
MIPGap  0.005
OptimalityTol  1e-08
Method  2
Crossover  2
DegenMoves  0
MIPFocus  3
NodeMethod  1
DualReductions  0
InfUnbdInfo  1
LogToConsole  0
Seed  20260929
Threads  1

Optimize a model with 33 rows, 39 columns and 91 nonzeros (Min)
Model fingerprint: 0x2671e62b
Model has 1 linear objective coefficients
Variable types: 21 continuous, 18 integer (18 binary)
Coefficient statistics:
  Matrix range     [2e-02, 6e+02]
  Objective range  [1e+00, 1e+00]
  Bounds range     [1e+00, 4e+00]
  RHS range        [1e-13, 3e+02]

MIP start from previous solve produced solution with objective 0.621053 (0.00s)
Loaded MIP start from previous solve with objective 0.621053

Presolve removed 28 rows and 30 columns
Presolve time: 0.00s
Presolved: 5 rows, 9 columns, 17 nonzeros
Variable types: 1 continuous, 8 integer (8 binary)
Root relaxation presolved: 5 rows, 9 columns, 17 nonzeros

Root barrier log...

Ordering time: 0.00s

Barrier statistics:
 AA' NZ     : 9.000e+00
 Factor NZ  : 1.500e+01
 Factor Ops : 5.500e+01 (less than 1 second per iteration)
 Threads    : 1

                  Objective                Residual
Iter       Primal          Dual         Primal    Dual     Compl     Time
   0   5.39570469e-01 -5.91589509e+00  8.80e-01 1.11e-16  6.12e-01     0s
   1   2.20626103e-01 -1.48787778e+00  4.44e-16 9.71e-17  7.43e-02     0s
   2   2.56551759e-04 -1.60494002e-01  2.22e-16 2.78e-17  6.99e-03     0s
   3   6.93665738e-05 -1.60384355e-04  3.33e-16 2.95e-16  9.99e-06     0s
   4   6.94140831e-08 -1.60336846e-07  1.11e-15 1.16e-20  9.99e-09     0s
   5   6.94141306e-11 -1.60336798e-10  4.44e-16 2.41e-16  9.99e-12     0s

Barrier solved model in 5 iterations and 0.00 seconds (0.00 work units)
Optimal objective 6.94141306e-11

Crossover time: 0.00 seconds (0.00 work units)

Root relaxation: objective 0.000000e+00, 4 iterations, 0.00 seconds (0.00 work units)

    Nodes    |    Current Node    |     Objective Bounds      |     Work
 Expl Unexpl |  Obj  Depth IntInf | Incumbent    BestBd   Gap | It/Node Time

     0     0    0.00000    0    1    0.62105    0.00000   100%     -    0s
H    0     0                       0.1000000    0.00000   100%     -    0s
H    0     0                       0.0000000    0.00000  0.00%     -    0s
     0     0    0.00000    0    1    0.00000    0.00000  0.00%     -    0s

Explored 1 nodes (4 simplex iterations) in 0.01 seconds (0.00 work units)
Thread count was 1 (of 16 available processors)

Solution count 3: 0 0.1 0.621053 

Optimal solution found (tolerance 5.00e-03)
Best objective 0.000000000000e+00, best bound 0.000000000000e+00, gap 0.0000%
Gurobi Optimizer version 13.0.2 build v13.0.2rc1 (win64 - Windows 11+.0 (26200.2))

CPU model: 13th Gen Intel(R) Core(TM) i7-13620H, instruction set [SSE2|AVX|AVX2]
Thread count: 10 physical cores, 16 logical processors, using up to 1 threads

Non-default parameters:
TimeLimit  60
FeasibilityTol  1e-08
IntFeasTol  1e-08
MIPGap  0.005
OptimalityTol  1e-08
Method  2
Crossover  2
DegenMoves  0
MIPFocus  3
NodeMethod  1
DualReductions  0
InfUnbdInfo  1
LogToConsole  0
Seed  20260929
Threads  1

Optimize a model with 34 rows, 39 columns and 94 nonzeros (Min)
Model fingerprint: 0x8b97ec05
Model has 1 linear objective coefficients
Variable types: 21 continuous, 18 integer (18 binary)
Coefficient statistics:
  Matrix range     [2e-02, 6e+02]
  Objective range  [1e+00, 1e+00]
  Bounds range     [1e+00, 4e+00]
  RHS range        [1e-13, 3e+02]

MIP start from previous solve did not produce a new incumbent solution
MIP start from previous solve violates constraint R33 by 21.052631579

Found heuristic solution: objective 0.6210526
Presolve removed 28 rows and 30 columns
Presolve time: 0.00s
Presolved: 6 rows, 9 columns, 20 nonzeros
Variable types: 1 continuous, 8 integer (8 binary)
Root relaxation presolved: 6 rows, 9 columns, 20 nonzeros

Root barrier log...

Ordering time: 0.00s

Barrier statistics:
 AA' NZ     : 1.300e+01
 Factor NZ  : 2.100e+01
 Factor Ops : 9.100e+01 (less than 1 second per iteration)
 Threads    : 1

                  Objective                Residual
Iter       Primal          Dual         Primal    Dual     Compl     Time
   0   5.25093786e-01 -5.90867435e+00  8.68e-01 0.00e+00  5.97e-01     0s
   1   2.19352320e-01 -1.48756003e+00  5.55e-16 1.94e-16  7.11e-02     0s
   2   5.86371155e-04 -1.94988898e-01  2.22e-16 1.67e-16  8.15e-03     0s
   3   1.75480452e-04 -1.94733868e-04  2.22e-16 6.82e-18  1.54e-05     0s
   4   1.75604847e-07 -1.94609474e-07  8.88e-16 4.98e-17  1.54e-08     0s
   5   1.75604972e-10 -1.94609350e-10  3.33e-16 2.90e-24  1.54e-11     0s

Barrier solved model in 5 iterations and 0.00 seconds (0.00 work units)
Optimal objective 1.75604972e-10

Crossover time: 0.00 seconds (0.00 work units)

Root relaxation: objective 0.000000e+00, 4 iterations, 0.00 seconds (0.00 work units)

    Nodes    |    Current Node    |     Objective Bounds      |     Work
 Expl Unexpl |  Obj  Depth IntInf | Incumbent    BestBd   Gap | It/Node Time

     0     0    0.00000    0    1    0.62105    0.00000   100%     -    0s
H    0     0                       0.1000000    0.00000   100%     -    0s
H    0     0                       0.0000000    0.00000  0.00%     -    0s
     0     0    0.00000    0    1    0.00000    0.00000  0.00%     -    0s

Explored 1 nodes (4 simplex iterations) in 0.00 seconds (0.00 work units)
Thread count was 1 (of 16 available processors)

Solution count 3: 0 0.1 0.621053 

Optimal solution found (tolerance 5.00e-03)
Best objective 0.000000000000e+00, best bound 0.000000000000e+00, gap 0.0000%
Gurobi Optimizer version 13.0.2 build v13.0.2rc1 (win64 - Windows 11+.0 (26200.2))

CPU model: 13th Gen Intel(R) Core(TM) i7-13620H, instruction set [SSE2|AVX|AVX2]
Thread count: 10 physical cores, 16 logical processors, using up to 1 threads

Non-default parameters:
TimeLimit  60
FeasibilityTol  1e-08
IntFeasTol  1e-08
MIPGap  0.005
OptimalityTol  1e-08
Method  2
Crossover  2
DegenMoves  0
MIPFocus  3
NodeMethod  1
DualReductions  0
InfUnbdInfo  1
LogToConsole  0
Seed  20260929
Threads  1

Optimize a model with 35 rows, 39 columns and 100 nonzeros (Min)
Model fingerprint: 0x5cfa79b0
Model has 1 linear objective coefficients
Variable types: 21 continuous, 18 integer (18 binary)
Coefficient statistics:
  Matrix range     [2e-02, 6e+02]
  Objective range  [1e+00, 1e+00]
  Bounds range     [1e+00, 4e+00]
  RHS range        [1e-13, 3e+02]

MIP start from previous solve produced solution with objective 0.621053 (0.00s)
Loaded MIP start from previous solve with objective 0.621053

Presolve removed 28 rows and 30 columns
Presolve time: 0.00s
Presolved: 7 rows, 9 columns, 24 nonzeros
Variable types: 1 continuous, 8 integer (8 binary)
Root relaxation presolved: 7 rows, 9 columns, 24 nonzeros

Root barrier log...

Ordering time: 0.00s

Barrier statistics:
 AA' NZ     : 1.800e+01
 Factor NZ  : 2.800e+01
 Factor Ops : 1.400e+02 (less than 1 second per iteration)
 Threads    : 1

                  Objective                Residual
Iter       Primal          Dual         Primal    Dual     Compl     Time
   0   5.23173403e-01 -5.27733830e+00  8.62e-01 0.00e+00  5.24e-01     0s
   1   2.62565690e-01 -1.29462424e+00  3.33e-16 2.78e-17  6.23e-02     0s
   2   4.18651571e-02 -4.96561106e-02  1.67e-16 6.59e-17  3.66e-03     0s
   3   1.24927657e-02 -3.95601970e-03  1.11e-16 2.60e-17  6.58e-04     0s
   4   8.21225740e-03  7.52930405e-03  1.17e-15 3.51e-17  2.73e-05     0s
   5   8.11141539e-03  8.11124744e-03  5.66e-15 3.42e-17  6.72e-09     0s
   6   8.11126125e-03  8.11126125e-03  1.94e-15 1.77e-17  6.72e-15     0s

Barrier solved model in 6 iterations and 0.00 seconds (0.00 work units)
Optimal objective 8.11126125e-03

Crossover time: 0.00 seconds (0.00 work units)

Root relaxation: objective 8.111261e-03, 3 iterations, 0.00 seconds (0.00 work units)

    Nodes    |    Current Node    |     Objective Bounds      |     Work
 Expl Unexpl |  Obj  Depth IntInf | Incumbent    BestBd   Gap | It/Node Time

     0     0    0.00811    0    2    0.62105    0.00811  98.7%     -    0s
H    0     0                       0.2287385    0.00811  96.5%     -    0s
     0     0    0.04696    0    4    0.22874    0.04696  79.5%     -    0s
*    0     0               0       0.1000000    0.10000  0.00%     -    0s

Cutting planes:
  Gomory: 2
  MIR: 1
  Flow cover: 1
  RLT: 1
  Relax-and-lift: 1

Explored 1 nodes (6 simplex iterations) in 0.00 seconds (0.00 work units)
Thread count was 1 (of 16 available processors)

Solution count 3: 0.1 0.228739 0.621053 

Optimal solution found (tolerance 5.00e-03)
Best objective 1.000000000000e-01, best bound 1.000000000000e-01, gap 0.0000%
Gurobi Optimizer version 13.0.2 build v13.0.2rc1 (win64 - Windows 11+.0 (26200.2))

CPU model: 13th Gen Intel(R) Core(TM) i7-13620H, instruction set [SSE2|AVX|AVX2]
Thread count: 10 physical cores, 16 logical processors, using up to 1 threads

Non-default parameters:
TimeLimit  60
FeasibilityTol  1e-08
IntFeasTol  1e-08
MIPGap  0.005
OptimalityTol  1e-08
Method  2
Crossover  2
DegenMoves  0
MIPFocus  3
NodeMethod  1
DualReductions  0
InfUnbdInfo  1
LogToConsole  0
Seed  20260929
Threads  1

Optimize a model with 36 rows, 39 columns and 103 nonzeros (Min)
Model fingerprint: 0xf90ccfaa
Model has 1 linear objective coefficients
Variable types: 21 continuous, 18 integer (18 binary)
Coefficient statistics:
  Matrix range     [2e-02, 6e+02]
  Objective range  [1e+00, 1e+00]
  Bounds range     [1e+00, 4e+00]
  RHS range        [1e-13, 3e+02]

MIP start from previous solve did not produce a new incumbent solution
MIP start from previous solve violates constraint R35 by 21.052631579

Found heuristic solution: objective 0.6210526
Presolve removed 28 rows and 30 columns
Presolve time: 0.00s
Presolved: 8 rows, 9 columns, 27 nonzeros
Variable types: 1 continuous, 8 integer (8 binary)
Root relaxation presolved: 8 rows, 9 columns, 27 nonzeros

Root barrier log...

Ordering time: 0.00s

Barrier statistics:
 AA' NZ     : 2.300e+01
 Factor NZ  : 3.600e+01
 Factor Ops : 2.040e+02 (less than 1 second per iteration)
 Threads    : 1

                  Objective                Residual
Iter       Primal          Dual         Primal    Dual     Compl     Time
   0   5.71326506e-01 -5.28105560e+00  9.54e-01 5.44e-03  5.48e-01     0s
   1   2.81757616e-01 -1.46030001e+00  1.67e-16 2.50e-16  6.70e-02     0s
   2   4.31058178e-02 -5.90507348e-02  2.22e-16 4.86e-17  3.93e-03     0s
   3   1.23655904e-02 -5.60650307e-03  3.33e-16 4.77e-18  6.91e-04     0s
   4   8.37592830e-03  7.54308590e-03  2.00e-15 2.56e-18  3.20e-05     0s
   5   8.11136343e-03  8.11112137e-03  1.62e-15 2.30e-17  9.31e-09     0s
   6   8.11126125e-03  8.11126125e-03  3.73e-14 1.54e-17  9.31e-15     0s

Barrier solved model in 6 iterations and 0.00 seconds (0.00 work units)
Optimal objective 8.11126125e-03

Crossover time: 0.00 seconds (0.00 work units)

Root relaxation: objective 8.111261e-03, 3 iterations, 0.00 seconds (0.00 work units)

    Nodes    |    Current Node    |     Objective Bounds      |     Work
 Expl Unexpl |  Obj  Depth IntInf | Incumbent    BestBd   Gap | It/Node Time

     0     0    0.00811    0    2    0.62105    0.00811  98.7%     -    0s
H    0     0                       0.2287385    0.00811  96.5%     -    0s
     0     0    0.04696    0    4    0.22874    0.04696  79.5%     -    0s
*    0     0               0       0.1000000    0.10000  0.00%     -    0s

Cutting planes:
  Gomory: 2
  MIR: 1
  Flow cover: 1
  RLT: 1
  Relax-and-lift: 2

Explored 1 nodes (7 simplex iterations) in 0.00 seconds (0.00 work units)
Thread count was 1 (of 16 available processors)

Solution count 3: 0.1 0.228739 0.621053 

Optimal solution found (tolerance 5.00e-03)
Best objective 1.000000000000e-01, best bound 1.000000000000e-01, gap 0.0000%

Gurobi 13.0.2 (win64) logging started Thu Oct  8 13:51:06 2026

Set parameter OutputFlag to value 1
Gurobi Optimizer version 13.0.2 build v13.0.2rc1 (win64 - Windows 11+.0 (26200.2))

CPU model: 13th Gen Intel(R) Core(TM) i7-13620H, instruction set [SSE2|AVX|AVX2]
Thread count: 10 physical cores, 16 logical processors, using up to 1 threads

Non-default parameters:
TimeLimit  60
FeasibilityTol  1e-08
IntFeasTol  1e-08
MIPGap  0.005
OptimalityTol  1e-08
Method  2
Crossover  2
DegenMoves  0
MIPFocus  3
NodeMethod  1
DualReductions  0
InfUnbdInfo  1
LogToConsole  0
Seed  20260929
Threads  1

Optimize a model with 28 rows, 39 columns and 72 nonzeros (Min)
Model fingerprint: 0x14966195
Model has 1 linear objective coefficients
Variable types: 21 continuous, 18 integer (18 binary)
Coefficient statistics:
  Matrix range     [1e+00, 1e+00]
  Objective range  [1e+00, 1e+00]
  Bounds range     [1e+00, 4e+00]
  RHS range        [1e+00, 1e+00]

Found heuristic solution: objective 0.0000000

Explored 0 nodes (0 simplex iterations) in 0.00 seconds (0.00 work units)
Thread count was 1 (of 16 available processors)

Solution count 1: 0 

Optimal solution found (tolerance 5.00e-03)
Best objective 0.000000000000e+00, best bound 0.000000000000e+00, gap 0.0000%
Gurobi Optimizer version 13.0.2 build v13.0.2rc1 (win64 - Windows 11+.0 (26200.2))

CPU model: 13th Gen Intel(R) Core(TM) i7-13620H, instruction set [SSE2|AVX|AVX2]
Thread count: 10 physical cores, 16 logical processors, using up to 1 threads

Non-default parameters:
TimeLimit  60
FeasibilityTol  1e-08
IntFeasTol  1e-08
MIPGap  0.005
OptimalityTol  1e-08
Method  2
Crossover  2
DegenMoves  0
MIPFocus  3
NodeMethod  1
DualReductions  0
InfUnbdInfo  1
LogToConsole  0
Seed  20260929
Threads  1

Optimize a model with 29 rows, 39 columns and 75 nonzeros (Min)
Model fingerprint: 0x7831e50e
Model has 1 linear objective coefficients
Variable types: 21 continuous, 18 integer (18 binary)
Coefficient statistics:
  Matrix range     [6e-01, 1e+00]
  Objective range  [1e+00, 1e+00]
  Bounds range     [1e+00, 4e+00]
  RHS range        [5e-01, 1e+00]

MIP start from previous solve produced solution with objective 0.7 (0.00s)
Loaded MIP start from previous solve with objective 0.7

Presolve removed 28 rows and 30 columns
Presolve time: 0.00s
Presolved: 1 rows, 9 columns, 3 nonzeros
Variable types: 1 continuous, 8 integer (8 binary)
Root relaxation presolved: 1 rows, 9 columns, 3 nonzeros

Root barrier log...

Ordering time: 0.00s

Barrier statistics:
 AA' NZ     : 0.000e+00
 Factor NZ  : 1.000e+00
 Factor Ops : 1.000e+00 (less than 1 second per iteration)
 Threads    : 1

                  Objective                Residual
Iter       Primal          Dual         Primal    Dual     Compl     Time
   0   6.19552229e-01 -7.60817828e+00  6.74e-01 0.00e+00  7.32e-01     0s
   1   1.70519114e-01 -1.23741467e+00  1.11e-16 0.00e+00  7.41e-02     0s
   2   7.93683046e-03 -2.82590430e-02  0.00e+00 1.25e-16  1.91e-03     0s
   3   7.82865587e-06 -2.83695011e-05  1.11e-16 1.56e-17  1.91e-06     0s
   4   7.82857986e-09 -2.83695771e-08  1.11e-16 0.00e+00  1.91e-09     0s
   5   7.82858065e-15 -2.83695799e-14  1.11e-16 2.44e-16  1.91e-15     0s

Barrier solved model in 5 iterations and 0.00 seconds (0.00 work units)
Optimal objective 7.82858065e-15

Crossover time: 0.00 seconds (0.00 work units)

Root relaxation: objective 0.000000e+00, 3 iterations, 0.00 seconds (0.00 work units)

    Nodes    |    Current Node    |     Objective Bounds      |     Work
 Expl Unexpl |  Obj  Depth IntInf | Incumbent    BestBd   Gap | It/Node Time

*    0     0               0       0.0000000    0.00000  0.00%     -    0s

Explored 1 nodes (3 simplex iterations) in 0.00 seconds (0.00 work units)
Thread count was 1 (of 16 available processors)

Solution count 2: 0 0.7 

Optimal solution found (tolerance 5.00e-03)
Best objective 0.000000000000e+00, best bound 0.000000000000e+00, gap 0.0000%
Gurobi Optimizer version 13.0.2 build v13.0.2rc1 (win64 - Windows 11+.0 (26200.2))

CPU model: 13th Gen Intel(R) Core(TM) i7-13620H, instruction set [SSE2|AVX|AVX2]
Thread count: 10 physical cores, 16 logical processors, using up to 1 threads

Non-default parameters:
TimeLimit  60
FeasibilityTol  1e-08
IntFeasTol  1e-08
MIPGap  0.005
OptimalityTol  1e-08
Method  2
Crossover  2
DegenMoves  0
MIPFocus  3
NodeMethod  1
DualReductions  0
InfUnbdInfo  1
LogToConsole  0
Seed  20260929
Threads  1

Optimize a model with 30 rows, 39 columns and 78 nonzeros (Min)
Model fingerprint: 0x2404c8ae
Model has 1 linear objective coefficients
Variable types: 21 continuous, 18 integer (18 binary)
Coefficient statistics:
  Matrix range     [6e-01, 1e+00]
  Objective range  [1e+00, 1e+00]
  Bounds range     [1e+00, 4e+00]
  RHS range        [5e-01, 1e+00]

MIP start from previous solve produced solution with objective 0.6 (0.00s)
Loaded MIP start from previous solve with objective 0.6

Presolve removed 28 rows and 30 columns
Presolve time: 0.00s
Presolved: 2 rows, 9 columns, 6 nonzeros
Variable types: 1 continuous, 8 integer (8 binary)
Root relaxation presolved: 2 rows, 9 columns, 6 nonzeros

Root barrier log...

Ordering time: 0.00s

Barrier statistics:
 AA' NZ     : 1.000e+00
 Factor NZ  : 3.000e+00
 Factor Ops : 5.000e+00 (less than 1 second per iteration)
 Threads    : 1

                  Objective                Residual
Iter       Primal          Dual         Primal    Dual     Compl     Time
   0   5.49179096e-01 -6.73078720e+00  7.10e-01 0.00e+00  6.48e-01     0s
   1   1.71002771e-01 -1.22159734e+00  1.67e-16 1.39e-16  6.96e-02     0s
   2   2.38047186e-02 -6.56618153e-02  1.11e-16 5.55e-17  4.47e-03     0s
   3   2.35286931e-05 -9.63923039e-05  1.11e-16 2.84e-16  6.00e-06     0s
   4   2.35291231e-08 -9.63918738e-08  1.11e-16 2.05e-17  6.00e-09     0s
   5   2.35291255e-14 -9.63918835e-14  1.11e-16 2.54e-16  6.00e-15     0s

Barrier solved model in 5 iterations and 0.00 seconds (0.00 work units)
Optimal objective 2.35291255e-14

Crossover time: 0.00 seconds (0.00 work units)

Root relaxation: objective 0.000000e+00, 3 iterations, 0.00 seconds (0.00 work units)

    Nodes    |    Current Node    |     Objective Bounds      |     Work
 Expl Unexpl |  Obj  Depth IntInf | Incumbent    BestBd   Gap | It/Node Time

*    0     0               0       0.0000000    0.00000  0.00%     -    0s

Explored 1 nodes (3 simplex iterations) in 0.00 seconds (0.00 work units)
Thread count was 1 (of 16 available processors)

Solution count 2: 0 0.6 

Optimal solution found (tolerance 5.00e-03)
Best objective 0.000000000000e+00, best bound 0.000000000000e+00, gap 0.0000%
Gurobi Optimizer version 13.0.2 build v13.0.2rc1 (win64 - Windows 11+.0 (26200.2))

CPU model: 13th Gen Intel(R) Core(TM) i7-13620H, instruction set [SSE2|AVX|AVX2]
Thread count: 10 physical cores, 16 logical processors, using up to 1 threads

Non-default parameters:
TimeLimit  60
FeasibilityTol  1e-08
IntFeasTol  1e-08
MIPGap  0.005
OptimalityTol  1e-08
Method  2
Crossover  2
DegenMoves  0
MIPFocus  3
NodeMethod  1
DualReductions  0
InfUnbdInfo  1
LogToConsole  0
Seed  20260929
Threads  1

Optimize a model with 31 rows, 39 columns and 82 nonzeros (Min)
Model fingerprint: 0x3c10f6ba
Model has 1 linear objective coefficients
Variable types: 21 continuous, 18 integer (18 binary)
Coefficient statistics:
  Matrix range     [6e-01, 6e+02]
  Objective range  [1e+00, 1e+00]
  Bounds range     [1e+00, 4e+00]
  RHS range        [1e-13, 1e+00]

MIP start from previous solve did not produce a new incumbent solution
MIP start from previous solve violates constraint R30 by 21.052631579

Found heuristic solution: objective 0.0000000

Explored 0 nodes (0 simplex iterations) in 0.00 seconds (0.00 work units)
Thread count was 1 (of 16 available processors)

Solution count 1: 0 

Optimal solution found (tolerance 5.00e-03)
Best objective 0.000000000000e+00, best bound 0.000000000000e+00, gap 0.0000%
Gurobi Optimizer version 13.0.2 build v13.0.2rc1 (win64 - Windows 11+.0 (26200.2))

CPU model: 13th Gen Intel(R) Core(TM) i7-13620H, instruction set [SSE2|AVX|AVX2]
Thread count: 10 physical cores, 16 logical processors, using up to 1 threads

Non-default parameters:
TimeLimit  60
FeasibilityTol  1e-08
IntFeasTol  1e-08
MIPGap  0.005
OptimalityTol  1e-08
Method  2
Crossover  2
DegenMoves  0
MIPFocus  3
NodeMethod  1
DualReductions  0
InfUnbdInfo  1
LogToConsole  0
Seed  20260929
Threads  1

Optimize a model with 32 rows, 39 columns and 85 nonzeros (Min)
Model fingerprint: 0x3b5fb8a5
Model has 1 linear objective coefficients
Variable types: 21 continuous, 18 integer (18 binary)
Coefficient statistics:
  Matrix range     [6e-01, 6e+02]
  Objective range  [1e+00, 1e+00]
  Bounds range     [1e+00, 4e+00]
  RHS range        [1e-13, 3e+02]

MIP start from previous solve did not produce a new incumbent solution
MIP start from previous solve violates constraint R31 by 21.052631579

Found heuristic solution: objective 0.0000000

Explored 0 nodes (0 simplex iterations) in 0.00 seconds (0.00 work units)
Thread count was 1 (of 16 available processors)

Solution count 1: 0 

Optimal solution found (tolerance 5.00e-03)
Best objective 0.000000000000e+00, best bound 0.000000000000e+00, gap 0.0000%
Gurobi Optimizer version 13.0.2 build v13.0.2rc1 (win64 - Windows 11+.0 (26200.2))

CPU model: 13th Gen Intel(R) Core(TM) i7-13620H, instruction set [SSE2|AVX|AVX2]
Thread count: 10 physical cores, 16 logical processors, using up to 1 threads

Non-default parameters:
TimeLimit  60
FeasibilityTol  1e-08
IntFeasTol  1e-08
MIPGap  0.005
OptimalityTol  1e-08
Method  2
Crossover  2
DegenMoves  0
MIPFocus  3
NodeMethod  1
DualReductions  0
InfUnbdInfo  1
LogToConsole  0
Seed  20260929
Threads  1

Optimize a model with 33 rows, 39 columns and 91 nonzeros (Min)
Model fingerprint: 0x2671e62b
Model has 1 linear objective coefficients
Variable types: 21 continuous, 18 integer (18 binary)
Coefficient statistics:
  Matrix range     [2e-02, 6e+02]
  Objective range  [1e+00, 1e+00]
  Bounds range     [1e+00, 4e+00]
  RHS range        [1e-13, 3e+02]

MIP start from previous solve produced solution with objective 0.621053 (0.00s)
Loaded MIP start from previous solve with objective 0.621053

Presolve removed 28 rows and 30 columns
Presolve time: 0.00s
Presolved: 5 rows, 9 columns, 17 nonzeros
Variable types: 1 continuous, 8 integer (8 binary)
Root relaxation presolved: 5 rows, 9 columns, 17 nonzeros

Root barrier log...

Ordering time: 0.00s

Barrier statistics:
 AA' NZ     : 9.000e+00
 Factor NZ  : 1.500e+01
 Factor Ops : 5.500e+01 (less than 1 second per iteration)
 Threads    : 1

                  Objective                Residual
Iter       Primal          Dual         Primal    Dual     Compl     Time
   0   5.39570469e-01 -5.91589509e+00  8.80e-01 1.11e-16  6.12e-01     0s
   1   2.20626103e-01 -1.48787778e+00  4.44e-16 9.71e-17  7.43e-02     0s
   2   2.56551759e-04 -1.60494002e-01  2.22e-16 2.78e-17  6.99e-03     0s
   3   6.93665738e-05 -1.60384355e-04  3.33e-16 2.95e-16  9.99e-06     0s
   4   6.94140831e-08 -1.60336846e-07  1.11e-15 1.16e-20  9.99e-09     0s
   5   6.94141306e-11 -1.60336798e-10  4.44e-16 2.41e-16  9.99e-12     0s

Barrier solved model in 5 iterations and 0.00 seconds (0.00 work units)
Optimal objective 6.94141306e-11

Crossover time: 0.00 seconds (0.00 work units)

Root relaxation: objective 0.000000e+00, 4 iterations, 0.00 seconds (0.00 work units)

    Nodes    |    Current Node    |     Objective Bounds      |     Work
 Expl Unexpl |  Obj  Depth IntInf | Incumbent    BestBd   Gap | It/Node Time

     0     0    0.00000    0    1    0.62105    0.00000   100%     -    0s
H    0     0                       0.1000000    0.00000   100%     -    0s
H    0     0                       0.0000000    0.00000  0.00%     -    0s
     0     0    0.00000    0    1    0.00000    0.00000  0.00%     -    0s

Explored 1 nodes (4 simplex iterations) in 0.00 seconds (0.00 work units)
Thread count was 1 (of 16 available processors)

Solution count 3: 0 0.1 0.621053 

Optimal solution found (tolerance 5.00e-03)
Best objective 0.000000000000e+00, best bound 0.000000000000e+00, gap 0.0000%
Gurobi Optimizer version 13.0.2 build v13.0.2rc1 (win64 - Windows 11+.0 (26200.2))

CPU model: 13th Gen Intel(R) Core(TM) i7-13620H, instruction set [SSE2|AVX|AVX2]
Thread count: 10 physical cores, 16 logical processors, using up to 1 threads

Non-default parameters:
TimeLimit  60
FeasibilityTol  1e-08
IntFeasTol  1e-08
MIPGap  0.005
OptimalityTol  1e-08
Method  2
Crossover  2
DegenMoves  0
MIPFocus  3
NodeMethod  1
DualReductions  0
InfUnbdInfo  1
LogToConsole  0
Seed  20260929
Threads  1

Optimize a model with 34 rows, 39 columns and 94 nonzeros (Min)
Model fingerprint: 0x8b97ec05
Model has 1 linear objective coefficients
Variable types: 21 continuous, 18 integer (18 binary)
Coefficient statistics:
  Matrix range     [2e-02, 6e+02]
  Objective range  [1e+00, 1e+00]
  Bounds range     [1e+00, 4e+00]
  RHS range        [1e-13, 3e+02]

MIP start from previous solve did not produce a new incumbent solution
MIP start from previous solve violates constraint R33 by 21.052631579

Found heuristic solution: objective 0.6210526
Presolve removed 28 rows and 30 columns
Presolve time: 0.00s
Presolved: 6 rows, 9 columns, 20 nonzeros
Variable types: 1 continuous, 8 integer (8 binary)
Root relaxation presolved: 6 rows, 9 columns, 20 nonzeros

Root barrier log...

Ordering time: 0.00s

Barrier statistics:
 AA' NZ     : 1.300e+01
 Factor NZ  : 2.100e+01
 Factor Ops : 9.100e+01 (less than 1 second per iteration)
 Threads    : 1

                  Objective                Residual
Iter       Primal          Dual         Primal    Dual     Compl     Time
   0   5.25093786e-01 -5.90867435e+00  8.68e-01 0.00e+00  5.97e-01     0s
   1   2.19352320e-01 -1.48756003e+00  5.55e-16 1.94e-16  7.11e-02     0s
   2   5.86371155e-04 -1.94988898e-01  2.22e-16 1.67e-16  8.15e-03     0s
   3   1.75480452e-04 -1.94733868e-04  2.22e-16 6.82e-18  1.54e-05     0s
   4   1.75604847e-07 -1.94609474e-07  8.88e-16 4.98e-17  1.54e-08     0s
   5   1.75604972e-10 -1.94609350e-10  3.33e-16 2.90e-24  1.54e-11     0s

Barrier solved model in 5 iterations and 0.00 seconds (0.00 work units)
Optimal objective 1.75604972e-10

Crossover time: 0.00 seconds (0.00 work units)

Root relaxation: objective 0.000000e+00, 4 iterations, 0.00 seconds (0.00 work units)

    Nodes    |    Current Node    |     Objective Bounds      |     Work
 Expl Unexpl |  Obj  Depth IntInf | Incumbent    BestBd   Gap | It/Node Time

     0     0    0.00000    0    1    0.62105    0.00000   100%     -    0s
H    0     0                       0.1000000    0.00000   100%     -    0s
H    0     0                       0.0000000    0.00000  0.00%     -    0s
     0     0    0.00000    0    1    0.00000    0.00000  0.00%     -    0s

Explored 1 nodes (4 simplex iterations) in 0.00 seconds (0.00 work units)
Thread count was 1 (of 16 available processors)

Solution count 3: 0 0.1 0.621053 

Optimal solution found (tolerance 5.00e-03)
Best objective 0.000000000000e+00, best bound 0.000000000000e+00, gap 0.0000%
Gurobi Optimizer version 13.0.2 build v13.0.2rc1 (win64 - Windows 11+.0 (26200.2))

CPU model: 13th Gen Intel(R) Core(TM) i7-13620H, instruction set [SSE2|AVX|AVX2]
Thread count: 10 physical cores, 16 logical processors, using up to 1 threads

Non-default parameters:
TimeLimit  60
FeasibilityTol  1e-08
IntFeasTol  1e-08
MIPGap  0.005
OptimalityTol  1e-08
Method  2
Crossover  2
DegenMoves  0
MIPFocus  3
NodeMethod  1
DualReductions  0
InfUnbdInfo  1
LogToConsole  0
Seed  20260929
Threads  1

Optimize a model with 35 rows, 39 columns and 100 nonzeros (Min)
Model fingerprint: 0x5cfa79b0
Model has 1 linear objective coefficients
Variable types: 21 continuous, 18 integer (18 binary)
Coefficient statistics:
  Matrix range     [2e-02, 6e+02]
  Objective range  [1e+00, 1e+00]
  Bounds range     [1e+00, 4e+00]
  RHS range        [1e-13, 3e+02]

MIP start from previous solve produced solution with objective 0.621053 (0.00s)
Loaded MIP start from previous solve with objective 0.621053

Presolve removed 28 rows and 30 columns
Presolve time: 0.00s
Presolved: 7 rows, 9 columns, 24 nonzeros
Variable types: 1 continuous, 8 integer (8 binary)
Root relaxation presolved: 7 rows, 9 columns, 24 nonzeros

Root barrier log...

Ordering time: 0.00s

Barrier statistics:
 AA' NZ     : 1.800e+01
 Factor NZ  : 2.800e+01
 Factor Ops : 1.400e+02 (less than 1 second per iteration)
 Threads    : 1

                  Objective                Residual
Iter       Primal          Dual         Primal    Dual     Compl     Time
   0   5.23173403e-01 -5.27733830e+00  8.62e-01 0.00e+00  5.24e-01     0s
   1   2.62565690e-01 -1.29462424e+00  3.33e-16 2.78e-17  6.23e-02     0s
   2   4.18651571e-02 -4.96561106e-02  1.67e-16 6.59e-17  3.66e-03     0s
   3   1.24927657e-02 -3.95601970e-03  1.11e-16 2.60e-17  6.58e-04     0s
   4   8.21225740e-03  7.52930405e-03  1.17e-15 3.51e-17  2.73e-05     0s
   5   8.11141539e-03  8.11124744e-03  5.66e-15 3.42e-17  6.72e-09     0s
   6   8.11126125e-03  8.11126125e-03  1.94e-15 1.77e-17  6.72e-15     0s

Barrier solved model in 6 iterations and 0.00 seconds (0.00 work units)
Optimal objective 8.11126125e-03

Crossover time: 0.00 seconds (0.00 work units)

Root relaxation: objective 8.111261e-03, 3 iterations, 0.00 seconds (0.00 work units)

    Nodes    |    Current Node    |     Objective Bounds      |     Work
 Expl Unexpl |  Obj  Depth IntInf | Incumbent    BestBd   Gap | It/Node Time

     0     0    0.00811    0    2    0.62105    0.00811  98.7%     -    0s
H    0     0                       0.2287385    0.00811  96.5%     -    0s
     0     0    0.04696    0    4    0.22874    0.04696  79.5%     -    0s
*    0     0               0       0.1000000    0.10000  0.00%     -    0s

Cutting planes:
  Gomory: 2
  MIR: 1
  Flow cover: 1
  RLT: 1
  Relax-and-lift: 1

Explored 1 nodes (6 simplex iterations) in 0.00 seconds (0.00 work units)
Thread count was 1 (of 16 available processors)

Solution count 3: 0.1 0.228739 0.621053 

Optimal solution found (tolerance 5.00e-03)
Best objective 1.000000000000e-01, best bound 1.000000000000e-01, gap 0.0000%
Gurobi Optimizer version 13.0.2 build v13.0.2rc1 (win64 - Windows 11+.0 (26200.2))

CPU model: 13th Gen Intel(R) Core(TM) i7-13620H, instruction set [SSE2|AVX|AVX2]
Thread count: 10 physical cores, 16 logical processors, using up to 1 threads

Non-default parameters:
TimeLimit  60
FeasibilityTol  1e-08
IntFeasTol  1e-08
MIPGap  0.005
OptimalityTol  1e-08
Method  2
Crossover  2
DegenMoves  0
MIPFocus  3
NodeMethod  1
DualReductions  0
InfUnbdInfo  1
LogToConsole  0
Seed  20260929
Threads  1

Optimize a model with 36 rows, 39 columns and 103 nonzeros (Min)
Model fingerprint: 0xf90ccfaa
Model has 1 linear objective coefficients
Variable types: 21 continuous, 18 integer (18 binary)
Coefficient statistics:
  Matrix range     [2e-02, 6e+02]
  Objective range  [1e+00, 1e+00]
  Bounds range     [1e+00, 4e+00]
  RHS range        [1e-13, 3e+02]

MIP start from previous solve did not produce a new incumbent solution
MIP start from previous solve violates constraint R35 by 21.052631579

Found heuristic solution: objective 0.6210526
Presolve removed 28 rows and 30 columns
Presolve time: 0.00s
Presolved: 8 rows, 9 columns, 27 nonzeros
Variable types: 1 continuous, 8 integer (8 binary)
Root relaxation presolved: 8 rows, 9 columns, 27 nonzeros

Root barrier log...

Ordering time: 0.00s

Barrier statistics:
 AA' NZ     : 2.300e+01
 Factor NZ  : 3.600e+01
 Factor Ops : 2.040e+02 (less than 1 second per iteration)
 Threads    : 1

                  Objective                Residual
Iter       Primal          Dual         Primal    Dual     Compl     Time
   0   5.71326506e-01 -5.28105560e+00  9.54e-01 5.44e-03  5.48e-01     0s
   1   2.81757616e-01 -1.46030001e+00  1.67e-16 2.50e-16  6.70e-02     0s
   2   4.31058178e-02 -5.90507348e-02  2.22e-16 4.86e-17  3.93e-03     0s
   3   1.23655904e-02 -5.60650307e-03  3.33e-16 4.77e-18  6.91e-04     0s
   4   8.37592830e-03  7.54308590e-03  2.00e-15 2.56e-18  3.20e-05     0s
   5   8.11136343e-03  8.11112137e-03  1.62e-15 2.30e-17  9.31e-09     0s
   6   8.11126125e-03  8.11126125e-03  3.73e-14 1.54e-17  9.31e-15     0s

Barrier solved model in 6 iterations and 0.00 seconds (0.00 work units)
Optimal objective 8.11126125e-03

Crossover time: 0.00 seconds (0.00 work units)

Root relaxation: objective 8.111261e-03, 3 iterations, 0.00 seconds (0.00 work units)

    Nodes    |    Current Node    |     Objective Bounds      |     Work
 Expl Unexpl |  Obj  Depth IntInf | Incumbent    BestBd   Gap | It/Node Time

     0     0    0.00811    0    2    0.62105    0.00811  98.7%     -    0s
H    0     0                       0.2287385    0.00811  96.5%     -    0s
     0     0    0.04696    0    4    0.22874    0.04696  79.5%     -    0s
*    0     0               0       0.1000000    0.10000  0.00%     -    0s

Cutting planes:
  Gomory: 2
  MIR: 1
  Flow cover: 1
  RLT: 1
  Relax-and-lift: 2

Explored 1 nodes (7 simplex iterations) in 0.00 seconds (0.00 work units)
Thread count was 1 (of 16 available processors)

Solution count 3: 0.1 0.228739 0.621053 

Optimal solution found (tolerance 5.00e-03)
Best objective 1.000000000000e-01, best bound 1.000000000000e-01, gap 0.0000%
Gurobi Optimizer version 13.0.2 build v13.0.2rc1 (win64 - Windows 11+.0 (26200.2))

CPU model: 13th Gen Intel(R) Core(TM) i7-13620H, instruction set [SSE2|AVX|AVX2]
Thread count: 10 physical cores, 16 logical processors, using up to 1 threads

Non-default parameters:
TimeLimit  60
FeasibilityTol  1e-08
IntFeasTol  1e-08
MIPGap  0.005
OptimalityTol  1e-08
Method  2
Crossover  2
DegenMoves  0
MIPFocus  3
NodeMethod  1
DualReductions  0
InfUnbdInfo  1
LogToConsole  0
Seed  20260929
Threads  1

Optimize a model with 37 rows, 39 columns and 109 nonzeros (Min)
Model fingerprint: 0x10f387c3
Model has 1 linear objective coefficients
Variable types: 21 continuous, 18 integer (18 binary)
Coefficient statistics:
  Matrix range     [6e-03, 6e+02]
  Objective range  [1e+00, 1e+00]
  Bounds range     [1e+00, 4e+00]
  RHS range        [1e-13, 3e+02]

MIP start from previous solve produced solution with objective 0.556587 (0.00s)
Loaded MIP start from previous solve with objective 0.556587

Presolve removed 28 rows and 30 columns
Presolve time: 0.00s
Presolved: 9 rows, 9 columns, 31 nonzeros
Variable types: 1 continuous, 8 integer (8 binary)
Root relaxation presolved: 9 rows, 9 columns, 31 nonzeros

Root barrier log...

Ordering time: 0.00s

Barrier statistics:
 AA' NZ     : 3.100e+01
 Factor NZ  : 4.500e+01
 Factor Ops : 2.850e+02 (less than 1 second per iteration)
 Threads    : 1

                  Objective                Residual
Iter       Primal          Dual         Primal    Dual     Compl     Time
   0   9.67815913e-01 -4.07262860e+00  1.39e+00 0.00e+00  4.63e-01     0s
   1   7.22099839e-01 -7.13046738e-01  2.49e-01 1.11e-16  6.54e-02     0s
   2   5.55833964e-01  4.53837821e-01  4.44e-16 7.77e-16  3.78e-03     0s
   3   5.39696580e-01  4.75455208e-01  4.44e-16 3.84e-18  2.38e-03     0s
   4   5.20469110e-01  5.09898805e-01  2.22e-16 1.82e-18  3.91e-04     0s
   5   5.12326670e-01  5.11833346e-01  6.66e-16 1.39e-16  1.83e-05     0s
   6   5.12035646e-01  5.12035460e-01  4.44e-16 1.73e-18  6.87e-09     0s
   7   5.12035536e-01  5.12035535e-01  4.44e-16 4.34e-19  6.87e-12     0s

Barrier solved model in 7 iterations and 0.00 seconds (0.00 work units)
Optimal objective 5.12035536e-01

Crossover time: 0.00 seconds (0.00 work units)

Root relaxation: objective 5.120355e-01, 5 iterations, 0.00 seconds (0.00 work units)

    Nodes    |    Current Node    |     Objective Bounds      |     Work
 Expl Unexpl |  Obj  Depth IntInf | Incumbent    BestBd   Gap | It/Node Time

*    0     0               0       0.5120355    0.51204  0.00%     -    0s

Explored 1 nodes (5 simplex iterations) in 0.00 seconds (0.00 work units)
Thread count was 1 (of 16 available processors)

Solution count 2: 0.512036 0.556587 

Optimal solution found (tolerance 5.00e-03)
Best objective 5.120355354354e-01, best bound 5.120355354354e-01, gap 0.0000%
Gurobi Optimizer version 13.0.2 build v13.0.2rc1 (win64 - Windows 11+.0 (26200.2))

CPU model: 13th Gen Intel(R) Core(TM) i7-13620H, instruction set [SSE2|AVX|AVX2]
Thread count: 10 physical cores, 16 logical processors, using up to 1 threads

Non-default parameters:
TimeLimit  60
FeasibilityTol  1e-08
IntFeasTol  1e-08
MIPGap  0.005
OptimalityTol  1e-08
Method  2
Crossover  2
DegenMoves  0
MIPFocus  3
NodeMethod  1
DualReductions  0
InfUnbdInfo  1
LogToConsole  0
Seed  20260929
Threads  1

Optimize a model with 38 rows, 39 columns and 114 nonzeros (Min)
Model fingerprint: 0xf64d8310
Model has 1 linear objective coefficients
Variable types: 21 continuous, 18 integer (18 binary)
Coefficient statistics:
  Matrix range     [6e-03, 6e+02]
  Objective range  [1e+00, 1e+00]
  Bounds range     [1e+00, 4e+00]
  RHS range        [1e-13, 3e+02]

MIP start from previous solve produced solution with objective 0.556587 (0.00s)
Loaded MIP start from previous solve with objective 0.556587

Presolve removed 28 rows and 30 columns
Presolve time: 0.00s
Presolved: 10 rows, 9 columns, 34 nonzeros
Variable types: 1 continuous, 8 integer (8 binary)
Root relaxation presolved: 10 rows, 9 columns, 34 nonzeros

Root barrier log...

Ordering time: 0.00s

Barrier statistics:
 AA' NZ     : 3.900e+01
 Factor NZ  : 5.500e+01
 Factor Ops : 3.850e+02 (less than 1 second per iteration)
 Threads    : 1

                  Objective                Residual
Iter       Primal          Dual         Primal    Dual     Compl     Time
   0   9.35478083e-01 -3.74841803e+00  8.34e-01 0.00e+00  4.00e-01     0s
   1   7.36024738e-01 -4.86658010e-01  1.80e-01 1.39e-16  5.54e-02     0s
   2   5.56154400e-01  4.73461547e-01  2.22e-16 3.55e-14  2.95e-03     0s
   3   5.37874730e-01  5.15246036e-01  5.55e-16 3.14e-18  8.08e-04     0s
   4   5.28748167e-01  5.26547213e-01  2.22e-15 2.78e-17  7.86e-05     0s
   5   5.28777183e-01  5.28738605e-01  1.14e-14 8.77e-19  1.38e-06     0s
   6   5.28744446e-01  5.28744407e-01  9.44e-15 5.20e-17  1.41e-09     0s
   7   5.28744413e-01  5.28744413e-01  1.24e-14 8.16e-24  9.74e-15     0s

Barrier solved model in 7 iterations and 0.00 seconds (0.00 work units)
Optimal objective 5.28744413e-01

Crossover time: 0.00 seconds (0.00 work units)

Root relaxation: objective 5.287444e-01, 4 iterations, 0.00 seconds (0.00 work units)

    Nodes    |    Current Node    |     Objective Bounds      |     Work
 Expl Unexpl |  Obj  Depth IntInf | Incumbent    BestBd   Gap | It/Node Time

     0     0    0.52874    0    1    0.55659    0.52874  5.00%     -    0s
H    0     0                       0.5350556    0.52874  1.18%     -    0s
     0     0    0.52874    0    1    0.53506    0.52874  1.18%     -    0s

Explored 1 nodes (4 simplex iterations) in 0.00 seconds (0.00 work units)
Thread count was 1 (of 16 available processors)

Solution count 2: 0.535056 0.556587 

Optimal solution found (tolerance 5.00e-03)
Best objective 5.350555873767e-01, best bound 5.350555873767e-01, gap 0.0000%
Gurobi Optimizer version 13.0.2 build v13.0.2rc1 (win64 - Windows 11+.0 (26200.2))

CPU model: 13th Gen Intel(R) Core(TM) i7-13620H, instruction set [SSE2|AVX|AVX2]
Thread count: 10 physical cores, 16 logical processors, using up to 1 threads

Non-default parameters:
TimeLimit  60
FeasibilityTol  1e-08
IntFeasTol  1e-08
MIPGap  0.005
OptimalityTol  1e-08
Method  2
Crossover  2
DegenMoves  0
MIPFocus  3
NodeMethod  1
DualReductions  0
InfUnbdInfo  1
LogToConsole  0
Seed  20260929
Threads  1

Optimize a model with 39 rows, 39 columns and 119 nonzeros (Min)
Model fingerprint: 0x417c96dc
Model has 1 linear objective coefficients
Variable types: 21 continuous, 18 integer (18 binary)
Coefficient statistics:
  Matrix range     [6e-03, 6e+02]
  Objective range  [1e+00, 1e+00]
  Bounds range     [1e+00, 4e+00]
  RHS range        [1e-13, 3e+02]

MIP start from previous solve produced solution with objective 0.556587 (0.00s)
Loaded MIP start from previous solve with objective 0.556587

Presolve removed 28 rows and 30 columns
Presolve time: 0.00s
Presolved: 11 rows, 9 columns, 38 nonzeros
Variable types: 1 continuous, 8 integer (8 binary)
Root relaxation presolved: 11 rows, 9 columns, 38 nonzeros

Root barrier log...

Ordering time: 0.00s

Barrier statistics:
 AA' NZ     : 4.800e+01
 Factor NZ  : 6.600e+01
 Factor Ops : 5.060e+02 (less than 1 second per iteration)
 Threads    : 1

                  Objective                Residual
Iter       Primal          Dual         Primal    Dual     Compl     Time
   0   9.30230754e-01 -3.50180785e+00  1.23e+00 5.55e-17  3.68e-01     0s
   1   7.49613009e-01 -4.04391544e-01  2.90e-01 1.67e-16  5.14e-02     0s
   2   5.56222117e-01  4.76005142e-01  2.22e-16 7.81e-18  2.77e-03     0s
   3   5.37465659e-01  5.12091683e-01  6.66e-16 2.39e-18  8.75e-04     0s
   4   5.30232183e-01  5.27592175e-01  4.44e-16 1.17e-18  9.10e-05     0s
   5   5.30749537e-01  5.29945451e-01  1.79e-15 7.63e-19  2.77e-05     0s
   6   5.30162653e-01  5.30140702e-01  2.22e-15 6.06e-20  7.57e-07     0s
   7   5.30161875e-01  5.30161853e-01  4.55e-14 7.05e-17  7.57e-10     0s
   8   5.30161874e-01  5.30161874e-01  2.58e-14 3.10e-23  7.57e-13     0s

Barrier solved model in 8 iterations and 0.00 seconds (0.00 work units)
Optimal objective 5.30161874e-01

Crossover time: 0.00 seconds (0.00 work units)

Root relaxation: objective 5.301619e-01, 8 iterations, 0.00 seconds (0.00 work units)

    Nodes    |    Current Node    |     Objective Bounds      |     Work
 Expl Unexpl |  Obj  Depth IntInf | Incumbent    BestBd   Gap | It/Node Time

     0     0    0.53016    0    4    0.55659    0.53016  4.75%     -    0s
H    0     0                       0.5361972    0.53016  1.13%     -    0s
     0     0    0.53016    0    4    0.53620    0.53016  1.13%     -    0s

Explored 1 nodes (8 simplex iterations) in 0.00 seconds (0.00 work units)
Thread count was 1 (of 16 available processors)

Solution count 2: 0.536197 0.556587 

Optimal solution found (tolerance 5.00e-03)
Best objective 5.361972388044e-01, best bound 5.361972388044e-01, gap 0.0000%
Gurobi Optimizer version 13.0.2 build v13.0.2rc1 (win64 - Windows 11+.0 (26200.2))

CPU model: 13th Gen Intel(R) Core(TM) i7-13620H, instruction set [SSE2|AVX|AVX2]
Thread count: 10 physical cores, 16 logical processors, using up to 1 threads

Non-default parameters:
TimeLimit  60
FeasibilityTol  1e-08
IntFeasTol  1e-08
MIPGap  0.005
OptimalityTol  1e-08
Method  2
Crossover  2
DegenMoves  0
MIPFocus  3
NodeMethod  1
DualReductions  0
InfUnbdInfo  1
LogToConsole  0
Seed  20260929
Threads  1

Optimize a model with 40 rows, 39 columns and 122 nonzeros (Min)
Model fingerprint: 0xfe68a192
Model has 1 linear objective coefficients
Variable types: 21 continuous, 18 integer (18 binary)
Coefficient statistics:
  Matrix range     [6e-03, 6e+02]
  Objective range  [1e+00, 1e+00]
  Bounds range     [1e+00, 4e+00]
  RHS range        [1e-13, 3e+02]

MIP start from previous solve did not produce a new incumbent solution
MIP start from previous solve violates constraint R39 by 21.052631579

Found heuristic solution: objective 0.6210526
Presolve removed 29 rows and 30 columns
Presolve time: 0.00s
Presolved: 11 rows, 9 columns, 37 nonzeros
Variable types: 1 continuous, 8 integer (8 binary)
Root relaxation presolved: 11 rows, 9 columns, 37 nonzeros

Root barrier log...

Ordering time: 0.00s

Barrier statistics:
 AA' NZ     : 4.800e+01
 Factor NZ  : 6.600e+01
 Factor Ops : 5.060e+02 (less than 1 second per iteration)
 Threads    : 1

                  Objective                Residual
Iter       Primal          Dual         Primal    Dual     Compl     Time
   0   8.91917724e-01 -3.06925810e+00  7.25e-01 0.00e+00  3.29e-01     0s
   1   7.23038198e-01 -2.59994164e-01  1.03e-01 8.33e-17  4.04e-02     0s
   2   6.25252507e-01  1.69158001e-01  7.17e-03 3.47e-17  1.59e-02     0s
   3   6.04534756e-01  4.94609814e-01  1.94e-06 9.71e-17  3.79e-03     0s
   4   5.39928072e-01  4.93472803e-01  2.49e-07 5.55e-17  1.60e-03     0s
   5   5.30412259e-01  5.25469127e-01  3.05e-09 2.22e-16  1.70e-04     0s
   6   5.30237233e-01  5.29875656e-01  1.14e-12 1.49e-16  1.25e-05     0s
   7   5.30161957e-01  5.30161466e-01  5.60e-15 2.73e-16  1.69e-08     0s
   8   5.30161874e-01  5.30161874e-01  4.44e-15 2.05e-21  1.69e-11     0s

Barrier solved model in 8 iterations and 0.00 seconds (0.00 work units)
Optimal objective 5.30161874e-01

Crossover time: 0.00 seconds (0.00 work units)

Root relaxation: objective 5.301619e-01, 8 iterations, 0.00 seconds (0.00 work units)

    Nodes    |    Current Node    |     Objective Bounds      |     Work
 Expl Unexpl |  Obj  Depth IntInf | Incumbent    BestBd   Gap | It/Node Time

     0     0    0.53016    0    5    0.62105    0.53016  14.6%     -    0s
H    0     0                       0.5371549    0.53016  1.30%     -    0s
H    0     0                       0.5361972    0.53016  1.13%     -    0s
     0     0    0.53016    0    5    0.53620    0.53016  1.13%     -    0s

Explored 1 nodes (8 simplex iterations) in 0.00 seconds (0.00 work units)
Thread count was 1 (of 16 available processors)

Solution count 3: 0.536197 0.537155 0.621053 

Optimal solution found (tolerance 5.00e-03)
Best objective 5.361972388044e-01, best bound 5.361972388044e-01, gap 0.0000%
Gurobi Optimizer version 13.0.2 build v13.0.2rc1 (win64 - Windows 11+.0 (26200.2))

CPU model: 13th Gen Intel(R) Core(TM) i7-13620H, instruction set [SSE2|AVX|AVX2]
Thread count: 10 physical cores, 16 logical processors, using up to 1 threads

Non-default parameters:
TimeLimit  60
FeasibilityTol  1e-08
IntFeasTol  1e-08
MIPGap  0.005
OptimalityTol  1e-08
Method  2
Crossover  2
DegenMoves  0
MIPFocus  3
NodeMethod  1
DualReductions  0
InfUnbdInfo  1
LogToConsole  0
Seed  20260929
Threads  1

Optimize a model with 41 rows, 39 columns and 130 nonzeros (Min)
Model fingerprint: 0xf0863887
Model has 1 linear objective coefficients
Variable types: 21 continuous, 18 integer (18 binary)
Coefficient statistics:
  Matrix range     [6e-03, 6e+02]
  Objective range  [1e+00, 1e+00]
  Bounds range     [1e+00, 4e+00]
  RHS range        [1e-13, 3e+02]

MIP start from previous solve produced solution with objective 0.673615 (0.00s)
MIP start from previous solve produced solution with objective 0.673615 (0.00s)
Loaded MIP start from previous solve with objective 0.673615

Presolve removed 29 rows and 30 columns
Presolve time: 0.00s
Presolved: 12 rows, 9 columns, 41 nonzeros
Variable types: 1 continuous, 8 integer (8 binary)
Root relaxation presolved: 12 rows, 9 columns, 41 nonzeros

Root barrier log...

Ordering time: 0.00s

Barrier statistics:
 AA' NZ     : 5.900e+01
 Factor NZ  : 7.800e+01
 Factor Ops : 6.500e+02 (less than 1 second per iteration)
 Threads    : 1

                  Objective                Residual
Iter       Primal          Dual         Primal    Dual     Compl     Time
   0   8.75095000e-01 -2.90088348e+00  6.79e-01 2.08e-04  2.98e-01     0s
   1   7.16653267e-01 -1.80705316e-01  4.37e-02 2.22e-16  3.22e-02     0s
   2   6.62789141e-01  1.39859166e-01  1.16e-03 1.80e-15  1.75e-02     0s
   3   6.15827038e-01  4.88880130e-01  1.60e-06 1.73e-17  4.23e-03     0s
   4   5.38000581e-01  5.13459190e-01  1.87e-07 1.08e-18  8.18e-04     0s
   5   5.31154596e-01  5.26498075e-01  2.29e-08 2.78e-17  1.55e-04     0s
   6   5.30165650e-01  5.29236141e-01  3.16e-09 1.34e-17  3.10e-05     0s
   7   5.30188463e-01  5.30160916e-01  1.01e-14 2.26e-16  9.18e-07     0s
   8   5.30161901e-01  5.30161873e-01  6.66e-15 7.42e-17  9.32e-10     0s
   9   5.30161874e-01  5.30161874e-01  2.02e-14 3.72e-23  9.32e-13     0s

Barrier solved model in 9 iterations and 0.00 seconds (0.00 work units)
Optimal objective 5.30161874e-01

Crossover time: 0.00 seconds (0.00 work units)

Root relaxation: objective 5.301619e-01, 8 iterations, 0.00 seconds (0.00 work units)

    Nodes    |    Current Node    |     Objective Bounds      |     Work
 Expl Unexpl |  Obj  Depth IntInf | Incumbent    BestBd   Gap | It/Node Time

     0     0    0.53016    0    4    0.67362    0.53016  21.3%     -    0s
H    0     0                       0.5371549    0.53016  1.30%     -    0s
     0     0    0.53016    0    4    0.53715    0.53016  1.30%     -    0s

Explored 1 nodes (8 simplex iterations) in 0.00 seconds (0.00 work units)
Thread count was 1 (of 16 available processors)

Solution count 2: 0.537155 0.673615 

Optimal solution found (tolerance 5.00e-03)
Best objective 5.371548648443e-01, best bound 5.371548648443e-01, gap 0.0000%
Gurobi Optimizer version 13.0.2 build v13.0.2rc1 (win64 - Windows 11+.0 (26200.2))

CPU model: 13th Gen Intel(R) Core(TM) i7-13620H, instruction set [SSE2|AVX|AVX2]
Thread count: 10 physical cores, 16 logical processors, using up to 1 threads

Non-default parameters:
TimeLimit  60
FeasibilityTol  1e-08
IntFeasTol  1e-08
MIPGap  0.005
OptimalityTol  1e-08
Method  2
Crossover  2
DegenMoves  0
MIPFocus  3
NodeMethod  1
DualReductions  0
InfUnbdInfo  1
LogToConsole  0
Seed  20260929
Threads  1

Optimize a model with 42 rows, 39 columns and 135 nonzeros (Min)
Model fingerprint: 0x8e85be14
Model has 1 linear objective coefficients
Variable types: 21 continuous, 18 integer (18 binary)
Coefficient statistics:
  Matrix range     [6e-03, 6e+02]
  Objective range  [1e+00, 1e+00]
  Bounds range     [1e+00, 4e+00]
  RHS range        [1e-13, 3e+02]

MIP start from previous solve produced solution with objective 0.556587 (0.00s)
Loaded MIP start from previous solve with objective 0.556587

Presolve removed 29 rows and 30 columns
Presolve time: 0.00s
Presolved: 13 rows, 9 columns, 44 nonzeros
Variable types: 1 continuous, 8 integer (8 binary)
Root relaxation presolved: 13 rows, 9 columns, 44 nonzeros

Root barrier log...

Ordering time: 0.00s

Barrier statistics:
 AA' NZ     : 7.000e+01
 Factor NZ  : 9.100e+01
 Factor Ops : 8.190e+02 (less than 1 second per iteration)
 Threads    : 1

                  Objective                Residual
Iter       Primal          Dual         Primal    Dual     Compl     Time
   0   8.91369422e-01 -2.68693946e+00  7.24e-01 5.55e-17  2.88e-01     0s
   1   7.50688624e-01 -1.36057498e-01  1.95e-01 1.53e-16  4.07e-02     0s
   2   5.56333378e-01  4.76708554e-01  2.22e-16 2.17e-17  2.57e-03     0s
   3   5.40593591e-01  5.23888314e-01  4.44e-16 3.47e-18  5.39e-04     0s
   4   5.38390587e-01  5.36443837e-01  4.44e-16 6.51e-19  6.28e-05     0s
   5   5.37924425e-01  5.37690082e-01  3.66e-15 9.74e-19  7.56e-06     0s
   6   5.37872565e-01  5.37870190e-01  2.00e-15 1.21e-18  7.66e-08     0s
   7   5.37872503e-01  5.37872501e-01  2.22e-15 1.52e-16  7.66e-11     0s

Barrier solved model in 7 iterations and 0.00 seconds (0.00 work units)
Optimal objective 5.37872503e-01

Crossover time: 0.00 seconds (0.00 work units)

Root relaxation: objective 5.378725e-01, 9 iterations, 0.00 seconds (0.00 work units)

    Nodes    |    Current Node    |     Objective Bounds      |     Work
 Expl Unexpl |  Obj  Depth IntInf | Incumbent    BestBd   Gap | It/Node Time

     0     0    0.53787    0    5    0.55659    0.53787  3.36%     -    0s
     0     0    0.53988    0    4    0.55659    0.53988  3.00%     -    0s
H    0     0                       0.5398778    0.53988  0.00%     -    0s
     0     0    0.53988    0    4    0.53988    0.53988  0.00%     -    0s

Explored 1 nodes (11 simplex iterations) in 0.00 seconds (0.00 work units)
Thread count was 1 (of 16 available processors)

Solution count 2: 0.539878 0.556587 

Optimal solution found (tolerance 5.00e-03)
Best objective 5.398777606787e-01, best bound 5.398777606787e-01, gap 0.0000%
Gurobi Optimizer version 13.0.2 build v13.0.2rc1 (win64 - Windows 11+.0 (26200.2))

CPU model: 13th Gen Intel(R) Core(TM) i7-13620H, instruction set [SSE2|AVX|AVX2]
Thread count: 10 physical cores, 16 logical processors, using up to 1 threads

Non-default parameters:
TimeLimit  60
FeasibilityTol  1e-08
IntFeasTol  1e-08
MIPGap  0.005
OptimalityTol  1e-08
Method  2
Crossover  2
DegenMoves  0
MIPFocus  3
NodeMethod  1
DualReductions  0
InfUnbdInfo  1
LogToConsole  0
Seed  20260929
Threads  1

Optimize a model with 43 rows, 39 columns and 138 nonzeros (Min)
Model fingerprint: 0xc35ab12c
Model has 1 linear objective coefficients
Variable types: 21 continuous, 18 integer (18 binary)
Coefficient statistics:
  Matrix range     [6e-03, 6e+02]
  Objective range  [1e+00, 1e+00]
  Bounds range     [1e+00, 4e+00]
  RHS range        [1e-13, 3e+02]

MIP start from previous solve produced solution with objective 0.6 (0.00s)
Loaded MIP start from previous solve with objective 0.6

Presolve removed 29 rows and 30 columns
Presolve time: 0.00s
Presolved: 14 rows, 9 columns, 47 nonzeros
Variable types: 1 continuous, 8 integer (8 binary)
Root relaxation presolved: 14 rows, 9 columns, 47 nonzeros

Root barrier log...

Ordering time: 0.00s

Barrier statistics:
 AA' NZ     : 8.200e+01
 Factor NZ  : 1.050e+02
 Factor Ops : 1.015e+03 (less than 1 second per iteration)
 Threads    : 1

                  Objective                Residual
Iter       Primal          Dual         Primal    Dual     Compl     Time
   0   8.78443936e-01 -2.56016376e+00  6.90e-01 5.55e-17  2.66e-01     0s
   1   7.47981846e-01 -9.74215860e-02  1.48e-01 1.94e-16  3.42e-02     0s
   2   6.15036190e-01  3.25124337e-01  1.59e-02 1.11e-16  9.38e-03     0s
   3   5.94805254e-01  5.11798022e-01  3.04e-05 1.01e-15  2.59e-03     0s
   4   5.41612888e-01  5.15492795e-01  1.11e-16 1.00e-18  8.16e-04     0s
   5   5.38038578e-01  5.36022302e-01  3.33e-15 6.94e-18  6.30e-05     0s
   6   5.37933871e-01  5.37827341e-01  4.22e-15 1.68e-19  3.33e-06     0s
   7   5.37872607e-01  5.37872174e-01  2.55e-15 3.45e-17  1.35e-08     0s
   8   5.37872503e-01  5.37872503e-01  2.78e-15 1.47e-16  1.43e-14     0s

Barrier solved model in 8 iterations and 0.00 seconds (0.00 work units)
Optimal objective 5.37872503e-01

Crossover time: 0.00 seconds (0.00 work units)

Root relaxation: objective 5.378725e-01, 7 iterations, 0.00 seconds (0.00 work units)

    Nodes    |    Current Node    |     Objective Bounds      |     Work
 Expl Unexpl |  Obj  Depth IntInf | Incumbent    BestBd   Gap | It/Node Time

     0     0    0.53787    0    4    0.60000    0.53787  10.4%     -    0s
     0     0    0.53988    0    4    0.60000    0.53988  10.0%     -    0s
H    0     0                       0.5565866    0.53988  3.00%     -    0s

Cutting planes:
  Cover: 2
  Implied bound: 5
  Clique: 1

Explored 1 nodes (10 simplex iterations) in 0.00 seconds (0.00 work units)
Thread count was 1 (of 16 available processors)

Solution count 2: 0.556587 0.6 

Optimal solution found (tolerance 5.00e-03)
Best objective 5.565866383266e-01, best bound 5.565866383266e-01, gap 0.0000%
