
Gurobi 13.0.2 (win64) logging started Thu Oct  8 13:50:16 2026

Set parameter OutputFlag to value 1
Set parameter Method to value 1
Discarded solution information
Gurobi Optimizer version 13.0.2 build v13.0.2rc1 (win64 - Windows 11+.0 (26200.2))

CPU model: 13th Gen Intel(R) Core(TM) i7-13620H, instruction set [SSE2|AVX|AVX2]
Thread count: 10 physical cores, 16 logical processors, using up to 1 threads

Non-default parameters:
TimeLimit  60
FeasibilityTol  1e-08
IntFeasTol  1e-08
MIPGap  0.005
OptimalityTol  1e-08
Method  1
Crossover  2
DegenMoves  0
MIPFocus  3
NodeMethod  1
DualReductions  0
InfUnbdInfo  1
LogToConsole  0
Seed  20260929
Threads  1

Optimize a model with 286 rows, 83 columns and 995 nonzeros (Min)
Model fingerprint: 0xe6c23c30
Model has 1 linear objective coefficients
Coefficient statistics:
  Matrix range     [1e-01, 1e+03]
  Objective range  [1e+00, 1e+00]
  Bounds range     [1e+00, 1e+03]
  RHS range        [1e+00, 7e+02]

Presolve time: 0.00s
Presolved: 2 rows, 8 columns, 6 nonzeros

Iteration    Objective       Primal Inf.    Dual Inf.      Time
       0    6.9830000e-01   1.386891e+01   0.000000e+00      0s
       2    7.0000000e-01   0.000000e+00   0.000000e+00      0s

Solved in 2 iterations and 0.00 seconds (0.00 work units)
Optimal objective  7.000000000e-01
Discarded solution information
Gurobi Optimizer version 13.0.2 build v13.0.2rc1 (win64 - Windows 11+.0 (26200.2))

CPU model: 13th Gen Intel(R) Core(TM) i7-13620H, instruction set [SSE2|AVX|AVX2]
Thread count: 10 physical cores, 16 logical processors, using up to 1 threads

Non-default parameters:
TimeLimit  60
FeasibilityTol  1e-08
IntFeasTol  1e-08
MIPGap  0.005
OptimalityTol  1e-08
Method  1
Crossover  2
DegenMoves  0
MIPFocus  3
NodeMethod  1
DualReductions  0
InfUnbdInfo  1
LogToConsole  0
Seed  20260929
Threads  1

Optimize a model with 286 rows, 83 columns and 995 nonzeros (Min)
Model fingerprint: 0x1e43ee51
Model has 1 linear objective coefficients
Coefficient statistics:
  Matrix range     [1e-01, 1e+03]
  Objective range  [1e+00, 1e+00]
  Bounds range     [1e+00, 1e+03]
  RHS range        [1e+00, 7e+02]

Presolve time: 0.00s
Presolved: 25 rows, 9 columns, 56 nonzeros

Iteration    Objective       Primal Inf.    Dual Inf.      Time
       0    1.9650000e-01   4.299013e+02   0.000000e+00      0s
       9    6.0000000e-01   0.000000e+00   0.000000e+00      0s

Solved in 9 iterations and 0.00 seconds (0.00 work units)
Optimal objective  6.000000000e-01
Discarded solution information
Gurobi Optimizer version 13.0.2 build v13.0.2rc1 (win64 - Windows 11+.0 (26200.2))

CPU model: 13th Gen Intel(R) Core(TM) i7-13620H, instruction set [SSE2|AVX|AVX2]
Thread count: 10 physical cores, 16 logical processors, using up to 1 threads

Non-default parameters:
TimeLimit  60
FeasibilityTol  1e-08
IntFeasTol  1e-08
MIPGap  0.005
OptimalityTol  1e-08
Method  1
Crossover  2
DegenMoves  0
MIPFocus  3
NodeMethod  1
DualReductions  0
InfUnbdInfo  1
LogToConsole  0
Seed  20260929
Threads  1

Optimize a model with 286 rows, 83 columns and 995 nonzeros (Min)
Model fingerprint: 0x729dedef
Model has 1 linear objective coefficients
Coefficient statistics:
  Matrix range     [1e-01, 1e+03]
  Objective range  [1e+00, 1e+00]
  Bounds range     [1e+00, 1e+03]
  RHS range        [1e+00, 7e+02]

Presolve time: 0.00s
Iteration    Objective       Primal Inf.    Dual Inf.      Time
       0    0.0000000e+00   2.349452e+03   0.000000e+00      0s

Solved in 69 iterations and 0.00 seconds (0.00 work units)
Infeasible model
Discarded solution information
Gurobi Optimizer version 13.0.2 build v13.0.2rc1 (win64 - Windows 11+.0 (26200.2))

CPU model: 13th Gen Intel(R) Core(TM) i7-13620H, instruction set [SSE2|AVX|AVX2]
Thread count: 10 physical cores, 16 logical processors, using up to 1 threads

Non-default parameters:
TimeLimit  60
FeasibilityTol  1e-08
IntFeasTol  1e-08
MIPGap  0.005
OptimalityTol  1e-08
Method  1
Crossover  2
DegenMoves  0
MIPFocus  3
NodeMethod  1
DualReductions  0
InfUnbdInfo  1
LogToConsole  0
Seed  20260929
Threads  1

Optimize a model with 286 rows, 83 columns and 995 nonzeros (Min)
Model fingerprint: 0x9bd51ed3
Model has 1 linear objective coefficients
Coefficient statistics:
  Matrix range     [1e-01, 1e+03]
  Objective range  [1e+00, 1e+00]
  Bounds range     [1e+00, 1e+03]
  RHS range        [1e+00, 7e+02]

Presolve time: 0.00s
Iteration    Objective       Primal Inf.    Dual Inf.      Time
       0    0.0000000e+00   2.349452e+03   0.000000e+00      0s

Solved in 77 iterations and 0.00 seconds (0.00 work units)
Infeasible model
Discarded solution information
Gurobi Optimizer version 13.0.2 build v13.0.2rc1 (win64 - Windows 11+.0 (26200.2))

CPU model: 13th Gen Intel(R) Core(TM) i7-13620H, instruction set [SSE2|AVX|AVX2]
Thread count: 10 physical cores, 16 logical processors, using up to 1 threads

Non-default parameters:
TimeLimit  60
FeasibilityTol  1e-08
IntFeasTol  1e-08
MIPGap  0.005
OptimalityTol  1e-08
Method  1
Crossover  2
DegenMoves  0
MIPFocus  3
NodeMethod  1
DualReductions  0
InfUnbdInfo  1
LogToConsole  0
Seed  20260929
Threads  1

Optimize a model with 286 rows, 83 columns and 995 nonzeros (Min)
Model fingerprint: 0x3fc979e6
Model has 1 linear objective coefficients
Coefficient statistics:
  Matrix range     [1e-01, 1e+03]
  Objective range  [1e+00, 1e+00]
  Bounds range     [1e+00, 1e+03]
  RHS range        [1e+00, 7e+02]

Presolve time: 0.00s
Presolved: 13 rows, 8 columns, 28 nonzeros

Iteration    Objective       Primal Inf.    Dual Inf.      Time
       0    6.2105263e-01   8.804563e+01   0.000000e+00      0s
       3    6.2105263e-01   0.000000e+00   0.000000e+00      0s

Solved in 3 iterations and 0.00 seconds (0.00 work units)
Optimal objective  6.210526316e-01
Discarded solution information
Gurobi Optimizer version 13.0.2 build v13.0.2rc1 (win64 - Windows 11+.0 (26200.2))

CPU model: 13th Gen Intel(R) Core(TM) i7-13620H, instruction set [SSE2|AVX|AVX2]
Thread count: 10 physical cores, 16 logical processors, using up to 1 threads

Non-default parameters:
TimeLimit  60
FeasibilityTol  1e-08
IntFeasTol  1e-08
MIPGap  0.005
OptimalityTol  1e-08
Method  1
Crossover  2
DegenMoves  0
MIPFocus  3
NodeMethod  1
DualReductions  0
InfUnbdInfo  1
LogToConsole  0
Seed  20260929
Threads  1

Optimize a model with 286 rows, 83 columns and 995 nonzeros (Min)
Model fingerprint: 0x1d76667e
Model has 1 linear objective coefficients
Coefficient statistics:
  Matrix range     [1e-01, 1e+03]
  Objective range  [1e+00, 1e+00]
  Bounds range     [1e+00, 1e+03]
  RHS range        [1e+00, 7e+02]

Presolve time: 0.00s
Iteration    Objective       Primal Inf.    Dual Inf.      Time
       0    0.0000000e+00   2.349452e+03   0.000000e+00      0s

Solved in 68 iterations and 0.00 seconds (0.00 work units)
Infeasible model
Discarded solution information
Gurobi Optimizer version 13.0.2 build v13.0.2rc1 (win64 - Windows 11+.0 (26200.2))

CPU model: 13th Gen Intel(R) Core(TM) i7-13620H, instruction set [SSE2|AVX|AVX2]
Thread count: 10 physical cores, 16 logical processors, using up to 1 threads

Non-default parameters:
TimeLimit  60
FeasibilityTol  1e-08
IntFeasTol  1e-08
MIPGap  0.005
OptimalityTol  1e-08
Method  1
Crossover  2
DegenMoves  0
MIPFocus  3
NodeMethod  1
DualReductions  0
InfUnbdInfo  1
LogToConsole  0
Seed  20260929
Threads  1

Optimize a model with 286 rows, 83 columns and 995 nonzeros (Min)
Model fingerprint: 0x10db3422
Model has 1 linear objective coefficients
Coefficient statistics:
  Matrix range     [1e-01, 1e+03]
  Objective range  [1e+00, 1e+00]
  Bounds range     [1e+00, 1e+03]
  RHS range        [1e+00, 7e+02]

Presolve time: 0.00s
Presolved: 13 rows, 8 columns, 28 nonzeros

Iteration    Objective       Primal Inf.    Dual Inf.      Time
       0    6.2105263e-01   8.804563e+01   0.000000e+00      0s
       2    6.2105263e-01   0.000000e+00   0.000000e+00      0s

Solved in 2 iterations and 0.00 seconds (0.00 work units)
Optimal objective  6.210526316e-01
Discarded solution information
Gurobi Optimizer version 13.0.2 build v13.0.2rc1 (win64 - Windows 11+.0 (26200.2))

CPU model: 13th Gen Intel(R) Core(TM) i7-13620H, instruction set [SSE2|AVX|AVX2]
Thread count: 10 physical cores, 16 logical processors, using up to 1 threads

Non-default parameters:
TimeLimit  60
FeasibilityTol  1e-08
IntFeasTol  1e-08
MIPGap  0.005
OptimalityTol  1e-08
Method  1
Crossover  2
DegenMoves  0
MIPFocus  3
NodeMethod  1
DualReductions  0
InfUnbdInfo  1
LogToConsole  0
Seed  20260929
Threads  1

Optimize a model with 286 rows, 83 columns and 995 nonzeros (Min)
Model fingerprint: 0x976c7e3f
Model has 1 linear objective coefficients
Coefficient statistics:
  Matrix range     [1e-01, 1e+03]
  Objective range  [1e+00, 1e+00]
  Bounds range     [1e+00, 1e+03]
  RHS range        [1e+00, 7e+02]

Presolve time: 0.00s
Iteration    Objective       Primal Inf.    Dual Inf.      Time
       0    0.0000000e+00   2.349452e+03   0.000000e+00      0s

Solved in 84 iterations and 0.00 seconds (0.00 work units)
Infeasible model
Discarded solution information
Gurobi Optimizer version 13.0.2 build v13.0.2rc1 (win64 - Windows 11+.0 (26200.2))

CPU model: 13th Gen Intel(R) Core(TM) i7-13620H, instruction set [SSE2|AVX|AVX2]
Thread count: 10 physical cores, 16 logical processors, using up to 1 threads

Non-default parameters:
TimeLimit  60
FeasibilityTol  1e-08
IntFeasTol  1e-08
MIPGap  0.005
OptimalityTol  1e-08
Method  1
Crossover  2
DegenMoves  0
MIPFocus  3
NodeMethod  1
DualReductions  0
InfUnbdInfo  1
LogToConsole  0
Seed  20260929
Threads  1

Optimize a model with 286 rows, 83 columns and 995 nonzeros (Min)
Model fingerprint: 0xacebec19
Model has 1 linear objective coefficients
Coefficient statistics:
  Matrix range     [1e-01, 1e+03]
  Objective range  [1e+00, 1e+00]
  Bounds range     [1e+00, 1e+03]
  RHS range        [1e+00, 7e+02]

Presolve time: 0.00s
Presolved: 16 rows, 8 columns, 36 nonzeros

Iteration    Objective       Primal Inf.    Dual Inf.      Time
       0    3.4825000e-01   1.640598e+02   0.000000e+00      0s
       6    5.5658664e-01   0.000000e+00   0.000000e+00      0s

Solved in 6 iterations and 0.00 seconds (0.00 work units)
Optimal objective  5.565866383e-01

Gurobi 13.0.2 (win64) logging started Thu Oct  8 13:51:06 2026

Set parameter OutputFlag to value 1
Set parameter Method to value 1
Discarded solution information
Gurobi Optimizer version 13.0.2 build v13.0.2rc1 (win64 - Windows 11+.0 (26200.2))

CPU model: 13th Gen Intel(R) Core(TM) i7-13620H, instruction set [SSE2|AVX|AVX2]
Thread count: 10 physical cores, 16 logical processors, using up to 1 threads

Non-default parameters:
TimeLimit  60
FeasibilityTol  1e-08
IntFeasTol  1e-08
MIPGap  0.005
OptimalityTol  1e-08
Method  1
Crossover  2
DegenMoves  0
MIPFocus  3
NodeMethod  1
DualReductions  0
InfUnbdInfo  1
LogToConsole  0
Seed  20260929
Threads  1

Optimize a model with 286 rows, 83 columns and 995 nonzeros (Min)
Model fingerprint: 0xe6c23c30
Model has 1 linear objective coefficients
Coefficient statistics:
  Matrix range     [1e-01, 1e+03]
  Objective range  [1e+00, 1e+00]
  Bounds range     [1e+00, 1e+03]
  RHS range        [1e+00, 7e+02]

Presolve time: 0.00s
Presolved: 2 rows, 8 columns, 6 nonzeros

Iteration    Objective       Primal Inf.    Dual Inf.      Time
       0    6.9830000e-01   1.386891e+01   0.000000e+00      0s
       2    7.0000000e-01   0.000000e+00   0.000000e+00      0s

Solved in 2 iterations and 0.00 seconds (0.00 work units)
Optimal objective  7.000000000e-01
Discarded solution information
Gurobi Optimizer version 13.0.2 build v13.0.2rc1 (win64 - Windows 11+.0 (26200.2))

CPU model: 13th Gen Intel(R) Core(TM) i7-13620H, instruction set [SSE2|AVX|AVX2]
Thread count: 10 physical cores, 16 logical processors, using up to 1 threads

Non-default parameters:
TimeLimit  60
FeasibilityTol  1e-08
IntFeasTol  1e-08
MIPGap  0.005
OptimalityTol  1e-08
Method  1
Crossover  2
DegenMoves  0
MIPFocus  3
NodeMethod  1
DualReductions  0
InfUnbdInfo  1
LogToConsole  0
Seed  20260929
Threads  1

Optimize a model with 286 rows, 83 columns and 995 nonzeros (Min)
Model fingerprint: 0x1e43ee51
Model has 1 linear objective coefficients
Coefficient statistics:
  Matrix range     [1e-01, 1e+03]
  Objective range  [1e+00, 1e+00]
  Bounds range     [1e+00, 1e+03]
  RHS range        [1e+00, 7e+02]

Presolve time: 0.00s
Presolved: 25 rows, 9 columns, 56 nonzeros

Iteration    Objective       Primal Inf.    Dual Inf.      Time
       0    1.9650000e-01   4.299013e+02   0.000000e+00      0s
       9    6.0000000e-01   0.000000e+00   0.000000e+00      0s

Solved in 9 iterations and 0.00 seconds (0.00 work units)
Optimal objective  6.000000000e-01
Discarded solution information
Gurobi Optimizer version 13.0.2 build v13.0.2rc1 (win64 - Windows 11+.0 (26200.2))

CPU model: 13th Gen Intel(R) Core(TM) i7-13620H, instruction set [SSE2|AVX|AVX2]
Thread count: 10 physical cores, 16 logical processors, using up to 1 threads

Non-default parameters:
TimeLimit  60
FeasibilityTol  1e-08
IntFeasTol  1e-08
MIPGap  0.005
OptimalityTol  1e-08
Method  1
Crossover  2
DegenMoves  0
MIPFocus  3
NodeMethod  1
DualReductions  0
InfUnbdInfo  1
LogToConsole  0
Seed  20260929
Threads  1

Optimize a model with 286 rows, 83 columns and 995 nonzeros (Min)
Model fingerprint: 0x729dedef
Model has 1 linear objective coefficients
Coefficient statistics:
  Matrix range     [1e-01, 1e+03]
  Objective range  [1e+00, 1e+00]
  Bounds range     [1e+00, 1e+03]
  RHS range        [1e+00, 7e+02]

Presolve time: 0.00s
Iteration    Objective       Primal Inf.    Dual Inf.      Time
       0    0.0000000e+00   2.349452e+03   0.000000e+00      0s

Solved in 69 iterations and 0.00 seconds (0.00 work units)
Infeasible model
Discarded solution information
Gurobi Optimizer version 13.0.2 build v13.0.2rc1 (win64 - Windows 11+.0 (26200.2))

CPU model: 13th Gen Intel(R) Core(TM) i7-13620H, instruction set [SSE2|AVX|AVX2]
Thread count: 10 physical cores, 16 logical processors, using up to 1 threads

Non-default parameters:
TimeLimit  60
FeasibilityTol  1e-08
IntFeasTol  1e-08
MIPGap  0.005
OptimalityTol  1e-08
Method  1
Crossover  2
DegenMoves  0
MIPFocus  3
NodeMethod  1
DualReductions  0
InfUnbdInfo  1
LogToConsole  0
Seed  20260929
Threads  1

Optimize a model with 286 rows, 83 columns and 995 nonzeros (Min)
Model fingerprint: 0x9bd51ed3
Model has 1 linear objective coefficients
Coefficient statistics:
  Matrix range     [1e-01, 1e+03]
  Objective range  [1e+00, 1e+00]
  Bounds range     [1e+00, 1e+03]
  RHS range        [1e+00, 7e+02]

Presolve time: 0.00s
Iteration    Objective       Primal Inf.    Dual Inf.      Time
       0    0.0000000e+00   2.349452e+03   0.000000e+00      0s

Solved in 77 iterations and 0.00 seconds (0.00 work units)
Infeasible model
Discarded solution information
Gurobi Optimizer version 13.0.2 build v13.0.2rc1 (win64 - Windows 11+.0 (26200.2))

CPU model: 13th Gen Intel(R) Core(TM) i7-13620H, instruction set [SSE2|AVX|AVX2]
Thread count: 10 physical cores, 16 logical processors, using up to 1 threads

Non-default parameters:
TimeLimit  60
FeasibilityTol  1e-08
IntFeasTol  1e-08
MIPGap  0.005
OptimalityTol  1e-08
Method  1
Crossover  2
DegenMoves  0
MIPFocus  3
NodeMethod  1
DualReductions  0
InfUnbdInfo  1
LogToConsole  0
Seed  20260929
Threads  1

Optimize a model with 286 rows, 83 columns and 995 nonzeros (Min)
Model fingerprint: 0x3fc979e6
Model has 1 linear objective coefficients
Coefficient statistics:
  Matrix range     [1e-01, 1e+03]
  Objective range  [1e+00, 1e+00]
  Bounds range     [1e+00, 1e+03]
  RHS range        [1e+00, 7e+02]

Presolve time: 0.00s
Presolved: 13 rows, 8 columns, 28 nonzeros

Iteration    Objective       Primal Inf.    Dual Inf.      Time
       0    6.2105263e-01   8.804563e+01   0.000000e+00      0s
       3    6.2105263e-01   0.000000e+00   0.000000e+00      0s

Solved in 3 iterations and 0.00 seconds (0.00 work units)
Optimal objective  6.210526316e-01
Discarded solution information
Gurobi Optimizer version 13.0.2 build v13.0.2rc1 (win64 - Windows 11+.0 (26200.2))

CPU model: 13th Gen Intel(R) Core(TM) i7-13620H, instruction set [SSE2|AVX|AVX2]
Thread count: 10 physical cores, 16 logical processors, using up to 1 threads

Non-default parameters:
TimeLimit  60
FeasibilityTol  1e-08
IntFeasTol  1e-08
MIPGap  0.005
OptimalityTol  1e-08
Method  1
Crossover  2
DegenMoves  0
MIPFocus  3
NodeMethod  1
DualReductions  0
InfUnbdInfo  1
LogToConsole  0
Seed  20260929
Threads  1

Optimize a model with 286 rows, 83 columns and 995 nonzeros (Min)
Model fingerprint: 0x1d76667e
Model has 1 linear objective coefficients
Coefficient statistics:
  Matrix range     [1e-01, 1e+03]
  Objective range  [1e+00, 1e+00]
  Bounds range     [1e+00, 1e+03]
  RHS range        [1e+00, 7e+02]

Presolve time: 0.00s
Iteration    Objective       Primal Inf.    Dual Inf.      Time
       0    0.0000000e+00   2.349452e+03   0.000000e+00      0s

Solved in 68 iterations and 0.00 seconds (0.00 work units)
Infeasible model
Discarded solution information
Gurobi Optimizer version 13.0.2 build v13.0.2rc1 (win64 - Windows 11+.0 (26200.2))

CPU model: 13th Gen Intel(R) Core(TM) i7-13620H, instruction set [SSE2|AVX|AVX2]
Thread count: 10 physical cores, 16 logical processors, using up to 1 threads

Non-default parameters:
TimeLimit  60
FeasibilityTol  1e-08
IntFeasTol  1e-08
MIPGap  0.005
OptimalityTol  1e-08
Method  1
Crossover  2
DegenMoves  0
MIPFocus  3
NodeMethod  1
DualReductions  0
InfUnbdInfo  1
LogToConsole  0
Seed  20260929
Threads  1

Optimize a model with 286 rows, 83 columns and 995 nonzeros (Min)
Model fingerprint: 0x10db3422
Model has 1 linear objective coefficients
Coefficient statistics:
  Matrix range     [1e-01, 1e+03]
  Objective range  [1e+00, 1e+00]
  Bounds range     [1e+00, 1e+03]
  RHS range        [1e+00, 7e+02]

Presolve time: 0.00s
Presolved: 13 rows, 8 columns, 28 nonzeros

Iteration    Objective       Primal Inf.    Dual Inf.      Time
       0    6.2105263e-01   8.804563e+01   0.000000e+00      0s
       2    6.2105263e-01   0.000000e+00   0.000000e+00      0s

Solved in 2 iterations and 0.00 seconds (0.00 work units)
Optimal objective  6.210526316e-01
Discarded solution information
Gurobi Optimizer version 13.0.2 build v13.0.2rc1 (win64 - Windows 11+.0 (26200.2))

CPU model: 13th Gen Intel(R) Core(TM) i7-13620H, instruction set [SSE2|AVX|AVX2]
Thread count: 10 physical cores, 16 logical processors, using up to 1 threads

Non-default parameters:
TimeLimit  60
FeasibilityTol  1e-08
IntFeasTol  1e-08
MIPGap  0.005
OptimalityTol  1e-08
Method  1
Crossover  2
DegenMoves  0
MIPFocus  3
NodeMethod  1
DualReductions  0
InfUnbdInfo  1
LogToConsole  0
Seed  20260929
Threads  1

Optimize a model with 286 rows, 83 columns and 995 nonzeros (Min)
Model fingerprint: 0x976c7e3f
Model has 1 linear objective coefficients
Coefficient statistics:
  Matrix range     [1e-01, 1e+03]
  Objective range  [1e+00, 1e+00]
  Bounds range     [1e+00, 1e+03]
  RHS range        [1e+00, 7e+02]

Presolve time: 0.00s
Iteration    Objective       Primal Inf.    Dual Inf.      Time
       0    0.0000000e+00   2.349452e+03   0.000000e+00      0s

Solved in 84 iterations and 0.00 seconds (0.00 work units)
Infeasible model
Discarded solution information
Gurobi Optimizer version 13.0.2 build v13.0.2rc1 (win64 - Windows 11+.0 (26200.2))

CPU model: 13th Gen Intel(R) Core(TM) i7-13620H, instruction set [SSE2|AVX|AVX2]
Thread count: 10 physical cores, 16 logical processors, using up to 1 threads

Non-default parameters:
TimeLimit  60
FeasibilityTol  1e-08
IntFeasTol  1e-08
MIPGap  0.005
OptimalityTol  1e-08
Method  1
Crossover  2
DegenMoves  0
MIPFocus  3
NodeMethod  1
DualReductions  0
InfUnbdInfo  1
LogToConsole  0
Seed  20260929
Threads  1

Optimize a model with 286 rows, 83 columns and 995 nonzeros (Min)
Model fingerprint: 0xacebec19
Model has 1 linear objective coefficients
Coefficient statistics:
  Matrix range     [1e-01, 1e+03]
  Objective range  [1e+00, 1e+00]
  Bounds range     [1e+00, 1e+03]
  RHS range        [1e+00, 7e+02]

Presolve time: 0.00s
Presolved: 16 rows, 8 columns, 36 nonzeros

Iteration    Objective       Primal Inf.    Dual Inf.      Time
       0    3.4825000e-01   1.640598e+02   0.000000e+00      0s
       6    5.5658664e-01   0.000000e+00   0.000000e+00      0s

Solved in 6 iterations and 0.00 seconds (0.00 work units)
Optimal objective  5.565866383e-01
Discarded solution information
Gurobi Optimizer version 13.0.2 build v13.0.2rc1 (win64 - Windows 11+.0 (26200.2))

CPU model: 13th Gen Intel(R) Core(TM) i7-13620H, instruction set [SSE2|AVX|AVX2]
Thread count: 10 physical cores, 16 logical processors, using up to 1 threads

Non-default parameters:
TimeLimit  60
FeasibilityTol  1e-08
IntFeasTol  1e-08
MIPGap  0.005
OptimalityTol  1e-08
Method  1
Crossover  2
DegenMoves  0
MIPFocus  3
NodeMethod  1
DualReductions  0
InfUnbdInfo  1
LogToConsole  0
Seed  20260929
Threads  1

Optimize a model with 286 rows, 83 columns and 995 nonzeros (Min)
Model fingerprint: 0x1e4f7179
Model has 1 linear objective coefficients
Coefficient statistics:
  Matrix range     [1e-01, 1e+03]
  Objective range  [1e+00, 1e+00]
  Bounds range     [1e+00, 1e+03]
  RHS range        [1e+00, 7e+02]

Presolve time: 0.00s
Presolved: 16 rows, 8 columns, 36 nonzeros

Iteration    Objective       Primal Inf.    Dual Inf.      Time
       0    3.4825000e-01   1.640598e+02   0.000000e+00      0s
       6    5.5658664e-01   0.000000e+00   0.000000e+00      0s

Solved in 6 iterations and 0.00 seconds (0.00 work units)
Optimal objective  5.565866383e-01
Discarded solution information
Gurobi Optimizer version 13.0.2 build v13.0.2rc1 (win64 - Windows 11+.0 (26200.2))

CPU model: 13th Gen Intel(R) Core(TM) i7-13620H, instruction set [SSE2|AVX|AVX2]
Thread count: 10 physical cores, 16 logical processors, using up to 1 threads

Non-default parameters:
TimeLimit  60
FeasibilityTol  1e-08
IntFeasTol  1e-08
MIPGap  0.005
OptimalityTol  1e-08
Method  1
Crossover  2
DegenMoves  0
MIPFocus  3
NodeMethod  1
DualReductions  0
InfUnbdInfo  1
LogToConsole  0
Seed  20260929
Threads  1

Optimize a model with 286 rows, 83 columns and 995 nonzeros (Min)
Model fingerprint: 0x0caee9aa
Model has 1 linear objective coefficients
Coefficient statistics:
  Matrix range     [1e-01, 1e+03]
  Objective range  [1e+00, 1e+00]
  Bounds range     [1e+00, 1e+03]
  RHS range        [1e+00, 7e+02]

Presolve time: 0.00s
Presolved: 16 rows, 8 columns, 36 nonzeros

Iteration    Objective       Primal Inf.    Dual Inf.      Time
       0    3.4825000e-01   1.640598e+02   0.000000e+00      0s
       6    5.5658664e-01   0.000000e+00   0.000000e+00      0s

Solved in 6 iterations and 0.00 seconds (0.00 work units)
Optimal objective  5.565866383e-01
Discarded solution information
Gurobi Optimizer version 13.0.2 build v13.0.2rc1 (win64 - Windows 11+.0 (26200.2))

CPU model: 13th Gen Intel(R) Core(TM) i7-13620H, instruction set [SSE2|AVX|AVX2]
Thread count: 10 physical cores, 16 logical processors, using up to 1 threads

Non-default parameters:
TimeLimit  60
FeasibilityTol  1e-08
IntFeasTol  1e-08
MIPGap  0.005
OptimalityTol  1e-08
Method  1
Crossover  2
DegenMoves  0
MIPFocus  3
NodeMethod  1
DualReductions  0
InfUnbdInfo  1
LogToConsole  0
Seed  20260929
Threads  1

Optimize a model with 286 rows, 83 columns and 995 nonzeros (Min)
Model fingerprint: 0xb110326c
Model has 1 linear objective coefficients
Coefficient statistics:
  Matrix range     [1e-01, 1e+03]
  Objective range  [1e+00, 1e+00]
  Bounds range     [1e+00, 1e+03]
  RHS range        [1e+00, 7e+02]

Presolve time: 0.00s
Iteration    Objective       Primal Inf.    Dual Inf.      Time
       0    0.0000000e+00   2.349452e+03   0.000000e+00      0s

Solved in 83 iterations and 0.00 seconds (0.00 work units)
Infeasible model
Discarded solution information
Gurobi Optimizer version 13.0.2 build v13.0.2rc1 (win64 - Windows 11+.0 (26200.2))

CPU model: 13th Gen Intel(R) Core(TM) i7-13620H, instruction set [SSE2|AVX|AVX2]
Thread count: 10 physical cores, 16 logical processors, using up to 1 threads

Non-default parameters:
TimeLimit  60
FeasibilityTol  1e-08
IntFeasTol  1e-08
MIPGap  0.005
OptimalityTol  1e-08
Method  1
Crossover  2
DegenMoves  0
MIPFocus  3
NodeMethod  1
DualReductions  0
InfUnbdInfo  1
LogToConsole  0
Seed  20260929
Threads  1

Optimize a model with 286 rows, 83 columns and 995 nonzeros (Min)
Model fingerprint: 0x2fd84cd9
Model has 1 linear objective coefficients
Coefficient statistics:
  Matrix range     [1e-01, 1e+03]
  Objective range  [1e+00, 1e+00]
  Bounds range     [1e+00, 1e+03]
  RHS range        [1e+00, 7e+02]

Presolve time: 0.00s
Presolved: 26 rows, 9 columns, 60 nonzeros

Iteration    Objective       Primal Inf.    Dual Inf.      Time
       0    3.6930263e-01   2.807031e+02   0.000000e+00      0s
       5    6.7361505e-01   0.000000e+00   0.000000e+00      0s

Solved in 5 iterations and 0.00 seconds (0.00 work units)
Optimal objective  6.736150495e-01
Discarded solution information
Gurobi Optimizer version 13.0.2 build v13.0.2rc1 (win64 - Windows 11+.0 (26200.2))

CPU model: 13th Gen Intel(R) Core(TM) i7-13620H, instruction set [SSE2|AVX|AVX2]
Thread count: 10 physical cores, 16 logical processors, using up to 1 threads

Non-default parameters:
TimeLimit  60
FeasibilityTol  1e-08
IntFeasTol  1e-08
MIPGap  0.005
OptimalityTol  1e-08
Method  1
Crossover  2
DegenMoves  0
MIPFocus  3
NodeMethod  1
DualReductions  0
InfUnbdInfo  1
LogToConsole  0
Seed  20260929
Threads  1

Optimize a model with 286 rows, 83 columns and 995 nonzeros (Min)
Model fingerprint: 0xd27378cb
Model has 1 linear objective coefficients
Coefficient statistics:
  Matrix range     [1e-01, 1e+03]
  Objective range  [1e+00, 1e+00]
  Bounds range     [1e+00, 1e+03]
  RHS range        [1e+00, 7e+02]

Presolve time: 0.00s
Presolved: 16 rows, 8 columns, 36 nonzeros

Iteration    Objective       Primal Inf.    Dual Inf.      Time
       0    3.4825000e-01   1.640598e+02   0.000000e+00      0s
       6    5.5658664e-01   0.000000e+00   0.000000e+00      0s

Solved in 6 iterations and 0.00 seconds (0.00 work units)
Optimal objective  5.565866383e-01
Discarded solution information
Gurobi Optimizer version 13.0.2 build v13.0.2rc1 (win64 - Windows 11+.0 (26200.2))

CPU model: 13th Gen Intel(R) Core(TM) i7-13620H, instruction set [SSE2|AVX|AVX2]
Thread count: 10 physical cores, 16 logical processors, using up to 1 threads

Non-default parameters:
TimeLimit  60
FeasibilityTol  1e-08
IntFeasTol  1e-08
MIPGap  0.005
OptimalityTol  1e-08
Method  1
Crossover  2
DegenMoves  0
MIPFocus  3
NodeMethod  1
DualReductions  0
InfUnbdInfo  1
LogToConsole  0
Seed  20260929
Threads  1

Optimize a model with 286 rows, 83 columns and 995 nonzeros (Min)
Model fingerprint: 0xfc185c01
Model has 1 linear objective coefficients
Coefficient statistics:
  Matrix range     [1e-01, 1e+03]
  Objective range  [1e+00, 1e+00]
  Bounds range     [1e+00, 1e+03]
  RHS range        [1e+00, 7e+02]

Presolve time: 0.00s
Presolved: 15 rows, 9 columns, 36 nonzeros

Iteration    Objective       Primal Inf.    Dual Inf.      Time
       0    6.0000000e-01   1.018614e+02   0.000000e+00      0s
       6    6.0000000e-01   0.000000e+00   0.000000e+00      0s

Solved in 6 iterations and 0.00 seconds (0.00 work units)
Optimal objective  6.000000000e-01
