
Gurobi 13.0.2 (win64) logging started Thu Oct  8 13:47:20 2026

Set parameter LogFile to value "D:\v42_m1_route_mode_benders_20261008\logs\recourse_006.log"
Set parameter NodefileDir to value "D:\v42_m1_route_mode_benders_20261008\tmp"
Set parameter LogToConsole to value 0
Set parameter OutputFlag to value 1
Gurobi Optimizer version 13.0.2 build v13.0.2rc1 (win64 - Windows 11+.0 (26200.2))

CPU model: 13th Gen Intel(R) Core(TM) i7-13620H, instruction set [SSE2|AVX|AVX2]
Thread count: 10 physical cores, 16 logical processors, using up to 1 threads

Non-default parameters:
TimeLimit  120
FeasibilityTol  1e-08
IntFeasTol  1e-08
MIPGap  0.005
OptimalityTol  1e-08
Method  2
Crossover  2
DegenMoves  0
MIPFocus  3
NodeMethod  1
DualReductions  0
InfUnbdInfo  1
LogToConsole  0
Seed  20260929
Threads  1

Optimize a model with 582808 rows, 306040 columns and 5351612 nonzeros (Min)
Model fingerprint: 0x79b623fb
Model has 1 linear objective coefficients
Coefficient statistics:
  Matrix range     [1e-13, 4e+02]
  Objective range  [1e+00, 1e+00]
  Bounds range     [3e-08, 2e+03]
  RHS range        [2e-24, 2e+03]
Warning: Model contains large matrix coefficient range
         Consider reformulating model or setting NumericFocus parameter
         to avoid numerical issues.

Presolve time: 0.77s
Presolved: 26001 rows, 5149 columns, 191172 nonzeros

Ordering time: 0.04s

Barrier statistics:
 Dense cols : 715
 AA' NZ     : 2.467e+05
 Factor NZ  : 3.745e+05 (roughly 16 MB of memory)
 Factor Ops : 2.299e+07 (less than 1 second per iteration)
 Threads    : 1

                  Objective                Residual
Iter       Primal          Dual         Primal    Dual     Compl     Time
   0   2.73853209e+02 -4.81516120e+03  2.61e+03 4.28e-06  2.35e+01     1s
   1   2.74046594e+02 -1.05873640e+04  1.31e+03 9.97e-03  5.35e+00     1s
   2   2.52979656e+02 -8.99705993e+03  1.20e+03 6.80e-11  1.53e+01     1s
   3   2.37745021e+01 -4.11248307e+03  1.09e+02 1.02e-08  1.45e+00     1s
   4   2.79472917e+00 -1.35522117e+03  8.57e+00 3.70e-15  1.42e-01     1s
   5   1.16450012e+00 -7.64485824e+02  7.86e-01 8.21e-08  3.06e-02     1s
   6   1.00235446e+00 -1.15818845e+02  1.15e-02 2.63e-08  3.69e-03     1s
   7   9.99949557e-01 -8.65986948e-01  3.60e-06 4.06e-10  5.85e-05     1s
   8   9.99843164e-01  1.89176722e-01  7.72e-10 1.73e-10  2.54e-05     1s
   9   9.41325428e-01  1.91940612e-01  6.73e-10 1.71e-10  2.35e-05     1s
  10   7.55291242e-01  2.58249308e-01  3.83e-10 1.25e-10  1.56e-05     1s
  11   7.13038450e-01  3.25242045e-01  3.13e-10 8.96e-11  1.22e-05     1s
  12   7.01945436e-01  3.67638112e-01  2.64e-10 7.04e-11  1.05e-05     1s
  13   6.86189625e-01  3.79146948e-01  2.39e-10 6.62e-11  9.63e-06     1s
  14   6.75673767e-01  3.95267764e-01  2.20e-10 6.00e-11  8.79e-06     1s
  15   6.59433801e-01  4.01217400e-01  1.44e-10 5.79e-11  8.10e-06     1s
  16   6.48290534e-01  4.76293617e-01  8.23e-11 3.40e-11  5.39e-06     1s
  17   6.43125933e-01  5.07400360e-01  4.68e-11 2.64e-11  4.26e-06     1s
  18   6.37326195e-01  5.65834046e-01  2.91e-11 1.35e-11  2.24e-06     1s
  19   6.37881845e-01  5.69039874e-01  2.43e-10 1.28e-11  2.16e-06     1s
  20   6.36122210e-01  5.80756204e-01  1.79e-10 1.03e-11  1.74e-06     1s
  21   6.34619141e-01  6.04504466e-01  7.73e-11 5.63e-12  9.44e-07     1s
  22   6.32624350e-01  6.24236546e-01  4.68e-11 1.42e-12  2.63e-07     1s
  23   6.32229763e-01  6.28289688e-01  8.98e-11 6.51e-13  1.24e-07     1s
  24   6.32029277e-01  6.30385998e-01  1.42e-10 1.42e-13  5.16e-08     1s
  25   6.31950282e-01  6.31783246e-01  4.03e-10 3.81e-14  5.33e-09     1s
  26   6.31948534e-01  6.31942639e-01  2.84e-10 2.26e-11  2.38e-10     1s
  27   6.31948485e-01  6.31948447e-01  6.53e-10 2.91e-11  1.30e-12     1s
  28   6.31948481e-01  6.31948481e-01  2.48e-12 5.18e-14  2.60e-15     1s

Barrier solved model in 28 iterations and 1.50 seconds (1.37 work units)
Optimal objective 6.31948481e-01

Crossover log...

      86 DPushes remaining with DInf 0.0000000e+00                 2s
       0 DPushes remaining with DInf 0.0000000e+00                 2s

     317 PPushes remaining with PInf 0.0000000e+00                 2s
       0 PPushes remaining with PInf 0.0000000e+00                 2s

  Push phase complete: Pinf 0.0000000e+00, Dinf 4.7397291e-16      2s

Iteration    Objective       Primal Inf.    Dual Inf.      Time
     404    6.3194848e-01   0.000000e+00   0.000000e+00      2s
Crossover time: 0.05 seconds (0.04 work units)
     404    6.3194848e-01   0.000000e+00   0.000000e+00      2s

Solved in 404 iterations and 2.22 seconds (1.88 work units)
Optimal objective  6.319484815e-01
Discarded solution information
Set parameter Threads to value 1
Set parameter Method to value 2
Set parameter NodeMethod to value 1
Set parameter Crossover to value 2
Set parameter MIPFocus to value 3
Set parameter MIPGap to value 0.005
Set parameter FeasibilityTol to value 1e-08
Set parameter OptimalityTol to value 1e-08
Set parameter IntFeasTol to value 1e-08
Set parameter Seed to value 20260929
Set parameter DegenMoves to value 0
Set parameter BarConvTol to value 1e-08
Set parameter TimeLimit to value 120
Set parameter DualReductions to value 0
Set parameter InfUnbdInfo to value 1
