
Gurobi 13.0.2 (win64) logging started Thu Oct  8 13:48:41 2026

Set parameter LogFile to value "D:\v42_m1_route_mode_benders_20261008\logs\recourse_018.log"
Set parameter NodefileDir to value "D:\v42_m1_route_mode_benders_20261008\tmp"
Set parameter LogToConsole to value 0
Set parameter OutputFlag to value 1
Gurobi Optimizer version 13.0.2 build v13.0.2rc1 (win64 - Windows 11+.0 (26200.2))

CPU model: 13th Gen Intel(R) Core(TM) i7-13620H, instruction set [SSE2|AVX|AVX2]
Thread count: 10 physical cores, 16 logical processors, using up to 1 threads

Non-default parameters:
TimeLimit  120
FeasibilityTol  1e-08
IntFeasTol  1e-08
MIPGap  0.005
OptimalityTol  1e-08
Method  2
Crossover  2
DegenMoves  0
MIPFocus  3
NodeMethod  1
DualReductions  0
InfUnbdInfo  1
LogToConsole  0
Seed  20260929
Threads  1

Optimize a model with 582808 rows, 306040 columns and 5351612 nonzeros (Min)
Model fingerprint: 0x0d6b304a
Model has 1 linear objective coefficients
Coefficient statistics:
  Matrix range     [1e-13, 4e+02]
  Objective range  [1e+00, 1e+00]
  Bounds range     [3e-08, 2e+03]
  RHS range        [2e-24, 2e+03]
Warning: Model contains large matrix coefficient range
         Consider reformulating model or setting NumericFocus parameter
         to avoid numerical issues.

Presolve time: 0.82s
Presolved: 22584 rows, 4401 columns, 168267 nonzeros

Ordering time: 0.04s

Barrier statistics:
 Dense cols : 653
 AA' NZ     : 2.924e+05
 Factor NZ  : 3.921e+05 (roughly 15 MB of memory)
 Factor Ops : 2.766e+07 (less than 1 second per iteration)
 Threads    : 1

                  Objective                Residual
Iter       Primal          Dual         Primal    Dual     Compl     Time
   0   2.84824114e+02 -4.41166929e+03  2.75e+03 7.74e-06  2.50e+01     1s
   1   2.84825907e+02 -1.04138950e+04  1.38e+03 7.99e-03  5.48e+00     1s
   2   2.98755375e+00 -8.32704149e+03  6.29e+02 4.09e-12  3.61e+00     1s
   3   1.07228606e+00 -2.49019160e+03  1.25e+02 8.53e-13  7.07e-01     1s
   4   7.77476683e-01 -5.80932406e+02  1.28e+01 2.61e-15  8.17e-02     1s
   5   7.25330785e-01 -3.24426496e+02  7.31e+00 7.96e-13  4.41e-02     1s
   6   6.81325139e-01 -1.95012912e+02  2.54e+00 8.53e-13  1.71e-02     1s
   7   6.70533213e-01 -1.13039809e+02  1.36e+00 1.99e-13  8.52e-03     1s
   8   6.58387468e-01 -8.69125977e+01  4.54e-01 5.68e-14  4.46e-03     1s
   9   6.56257197e-01 -2.90408430e+01  2.31e-01 1.28e-13  1.51e-03     1s
  10   6.53561539e-01 -5.95726512e+00  4.89e-03 6.94e-17  2.45e-04     1s
  11   6.51077361e-01 -5.12518106e-01  2.03e-03 5.55e-17  4.35e-05     1s
  12   6.45278072e-01  2.49614696e-01  9.85e-04 5.55e-17  1.48e-05     1s
  13   6.39991331e-01  4.53597070e-01  6.36e-04 4.16e-17  6.95e-06     1s
  14   6.35674395e-01  5.55816536e-01  3.84e-04 4.16e-17  2.97e-06     1s
  15   6.31441462e-01  6.07714514e-01  1.57e-04 9.32e-15  8.78e-07     1s
  16   6.29686411e-01  6.22797643e-01  6.41e-05 1.91e-14  2.53e-07     1s
  17   6.28555209e-01  6.28073221e-01  6.60e-06 6.94e-17  1.76e-08     1s
  18   6.28425964e-01  6.28371876e-01  5.43e-07 1.93e-11  1.98e-09     1s
  19   6.28416098e-01  6.28411997e-01  8.79e-08 1.86e-12  1.50e-10     1s
  20   6.28414198e-01  6.28414184e-01  6.64e-10 1.67e-12  4.00e-13     1s

Barrier solved model in 20 iterations and 1.41 seconds (1.25 work units)
Optimal objective 6.28414198e-01

Crossover log...

     179 DPushes remaining with DInf 0.0000000e+00                 1s
       0 DPushes remaining with DInf 0.0000000e+00                 1s

     701 PPushes remaining with PInf 0.0000000e+00                 1s
       0 PPushes remaining with PInf 0.0000000e+00                 1s

  Push phase complete: Pinf 0.0000000e+00, Dinf 1.9984608e-16      1s

Iteration    Objective       Primal Inf.    Dual Inf.      Time
     882    6.2841420e-01   0.000000e+00   0.000000e+00      1s
Crossover time: 0.09 seconds (0.08 work units)
     882    6.2841420e-01   0.000000e+00   0.000000e+00      2s

Solved in 882 iterations and 2.23 seconds (1.79 work units)
Optimal objective  6.284141956e-01
Discarded solution information
Set parameter Threads to value 1
Set parameter Method to value 2
Set parameter NodeMethod to value 1
Set parameter Crossover to value 2
Set parameter MIPFocus to value 3
Set parameter MIPGap to value 0.005
Set parameter FeasibilityTol to value 1e-08
Set parameter OptimalityTol to value 1e-08
Set parameter IntFeasTol to value 1e-08
Set parameter Seed to value 20260929
Set parameter DegenMoves to value 0
Set parameter BarConvTol to value 1e-08
Set parameter TimeLimit to value 120
Set parameter DualReductions to value 0
Set parameter InfUnbdInfo to value 1
