
Gurobi 13.0.2 (win64) logging started Thu Oct  8 13:47:01 2026

Set parameter LogFile to value "D:\v42_m1_route_mode_benders_20261008\logs\recourse_004.log"
Set parameter NodefileDir to value "D:\v42_m1_route_mode_benders_20261008\tmp"
Set parameter LogToConsole to value 0
Set parameter OutputFlag to value 1
Gurobi Optimizer version 13.0.2 build v13.0.2rc1 (win64 - Windows 11+.0 (26200.2))

CPU model: 13th Gen Intel(R) Core(TM) i7-13620H, instruction set [SSE2|AVX|AVX2]
Thread count: 10 physical cores, 16 logical processors, using up to 1 threads

Non-default parameters:
TimeLimit  120
FeasibilityTol  1e-08
IntFeasTol  1e-08
MIPGap  0.005
OptimalityTol  1e-08
Method  2
Crossover  2
DegenMoves  0
MIPFocus  3
NodeMethod  1
DualReductions  0
InfUnbdInfo  1
LogToConsole  0
Seed  20260929
Threads  1

Optimize a model with 582808 rows, 306040 columns and 5351612 nonzeros (Min)
Model fingerprint: 0xe68c598a
Model has 1 linear objective coefficients
Coefficient statistics:
  Matrix range     [1e-13, 4e+02]
  Objective range  [1e+00, 1e+00]
  Bounds range     [3e-08, 2e+03]
  RHS range        [2e-24, 2e+03]
Warning: Model contains large matrix coefficient range
         Consider reformulating model or setting NumericFocus parameter
         to avoid numerical issues.

Presolve time: 0.76s
Presolved: 25948 rows, 5126 columns, 191174 nonzeros

Ordering time: 0.04s

Barrier statistics:
 Dense cols : 715
 AA' NZ     : 2.463e+05
 Factor NZ  : 3.730e+05 (roughly 16 MB of memory)
 Factor Ops : 2.296e+07 (less than 1 second per iteration)
 Threads    : 1

                  Objective                Residual
Iter       Primal          Dual         Primal    Dual     Compl     Time
   0   2.75444460e+02 -4.79925755e+03  2.63e+03 4.33e-06  2.37e+01     1s
   1   2.75635464e+02 -1.05892387e+04  1.31e+03 9.95e-03  5.38e+00     1s
   2   2.55316247e+02 -8.98876182e+03  1.21e+03 1.07e-11  1.51e+01     1s
   3   3.20011206e+01 -4.00809873e+03  1.48e+02 3.62e-08  1.89e+00     1s
   4   2.48259640e+00 -1.51702831e+03  7.08e+00 9.62e-08  1.30e-01     1s
   5   1.11230091e+00 -6.74691318e+02  5.37e-01 3.71e-15  2.54e-02     1s
   6   1.00313766e+00 -1.50837027e+02  1.52e-02 6.50e-16  4.82e-03     1s
   7   9.99954172e-01 -2.09962068e+00  7.38e-06 8.33e-17  9.74e-05     1s
   8   9.99913855e-01  1.89585557e-01  2.04e-10 2.22e-16  2.55e-05     1s
   9   9.48363675e-01  1.38850892e-01  1.13e-10 2.22e-16  2.54e-05     1s
  10   7.08174838e-01  2.03370432e-01  2.76e-11 2.22e-15  1.59e-05     1s
  11   6.97873585e-01  3.01887699e-01  2.52e-11 1.78e-15  1.24e-05     1s
  12   6.79963225e-01  3.25347071e-01  2.28e-11 2.22e-15  1.11e-05     1s
  13   6.60831939e-01  3.48718721e-01  1.78e-11 2.22e-15  9.81e-06     1s
  14   6.59147403e-01  4.09767897e-01  1.51e-11 1.78e-15  7.84e-06     1s
  15   6.41471734e-01  4.39796795e-01  1.96e-11 1.55e-15  6.34e-06     1s
  16   6.40139568e-01  4.58504007e-01  9.65e-12 1.55e-15  5.71e-06     1s
  17   6.37136378e-01  5.39020292e-01  6.42e-12 8.88e-16  3.08e-06     1s
  18   6.35441141e-01  5.45046990e-01  9.39e-11 8.88e-16  2.84e-06     1s
  19   6.33504786e-01  5.74329438e-01  8.31e-11 8.88e-16  1.86e-06     1s
  20   6.33259342e-01  6.17130610e-01  5.52e-11 6.66e-16  5.07e-07     1s
  21   6.32428837e-01  6.26854357e-01  4.62e-11 3.33e-16  1.75e-07     1s
  22   6.32270702e-01  6.28063531e-01  7.09e-11 3.33e-16  1.32e-07     1s
  23   6.32079019e-01  6.31886874e-01  7.12e-11 1.67e-16  6.05e-09     1s
  24   6.32057522e-01  6.32041168e-01  8.38e-10 1.58e-11  5.29e-10     1s
  25   6.32051627e-01  6.32049786e-01  1.15e-09 1.27e-11  6.19e-11     1s
  26   6.32050152e-01  6.32050126e-01  4.62e-11 2.80e-13  1.29e-12     1s
  27   6.32050149e-01  6.32050149e-01  2.53e-10 2.53e-14  1.29e-15     1s

Barrier solved model in 27 iterations and 1.42 seconds (1.36 work units)
Optimal objective 6.32050149e-01

Crossover log...

      68 DPushes remaining with DInf 0.0000000e+00                 1s
       0 DPushes remaining with DInf 0.0000000e+00                 1s

     337 PPushes remaining with PInf 0.0000000e+00                 1s
       0 PPushes remaining with PInf 0.0000000e+00                 1s

  Push phase complete: Pinf 0.0000000e+00, Dinf 4.2790268e-17      1s

Iteration    Objective       Primal Inf.    Dual Inf.      Time
     407    6.3205015e-01   0.000000e+00   0.000000e+00      1s
Crossover time: 0.05 seconds (0.04 work units)
     407    6.3205015e-01   0.000000e+00   0.000000e+00      2s

Solved in 407 iterations and 2.14 seconds (1.87 work units)
Optimal objective  6.320501491e-01
Discarded solution information
Set parameter Threads to value 1
Set parameter Method to value 2
Set parameter NodeMethod to value 1
Set parameter Crossover to value 2
Set parameter MIPFocus to value 3
Set parameter MIPGap to value 0.005
Set parameter FeasibilityTol to value 1e-08
Set parameter OptimalityTol to value 1e-08
Set parameter IntFeasTol to value 1e-08
Set parameter Seed to value 20260929
Set parameter DegenMoves to value 0
Set parameter BarConvTol to value 1e-08
Set parameter TimeLimit to value 120
Set parameter DualReductions to value 0
Set parameter InfUnbdInfo to value 1
