
Gurobi 13.0.2 (win64) logging started Thu Oct  8 13:47:30 2026

Set parameter LogFile to value "D:\v42_m1_route_mode_benders_20261008\logs\recourse_007.log"
Set parameter NodefileDir to value "D:\v42_m1_route_mode_benders_20261008\tmp"
Set parameter LogToConsole to value 0
Set parameter OutputFlag to value 1
Gurobi Optimizer version 13.0.2 build v13.0.2rc1 (win64 - Windows 11+.0 (26200.2))

CPU model: 13th Gen Intel(R) Core(TM) i7-13620H, instruction set [SSE2|AVX|AVX2]
Thread count: 10 physical cores, 16 logical processors, using up to 1 threads

Non-default parameters:
TimeLimit  120
FeasibilityTol  1e-08
IntFeasTol  1e-08
MIPGap  0.005
OptimalityTol  1e-08
Method  2
Crossover  2
DegenMoves  0
MIPFocus  3
NodeMethod  1
DualReductions  0
InfUnbdInfo  1
LogToConsole  0
Seed  20260929
Threads  1

Optimize a model with 582808 rows, 306040 columns and 5351612 nonzeros (Min)
Model fingerprint: 0x3e1d05ba
Model has 1 linear objective coefficients
Coefficient statistics:
  Matrix range     [1e-13, 4e+02]
  Objective range  [1e+00, 1e+00]
  Bounds range     [3e-08, 2e+03]
  RHS range        [2e-24, 2e+03]
Warning: Model contains large matrix coefficient range
         Consider reformulating model or setting NumericFocus parameter
         to avoid numerical issues.

Presolve time: 0.76s
Presolved: 26025 rows, 5155 columns, 191312 nonzeros

Ordering time: 0.04s

Barrier statistics:
 Dense cols : 715
 AA' NZ     : 2.469e+05
 Factor NZ  : 3.751e+05 (roughly 16 MB of memory)
 Factor Ops : 2.301e+07 (less than 1 second per iteration)
 Threads    : 1

                  Objective                Residual
Iter       Primal          Dual         Primal    Dual     Compl     Time
   0   2.73825374e+02 -4.85447662e+03  2.58e+03 4.57e-06  2.35e+01     1s
   1   2.74067270e+02 -1.07094721e+04  1.29e+03 8.65e-03  5.14e+00     1s
   2   2.60573636e+00 -8.70959803e+03  2.97e+02 2.07e-04  3.28e+00     1s
   3   9.38662631e-01 -2.59809922e+03  5.56e+01 5.61e-15  6.21e-01     1s
   4   7.44584967e-01 -8.87887216e+02  1.53e+01 3.08e-15  1.68e-01     1s
   5   7.40683714e-01 -8.22120641e+02  9.69e+00 1.14e-12  1.14e-01     1s
   6   6.99106557e-01 -5.96832273e+02  4.64e+00 1.76e-15  5.63e-02     1s
   7   6.83956533e-01 -5.32365215e+02  3.76e+00 1.44e-15  4.53e-02     1s
   8   6.64200190e-01 -4.83349257e+02  1.95e+00 1.28e-15  2.92e-02     1s
   9   6.55415371e-01 -4.08681212e+02  8.03e-01 1.13e-15  1.80e-02     1s
  10   6.49734464e-01 -1.66365051e+02  4.37e-03 8.33e-16  5.26e-03     1s
  11   6.49495877e-01 -8.60010878e-01  6.19e-07 4.93e-14  4.74e-05     1s
  12   6.41159403e-01  5.22141519e-01  4.03e-08 9.83e-15  3.73e-06     1s
  13   6.37247305e-01  5.59736394e-01  2.54e-08 3.47e-15  2.43e-06     1s
  14   6.36669635e-01  5.66231884e-01  2.10e-08 3.23e-15  2.21e-06     1s
  15   6.34899723e-01  5.89878666e-01  1.26e-08 1.78e-15  1.41e-06     1s
  16   6.33609521e-01  6.05031851e-01  7.31e-09 8.88e-16  8.97e-07     1s
  17   6.32550862e-01  6.18821358e-01  2.94e-09 6.26e-15  4.31e-07     1s
  18   6.32167866e-01  6.25969074e-01  1.14e-09 2.25e-15  1.94e-07     1s
  19   6.31894589e-01  6.31645243e-01  7.67e-11 3.17e-15  7.83e-09     1s
  20   6.31882082e-01  6.31875785e-01  4.68e-10 2.99e-11  2.01e-10     1s
  21   6.31882007e-01  6.31881967e-01  1.17e-10 1.47e-11  1.24e-12     1s
  22   6.31881984e-01  6.31881984e-01  2.95e-11 8.44e-13  1.46e-14     1s

Barrier solved model in 22 iterations and 1.33 seconds (1.29 work units)
Optimal objective 6.31881984e-01

Crossover log...

      83 DPushes remaining with DInf 0.0000000e+00                 1s
       0 DPushes remaining with DInf 0.0000000e+00                 1s

     376 PPushes remaining with PInf 0.0000000e+00                 1s
       0 PPushes remaining with PInf 0.0000000e+00                 1s

  Push phase complete: Pinf 0.0000000e+00, Dinf 3.3164493e-17      1s

Iteration    Objective       Primal Inf.    Dual Inf.      Time
     460    6.3188198e-01   0.000000e+00   0.000000e+00      1s
Crossover time: 0.05 seconds (0.04 work units)
     460    6.3188198e-01   0.000000e+00   0.000000e+00      2s

Solved in 460 iterations and 1.98 seconds (1.79 work units)
Optimal objective  6.318819838e-01
Discarded solution information
Set parameter Threads to value 1
Set parameter Method to value 2
Set parameter NodeMethod to value 1
Set parameter Crossover to value 2
Set parameter MIPFocus to value 3
Set parameter MIPGap to value 0.005
Set parameter FeasibilityTol to value 1e-08
Set parameter OptimalityTol to value 1e-08
Set parameter IntFeasTol to value 1e-08
Set parameter Seed to value 20260929
Set parameter DegenMoves to value 0
Set parameter BarConvTol to value 1e-08
Set parameter TimeLimit to value 120
Set parameter DualReductions to value 0
Set parameter InfUnbdInfo to value 1
