
Gurobi 13.0.2 (win64) logging started Thu Oct  8 13:48:18 2026

Set parameter LogFile to value "D:\v42_m1_route_mode_benders_20261008\logs\recourse_013.log"
Set parameter NodefileDir to value "D:\v42_m1_route_mode_benders_20261008\tmp"
Set parameter LogToConsole to value 0
Set parameter OutputFlag to value 1
Gurobi Optimizer version 13.0.2 build v13.0.2rc1 (win64 - Windows 11+.0 (26200.2))

CPU model: 13th Gen Intel(R) Core(TM) i7-13620H, instruction set [SSE2|AVX|AVX2]
Thread count: 10 physical cores, 16 logical processors, using up to 1 threads

Non-default parameters:
TimeLimit  120
FeasibilityTol  1e-08
IntFeasTol  1e-08
MIPGap  0.005
OptimalityTol  1e-08
Method  2
Crossover  2
DegenMoves  0
MIPFocus  3
NodeMethod  1
DualReductions  0
InfUnbdInfo  1
LogToConsole  0
Seed  20260929
Threads  1

Optimize a model with 582808 rows, 306040 columns and 5351612 nonzeros (Min)
Model fingerprint: 0x85524a9d
Model has 1 linear objective coefficients
Coefficient statistics:
  Matrix range     [1e-13, 4e+02]
  Objective range  [1e+00, 1e+00]
  Bounds range     [3e-08, 2e+03]
  RHS range        [2e-24, 2e+03]
Warning: Model contains large matrix coefficient range
         Consider reformulating model or setting NumericFocus parameter
         to avoid numerical issues.

Presolve time: 0.45s
Presolved: 24853 rows, 4865 columns, 182746 nonzeros

Ordering time: 0.02s

Barrier statistics:
 Dense cols : 678
 AA' NZ     : 2.903e+05
 Factor NZ  : 4.089e+05 (roughly 16 MB of memory)
 Factor Ops : 2.809e+07 (less than 1 second per iteration)
 Threads    : 1

                  Objective                Residual
Iter       Primal          Dual         Primal    Dual     Compl     Time
   0   2.79004524e+02 -4.48251713e+03  2.66e+03 4.63e-06  2.40e+01     1s
   1   2.79171329e+02 -1.04314287e+04  1.33e+03 9.39e-03  5.43e+00     1s
   2   7.20913151e+00 -9.16037563e+03  1.23e+03 4.88e-15  1.38e+01     1s
   3   1.34622364e+00 -4.15416357e+03  1.48e+02 2.27e-13  1.72e+00     1s
   4   7.37659023e-01 -1.40861127e+03  1.44e+01 2.05e-12  1.95e-01     1s
   5   6.91288592e-01 -9.19618457e+02  8.54e+00 4.55e-13  1.12e-01     1s
   6   6.82393401e-01 -7.65359696e+02  6.91e+00 4.55e-13  8.84e-02     1s
   7   6.73920087e-01 -5.93041011e+02  5.30e+00 3.41e-13  6.43e-02     1s
   8   6.62038179e-01 -5.17809007e+02  3.73e+00 1.48e-12  4.69e-02     1s
   9   6.54503638e-01 -4.43792255e+02  1.85e+00 6.38e-16  2.84e-02     1s
  10   6.47592453e-01 -2.80356721e+02  5.12e-01 1.61e-15  1.21e-02     1s
  11   6.43814734e-01 -8.68520749e+01  2.50e-03 7.98e-16  2.88e-03     1s
  12   6.43616630e-01 -7.08059737e-01  5.86e-06 1.06e-12  4.44e-05     1s
  13   6.38783950e-01  2.65874083e-01  8.94e-07 2.75e-13  1.22e-05     1s
  14   6.37080936e-01  3.39314477e-01  6.74e-07 2.18e-13  9.78e-06     1s
  15   6.36839291e-01  4.66776218e-01  6.32e-07 1.22e-13  5.59e-06     1s
  16   6.32697844e-01  5.83538127e-01  1.26e-07 2.98e-14  1.61e-06     1s
  17   6.32001206e-01  5.93116935e-01  6.89e-08 2.28e-14  1.28e-06     1s
  18   6.31642194e-01  6.10939789e-01  4.33e-08 9.78e-15  6.80e-07     1s
  19   6.31314994e-01  6.24759920e-01  1.71e-08 1.74e-15  2.15e-07     1s
  20   6.31199037e-01  6.28176018e-01  8.83e-09 9.71e-17  9.93e-08     1s
  21   6.31151325e-01  6.28719651e-01  6.16e-09 7.72e-17  7.99e-08     1s
  22   6.31119831e-01  6.29930096e-01  4.51e-09 5.55e-17  3.91e-08     1s
  23   6.31054971e-01  6.30582704e-01  1.19e-09 7.17e-15  1.55e-08     1s
  24   6.31031594e-01  6.31009808e-01  2.03e-10 4.53e-12  7.49e-10     1s
  25   6.31030090e-01  6.31029995e-01  4.09e-10 4.81e-12  5.85e-12     1s
  26   6.31030084e-01  6.31030084e-01  9.70e-11 1.07e-13  5.95e-15     1s

Barrier solved model in 26 iterations and 0.78 seconds (1.37 work units)
Optimal objective 6.31030084e-01

Crossover log...

      88 DPushes remaining with DInf 0.0000000e+00                 1s
       0 DPushes remaining with DInf 0.0000000e+00                 1s

     338 PPushes remaining with PInf 0.0000000e+00                 1s
       0 PPushes remaining with PInf 0.0000000e+00                 1s

  Push phase complete: Pinf 0.0000000e+00, Dinf 2.5087742e-16      1s

Iteration    Objective       Primal Inf.    Dual Inf.      Time
     429    6.3103008e-01   0.000000e+00   0.000000e+00      1s
Crossover time: 0.03 seconds (0.03 work units)
     429    6.3103008e-01   0.000000e+00   0.000000e+00      1s

Solved in 429 iterations and 1.21 seconds (1.87 work units)
Optimal objective  6.310300836e-01
Discarded solution information
Set parameter Threads to value 1
Set parameter Method to value 2
Set parameter NodeMethod to value 1
Set parameter Crossover to value 2
Set parameter MIPFocus to value 3
Set parameter MIPGap to value 0.005
Set parameter FeasibilityTol to value 1e-08
Set parameter OptimalityTol to value 1e-08
Set parameter IntFeasTol to value 1e-08
Set parameter Seed to value 20260929
Set parameter DegenMoves to value 0
Set parameter BarConvTol to value 1e-08
Set parameter TimeLimit to value 120
Set parameter DualReductions to value 0
Set parameter InfUnbdInfo to value 1
