
Gurobi 13.0.2 (win64) logging started Thu Oct  8 13:47:55 2026

Set parameter LogFile to value "D:\v42_m1_route_mode_benders_20261008\logs\recourse_010.log"
Set parameter NodefileDir to value "D:\v42_m1_route_mode_benders_20261008\tmp"
Set parameter LogToConsole to value 0
Set parameter OutputFlag to value 1
Gurobi Optimizer version 13.0.2 build v13.0.2rc1 (win64 - Windows 11+.0 (26200.2))

CPU model: 13th Gen Intel(R) Core(TM) i7-13620H, instruction set [SSE2|AVX|AVX2]
Thread count: 10 physical cores, 16 logical processors, using up to 1 threads

Non-default parameters:
TimeLimit  120
FeasibilityTol  1e-08
IntFeasTol  1e-08
MIPGap  0.005
OptimalityTol  1e-08
Method  2
Crossover  2
DegenMoves  0
MIPFocus  3
NodeMethod  1
DualReductions  0
InfUnbdInfo  1
LogToConsole  0
Seed  20260929
Threads  1

Optimize a model with 582808 rows, 306040 columns and 5351612 nonzeros (Min)
Model fingerprint: 0x568c1baa
Model has 1 linear objective coefficients
Coefficient statistics:
  Matrix range     [1e-13, 4e+02]
  Objective range  [1e+00, 1e+00]
  Bounds range     [3e-08, 2e+03]
  RHS range        [2e-24, 2e+03]
Warning: Model contains large matrix coefficient range
         Consider reformulating model or setting NumericFocus parameter
         to avoid numerical issues.

Presolve time: 0.46s
Presolved: 25546 rows, 4946 columns, 186611 nonzeros

Ordering time: 0.02s

Barrier statistics:
 Dense cols : 725
 AA' NZ     : 2.056e+05
 Factor NZ  : 3.192e+05 (roughly 15 MB of memory)
 Factor Ops : 1.368e+07 (less than 1 second per iteration)
 Threads    : 1

                  Objective                Residual
Iter       Primal          Dual         Primal    Dual     Compl     Time
   0   2.77382307e+02 -4.54880494e+03  2.61e+03 4.61e-06  2.37e+01     1s
   1   2.77611697e+02 -1.04212477e+04  1.31e+03 8.65e-03  5.12e+00     1s
   2   3.87896082e+00 -8.69112649e+03  5.48e+02 1.43e-04  5.65e+00     1s
   3   1.09902436e+00 -2.64173494e+03  8.50e+01 1.15e-06  8.82e-01     1s
   4   7.34372214e-01 -9.08616526e+02  1.65e+01 1.54e-07  1.77e-01     1s
   5   7.10561187e-01 -7.09318240e+02  9.84e+00 8.41e-08  1.07e-01     1s
   6   6.95525313e-01 -5.22454151e+02  5.60e+00 3.50e-08  6.06e-02     1s
   7   6.74845339e-01 -4.32590623e+02  1.81e+00 2.21e-08  2.69e-02     1s
   8   6.55133197e-01 -2.40013692e+02  6.68e-03 8.08e-09  7.74e-03     1s
   9   6.54895806e-01 -1.59811197e+00  1.81e-06 7.21e-11  7.22e-05     1s
  10   6.49548272e-01  1.04434069e-02  2.81e-07 1.23e-10  2.05e-05     1s
  11   6.42300329e-01  1.40559703e-01  1.10e-07 1.89e-10  1.61e-05     1s
  12   6.40274350e-01  2.99063262e-01  8.49e-08 9.92e-11  1.09e-05     1s
  13   6.34495349e-01  5.27266751e-01  2.67e-08 2.80e-10  3.43e-06     1s
  14   6.33155658e-01  6.08703660e-01  1.46e-08 5.71e-11  7.83e-07     1s
  15   6.32311931e-01  6.19065174e-01  7.82e-09 2.16e-11  4.24e-07     1s
  16   6.31888771e-01  6.28835013e-01  4.45e-09 3.14e-10  9.78e-08     1s
  17   6.31407442e-01  6.31227593e-01  5.85e-10 2.09e-11  5.82e-09     1s
  18   6.31338322e-01  6.31321909e-01  1.45e-09 1.43e-12  5.46e-10     1s
  19   6.31333058e-01  6.31331746e-01  1.87e-10 4.14e-12  4.63e-11     1s
  20   6.31332939e-01  6.31332759e-01  1.15e-11 6.17e-13  6.43e-12     1s
  21   6.31332938e-01  6.31332938e-01  4.08e-13 3.09e-13  2.31e-14     1s

Barrier solved model in 21 iterations and 0.72 seconds (1.23 work units)
Optimal objective 6.31332938e-01

Crossover log...

      82 DPushes remaining with DInf 0.0000000e+00                 1s
       0 DPushes remaining with DInf 0.0000000e+00                 1s

     336 PPushes remaining with PInf 0.0000000e+00                 1s
       0 PPushes remaining with PInf 0.0000000e+00                 1s

  Push phase complete: Pinf 0.0000000e+00, Dinf 4.1323043e-16      1s

Iteration    Objective       Primal Inf.    Dual Inf.      Time
     420    6.3133294e-01   0.000000e+00   0.000000e+00      1s
Crossover time: 0.03 seconds (0.03 work units)
     420    6.3133294e-01   0.000000e+00   0.000000e+00      1s

Solved in 420 iterations and 1.16 seconds (1.73 work units)
Optimal objective  6.313329384e-01
Discarded solution information
Set parameter Threads to value 1
Set parameter Method to value 2
Set parameter NodeMethod to value 1
Set parameter Crossover to value 2
Set parameter MIPFocus to value 3
Set parameter MIPGap to value 0.005
Set parameter FeasibilityTol to value 1e-08
Set parameter OptimalityTol to value 1e-08
Set parameter IntFeasTol to value 1e-08
Set parameter Seed to value 20260929
Set parameter DegenMoves to value 0
Set parameter BarConvTol to value 1e-08
Set parameter TimeLimit to value 120
Set parameter DualReductions to value 0
Set parameter InfUnbdInfo to value 1
