Collecting matplotlib
  Downloading matplotlib-3.11.2-cp311-cp311-win_amd64.whl.metadata (80 kB)
Collecting contourpy>=1.0.1 (from matplotlib)
  Using cached contourpy-1.3.3-cp311-cp311-win_amd64.whl.metadata (5.5 kB)
Collecting cycler>=0.10 (from matplotlib)
  Using cached cycler-0.12.1-py3-none-any.whl.metadata (3.8 kB)
Collecting fonttools>=4.28.2 (from matplotlib)
  Downloading fonttools-4.66.0-cp311-cp311-win_amd64.whl.metadata (131 kB)
Collecting kiwisolver>=1.3.1 (from matplotlib)
  Using cached kiwisolver-1.5.1-cp311-cp311-win_amd64.whl.metadata (5.2 kB)
Collecting numpy>=1.25 (from matplotlib)
  Using cached numpy-2.4.6-cp311-cp311-win_amd64.whl.metadata (6.6 kB)
Collecting packaging>=20.0 (from matplotlib)
  Using cached packaging-26.3-py3-none-any.whl.metadata (3.5 kB)
Collecting pillow>=9 (from matplotlib)
  Using cached pillow-12.3.0-cp311-cp311-win_amd64.whl.metadata (9.3 kB)
Collecting pyparsing>=3 (from matplotlib)
  Downloading pyparsing-3.3.3-py3-none-any.whl.metadata (5.9 kB)
Collecting python-dateutil>=2.7 (from matplotlib)
  Using cached python_dateutil-2.9.0.post0-py2.py3-none-any.whl.metadata (8.4 kB)
Collecting six>=1.5 (from python-dateutil>=2.7->matplotlib)
  Using cached six-1.17.0-py2.py3-none-any.whl.metadata (1.7 kB)
Downloading matplotlib-3.11.2-cp311-cp311-win_amd64.whl (9.3 MB)
   ---------------------------------------- 9.3/9.3 MB 41.4 MB/s  0:00:00
Using cached contourpy-1.3.3-cp311-cp311-win_amd64.whl (225 kB)
Using cached cycler-0.12.1-py3-none-any.whl (8.3 kB)
Downloading fonttools-4.66.0-cp311-cp311-win_amd64.whl (1.6 MB)
   ---------------------------------------- 1.6/1.6 MB 44.3 MB/s  0:00:00
Using cached kiwisolver-1.5.1-cp311-cp311-win_amd64.whl (70 kB)
Using cached numpy-2.4.6-cp311-cp311-win_amd64.whl (12.6 MB)
Using cached packaging-26.3-py3-none-any.whl (129 kB)
Using cached pillow-12.3.0-cp311-cp311-win_amd64.whl (7.2 MB)
Downloading pyparsing-3.3.3-py3-none-any.whl (126 kB)
Using cached python_dateutil-2.9.0.post0-py2.py3-none-any.whl (229 kB)
Using cached six-1.17.0-py2.py3-none-any.whl (11 kB)
Installing collected packages: six, pyparsing, pillow, packaging, numpy, kiwisolver, fonttools, cycler, python-dateutil, contourpy, matplotlib

ERROR: pip's dependency resolver does not currently take into account all the packages that are installed. This behaviour is the source of the following dependency conflicts.
scipy 1.14.1 requires numpy<2.3,>=1.23.5, but you have numpy 2.4.6 which is incompatible.
Successfully installed contourpy-1.3.3 cycler-0.12.1 fonttools-4.66.0 kiwisolver-1.5.1 matplotlib-3.11.2 numpy-2.4.6 packaging-26.3 pillow-12.3.0 pyparsing-3.3.3 python-dateutil-2.9.0.post0 six-1.17.0

[notice] A new release of pip is available: 26.1.2 -> 26.2.1
[notice] To update, run: python.exe -m pip install --upgrade pip
