
Gurobi 13.0.2 (win64) logging started Tue Oct  6 23:56:23 2026

Set parameter LogFile to value "C:\v42_m1_supercompact_exact_20261006\docs\v42_m1_supercompact_exact_20261006\C1_NATIVE.log"
Gurobi Optimizer version 13.0.2 build v13.0.2rc1 (win64 - Windows 11+.0 (26200.2))

CPU model: 13th Gen Intel(R) Core(TM) i7-13620H, instruction set [SSE2|AVX|AVX2]
Thread count: 10 physical cores, 16 logical processors, using up to 1 threads

Non-default parameters:
TimeLimit  270
FeasibilityTol  1e-08
IntFeasTol  1e-08
MIPGap  0.005
OptimalityTol  1e-08
Method  2
Crossover  2
DegenMoves  0
MIPFocus  3
NodeMethod  1
LogToConsole  0
PreCrush  1
Seed  20260929
Threads  1

Optimize a model with 704775 rows, 325781 columns and 5804032 nonzeros (Min)
Model fingerprint: 0x6cc54974
Model has 1 linear objective coefficients
Variable types: 316359 continuous, 9422 integer (9422 binary)
Coefficient statistics:
  Matrix range     [1e-13, 4e+02]
  Objective range  [1e+00, 1e+00]
  Bounds range     [1e+00, 1e+03]
  RHS range        [2e-24, 2e+03]
Warning: Model contains large matrix coefficient range
         Consider reformulating model or setting NumericFocus parameter
         to avoid numerical issues.

Loaded user MIP start with objective 0.669416

Presolve removed 161938 rows and 37635 columns (presolve time = 5s)...
Presolve removed 162490 rows and 37789 columns (presolve time = 10s)...
Presolve removed 162490 rows and 37789 columns (presolve time = 15s)...
Presolve removed 162497 rows and 37789 columns
Presolve time: 18.55s
Presolved: 542278 rows, 287992 columns, 5203956 nonzeros
Variable types: 278666 continuous, 9326 integer (9326 binary)
Root relaxation presolve removed 7 rows and 183 columns (presolve time = 5s)...
Root relaxation presolve removed 1714 rows and 183 columns (presolve time = 10s)...
Root relaxation presolve removed 21877 rows and 183 columns
Root relaxation presolved: 520401 rows, 307972 columns, 4858060 nonzeros

Root barrier log...

Elapsed ordering time = 5s
Ordering time: 5.57s

Barrier statistics:
 Dense cols : 1546
 AA' NZ     : 3.560e+07
 Factor NZ  : 6.040e+07 (roughly 800 MB of memory)
 Factor Ops : 3.439e+10 (roughly 1 second per iteration)
 Threads    : 1

                  Objective                Residual
Iter       Primal          Dual         Primal    Dual     Compl     Time
   0   2.72737864e+02 -7.74509477e+05  7.19e+04 6.82e-06  2.76e+01    47s
   1   2.73707426e+02 -6.38849572e+05  3.61e+04 1.90e-03  9.89e+00    49s
   2   1.32420671e+01 -4.74385860e+05  3.10e+04 3.25e-15  8.24e+00    50s
   3   6.54336831e-01 -2.79351913e+05  6.61e+02 1.86e-11  4.18e-01    52s
   4   1.14698205e+00 -3.30590314e+04  7.47e+01 1.66e-12  4.33e-02    54s
   5   7.99382636e-01 -9.75777726e+03  2.49e+01 4.20e-13  1.23e-02    56s
   6   6.92654664e-01 -5.29156810e+03  9.24e+00 2.29e-13  6.24e-03    58s
   7   6.57345205e-01 -2.82813356e+03  4.03e+00 1.33e-13  3.58e-03    60s
   8   6.35420595e-01 -5.87079808e+02  2.64e-01 2.03e-14  6.49e-04    62s
   9   6.40902068e-01 -5.22379576e+01  1.82e-02 1.43e-12  5.39e-05    65s
  10   6.39380782e-01 -3.08287090e+00  1.34e-09 2.29e-15  3.53e-06    66s
  11   6.24201050e-01 -1.40041959e+00  9.38e-10 1.25e-15  1.92e-06    68s
  12   6.14458530e-01 -2.43633355e-01  7.18e-10 5.37e-16  8.14e-07    71s
  13   6.08041996e-01  8.37917489e-02  5.38e-10 3.26e-16  4.97e-07    73s
  14   6.02449267e-01  2.70669935e-01  4.20e-10 1.87e-15  3.15e-07    76s
  15   5.95026857e-01  3.81857431e-01  2.96e-10 6.84e-15  2.02e-07    78s
  16   5.88656528e-01  4.38258572e-01  2.17e-10 3.18e-15  1.43e-07    81s
  17   5.85572357e-01  4.73318097e-01  1.87e-10 9.96e-15  1.06e-07    83s
  18   5.82662498e-01  4.87913331e-01  1.47e-10 5.83e-17  8.98e-08    85s
  19   5.79006352e-01  5.16993108e-01  1.51e-10 6.19e-12  5.88e-08    87s
  20   5.77022894e-01  5.34838712e-01  1.26e-10 4.18e-12  4.00e-08    89s
  21   5.74497942e-01  5.43002506e-01  8.28e-11 3.19e-12  2.99e-08    91s
  22   5.72804783e-01  5.54716411e-01  6.00e-11 1.74e-12  1.72e-08    94s
  23   5.72024342e-01  5.58407682e-01  4.64e-11 1.28e-12  1.29e-08    96s
  24   5.71210795e-01  5.60127018e-01  4.00e-11 1.04e-12  1.05e-08    98s
  25   5.70617790e-01  5.63081657e-01  3.00e-11 6.84e-13  7.15e-09   100s
  26   5.70084979e-01  5.65282413e-01  2.36e-11 4.04e-13  4.55e-09   102s
  27   5.69888400e-01  5.65690404e-01  2.00e-11 3.55e-13  3.98e-09   104s
  28   5.69730187e-01  5.66280152e-01  2.09e-11 2.87e-13  3.27e-09   106s
  29   5.69551014e-01  5.66838408e-01  1.27e-11 2.18e-13  2.57e-09   109s
  30   5.69422187e-01  5.67118671e-01  1.18e-11 1.83e-13  2.18e-09   112s
  31   5.69309256e-01  5.67411732e-01  1.09e-11 1.48e-13  1.80e-09   114s
  32   5.69154641e-01  5.67868159e-01  8.19e-12 9.64e-14  1.22e-09   116s
  33   5.69066673e-01  5.67984151e-01  8.19e-12 8.38e-14  1.03e-09   118s
  34   5.68990887e-01  5.68180751e-01  5.46e-12 1.52e-13  7.68e-10   121s
  35   5.68910312e-01  5.68337723e-01  4.55e-12 2.08e-13  5.43e-10   123s
  36   5.68887703e-01  5.68422000e-01  4.55e-12 2.51e-13  4.42e-10   125s
  37   5.68859756e-01  5.68467374e-01  3.64e-12 3.37e-13  3.72e-10   130s
  38   5.68821702e-01  5.68522399e-01  2.73e-12 4.42e-13  2.84e-10   134s
  39   5.68786129e-01  5.68585433e-01  4.55e-12 9.06e-13  1.90e-10   139s
  40   5.68763218e-01  5.68627198e-01  2.73e-12 1.25e-12  1.29e-10   145s
  41   5.68750642e-01  5.68658116e-01  4.90e-10 1.15e-12  8.77e-11   149s
  42   5.68738494e-01  5.68676754e-01  7.97e-10 9.99e-13  5.85e-11   154s
  43   5.68731002e-01  5.68685874e-01  5.76e-10 7.84e-13  4.28e-11   159s
  44   5.68727721e-01  5.68686367e-01  4.77e-10 7.70e-13  3.92e-11   163s
  45   5.68725503e-01  5.68696481e-01  4.12e-10 4.58e-13  2.75e-11   166s
  46   5.68720752e-01  5.68702409e-01  2.69e-10 2.82e-13  1.74e-11   171s
  47   5.68718941e-01  5.68704158e-01  2.31e-10 2.29e-13  1.40e-11   176s
  48   5.68717154e-01  5.68704927e-01  1.74e-10 2.05e-13  1.16e-11   180s
  49   5.68715366e-01  5.68706069e-01  7.36e-10 5.36e-13  8.81e-12   183s
  50   5.68713479e-01  5.68708895e-01  3.65e-10 2.58e-13  4.34e-12   185s
  51   5.68712454e-01  5.68710181e-01  2.32e-09 5.39e-13  2.15e-12   187s
  52   5.68711632e-01  5.68711490e-01  1.58e-09 1.25e-12  1.17e-13   189s
  53   5.68711612e-01  5.68711606e-01  2.59e-10 3.21e-14  5.70e-15   191s

Barrier solved model in 53 iterations and 191.07 seconds (356.45 work units)
Optimal objective 5.68711612e-01


Root crossover log...

   29523 DPushes remaining with DInf 0.0000000e+00               192s
       0 DPushes remaining with DInf 0.0000000e+00               194s

  152991 PPushes remaining with PInf 7.6723948e-03               194s
  145744 PPushes remaining with PInf 6.3461545e-03               196s
  139521 PPushes remaining with PInf 1.2142232e-02               200s
   50132 PPushes remaining with PInf 1.2142233e-02               205s
   15963 PPushes remaining with PInf 4.7350033e-02               210s
    6014 PPushes remaining with PInf 5.3799350e-02               216s
    4120 PPushes remaining with PInf 5.3799351e-02               221s
    2615 PPushes remaining with PInf 5.3799352e-02               226s
    1475 PPushes remaining with PInf 5.3799287e-02               231s
     718 PPushes remaining with PInf 5.3799350e-02               236s
       0 PPushes remaining with PInf 0.0000000e+00               242s

Restart crossover...


   29523 DPushes remaining with DInf 0.0000000e+00               243s
       4 DPushes remaining with DInf 0.0000000e+00               245s

  152996 PPushes remaining with PInf 2.6332879e-03               245s
  140660 PPushes remaining with PInf 8.8531952e-02               250s
   85270 PPushes remaining with PInf 8.7725755e-02               255s
   18525 PPushes remaining with PInf 2.9151612e-02               261s
   12360 PPushes remaining with PInf 5.5255234e-02               266s
Crossover changed status from Optimal to Time Limit

Root relaxation: time limit, 169445 iterations, 249.95 seconds (429.59 work units)

    Nodes    |    Current Node    |     Objective Bounds      |     Work
 Expl Unexpl |  Obj  Depth IntInf | Incumbent    BestBd   Gap | It/Node Time

     0     0          -    0         0.66942    0.25295  62.2%     -  270s

Explored 1 nodes (169445 simplex iterations) in 271.04 seconds (475.01 work units)
Thread count was 1 (of 16 available processors)

Solution count 1: 0.669416 

Time limit reached
Best objective 6.694159238757e-01, best bound 2.529539575959e-01, gap 62.2127%

User-callback calls 14803, time in user-callback 1.88 sec
