
Gurobi 13.0.2 (win64) logging started Wed Oct  7 00:00:59 2026

Set parameter LogFile to value "C:\v42_m1_supercompact_exact_20261006\docs\v42_m1_supercompact_exact_20261006\C2_NATIVE.log"
Gurobi Optimizer version 13.0.2 build v13.0.2rc1 (win64 - Windows 11+.0 (26200.2))

CPU model: 13th Gen Intel(R) Core(TM) i7-13620H, instruction set [SSE2|AVX|AVX2]
Thread count: 10 physical cores, 16 logical processors, using up to 1 threads

Non-default parameters:
TimeLimit  270
FeasibilityTol  1e-08
IntFeasTol  1e-08
MIPGap  0.005
OptimalityTol  1e-08
Method  2
Crossover  2
DegenMoves  0
MIPFocus  3
NodeMethod  1
LogToConsole  0
PreCrush  1
Seed  20260929
Threads  1

Optimize a model with 654348 rows, 306040 columns and 5584200 nonzeros (Min)
Model fingerprint: 0xab334575
Model has 1 linear objective coefficients
Variable types: 296718 continuous, 9322 integer (9322 binary)
Coefficient statistics:
  Matrix range     [1e-13, 4e+02]
  Objective range  [1e+00, 1e+00]
  Bounds range     [1e+00, 1e+03]
  RHS range        [2e-24, 2e+03]
Warning: Model contains large matrix coefficient range
         Consider reformulating model or setting NumericFocus parameter
         to avoid numerical issues.

Loaded user MIP start with objective 0.669416

Presolve removed 119149 rows and 25579 columns (presolve time = 5s)...
Presolve removed 119673 rows and 25681 columns (presolve time = 10s)...
Presolve removed 119673 rows and 25681 columns (presolve time = 15s)...
Presolve removed 119680 rows and 25681 columns
Presolve time: 16.16s
Presolved: 534668 rows, 280359 columns, 5140444 nonzeros
Variable types: 271033 continuous, 9326 integer (9326 binary)
Root relaxation presolve removed 7 rows and 183 columns (presolve time = 5s)...
Root relaxation presolve removed 1751 rows and 183 columns (presolve time = 10s)...
Root relaxation presolve removed 21914 rows and 183 columns
Root relaxation presolved: 512754 rows, 300339 columns, 4794400 nonzeros

Root barrier log...

Elapsed ordering time = 5s
Ordering time: 5.32s

Barrier statistics:
 Dense cols : 1505
 AA' NZ     : 3.351e+07
 Factor NZ  : 5.738e+07 (roughly 800 MB of memory)
 Factor Ops : 3.098e+10 (roughly 1 second per iteration)
 Threads    : 1

                  Objective                Residual
Iter       Primal          Dual         Primal    Dual     Compl     Time
   0   2.47848027e+02 -6.16541678e+05  6.53e+04 9.22e-06  2.50e+01    43s
   1   2.48614849e+02 -5.46987429e+05  3.28e+04 4.42e-03  9.05e+00    44s
   2   2.86779089e+01 -4.30016229e+05  2.80e+04 4.38e-04  7.24e+00    46s
   3   5.91960432e+00 -2.51154969e+05  2.14e+03 1.89e-11  7.20e-01    48s
   4   2.43425252e+00 -6.76217165e+04  3.36e+02 6.94e-16  1.26e-01    49s
   5   8.47483792e-01 -1.22247295e+04  4.06e+01 7.98e-16  1.69e-02    51s
   6   6.92809585e-01 -5.54632432e+03  1.40e+01 7.91e-16  7.06e-03    53s
   7   6.48587177e-01 -3.50677225e+03  6.77e+00 9.14e-16  4.31e-03    55s
   8   6.23906824e-01 -1.23210930e+03  2.49e+00 3.59e-15  1.92e-03    57s
   9   6.27891036e-01 -3.25618851e+02  4.54e-01 1.94e-15  4.51e-04    60s
  10   6.36085227e-01 -5.13294178e+01  1.27e-01 5.31e-13  7.72e-05    62s
  11   6.43179815e-01 -2.68419806e+01  4.01e-02 1.94e-13  3.16e-05    64s
  12   6.41910954e-01 -3.83812540e+00  2.28e-03 5.07e-14  4.36e-06    66s
  13   6.27464464e-01 -1.35764246e+00  1.84e-03 1.44e-14  1.93e-06    68s
  14   6.14657580e-01 -3.04376315e-01  1.55e-03 6.07e-15  8.92e-07    70s
  15   6.15133214e-01  3.60599298e-03  1.34e-03 1.25e-14  5.93e-07    71s
  16   6.09023411e-01  1.37969447e-01  1.07e-03 8.32e-13  4.56e-07    73s
  17   6.06938760e-01  2.74342546e-01  9.81e-04 1.99e-12  3.22e-07    75s
  18   6.02549177e-01  2.99074624e-01  8.02e-04 1.07e-11  2.93e-07    76s
  19   5.99221908e-01  3.95922645e-01  6.71e-04 5.97e-11  1.96e-07    78s
  20   5.95988553e-01  4.47192563e-01  5.59e-04 7.03e-11  1.44e-07    80s
  21   5.92056015e-01  4.65043893e-01  4.68e-04 7.95e-11  1.23e-07    81s
  22   5.88536231e-01  4.95222793e-01  4.09e-04 1.13e-10  9.00e-08    83s
  23   5.86890145e-01  5.07056772e-01  3.78e-04 1.21e-10  7.70e-08    85s
  24   5.82401165e-01  5.26833703e-01  2.86e-04 1.18e-10  5.36e-08    87s
  25   5.76174938e-01  5.44733237e-01  1.57e-04 6.78e-11  3.03e-08    89s
  26   5.74800966e-01  5.50944229e-01  1.25e-04 5.40e-11  2.30e-08    91s
  27   5.73602188e-01  5.53835915e-01  9.92e-05 5.34e-11  1.91e-08    93s
  28   5.72150786e-01  5.59067071e-01  6.98e-05 4.61e-11  1.26e-08    95s
  29   5.71691125e-01  5.60996203e-01  6.26e-05 4.34e-11  1.03e-08    97s
  30   5.70928757e-01  5.62832528e-01  4.66e-05 3.92e-11  7.80e-09    98s
  31   5.70682277e-01  5.63976874e-01  4.19e-05 3.51e-11  6.46e-09   100s
  32   5.70645602e-01  5.64875988e-01  4.11e-05 2.80e-11  5.56e-09   101s
  33   5.69897261e-01  5.66088276e-01  2.72e-05 1.70e-11  3.67e-09   103s
  34   5.69719455e-01  5.66969385e-01  2.38e-05 1.08e-11  2.65e-09   105s
  35   5.69489870e-01  5.67229282e-01  1.90e-05 9.06e-12  2.18e-09   107s
  36   5.69369723e-01  5.67572083e-01  1.63e-05 8.46e-12  1.73e-09   109s
  37   5.69246032e-01  5.67815168e-01  1.37e-05 1.30e-11  1.38e-09   111s
  38   5.69138882e-01  5.67959539e-01  1.11e-05 1.84e-11  1.14e-09   113s
  39   5.69000675e-01  5.68213711e-01  7.34e-06 8.40e-12  7.59e-10   115s
  40   5.68908206e-01  5.68423539e-01  5.24e-06 1.04e-11  4.68e-10   117s
  41   5.68858202e-01  5.68539574e-01  3.91e-06 6.54e-12  3.08e-10   119s
  42   5.68787374e-01  5.68599512e-01  2.02e-06 8.22e-12  1.81e-10   121s
  43   5.68760836e-01  5.68658846e-01  1.31e-06 1.35e-11  9.85e-11   123s
  44   5.68731145e-01  5.68694892e-01  4.96e-07 1.28e-11  3.50e-11   125s
  45   5.68726734e-01  5.68702250e-01  3.83e-07 7.52e-12  2.37e-11   127s
  46   5.68723111e-01  5.68706613e-01  2.91e-07 4.18e-12  1.60e-11   129s
  47   5.68717891e-01  5.68708837e-01  1.74e-07 5.79e-12  8.77e-12   131s
  48   5.68715303e-01  5.68710068e-01  1.02e-07 4.69e-12  5.07e-12   133s
  49   5.68713270e-01  5.68711180e-01  4.57e-08 2.65e-12  2.03e-12   135s
  50   5.68712995e-01  5.68711545e-01  3.91e-08 1.25e-12  1.41e-12   137s
  51   5.68711707e-01  5.68711554e-01  1.71e-08 1.50e-13  1.50e-13   139s
  52   5.68711613e-01  5.68711609e-01  1.97e-09 1.25e-14  4.61e-15   141s

Barrier solved model in 52 iterations and 141.26 seconds (329.17 work units)
Optimal objective 5.68711613e-01


Root crossover log...

   28921 DPushes remaining with DInf 0.0000000e+00               142s
       0 DPushes remaining with DInf 0.0000000e+00               144s

  157268 PPushes remaining with PInf 1.4476775e-02               144s
  154355 PPushes remaining with PInf 1.4218463e-02               145s
  148146 PPushes remaining with PInf 2.5114692e-02               151s
  129753 PPushes remaining with PInf 2.0551902e-02               155s
   49981 PPushes remaining with PInf 2.0551905e-02               160s
   18896 PPushes remaining with PInf 1.5283418e-02               166s
   15513 PPushes remaining with PInf 1.1381247e-02               171s
   10929 PPushes remaining with PInf 1.1381251e-02               176s
    5079 PPushes remaining with PInf 7.3665634e-03               180s
    3585 PPushes remaining with PInf 7.3665585e-03               186s
    2465 PPushes remaining with PInf 7.3665646e-03               191s
    1341 PPushes remaining with PInf 7.3665642e-03               197s
     593 PPushes remaining with PInf 7.3665641e-03               202s
       0 PPushes remaining with PInf 0.0000000e+00               206s

  Push phase complete: Pinf 0.0000000e+00, Dinf 1.0121222e+00    206s


Root simplex log...

Iteration    Objective       Primal Inf.    Dual Inf.      Time
  178317    5.6871161e-01   0.000000e+00   0.000000e+00    207s
  178757    5.6871161e-01   0.000000e+00   1.321894e-02    210s
  179307    5.6871161e-01   0.000000e+00   1.829379e-02    215s
  179967    5.6871161e-01   0.000000e+00   1.103120e-03    221s
  180480    5.6871161e-01   0.000000e+00   0.000000e+00    225s
Crossover time: 83.68 seconds (163.77 work units)
  180480    5.6871161e-01   0.000000e+00   0.000000e+00    225s

Root relaxation: objective 5.687116e-01, 180480 iterations, 207.78 seconds (452.05 work units)

    Nodes    |    Current Node    |     Objective Bounds      |     Work
 Expl Unexpl |  Obj  Depth IntInf | Incumbent    BestBd   Gap | It/Node Time

     0     0    0.56871    0 6797    0.66942    0.56871  15.0%     -  226s

Cutting planes:
  Projected implied bound: 102
  MIR: 4955
  Flow cover: 1249

Explored 1 nodes (180480 simplex iterations) in 271.05 seconds (571.25 work units)
Thread count was 1 (of 16 available processors)

Solution count 1: 0.669416 

Time limit reached
Best objective 6.694159238757e-01, best bound 5.687116104029e-01, gap 15.0436%

User-callback calls 29728, time in user-callback 1.86 sec
