
Gurobi 13.0.2 (win64) logging started Thu Oct  8 20:43:24 2026

Set parameter LogFile to value "D:\MobileESS_V42\runtime\v42_m1_joint_gap_research\joint_gap_20261008\01_UB_U1_NATIVE.log"
Gurobi Optimizer version 13.0.2 build v13.0.2rc1 (win64 - Windows 11+.0 (26200.2))

CPU model: 13th Gen Intel(R) Core(TM) i7-13620H, instruction set [SSE2|AVX|AVX2]
Thread count: 10 physical cores, 16 logical processors, using up to 1 threads

Non-default parameters:
TimeLimit  700
FeasibilityTol  1e-08
IntFeasTol  1e-08
MIPGap  0.005
OptimalityTol  1e-08
Method  2
MIPFocus  1
Threads  1

Optimize a model with 582809 rows, 306040 columns and 5353064 nonzeros (Min)
Model fingerprint: 0xb9acce70
Model has 1 linear objective coefficients
Variable types: 296718 continuous, 9322 integer (9322 binary)
Coefficient statistics:
  Matrix range     [1e-13, 4e+02]
  Objective range  [1e+00, 1e+00]
  Bounds range     [3e-08, 2e+03]
  RHS range        [2e-24, 2e+03]
Warning: Model contains large matrix coefficient range
         Consider reformulating model or setting NumericFocus parameter
         to avoid numerical issues.

Loaded user MIP start with objective 0.628414

Presolve removed 462348 rows and 255467 columns
Presolve time: 1.38s
Presolved: 120461 rows, 50573 columns, 1260243 nonzeros
Variable types: 49239 continuous, 1334 integer (1334 binary)
Performing another presolve...
Presolve removed 28196 rows and 7126 columns
Presolve time: 2.34s
Root barrier log...

Ordering time: 0.50s

Barrier statistics:
 Dense cols : 1310
 AA' NZ     : 2.099e+06
 Factor NZ  : 5.897e+06 (roughly 100 MB of memory)
 Factor Ops : 2.284e+09 (less than 1 second per iteration)
 Threads    : 1

                  Objective                Residual
Iter       Primal          Dual         Primal    Dual     Compl     Time
   0   8.85034605e+02 -8.55748988e+04  6.54e+05 7.76e-06  8.72e+01     6s
   1   8.84688018e+02 -8.52747699e+04  6.52e+05 7.66e+00  8.70e+01     6s
   2   8.85205999e+02 -9.41048616e+04  6.21e+05 6.46e+01  8.01e+01     6s
   3   8.85327233e+02 -9.61904587e+04  5.51e+05 7.60e+01  7.29e+01     7s
   4   8.85394910e+02 -9.98867680e+04  4.52e+05 4.89e+01  6.15e+01     7s
   5   8.86360042e+02 -1.02285060e+05  4.24e+05 5.18e+01  5.76e+01     7s
   6   8.86481283e+02 -1.04270733e+05  3.67e+05 5.87e+01  5.14e+01     7s
   7   8.86869240e+02 -1.07183181e+05  3.31e+05 5.48e+01  4.65e+01     7s
   8   7.75577538e+02 -1.13409382e+05  2.89e+05 7.81e+01  3.88e+01     7s
   9   5.55660884e+02 -1.18914801e+05  2.47e+05 1.06e+02  3.36e+01     8s
  10   4.22088423e+02 -1.21228690e+05  1.88e+05 5.72e+01  2.56e+01     8s
  11   3.11613836e+02 -1.19681790e+05  1.34e+05 8.96e+01  1.88e+01     8s
  12   1.74316270e+02 -1.06226953e+05  7.38e+04 4.12e+01  1.04e+01     8s
  13   7.37247019e+01 -7.89541878e+04  3.08e+04 5.16e+01  4.45e+00     8s
  14   3.48639136e+01 -5.06674902e+04  1.44e+04 2.39e+01  2.09e+00     8s
  15   2.16348858e+01 -3.20387134e+04  8.81e+03 1.14e+01  1.23e+00     8s
  16   1.64368830e+01 -2.05693547e+04  6.63e+03 5.45e+00  8.68e-01     9s
  17   7.67408905e+00 -1.80689481e+04  2.96e+03 4.16e+00  4.37e-01     9s
  18   4.38583869e+00 -1.13596039e+04  1.58e+03 1.20e+00  2.33e-01     9s
  19   2.70156908e+00 -5.58857724e+03  8.79e+02 2.00e-01  1.16e-01     9s
  20   1.54895078e+00 -3.30552922e+03  4.00e+02 6.90e-03  5.47e-02     9s
  21   1.04116241e+00 -2.23221203e+03  1.90e+02 3.64e-03  2.92e-02     9s
  22   8.23369362e-01 -1.42450318e+03  9.88e+01 3.07e-03  1.61e-02     9s
  23   6.92433553e-01 -9.67454411e+02  4.35e+01 2.64e-03  8.84e-03     9s
  24   6.61895384e-01 -5.12731239e+02  2.99e+01 1.60e-03  4.85e-03    10s
  25   6.34244270e-01 -2.87882595e+02  1.66e+01 1.10e-03  2.61e-03    10s
  26   6.15135150e-01 -8.98996761e+01  5.75e+00 3.64e-04  8.05e-04    10s
  27   6.12498995e-01 -5.63284543e+01  2.77e+00 3.12e-04  4.63e-04    10s
  28   6.12029524e-01 -4.16999852e+01  1.60e+00 2.53e-04  3.29e-04    10s
  29   6.11510045e-01 -3.29533068e+01  9.95e-01 2.13e-04  2.51e-04    10s
  30   6.13317413e-01 -2.43865195e+01  7.11e-01 1.48e-04  1.85e-04    10s
  31   6.16451334e-01 -1.20656461e+01  3.22e-01 5.51e-04  8.96e-05    11s
  32   6.19076577e-01 -3.69827546e+00  4.98e-02 2.10e-04  2.75e-05    11s
  33   6.19325252e-01  3.48603720e-01  1.19e-05 1.83e-05  1.66e-06    11s
  34   6.17508756e-01  4.69303809e-01  4.23e-06 4.01e-05  9.04e-07    11s
  35   6.16234484e-01  5.00126637e-01  2.59e-06 3.27e-05  7.10e-07    11s
  36   6.15746064e-01  5.02506484e-01  2.16e-06 5.55e-05  6.91e-07    11s
  37   6.15461101e-01  5.10511982e-01  1.90e-06 8.26e-05  6.38e-07    12s
  38   6.14727506e-01  5.27123701e-01  1.39e-06 7.24e-05  5.32e-07    12s
  39   6.14031783e-01  5.34545195e-01  1.02e-06 5.27e-05  4.81e-07    12s
  40   6.13641109e-01  5.35733385e-01  8.99e-07 2.82e-05  4.75e-07    12s
  41   6.13626086e-01  5.35576606e-01  8.98e-07 3.91e-05  4.75e-07    12s
  42   6.13360208e-01  5.51415794e-01  7.88e-07 2.37e-05  3.77e-07    13s
  43   6.12775107e-01  5.63946116e-01  6.06e-07 2.19e-05  2.96e-07    13s
  44   6.12014516e-01  5.70443929e-01  4.08e-07 4.86e-05  2.54e-07    13s
  45   6.11687566e-01  5.79126225e-01  3.49e-07 4.59e-05  1.99e-07    13s
  46   6.11642486e-01  5.81778872e-01  3.43e-07 6.34e-05  1.84e-07    13s
  47   6.11370585e-01  5.83714910e-01  3.12e-07 6.15e-05  1.70e-07    14s
  48   6.11278160e-01  5.84559202e-01  3.02e-07 2.49e-05  1.61e-07    14s
  49   6.11242137e-01  5.87478960e-01  2.94e-07 2.28e-05  1.45e-07    14s
  50   6.11169888e-01  5.88269148e-01  2.85e-07 3.20e-05  1.39e-07    14s
  51   6.10844992e-01  5.89038257e-01  2.46e-07 3.20e-05  1.31e-07    14s
  52   6.10334411e-01  5.93290504e-01  1.90e-07 2.99e-05  1.02e-07    15s
  53   6.10203971e-01  5.93671739e-01  1.77e-07 2.77e-05  9.95e-08    15s
  54   6.09854064e-01  5.94945864e-01  1.53e-07 2.67e-05  8.99e-08    15s
  55   6.09627667e-01  5.96009921e-01  1.36e-07 4.21e-05  8.17e-08    15s
  56   6.09335770e-01  5.97434729e-01  1.14e-07 4.34e-05  7.37e-08    15s
  57   6.09088910e-01  5.99334967e-01  9.64e-08 3.50e-05  6.04e-08    15s
  58   6.09027626e-01  5.99985716e-01  9.17e-08 4.37e-05  5.39e-08    16s
  59   6.08752645e-01  6.00654244e-01  7.62e-08 4.37e-05  4.72e-08    16s
  60   6.08725555e-01  6.00744791e-01  7.42e-08 4.31e-05  4.65e-08    16s
  61   6.08345898e-01  6.02213889e-01  5.39e-08 3.51e-05  3.55e-08    16s
  62   6.08072868e-01  6.02410174e-01  3.96e-08 3.39e-05  2.90e-08    17s
  63   6.07864818e-01  6.03899565e-01  2.95e-08 4.34e-05  1.81e-08    17s
  64   6.07785460e-01  6.04003326e-01  2.59e-08 5.12e-05  1.54e-08    17s
  65   6.07692273e-01  6.04181126e-01  2.17e-08 4.61e-05  1.43e-08    17s
  66   6.07528883e-01  6.05342603e-01  1.41e-08 2.75e-05  9.24e-09    17s
  67   6.07515385e-01  6.05284884e-01  1.35e-08 2.59e-05  8.70e-09    17s
  68   6.07496250e-01  6.05426314e-01  1.26e-08 2.72e-05  8.04e-09    18s
  69   6.07436152e-01  6.06157173e-01  9.94e-09 1.75e-05  5.62e-09    18s
  70   6.07394486e-01  6.05790531e-01  8.18e-09 3.70e-05  5.19e-09    18s
  71   6.07384453e-01  6.06129765e-01  7.81e-09 2.40e-05  4.94e-09    18s
  72   6.07357152e-01  6.05745286e-01  6.56e-09 5.29e-05  4.17e-09    18s
  73   6.07341101e-01  6.05750319e-01  5.90e-09 7.40e-05  3.37e-09    18s
  74   6.07317978e-01  6.05039666e-01  5.04e-09 1.15e-04  3.08e-09    19s
  75   6.07290580e-01  6.05375857e-01  3.94e-09 9.37e-05  2.49e-09    19s
  76   6.07280599e-01  6.04824672e-01  3.52e-09 1.25e-04  2.18e-09    19s
  77   6.07279279e-01  6.04797975e-01  3.50e-09 1.26e-04  2.17e-09    19s
  78   6.07254418e-01  6.06962232e-01  1.42e-09 1.64e-05  8.58e-10    19s
  79   6.07229912e-01  6.07273773e-01  8.55e-10 1.60e-05  5.16e-10    19s
  80   6.07227230e-01  6.07261069e-01  8.00e-10 1.50e-05  4.66e-10    20s
  81   6.07227279e-01  6.07240429e-01  8.03e-10 1.50e-05  4.66e-10    20s
  82   6.07226533e-01  6.07226540e-01  7.91e-10 1.42e-05  4.59e-10    20s
  83   6.07217733e-01  6.07176739e-01  5.74e-10 2.00e-05  2.80e-10    20s
  84   6.07198639e-01  6.07395645e-01  1.64e-10 2.44e-05  1.16e-10    20s
  85   6.07197363e-01  6.07141819e-01  1.63e-10 7.72e-06  5.16e-11    20s
  86   6.07196803e-01  6.07098237e-01  3.83e-10 7.45e-06  3.79e-11    21s
  87   6.07196733e-01  6.07182490e-01  3.73e-10 6.80e-06  3.00e-11    21s
  88   6.07196780e-01  6.07187707e-01  2.67e-10 5.04e-06  2.46e-11    21s
  89   6.07195565e-01  6.07265526e-01  7.21e-09 1.08e-05  6.10e-12    21s
  90   6.07195604e-01  6.07330981e-01  4.66e-09 1.45e-05  3.69e-12    21s
  91   6.07195106e-01  6.07278244e-01  4.49e-09 1.56e-05  2.76e-12    22s
  92   6.07196085e-01  6.07272301e-01  4.49e-09 1.55e-05  2.81e-12    22s
  93   6.07196093e-01  6.07459573e-01  4.48e-09 2.47e-05  2.78e-12    22s
  94   6.07195864e-01  6.07430121e-01  3.98e-09 2.14e-05  2.03e-12    22s
  95   6.07194670e-01  6.07426492e-01  2.98e-09 2.10e-05  1.89e-12    23s
  96   6.07194586e-01  6.07390657e-01  2.71e-09 1.89e-05  1.78e-12    23s
  97   6.07194585e-01  6.07383223e-01  2.74e-09 1.83e-05  1.73e-12    23s
  98   6.07195792e-01  6.07340136e-01  2.64e-09 1.77e-05  2.32e-12    23s
  99   6.07196818e-01  6.07290777e-01  8.12e-10 1.90e-05  1.60e-13    23s
 100   6.07196471e-01  6.07158266e-01  8.20e-10 8.52e-06  4.04e-14    24s
 101   6.07195454e-01  6.06949159e-01  9.06e-10 1.76e-05  1.33e-12    24s
 102   6.07195363e-01  6.07326496e-01  1.58e-08 8.07e-06  4.19e-14    24s
 103   6.07195051e-01  6.07346536e-01  1.51e-08 1.55e-05  4.20e-14    24s
 104   6.07195051e-01  6.07349412e-01  1.52e-08 1.55e-05  4.21e-14    24s
 105   6.07195045e-01  6.07349422e-01  1.73e-08 1.46e-05  4.23e-14    24s
 106   6.07195056e-01  6.07102869e-01  1.70e-08 1.48e-05  2.62e-14    25s
 107   6.07195008e-01  6.07103509e-01  6.78e-08 1.43e-05  2.71e-14    25s
 108   6.07194838e-01  6.07133489e-01  5.93e-08 8.12e-06  1.65e-14    25s
 109   6.07194829e-01  6.07204906e-01  1.40e-07 4.24e-06  5.53e-15    25s
 110   6.07194833e-01  6.07222969e-01  1.40e-07 5.53e-06  5.08e-15    26s
 111   6.07194471e-01  6.07223227e-01  1.05e-07 5.53e-06  9.87e-15    26s
 112   6.07194236e-01  6.07232390e-01  2.32e-08 4.94e-06  2.44e-14    26s
 113   6.07194256e-01  6.07232763e-01  2.25e-08 4.93e-06  8.92e-15    26s
 114   6.07194275e-01  6.07232739e-01  2.24e-08 4.93e-06  8.79e-15    26s
 115   6.07194207e-01  6.07236429e-01  1.67e-08 5.65e-06  8.17e-15    27s
 116   6.07194159e-01  6.07239699e-01  1.62e-08 7.81e-06  8.43e-15    27s
 117   6.07194170e-01  6.07238710e-01  1.62e-08 7.75e-06  8.72e-15    27s
 118   6.07194195e-01  6.07234323e-01  1.58e-08 5.51e-06  3.05e-14    27s
 119   6.07194195e-01  6.07234393e-01  1.57e-08 5.51e-06  3.12e-14    27s
 120   6.07194222e-01  6.07254315e-01  1.37e-07 5.75e-06  4.30e-15    27s
 121   6.07194250e-01  6.07254804e-01  1.31e-07 5.64e-06  4.05e-15    28s
 122   6.07194454e-01  6.07258832e-01  3.18e-08 5.14e-06  1.15e-15    28s
 123   6.07194454e-01  6.07258801e-01  3.18e-08 5.14e-06  1.15e-15    28s
 124   6.07194459e-01  6.07260071e-01  3.15e-08 5.05e-06  1.12e-15    28s
 125   6.07194473e-01  6.07261140e-01  3.04e-08 3.52e-06  9.90e-16    28s
 126   6.07194544e-01  6.07243581e-01  2.87e-08 3.35e-06  9.30e-16    28s
 127   6.07194544e-01  6.07243581e-01  2.87e-08 3.35e-06  9.30e-16    29s
 128   6.07194543e-01  6.07243578e-01  2.87e-08 3.30e-06  9.27e-16    29s
 129   6.07194542e-01  6.07243026e-01  2.85e-08 3.32e-06  9.12e-16    29s
 130   6.07194542e-01  6.07243026e-01  2.85e-08 3.32e-06  9.11e-16    29s
 131   6.07194547e-01  6.07242626e-01  2.78e-08 3.28e-06  8.94e-16    29s
 132   6.07194519e-01  6.07237907e-01  2.69e-08 3.55e-06  8.69e-16    29s
 133   6.07194519e-01  6.07237908e-01  2.69e-08 3.55e-06  8.69e-16    30s
 134   6.07194470e-01  6.07223551e-01  2.56e-08 3.08e-06  8.26e-16    30s
 135   6.07194470e-01  6.07223550e-01  2.56e-08 3.08e-06  8.25e-16    30s
 136   6.07194481e-01  6.07223432e-01  2.55e-08 3.08e-06  8.22e-16    30s
 137   6.07194307e-01  6.07202704e-01  2.29e-08 6.63e-06  7.64e-16    30s
 138   6.07194216e-01  6.07183361e-01  2.06e-08 7.81e-06  6.84e-16    30s
 139   6.07194216e-01  6.07183361e-01  2.06e-08 7.81e-06  6.84e-16    31s
 140   6.07194216e-01  6.07183362e-01  2.06e-08 7.81e-06  6.84e-16    31s
 141   6.07194216e-01  6.07183367e-01  2.06e-08 7.81e-06  6.84e-16    31s
 142   6.07194219e-01  6.07183291e-01  2.05e-08 7.80e-06  6.83e-16    31s

Barrier solved model in 142 iterations and 31.09 seconds (47.01 work units)
Optimal objective 6.07194519e-01


Root crossover log...

    2211 DPushes remaining with DInf 1.3864911e-03                31s
       0 DPushes remaining with DInf 3.3340700e-02                31s

    1493 PPushes remaining with PInf 1.0797080e-03                31s
       0 PPushes remaining with PInf 0.0000000e+00                32s

  Push phase complete: Pinf 0.0000000e+00, Dinf 3.3537483e-02     32s


Root simplex log...

Iteration    Objective       Primal Inf.    Dual Inf.      Time
    3573    6.0718776e-01   0.000000e+00   3.353748e-02     32s
    4693    6.0718708e-01   0.000000e+00   0.000000e+00     33s
Crossover time: 1.76 seconds (5.16 work units)
    4693    6.0718708e-01   0.000000e+00   0.000000e+00     33s

Root relaxation: objective 6.071871e-01, 4693 iterations, 28.85 seconds (46.51 work units)
Total elapsed time = 32.94s (DegenMoves)

    Nodes    |    Current Node    |     Objective Bounds      |     Work
 Expl Unexpl |  Obj  Depth IntInf | Incumbent    BestBd   Gap | It/Node Time

     0     0    0.60719    0  179    0.62841    0.60719  3.38%     -   33s
     0     0    0.60733    0  168    0.62841    0.60733  3.35%     -   40s
H    0     0                       0.6255761    0.60733  2.92%     -   42s
     0     0    0.60733    0  168    0.62558    0.60733  2.92%     -   43s
     0     0    0.60733    0  168    0.62558    0.60733  2.92%     -   43s
     0     0    0.60734    0  167    0.62558    0.60734  2.92%     -   45s
     0     0    0.60734    0  167    0.62558    0.60734  2.92%     -   47s
     0     0    0.60734    0  167    0.62558    0.60734  2.92%     -   48s
H    0     0                       0.6198733    0.60734  2.02%     -   65s
H    0     0                       0.6191518    0.60734  1.91%     -   65s
H    0     0                       0.6168026    0.60734  1.53%     -   67s
H    0     0                       0.6151672    0.60734  1.27%     -   68s
H    0     0                       0.6150956    0.60734  1.26%     -   68s
H    0     0                       0.6139954    0.60734  1.08%     -   72s
H    0     0                       0.6128910    0.60734  0.91%     -   73s
H    0     0                       0.6127453    0.60734  0.88%     -   76s
H    0     0                       0.6127121    0.60734  0.88%     -   79s
     0     2    0.60734    0  167    0.61271    0.60734  0.88%     -   83s
     2     4    0.60757    2  189    0.61271    0.60734  0.88%   682   88s
     4     6    0.60761    4  186    0.61271    0.60734  0.88%   405   90s
H    5     5                       0.6123983    0.60734  0.83%   324   93s
H    5     5                       0.6123533    0.60734  0.82%   324   93s
H    6     6                       0.6123405    0.60734  0.82%   365  100s
H    6     6                       0.6122628    0.60734  0.80%   365  100s
H    6     6                       0.6122529    0.60734  0.80%   365  101s
H    6     6                       0.6122494    0.60734  0.80%   365  101s
H    6     6                       0.6122490    0.60734  0.80%   365  102s
H    7     7                       0.6122425    0.60734  0.80%   549  105s
H    7     7                       0.6122401    0.60734  0.80%   549  106s
H    8     8                       0.6122396    0.60734  0.80%   587  110s
H    9     9                       0.6121346    0.60734  0.78%   580  113s
H   10    10                       0.6114988    0.60734  0.68%   559  117s
H   11    11                       0.6113947    0.60734  0.66%   533  121s
H   11    11                       0.6113900    0.60734  0.66%   533  121s
    13    15    0.60938   13  113    0.61139    0.60734  0.66%   590  126s
    14    16    0.60994   14  110    0.61139    0.60734  0.66%   580  130s
H   15    15                       0.6113126    0.60734  0.65%   542  137s
H   15    15                       0.6113031    0.60734  0.65%   542  137s
H   15    15                       0.6112296    0.60734  0.64%   542  138s
    16    18    0.61030   16  105    0.61123    0.60734  0.64%   603  145s
H   17    17                       0.6112015    0.60734  0.63%   568  149s
H   17    17                       0.6111896    0.60734  0.63%   568  153s
    17    19    0.61049   17   89    0.61119    0.60734  0.63%   582  164s
    18    20    0.61063   18   80    0.61119    0.60734  0.63%   572  169s
    19    21    0.61071   19   75    0.61119    0.60734  0.63%   551  180s
    20    22    0.61075   20   87    0.61119    0.60734  0.63%   533  187s
    21    23    0.61084   21   73    0.61119    0.60734  0.63%   515  190s
H   27    19                       0.6111770    0.60734  0.63%   448  201s
H   27    19                       0.6111723    0.60734  0.63%   448  202s
H   27    19                       0.6111452    0.60734  0.62%   448  202s
H   27    19                       0.6111421    0.60734  0.62%   448  212s
    28    22    0.60781    2  185    0.61114    0.60742  0.61%   509  216s
    29    23    0.60783    3  179    0.61114    0.60742  0.61%   499  220s
    31    25    0.60813    5  180    0.61114    0.60742  0.61%   513  229s
H   32    24                       0.6111419    0.60742  0.61%   497  242s
    33    27    0.60825    6  165    0.61114    0.60742  0.61%   594  254s
    34    28    0.60830    7  160    0.61114    0.60742  0.61%   588  255s
    36    30    0.60852    9  174    0.61114    0.60742  0.61%   585  263s
    37    31    0.60861   10  165    0.61114    0.60742  0.61%   578  272s
    39    31 infeasible   11         0.61114    0.60742  0.61%   642  278s
    40    32    0.60885   12  166    0.61114    0.60742  0.61%   647  283s
    42    34    0.60934   14  172    0.61114    0.60742  0.61%   647  294s
    43    35    0.60947   15  181    0.61114    0.60742  0.61%   649  301s
    46    38    0.60974   18  217    0.61114    0.60742  0.61%   646  308s
    47    39    0.60981   19  239    0.61114    0.60742  0.61%   645  312s
    48    40    0.61018   19  171    0.61114    0.60742  0.61%   656  324s
    49    39 infeasible   20         0.61114    0.60742  0.61%   738  330s
    50    40    0.61020   20  168    0.61114    0.60742  0.61%   726  350s
    51    41    0.61029   21  162    0.61114    0.60742  0.61%   718  381s
    54    44    0.61071   24  140    0.61114    0.60742  0.61%   707  386s
    56    42 infeasible   25         0.61114    0.60742  0.61%   778  393s
    57    41 infeasible   23         0.61114    0.60742  0.61%   800  395s
    59    41    0.60794    2  160    0.61114    0.60758  0.58%   808  403s
    62    44    0.60807    5  153    0.61114    0.60758  0.58%   772  405s
    63    45    0.60944    6  178    0.61114    0.60758  0.58%   839  413s
    65    47    0.60830    7  148    0.61114    0.60758  0.58%   828  415s
    67    49    0.60847    9  185    0.61114    0.60758  0.58%   826  420s
    70    52    0.60907   11  173    0.61114    0.60758  0.58%   824  425s
    75    57    0.60979   16  133    0.61114    0.60758  0.58%   806  431s
    85    67    0.61004   26  129    0.61114    0.60758  0.58%   733  435s
    91    73    0.61040   32  108    0.61114    0.60758  0.58%   695  440s
    99    77 infeasible   38         0.61114    0.60758  0.58%   660  446s
   101    76    0.61107   37   86    0.61114    0.60758  0.58%   658  450s
   106    79    0.60863    6  151    0.61114    0.60759  0.58%   641  460s
   110    83    0.60935   10  156    0.61114    0.60759  0.58%   641  468s
   112    85    0.60987   12  127    0.61114    0.60759  0.58%   644  473s
   113    86    0.61040   13  153    0.61114    0.60759  0.58%   648  476s
   115    88    0.61095   15   93    0.61114    0.60759  0.58%   652  482s
   118    87    0.61089   15  138    0.61114    0.60759  0.58%   650  486s
   121    84 infeasible   14         0.61114    0.60759  0.58%   655  494s
   122    85    0.60813    4  175    0.61114    0.60762  0.58%   653  495s
   124    87    0.60892    5  161    0.61114    0.60762  0.58%   662  503s
   125    88    0.60908    6  164    0.61114    0.60762  0.58%   666  506s
   126    89    0.60922    6  165    0.61114    0.60762  0.58%   671  510s
   128    89 infeasible    8         0.61114    0.60762  0.58%   693  518s
   129    90    0.60958    8  158    0.61114    0.60762  0.58%   693  521s
   134    95    0.61034   12  129    0.61114    0.60762  0.58%   684  527s
   136    97    0.61047   14  119    0.61114    0.60762  0.58%   679  530s
   139    98    0.61054   16  119    0.61114    0.60762  0.58%   677  535s
   144    99 infeasible   19         0.61114    0.60762  0.58%   693  548s
   146   101    0.61097   21   97    0.61114    0.60762  0.58%   689  550s
   150    99 infeasible   22         0.61114    0.60762  0.58%   693  557s
   152    99    0.60839    5  168    0.61114    0.60777  0.55%   703  566s
   154   101    0.60890    7  143    0.61114    0.60777  0.55%   704  571s
   157   104    0.60943   10  149    0.61114    0.60777  0.55%   703  575s
   160   107    0.61016   13  126    0.61114    0.60777  0.55%   705  580s
   169   109 infeasible   18         0.61114    0.60777  0.55%   685  586s
   171   111    0.60878    7  152    0.61114    0.60779  0.55%   690  590s
   175   115    0.60998   11  102    0.61114    0.60779  0.55%   696  596s
   186   116    0.61042   13   74    0.61114    0.60779  0.55%   677  601s
   192   116    0.61076   13   87    0.61114    0.60779  0.55%   671  605s
   197   115    0.61065   13   78    0.61114    0.60779  0.55%   667  610s
   203   115    0.60981   12  104    0.61114    0.60779  0.55%   662  615s
   213   119 infeasible   19         0.61114    0.60779  0.55%   642  620s
   220   116 infeasible   15         0.61114    0.60779  0.55%   636  625s
   228   116 infeasible   18         0.61114    0.60779  0.55%   624  630s
   231   117    0.60853    3  193    0.61114    0.60781  0.55%   628  638s
   233   119    0.60874    5  186    0.61114    0.60781  0.55%   627  640s
   236   122    0.60906    8  182    0.61114    0.60781  0.55%   631  647s
   238   124    0.60931   10  177    0.61114    0.60781  0.55%   632  650s
   241   127    0.60975   13  178    0.61114    0.60781  0.55%   635  657s
   243   129    0.60999   15  177    0.61114    0.60781  0.55%   635  660s
   246   132    0.61103   18  178    0.61114    0.60781  0.55%   638  665s
   249   129 infeasible   18         0.61114    0.60781  0.55%   648  674s
   250   130    0.61049   17  210    0.61114    0.60781  0.55%   649  676s
   254   134    0.61087   21  192    0.61114    0.60781  0.55%   646  680s
   256   132 infeasible   22         0.61114    0.60781  0.55%   658  688s
   259   131    0.60888    3  173    0.61114    0.60783  0.54%   657  691s
   263   135    0.60901    7  176    0.61114    0.60783  0.54%   654  695s

Cutting planes:
  MIR: 36
  Flow cover: 39
  RLT: 2
  Relax-and-lift: 1

Explored 266 nodes (179285 simplex iterations) in 700.17 seconds (1525.52 work units)
Thread count was 1 (of 16 available processors)

Solution count 10: 0.611142 0.611172 0.611177 ... 0.61224

Time limit reached
Best objective 6.111419081299e-01, best bound 6.078308712082e-01, gap 0.5418%

User-callback calls 62068, time in user-callback 1.66 sec
