
Gurobi 13.0.2 (win64) logging started Thu Oct  8 09:21:21 2026

Set parameter LogFile to value "C:\v42_m1_exact_solver_redesign_20261008\docs\v42_m_practical_exact_solver_overnight_20261008\external_production\external_nodes\0050\LP.log"
Gurobi Optimizer version 13.0.2 build v13.0.2rc1 (win64 - Windows 11+.0 (26200.2))

CPU model: 13th Gen Intel(R) Core(TM) i7-13620H, instruction set [SSE2|AVX|AVX2]
Thread count: 10 physical cores, 16 logical processors, using up to 1 threads

Non-default parameters:
TimeLimit  900
FeasibilityTol  1e-08
IntFeasTol  1e-08
MIPGap  0.005
OptimalityTol  1e-08
Method  2
LPWarmStart  0
Crossover  0
DegenMoves  0
MIPFocus  3
NodeMethod  1
LogToConsole  0
Seed  20260929
Threads  1

Optimize a model with 582808 rows, 306040 columns and 5351612 nonzeros (Min)
Model fingerprint: 0x9433fa48
Model has 1 linear objective coefficients
Coefficient statistics:
  Matrix range     [1e-13, 4e+02]
  Objective range  [1e+00, 1e+00]
  Bounds range     [3e-08, 2e+03]
  RHS range        [2e-24, 2e+03]
Warning: Model contains large matrix coefficient range
         Consider reformulating model or setting NumericFocus parameter
         to avoid numerical issues.

Presolve removed 175715 rows and 27353 columns
Presolve time: 2.04s
Presolved: 407093 rows, 298982 columns, 4428462 nonzeros
Elapsed ordering time = 5s
Ordering time: 5.51s

Barrier statistics:
 Dense cols : 965
 AA' NZ     : 3.779e+07
 Factor NZ  : 5.718e+07 (roughly 700 MB of memory)
 Factor Ops : 3.134e+10 (roughly 1 second per iteration)
 Threads    : 1

                  Objective                Residual
Iter       Primal          Dual         Primal    Dual     Compl     Time
   0   1.27525744e+03 -5.00181722e+05  6.52e+07 7.87e-07  1.02e+04    13s
   1   1.70158008e+03 -3.67346970e+05  4.36e+07 6.07e-03  4.39e+03    14s
   2   4.60741735e+02 -2.61950903e+05  1.80e+07 4.92e-04  5.58e+03    16s
   3   3.63343820e+01 -1.04233902e+05  1.39e+06 7.97e-15  4.40e+02    18s
   4   8.17393411e-01 -5.80298768e+04  4.44e+03 6.86e-15  9.27e+00    19s
   5   7.50810297e-01 -8.63817338e+03  1.71e+03 2.02e-10  1.38e+00    21s
   6   7.22393135e-01 -5.44189321e+02  2.73e+02 7.55e-11  9.65e-02    23s
   7   7.27289152e-01 -1.96572904e+02  9.83e+01 2.22e-11  3.50e-02    25s
   8   7.29790310e-01 -7.00469875e+01  4.16e+01 6.41e-12  1.36e-02    27s
   9   7.35466161e-01 -1.82007806e+01  1.41e+01 1.21e-09  3.94e-03    30s
  10   7.05850086e-01 -2.08469570e+00  2.98e-01 1.54e-08  4.07e-04    32s
  11   6.33498567e-01 -7.80124291e-01  1.96e-01 9.78e-09  2.02e-04    35s
  12   6.15432205e-01 -2.11931284e-01  1.56e-01 3.80e-08  1.17e-04    37s
  13   6.11080422e-01  1.29274116e-01  1.13e-01 4.85e-08  6.66e-05    39s
  14   6.01197964e-01  2.80521406e-01  6.11e-02 3.49e-08  4.35e-05    41s
  15   5.97807487e-01  3.39056629e-01  5.22e-02 2.99e-08  3.49e-05    43s
  16   5.93585052e-01  3.95688631e-01  4.34e-02 3.51e-08  2.66e-05    45s
  17   5.89993923e-01  4.21308172e-01  3.55e-02 3.55e-08  2.25e-05    47s
  18   5.85675213e-01  4.71678915e-01  2.61e-02 2.84e-08  1.50e-05    48s
  19   5.81704415e-01  4.93692279e-01  1.95e-02 2.09e-08  1.14e-05    50s
  20   5.78594717e-01  5.15638516e-01  1.47e-02 1.46e-08  8.02e-06    52s
  21   5.76565753e-01  5.27798813e-01  1.18e-02 1.20e-08  6.12e-06    54s
  22   5.74180402e-01  5.41900102e-01  8.40e-03 1.20e-08  3.94e-06    56s
  23   5.72425561e-01  5.50197076e-01  6.09e-03 1.12e-08  2.64e-06    58s
  24   5.72183585e-01  5.52016284e-01  5.72e-03 1.07e-08  2.39e-06    59s
  25   5.71087191e-01  5.58669561e-01  4.26e-03 9.72e-09  1.45e-06    61s
  26   5.70103847e-01  5.62079407e-01  2.42e-03 8.76e-09  9.47e-07    64s
  27   5.69719910e-01  5.64057699e-01  1.75e-03 7.88e-09  6.81e-07    66s
  28   5.69538154e-01  5.65732269e-01  1.43e-03 6.98e-09  4.75e-07    68s
  29   5.69375339e-01  5.66450499e-01  1.13e-03 6.78e-09  3.76e-07    70s
  30   5.69313612e-01  5.66924518e-01  1.02e-03 5.64e-09  3.16e-07    71s
  31   5.69248956e-01  5.67241844e-01  8.97e-04 5.90e-09  2.73e-07    73s
  32   5.69150731e-01  5.67676667e-01  7.14e-04 6.28e-09  2.12e-07    75s
  33   5.69063637e-01  5.67915184e-01  5.53e-04 6.43e-09  1.73e-07    77s
  34   5.68993074e-01  5.68275369e-01  4.32e-04 6.59e-09  1.23e-07    79s
  35   5.68922858e-01  5.68392176e-01  3.01e-04 6.59e-09  1.00e-07    81s
  36   5.68905081e-01  5.68648039e-01  2.76e-04 6.34e-09  6.66e-08    83s
  37   5.68853894e-01  5.68766368e-01  1.84e-04 6.09e-09  4.48e-08    85s
  38   5.68815783e-01  5.68842179e-01  1.21e-04 5.81e-09  2.97e-08    87s
  39   5.68805479e-01  5.68872557e-01  1.03e-04 5.58e-09  2.42e-08    89s
  40   5.68784148e-01  5.68938340e-01  6.78e-05 5.07e-09  1.24e-08    91s
  41   5.68776715e-01  5.68952201e-01  5.72e-05 4.94e-09  1.02e-08    93s
  42   5.68767521e-01  5.68959198e-01  4.35e-05 4.86e-09  8.39e-09    94s
  43   5.68758144e-01  5.68970119e-01  3.14e-05 4.53e-09  5.18e-09    96s
  44   5.68757392e-01  5.68965914e-01  3.01e-05 4.41e-09  4.77e-09    98s
  45   5.68755266e-01  5.68952439e-01  2.60e-05 4.04e-09  4.05e-09   100s
  46   5.68752032e-01  5.68937237e-01  2.03e-05 4.09e-09  3.19e-09   102s
  47   5.68749022e-01  5.68918295e-01  1.55e-05 4.11e-09  2.38e-09   105s
  48   5.68746829e-01  5.68899779e-01  1.13e-05 4.08e-09  1.69e-09   106s
  49   5.68746351e-01  5.68891947e-01  1.05e-05 4.07e-09  1.46e-09   108s
  50   5.68745479e-01  5.68888337e-01  9.22e-06 4.08e-09  1.25e-09   110s
  51   5.68744283e-01  5.68882078e-01  7.58e-06 4.20e-09  9.28e-10   112s
  52   5.68744215e-01  5.68877632e-01  7.02e-06 3.73e-09  8.32e-10   114s
  53   5.68743103e-01  5.68874667e-01  5.40e-06 3.62e-09  7.08e-10   116s
  54   5.68741793e-01  5.68873141e-01  3.90e-06 3.64e-09  5.80e-10   118s
  55   5.68741300e-01  5.68865899e-01  3.42e-06 3.71e-09  4.15e-10   120s
  56   5.68740405e-01  5.68861238e-01  2.63e-06 3.77e-09  2.16e-10   122s
  57   5.68740290e-01  5.68859730e-01  2.55e-06 3.77e-09  1.98e-10   123s
  58   5.68739221e-01  5.68847996e-01  1.68e-06 3.80e-09  1.12e-10   125s
  59   5.68736593e-01  5.68837160e-01  5.49e-08 3.76e-09  8.25e-12   128s
  60   5.68736091e-01  5.68836729e-01  4.27e-08 3.62e-09  4.66e-12   130s
  61   5.68735704e-01  5.68834326e-01  9.54e-08 3.58e-09  4.62e-12   133s
  62   5.68735403e-01  5.68834174e-01  4.92e-08 3.57e-09  4.06e-12   134s
  63   5.68735305e-01  5.68832682e-01  4.62e-08 3.54e-09  3.99e-12   137s
  64   5.68735289e-01  5.68832651e-01  4.60e-08 3.53e-09  3.97e-12   138s
  65   5.68735273e-01  5.68832603e-01  4.58e-08 3.52e-09  3.96e-12   140s
  66   5.68735259e-01  5.68832487e-01  4.55e-08 3.50e-09  3.93e-12   142s
  67   5.68735198e-01  5.68832195e-01  4.47e-08 3.44e-09  3.87e-12   144s
  68   5.68735192e-01  5.68831990e-01  4.46e-08 3.41e-09  3.85e-12   146s
  69   5.68735054e-01  5.68830669e-01  4.28e-08 3.21e-09  3.68e-12   148s
  70   5.68735114e-01  5.68830383e-01  4.24e-08 3.13e-09  4.10e-12   151s
  71   5.68734378e-01  5.68827097e-01  3.65e-08 2.78e-09  2.92e-12   153s
  72   5.68734225e-01  5.68825716e-01  4.20e-08 2.53e-09  2.74e-12   155s
  73   5.68734129e-01  5.68824181e-01  4.09e-08 2.46e-09  4.31e-12   157s
  74   5.68733956e-01  5.68823524e-01  3.61e-08 2.35e-09  3.82e-12   159s
  75   5.68733754e-01  5.68822728e-01  3.32e-08 2.22e-09  3.52e-12   161s
  76   5.68733555e-01  5.68820878e-01  3.09e-08 2.02e-09  3.43e-12   163s
  77   5.68733233e-01  5.68819407e-01  2.72e-08 2.17e-09  3.16e-12   166s
  78   5.68733038e-01  5.68817957e-01  2.66e-08 2.39e-09  3.13e-12   169s
  79   5.68733004e-01  5.68817006e-01  2.63e-08 2.38e-09  3.88e-12   171s
  80   5.68732936e-01  5.68816779e-01  2.56e-08 2.43e-09  3.82e-12   173s
  81   5.68732292e-01  5.68816199e-01  1.96e-08 2.52e-09  2.75e-12   175s
  82   5.68732182e-01  5.68815927e-01  1.88e-08 2.55e-09  2.63e-12   177s
  83   5.68732044e-01  5.68815743e-01  1.70e-08 2.58e-09  2.39e-12   179s
  84   5.68731835e-01  5.68814315e-01  1.55e-08 2.75e-09  2.40e-12   182s
  85   5.68731699e-01  5.68813122e-01  1.48e-08 2.89e-09  2.23e-12   184s
  86   5.68731537e-01  5.68812295e-01  1.80e-08 2.99e-09  2.10e-12   186s
  87   5.68731507e-01  5.68812196e-01  1.76e-08 3.01e-09  2.04e-12   188s
  88   5.68731223e-01  5.68811759e-01  5.84e-08 3.05e-09  1.58e-12   191s
  89   5.68731138e-01  5.68811161e-01  5.63e-08 3.10e-09  1.58e-12   193s
  90   5.68730935e-01  5.68808376e-01  5.53e-08 3.37e-09  1.46e-12   196s
  91   5.68730747e-01  5.68806791e-01  8.68e-08 3.47e-09  1.37e-12   198s
  92   5.68730394e-01  5.68805969e-01  7.38e-08 3.52e-09  1.22e-12   200s
  93   5.68729995e-01  5.68805385e-01  6.16e-08 3.56e-09  1.01e-12   202s
  94   5.68729988e-01  5.68805011e-01  6.14e-08 3.58e-09  1.00e-12   204s
  95   5.68729844e-01  5.68804953e-01  5.75e-08 3.58e-09  9.49e-13   206s
  96   5.68729843e-01  5.68804934e-01  5.74e-08 3.58e-09  9.59e-13   208s
  97   5.68729722e-01  5.68803781e-01  5.56e-08 3.64e-09  9.16e-13   211s
  98   5.68729582e-01  5.68803189e-01  5.33e-08 3.65e-09  8.95e-13   214s
  99   5.68729506e-01  5.68801454e-01  5.11e-08 3.58e-09  8.82e-13   216s
 100   5.68729494e-01  5.68801269e-01  5.07e-08 3.58e-09  8.73e-13   218s
 101   5.68729433e-01  5.68800361e-01  4.86e-08 3.54e-09  8.20e-13   220s
 102   5.68729432e-01  5.68800314e-01  4.85e-08 3.53e-09  8.23e-13   222s
 103   5.68729422e-01  5.68797697e-01  4.84e-08 3.42e-09  8.36e-13   224s
 104   5.68729367e-01  5.68796275e-01  4.74e-08 3.35e-09  8.24e-13   227s
 105   5.68729325e-01  5.68796034e-01  4.64e-08 3.34e-09  8.15e-13   230s
 106   5.68729242e-01  5.68795441e-01  4.45e-08 3.32e-09  8.03e-13   232s
 107   5.68729213e-01  5.68794689e-01  4.38e-08 3.28e-09  7.92e-13   234s
 108   5.68729189e-01  5.68794265e-01  4.30e-08 3.25e-09  8.04e-13   236s
 109   5.68729102e-01  5.68790018e-01  4.05e-08 2.92e-09  1.12e-12   239s
 110   5.68729101e-01  5.68789972e-01  4.05e-08 2.92e-09  1.13e-12   241s
 111   5.68729046e-01  5.68789798e-01  3.94e-08 2.91e-09  1.16e-12   244s
 112   5.68729035e-01  5.68789789e-01  3.91e-08 2.91e-09  1.17e-12   247s
 113   5.68728970e-01  5.68787895e-01  3.81e-08 2.84e-09  1.09e-12   251s
 114   5.68728877e-01  5.68787576e-01  3.54e-08 2.82e-09  1.12e-12   253s
 115   5.68728854e-01  5.68787236e-01  3.50e-08 2.81e-09  1.10e-12   255s
 116   5.68728808e-01  5.68786369e-01  3.39e-08 2.77e-09  1.05e-12   257s
 117   5.68728791e-01  5.68786355e-01  3.34e-08 2.77e-09  1.06e-12   259s
 118   5.68728770e-01  5.68786101e-01  5.01e-08 2.79e-09  1.03e-12   261s
 119   5.68728746e-01  5.68786000e-01  4.85e-08 2.79e-09  1.01e-12   263s
 120   5.68728701e-01  5.68785591e-01  4.71e-08 2.80e-09  9.50e-13   265s
 121   5.68728683e-01  5.68785545e-01  4.65e-08 2.80e-09  9.43e-13   267s
 122   5.68728671e-01  5.68785501e-01  4.62e-08 2.80e-09  9.37e-13   270s
 123   5.68728597e-01  5.68785330e-01  4.47e-08 2.80e-09  9.09e-13   272s
 124   5.68728544e-01  5.68785154e-01  4.36e-08 2.80e-09  8.83e-13   274s
 125   5.68728490e-01  5.68784851e-01  4.26e-08 2.80e-09  8.77e-13   276s
 126   5.68728279e-01  5.68784636e-01  3.85e-08 2.80e-09  8.57e-13   279s
 127   5.68728283e-01  5.68784211e-01  3.82e-08 2.76e-09  9.69e-13   281s
 128   5.68728239e-01  5.68782714e-01  3.71e-08 2.71e-09  9.05e-13   283s
 129   5.68728161e-01  5.68781906e-01  3.56e-08 2.66e-09  8.98e-13   285s
 130   5.68728066e-01  5.68780310e-01  3.32e-08 2.55e-09  8.39e-13   287s
 131   5.68728044e-01  5.68779462e-01  3.28e-08 2.50e-09  8.38e-13   290s
 132   5.68727939e-01  5.68778314e-01  3.15e-08 2.43e-09  8.25e-13   292s
 133   5.68727932e-01  5.68778272e-01  3.13e-08 2.42e-09  8.27e-13   294s
 134   5.68727932e-01  5.68778225e-01  3.13e-08 2.43e-09  8.31e-13   297s
 135   5.68727901e-01  5.68776802e-01  3.09e-08 2.37e-09  8.47e-13   301s
 136   5.68727895e-01  5.68775747e-01  2.96e-08 2.33e-09  8.35e-13   303s
 137   5.68727895e-01  5.68771798e-01  2.83e-08 2.13e-09  9.72e-13   306s
 138   5.68727887e-01  5.68771640e-01  2.62e-08 2.13e-09  8.17e-13   308s
 139   5.68727887e-01  5.68771579e-01  2.62e-08 2.11e-09  8.18e-13   310s
 140   5.68727887e-01  5.68771576e-01  2.62e-08 2.11e-09  8.18e-13   312s
 141   5.68727886e-01  5.68770730e-01  2.55e-08 2.07e-09  7.90e-13   314s

Barrier solved model in 141 iterations and 314.38 seconds (585.05 work units)
Optimal objective 5.68727886e-01


User-callback calls 17426, time in user-callback 0.35 sec
Discarded solution information
Set parameter Method to value 2
Set parameter Crossover to value 0
Set parameter LPWarmStart to value 0
Set parameter NumericFocus to value 0
Set parameter DualReductions to value 1
Set parameter InfUnbdInfo to value 0
Set parameter TimeLimit to value 702.414176
