
Gurobi 13.0.2 (win64) logging started Thu Oct  8 05:36:38 2026

Set parameter LogFile to value "C:\v42_m1_exact_solver_redesign_20261008\docs\v42_m_practical_exact_solver_overnight_20261008\external_production\external_nodes\0002\LP.log"
Gurobi Optimizer version 13.0.2 build v13.0.2rc1 (win64 - Windows 11+.0 (26200.2))

CPU model: 13th Gen Intel(R) Core(TM) i7-13620H, instruction set [SSE2|AVX|AVX2]
Thread count: 10 physical cores, 16 logical processors, using up to 1 threads

Non-default parameters:
TimeLimit  900
FeasibilityTol  1e-08
IntFeasTol  1e-08
MIPGap  0.005
OptimalityTol  1e-08
Method  1
LPWarmStart  1
Crossover  2
DegenMoves  0
MIPFocus  3
NodeMethod  1
DualReductions  0
InfUnbdInfo  1
LogToConsole  0
NumericFocus  3
Seed  20260929
Threads  1

Optimize a model with 582808 rows, 306040 columns and 5351612 nonzeros (Min)
Model has 1 linear objective coefficients
Coefficient statistics:
  Matrix range     [1e-13, 4e+02]
  Objective range  [1e+00, 1e+00]
  Bounds range     [3e-08, 2e+03]
  RHS range        [2e-24, 2e+03]
Warning: Model contains large matrix coefficient range

LP warm-start: use basis

Iteration    Objective       Primal Inf.    Dual Inf.      Time
       0   -7.0464558e+28   1.960052e+40   7.046456e-02      1s
     180   -6.3945385e+28   7.431667e+38   6.394602e-02      7s
     360   -5.8030679e+28   9.606782e+38   5.803145e-02     14s
     540   -5.2824678e+28   8.284663e+38   5.282573e-02     21s
     740   -4.4225776e+28   6.948098e+38   4.422715e-02     29s
     840   -4.1638248e+28   3.998182e+38   4.163982e-02     33s
    1031   -3.7205493e+28   2.037001e+39   3.720660e-02     40s
    1132   -3.4207724e+28   2.355396e+39   3.420886e-02     43s
    1233   -3.2312989e+28   2.000967e+39   3.231441e-02     47s
    1334   -3.0599509e+28   1.914965e+39   3.060093e-02     51s
    1535   -2.5978470e+28   8.029704e+38   2.598017e-02     59s
    1725   -1.9548755e+28   1.299555e+39   1.955058e-02     66s
    1905   -1.5701593e+28   8.375231e+38   1.570357e-02     72s
    2085   -1.2093732e+28   1.991725e+39   1.209559e-02     79s
    2265   -9.6489448e+27   1.264783e+39   9.650883e-03     86s
    2467   -7.7684656e+27   2.482530e+39   7.770687e-03     93s
    2567   -6.4383978e+27   6.332398e+39   6.440439e-03     96s
    2747   -4.1832040e+27   5.821171e+39   4.184529e-03    103s
    2907   -2.8558836e+27   1.551351e+39   2.855890e-03    110s
    3007   -2.2626773e+27   1.353492e+40   2.261766e-03    113s
    3187   -1.0960160e+27   1.318530e+40   1.093986e-03    120s
    3347   -5.0508358e+26   6.901721e+38   5.037377e-04    127s
    3528   -3.1815059e+26   6.805100e+38   3.210844e-04    134s
    3708   -2.4686016e+26   7.065883e+38   2.550668e-04    142s
    3868   -2.1066855e+26   7.029191e+37   2.223522e-04    148s
    4038   -1.9520345e+26   1.623201e+38   2.131993e-04    155s
    4208   -1.4620505e+26   1.883166e+38   1.721894e-04    161s
    4398   -1.1448810e+26   3.081418e+38   1.449773e-04    169s
    4578   -9.7156706e+25   2.141969e+38   1.356209e-04    176s
    4748   -7.2697767e+25   9.526974e+37   1.154678e-04    183s
    4908   -6.6850524e+25   5.356166e+37   1.164975e-04    190s
    5058   -5.2421385e+25   1.654294e+37   1.153632e-04    196s
    5349    4.4331887e+25   2.618421e+37   2.807940e-05    206s
    5529    6.0911907e+25   2.521908e+37   1.634917e-05    212s
    5730    6.9015934e+25   7.365474e+36   1.191895e-05    218s
    5830    7.6201979e+25   7.938070e+36   6.890061e-06    222s
    6010    8.3318851e+25   3.502222e+36   3.180775e-06    229s
    6190   -1.6520621e+03   7.815179e+09   0.000000e+00    236s
    6290   -1.6514656e+03   1.976033e+11   0.000000e+00    241s
    6470   -1.6510722e+03   1.133197e+11   0.000000e+00    248s
    6550   -1.6509486e+03   1.082594e+11   0.000000e+00    252s
    6730   -1.6508657e+03   7.748064e+10   0.000000e+00    260s
    6910   -1.6506232e+03   1.278986e+11   0.000000e+00    268s
    7070   -1.6503534e+03   2.054267e+11   0.000000e+00    275s
    7230   -1.6499522e+03   1.379888e+11   0.000000e+00    282s
    7390   -1.6495815e+03   1.351227e+11   0.000000e+00    288s
    7540   -1.6492658e+03   1.251981e+11   0.000000e+00    295s
    7680   -1.6489829e+03   8.239281e+10   0.000000e+00    301s
    7860   -1.6486512e+03   1.961986e+11   0.000000e+00    309s
    7950   -1.6483246e+03   7.859107e+10   0.000000e+00    313s
    8030   -1.6480589e+03   1.843662e+11   0.000000e+00    316s
    8210   -1.6475931e+03   1.412772e+11   0.000000e+00    324s
    8300   -1.6460574e+03   4.991528e+10   0.000000e+00    328s
    8380   -1.6459304e+03   4.801536e+11   0.000000e+00    331s
    8540   -1.6457526e+03   9.224710e+10   0.000000e+00    338s
    8610   -1.6455580e+03   6.835300e+10   0.000000e+00    341s
    8760   -1.6453562e+03   6.908774e+10   0.000000e+00    348s
    8830   -1.6452901e+03   1.586582e+11   0.000000e+00    351s
    8980   -1.6451137e+03   5.100258e+10   0.000000e+00    358s
    9050   -1.6450061e+03   1.837808e+11   0.000000e+00    361s
    9190   -1.6448520e+03   5.467080e+10   0.000000e+00    367s
    9280   -1.6447510e+03   3.874204e+10   0.000000e+00    371s
    9450   -1.6446281e+03   2.122621e+11   0.000000e+00    379s
    9630   -1.6443837e+03   3.510021e+10   0.000000e+00    387s
    9720   -1.6442146e+03   1.471009e+11   0.000000e+00    391s
    9880   -1.6440082e+03   5.828641e+10   0.000000e+00    399s
   10030   -1.6438377e+03   1.453553e+11   0.000000e+00    406s
   10130   -1.6437003e+03   9.173352e+10   0.000000e+00    411s
   10300   -1.6435012e+03   8.167601e+10   0.000000e+00    418s
   10450   -1.6432416e+03   1.141901e+10   0.000000e+00    425s
   10590   -1.6430858e+03   4.920656e+10   0.000000e+00    431s
   10680   -1.6428932e+03   8.311226e+10   0.000000e+00    435s
   10920   -1.6424392e+03   2.205756e+10   0.000000e+00    446s
   11150   -1.6417927e+03   5.409881e+10   0.000000e+00    456s
   11251   -1.6416511e+03   2.929177e+11   0.000000e+00    460s
   11442   -1.6413769e+03   1.102248e+10   0.000000e+00    469s
   11542   -1.6412357e+03   1.127943e+11   0.000000e+00    473s
   11622   -1.6409098e+03   5.247490e+10   0.000000e+00    476s
   11722   -1.6406770e+03   4.087562e+10   0.000000e+00    481s
   11823   -1.6404767e+03   5.708754e+10   0.000000e+00    485s
   12025   -1.6401442e+03   8.654010e+10   0.000000e+00    494s
   12125   -1.6399031e+03   2.101155e+11   0.000000e+00    499s
   12205   -1.6396139e+03   3.970905e+10   0.000000e+00    502s
   12285   -1.6391913e+03   7.775035e+09   0.000000e+00    506s
   12465   -1.6387689e+03   1.027064e+11   0.000000e+00    514s
   12555   -1.6376158e+03   9.909879e+10   0.000000e+00    518s
   12635   -1.6373861e+03   2.931230e+10   0.000000e+00    522s
   12815   -1.6372229e+03   2.704239e+10   0.000000e+00    530s
   13006   -1.6370450e+03   4.999909e+10   0.000000e+00    538s
   13106   -1.6369378e+03   3.077230e+11   0.000000e+00    543s
   13276   -1.6367494e+03   2.875304e+10   0.000000e+00    550s
   13436   -1.6365174e+03   2.358277e+11   0.000000e+00    557s
   13536   -1.6360889e+03   1.227979e+11   0.000000e+00    562s
   13626   -1.6359547e+03   1.589503e+11   0.000000e+00    566s
   13856   -1.6355467e+03   5.839740e+10   0.000000e+00    577s
   13996   -1.6350733e+03   2.054440e+11   0.000000e+00    583s
   14136   -1.6345549e+03   9.881551e+11   0.000000e+00    589s
   14237   -1.6338611e+03   3.363174e+11   0.000000e+00    593s
   14327   -1.6187853e+03   7.165077e+10   0.000000e+00    597s
   14508   -1.6185652e+03   5.909649e+12   0.000000e+00    605s
   14699   -1.6183436e+03   3.540388e+11   0.000000e+00    613s
   14800   -1.5917608e+03   1.662280e+12   0.000000e+00    617s
   14901   -1.3554139e+03   5.287568e+12   0.000000e+00    621s
   15092   -1.3296653e+03   1.926306e+12   0.000000e+00    629s
   15192   -1.3295461e+03   1.815557e+12   0.000000e+00    634s
   15362   -1.3293895e+03   2.752560e+11   0.000000e+00    641s
   15522   -1.3292180e+03   1.596836e+11   0.000000e+00    648s
   15682   -1.3290531e+03   1.837264e+11   0.000000e+00    654s
   15862   -1.3288046e+03   1.887712e+11   0.000000e+00    662s
   15962   -1.3285774e+03   1.190694e+11   0.000000e+00    666s
   16063   -1.3284707e+03   1.905669e+12   0.000000e+00    671s
   16333   -1.3265723e+03   2.119147e+11   0.000000e+00    682s
   16493   -1.3264283e+03   1.424768e+11   0.000000e+00    689s
   16653   -1.3262900e+03   2.202177e+11   0.000000e+00    695s
   16834   -1.1986183e+03   1.491876e+11   0.000000e+00    702s
   16935   -1.1984842e+03   5.271523e+10   0.000000e+00    706s
   17126   -1.1980556e+03   1.673330e+11   0.000000e+00    714s
   17317   -1.1979189e+03   1.020536e+11   0.000000e+00    722s
   17418   -1.1978368e+03   1.405593e+11   0.000000e+00    726s
   17519   -1.1977637e+03   1.793961e+11   0.000000e+00    730s
   17721   -1.1976074e+03   1.024551e+11   0.000000e+00    739s
   17822   -1.1974994e+03   4.588371e+10   0.000000e+00    743s
   17912   -1.1974156e+03   4.106147e+10   0.000000e+00    747s
   18013   -1.1969926e+03   3.510486e+11   0.000000e+00    751s
   18114   -1.1969210e+03   1.334369e+11   0.000000e+00    756s
   18304   -1.1967472e+03   3.519945e+11   0.000000e+00    764s
   18464   -1.1966300e+03   8.894977e+10   0.000000e+00    771s
   18624   -1.1965094e+03   9.667862e+11   0.000000e+00    778s
   18724   -1.1963958e+03   5.100482e+11   0.000000e+00    782s
   18894   -1.1962052e+03   3.628544e+11   0.000000e+00    790s
   19054   -1.1960069e+03   2.224183e+11   0.000000e+00    797s
   19214   -1.1958161e+03   3.918291e+11   0.000000e+00    804s
   19294   -1.1954690e+03   2.052689e+11   0.000000e+00    807s
   19454   -1.1953086e+03   6.447652e+10   0.000000e+00    814s
   19555   -1.1951981e+03   7.952930e+11   0.000000e+00    818s
   19655   -1.1950768e+03   2.055880e+13   0.000000e+00    823s
   19825   -1.1949229e+03   3.529653e+13   0.000000e+00    830s
   19985   -1.1947398e+03   1.870919e+13   0.000000e+00    837s
   20145   -1.1945965e+03   8.569866e+12   0.000000e+00    844s
   20326   -1.1880120e+03   1.940673e+12   0.000000e+00    852s
   20427   -1.1849597e+03   2.930860e+12   0.000000e+00    856s
   20597   -1.1839791e+03   2.027886e+12   0.000000e+00    863s
   20767   -1.1827395e+03   2.062348e+12   0.000000e+00    870s
   20867   -1.1826670e+03   3.003137e+12   0.000000e+00    874s
   20967   -1.1819537e+03   7.775159e+12   0.000000e+00    878s
   21127   -1.1818419e+03   4.867810e+12   0.000000e+00    885s
   21287   -1.1817197e+03   1.440148e+12   0.000000e+00    892s
   21388   -1.1816403e+03   1.545199e+12   0.000000e+00    896s
   21489   -1.1815663e+03   4.831620e+12   0.000000e+00    900s

Stopped in 21489 iterations and 900.07 seconds (1431.20 work units)
Time limit reached

User-callback calls 21679, time in user-callback 7.96 sec
