
Gurobi 13.0.2 (win64) logging started Thu Oct  8 04:48:14 2026

Set parameter LogFile to value "C:\v42_m1_exact_solver_redesign_20261008\docs\v42_m_practical_exact_solver_overnight_20261008\external_production\external_nodes\0000\LP.log"
Gurobi Optimizer version 13.0.2 build v13.0.2rc1 (win64 - Windows 11+.0 (26200.2))

CPU model: 13th Gen Intel(R) Core(TM) i7-13620H, instruction set [SSE2|AVX|AVX2]
Thread count: 10 physical cores, 16 logical processors, using up to 1 threads

Non-default parameters:
TimeLimit  1800
FeasibilityTol  1e-08
IntFeasTol  1e-08
MIPGap  0.005
OptimalityTol  1e-08
Method  0
LPWarmStart  1
Crossover  2
DegenMoves  0
MIPFocus  3
NodeMethod  1
DualReductions  0
InfUnbdInfo  1
LogToConsole  0
NumericFocus  3
Seed  20260929
Threads  1

Optimize a model with 582808 rows, 306040 columns and 5351612 nonzeros (Min)
Model has 1 linear objective coefficients
Coefficient statistics:
  Matrix range     [1e-13, 4e+02]
  Objective range  [1e+00, 1e+00]
  Bounds range     [3e-08, 2e+03]
  RHS range        [2e-24, 2e+03]
Warning: Model contains large matrix coefficient range

LP warm-start: use start vectors

Primal warm-start: 71164 superbasic variables.
Iteration    Objective       Primal Inf.    Dual Inf.      Time
       0    5.6871161e-01   0.000000e+00   1.000000e+00      0s
    6161    5.6871161e-01   0.000000e+00   1.000000e+00      5s
   12827    5.6871161e-01   0.000000e+00   1.000000e+00     10s
   19392    5.6871161e-01   0.000000e+00   1.000000e+00     15s
   25957    5.6871161e-01   0.000000e+00   1.000000e+00     20s
   32219    5.6871161e-01   0.000000e+00   1.000000e+00     25s
   37774    5.6871161e-01   0.000000e+00   2.328646e-02     30s
   40804    5.6871161e-01   0.000000e+00   3.093624e-01     35s
   42225    5.6871161e-01   0.000000e+00   3.355307e-01     40s
   42932    5.6871161e-01   0.000000e+00   9.931322e-01     45s
   43841    5.6871161e-01   0.000000e+00   9.931322e-01     51s
   44649    5.6871161e-01   0.000000e+00   9.931322e-01     55s
   45457    5.6871161e-01   0.000000e+00   9.931322e-01     60s
   46571    5.6871161e-01   0.000000e+00   1.191419e+00     65s
   47821    5.6871161e-01   0.000000e+00   2.998322e+01     70s
   48480    5.6871161e-01   0.000000e+00   2.793471e+01     75s
   49050    5.6871161e-01   0.000000e+00   2.477602e+01     81s
   49363    5.6871161e-01   0.000000e+00   5.571323e+01     85s
   50022    5.6871161e-01   0.000000e+00   5.353575e+01     90s
   52245    5.6871161e-01   0.000000e+00   5.353575e+01     95s
   54080    5.6871161e-01   0.000000e+00   3.880061e+01    100s
   54685    5.6871161e-01   0.000000e+00   5.601150e+01    105s
   55025    5.6871161e-01   0.000000e+00   8.714697e+01    110s
   55468    5.6871161e-01   0.000000e+00   1.814968e+01    116s
   55826    5.6871161e-01   0.000000e+00   4.741535e+00    121s
   56134    5.6871161e-01   0.000000e+00   2.455183e+00    126s
   56455    5.6871161e-01   0.000000e+00   8.132507e+01    131s
   56790    5.6871161e-01   0.000000e+00   4.116620e+01    137s
   57126    5.6871161e-01   0.000000e+00   3.171247e+01    143s
   57401    5.6871161e-01   0.000000e+00   2.000537e+01    146s
   58460    5.6871161e-01   0.000000e+00   5.129232e+01    150s
   60177    5.6871161e-01   0.000000e+00   5.129232e+01    155s
   61609    5.6871161e-01   0.000000e+00   8.891015e+00    161s
   61985    5.6871161e-01   0.000000e+00   5.942744e+00    167s
   62243    5.6871161e-01   0.000000e+00   6.594286e+00    171s
   62596    5.6871161e-01   0.000000e+00   1.074506e+01    177s
   62829    5.6871161e-01   0.000000e+00   3.171287e+01    180s
   63156    5.6871161e-01   0.000000e+00   4.293167e+01    186s
   63506    5.6871161e-01   0.000000e+00   5.074487e+00    191s
   63889    5.6871161e-01   0.000000e+00   2.583263e+02    198s
   64073    5.6871161e-01   0.000000e+00   2.403017e+01    201s
   64428    5.6871161e-01   0.000000e+00   8.442266e+01    207s
   64602    5.6871161e-01   0.000000e+00   8.357721e+01    210s
   65021    5.6871161e-01   0.000000e+00   5.192314e+02    216s
   66234    5.6871161e-01   0.000000e+00   5.192314e+02    220s
   67547    5.6871161e-01   0.000000e+00   5.192314e+02    225s
   69064    5.6871161e-01   0.000000e+00   8.420721e+00    231s
   69328    5.6871161e-01   0.000000e+00   7.002894e+00    235s
   69709    5.6871161e-01   0.000000e+00   6.100686e+00    242s
   69947    5.6871161e-01   0.000000e+00   1.466012e+01    246s
   70309    5.6871161e-01   0.000000e+00   6.323852e+00    252s
   70514    5.6871161e-01   0.000000e+00   6.645445e+00    255s
   70872    5.6871161e-01   0.000000e+00   7.035129e+00    261s
   71188    5.6871161e-01   0.000000e+00   6.921249e+00    267s
   71388    5.6871161e-01   0.000000e+00   5.454873e+00    271s
   71658    5.6867887e-01   0.000000e+00   6.608699e+00    277s
   71828    5.6865417e-01   0.000000e+00   4.348379e+01    281s
   71988    5.6863868e-01   0.000000e+00   1.342706e+02    285s
   72328    5.6861754e-01   0.000000e+00   1.103923e+02    294s
   72488    5.6859867e-01   0.000000e+00   1.214658e+02    298s
   72648    5.6858540e-01   0.000000e+00   4.625018e+03    302s
   72808    5.6857565e-01   0.000000e+00   2.613083e+03    307s
   72968    5.6856755e-01   0.000000e+00   1.228879e+02    311s
   73128    5.6856162e-01   0.000000e+00   7.058584e+03    315s
   73458    5.6855039e-01   0.000000e+00   4.388140e+02    324s
   73618    5.6854597e-01   0.000000e+00   1.588414e+02    328s
   73788    5.6854191e-01   0.000000e+00   2.605982e+02    332s
   73948    5.6853727e-01   0.000000e+00   3.647249e+02    337s
   74128    5.6853175e-01   0.000000e+00   1.606429e+03    341s
   74298    5.6852724e-01   0.000000e+00   2.641674e+03    346s
   74468    5.6852459e-01   0.000000e+00   5.215944e+02    350s
   74788    5.6851913e-01   0.000000e+00   1.041482e+02    359s
   74948    5.6851647e-01   0.000000e+00   2.435800e+03    363s
   75138    5.6851502e-01   0.000000e+00   1.439116e+02    368s
   75308    5.6851258e-01   0.000000e+00   1.007565e+02    372s
   75478    5.6850940e-01   0.000000e+00   1.847873e+03    377s
   75638    5.6850698e-01   0.000000e+00   4.043704e+01    381s
   75818    5.6850485e-01   0.000000e+00   2.009063e+02    386s
   75978    5.6850263e-01   0.000000e+00   2.064929e+01    390s
   76318    5.6849808e-01   0.000000e+00   3.638567e+01    399s
   76498    5.6849556e-01   0.000000e+00   2.872612e+02    404s
   76678    5.6849308e-01   0.000000e+00   4.167488e+03    409s
   76848    5.6849096e-01   0.000000e+00   3.383258e+02    413s
   77008    5.6848907e-01   0.000000e+00   5.019294e+01    418s
   77188    5.6848687e-01   0.000000e+00   3.829134e+00    422s
   77378    5.6848600e-01   0.000000e+00   2.339994e+01    427s
   77538    5.6848421e-01   0.000000e+00   1.183739e+02    432s
   77698    5.6848292e-01   0.000000e+00   2.452108e+01    436s
   77868    5.6848135e-01   0.000000e+00   8.745944e+01    441s
   78048    5.6847958e-01   0.000000e+00   2.128730e+02    445s
   78398    5.6847636e-01   0.000000e+00   9.916993e+01    454s
   78568    5.6847385e-01   0.000000e+00   3.347021e+02    459s
   78748    5.6847234e-01   0.000000e+00   1.258055e+01    464s
   78908    5.6847041e-01   0.000000e+00   1.427902e+02    468s
   79078    5.6846902e-01   0.000000e+00   2.179791e+01    473s
   79238    5.6846748e-01   0.000000e+00   3.233062e+01    477s
   79398    5.6846633e-01   0.000000e+00   1.124944e+01    482s
   79558    5.6846529e-01   0.000000e+00   8.433648e+00    486s
   79718    5.6846440e-01   0.000000e+00   8.929445e+00    491s
   79888    5.6846311e-01   0.000000e+00   3.927362e+01    495s
   80058    5.6846154e-01   0.000000e+00   2.914002e+03    500s
   80388    5.6845939e-01   0.000000e+00   4.631683e+01    509s
   80558    5.6845771e-01   0.000000e+00   6.051273e+01    514s
   80718    5.6845661e-01   0.000000e+00   2.635689e+00    518s
   80888    5.6845506e-01   0.000000e+00   4.468107e+02    523s
   81068    5.6845336e-01   0.000000e+00   2.250248e+00    528s
   81238    5.6845144e-01   0.000000e+00   5.408409e+02    532s
   81398    5.6844962e-01   0.000000e+00   8.481639e+02    537s
   81558    5.6844703e-01   0.000000e+00   1.028416e+02    541s
   81718    5.6844475e-01   0.000000e+00   8.990461e+00    545s
   81878    5.6844348e-01   0.000000e+00   4.813877e+01    550s
   82208    5.6844086e-01   0.000000e+00   1.722537e+01    559s
   82368    5.6843900e-01   0.000000e+00   4.572600e+02    564s
   82538    5.6843753e-01   0.000000e+00   7.428290e+01    569s
   82708    5.6843538e-01   0.000000e+00   1.336468e+03    573s
   82868    5.6843395e-01   0.000000e+00   6.470878e+01    578s
   83028    5.6843228e-01   0.000000e+00   1.275480e+02    582s
   83188    5.6843004e-01   0.000000e+00   5.317316e+01    587s
   83348    5.6842854e-01   0.000000e+00   1.057960e+02    591s
   83508    5.6842721e-01   0.000000e+00   9.597250e-01    596s
   83668    5.6842603e-01   0.000000e+00   2.525265e+03    600s
   83988    5.6842316e-01   0.000000e+00   2.741128e+00    609s
   84148    5.6842205e-01   0.000000e+00   1.260784e+01    614s
   84308    5.6842132e-01   0.000000e+00   1.109990e+01    619s
   84468    5.6842002e-01   0.000000e+00   3.018899e+01    623s
   84628    5.6841837e-01   0.000000e+00   4.361641e+02    628s
   84788    5.6841711e-01   0.000000e+00   1.768539e+02    632s
   84948    5.6841596e-01   0.000000e+00   1.309081e+00    637s
   85108    5.6841452e-01   0.000000e+00   7.198810e+01    642s
   85268    5.6841322e-01   0.000000e+00   4.237641e+01    646s
   85438    5.6841191e-01   0.000000e+00   9.826696e+01    651s
   85608    5.6841103e-01   0.000000e+00   1.334899e+02    656s
   85768    5.6840963e-01   0.000000e+00   1.702406e+02    660s
   85938    5.6840816e-01   0.000000e+00   1.534515e+01    665s
   86268    5.6840409e-01   0.000000e+00   2.107065e+02    674s
   86428    5.6840290e-01   0.000000e+00   1.349090e+02    679s
   86588    5.6840226e-01   0.000000e+00   1.439154e+02    684s
   86748    5.6840093e-01   0.000000e+00   1.018245e+03    688s
   86908    5.6839916e-01   0.000000e+00   1.269645e+00    693s
   87068    5.6839714e-01   0.000000e+00   2.387878e+00    697s
   87228    5.6839620e-01   0.000000e+00   6.788248e+02    702s
   87388    5.6839501e-01   0.000000e+00   1.379549e+02    707s
   87548    5.6839406e-01   0.000000e+00   4.477417e+02    711s
   87708    5.6839302e-01   0.000000e+00   7.345070e-01    716s
   87868    5.6839130e-01   0.000000e+00   1.120280e+02    720s
   88188    5.6838752e-01   0.000000e+00   1.806834e+02    729s
   88368    5.6838598e-01   0.000000e+00   7.104885e+00    734s
   88528    5.6838512e-01   0.000000e+00   3.296466e+01    739s
   88698    5.6838415e-01   0.000000e+00   3.614591e+00    744s
   88858    5.6838334e-01   0.000000e+00   6.177277e+02    749s
   89028    5.6838213e-01   0.000000e+00   1.821787e+01    753s
   89188    5.6838112e-01   0.000000e+00   6.992070e+00    758s
   89348    5.6838029e-01   0.000000e+00   1.980300e+02    762s
   89508    5.6837966e-01   0.000000e+00   2.615908e+01    767s
   89668    5.6837916e-01   0.000000e+00   6.742554e+00    772s
   89828    5.6837778e-01   0.000000e+00   1.619184e+01    776s
   89988    5.6837658e-01   0.000000e+00   3.713955e+02    781s
   90148    5.6837594e-01   0.000000e+00   6.014100e+00    785s
   90468    5.6837434e-01   0.000000e+00   7.068753e+00    794s
   90628    5.6837331e-01   0.000000e+00   2.064364e+01    799s
   90788    5.6837241e-01   0.000000e+00   1.320312e+01    804s
   90948    5.6837139e-01   0.000000e+00   1.017178e+03    808s
   91108    5.6837025e-01   0.000000e+00   3.390105e+00    813s
   91268    5.6836879e-01   0.000000e+00   2.292302e+01    817s
   91428    5.6836797e-01   0.000000e+00   2.501444e-01    822s
   91588    5.6836679e-01   0.000000e+00   1.275591e+01    827s
   91748    5.6836572e-01   0.000000e+00   7.631429e+01    831s
   91908    5.6836454e-01   0.000000e+00   7.790579e+01    836s
   92068    5.6836372e-01   0.000000e+00   3.242514e+00    840s
   92228    5.6836137e-01   0.000000e+00   4.567403e+01    845s
   92558    5.6835925e-01   0.000000e+00   2.347805e+01    854s
   92718    5.6835856e-01   0.000000e+00   8.698193e-01    859s
   92878    5.6835802e-01   0.000000e+00   7.590289e+00    864s
   93038    5.6835743e-01   0.000000e+00   7.610776e+00    868s
   93198    5.6835688e-01   0.000000e+00   1.480388e+00    873s
   93358    5.6835599e-01   0.000000e+00   2.345553e+02    878s
   93518    5.6835514e-01   0.000000e+00   2.815836e-01    883s
   93688    5.6835415e-01   0.000000e+00   4.465636e+01    887s
   93858    5.6835202e-01   0.000000e+00   3.318043e+02    892s
   94018    5.6835098e-01   0.000000e+00   1.474474e+02    897s
   94178    5.6834932e-01   0.000000e+00   3.285001e+02    901s
   94338    5.6834820e-01   0.000000e+00   6.582311e-01    906s
   94498    5.6834770e-01   0.000000e+00   7.609193e+00    910s
   94658    5.6834722e-01   0.000000e+00   6.922427e+01    915s
   94988    5.6834599e-01   0.000000e+00   2.935516e+00    924s
   95148    5.6834539e-01   0.000000e+00   1.230759e+01    929s
   95308    5.6834498e-01   0.000000e+00   1.802359e+01    934s
   95468    5.6834434e-01   0.000000e+00   1.121433e+00    938s
   95628    5.6834374e-01   0.000000e+00   8.454901e+00    943s
   95788    5.6834321e-01   0.000000e+00   2.810764e+01    948s
   95948    5.6834277e-01   0.000000e+00   1.163892e+02    952s
   96108    5.6834156e-01   0.000000e+00   1.303277e+02    957s
   96278    5.6834073e-01   0.000000e+00   6.596284e+01    962s
   96438    5.6834034e-01   0.000000e+00   6.524865e+00    967s
   96598    5.6834007e-01   0.000000e+00   1.531983e-01    971s
   96758    5.6833941e-01   0.000000e+00   8.825070e+00    976s
   96918    5.6833903e-01   0.000000e+00   2.991465e+01    980s
   97238    5.6833777e-01   0.000000e+00   8.580387e+01    990s
   97398    5.6833698e-01   0.000000e+00   1.950450e+01    994s
   97558    5.6833603e-01   0.000000e+00   2.927351e+01    999s
   97718    5.6833551e-01   0.000000e+00   4.100783e+00   1004s
   97878    5.6833507e-01   0.000000e+00   2.782650e+00   1008s
   98038    5.6833474e-01   0.000000e+00   2.985228e-01   1013s
   98218    5.6833398e-01   0.000000e+00   9.203160e+02   1018s
   98378    5.6833348e-01   0.000000e+00   9.479759e+00   1022s
   98538    5.6833324e-01   0.000000e+00   3.600734e+01   1027s
   98698    5.6833286e-01   0.000000e+00   9.789152e+01   1031s
   98858    5.6833264e-01   0.000000e+00   1.929483e+02   1036s
   99018    5.6833218e-01   0.000000e+00   7.318107e+00   1041s
   99178    5.6833203e-01   0.000000e+00   8.775400e+00   1045s
   99498    5.6833148e-01   0.000000e+00   4.713381e+01   1055s
   99658    5.6833119e-01   0.000000e+00   2.499356e+02   1059s
   99818    5.6833096e-01   0.000000e+00   6.287120e+00   1064s
   99978    5.6833067e-01   0.000000e+00   9.054709e+00   1069s
  100148    5.6833015e-01   0.000000e+00   1.047827e+01   1073s
  100308    5.6832981e-01   0.000000e+00   4.013334e+00   1078s
  100468    5.6832961e-01   0.000000e+00   1.198700e+01   1083s
  100628    5.6832949e-01   0.000000e+00   4.778678e+01   1087s
  100788    5.6832935e-01   0.000000e+00   1.207272e+01   1092s
  100948    5.6832915e-01   0.000000e+00   5.518226e+00   1096s
  101108    5.6832902e-01   0.000000e+00   1.030488e+00   1101s
  101268    5.6832893e-01   0.000000e+00   7.743039e+01   1106s
  101428    5.6832879e-01   0.000000e+00   2.192906e-01   1110s
  101588    5.6832869e-01   0.000000e+00   2.179971e+00   1115s
  101908    5.6832810e-01   0.000000e+00   1.179468e+00   1124s
  102068    5.6832800e-01   0.000000e+00   1.242232e+00   1129s
  102228    5.6832787e-01   0.000000e+00   1.110996e+00   1134s
  102388    5.6832782e-01   0.000000e+00   4.292221e-02   1138s
  102548    5.6832778e-01   0.000000e+00   1.367189e+00   1143s
  102708    5.6832774e-01   0.000000e+00   7.024700e-01   1148s
  102868    5.6832769e-01   0.000000e+00   1.107568e+00   1152s
  103028    5.6832768e-01   0.000000e+00   1.281294e-06   1157s
  103158    5.6870153e-01   3.268027e+04   0.000000e+00   1161s
  103360    5.6870159e-01   1.843347e+05   0.000000e+00   1168s
  103461    5.6870386e-01   2.531191e+05   0.000000e+00   1171s
  103663    5.6870915e-01   2.505384e+06   0.000000e+00   1179s
  103764    5.6871293e-01   8.246472e+06   0.000000e+00   1183s
  103865    5.6871704e-01   4.374075e+06   0.000000e+00   1187s
  103966    5.6871874e-01   5.505032e+06   0.000000e+00   1191s
  104168    5.6872228e-01   2.685311e+06   0.000000e+00   1199s
  104269    5.6872474e-01   9.229880e+06   0.000000e+00   1202s
  104370    5.6872626e-01   3.881113e+06   0.000000e+00   1206s
  104572    5.6873062e-01   9.498121e+07   0.000000e+00   1214s
  104673    5.6873636e-01   2.577305e+07   0.000000e+00   1218s
  104774    5.6874130e-01   1.890312e+07   0.000000e+00   1222s
  104875    5.6874625e-01   1.112756e+07   0.000000e+00   1226s
  105077    5.6875330e-01   2.090823e+06   0.000000e+00   1234s
  105178    5.6875642e-01   1.042692e+07   0.000000e+00   1238s
  105279    5.6875972e-01   1.859404e+07   0.000000e+00   1242s
  105380    5.6876414e-01   1.079720e+07   0.000000e+00   1245s
  105582    5.6877068e-01   4.392085e+06   0.000000e+00   1253s
  105683    5.6877358e-01   3.877403e+06   0.000000e+00   1257s
  105784    5.6877713e-01   1.772480e+07   0.000000e+00   1261s
  105885    5.6878132e-01   1.348674e+07   0.000000e+00   1265s
  106087    5.6879165e-01   3.449726e+07   0.000000e+00   1274s
  106188    5.6879669e-01   1.459582e+08   0.000000e+00   1278s
  106289    5.6880475e-01   7.065708e+06   0.000000e+00   1282s
  106390    5.6881172e-01   6.091114e+06   0.000000e+00   1286s
  106592    5.6882383e-01   1.296317e+08   0.000000e+00   1293s
  106693    5.6883170e-01   8.140798e+07   0.000000e+00   1297s
  106794    5.6884396e-01   2.561083e+07   0.000000e+00   1301s
  106996    5.6886256e-01   2.269558e+07   0.000000e+00   1309s
  107097    5.6886909e-01   5.147780e+06   0.000000e+00   1313s
  107198    5.6887611e-01   2.889638e+07   0.000000e+00   1316s
  107299    5.6888383e-01   1.215446e+07   0.000000e+00   1320s
  107501    5.6889884e-01   2.411628e+07   0.000000e+00   1328s
  107602    5.6890835e-01   1.611168e+07   0.000000e+00   1331s
  107703    5.6891600e-01   3.836442e+07   0.000000e+00   1335s
  107905    5.6893384e-01   2.717652e+07   0.000000e+00   1343s
  108006    5.6894464e-01   9.384071e+06   0.000000e+00   1347s
  108107    5.6895301e-01   1.425968e+07   0.000000e+00   1351s
  108309    5.6896978e-01   4.753377e+07   0.000000e+00   1359s
  108410    5.6897665e-01   2.234776e+07   0.000000e+00   1362s
  108511    5.6898582e-01   2.062997e+07   0.000000e+00   1366s
  108612    5.6899603e-01   3.785892e+07   0.000000e+00   1370s
  108814    5.6902173e-01   4.416909e+07   0.000000e+00   1378s
  108915    5.6903510e-01   4.485959e+07   0.000000e+00   1382s
  109016    5.6905146e-01   3.099502e+08   0.000000e+00   1386s
  109218    5.6907955e-01   1.010974e+08   0.000000e+00   1394s
  109319    5.6909358e-01   1.683953e+07   0.000000e+00   1398s
  109420    5.6910686e-01   2.202508e+07   0.000000e+00   1402s
  109521    5.6912162e-01   5.188414e+07   0.000000e+00   1406s
  109723    5.6914876e-01   3.073227e+07   0.000000e+00   1414s
  109824    5.6915933e-01   5.766197e+07   0.000000e+00   1418s
  109925    5.6916866e-01   1.991966e+08   0.000000e+00   1422s
  110026    5.6917733e-01   1.871720e+08   0.000000e+00   1425s
  110228    5.6919583e-01   7.890284e+07   0.000000e+00   1433s
  110329    5.6920866e-01   2.460817e+07   0.000000e+00   1437s
  110430    5.6922659e-01   3.830568e+07   0.000000e+00   1441s
  110632    5.6925091e-01   8.299692e+07   0.000000e+00   1449s
  110733    5.6926083e-01   6.309766e+07   0.000000e+00   1453s
  110834    5.6927186e-01   4.669423e+07   0.000000e+00   1456s
  110935    5.6928361e-01   7.058042e+07   0.000000e+00   1460s
  111137    5.6931243e-01   1.717235e+08   0.000000e+00   1468s
  111238    5.6933162e-01   3.210301e+07   0.000000e+00   1472s
  111339    5.6934424e-01   1.260842e+08   0.000000e+00   1476s
  111541    5.6936547e-01   1.007356e+09   0.000000e+00   1483s
  111642    5.6937649e-01   5.630754e+07   0.000000e+00   1487s
  111743    5.6939066e-01   9.253458e+07   0.000000e+00   1491s
  111945    5.6941579e-01   9.597709e+07   0.000000e+00   1499s
  112046    5.6942928e-01   6.114545e+07   0.000000e+00   1502s
  112147    5.6943677e-01   5.945016e+07   0.000000e+00   1506s
  112248    5.6944563e-01   3.716272e+07   0.000000e+00   1510s
  112450    5.6947096e-01   5.320118e+07   0.000000e+00   1518s
  112551    5.6948239e-01   3.079865e+07   0.000000e+00   1522s
  112652    5.6949213e-01   9.045916e+07   0.000000e+00   1526s
  112753    5.6950451e-01   3.263698e+07   0.000000e+00   1530s
  112955    5.6954502e-01   1.522023e+08   0.000000e+00   1538s
  113056    5.6955912e-01   1.781177e+08   0.000000e+00   1542s
  113157    5.6957351e-01   1.319365e+08   0.000000e+00   1546s
  113258    5.6958757e-01   1.903995e+07   0.000000e+00   1550s
  113460    5.6961403e-01   2.252822e+07   0.000000e+00   1558s
  113561    5.6962971e-01   6.150214e+07   0.000000e+00   1562s
  113662    5.6964284e-01   1.842288e+07   0.000000e+00   1566s
  113864    5.6966369e-01   8.470043e+07   0.000000e+00   1574s
  113965    5.6967712e-01   6.607251e+06   0.000000e+00   1578s
  114066    5.6968854e-01   1.863259e+07   0.000000e+00   1582s
  114167    5.6969931e-01   2.213707e+07   0.000000e+00   1586s
  114369    5.6971961e-01   3.989084e+07   0.000000e+00   1594s
  114470    5.6972948e-01   1.504680e+07   0.000000e+00   1598s
  114571    5.6974548e-01   1.692605e+08   0.000000e+00   1602s
  114672    5.6975590e-01   9.975618e+07   0.000000e+00   1605s
  114874    5.6977935e-01   5.397939e+07   0.000000e+00   1613s
  114975    5.6979820e-01   6.322012e+07   0.000000e+00   1617s
  115076    5.6981259e-01   7.319241e+08   0.000000e+00   1621s
  115278    5.6983495e-01   2.408198e+07   0.000000e+00   1629s
  115379    5.6984583e-01   5.224191e+07   0.000000e+00   1633s
  115480    5.6986213e-01   5.693577e+07   0.000000e+00   1637s
  115581    5.6988757e-01   7.210573e+06   0.000000e+00   1641s
  115783    5.6991360e-01   6.093449e+07   0.000000e+00   1648s
  115884    5.6993455e-01   1.383308e+08   0.000000e+00   1652s
  115985    5.6995508e-01   3.769080e+07   0.000000e+00   1656s
  116187    5.6999201e-01   7.234124e+07   0.000000e+00   1664s
  116288    5.7000685e-01   9.095635e+07   0.000000e+00   1668s
  116389    5.7002354e-01   2.545103e+07   0.000000e+00   1671s
  116490    5.7003455e-01   1.751681e+07   0.000000e+00   1675s
  116692    5.7006697e-01   1.780195e+07   0.000000e+00   1683s
  116793    5.7007616e-01   3.983868e+07   0.000000e+00   1687s
  116894    5.7009123e-01   4.471409e+07   0.000000e+00   1690s
  117096    5.7012594e-01   2.586077e+07   0.000000e+00   1698s
  117197    5.7014651e-01   4.022313e+07   0.000000e+00   1702s
  117298    5.7016075e-01   3.945116e+07   0.000000e+00   1706s
  117500    5.7019913e-01   3.320361e+08   0.000000e+00   1714s
  117601    5.7021309e-01   1.753585e+08   0.000000e+00   1717s
  117702    5.7022841e-01   2.295233e+07   0.000000e+00   1721s
  117803    5.7023901e-01   3.178033e+07   0.000000e+00   1725s
  118005    5.7026939e-01   2.304381e+07   0.000000e+00   1733s
  118106    5.7028329e-01   1.902546e+08   0.000000e+00   1737s
  118207    5.7029652e-01   1.498612e+07   0.000000e+00   1741s
  118409    5.7032827e-01   5.511923e+07   0.000000e+00   1748s
  118510    5.7034865e-01   3.024914e+07   0.000000e+00   1752s
  118611    5.7036244e-01   2.421810e+07   0.000000e+00   1756s
  118813    5.7039258e-01   3.223167e+07   0.000000e+00   1764s
  118914    5.7040643e-01   6.793777e+06   0.000000e+00   1767s
  119015    5.7042323e-01   2.282379e+08   0.000000e+00   1771s
  119116    5.7043945e-01   2.083324e+07   0.000000e+00   1775s
  119318    5.7047381e-01   1.662237e+08   0.000000e+00   1783s
  119419    5.7048788e-01   5.487434e+07   0.000000e+00   1787s
  119520    5.7050015e-01   2.601948e+07   0.000000e+00   1790s
  119722    5.7052385e-01   6.413572e+07   0.000000e+00   1798s

Stopped in 119769 iterations and 1800.02 seconds (4098.26 work units)
Time limit reached

User-callback calls 120172, time in user-callback 28.91 sec
