
Gurobi 13.0.2 (win64) logging started Sun Oct  4 12:03:42 2026

Set parameter LogFile to value "docs/v42_m1_exact_dw_cg_root_pilot/logs/PRICE_0058_MESS02.log"
Gurobi Optimizer version 13.0.2 build v13.0.2rc1 (win64 - Windows 11+.0 (26200.2))

CPU model: 13th Gen Intel(R) Core(TM) i7-13620H, instruction set [SSE2|AVX|AVX2]
Thread count: 10 physical cores, 16 logical processors, using up to 1 threads

Non-default parameters:
TimeLimit  600
FeasibilityTol  1e-08
IntFeasTol  1e-08
MIPGap  0
MIPGapAbs  0
OptimalityTol  1e-08
Method  2
Crossover  2
DegenMoves  0
MIPFocus  3
NodeMethod  1
CutPasses  1
LogToConsole  0
Seed  20260929
Threads  1

Optimize a model with 51527 rows, 58895 columns and 314932 nonzeros (Min)
Model fingerprint: 0x8c23f1a9
Model has 790 linear objective coefficients and an objective constant of 4.6828161821518556e-04
Variable types: 6805 continuous, 52090 integer (52090 binary)
Coefficient statistics:
  Matrix range     [2e-01, 4e+02]
  Objective range  [8e-23, 2e-04]
  Bounds range     [1e+00, 1e+03]
  RHS range        [1e+00, 8e+02]

Loaded user MIP start with objective 5.42101e-20
MIP start from previous solve did not produce a new incumbent solution

Presolve removed 8946 rows and 2 columns
Presolve time: 0.50s
Presolved: 42581 rows, 58893 columns, 292568 nonzeros
Variable types: 6803 continuous, 52090 integer (52090 binary)
Root relaxation presolve removed 1 rows and 1 columns
Root relaxation presolved: 42580 rows, 58892 columns, 292566 nonzeros

Root barrier log...

Ordering time: 0.04s

Barrier statistics:
 AA' NZ     : 5.996e+05
 Factor NZ  : 1.096e+06 (roughly 50 MB of memory)
 Factor Ops : 7.451e+07 (less than 1 second per iteration)
 Threads    : 1

                  Objective                Residual
Iter       Primal          Dual         Primal    Dual     Compl     Time
   0  -4.05515868e-02 -3.44919640e+04  1.80e+04 3.02e-03  3.80e+00     1s
   1  -5.84989367e-02 -2.94185779e+04  2.54e+03 3.23e-03  5.75e-01     1s
   2   6.52546832e-02 -1.16621797e+04  4.07e+02 2.75e-04  1.20e-01     1s
   3  -1.61976642e-02 -2.60042440e+03  1.03e+02 3.18e-15  2.60e-02     1s
   4  -1.00690354e-01 -2.37741766e+03  6.64e+01 2.92e-15  2.13e-02     1s
   5  -1.57882191e-01 -2.15648589e+03  4.88e+01 2.81e-15  1.83e-02     1s
   6  -2.45943400e-01 -1.85595952e+03  3.12e+01 3.20e-15  1.50e-02     1s
   7  -3.05013588e-01 -1.61306030e+03  2.22e+01 2.88e-15  1.28e-02     1s
   8  -3.46809077e-01 -1.42588611e+03  1.74e+01 1.01e-14  1.13e-02     1s
   9  -3.75659446e-01 -1.25099927e+03  1.43e+01 1.12e-14  1.01e-02     1s
  10  -3.79756716e-01 -1.21860136e+03  1.31e+01 1.17e-14  9.60e-03     1s
  11  -2.81801636e-01 -1.03584566e+03  8.91e+00 1.02e-14  7.78e-03     1s
  12  -2.52479019e-01 -5.48840633e+02  5.62e+00 7.99e-15  4.29e-03     1s
  13  -9.07310809e-02 -1.61220576e+02  1.47e+00 6.37e-15  1.28e-03     1s
  14  -3.89463331e-02 -3.04522836e+01  2.74e-01 6.67e-15  2.27e-04     1s
  15  -3.89546213e-02 -4.10147664e+00  4.70e-03 4.37e-15  2.59e-05     1s
  16  -4.78794341e-02 -1.51343222e+00  1.17e-03 3.38e-15  9.29e-06     1s
  17  -5.25695052e-02 -9.08884973e-01  5.82e-04 3.62e-15  5.42e-06     1s
  18  -5.92485275e-02 -4.38428816e-01  1.16e-04 3.55e-15  2.40e-06     1s
  19  -6.24659017e-02 -3.07383611e-01  3.83e-05 3.77e-15  1.55e-06     1s
  20  -6.45053699e-02 -2.33585785e-01  1.87e-05 4.08e-15  1.07e-06     1s
  21  -6.75778271e-02 -1.69041519e-01  5.81e-06 3.68e-15  6.42e-07     1s
  22  -7.09858205e-02 -1.31267882e-01  9.47e-07 3.84e-15  3.82e-07     1s
  23  -7.25954007e-02 -1.07678887e-01  7.27e-08 3.43e-15  2.22e-07     1s
  24  -7.32164928e-02 -9.67471243e-02  4.14e-08 3.91e-15  1.49e-07     1s
  25  -7.43738749e-02 -9.02299035e-02  1.08e-08 3.93e-15  1.00e-07     1s
  26  -7.55777459e-02 -8.23740884e-02  6.19e-10 3.26e-15  4.30e-08     1s
  27  -7.60716959e-02 -8.00791851e-02  2.00e-10 3.43e-15  2.54e-08     1s
  28  -7.62885688e-02 -7.86995656e-02  1.29e-10 3.67e-15  1.53e-08     1s
  29  -7.65981017e-02 -7.75705569e-02  5.88e-11 3.31e-15  6.16e-09     2s
  30  -7.67290750e-02 -7.71408261e-02  3.47e-11 3.41e-15  2.61e-09     2s
  31  -7.67562911e-02 -7.69627170e-02  1.85e-11 3.62e-15  1.31e-09     2s
  32  -7.67642690e-02 -7.68714706e-02  1.93e-11 3.22e-15  6.79e-10     2s
  33  -7.67684324e-02 -7.68047439e-02  3.19e-11 3.09e-15  2.30e-10     2s
  34  -7.67695395e-02 -7.67715492e-02  7.67e-11 6.01e-14  1.27e-11     2s
  35  -7.67697577e-02 -7.67697597e-02  6.49e-12 8.74e-14  1.27e-14     2s

Barrier solved model in 35 iterations and 1.66 seconds (2.68 work units)
Optimal objective -7.67697577e-02

Crossover time: 0.42 seconds (0.74 work units)

Root relaxation: objective -7.676976e-02, 30897 iterations, 1.49 seconds (2.40 work units)

    Nodes    |    Current Node    |     Objective Bounds      |     Work
 Expl Unexpl |  Obj  Depth IntInf | Incumbent    BestBd   Gap | It/Node Time

     0     0   -0.07677    0  731    0.00000   -0.07677      -     -    2s
H    0     0                      -0.0767313   -0.07677  0.05%     -    2s

Explored 1 nodes (30897 simplex iterations) in 2.33 seconds (3.79 work units)
Thread count was 1 (of 16 available processors)

Solution count 2: -0.0767313 5.42101e-20 

Solve interrupted
Best objective -7.673133134749e-02, best bound -7.676975789519e-02, gap 0.0501%

User-callback calls 759, time in user-callback 0.03 sec
Set parameter Threads to value 1
Set parameter Method to value 2
Set parameter NodeMethod to value 1
Set parameter Crossover to value 2
Set parameter DegenMoves to value 0
Set parameter CutPasses to value 1
Set parameter MIPFocus to value 3
Set parameter MIPGap to value 0
Set parameter MIPGapAbs to value 0
Set parameter TimeLimit to value 600
Set parameter FeasibilityTol to value 1e-08
Set parameter OptimalityTol to value 1e-08
Set parameter IntFeasTol to value 1e-08
Set parameter Seed to value 20260929
