
Gurobi 13.0.2 (win64) logging started Sun Oct  4 12:02:08 2026

Set parameter LogFile to value "docs/v42_m1_exact_dw_cg_root_pilot/logs/PRICE_0002_MESS02.log"
Gurobi Optimizer version 13.0.2 build v13.0.2rc1 (win64 - Windows 11+.0 (26200.2))

CPU model: 13th Gen Intel(R) Core(TM) i7-13620H, instruction set [SSE2|AVX|AVX2]
Thread count: 10 physical cores, 16 logical processors, using up to 1 threads

Non-default parameters:
TimeLimit  600
FeasibilityTol  1e-08
IntFeasTol  1e-08
MIPGap  0
MIPGapAbs  0
OptimalityTol  1e-08
Method  2
Crossover  2
DegenMoves  0
MIPFocus  3
NodeMethod  1
CutPasses  1
LogToConsole  0
Seed  20260929
Threads  1

Optimize a model with 51527 rows, 58895 columns and 314932 nonzeros (Min)
Model fingerprint: 0x2d239d02
Model has 72 linear objective coefficients and an objective constant of 1.4791966331611617e-02
Variable types: 6805 continuous, 52090 integer (52090 binary)
Coefficient statistics:
  Matrix range     [2e-01, 4e+02]
  Objective range  [3e-05, 2e-04]
  Bounds range     [1e+00, 1e+03]
  RHS range        [1e+00, 8e+02]

Loaded user MIP start with objective 0

Presolve removed 8946 rows and 2 columns
Presolve time: 0.51s
Presolved: 42581 rows, 58893 columns, 292568 nonzeros
Variable types: 6803 continuous, 52090 integer (52090 binary)
Root relaxation presolve removed 1 rows and 1 columns
Root relaxation presolved: 42580 rows, 58892 columns, 292566 nonzeros

Root barrier log...

Ordering time: 0.04s

Barrier statistics:
 AA' NZ     : 5.996e+05
 Factor NZ  : 1.096e+06 (roughly 50 MB of memory)
 Factor Ops : 7.451e+07 (less than 1 second per iteration)
 Threads    : 1

                  Objective                Residual
Iter       Primal          Dual         Primal    Dual     Compl     Time
   0   5.65573622e-01 -3.44919211e+04  1.80e+04 3.10e-03  3.80e+00     1s
   1   3.67126671e-02 -2.94185585e+04  2.54e+03 3.23e-03  5.75e-01     1s
   2   9.50825533e-02 -1.16617516e+04  4.07e+02 2.75e-04  1.20e-01     1s
   3  -9.70507138e-03 -2.59978808e+03  1.03e+02 1.40e-15  2.60e-02     1s
   4  -1.08052346e-01 -2.37693898e+03  6.63e+01 1.48e-15  2.13e-02     1s
   5  -1.75557527e-01 -2.15626236e+03  4.88e+01 1.50e-15  1.83e-02     2s
   6  -2.81539985e-01 -1.85551395e+03  3.12e+01 1.49e-15  1.50e-02     3s
   7  -3.53600065e-01 -1.61280241e+03  2.22e+01 1.57e-15  1.28e-02     3s
   8  -4.05477661e-01 -1.42559208e+03  1.74e+01 2.72e-15  1.13e-02     3s
   9  -4.41526033e-01 -1.25063737e+03  1.43e+01 2.74e-15  1.01e-02     3s
  10  -4.46942352e-01 -1.21828029e+03  1.31e+01 2.97e-15  9.59e-03     3s
  11  -3.20191742e-01 -1.03808656e+03  8.81e+00 3.06e-15  7.78e-03     3s
  12  -2.79989352e-01 -5.48383250e+02  5.50e+00 2.18e-15  4.27e-03     3s
  13  -8.86555639e-02 -1.67417030e+02  1.41e+00 3.53e-15  1.31e-03     3s
  14  -3.09062470e-02 -3.12712125e+01  2.64e-01 2.33e-15  2.31e-04     3s
  15  -3.17514761e-02 -3.92974214e+00  2.48e-04 2.93e-15  2.47e-05     3s
  16  -4.29674796e-02 -4.80270672e-01  7.62e-05 1.69e-15  2.77e-06     3s
  17  -5.14189712e-02 -2.67497829e-01  2.84e-07 1.72e-15  1.37e-06     3s
  18  -5.18076486e-02 -1.69257461e-01  4.07e-08 2.00e-15  7.44e-07     4s
  19  -5.21609726e-02 -1.12668812e-01  1.44e-09 1.58e-15  3.83e-07     4s
  20  -5.23900506e-02 -8.24299723e-02  3.11e-10 1.82e-15  1.90e-07     4s
  21  -5.25619181e-02 -6.94247356e-02  1.05e-10 1.87e-15  1.07e-07     4s
  22  -5.26584873e-02 -6.19230023e-02  5.66e-11 1.76e-15  5.86e-08     4s
  23  -5.27407200e-02 -5.74943923e-02  1.66e-11 1.75e-15  3.01e-08     4s
  24  -5.27714518e-02 -5.58552303e-02  1.26e-11 1.87e-15  1.95e-08     4s
  25  -5.28175355e-02 -5.42254185e-02  4.95e-11 1.63e-15  8.91e-09     4s
  26  -5.28344490e-02 -5.29692901e-02  1.91e-11 1.57e-15  8.53e-10     4s
  27  -5.28382907e-02 -5.28384281e-02  1.09e-11 7.78e-14  8.70e-13     4s
  28  -5.28382962e-02 -5.28382962e-02  5.19e-12 1.68e-15  2.23e-17     4s

Barrier solved model in 28 iterations and 3.74 seconds (2.36 work units)
Optimal objective -5.28382962e-02

Crossover time: 0.80 seconds (1.18 work units)

Root relaxation: objective -5.283830e-02, 51961 iterations, 3.96 seconds (2.57 work units)

    Nodes    |    Current Node    |     Objective Bounds      |     Work
 Expl Unexpl |  Obj  Depth IntInf | Incumbent    BestBd   Gap | It/Node Time

     0     0   -0.05284    0 2604    0.00000   -0.05284      -     -    4s
H    0     0                      -0.0528383   -0.05284  0.00%     -    4s
     0     0   -0.05284    0 2604   -0.05284   -0.05284  0.00%     -    4s

Explored 1 nodes (51961 simplex iterations) in 4.85 seconds (3.89 work units)
Thread count was 1 (of 16 available processors)

Solution count 2: -0.0528383 0 

Optimal solution found (tolerance 0.00e+00)
Best objective -5.283829622152e-02, best bound -5.283829622152e-02, gap 0.0000%

User-callback calls 907, time in user-callback 2.22 sec
Set parameter Threads to value 1
Set parameter Method to value 2
Set parameter NodeMethod to value 1
Set parameter Crossover to value 2
Set parameter DegenMoves to value 0
Set parameter CutPasses to value 1
Set parameter MIPFocus to value 3
Set parameter MIPGap to value 0
Set parameter MIPGapAbs to value 0
Set parameter TimeLimit to value 600
Set parameter FeasibilityTol to value 1e-08
Set parameter OptimalityTol to value 1e-08
Set parameter IntFeasTol to value 1e-08
Set parameter Seed to value 20260929
