
Gurobi 13.0.2 (win64) logging started Sun Oct  4 12:04:43 2026

Set parameter LogFile to value "docs/v42_m1_exact_dw_cg_root_pilot/logs/RMP_0024.log"
Gurobi Optimizer version 13.0.2 build v13.0.2rc1 (win64 - Windows 11+.0 (26200.2))

CPU model: 13th Gen Intel(R) Core(TM) i7-13620H, instruction set [SSE2|AVX|AVX2]
Thread count: 10 physical cores, 16 logical processors, using up to 1 threads

Non-default parameters:
TimeLimit  300
FeasibilityTol  1e-08
OptimalityTol  1e-08
Method  2
BarConvTol  1e-11
Crossover  1
PreDual  0
LogToConsole  0
Seed  20260929
Threads  1

Optimize a model with 679959 rows, 81313 columns and 7164634 nonzeros (Min)
Model has 1 linear objective coefficients
Coefficient statistics:
  Matrix range     [1e-13, 4e+02]
  Objective range  [1e+00, 1e+00]
  Bounds range     [1e+00, 1e+00]
  RHS range        [2e-24, 2e+03]
Warning: Model contains large matrix coefficient range
         Consider reformulating model or setting NumericFocus parameter
         to avoid numerical issues.

LP warm-start: discard basis
Presolve time: 0.85s
Presolved: 36100 rows, 8198 columns, 278205 nonzeros

Ordering time: 0.02s

Barrier statistics:
 Dense cols : 368
 AA' NZ     : 3.752e+05
 Factor NZ  : 5.763e+05 (roughly 23 MB of memory)
 Factor Ops : 2.340e+07 (less than 1 second per iteration)
 Threads    : 1

                  Objective                Residual
Iter       Primal          Dual         Primal    Dual     Compl     Time
   0   2.19224309e+03 -1.26419440e+04  5.80e+04 1.37e-06  2.19e+02     1s
   1   2.19215186e+03 -1.88418026e+04  5.54e+04 3.67e+01  2.06e+02     1s
   2   2.19872608e+03 -3.67254489e+04  5.13e+04 4.55e+01  1.82e+02     1s
   3   2.19877938e+03 -5.98631761e+04  4.52e+04 8.37e+01  1.56e+02     1s
   4   2.19859776e+03 -5.91019904e+04  4.16e+04 7.03e+01  1.48e+02     1s
   5   2.19858960e+03 -6.09454740e+04  4.15e+04 8.25e+01  1.47e+02     1s
   6   2.19906577e+03 -5.39756525e+04  4.04e+04 4.81e+01  1.42e+02     1s
   7   2.19895825e+03 -5.63101543e+04  3.83e+04 5.08e+01  1.37e+02     1s
   8   2.19895494e+03 -5.61297450e+04  3.83e+04 5.14e+01  1.37e+02     1s
   9   2.19894924e+03 -5.59768467e+04  3.83e+04 5.20e+01  1.37e+02     1s
  10   2.19896704e+03 -5.63515130e+04  3.83e+04 5.07e+01  1.37e+02     1s
  11   2.19896321e+03 -5.61586966e+04  3.82e+04 5.15e+01  1.37e+02     1s
  12   2.19897880e+03 -5.63865741e+04  3.82e+04 5.00e+01  1.32e+02     1s
  13   2.19897894e+03 -5.62817033e+04  3.82e+04 5.11e+01  1.31e+02     1s
  14   2.19899280e+03 -5.64718018e+04  3.82e+04 5.00e+01  1.31e+02     1s
  15   2.19899283e+03 -5.63750954e+04  3.82e+04 5.11e+01  1.30e+02     1s
  16   2.19900679e+03 -5.65343835e+04  3.82e+04 5.02e+01  1.30e+02     1s
  17   2.19900513e+03 -5.64281908e+04  3.82e+04 5.11e+01  1.29e+02     1s
  18   2.19901354e+03 -5.65630260e+04  3.81e+04 5.03e+01  1.29e+02     1s
  19   2.19901308e+03 -5.64638358e+04  3.81e+04 5.13e+01  1.29e+02     1s
  20   2.19902096e+03 -5.65879519e+04  3.81e+04 5.05e+01  1.28e+02     1s
  21   2.19901983e+03 -5.64949942e+04  3.81e+04 5.13e+01  1.28e+02     1s

Barrier performed 21 iterations in 1.37 seconds (2.65 work units)
Numerical trouble encountered

Model may be infeasible or unbounded.  Consider using the
homogeneous algorithm (through parameter 'BarHomogeneous')

Iteration    Objective       Primal Inf.    Dual Inf.      Time
       0    1.0000000e+00   7.601706e+04   4.018952e+09      2s
Crossover changed status from Numeric to Optimal
    1759    6.5873057e-01   0.000000e+00   0.000000e+00      3s

Solved in 1759 iterations and 2.66 seconds (4.79 work units)
Optimal objective  6.587305733e-01
Set parameter Threads to value 1
Set parameter Method to value 2
Set parameter Crossover to value 1
Set parameter TimeLimit to value 300
Set parameter FeasibilityTol to value 1e-08
Set parameter OptimalityTol to value 1e-08
Set parameter BarConvTol to value 1e-11
Set parameter PreDual to value 0
Set parameter Seed to value 20260929
