
Gurobi 13.0.2 (win64) logging started Sun Oct  4 12:07:06 2026

Set parameter LogFile to value "docs/v42_m1_exact_dw_cg_root_pilot/logs/RMP_0043.log"
Gurobi Optimizer version 13.0.2 build v13.0.2rc1 (win64 - Windows 11+.0 (26200.2))

CPU model: 13th Gen Intel(R) Core(TM) i7-13620H, instruction set [SSE2|AVX|AVX2]
Thread count: 10 physical cores, 16 logical processors, using up to 1 threads

Non-default parameters:
TimeLimit  300
FeasibilityTol  1e-08
OptimalityTol  1e-08
Method  2
BarConvTol  1e-11
Crossover  1
PreDual  0
LogToConsole  0
Seed  20260929
Threads  1

Optimize a model with 679959 rows, 81389 columns and 7166537 nonzeros (Min)
Model has 1 linear objective coefficients
Coefficient statistics:
  Matrix range     [1e-13, 4e+02]
  Objective range  [1e+00, 1e+00]
  Bounds range     [1e+00, 1e+00]
  RHS range        [2e-24, 2e+03]
Warning: Model contains large matrix coefficient range
         Consider reformulating model or setting NumericFocus parameter
         to avoid numerical issues.

LP warm-start: discard basis
Presolve time: 0.95s
Presolved: 49503 rows, 12431 columns, 391168 nonzeros

Ordering time: 0.04s

Barrier statistics:
 Dense cols : 525
 AA' NZ     : 5.130e+05
 Factor NZ  : 8.024e+05 (roughly 30 MB of memory)
 Factor Ops : 4.334e+07 (less than 1 second per iteration)
 Threads    : 1

                  Objective                Residual
Iter       Primal          Dual         Primal    Dual     Compl     Time
   0   1.79474874e+03 -2.09193228e+04  8.38e+04 1.28e-06  1.79e+02     1s
   1   1.79475745e+03 -2.16096347e+04  8.37e+04 5.28e+00  1.79e+02     1s
   2   1.79478131e+03 -2.21298180e+04  8.36e+04 6.56e+00  1.79e+02     1s
   3   1.79477649e+03 -2.08188238e+04  8.33e+04 4.01e+00  1.78e+02     1s
   4   1.79491851e+03 -2.68274344e+04  8.24e+04 1.46e+01  1.77e+02     1s
   5   1.79490370e+03 -2.82856974e+04  8.19e+04 1.72e+01  1.75e+02     1s
   6   1.79501349e+03 -2.95650754e+04  7.81e+04 1.75e+01  1.70e+02     1s
   7   1.79650768e+03 -3.77133059e+04  7.25e+04 3.61e+01  1.58e+02     1s
   8   1.79651964e+03 -3.83187383e+04  7.25e+04 4.15e+01  1.58e+02     1s
   9   1.79651896e+03 -3.81901805e+04  7.25e+04 4.06e+01  1.58e+02     1s
  10   1.79653190e+03 -3.93209928e+04  7.25e+04 4.71e+01  1.58e+02     1s
  11   1.80258543e+03 -3.96457446e+04  7.01e+04 4.31e+01  1.54e+02     1s
  12   1.80258906e+03 -3.97896960e+04  7.01e+04 4.47e+01  1.51e+02     1s
  13   1.80259719e+03 -3.96257283e+04  7.01e+04 4.33e+01  1.51e+02     2s
  14   1.80260138e+03 -4.00573893e+04  7.01e+04 4.58e+01  1.51e+02     2s
  15   1.80262035e+03 -3.99218209e+04  7.00e+04 4.44e+01  1.48e+02     2s
  16   1.80261825e+03 -3.97324715e+04  7.00e+04 4.28e+01  1.47e+02     2s
  17   1.80262203e+03 -3.98327910e+04  7.00e+04 4.45e+01  1.47e+02     2s
  18   1.80262033e+03 -3.96693943e+04  6.99e+04 4.31e+01  1.47e+02     2s
  19   1.80262966e+03 -4.08345510e+04  6.99e+04 5.45e+01  1.45e+02     2s
  20   1.80282825e+03 -4.09568834e+04  6.89e+04 5.31e+01  1.42e+02     2s
  21   1.80282078e+03 -4.04159839e+04  6.87e+04 4.57e+01  1.42e+02     2s
  22   1.80297126e+03 -4.28901505e+04  6.80e+04 5.34e+01  1.40e+02     2s
  23   1.80298134e+03 -4.32502692e+04  6.79e+04 4.97e+01  1.38e+02     2s
  24   1.80300674e+03 -4.47827064e+04  6.78e+04 5.87e+01  1.38e+02     2s
  25   1.80303611e+03 -4.44142330e+04  6.77e+04 5.59e+01  1.38e+02     2s
  26   1.80304954e+03 -4.50024488e+04  6.76e+04 6.02e+01  1.36e+02     2s
  27   1.80305058e+03 -4.49359636e+04  6.76e+04 5.94e+01  1.35e+02     2s

Barrier performed 27 iterations in 1.92 seconds (3.57 work units)
Numerical trouble encountered

Model may be infeasible or unbounded.  Consider using the
homogeneous algorithm (through parameter 'BarHomogeneous')

Iteration    Objective       Primal Inf.    Dual Inf.      Time
       0    1.0000000e+00   1.089999e+05   5.474989e+09      2s
Crossover changed status from Numeric to Optimal
    3295    6.3658454e-01   0.000000e+00   0.000000e+00      3s

Solved in 3295 iterations and 3.35 seconds (6.54 work units)
Optimal objective  6.365845394e-01
Set parameter Threads to value 1
Set parameter Method to value 2
Set parameter Crossover to value 1
Set parameter TimeLimit to value 300
Set parameter FeasibilityTol to value 1e-08
Set parameter OptimalityTol to value 1e-08
Set parameter BarConvTol to value 1e-11
Set parameter PreDual to value 0
Set parameter Seed to value 20260929
