
Gurobi 13.0.2 (win64) logging started Sun Oct  4 12:08:15 2026

Set parameter LogFile to value "docs/v42_m1_exact_dw_cg_root_pilot/logs/RMP_0052.log"
Gurobi Optimizer version 13.0.2 build v13.0.2rc1 (win64 - Windows 11+.0 (26200.2))

CPU model: 13th Gen Intel(R) Core(TM) i7-13620H, instruction set [SSE2|AVX|AVX2]
Thread count: 10 physical cores, 16 logical processors, using up to 1 threads

Non-default parameters:
TimeLimit  300
FeasibilityTol  1e-08
OptimalityTol  1e-08
Method  2
BarConvTol  1e-11
Crossover  1
PreDual  0
LogToConsole  0
Seed  20260929
Threads  1

Optimize a model with 679959 rows, 81425 columns and 7167701 nonzeros (Min)
Model has 1 linear objective coefficients
Coefficient statistics:
  Matrix range     [1e-13, 4e+02]
  Objective range  [1e+00, 1e+00]
  Bounds range     [1e+00, 1e+00]
  RHS range        [2e-24, 2e+03]
Warning: Model contains large matrix coefficient range
         Consider reformulating model or setting NumericFocus parameter
         to avoid numerical issues.

LP warm-start: discard basis
Presolve time: 1.00s
Presolved: 57993 rows, 15188 columns, 466282 nonzeros

Ordering time: 0.05s

Barrier statistics:
 Dense cols : 624
 AA' NZ     : 6.001e+05
 Factor NZ  : 9.638e+05 (roughly 40 MB of memory)
 Factor Ops : 6.568e+07 (less than 1 second per iteration)
 Threads    : 1

                  Objective                Residual
Iter       Primal          Dual         Primal    Dual     Compl     Time
   0   1.94723827e+03 -2.76635314e+04  1.02e+05 7.72e-07  1.95e+02     1s
   1   1.94722298e+03 -3.14735868e+04  1.00e+05 1.83e+01  1.91e+02     1s
   2   1.94726380e+03 -3.62640745e+04  9.89e+04 2.89e+01  1.87e+02     1s
   3   1.94725311e+03 -3.55511485e+04  9.89e+04 2.48e+01  1.87e+02     1s
   4   1.94728973e+03 -3.64712138e+04  9.87e+04 2.90e+01  1.87e+02     1s
   5   1.94728995e+03 -3.63639873e+04  9.87e+04 2.83e+01  1.87e+02     1s
   6   1.94729279e+03 -3.65691579e+04  9.87e+04 2.93e+01  1.87e+02     1s
   7   1.94768922e+03 -3.56500611e+04  9.64e+04 2.56e+01  1.84e+02     1s
   8   1.94768070e+03 -3.55676704e+04  9.59e+04 2.51e+01  1.84e+02     1s
   9   1.94765566e+03 -3.50098448e+04  9.59e+04 2.18e+01  1.84e+02     2s
  10   1.94767933e+03 -3.49072153e+04  9.58e+04 2.22e+01  1.83e+02     2s
  11   1.94769766e+03 -3.45937212e+04  9.58e+04 2.18e+01  1.83e+02     2s
  12   1.94768032e+03 -3.49335513e+04  9.58e+04 2.10e+01  1.81e+02     2s
  13   1.94770565e+03 -3.42434987e+04  9.57e+04 2.08e+01  1.80e+02     2s
  14   1.94788201e+03 -3.70401460e+04  9.48e+04 2.35e+01  1.78e+02     2s
  15   1.94791038e+03 -3.88886670e+04  9.48e+04 2.68e+01  1.77e+02     2s
  16   1.94790635e+03 -3.69797804e+04  9.48e+04 2.44e+01  1.77e+02     2s
  17   1.94789734e+03 -3.58620294e+04  9.48e+04 2.30e+01  1.76e+02     2s
  18   1.94792024e+03 -3.77037412e+04  9.47e+04 2.32e+01  1.75e+02     2s
  19   1.94810398e+03 -3.80764473e+04  9.37e+04 2.31e+01  1.73e+02     2s
  20   1.94805181e+03 -4.22195320e+04  8.77e+04 3.50e+01  1.63e+02     2s
  21   1.94805287e+03 -4.23413137e+04  8.77e+04 3.53e+01  1.62e+02     2s
  22   1.94819723e+03 -4.22804499e+04  8.68e+04 3.60e+01  1.61e+02     2s
  23   1.94883929e+03 -4.37940348e+04  8.34e+04 4.08e+01  1.55e+02     2s
  24   1.94884669e+03 -4.44552533e+04  8.33e+04 4.10e+01  1.53e+02     2s
  25   1.94883792e+03 -4.42091858e+04  8.33e+04 4.10e+01  1.53e+02     2s
  26   1.94884878e+03 -4.47163103e+04  8.33e+04 4.13e+01  1.53e+02     2s
  27   1.94884481e+03 -4.38842510e+04  8.32e+04 4.38e+01  1.52e+02     2s
  28   1.94907837e+03 -4.85363587e+04  8.21e+04 7.13e+01  1.48e+02     2s
  29   1.94910531e+03 -5.12005122e+04  8.17e+04 8.12e+01  1.46e+02     2s
  30   1.94909682e+03 -5.07073348e+04  8.17e+04 7.86e+01  1.46e+02     2s
  31   1.94911916e+03 -5.30986376e+04  8.17e+04 9.01e+01  1.46e+02     2s

Barrier performed 31 iterations in 2.29 seconds (4.19 work units)
Numerical trouble encountered

Model may be infeasible or unbounded.  Consider using the
homogeneous algorithm (through parameter 'BarHomogeneous')

Iteration    Objective       Primal Inf.    Dual Inf.      Time
       0    1.0000000e+00   1.442653e+05   7.375670e+09      3s
Crossover changed status from Numeric to Optimal

Extra simplex iterations after uncrush: 1
    4362    6.2523431e-01   0.000000e+00   0.000000e+00      4s

Solved in 4362 iterations and 4.15 seconds (8.44 work units)
Optimal objective  6.252343117e-01
Set parameter Threads to value 1
Set parameter Method to value 2
Set parameter Crossover to value 1
Set parameter TimeLimit to value 300
Set parameter FeasibilityTol to value 1e-08
Set parameter OptimalityTol to value 1e-08
Set parameter BarConvTol to value 1e-11
Set parameter PreDual to value 0
Set parameter Seed to value 20260929
