
Gurobi 13.0.2 (win64) logging started Sun Oct  4 12:24:45 2026

Set parameter LogFile to value "docs/v42_m1_exact_dw_cg_root_pilot/logs/RMP_0149.log"
Gurobi Optimizer version 13.0.2 build v13.0.2rc1 (win64 - Windows 11+.0 (26200.2))

CPU model: 13th Gen Intel(R) Core(TM) i7-13620H, instruction set [SSE2|AVX|AVX2]
Thread count: 10 physical cores, 16 logical processors, using up to 1 threads

Non-default parameters:
TimeLimit  300
FeasibilityTol  1e-08
OptimalityTol  1e-08
Method  2
BarConvTol  1e-11
Crossover  1
PreDual  0
LogToConsole  0
Seed  20260929
Threads  1

Optimize a model with 679959 rows, 81813 columns and 7185332 nonzeros (Min)
Model has 1 linear objective coefficients
Coefficient statistics:
  Matrix range     [1e-13, 4e+02]
  Objective range  [1e+00, 1e+00]
  Bounds range     [1e+00, 1e+00]
  RHS range        [2e-24, 2e+03]
Warning: Model contains large matrix coefficient range
         Consider reformulating model or setting NumericFocus parameter
         to avoid numerical issues.

LP warm-start: discard basis
Presolve time: 1.08s
Presolved: 83656 rows, 24577 columns, 709634 nonzeros

Ordering time: 0.07s

Barrier statistics:
 Dense cols : 856
 AA' NZ     : 9.039e+05
 Factor NZ  : 1.520e+06 (roughly 60 MB of memory)
 Factor Ops : 1.966e+08 (less than 1 second per iteration)
 Threads    : 1

                  Objective                Residual
Iter       Primal          Dual         Primal    Dual     Compl     Time
   0   9.74132908e+01 -6.25295994e+04  8.75e+05 0.00e+00  1.25e+03     1s
   1   9.74056841e+01 -6.24859740e+04  8.75e+05 1.43e+01  1.24e+03     1s
   2   9.98947819e+01 -7.99600455e+04  8.52e+05 4.29e+01  1.20e+03     2s
   3   1.02736777e+02 -8.69685072e+04  8.24e+05 3.52e+01  1.17e+03     2s
   4   1.03067245e+02 -9.07424261e+04  8.20e+05 3.30e+01  1.17e+03     2s
   5   1.03075444e+02 -9.11687564e+04  8.20e+05 5.09e+01  1.17e+03     2s
   6   1.04770635e+02 -9.28153408e+04  8.04e+05 5.29e+01  1.15e+03     2s
   7   1.06320391e+02 -9.57633431e+04  7.89e+05 5.34e+01  1.13e+03     2s
   8   1.07052311e+02 -9.69355766e+04  7.82e+05 5.42e+01  1.13e+03     2s
   9   1.17437929e+02 -9.63127285e+04  7.07e+05 8.83e+01  1.02e+03     2s
  10   1.20233119e+02 -1.23101600e+05  6.80e+05 8.76e+01  9.77e+02     2s
  11   1.20735149e+02 -1.21799115e+05  6.75e+05 8.72e+01  9.73e+02     2s
  12   1.24779165e+02 -1.25649634e+05  6.38e+05 9.34e+01  9.05e+02     2s
  13   1.27223003e+02 -1.29979413e+05  6.14e+05 9.36e+01  8.53e+02     2s
  14   1.30095141e+02 -1.41662364e+05  5.87e+05 9.46e+01  8.23e+02     2s
  15   1.30071461e+02 -1.41613206e+05  5.86e+05 9.46e+01  8.23e+02     2s
  16   1.21291852e+02 -1.46624637e+05  5.83e+05 9.48e+01  7.99e+02     2s
  17   1.21571396e+02 -1.46528228e+05  5.79e+05 9.54e+01  7.83e+02     2s
  18   1.21564452e+02 -1.46360470e+05  5.78e+05 9.53e+01  7.82e+02     2s
  19   1.21960972e+02 -1.48813776e+05  5.63e+05 9.30e+01  7.53e+02     2s
  20   1.21953336e+02 -1.48757016e+05  5.63e+05 9.30e+01  7.48e+02     2s
  21   1.21947954e+02 -1.48680751e+05  5.63e+05 9.30e+01  7.48e+02     2s
  22   1.21919909e+02 -1.48981904e+05  5.62e+05 9.28e+01  7.46e+02     3s
  23   1.21834970e+02 -1.48362246e+05  5.62e+05 9.30e+01  7.44e+02     3s
  24   1.21735394e+02 -1.48636645e+05  5.61e+05 9.25e+01  7.42e+02     3s

Barrier performed 24 iterations in 2.60 seconds (5.13 work units)
Numerical trouble encountered

Model may be infeasible or unbounded.  Consider using the
homogeneous algorithm (through parameter 'BarHomogeneous')

Iteration    Objective       Primal Inf.    Dual Inf.      Time
       0    1.0000000e+00   2.671636e+05   1.735038e+10      3s
   10383    6.1753477e-01   0.000000e+00   2.795931e-01      5s
Crossover changed status from Numeric to Optimal
   11380    6.0056824e-01   0.000000e+00   0.000000e+00      7s

Solved in 11380 iterations and 6.62 seconds (17.48 work units)
Optimal objective  6.005682429e-01
Set parameter Threads to value 1
Set parameter Method to value 2
Set parameter Crossover to value 1
Set parameter TimeLimit to value 300
Set parameter FeasibilityTol to value 1e-08
Set parameter OptimalityTol to value 1e-08
Set parameter BarConvTol to value 1e-11
Set parameter PreDual to value 0
Set parameter Seed to value 20260929
