
Gurobi 13.0.2 (win64) logging started Sun Oct  4 12:05:03 2026

Set parameter LogFile to value "docs/v42_m1_exact_dw_cg_root_pilot/logs/RMP_0027.log"
Gurobi Optimizer version 13.0.2 build v13.0.2rc1 (win64 - Windows 11+.0 (26200.2))

CPU model: 13th Gen Intel(R) Core(TM) i7-13620H, instruction set [SSE2|AVX|AVX2]
Thread count: 10 physical cores, 16 logical processors, using up to 1 threads

Non-default parameters:
TimeLimit  300
FeasibilityTol  1e-08
OptimalityTol  1e-08
Method  2
BarConvTol  1e-11
Crossover  1
PreDual  0
LogToConsole  0
Seed  20260929
Threads  1

Optimize a model with 679959 rows, 81325 columns and 7164913 nonzeros (Min)
Model has 1 linear objective coefficients
Coefficient statistics:
  Matrix range     [1e-13, 4e+02]
  Objective range  [1e+00, 1e+00]
  Bounds range     [1e+00, 1e+00]
  RHS range        [2e-24, 2e+03]
Warning: Model contains large matrix coefficient range
         Consider reformulating model or setting NumericFocus parameter
         to avoid numerical issues.

LP warm-start: discard basis
Presolve time: 1.00s
Presolved: 36518 rows, 8374 columns, 281957 nonzeros

Ordering time: 0.02s

Barrier statistics:
 Dense cols : 372
 AA' NZ     : 3.800e+05
 Factor NZ  : 5.844e+05 (roughly 24 MB of memory)
 Factor Ops : 2.428e+07 (less than 1 second per iteration)
 Threads    : 1

                  Objective                Residual
Iter       Primal          Dual         Primal    Dual     Compl     Time
   0   1.85094304e+03 -1.31815717e+04  5.27e+04 1.60e-06  1.85e+02     1s
   1   1.85082262e+03 -1.61936298e+04  4.97e+04 2.38e+01  1.75e+02     1s
   2   1.85080645e+03 -1.62551441e+04  4.97e+04 2.51e+01  1.75e+02     1s
   3   1.85084329e+03 -1.65338648e+04  4.96e+04 2.27e+01  1.74e+02     1s
   4   1.85084554e+03 -1.64983933e+04  4.96e+04 2.19e+01  1.74e+02     1s
   5   1.85095248e+03 -1.56431201e+04  4.95e+04 1.00e+01  1.75e+02     1s
   6   1.85161286e+03 -1.60047828e+04  4.73e+04 1.03e+01  1.71e+02     1s
   7   1.85162533e+03 -1.84898707e+04  4.72e+04 9.83e+00  1.68e+02     1s
   8   1.85161166e+03 -1.76851524e+04  4.72e+04 1.04e+01  1.68e+02     1s
   9   1.85166406e+03 -1.92432503e+04  4.70e+04 9.37e+00  1.67e+02     1s
  10   1.85164976e+03 -1.90930897e+04  4.70e+04 9.67e+00  1.67e+02     1s
  11   1.85167799e+03 -1.94889244e+04  4.70e+04 1.12e+01  1.67e+02     1s
  12   1.85169668e+03 -1.99051962e+04  4.69e+04 1.43e+01  1.64e+02     1s
  13   1.85169853e+03 -1.99935061e+04  4.69e+04 1.51e+01  1.62e+02     1s
  14   1.85171062e+03 -1.98626570e+04  4.67e+04 1.36e+01  1.61e+02     1s
  15   1.85228972e+03 -2.36394592e+04  4.51e+04 3.02e+01  1.56e+02     1s
  16   1.85217833e+03 -2.28866716e+04  4.49e+04 1.53e+01  1.52e+02     1s
  17   1.85227235e+03 -2.30141092e+04  4.47e+04 1.68e+01  1.52e+02     1s
  18   1.85251485e+03 -2.47048286e+04  4.40e+04 2.78e+01  1.50e+02     1s
  19   1.85252429e+03 -2.48535853e+04  4.40e+04 2.99e+01  1.46e+02     1s
  20   1.85257668e+03 -2.50213497e+04  4.39e+04 3.17e+01  1.46e+02     1s
  21   1.85257616e+03 -2.50069455e+04  4.38e+04 3.11e+01  1.46e+02     2s
  22   1.85257396e+03 -2.49585603e+04  4.38e+04 3.04e+01  1.43e+02     2s
  23   1.85257052e+03 -2.48685938e+04  4.38e+04 2.91e+01  1.41e+02     2s
  24   1.85258358e+03 -2.49913996e+04  4.38e+04 3.03e+01  1.41e+02     2s
  25   1.85258536e+03 -2.50233985e+04  4.38e+04 3.07e+01  1.41e+02     2s

Barrier performed 25 iterations in 1.60 seconds (2.79 work units)
Numerical trouble encountered

Model may be infeasible or unbounded.  Consider using the
homogeneous algorithm (through parameter 'BarHomogeneous')

Iteration    Objective       Primal Inf.    Dual Inf.      Time
       0    1.0000000e+00   7.421176e+04   4.125234e+09      2s
Crossover changed status from Numeric to Optimal

Extra simplex iterations after uncrush: 1
    1967    6.5868833e-01   0.000000e+00   0.000000e+00      3s

Solved in 1967 iterations and 3.35 seconds (6.61 work units)
Optimal objective  6.586883285e-01
Set parameter Threads to value 1
Set parameter Method to value 2
Set parameter Crossover to value 1
Set parameter TimeLimit to value 300
Set parameter FeasibilityTol to value 1e-08
Set parameter OptimalityTol to value 1e-08
Set parameter BarConvTol to value 1e-11
Set parameter PreDual to value 0
Set parameter Seed to value 20260929
