
Gurobi 13.0.2 (win64) logging started Sun Oct  4 12:03:31 2026

Set parameter LogFile to value "docs/v42_m1_exact_dw_cg_root_pilot/logs/RMP_0014.log"
Gurobi Optimizer version 13.0.2 build v13.0.2rc1 (win64 - Windows 11+.0 (26200.2))

CPU model: 13th Gen Intel(R) Core(TM) i7-13620H, instruction set [SSE2|AVX|AVX2]
Thread count: 10 physical cores, 16 logical processors, using up to 1 threads

Non-default parameters:
TimeLimit  300
FeasibilityTol  1e-08
OptimalityTol  1e-08
Method  2
BarConvTol  1e-11
Crossover  1
PreDual  0
LogToConsole  0
Seed  20260929
Threads  1

Optimize a model with 679959 rows, 81273 columns and 7163651 nonzeros (Min)
Model has 1 linear objective coefficients
Coefficient statistics:
  Matrix range     [1e-13, 4e+02]
  Objective range  [1e+00, 1e+00]
  Bounds range     [1e+00, 1e+00]
  RHS range        [2e-24, 2e+03]
Warning: Model contains large matrix coefficient range
         Consider reformulating model or setting NumericFocus parameter
         to avoid numerical issues.

LP warm-start: discard basis
Presolve time: 0.77s
Presolved: 27183 rows, 5959 columns, 201040 nonzeros

Ordering time: 0.01s

Barrier statistics:
 Dense cols : 256
 AA' NZ     : 2.370e+05
 Factor NZ  : 3.740e+05 (roughly 17 MB of memory)
 Factor Ops : 9.517e+06 (less than 1 second per iteration)
 Threads    : 1

                  Objective                Residual
Iter       Primal          Dual         Primal    Dual     Compl     Time
   0   1.14357952e+03 -6.19324616e+03  1.85e+04 1.53e-06  1.15e+02     1s
   1   1.14355636e+03 -6.02161873e+03  1.85e+04 1.26e+01  1.14e+02     1s
   2   1.14433844e+03 -6.46106277e+03  1.70e+04 1.15e+01  1.08e+02     1s
   3   1.14434559e+03 -6.33063674e+03  1.69e+04 1.10e+01  1.08e+02     1s
   4   1.14434436e+03 -6.44428840e+03  1.69e+04 1.01e+01  1.08e+02     1s
   5   1.14439406e+03 -6.73894333e+03  1.68e+04 1.12e+01  1.08e+02     1s
   6   1.14439249e+03 -7.21280673e+03  1.68e+04 1.42e+01  1.08e+02     1s
   7   1.14439283e+03 -7.13381140e+03  1.68e+04 1.39e+01  1.08e+02     1s
   8   1.14440017e+03 -8.36897434e+03  1.68e+04 1.80e+01  1.08e+02     1s
   9   1.14448567e+03 -6.36319169e+03  1.67e+04 1.08e+01  1.07e+02     1s
  10   1.14448364e+03 -6.50006961e+03  1.67e+04 1.21e+01  1.07e+02     1s
  11   1.14481420e+03 -6.47875252e+03  1.62e+04 1.07e+01  1.06e+02     1s
  12   1.14477651e+03 -1.27836259e+04  1.55e+04 1.54e+01  9.79e+01     1s
  13   1.14476608e+03 -1.50455966e+04  1.53e+04 2.31e+01  9.34e+01     2s
  14   1.14477056e+03 -1.35952216e+04  1.52e+04 1.63e+01  9.27e+01     2s
  15   1.14477925e+03 -1.37771691e+04  1.52e+04 1.26e+01  9.26e+01     2s
  16   1.14489123e+03 -1.40722988e+04  1.49e+04 1.94e+01  8.97e+01     2s
  17   1.14490044e+03 -1.39083031e+04  1.49e+04 1.63e+01  8.85e+01     2s
  18   1.14489102e+03 -1.39923862e+04  1.49e+04 1.81e+01  8.85e+01     2s
  19   1.14513967e+03 -1.42535931e+04  1.45e+04 1.46e+01  8.68e+01     2s
  20   1.14510468e+03 -2.13391417e+04  1.33e+04 2.00e+01  7.54e+01     2s
  21   1.14505864e+03 -2.13725189e+04  1.24e+04 2.04e+01  7.28e+01     2s
  22   1.14500967e+03 -2.67562882e+04  1.19e+04 3.04e+01  6.83e+01     2s
  23   1.14491623e+03 -2.54711867e+04  1.12e+04 2.44e+01  6.62e+01     2s
  24   1.14560869e+03 -2.89839203e+04  1.07e+04 2.94e+01  6.28e+01     2s
  25   1.14547544e+03 -3.24092725e+04  1.04e+04 3.80e+01  6.05e+01     2s
  26   1.14517359e+03 -3.18854736e+04  1.00e+04 3.32e+01  5.85e+01     2s
  27   1.14517243e+03 -3.22393610e+04  1.00e+04 3.45e+01  5.85e+01     2s
  28   1.14509671e+03 -3.21838144e+04  9.93e+03 3.35e+01  5.80e+01     2s
  29   1.14505336e+03 -3.25906313e+04  9.91e+03 3.48e+01  5.60e+01     2s
  30   1.14498308e+03 -3.24686356e+04  9.87e+03 3.39e+01  5.44e+01     2s
  31   1.14493696e+03 -3.28361032e+04  9.85e+03 3.50e+01  5.43e+01     2s
  32   1.14485808e+03 -3.27054440e+04  9.82e+03 3.41e+01  5.41e+01     2s
  33   1.14482352e+03 -3.30199596e+04  9.81e+03 3.52e+01  5.32e+01     2s
  34   1.14471640e+03 -3.29068550e+04  9.77e+03 3.43e+01  5.23e+01     2s
  35   1.14469375e+03 -3.31753906e+04  9.76e+03 3.53e+01  5.23e+01     2s
  36   1.14457908e+03 -3.30566612e+04  9.73e+03 3.45e+01  5.21e+01     2s
  37   1.14456490e+03 -3.32957225e+04  9.73e+03 3.53e+01  5.16e+01     2s
  38   1.14445648e+03 -3.31652850e+04  9.70e+03 3.46e+01  5.11e+01     2s
  39   1.14444111e+03 -3.34004232e+04  9.70e+03 3.54e+01  5.08e+01     2s

Barrier performed 39 iterations in 2.28 seconds (2.72 work units)
Numerical trouble encountered

Model may be infeasible or unbounded.  Consider using the
homogeneous algorithm (through parameter 'BarHomogeneous')

Iteration    Objective       Primal Inf.    Dual Inf.      Time
       0    1.0000000e+00   4.528090e+04   2.041693e+09      3s
Crossover changed status from Numeric to Optimal
    1053    6.6212756e-01   0.000000e+00   0.000000e+00      4s

Solved in 1053 iterations and 3.51 seconds (4.36 work units)
Optimal objective  6.621275607e-01
Set parameter Threads to value 1
Set parameter Method to value 2
Set parameter Crossover to value 1
Set parameter TimeLimit to value 300
Set parameter FeasibilityTol to value 1e-08
Set parameter OptimalityTol to value 1e-08
Set parameter BarConvTol to value 1e-11
Set parameter PreDual to value 0
Set parameter Seed to value 20260929
