
Gurobi 13.0.2 (win64) logging started Sun Oct  4 12:08:46 2026

Set parameter LogFile to value "docs/v42_m1_exact_dw_cg_root_pilot/logs/RMP_0056.log"
Gurobi Optimizer version 13.0.2 build v13.0.2rc1 (win64 - Windows 11+.0 (26200.2))

CPU model: 13th Gen Intel(R) Core(TM) i7-13620H, instruction set [SSE2|AVX|AVX2]
Thread count: 10 physical cores, 16 logical processors, using up to 1 threads

Non-default parameters:
TimeLimit  300
FeasibilityTol  1e-08
OptimalityTol  1e-08
Method  2
BarConvTol  1e-11
Crossover  1
PreDual  0
LogToConsole  0
Seed  20260929
Threads  1

Optimize a model with 679959 rows, 81441 columns and 7168188 nonzeros (Min)
Model has 1 linear objective coefficients
Coefficient statistics:
  Matrix range     [1e-13, 4e+02]
  Objective range  [1e+00, 1e+00]
  Bounds range     [1e+00, 1e+00]
  RHS range        [2e-24, 2e+03]
Warning: Model contains large matrix coefficient range
         Consider reformulating model or setting NumericFocus parameter
         to avoid numerical issues.

LP warm-start: discard basis
Presolve time: 0.95s
Presolved: 58144 rows, 15275 columns, 468299 nonzeros

Ordering time: 0.05s

Barrier statistics:
 Dense cols : 629
 AA' NZ     : 6.024e+05
 Factor NZ  : 9.709e+05 (roughly 40 MB of memory)
 Factor Ops : 6.808e+07 (less than 1 second per iteration)
 Threads    : 1

                  Objective                Residual
Iter       Primal          Dual         Primal    Dual     Compl     Time
   0   1.94209539e+03 -2.82487981e+04  1.07e+05 8.15e-07  1.94e+02     1s
   1   1.94209964e+03 -3.18168130e+04  1.05e+05 2.24e+01  1.88e+02     1s
   2   1.94208245e+03 -3.19574268e+04  1.05e+05 2.29e+01  1.88e+02     1s
   3   1.94227690e+03 -3.69659838e+04  1.03e+05 3.09e+01  1.84e+02     1s
   4   1.94225470e+03 -3.55942889e+04  1.03e+05 2.71e+01  1.84e+02     1s
   5   1.94292652e+03 -3.64739120e+04  9.91e+04 2.79e+01  1.80e+02     1s
   6   1.94289961e+03 -3.59350810e+04  9.90e+04 2.73e+01  1.80e+02     1s
   7   1.94294871e+03 -3.77650864e+04  9.87e+04 2.88e+01  1.79e+02     1s
   8   1.94293886e+03 -3.79554721e+04  9.87e+04 2.90e+01  1.79e+02     1s
   9   1.94294070e+03 -3.81334767e+04  9.87e+04 2.92e+01  1.79e+02     1s
  10   1.94293705e+03 -3.79575075e+04  9.87e+04 2.90e+01  1.79e+02     1s
  11   1.94317662e+03 -4.09021172e+04  9.74e+04 3.63e+01  1.76e+02     2s
  12   1.94317262e+03 -4.06562156e+04  9.65e+04 3.64e+01  1.73e+02     2s
  13   1.94317547e+03 -4.15485594e+04  9.64e+04 3.78e+01  1.73e+02     2s
  14   1.94319106e+03 -4.14691925e+04  9.63e+04 3.61e+01  1.73e+02     2s
  15   1.94329654e+03 -4.22746184e+04  9.58e+04 4.04e+01  1.70e+02     2s
  16   1.94330310e+03 -4.25233895e+04  9.56e+04 4.21e+01  1.68e+02     2s
  17   1.94330569e+03 -4.25875411e+04  9.56e+04 4.29e+01  1.68e+02     2s
  18   1.94333392e+03 -4.65293305e+04  9.56e+04 4.08e+01  1.67e+02     2s
  19   1.94333159e+03 -4.65435967e+04  9.56e+04 4.09e+01  1.66e+02     2s
  20   1.94345797e+03 -4.65454226e+04  9.48e+04 4.09e+01  1.64e+02     2s
  21   1.94345750e+03 -4.61734838e+04  9.47e+04 4.07e+01  1.63e+02     2s
  22   1.94345853e+03 -4.72018935e+04  9.43e+04 3.77e+01  1.62e+02     2s
  23   1.94356338e+03 -4.80694390e+04  9.36e+04 3.57e+01  1.61e+02     2s
  24   1.94358026e+03 -4.72175578e+04  9.33e+04 3.59e+01  1.60e+02     2s
  25   1.94359733e+03 -4.87290446e+04  9.32e+04 3.84e+01  1.59e+02     2s
  26   1.94414015e+03 -4.67723938e+04  9.02e+04 3.19e+01  1.56e+02     2s
  27   1.94413901e+03 -4.66842367e+04  9.02e+04 3.16e+01  1.54e+02     2s
  28   1.94414093e+03 -4.68287890e+04  9.02e+04 3.20e+01  1.54e+02     2s
  29   1.94413875e+03 -4.63064904e+04  9.02e+04 3.09e+01  1.53e+02     2s
  30   1.94414079e+03 -4.64447699e+04  9.02e+04 3.13e+01  1.53e+02     2s
  31   1.94414188e+03 -4.65441186e+04  9.02e+04 3.17e+01  1.52e+02     2s

Barrier performed 31 iterations in 2.25 seconds (4.08 work units)
Numerical trouble encountered

Model may be infeasible or unbounded.  Consider using the
homogeneous algorithm (through parameter 'BarHomogeneous')

Iteration    Objective       Primal Inf.    Dual Inf.      Time
       0    1.0000000e+00   1.437778e+05   7.621886e+09      3s
Crossover changed status from Numeric to Optimal
    4475    6.2515629e-01   0.000000e+00   0.000000e+00      4s

Solved in 4475 iterations and 3.87 seconds (7.73 work units)
Optimal objective  6.251562888e-01
Set parameter Threads to value 1
Set parameter Method to value 2
Set parameter Crossover to value 1
Set parameter TimeLimit to value 300
Set parameter FeasibilityTol to value 1e-08
Set parameter OptimalityTol to value 1e-08
Set parameter BarConvTol to value 1e-11
Set parameter PreDual to value 0
Set parameter Seed to value 20260929
