
Gurobi 13.0.2 (win64) logging started Sun Oct  4 12:36:28 2026

Set parameter LogFile to value "docs/v42_m1_exact_dw_cg_root_pilot/logs/RMP_0206.log"
Gurobi Optimizer version 13.0.2 build v13.0.2rc1 (win64 - Windows 11+.0 (26200.2))

CPU model: 13th Gen Intel(R) Core(TM) i7-13620H, instruction set [SSE2|AVX|AVX2]
Thread count: 10 physical cores, 16 logical processors, using up to 1 threads

Non-default parameters:
TimeLimit  300
FeasibilityTol  1e-08
OptimalityTol  1e-08
Method  2
BarConvTol  1e-11
Crossover  1
PreDual  0
LogToConsole  0
Seed  20260929
Threads  1

Optimize a model with 679959 rows, 82041 columns and 7196601 nonzeros (Min)
Model has 1 linear objective coefficients
Coefficient statistics:
  Matrix range     [1e-13, 4e+02]
  Objective range  [1e+00, 1e+00]
  Bounds range     [1e+00, 1e+00]
  RHS range        [2e-24, 2e+03]
Warning: Model contains large matrix coefficient range
         Consider reformulating model or setting NumericFocus parameter
         to avoid numerical issues.

LP warm-start: discard basis
Presolve time: 1.26s
Presolved: 86540 rows, 25837 columns, 763875 nonzeros

Ordering time: 0.09s

Barrier statistics:
 Dense cols : 932
 AA' NZ     : 9.652e+05
 Factor NZ  : 1.655e+06 (roughly 60 MB of memory)
 Factor Ops : 2.399e+08 (less than 1 second per iteration)
 Threads    : 1

                  Objective                Residual
Iter       Primal          Dual         Primal    Dual     Compl     Time
   0   1.45587723e+02 -9.12538034e+04  2.09e+06 0.00e+00  1.86e+03     2s
   1   1.47004163e+02 -8.35430451e+04  2.07e+06 2.10e+01  1.83e+03     2s
   2   1.47704029e+02 -8.26747617e+04  2.05e+06 2.00e+01  1.83e+03     2s
   3   1.52015064e+02 -9.36399537e+04  1.99e+06 2.90e+01  1.77e+03     2s
   4   1.52477081e+02 -9.27215655e+04  1.98e+06 2.29e+01  1.76e+03     2s
   5   1.53527038e+02 -9.32785545e+04  1.97e+06 2.49e+01  1.76e+03     2s
   6   1.53719544e+02 -9.49205265e+04  1.96e+06 2.67e+01  1.75e+03     2s
   7   1.54519003e+02 -9.34256830e+04  1.95e+06 2.27e+01  1.74e+03     2s
   8   1.54514014e+02 -9.32437178e+04  1.95e+06 2.54e+01  1.74e+03     2s
   9   1.55146869e+02 -9.95086671e+04  1.94e+06 2.24e+01  1.73e+03     2s
  10   1.55221743e+02 -9.98275901e+04  1.94e+06 2.35e+01  1.73e+03     3s
  11   1.55265317e+02 -1.00722887e+05  1.94e+06 2.57e+01  1.73e+03     3s
  12   1.55270224e+02 -9.52114141e+04  1.94e+06 2.68e+01  1.72e+03     3s
  13   1.59426706e+02 -9.74752662e+04  1.88e+06 2.78e+01  1.68e+03     3s
  14   1.59507851e+02 -9.53180891e+04  1.88e+06 2.89e+01  1.66e+03     3s
  15   1.59587880e+02 -9.53252692e+04  1.88e+06 2.84e+01  1.66e+03     3s
  16   1.59595205e+02 -9.52582341e+04  1.88e+06 2.85e+01  1.66e+03     3s
  17   1.60065973e+02 -9.70052519e+04  1.87e+06 3.28e+01  1.64e+03     3s
  18   1.60154200e+02 -9.57992706e+04  1.87e+06 2.80e+01  1.63e+03     3s
  19   1.64414336e+02 -7.38151182e+04  1.80e+06 3.50e+01  1.57e+03     3s
  20   1.67874890e+02 -7.77832523e+04  1.75e+06 3.97e+01  1.53e+03     3s
  21   1.70802499e+02 -9.44971084e+04  1.71e+06 4.55e+01  1.50e+03     3s
  22   1.76111122e+02 -1.01684978e+05  1.63e+06 4.10e+01  1.45e+03     3s
  23   1.79932790e+02 -1.05812766e+05  1.57e+06 4.22e+01  1.41e+03     3s
  24   1.81550527e+02 -1.06460991e+05  1.54e+06 4.24e+01  1.40e+03     4s
  25   1.82548597e+02 -1.07418882e+05  1.53e+06 4.27e+01  1.39e+03     4s
  26   1.82578337e+02 -1.05978633e+05  1.53e+06 4.16e+01  1.36e+03     4s
  27   1.82642085e+02 -1.06249183e+05  1.53e+06 4.16e+01  1.35e+03     4s
  28   1.82653089e+02 -1.05984492e+05  1.53e+06 4.18e+01  1.35e+03     4s
  29   1.82854903e+02 -1.05673124e+05  1.52e+06 4.19e+01  1.35e+03     4s
  30   1.83027457e+02 -1.05794551e+05  1.52e+06 4.21e+01  1.34e+03     4s
  31   1.90679852e+02 -1.08372085e+05  1.43e+06 4.39e+01  1.28e+03     4s
  32   1.90743745e+02 -1.07563261e+05  1.43e+06 4.40e+01  1.27e+03     4s
  33   1.92809633e+02 -1.11155777e+05  1.40e+06 4.88e+01  1.21e+03     4s
  34   1.92738553e+02 -1.12292802e+05  1.39e+06 4.94e+01  1.20e+03     4s
  35   1.92720970e+02 -1.12373019e+05  1.39e+06 4.95e+01  1.20e+03     4s
  36   1.92478946e+02 -1.11324756e+05  1.39e+06 4.93e+01  1.20e+03     4s
  37   1.89944137e+02 -1.14602444e+05  1.37e+06 4.94e+01  1.18e+03     4s
  38   1.89654450e+02 -1.18336167e+05  1.37e+06 4.99e+01  1.18e+03     5s
  39   1.88816011e+02 -1.17755872e+05  1.36e+06 4.99e+01  1.17e+03     5s
  40   1.88753320e+02 -1.19010534e+05  1.36e+06 5.00e+01  1.17e+03     5s
  41   1.88676392e+02 -1.21445233e+05  1.36e+06 5.02e+01  1.17e+03     5s

Barrier performed 41 iterations in 4.69 seconds (6.96 work units)
Numerical trouble encountered

Model may be infeasible or unbounded.  Consider using the
homogeneous algorithm (through parameter 'BarHomogeneous')

Iteration    Objective       Primal Inf.    Dual Inf.      Time
       0    1.0000000e+00   2.930525e+05   1.840748e+10      5s
Crossover changed status from Numeric to Optimal

Extra simplex iterations after uncrush: 1
   12577    5.9890939e-01   0.000000e+00   0.000000e+00     10s

Solved in 12577 iterations and 9.56 seconds (22.12 work units)
Optimal objective  5.989093883e-01
Set parameter Threads to value 1
Set parameter Method to value 2
Set parameter Crossover to value 1
Set parameter TimeLimit to value 300
Set parameter FeasibilityTol to value 1e-08
Set parameter OptimalityTol to value 1e-08
Set parameter BarConvTol to value 1e-11
Set parameter PreDual to value 0
Set parameter Seed to value 20260929
