
Gurobi 13.0.2 (win64) logging started Sun Oct  4 12:19:00 2026

Set parameter LogFile to value "docs/v42_m1_exact_dw_cg_root_pilot/logs/RMP_0118.log"
Gurobi Optimizer version 13.0.2 build v13.0.2rc1 (win64 - Windows 11+.0 (26200.2))

CPU model: 13th Gen Intel(R) Core(TM) i7-13620H, instruction set [SSE2|AVX|AVX2]
Thread count: 10 physical cores, 16 logical processors, using up to 1 threads

Non-default parameters:
TimeLimit  300
FeasibilityTol  1e-08
OptimalityTol  1e-08
Method  2
BarConvTol  1e-11
Crossover  1
PreDual  0
LogToConsole  0
Seed  20260929
Threads  1

Optimize a model with 679959 rows, 81689 columns and 7179515 nonzeros (Min)
Model has 1 linear objective coefficients
Coefficient statistics:
  Matrix range     [1e-13, 4e+02]
  Objective range  [1e+00, 1e+00]
  Bounds range     [1e+00, 1e+00]
  RHS range        [2e-24, 2e+03]
Warning: Model contains large matrix coefficient range
         Consider reformulating model or setting NumericFocus parameter
         to avoid numerical issues.

LP warm-start: discard basis
Presolve time: 1.13s
Presolved: 83426 rows, 24387 columns, 701264 nonzeros

Ordering time: 0.08s

Barrier statistics:
 Dense cols : 851
 AA' NZ     : 9.005e+05
 Factor NZ  : 1.513e+06 (roughly 60 MB of memory)
 Factor Ops : 1.935e+08 (less than 1 second per iteration)
 Threads    : 1

                  Objective                Residual
Iter       Primal          Dual         Primal    Dual     Compl     Time
   0   9.29113611e+01 -6.23459371e+04  5.62e+05 0.00e+00  1.19e+03     1s
   1   9.53827723e+01 -5.72198280e+04  5.46e+05 2.69e+01  1.15e+03     2s
   2   9.53771191e+01 -5.70700157e+04  5.45e+05 1.92e+01  1.15e+03     2s
   3   9.89848352e+01 -5.74507097e+04  5.22e+05 1.99e+01  1.11e+03     2s
   4   9.94065966e+01 -5.77032049e+04  5.19e+05 3.43e+01  1.11e+03     2s
   5   9.93977259e+01 -5.75404369e+04  5.19e+05 2.44e+01  1.11e+03     2s
   6   9.93878140e+01 -5.75388386e+04  5.19e+05 2.24e+01  1.11e+03     2s
   7   9.93899357e+01 -5.75544420e+04  5.19e+05 2.25e+01  1.11e+03     2s
   8   1.01173371e+02 -5.80141772e+04  5.08e+05 2.32e+01  1.09e+03     2s
   9   1.01183530e+02 -5.81836060e+04  5.08e+05 2.41e+01  1.09e+03     2s
  10   1.02140266e+02 -5.88617431e+04  5.02e+05 2.14e+01  1.08e+03     2s
  11   1.02150001e+02 -5.91029100e+04  5.02e+05 2.22e+01  1.08e+03     2s
  12   1.02357701e+02 -5.71547432e+04  5.01e+05 2.19e+01  1.07e+03     2s
  13   1.02378789e+02 -5.70067426e+04  5.00e+05 2.23e+01  1.06e+03     2s
  14   1.02450023e+02 -5.72734618e+04  5.00e+05 2.16e+01  1.06e+03     2s
  15   1.03066086e+02 -6.19622173e+04  4.96e+05 2.58e+01  1.05e+03     2s
  16   1.03509430e+02 -5.87577499e+04  4.93e+05 2.72e+01  1.04e+03     2s
  17   1.03519070e+02 -5.86667625e+04  4.93e+05 2.60e+01  1.04e+03     2s
  18   1.03909133e+02 -6.12013610e+04  4.91e+05 2.99e+01  1.03e+03     2s
  19   1.03943069e+02 -6.10943429e+04  4.90e+05 3.09e+01  1.03e+03     3s
  20   1.06641754e+02 -6.64743842e+04  4.73e+05 3.31e+01  1.01e+03     3s
  21   1.07207450e+02 -6.69767196e+04  4.70e+05 3.24e+01  9.93e+02     3s
  22   1.07211005e+02 -6.69698102e+04  4.70e+05 3.24e+01  9.93e+02     3s
  23   1.08041724e+02 -8.81366522e+04  4.65e+05 4.42e+01  9.62e+02     3s
  24   1.11790729e+02 -7.52253248e+04  4.41e+05 1.04e+02  8.59e+02     3s
  25   1.14350620e+02 -7.70369871e+04  4.25e+05 9.30e+01  8.41e+02     3s
  26   1.15105483e+02 -7.79407934e+04  4.20e+05 1.03e+02  8.32e+02     3s
  27   1.15398587e+02 -8.15743230e+04  4.18e+05 1.31e+02  8.27e+02     3s
  28   1.17075452e+02 -7.38357738e+04  4.08e+05 1.27e+02  8.02e+02     3s
  29   1.17071292e+02 -7.42839008e+04  4.08e+05 1.32e+02  7.99e+02     3s
  30   1.17076918e+02 -7.39541802e+04  4.08e+05 1.29e+02  7.99e+02     3s
  31   1.17117133e+02 -7.61537038e+04  4.07e+05 1.44e+02  7.98e+02     3s
  32   1.17725450e+02 -7.08606841e+04  4.04e+05 1.17e+02  7.86e+02     3s
  33   1.18261013e+02 -7.17135765e+04  4.00e+05 1.24e+02  7.79e+02     3s
  34   1.18282833e+02 -7.15263123e+04  4.00e+05 1.20e+02  7.79e+02     4s

Barrier performed 34 iterations in 3.60 seconds (5.91 work units)
Numerical trouble encountered

Model may be infeasible or unbounded.  Consider using the
homogeneous algorithm (through parameter 'BarHomogeneous')

Iteration    Objective       Primal Inf.    Dual Inf.      Time
       0    1.0000000e+00   2.506600e+05   1.627613e+10      4s
    9384    1.0000000e+00   5.357781e+02   2.756649e+08      5s
Crossover changed status from Numeric to Optimal
   11134    6.0093501e-01   0.000000e+00   0.000000e+00      7s

Solved in 11134 iterations and 7.46 seconds (17.48 work units)
Optimal objective  6.009350106e-01
Set parameter Threads to value 1
Set parameter Method to value 2
Set parameter Crossover to value 1
Set parameter TimeLimit to value 300
Set parameter FeasibilityTol to value 1e-08
Set parameter OptimalityTol to value 1e-08
Set parameter BarConvTol to value 1e-11
Set parameter PreDual to value 0
Set parameter Seed to value 20260929
