
Gurobi 13.0.2 (win64) logging started Sun Oct  4 12:11:42 2026

Set parameter LogFile to value "docs/v42_m1_exact_dw_cg_root_pilot/logs/RMP_0077.log"
Gurobi Optimizer version 13.0.2 build v13.0.2rc1 (win64 - Windows 11+.0 (26200.2))

CPU model: 13th Gen Intel(R) Core(TM) i7-13620H, instruction set [SSE2|AVX|AVX2]
Thread count: 10 physical cores, 16 logical processors, using up to 1 threads

Non-default parameters:
TimeLimit  300
FeasibilityTol  1e-08
OptimalityTol  1e-08
Method  2
BarConvTol  1e-11
Crossover  1
PreDual  0
LogToConsole  0
Seed  20260929
Threads  1

Optimize a model with 679959 rows, 81525 columns and 7171699 nonzeros (Min)
Model has 1 linear objective coefficients
Coefficient statistics:
  Matrix range     [1e-13, 4e+02]
  Objective range  [1e+00, 1e+00]
  Bounds range     [1e+00, 1e+00]
  RHS range        [2e-24, 2e+03]
Warning: Model contains large matrix coefficient range
         Consider reformulating model or setting NumericFocus parameter
         to avoid numerical issues.

LP warm-start: discard basis
Presolve time: 1.11s
Presolved: 74625 rows, 20488 columns, 623958 nonzeros

Ordering time: 0.07s

Barrier statistics:
 Dense cols : 790
 AA' NZ     : 7.832e+05
 Factor NZ  : 1.318e+06 (roughly 50 MB of memory)
 Factor Ops : 1.465e+08 (less than 1 second per iteration)
 Threads    : 1

                  Objective                Residual
Iter       Primal          Dual         Primal    Dual     Compl     Time
   0   7.44627415e+01 -5.28476822e+04  4.17e+05 0.00e+00  9.53e+02     2s
   1   7.48262849e+01 -6.49294202e+04  4.14e+05 5.28e+01  9.44e+02     2s
   2   8.36403622e+01 -1.12062495e+05  3.61e+05 8.50e+01  8.46e+02     2s
   3   8.76221631e+01 -1.20300176e+05  3.37e+05 9.41e+01  7.98e+02     2s
   4   9.00694501e+01 -1.31937030e+05  3.24e+05 1.10e+02  7.27e+02     2s
   5   9.03194683e+01 -1.32417787e+05  3.22e+05 1.10e+02  7.25e+02     2s
   6   9.06879452e+01 -1.37471649e+05  3.20e+05 1.12e+02  7.15e+02     2s
   7   9.06774229e+01 -1.37614233e+05  3.20e+05 1.12e+02  7.15e+02     2s
   8   9.08707607e+01 -1.37558028e+05  3.19e+05 1.12e+02  7.13e+02     2s
   9   9.09367518e+01 -1.37566222e+05  3.19e+05 1.12e+02  7.13e+02     2s
  10   9.09352546e+01 -1.37668073e+05  3.19e+05 1.12e+02  7.13e+02     2s
  11   9.10948130e+01 -1.37397808e+05  3.18e+05 1.12e+02  7.11e+02     2s
  12   9.11389434e+01 -1.34286751e+05  3.18e+05 1.12e+02  6.99e+02     2s
  13   9.37741472e+01 -1.38999325e+05  3.02e+05 1.15e+02  6.60e+02     2s
  14   9.38533099e+01 -1.40274577e+05  3.02e+05 1.15e+02  6.59e+02     2s
  15   9.39431578e+01 -1.40540859e+05  3.01e+05 1.16e+02  6.58e+02     2s
  16   9.39970534e+01 -1.38694214e+05  3.01e+05 1.16e+02  6.56e+02     2s
  17   9.41624803e+01 -1.40277645e+05  3.00e+05 1.16e+02  6.52e+02     3s
  18   9.41711511e+01 -1.40097705e+05  3.00e+05 1.16e+02  6.51e+02     3s
  19   9.41708832e+01 -1.40374224e+05  3.00e+05 1.16e+02  6.51e+02     3s
  20   9.44118833e+01 -1.42477763e+05  2.99e+05 1.16e+02  6.47e+02     3s
  21   9.44235071e+01 -1.43365271e+05  2.99e+05 1.16e+02  6.47e+02     3s
  22   9.44232171e+01 -1.43162869e+05  2.99e+05 1.16e+02  6.47e+02     3s
  23   9.46762780e+01 -1.43182715e+05  2.97e+05 1.16e+02  6.45e+02     3s
  24   9.46553086e+01 -1.42317152e+05  2.97e+05 1.16e+02  6.44e+02     3s
  25   9.49017588e+01 -1.45092981e+05  2.96e+05 1.16e+02  6.40e+02     3s
  26   9.49072909e+01 -1.45628205e+05  2.96e+05 1.16e+02  6.39e+02     3s
  27   9.49764673e+01 -1.45032562e+05  2.95e+05 1.16e+02  6.38e+02     3s
  28   9.50737785e+01 -1.47134685e+05  2.95e+05 1.16e+02  6.37e+02     3s
  29   9.52656404e+01 -1.46338632e+05  2.93e+05 1.17e+02  6.33e+02     3s
  30   9.52863101e+01 -1.47507490e+05  2.93e+05 1.17e+02  6.33e+02     3s
  31   9.54289637e+01 -1.47016909e+05  2.93e+05 1.17e+02  6.31e+02     3s

Barrier performed 31 iterations in 3.42 seconds (5.18 work units)
Numerical trouble encountered

Model may be infeasible or unbounded.  Consider using the
homogeneous algorithm (through parameter 'BarHomogeneous')

Iteration    Objective       Primal Inf.    Dual Inf.      Time
       0    1.0000000e+00   2.117610e+05   1.243262e+10      4s
    7323    6.1159498e-01   0.000000e+00   1.893094e+00      5s
Crossover changed status from Numeric to Optimal
    7601    6.0693935e-01   0.000000e+00   0.000000e+00      6s

Solved in 7601 iterations and 5.99 seconds (11.40 work units)
Optimal objective  6.069393529e-01
Set parameter Threads to value 1
Set parameter Method to value 2
Set parameter Crossover to value 1
Set parameter TimeLimit to value 300
Set parameter FeasibilityTol to value 1e-08
Set parameter OptimalityTol to value 1e-08
Set parameter BarConvTol to value 1e-11
Set parameter PreDual to value 0
Set parameter Seed to value 20260929
