
Gurobi 13.0.2 (win64) logging started Sun Oct  4 12:07:23 2026

Set parameter LogFile to value "docs/v42_m1_exact_dw_cg_root_pilot/logs/RMP_0045.log"
Gurobi Optimizer version 13.0.2 build v13.0.2rc1 (win64 - Windows 11+.0 (26200.2))

CPU model: 13th Gen Intel(R) Core(TM) i7-13620H, instruction set [SSE2|AVX|AVX2]
Thread count: 10 physical cores, 16 logical processors, using up to 1 threads

Non-default parameters:
TimeLimit  300
FeasibilityTol  1e-08
OptimalityTol  1e-08
Method  2
BarConvTol  1e-11
Crossover  1
PreDual  0
LogToConsole  0
Seed  20260929
Threads  1

Optimize a model with 679959 rows, 81397 columns and 7166801 nonzeros (Min)
Model has 1 linear objective coefficients
Coefficient statistics:
  Matrix range     [1e-13, 4e+02]
  Objective range  [1e+00, 1e+00]
  Bounds range     [1e+00, 1e+00]
  RHS range        [2e-24, 2e+03]
Warning: Model contains large matrix coefficient range
         Consider reformulating model or setting NumericFocus parameter
         to avoid numerical issues.

LP warm-start: discard basis
Presolve time: 0.95s
Presolved: 54159 rows, 14072 columns, 433136 nonzeros

Ordering time: 0.04s

Barrier statistics:
 Dense cols : 567
 AA' NZ     : 5.807e+05
 Factor NZ  : 8.922e+05 (roughly 36 MB of memory)
 Factor Ops : 4.971e+07 (less than 1 second per iteration)
 Threads    : 1

                  Objective                Residual
Iter       Primal          Dual         Primal    Dual     Compl     Time
   0   1.80655835e+03 -2.26693251e+04  8.67e+04 9.33e-07  1.80e+02     1s
   1   1.80651087e+03 -2.61972521e+04  8.52e+04 1.90e+01  1.76e+02     1s
   2   1.80655704e+03 -2.89420650e+04  8.32e+04 1.95e+01  1.73e+02     1s
   3   1.80655894e+03 -2.78714699e+04  8.31e+04 1.76e+01  1.73e+02     1s
   4   1.80670277e+03 -2.96308947e+04  8.24e+04 2.13e+01  1.71e+02     1s
   5   1.80673374e+03 -2.87824907e+04  8.20e+04 1.99e+01  1.70e+02     1s
   6   1.80739700e+03 -3.31481002e+04  7.86e+04 2.63e+01  1.64e+02     1s
   7   1.80742000e+03 -3.02188813e+04  7.86e+04 2.22e+01  1.64e+02     1s
   8   1.80741856e+03 -3.00774850e+04  7.86e+04 2.25e+01  1.64e+02     1s
   9   1.80742295e+03 -3.03924498e+04  7.86e+04 2.21e+01  1.63e+02     1s
  10   1.80742824e+03 -3.00981019e+04  7.85e+04 2.28e+01  1.63e+02     1s
  11   1.80751035e+03 -3.11091230e+04  7.80e+04 2.49e+01  1.62e+02     1s
  12   1.80751276e+03 -3.17045713e+04  7.80e+04 2.48e+01  1.60e+02     1s
  13   1.80751716e+03 -3.18056439e+04  7.80e+04 2.46e+01  1.59e+02     2s
  14   1.80777527e+03 -4.04365607e+04  7.65e+04 4.85e+01  1.55e+02     2s
  15   1.80774349e+03 -3.88906984e+04  7.65e+04 4.61e+01  1.54e+02     2s
  16   1.80778297e+03 -4.01181536e+04  7.63e+04 4.56e+01  1.53e+02     2s
  17   1.80787657e+03 -4.38153497e+04  7.60e+04 4.91e+01  1.51e+02     2s
  18   1.80801710e+03 -4.24989586e+04  7.52e+04 4.65e+01  1.49e+02     2s
  19   1.80801160e+03 -4.05741458e+04  7.52e+04 4.45e+01  1.49e+02     2s
  20   1.80811072e+03 -4.73334724e+04  7.48e+04 5.50e+01  1.48e+02     2s
  21   1.80817531e+03 -4.68397985e+04  7.43e+04 5.32e+01  1.47e+02     2s
  22   1.80816737e+03 -4.67740982e+04  7.43e+04 5.17e+01  1.46e+02     2s
  23   1.80818941e+03 -4.65497775e+04  7.43e+04 5.50e+01  1.46e+02     2s

Barrier performed 23 iterations in 2.01 seconds (3.62 work units)
Numerical trouble encountered

Model may be infeasible or unbounded.  Consider using the
homogeneous algorithm (through parameter 'BarHomogeneous')

Iteration    Objective       Primal Inf.    Dual Inf.      Time
       0    1.0000000e+00   1.248294e+05   7.227139e+09      2s
Crossover changed status from Numeric to Optimal
    3739    6.3043061e-01   0.000000e+00   0.000000e+00      4s

Solved in 3739 iterations and 3.57 seconds (6.46 work units)
Optimal objective  6.304306113e-01
Set parameter Threads to value 1
Set parameter Method to value 2
Set parameter Crossover to value 1
Set parameter TimeLimit to value 300
Set parameter FeasibilityTol to value 1e-08
Set parameter OptimalityTol to value 1e-08
Set parameter BarConvTol to value 1e-11
Set parameter PreDual to value 0
Set parameter Seed to value 20260929
