
Gurobi 13.0.2 (win64) logging started Sun Oct  4 12:03:37 2026

Set parameter LogFile to value "docs/v42_m1_exact_dw_cg_root_pilot/logs/RMP_0015.log"
Gurobi Optimizer version 13.0.2 build v13.0.2rc1 (win64 - Windows 11+.0 (26200.2))

CPU model: 13th Gen Intel(R) Core(TM) i7-13620H, instruction set [SSE2|AVX|AVX2]
Thread count: 10 physical cores, 16 logical processors, using up to 1 threads

Non-default parameters:
TimeLimit  300
FeasibilityTol  1e-08
OptimalityTol  1e-08
Method  2
BarConvTol  1e-11
Crossover  1
PreDual  0
LogToConsole  0
Seed  20260929
Threads  1

Optimize a model with 679959 rows, 81277 columns and 7163753 nonzeros (Min)
Model has 1 linear objective coefficients
Coefficient statistics:
  Matrix range     [1e-13, 4e+02]
  Objective range  [1e+00, 1e+00]
  Bounds range     [1e+00, 1e+00]
  RHS range        [2e-24, 2e+03]
Warning: Model contains large matrix coefficient range
         Consider reformulating model or setting NumericFocus parameter
         to avoid numerical issues.

LP warm-start: discard basis
Presolve time: 0.74s
Presolved: 27369 rows, 5979 columns, 202583 nonzeros

Ordering time: 0.01s

Barrier statistics:
 Dense cols : 260
 AA' NZ     : 2.405e+05
 Factor NZ  : 3.793e+05 (roughly 17 MB of memory)
 Factor Ops : 9.858e+06 (less than 1 second per iteration)
 Threads    : 1

                  Objective                Residual
Iter       Primal          Dual         Primal    Dual     Compl     Time
   0   1.26289102e+03 -6.70006710e+03  2.19e+04 1.52e-06  1.26e+02     1s
   1   1.26285517e+03 -1.00125059e+04  2.12e+04 2.30e+01  1.22e+02     1s
   2   1.26289658e+03 -1.06785539e+04  1.99e+04 1.83e+01  1.18e+02     1s
   3   1.26290040e+03 -1.18315793e+04  1.98e+04 2.92e+01  1.17e+02     1s
   4   1.26290439e+03 -1.19780079e+04  1.95e+04 2.87e+01  1.16e+02     1s
   5   1.26290484e+03 -1.21088837e+04  1.95e+04 2.94e+01  1.16e+02     1s
   6   1.26303616e+03 -1.22593171e+04  1.93e+04 2.88e+01  1.15e+02     1s
   7   1.26303718e+03 -1.23735612e+04  1.93e+04 2.94e+01  1.15e+02     1s
   8   1.26342802e+03 -1.25004142e+04  1.86e+04 2.82e+01  1.12e+02     1s
   9   1.26344224e+03 -1.79358674e+04  1.76e+04 2.30e+01  1.02e+02     1s
  10   1.26344868e+03 -1.80541252e+04  1.75e+04 2.31e+01  1.02e+02     1s
  11   1.26345574e+03 -1.73178281e+04  1.75e+04 2.10e+01  1.01e+02     1s
  12   1.28031546e+03 -3.79761588e+04  1.53e+04 5.06e+01  7.48e+01     1s
  13   9.59862270e+02 -6.72531892e+04  8.33e+03 7.29e+01  2.77e+01     1s
  14   3.45180318e+02 -5.60761414e+04  2.99e+03 4.72e+01  1.07e+01     1s
  15   2.43554815e+02 -4.53828068e+04  2.11e+03 3.35e+01  7.50e+00     1s
  16   2.21272456e+02 -4.10116183e+04  1.91e+03 2.47e+01  6.49e+00     1s
  17   1.16968918e+02 -2.64213946e+04  1.01e+03 1.14e+01  3.32e+00     1s
  18   6.02427020e+01 -1.59655944e+04  5.14e+02 4.80e+00  1.65e+00     1s
  19   2.68668092e+01 -7.85231598e+03  2.25e+02 2.18e+00  6.95e-01     1s
  20   1.59842249e+01 -4.38483189e+03  1.30e+02 1.48e+00  3.81e-01     1s
  21   9.93318819e+00 -2.58008680e+03  7.75e+01 9.54e-01  2.17e-01     1s
  22   5.75459130e+00 -1.30370011e+03  4.13e+01 7.46e-01  1.07e-01     1s
  23   4.11110648e+00 -7.72646006e+02  2.70e+01 6.45e-01  6.43e-02     1s
  24   1.81565135e+00 -3.72830665e+02  7.08e+00 4.00e-01  2.08e-02     1s
  25   1.21700003e+00 -1.45870037e+02  1.89e+00 1.07e-01  6.34e-03     1s
  26   1.00772370e+00 -1.13601331e+02  7.04e-02 8.19e-02  3.60e-03     1s
  27   9.99647934e-01 -7.40591197e+00  3.29e-04 4.36e-03  2.67e-04     1s
  28   9.99419819e-01 -5.21599765e-01  3.74e-09 7.79e-04  4.84e-05     1s
  29   9.70769720e-01 -5.12021631e-01  3.65e-09 7.61e-04  4.70e-05     1s
  30   9.08461008e-01 -4.31601703e-01  3.17e-09 7.07e-04  4.24e-05     1s
  31   8.13112187e-01 -2.33689763e-01  2.71e-09 5.46e-04  3.30e-05     1s
  32   8.09955460e-01 -1.90550985e-01  2.64e-09 5.35e-04  3.18e-05     1s
  33   8.05286631e-01 -1.47594926e-01  2.53e-09 6.14e-04  3.03e-05     1s
  34   8.01263914e-01 -1.39123536e-01  2.41e-09 6.49e-04  2.99e-05     1s
  35   7.92178384e-01 -1.13883984e-01  2.23e-09 8.42e-04  2.86e-05     1s
  36   7.87352858e-01 -1.09267792e-01  2.19e-09 8.26e-04  2.84e-05     1s
  37   7.74211426e-01 -9.92136948e-02  1.98e-09 8.45e-04  2.76e-05     1s
  38   7.79338691e-01 -3.84181238e-02  1.70e-09 1.08e-03  2.53e-05     1s
  39   7.76757463e-01 -2.75338414e-03  1.59e-09 1.20e-03  2.40e-05     1s
  40   7.76477001e-01  8.39609215e-02  1.52e-09 1.96e-03  1.95e-05     1s
  41   7.68650377e-01  8.25208845e-02  1.61e-09 1.97e-03  1.94e-05     1s
  42   7.67880381e-01  1.21400224e-01  1.59e-09 1.71e-03  1.88e-05     1s
  43   7.71447450e-01  1.67198982e-01  1.50e-09 1.25e-03  1.87e-05     1s
  44   7.67692210e-01  1.55269098e-01  1.59e-09 1.60e-03  1.77e-05     1s
  45   7.61535609e-01  1.45024177e-01  1.54e-09 1.58e-03  1.76e-05     1s
  46   7.62456861e-01  1.84254273e-01  1.48e-09 1.64e-03  1.65e-05     1s
  47   7.60978457e-01  8.66326846e-02  1.44e-09 3.33e-03  1.56e-05     1s
  48   7.59485898e-01  8.58217879e-02  1.45e-09 3.33e-03  1.56e-05     1s
  49   7.54884222e-01  4.03027224e-02  1.48e-09 4.05e-03  1.56e-05     1s
  50   7.56229054e-01  6.70686098e-02  1.38e-09 3.89e-03  1.51e-05     1s
  51   7.54413736e-01  2.94458893e-02  1.13e-09 4.35e-03  1.15e-05     2s
  52   7.34033304e-01  1.57208933e-01  9.03e-10 3.89e-03  9.07e-06     2s
  53   7.38309179e-01  2.31211614e-01  9.55e-10 3.44e-03  7.50e-06     2s
  54   7.39038567e-01  4.46800678e-01  9.76e-10 2.55e-03  4.70e-06     2s
  55   7.39074760e-01  4.47262243e-01  9.80e-10 2.64e-03  4.69e-06     2s
  56   7.38674917e-01  4.70734992e-01  8.39e-10 2.62e-03  3.92e-06     2s
  57   7.38952404e-01  4.73782597e-01  9.50e-10 2.71e-03  3.12e-06     2s
  58   7.39002226e-01  4.54615869e-01  9.52e-10 2.68e-03  3.04e-06     2s
  59   7.36404577e-01  4.62554788e-01  9.55e-10 2.61e-03  3.01e-06     2s
  60   7.39129071e-01  4.64134539e-01  9.39e-10 2.60e-03  3.01e-06     2s
  61   7.37431235e-01  4.84916935e-01  9.01e-10 2.28e-03  2.85e-06     2s
  62   7.35553419e-01  5.23993111e-01  9.11e-10 1.98e-03  2.75e-06     2s
  63   7.35553318e-01  5.27019286e-01  9.19e-10 1.89e-03  2.75e-06     2s
  64   7.28650096e-01  5.35493139e-01  1.46e-09 2.09e-03  2.51e-06     2s
  65   7.28005983e-01  5.38483899e-01  1.52e-09 2.22e-03  2.41e-06     2s
  66   7.27287190e-01  5.38148974e-01  1.68e-09 2.24e-03  2.40e-06     2s
  67   7.27305497e-01  5.61148803e-01  1.27e-09 2.09e-03  2.34e-06     2s
  68   7.24581956e-01  6.06501936e-01  1.08e-09 1.63e-03  2.32e-06     2s
  69   7.25660473e-01  6.13113597e-01  6.56e-10 1.60e-03  2.27e-06     2s
  70   7.24875695e-01  6.63834462e-01  7.74e-10 1.43e-03  2.03e-06     2s
  71   7.30401658e-01  6.71526783e-01  1.64e-09 1.44e-03  2.06e-06     2s
  72   7.27197140e-01  6.57062743e-01  1.31e-09 1.43e-03  1.98e-06     2s
  73   7.27266118e-01  6.46311023e-01  1.29e-09 1.84e-03  1.57e-06     2s
  74   7.23400191e-01  6.82174872e-01  1.22e-09 1.33e-03  1.33e-06     2s
  75   7.22866521e-01  6.86758314e-01  1.21e-09 1.39e-03  1.23e-06     2s
  76   7.21972736e-01  6.80371300e-01  9.27e-10 1.52e-03  1.17e-06     2s
  77   7.20375630e-01  6.80983332e-01  1.21e-09 1.52e-03  1.17e-06     2s
  78   7.17070685e-01  6.66860845e-01  1.03e-09 1.94e-03  8.35e-07     2s
  79   7.16583568e-01  6.47314065e-01  9.91e-10 1.99e-03  7.23e-07     2s
  80   7.17528314e-01  6.69627787e-01  6.04e-10 1.88e-03  6.27e-07     2s
  81   7.17510917e-01  6.68994062e-01  6.23e-10 1.84e-03  5.97e-07     2s
  82   7.17506921e-01  6.76693902e-01  6.21e-10 1.82e-03  5.75e-07     2s
  83   7.12194207e-01  6.88181434e-01  2.28e-09 1.68e-03  5.56e-07     2s
  84   7.19938896e-01  6.87972074e-01  2.42e-09 1.66e-03  5.54e-07     2s
  85   7.19070400e-01  6.77401759e-01  2.76e-09 1.80e-03  4.36e-07     2s
  86   7.17933564e-01  6.82711616e-01  2.42e-09 1.10e-03  2.91e-07     2s
  87   7.14438315e-01  7.09852484e-01  1.71e-09 1.08e-03  2.01e-07     2s
  88   7.01461933e-01  7.18370293e-01  7.13e-09 1.14e-03  1.71e-07     2s
  89   7.01280819e-01  7.24262519e-01  1.02e-07 1.29e-03  1.37e-07     2s
  90   6.94283345e-01  7.22307592e-01  2.37e-08 2.16e-03  5.00e-08     2s
  91   6.92730360e-01  7.12496190e-01  1.27e-08 2.33e-03  3.05e-08     2s
  92   6.91306930e-01  7.49218766e-01  1.07e-08 1.63e-03  7.72e-09     2s
  93   6.91308169e-01  7.34593142e-01  1.04e-08 1.67e-03  7.57e-09     2s
  94   6.91371078e-01  7.25987353e-01  9.96e-09 1.79e-03  7.12e-09     2s
  95   6.87270989e-01  7.20606071e-01  1.12e-08 2.17e-03  7.99e-09     2s
  96   6.86891766e-01  6.97717993e-01  1.88e-08 2.33e-03  1.24e-08     2s
  97   6.81953558e-01  6.55569143e-01  2.10e-08 3.15e-03  3.64e-09     2s
  98   6.81050994e-01  6.50695694e-01  2.12e-08 3.18e-03  3.85e-09     2s
  99   6.80871853e-01  6.56511722e-01  2.12e-08 3.09e-03  3.48e-09     2s
 100   6.81590785e-01  6.56566405e-01  1.98e-08 3.09e-03  3.50e-09     2s
 101   6.81287935e-01  6.58891178e-01  1.92e-08 3.06e-03  3.40e-09     2s
 102   6.80796875e-01  6.60817087e-01  1.88e-08 3.04e-03  3.38e-09     2s
 103   6.80687792e-01  6.68664865e-01  1.90e-08 2.94e-03  3.33e-09     2s
 104   6.80249556e-01  6.91343573e-01  1.79e-08 2.68e-03  2.97e-09     2s
 105   6.80254498e-01  6.88316306e-01  1.79e-08 2.71e-03  2.92e-09     2s
 106   6.79934289e-01  6.79407639e-01  1.51e-08 2.78e-03  2.91e-09     2s
 107   6.79933504e-01  6.79652144e-01  1.52e-08 2.77e-03  2.87e-09     2s
 108   6.81362861e-01  6.79004570e-01  1.47e-08 2.66e-03  4.71e-09     2s

Barrier performed 108 iterations in 2.34 seconds (4.15 work units)
Sub-optimal termination - objective 6.91306930e-01

Crossover log...

      26 DPushes remaining with DInf 0.0000000e+00                 2s
       0 DPushes remaining with DInf 0.0000000e+00                 2s

      56 PPushes remaining with PInf 0.0000000e+00                 2s
       0 PPushes remaining with PInf 0.0000000e+00                 2s

  Push phase complete: Pinf 0.0000000e+00, Dinf 2.9508930e+00      3s

Iteration    Objective       Primal Inf.    Dual Inf.      Time
      85    6.8192310e-01   0.000000e+00   2.950893e+00      3s
Crossover time: 0.22 seconds (0.20 work units)
Crossover changed status from Sub-Optimal to Optimal
     173    6.6212603e-01   0.000000e+00   0.000000e+00      3s

Solved in 173 iterations and 3.30 seconds (5.04 work units)
Optimal objective  6.621260302e-01
Set parameter Threads to value 1
Set parameter Method to value 2
Set parameter Crossover to value 1
Set parameter TimeLimit to value 300
Set parameter FeasibilityTol to value 1e-08
Set parameter OptimalityTol to value 1e-08
Set parameter BarConvTol to value 1e-11
Set parameter PreDual to value 0
Set parameter Seed to value 20260929
