
Gurobi 13.0.2 (win64) logging started Sun Oct  4 12:05:14 2026

Set parameter LogFile to value "docs/v42_m1_exact_dw_cg_root_pilot/logs/RMP_0028.log"
Gurobi Optimizer version 13.0.2 build v13.0.2rc1 (win64 - Windows 11+.0 (26200.2))

CPU model: 13th Gen Intel(R) Core(TM) i7-13620H, instruction set [SSE2|AVX|AVX2]
Thread count: 10 physical cores, 16 logical processors, using up to 1 threads

Non-default parameters:
TimeLimit  300
FeasibilityTol  1e-08
OptimalityTol  1e-08
Method  2
BarConvTol  1e-11
Crossover  1
PreDual  0
LogToConsole  0
Seed  20260929
Threads  1

Optimize a model with 679959 rows, 81329 columns and 7165058 nonzeros (Min)
Model has 1 linear objective coefficients
Coefficient statistics:
  Matrix range     [1e-13, 4e+02]
  Objective range  [1e+00, 1e+00]
  Bounds range     [1e+00, 1e+00]
  RHS range        [2e-24, 2e+03]
Warning: Model contains large matrix coefficient range
         Consider reformulating model or setting NumericFocus parameter
         to avoid numerical issues.

LP warm-start: discard basis
Presolve time: 0.88s
Presolved: 39293 rows, 9502 columns, 305821 nonzeros

Ordering time: 0.03s

Barrier statistics:
 Dense cols : 401
 AA' NZ     : 4.050e+05
 Factor NZ  : 6.228e+05 (roughly 25 MB of memory)
 Factor Ops : 2.481e+07 (less than 1 second per iteration)
 Threads    : 1

                  Objective                Residual
Iter       Primal          Dual         Primal    Dual     Compl     Time
   0   1.96377392e+03 -1.47799677e+04  5.80e+04 1.66e-06  1.96e+02     1s
   1   1.96367250e+03 -2.12641328e+04  5.59e+04 1.96e+01  1.86e+02     1s
   2   1.96374757e+03 -3.05716859e+04  5.26e+04 2.19e+01  1.72e+02     1s
   3   1.96371899e+03 -3.09465458e+04  5.22e+04 2.24e+01  1.71e+02     1s
   4   1.96402105e+03 -3.05061796e+04  5.12e+04 2.21e+01  1.69e+02     1s
   5   1.96401824e+03 -2.99677171e+04  5.12e+04 2.10e+01  1.69e+02     1s
   6   1.96405708e+03 -3.12482943e+04  5.11e+04 2.25e+01  1.69e+02     1s
   7   1.96405389e+03 -3.02691980e+04  5.11e+04 2.14e+01  1.69e+02     1s
   8   1.96411714e+03 -3.15419011e+04  5.09e+04 2.27e+01  1.68e+02     1s
   9   1.96410731e+03 -3.06797917e+04  5.08e+04 2.16e+01  1.68e+02     1s
  10   1.96420163e+03 -3.18658745e+04  5.06e+04 2.29e+01  1.67e+02     1s
  11   1.96420871e+03 -3.22329129e+04  5.06e+04 2.47e+01  1.67e+02     1s
  12   1.96421598e+03 -3.30614686e+04  5.06e+04 3.09e+01  1.64e+02     1s
  13   1.96421405e+03 -3.28548018e+04  5.06e+04 2.91e+01  1.63e+02     1s
  14   1.96421561e+03 -3.33633302e+04  5.06e+04 3.34e+01  1.63e+02     1s
  15   1.96421471e+03 -3.23677603e+04  5.06e+04 2.57e+01  1.62e+02     1s
  16   1.96421757e+03 -3.25004865e+04  5.06e+04 2.72e+01  1.61e+02     1s
  17   1.96421688e+03 -3.24218158e+04  5.06e+04 2.61e+01  1.61e+02     1s
  18   1.96421861e+03 -3.24956033e+04  5.06e+04 2.71e+01  1.60e+02     1s
  19   1.96421709e+03 -3.24165830e+04  5.06e+04 2.59e+01  1.60e+02     1s
  20   1.96421864e+03 -3.25058595e+04  5.06e+04 2.69e+01  1.60e+02     1s
  21   1.96421699e+03 -3.24417737e+04  5.06e+04 2.60e+01  1.60e+02     1s

Barrier performed 21 iterations in 1.46 seconds (2.82 work units)
Numerical trouble encountered

Model may be infeasible or unbounded.  Consider using the
homogeneous algorithm (through parameter 'BarHomogeneous')

Iteration    Objective       Primal Inf.    Dual Inf.      Time
       0    1.0000000e+00   7.285440e+04   4.148251e+09      2s
Crossover changed status from Numeric to Optimal
    2027    6.5750885e-01   0.000000e+00   0.000000e+00      3s

Solved in 2027 iterations and 2.92 seconds (5.34 work units)
Optimal objective  6.575088549e-01
Set parameter Threads to value 1
Set parameter Method to value 2
Set parameter Crossover to value 1
Set parameter TimeLimit to value 300
Set parameter FeasibilityTol to value 1e-08
Set parameter OptimalityTol to value 1e-08
Set parameter BarConvTol to value 1e-11
Set parameter PreDual to value 0
Set parameter Seed to value 20260929
