
Gurobi 13.0.2 (win64) logging started Sun Oct  4 12:06:22 2026

Set parameter LogFile to value "docs/v42_m1_exact_dw_cg_root_pilot/logs/RMP_0037.log"
Gurobi Optimizer version 13.0.2 build v13.0.2rc1 (win64 - Windows 11+.0 (26200.2))

CPU model: 13th Gen Intel(R) Core(TM) i7-13620H, instruction set [SSE2|AVX|AVX2]
Thread count: 10 physical cores, 16 logical processors, using up to 1 threads

Non-default parameters:
TimeLimit  300
FeasibilityTol  1e-08
OptimalityTol  1e-08
Method  2
BarConvTol  1e-11
Crossover  1
PreDual  0
LogToConsole  0
Seed  20260929
Threads  1

Optimize a model with 679959 rows, 81365 columns and 7165936 nonzeros (Min)
Model has 1 linear objective coefficients
Coefficient statistics:
  Matrix range     [1e-13, 4e+02]
  Objective range  [1e+00, 1e+00]
  Bounds range     [1e+00, 1e+00]
  RHS range        [2e-24, 2e+03]
Warning: Model contains large matrix coefficient range
         Consider reformulating model or setting NumericFocus parameter
         to avoid numerical issues.

LP warm-start: discard basis
Presolve time: 0.90s
Presolved: 48709 rows, 12168 columns, 384820 nonzeros

Ordering time: 0.03s

Barrier statistics:
 Dense cols : 518
 AA' NZ     : 5.036e+05
 Factor NZ  : 7.861e+05 (roughly 30 MB of memory)
 Factor Ops : 4.133e+07 (less than 1 second per iteration)
 Threads    : 1

                  Objective                Residual
Iter       Primal          Dual         Primal    Dual     Compl     Time
   0   1.88285769e+03 -2.10028647e+04  7.56e+04 1.34e-06  1.88e+02     1s
   1   1.88286481e+03 -2.53323887e+04  7.33e+04 2.04e+01  1.82e+02     1s
   2   1.88286781e+03 -3.79672844e+04  6.61e+04 5.47e+01  1.64e+02     1s
   3   1.88290133e+03 -4.84762449e+04  6.40e+04 5.48e+01  1.58e+02     1s
   4   1.88287732e+03 -4.72271205e+04  6.38e+04 6.07e+01  1.57e+02     1s
   5   1.88293246e+03 -4.99171805e+04  6.36e+04 5.43e+01  1.57e+02     1s
   6   1.88301271e+03 -4.78361818e+04  6.31e+04 6.47e+01  1.56e+02     1s
   7   1.88303560e+03 -4.95468394e+04  6.27e+04 6.32e+01  1.55e+02     1s
   8   1.88306221e+03 -5.32173176e+04  6.26e+04 5.36e+01  1.54e+02     1s
   9   1.88352614e+03 -5.26706146e+04  6.06e+04 7.15e+01  1.50e+02     1s
  10   1.88353296e+03 -5.36323806e+04  6.06e+04 6.96e+01  1.50e+02     1s
  11   1.88353021e+03 -5.34422566e+04  6.06e+04 7.03e+01  1.50e+02     1s
  12   1.88361420e+03 -5.63472970e+04  6.03e+04 6.69e+01  1.46e+02     1s
  13   1.88360258e+03 -5.53459863e+04  6.02e+04 7.09e+01  1.44e+02     1s
  14   1.88360649e+03 -5.61978755e+04  6.02e+04 6.87e+01  1.44e+02     1s
  15   1.88361125e+03 -5.63748314e+04  6.02e+04 6.82e+01  1.44e+02     1s
  16   1.88365392e+03 -6.07745700e+04  6.02e+04 6.63e+01  1.42e+02     2s
  17   1.88381296e+03 -5.95502871e+04  5.95e+04 6.68e+01  1.39e+02     2s
  18   1.88378173e+03 -5.77110660e+04  5.91e+04 7.79e+01  1.37e+02     2s
  19   1.88381361e+03 -5.89623966e+04  5.88e+04 7.52e+01  1.37e+02     2s
  20   1.88383427e+03 -5.84209505e+04  5.87e+04 7.68e+01  1.36e+02     2s
  21   1.88383773e+03 -5.76697184e+04  5.87e+04 7.85e+01  1.35e+02     2s
  22   1.88386602e+03 -5.87959196e+04  5.86e+04 7.69e+01  1.35e+02     2s
  23   1.88386693e+03 -5.79597095e+04  5.86e+04 7.88e+01  1.34e+02     2s

Barrier performed 23 iterations in 1.71 seconds (3.32 work units)
Numerical trouble encountered

Model may be infeasible or unbounded.  Consider using the
homogeneous algorithm (through parameter 'BarHomogeneous')

Iteration    Objective       Primal Inf.    Dual Inf.      Time
       0    1.0000000e+00   1.116590e+05   5.330825e+09      2s
Crossover changed status from Numeric to Optimal
    3097    6.3718991e-01   0.000000e+00   0.000000e+00      3s

Solved in 3097 iterations and 3.04 seconds (5.93 work units)
Optimal objective  6.371899106e-01
Set parameter Threads to value 1
Set parameter Method to value 2
Set parameter Crossover to value 1
Set parameter TimeLimit to value 300
Set parameter FeasibilityTol to value 1e-08
Set parameter OptimalityTol to value 1e-08
Set parameter BarConvTol to value 1e-11
Set parameter PreDual to value 0
Set parameter Seed to value 20260929
