
Gurobi 13.0.2 (win64) logging started Sun Oct  4 12:03:05 2026

Set parameter LogFile to value "docs/v42_m1_exact_dw_cg_root_pilot/logs/RMP_0010.log"
Gurobi Optimizer version 13.0.2 build v13.0.2rc1 (win64 - Windows 11+.0 (26200.2))

CPU model: 13th Gen Intel(R) Core(TM) i7-13620H, instruction set [SSE2|AVX|AVX2]
Thread count: 10 physical cores, 16 logical processors, using up to 1 threads

Non-default parameters:
TimeLimit  300
FeasibilityTol  1e-08
OptimalityTol  1e-08
Method  2
BarConvTol  1e-11
Crossover  1
PreDual  0
LogToConsole  0
Seed  20260929
Threads  1

Optimize a model with 679959 rows, 81257 columns and 7163196 nonzeros (Min)
Model has 1 linear objective coefficients
Coefficient statistics:
  Matrix range     [1e-13, 4e+02]
  Objective range  [1e+00, 1e+00]
  Bounds range     [1e+00, 1e+00]
  RHS range        [2e-24, 2e+03]
Warning: Model contains large matrix coefficient range
         Consider reformulating model or setting NumericFocus parameter
         to avoid numerical issues.

LP warm-start: discard basis
Presolve time: 0.69s
Presolved: 20626 rows, 4143 columns, 143987 nonzeros

Ordering time: 0.01s

Barrier statistics:
 Dense cols : 192
 AA' NZ     : 1.837e+05
 Factor NZ  : 2.728e+05 (roughly 13 MB of memory)
 Factor Ops : 6.597e+06 (less than 1 second per iteration)
 Threads    : 1

                  Objective                Residual
Iter       Primal          Dual         Primal    Dual     Compl     Time
   0   1.50288708e+03 -4.52463595e+03  1.97e+04 2.74e-06  1.50e+02     1s
   1   1.50287539e+03 -9.76263334e+03  1.88e+04 1.88e+01  1.41e+02     1s
   2   1.51018921e+03 -1.43712077e+04  1.65e+04 3.62e+01  1.18e+02     1s
   3   1.50997106e+03 -2.91719902e+04  1.40e+04 3.75e+01  9.61e+01     1s
   4   1.51434737e+03 -3.89164024e+04  1.17e+04 6.22e+01  7.10e+01     1s
   5   1.42925448e+03 -5.15041901e+04  9.36e+03 6.50e+01  4.29e+01     1s
   6   4.36877241e+02 -4.83845230e+04  2.87e+03 5.95e+01  1.39e+01     1s
   7   3.16938965e+02 -3.93130157e+04  2.08e+03 4.53e+01  9.92e+00     1s
   8   2.93794871e+02 -3.70279596e+04  1.93e+03 4.08e+01  9.08e+00     1s
   9   2.32582012e+02 -2.76054159e+04  1.52e+03 2.62e+01  6.66e+00     1s
  10   1.50955494e+02 -2.18699604e+04  9.86e+02 1.80e+01  4.25e+00     1s
  11   8.96251423e+01 -1.64979094e+04  5.82e+02 1.49e+01  2.60e+00     1s
  12   5.73160579e+01 -1.44488552e+04  3.70e+02 1.16e+01  1.81e+00     1s
  13   3.28577014e+01 -8.43929467e+03  2.09e+02 2.27e+00  9.60e-01     1s
  14   1.62661462e+01 -3.55900411e+03  1.00e+02 1.08e+00  3.98e-01     1s
  15   7.20606877e+00 -1.85378751e+03  4.08e+01 1.21e+00  1.73e-01     1s
  16   2.48228692e+00 -7.24419731e+02  9.74e+00 1.01e+00  5.07e-02     1s
  17   9.98639161e-01 -1.86608962e+02  6.05e-08 4.61e-01  7.99e-03     1s
  18   9.98609420e-01 -1.01971693e+00  2.95e-08 4.96e-03  8.60e-05     1s
  19   8.40006620e-01 -8.78744380e-01  2.40e-08 4.42e-03  7.29e-05     1s
  20   7.65759455e-01 -2.06230877e-01  1.88e-08 2.00e-03  4.24e-05     1s
  21   7.52471971e-01 -1.67361867e-01  1.69e-08 1.85e-03  3.99e-05     1s
  22   7.51378691e-01 -1.34646515e-01  1.68e-08 1.56e-03  3.87e-05     1s
  23   7.50442674e-01 -2.75594303e-02  1.23e-08 1.41e-03  3.42e-05     1s
  24   7.45434906e-01 -1.13384453e-02  1.18e-08 1.06e-03  3.38e-05     1s
  25   7.38196694e-01  2.16324280e-01  9.29e-09 1.11e-03  2.31e-05     1s
  26   7.29727614e-01  2.25296354e-01  8.11e-09 1.16e-03  2.24e-05     1s
  27   7.28192794e-01  4.58297249e-01  5.29e-09 1.72e-03  1.15e-05     1s
  28   7.22418897e-01  5.30005294e-01  7.43e-10 3.00e-03  5.41e-06     1s
  29   7.18103921e-01  5.40181242e-01  7.59e-10 2.94e-03  4.68e-06     1s
  30   7.10593609e-01  6.32888362e-01  1.15e-10 2.65e-03  1.17e-06     1s
  31   7.03424533e-01  6.50479383e-01  1.69e-11 3.19e-03  1.65e-07     1s
  32   7.00922023e-01  6.81277538e-01  7.34e-11 2.77e-03  5.27e-08     1s
  33   7.00023264e-01  6.87691357e-01  8.42e-11 2.67e-03  5.16e-08     1s
  34   6.99691289e-01  7.02668613e-01  2.80e-11 2.49e-03  4.85e-08     1s
  35   6.99834991e-01  7.02629402e-01  7.59e-10 2.49e-03  4.86e-08     1s
  36   6.99878779e-01  7.35484632e-01  2.87e-10 2.01e-03  4.70e-08     1s
  37   6.97745319e-01  7.28702890e-01  1.75e-09 2.11e-03  4.43e-08     1s
  38   6.97672049e-01  7.28364923e-01  1.50e-09 2.10e-03  4.09e-08     1s
  39   6.97658887e-01  7.28883149e-01  1.43e-09 2.07e-03  4.05e-08     1s
  40   6.97662022e-01  7.33454316e-01  1.38e-09 1.35e-03  4.34e-08     1s
  41   6.97471672e-01  7.27997989e-01  2.45e-09 1.35e-03  4.00e-08     1s
  42   6.97385227e-01  7.28956540e-01  3.15e-09 1.40e-03  3.85e-08     1s
  43   6.96400363e-01  7.38733881e-01  1.31e-08 1.30e-03  3.77e-08     1s
  44   6.96426440e-01  7.41952385e-01  1.33e-08 1.23e-03  3.77e-08     1s
  45   6.95492067e-01  7.41949234e-01  1.27e-08 1.23e-03  3.83e-08     1s
  46   6.94752697e-01  7.55254214e-01  1.27e-08 1.30e-03  3.77e-08     1s
  47   6.95242544e-01  7.54757449e-01  1.24e-08 1.32e-03  3.62e-08     1s
  48   6.94327050e-01  7.52384403e-01  1.17e-08 1.32e-03  3.38e-08     1s
  49   6.94640457e-01  7.48617654e-01  1.09e-08 1.32e-03  3.20e-08     1s
  50   6.95078942e-01  7.47352138e-01  1.08e-08 1.32e-03  3.08e-08     1s
  51   6.95159799e-01  7.45778074e-01  1.31e-08 1.35e-03  3.06e-08     1s
  52   6.95683464e-01  7.60397712e-01  1.34e-08 1.09e-03  3.06e-08     1s
  53   6.95631540e-01  7.72549312e-01  1.51e-08 1.03e-03  2.96e-08     1s
  54   6.95861096e-01  7.77812773e-01  1.59e-08 9.70e-04  2.96e-08     1s
  55   6.95867809e-01  7.49697742e-01  1.59e-08 7.49e-04  4.73e-08     1s
  56   6.95949095e-01  7.48994066e-01  1.59e-08 7.59e-04  4.74e-08     1s
  57   6.95863212e-01  7.49562006e-01  1.52e-08 7.60e-04  4.59e-08     1s
  58   6.95812951e-01  7.52746447e-01  1.44e-08 7.70e-04  4.47e-08     1s
  59   6.94372475e-01  6.38332144e-01  1.29e-08 1.42e-03  2.78e-08     1s
  60   6.93581564e-01  6.33046118e-01  9.30e-09 1.52e-03  2.75e-08     1s
  61   6.93700364e-01  6.36020671e-01  1.76e-08 1.56e-03  2.69e-08     1s
  62   6.93778499e-01  6.33671179e-01  1.75e-08 1.54e-03  2.75e-08     1s
  63   6.93437526e-01  6.37102362e-01  1.75e-08 1.51e-03  2.51e-08     1s
  64   6.99719166e-01  6.39770301e-01  8.58e-08 1.50e-03  3.30e-08     1s

Barrier performed 64 iterations in 1.34 seconds (2.54 work units)
Sub-optimal termination - objective 6.95861096e-01

Crossover log...

      56 DPushes remaining with DInf 0.0000000e+00                 1s
       0 DPushes remaining with DInf 0.0000000e+00                 1s

      37 PPushes remaining with PInf 0.0000000e+00                 1s
       0 PPushes remaining with PInf 0.0000000e+00                 1s

  Push phase complete: Pinf 0.0000000e+00, Dinf 1.5075789e+00      1s

Iteration    Objective       Primal Inf.    Dual Inf.      Time
      91    6.8040390e-01   0.000000e+00   1.507579e+00      1s
Crossover time: 0.04 seconds (0.10 work units)
Crossover changed status from Sub-Optimal to Optimal
     144    6.6252335e-01   0.000000e+00   0.000000e+00      2s

Solved in 144 iterations and 1.99 seconds (3.33 work units)
Optimal objective  6.625233524e-01
Set parameter Threads to value 1
Set parameter Method to value 2
Set parameter Crossover to value 1
Set parameter TimeLimit to value 300
Set parameter FeasibilityTol to value 1e-08
Set parameter OptimalityTol to value 1e-08
Set parameter BarConvTol to value 1e-11
Set parameter PreDual to value 0
Set parameter Seed to value 20260929
