
Gurobi 13.0.2 (win64) logging started Sun Oct  4 12:03:27 2026

Set parameter LogFile to value "docs/v42_m1_exact_dw_cg_root_pilot/logs/RMP_0013.log"
Gurobi Optimizer version 13.0.2 build v13.0.2rc1 (win64 - Windows 11+.0 (26200.2))

CPU model: 13th Gen Intel(R) Core(TM) i7-13620H, instruction set [SSE2|AVX|AVX2]
Thread count: 10 physical cores, 16 logical processors, using up to 1 threads

Non-default parameters:
TimeLimit  300
FeasibilityTol  1e-08
OptimalityTol  1e-08
Method  2
BarConvTol  1e-11
Crossover  1
PreDual  0
LogToConsole  0
Seed  20260929
Threads  1

Optimize a model with 679959 rows, 81269 columns and 7163543 nonzeros (Min)
Model has 1 linear objective coefficients
Coefficient statistics:
  Matrix range     [1e-13, 4e+02]
  Objective range  [1e+00, 1e+00]
  Bounds range     [1e+00, 1e+00]
  RHS range        [2e-24, 2e+03]
Warning: Model contains large matrix coefficient range
         Consider reformulating model or setting NumericFocus parameter
         to avoid numerical issues.

LP warm-start: discard basis
Presolve time: 0.76s
Presolved: 26956 rows, 5921 columns, 199459 nonzeros

Ordering time: 0.01s

Barrier statistics:
 Dense cols : 252
 AA' NZ     : 2.334e+05
 Factor NZ  : 3.634e+05 (roughly 17 MB of memory)
 Factor Ops : 8.349e+06 (less than 1 second per iteration)
 Threads    : 1

                  Objective                Residual
Iter       Primal          Dual         Primal    Dual     Compl     Time
   0   1.12630618e+03 -5.77931463e+03  1.74e+04 1.88e-06  1.13e+02     1s
   1   1.12632383e+03 -8.34313761e+03  1.66e+04 1.45e+01  1.07e+02     1s
   2   1.12628566e+03 -1.10332854e+04  1.55e+04 1.74e+01  9.79e+01     1s
   3   1.12629755e+03 -1.41465566e+04  1.52e+04 3.37e+01  9.35e+01     1s
   4   1.12628742e+03 -1.46617565e+04  1.46e+04 3.03e+01  9.04e+01     1s
   5   1.12626248e+03 -1.45201917e+04  1.45e+04 2.67e+01  8.98e+01     1s
   6   1.12632199e+03 -1.51784246e+04  1.44e+04 3.42e+01  8.93e+01     1s
   7   1.12632482e+03 -1.49662446e+04  1.44e+04 2.96e+01  8.89e+01     1s
   8   1.12644733e+03 -1.58734565e+04  1.42e+04 3.66e+01  8.81e+01     1s
   9   1.12642503e+03 -1.51455795e+04  1.42e+04 2.71e+01  8.77e+01     1s
  10   1.12649904e+03 -1.57191526e+04  1.41e+04 3.29e+01  8.71e+01     1s
  11   1.12650586e+03 -1.59157843e+04  1.41e+04 3.54e+01  8.71e+01     1s
  12   1.12651161e+03 -1.60083596e+04  1.41e+04 3.71e+01  8.41e+01     1s
  13   1.12650830e+03 -1.59206640e+04  1.41e+04 3.56e+01  8.20e+01     1s
  14   1.12651221e+03 -1.59901816e+04  1.41e+04 3.68e+01  8.20e+01     1s
  15   1.12650891e+03 -1.59164215e+04  1.41e+04 3.55e+01  8.20e+01     1s
  16   1.12651269e+03 -1.59801061e+04  1.41e+04 3.67e+01  8.05e+01     1s
  17   1.12650940e+03 -1.59038159e+04  1.41e+04 3.53e+01  7.95e+01     1s
  18   1.12651327e+03 -1.59715615e+04  1.41e+04 3.65e+01  7.95e+01     1s
  19   1.12651009e+03 -1.58974138e+04  1.41e+04 3.51e+01  7.95e+01     1s
  20   1.12651576e+03 -1.59870805e+04  1.41e+04 3.67e+01  7.87e+01     1s
  21   1.12651255e+03 -1.58898709e+04  1.41e+04 3.48e+01  7.81e+01     1s
  22   1.12651818e+03 -1.59769130e+04  1.41e+04 3.64e+01  7.81e+01     1s

Barrier performed 22 iterations in 1.19 seconds (2.44 work units)
Numerical trouble encountered

Model may be infeasible or unbounded.  Consider using the
homogeneous algorithm (through parameter 'BarHomogeneous')

Iteration    Objective       Primal Inf.    Dual Inf.      Time
       0    1.0000000e+00   4.552055e+04   2.099127e+09      2s
Crossover changed status from Numeric to Optimal
    1030    6.6213181e-01   0.000000e+00   0.000000e+00      2s

Solved in 1030 iterations and 2.29 seconds (4.05 work units)
Optimal objective  6.621318113e-01
Set parameter Threads to value 1
Set parameter Method to value 2
Set parameter Crossover to value 1
Set parameter TimeLimit to value 300
Set parameter FeasibilityTol to value 1e-08
Set parameter OptimalityTol to value 1e-08
Set parameter BarConvTol to value 1e-11
Set parameter PreDual to value 0
Set parameter Seed to value 20260929
