
Gurobi 13.0.2 (win64) logging started Sun Oct  4 12:07:45 2026

Set parameter LogFile to value "docs/v42_m1_exact_dw_cg_root_pilot/logs/RMP_0048.log"
Gurobi Optimizer version 13.0.2 build v13.0.2rc1 (win64 - Windows 11+.0 (26200.2))

CPU model: 13th Gen Intel(R) Core(TM) i7-13620H, instruction set [SSE2|AVX|AVX2]
Thread count: 10 physical cores, 16 logical processors, using up to 1 threads

Non-default parameters:
TimeLimit  300
FeasibilityTol  1e-08
OptimalityTol  1e-08
Method  2
BarConvTol  1e-11
Crossover  1
PreDual  0
LogToConsole  0
Seed  20260929
Threads  1

Optimize a model with 679959 rows, 81409 columns and 7167215 nonzeros (Min)
Model has 1 linear objective coefficients
Coefficient statistics:
  Matrix range     [1e-13, 4e+02]
  Objective range  [1e+00, 1e+00]
  Bounds range     [1e+00, 1e+00]
  RHS range        [2e-24, 2e+03]
Warning: Model contains large matrix coefficient range
         Consider reformulating model or setting NumericFocus parameter
         to avoid numerical issues.

LP warm-start: discard basis
Presolve time: 1.02s
Presolved: 56995 rows, 14918 columns, 457537 nonzeros

Ordering time: 0.04s

Barrier statistics:
 Dense cols : 611
 AA' NZ     : 6.003e+05
 Factor NZ  : 9.503e+05 (roughly 40 MB of memory)
 Factor Ops : 6.185e+07 (less than 1 second per iteration)
 Threads    : 1

                  Objective                Residual
Iter       Primal          Dual         Primal    Dual     Compl     Time
   0   1.89231154e+03 -2.63620264e+04  9.44e+04 7.43e-07  1.89e+02     1s
   1   1.89234740e+03 -2.50891197e+04  9.44e+04 1.95e+01  1.89e+02     1s
   2   1.89282289e+03 -3.43509018e+04  9.16e+04 3.20e+01  1.80e+02     1s
   3   1.89281482e+03 -3.60107750e+04  8.71e+04 4.18e+01  1.73e+02     1s
   4   1.89281215e+03 -3.71068005e+04  8.58e+04 4.43e+01  1.71e+02     1s
   5   1.89538195e+03 -4.62821819e+04  7.95e+04 5.69e+01  1.59e+02     1s
   6   1.89543136e+03 -4.79365495e+04  7.84e+04 6.55e+01  1.58e+02     1s
   7   1.89537663e+03 -4.73702489e+04  7.71e+04 6.51e+01  1.56e+02     1s
   8   1.89541660e+03 -4.83326677e+04  7.69e+04 5.31e+01  1.55e+02     1s
   9   1.89548949e+03 -5.37535927e+04  7.66e+04 6.65e+01  1.53e+02     2s
  10   1.89550424e+03 -5.84009243e+04  7.65e+04 6.84e+01  1.53e+02     2s
  11   1.89548975e+03 -5.67571319e+04  7.65e+04 6.74e+01  1.53e+02     2s
  12   1.89554910e+03 -5.90850052e+04  7.63e+04 6.85e+01  1.51e+02     2s
  13   1.89556093e+03 -6.02274945e+04  7.63e+04 6.92e+01  1.49e+02     2s
  14   1.89554995e+03 -5.79757875e+04  7.61e+04 6.78e+01  1.49e+02     2s
  15   1.89560255e+03 -5.97776054e+04  7.59e+04 6.89e+01  1.48e+02     2s
  16   1.89562321e+03 -6.06588602e+04  7.59e+04 6.95e+01  1.47e+02     2s
  17   1.89563514e+03 -6.11892120e+04  7.58e+04 6.98e+01  1.47e+02     2s
  18   1.89563083e+03 -6.04766906e+04  7.58e+04 6.94e+01  1.46e+02     2s
  19   1.89563940e+03 -6.11387397e+04  7.58e+04 6.99e+01  1.46e+02     2s
  20   1.89563389e+03 -6.04578653e+04  7.58e+04 6.94e+01  1.46e+02     2s
  21   1.89564032e+03 -6.11481894e+04  7.58e+04 6.99e+01  1.46e+02     2s

Barrier performed 21 iterations in 1.93 seconds (3.63 work units)
Numerical trouble encountered

Model may be infeasible or unbounded.  Consider using the
homogeneous algorithm (through parameter 'BarHomogeneous')

Iteration    Objective       Primal Inf.    Dual Inf.      Time
       0    1.0000000e+00   1.406849e+05   7.131238e+09      2s
Crossover changed status from Numeric to Optimal
    4136    6.2546358e-01   0.000000e+00   0.000000e+00      3s

Solved in 4136 iterations and 3.47 seconds (6.90 work units)
Optimal objective  6.254635819e-01
Set parameter Threads to value 1
Set parameter Method to value 2
Set parameter Crossover to value 1
Set parameter TimeLimit to value 300
Set parameter FeasibilityTol to value 1e-08
Set parameter OptimalityTol to value 1e-08
Set parameter BarConvTol to value 1e-11
Set parameter PreDual to value 0
Set parameter Seed to value 20260929
