
Gurobi 13.0.2 (win64) logging started Sun Oct  4 12:02:29 2026

Set parameter LogFile to value "docs/v42_m1_exact_dw_cg_root_pilot/logs/RMP_0003.log"
Gurobi Optimizer version 13.0.2 build v13.0.2rc1 (win64 - Windows 11+.0 (26200.2))

CPU model: 13th Gen Intel(R) Core(TM) i7-13620H, instruction set [SSE2|AVX|AVX2]
Thread count: 10 physical cores, 16 logical processors, using up to 1 threads

Non-default parameters:
TimeLimit  300
FeasibilityTol  1e-08
OptimalityTol  1e-08
Method  2
BarConvTol  1e-11
Crossover  1
PreDual  0
LogToConsole  0
Seed  20260929
Threads  1

Optimize a model with 679959 rows, 81229 columns and 7162392 nonzeros (Min)
Model has 1 linear objective coefficients
Coefficient statistics:
  Matrix range     [1e-13, 4e+02]
  Objective range  [1e+00, 1e+00]
  Bounds range     [1e+00, 1e+00]
  RHS range        [2e-24, 2e+03]
Warning: Model contains large matrix coefficient range
         Consider reformulating model or setting NumericFocus parameter
         to avoid numerical issues.

LP warm-start: discard basis
Presolve time: 0.64s
Presolved: 12250 rows, 2227 columns, 81836 nonzeros

Ordering time: 0.00s

Barrier statistics:
 Dense cols : 74
 AA' NZ     : 9.840e+04
 Factor NZ  : 1.390e+05 (roughly 7 MB of memory)
 Factor Ops : 2.130e+06 (less than 1 second per iteration)
 Threads    : 1

                  Objective                Residual
Iter       Primal          Dual         Primal    Dual     Compl     Time
   0   2.15185295e+02 -5.25015948e+02  8.74e+02 6.67e-06  2.17e+01     1s
   1   2.15210349e+02 -5.85543002e+03  6.40e+02 4.88e+01  1.18e+01     1s
   2   2.14629386e+02 -5.81507873e+03  4.35e+02 4.66e+01  1.02e+01     1s
   3   1.38032683e+02 -5.46515488e+03  2.80e+02 2.44e+01  6.04e+00     1s
   4   1.01049727e+02 -5.53389972e+03  2.04e+02 6.90e+00  3.98e+00     1s
   5   4.59485307e+01 -5.36733996e+03  9.18e+01 5.24e+00  2.09e+00     1s
   6   3.95869463e+01 -3.03571886e+03  7.88e+01 2.68e+00  1.29e+00     1s
   7   2.69108446e+01 -1.73339677e+03  5.29e+01 5.20e+00  7.69e-01     1s
   8   1.21072921e+00 -6.89585826e+02  4.30e-01 1.64e+00  6.20e-02     1s
   9   1.00027264e+00 -8.06525596e+01  2.00e-03 1.53e-01  6.83e-03     1s
  10   9.99232659e-01 -1.06410117e+00  8.98e-08 3.61e-03  1.72e-04     1s
  11   9.98683536e-01 -1.07394083e+00  8.96e-08 3.31e-03  1.71e-04     1s
  12   9.40364963e-01 -6.84025150e-01  5.66e-08 2.38e-03  1.34e-04     1s
  13   9.12029523e-01 -4.04596391e-01  5.17e-08 1.69e-03  1.09e-04     1s
  14   7.55940527e-01 -9.70432384e-02  2.81e-08 1.21e-03  7.02e-05     1s
  15   7.88267593e-01 -9.49061316e-02  2.73e-08 9.99e-04  7.16e-05     1s
  16   7.69898691e-01 -6.39698749e-02  2.51e-08 8.99e-04  6.35e-05     1s
  17   7.63598665e-01  2.92813868e-01  2.42e-08 7.45e-04  3.64e-05     1s
  18   7.58127632e-01  3.04858874e-01  2.32e-08 6.74e-04  3.50e-05     1s
  19   7.39039530e-01  3.99422610e-01  1.63e-08 8.88e-04  2.79e-05     1s
  20   7.38734554e-01  4.35393453e-01  1.46e-08 1.75e-03  2.46e-05     1s
  21   7.39539080e-01  4.87410285e-01  1.39e-08 2.53e-03  1.85e-05     1s
  22   7.39914333e-01  4.86650881e-01  1.39e-08 5.21e-03  1.80e-05     1s
  23   7.39713041e-01  5.41692357e-01  1.17e-08 4.01e-03  1.39e-05     1s
  24   7.36592460e-01  5.43030721e-01  1.01e-08 3.97e-03  1.36e-05     1s
  25   7.37197958e-01  5.19561450e-01  9.89e-09 4.47e-03  1.21e-05     1s
  26   7.22531971e-01  5.31717172e-01  4.93e-09 4.13e-03  1.10e-05     1s
  27   7.22823844e-01  5.29722450e-01  4.92e-09 4.22e-03  1.09e-05     1s
  28   7.26603276e-01  5.21226521e-01  4.89e-09 4.25e-03  1.08e-05     1s
  29   7.22272141e-01  5.19897589e-01  4.84e-09 4.17e-03  1.08e-05     1s
  30   7.20205758e-01  5.53674485e-01  4.60e-09 3.66e-03  8.77e-06     1s
  31   7.23880385e-01  5.55672648e-01  4.34e-09 3.50e-03  8.57e-06     1s
  32   7.24986298e-01  5.53538091e-01  4.31e-09 3.61e-03  8.41e-06     1s
  33   7.26983253e-01  4.88778906e-01  4.03e-09 3.89e-03  7.62e-06     1s
  34   7.20592162e-01  4.90909170e-01  3.35e-09 3.82e-03  7.40e-06     1s
  35   7.23295645e-01  6.42542245e-01  2.54e-09 3.08e-03  1.63e-06     1s
  36   7.16275608e-01  6.42795775e-01  2.32e-09 3.07e-03  1.58e-06     1s
  37   7.17407435e-01  6.40096828e-01  2.23e-09 2.64e-03  1.44e-06     1s
  38   7.17515768e-01  7.02852178e-01  1.63e-09 2.59e-03  1.43e-06     1s
  39   7.17426594e-01  6.83327557e-01  1.14e-09 2.67e-03  1.27e-06     1s
  40   7.17419001e-01  6.83098895e-01  1.14e-09 2.66e-03  1.26e-06     1s
  41   7.16066620e-01  6.82597190e-01  1.02e-09 2.65e-03  1.25e-06     1s
  42   7.15784658e-01  6.81311201e-01  1.01e-09 2.63e-03  1.20e-06     1s
  43   7.15819948e-01  6.81624645e-01  1.01e-09 2.67e-03  1.19e-06     1s
  44   7.15852038e-01  6.83914186e-01  1.01e-09 2.70e-03  1.18e-06     1s
  45   7.15908607e-01  6.43376488e-01  1.01e-09 3.17e-03  1.05e-06     1s
  46   7.18840843e-01  5.50916923e-01  7.45e-10 3.54e-03  7.13e-07     1s
  47   7.17366021e-01  5.54386835e-01  8.34e-10 3.49e-03  7.02e-07     1s
  48   7.15587350e-01  5.40786230e-01  6.87e-10 3.46e-03  6.98e-07     1s
  49   7.15877238e-01  5.44647839e-01  6.54e-10 3.35e-03  6.67e-07     1s
  50   7.12641044e-01  5.42337759e-01  4.57e-10 3.16e-03  6.20e-07     1s
  51   7.12470328e-01  5.42434338e-01  4.55e-10 3.16e-03  6.20e-07     1s
  52   7.12514054e-01  5.43123007e-01  4.54e-10 3.15e-03  6.20e-07     1s
  53   6.83539794e-01  5.81002021e-01  2.64e-10 2.95e-03  6.55e-07     1s
  54   6.83448574e-01  5.74627543e-01  2.67e-10 2.86e-03  6.26e-07     1s
  55   6.85367387e-01  5.70987941e-01  5.08e-10 2.25e-03  4.79e-07     1s
  56   6.85643382e-01  5.07413082e-01  4.79e-10 3.11e-03  4.41e-07     1s
  57   6.83353904e-01  5.17280366e-01  4.09e-10 3.04e-03  4.29e-07     1s
  58   6.83011586e-01  5.17894451e-01  6.84e-10 3.06e-03  4.33e-07     1s
  59   6.83018474e-01  5.18519910e-01  4.64e-10 2.88e-03  4.30e-07     1s
  60   6.83927329e-01  5.09383702e-01  2.26e-08 2.45e-03  4.16e-07     1s
  61   6.84482516e-01  5.04877616e-01  5.77e-08 2.46e-03  4.06e-07     1s
  62   6.84408440e-01  5.07350885e-01  5.71e-08 2.44e-03  4.03e-07     1s
  63   6.79495223e-01  5.38212622e-01  3.32e-08 2.34e-03  3.53e-07     1s
  64   6.79559084e-01  5.54967329e-01  3.11e-08 2.37e-03  2.61e-07     1s
  65   6.74662468e-01  5.56403605e-01  5.29e-09 2.98e-03  2.48e-07     1s
  66   6.74769240e-01  5.54721617e-01  5.29e-09 2.98e-03  2.45e-07     1s
  67   6.74841308e-01  5.55575046e-01  5.29e-09 2.91e-03  2.45e-07     1s
  68   6.74945509e-01  5.89470708e-01  5.20e-09 2.76e-03  2.00e-07     1s
  69   6.74899426e-01  5.98143015e-01  5.20e-09 2.69e-03  1.97e-07     1s
  70   6.74965045e-01  5.79204315e-01  5.18e-09 2.73e-03  1.72e-07     1s
  71   6.73918130e-01  5.83012749e-01  2.83e-09 2.75e-03  1.55e-07     1s
  72   6.73844634e-01  5.85081104e-01  2.82e-09 2.76e-03  1.48e-07     1s
  73   6.73871924e-01  5.76183837e-01  2.82e-09 2.77e-03  1.48e-07     1s
  74   6.72995180e-01  5.81661010e-01  2.71e-09 2.77e-03  1.27e-07     1s
  75   6.73181711e-01  5.81864665e-01  2.71e-09 2.77e-03  1.26e-07     1s
  76   6.72951495e-01  5.79518925e-01  2.71e-09 2.75e-03  1.23e-07     1s
  77   6.73435504e-01  5.86074599e-01  6.79e-09 2.67e-03  1.38e-07     1s
  78   6.73232404e-01  5.94044180e-01  6.47e-09 2.66e-03  1.30e-07     1s
  79   6.73242302e-01  5.91543849e-01  6.46e-09 2.69e-03  1.29e-07     1s
  80   6.73480773e-01  5.93043478e-01  6.25e-09 2.68e-03  1.25e-07     1s
  81   6.71162503e-01  5.93145903e-01  5.36e-09 2.68e-03  1.27e-07     1s
  82   6.72246868e-01  6.08980517e-01  4.55e-09 2.54e-03  1.17e-07     1s
  83   6.72300336e-01  6.20991363e-01  4.44e-09 2.50e-03  8.49e-08     1s
  84   6.72298574e-01  6.27638218e-01  4.43e-09 2.40e-03  8.01e-08     1s
  85   6.71179697e-01  6.29684966e-01  4.24e-09 2.28e-03  6.93e-08     1s
  86   6.71214266e-01  6.34637127e-01  3.90e-09 2.25e-03  6.73e-08     1s
  87   6.70065096e-01  6.35138117e-01  3.52e-09 2.25e-03  7.06e-08     1s
  88   6.71076393e-01  6.08822495e-01  3.39e-09 2.52e-03  6.60e-08     1s
  89   6.70976753e-01  5.97047117e-01  3.24e-09 2.73e-03  6.01e-08     1s
  90   6.71076638e-01  6.36721806e-01  2.93e-09 2.06e-03  4.28e-08     1s
  91   6.69171103e-01  6.43830341e-01  2.44e-09 1.98e-03  4.00e-08     1s
  92   6.68654279e-01  6.45236490e-01  2.32e-09 1.96e-03  3.90e-08     1s
  93   6.68818928e-01  6.43475286e-01  2.28e-09 1.97e-03  3.80e-08     1s
  94   6.68419550e-01  6.41441422e-01  2.09e-09 2.01e-03  3.55e-08     1s
  95   6.69069555e-01  6.53417668e-01  1.87e-09 1.99e-03  2.74e-08     1s
  96   6.69156121e-01  6.57038321e-01  1.84e-09 1.97e-03  2.46e-08     1s
  97   6.69147508e-01  6.57131658e-01  2.84e-09 1.97e-03  2.46e-08     1s
  98   6.69254415e-01  6.57189505e-01  1.12e-08 1.96e-03  2.42e-08     1s
  99   6.69242056e-01  6.59410857e-01  1.09e-08 1.91e-03  2.19e-08     1s
 100   6.68575138e-01  6.63500681e-01  1.26e-08 1.90e-03  2.20e-08     1s
 101   6.69417568e-01  6.90991334e-01  5.51e-10 1.40e-03  2.69e-08     1s
 102   6.70021567e-01  6.79906046e-01  5.42e-09 1.32e-03  2.76e-08     1s
 103   6.69938663e-01  6.84121598e-01  4.50e-09 1.30e-03  2.67e-08     1s
 104   6.69984793e-01  6.81889755e-01  5.15e-09 1.45e-03  2.60e-08     1s
 105   6.70099559e-01  6.92913941e-01  5.05e-09 8.86e-04  2.41e-08     1s
 106   6.70099745e-01  6.93039728e-01  5.08e-09 8.87e-04  2.41e-08     1s
 107   6.70115372e-01  6.93091598e-01  2.18e-09 8.86e-04  2.39e-08     1s
 108   6.70986374e-01  6.04673529e-01  1.85e-08 2.17e-03  2.76e-08     1s
 109   6.72321182e-01  6.32708194e-01  3.22e-08 1.69e-03  2.82e-08     1s
 110   6.72606897e-01  5.78249149e-01  2.98e-08 2.59e-03  4.46e-08     1s
 111   6.73345973e-01  6.16067012e-01  2.67e-08 2.03e-03  3.08e-08     1s
 112   6.74639964e-01  5.94546480e-01  3.36e-08 2.74e-03  2.03e-08     1s
 113   6.74752320e-01  6.29684050e-01  5.72e-08 2.56e-03  1.62e-08     1s
 114   6.74698370e-01  6.47966226e-01  1.01e-07 1.40e-03  2.67e-08     1s
 115   6.74791526e-01  6.38681789e-01  1.05e-07 1.39e-03  1.79e-08     1s
 116   6.75260621e-01  6.37143887e-01  2.70e-07 1.43e-03  2.72e-08     1s
 117   6.75261123e-01  6.37237657e-01  2.69e-07 1.43e-03  2.72e-08     1s

Barrier performed 117 iterations in 1.35 seconds (2.61 work units)
Sub-optimal termination - objective 6.70115372e-01

Crossover log...

       8 DPushes remaining with DInf 0.0000000e+00                 1s
       0 DPushes remaining with DInf 0.0000000e+00                 1s

       8 PPushes remaining with PInf 0.0000000e+00                 1s
       0 PPushes remaining with PInf 0.0000000e+00                 1s

  Push phase complete: Pinf 0.0000000e+00, Dinf 1.9262074e+00      1s

Iteration    Objective       Primal Inf.    Dual Inf.      Time
      18    6.6839500e-01   0.000000e+00   1.926207e+00      1s
Crossover time: 0.01 seconds (0.02 work units)
Crossover changed status from Sub-Optimal to Optimal
      20    6.6707550e-01   0.000000e+00   0.000000e+00      2s

Solved in 20 iterations and 1.96 seconds (3.32 work units)
Optimal objective  6.670755018e-01
Set parameter Threads to value 1
Set parameter Method to value 2
Set parameter Crossover to value 1
Set parameter TimeLimit to value 300
Set parameter FeasibilityTol to value 1e-08
Set parameter OptimalityTol to value 1e-08
Set parameter BarConvTol to value 1e-11
Set parameter PreDual to value 0
Set parameter Seed to value 20260929
