
Gurobi 13.0.2 (win64) logging started Sun Oct  4 12:04:07 2026

Set parameter LogFile to value "docs/v42_m1_exact_dw_cg_root_pilot/logs/RMP_0019.log"
Gurobi Optimizer version 13.0.2 build v13.0.2rc1 (win64 - Windows 11+.0 (26200.2))

CPU model: 13th Gen Intel(R) Core(TM) i7-13620H, instruction set [SSE2|AVX|AVX2]
Thread count: 10 physical cores, 16 logical processors, using up to 1 threads

Non-default parameters:
TimeLimit  300
FeasibilityTol  1e-08
OptimalityTol  1e-08
Method  2
BarConvTol  1e-11
Crossover  1
PreDual  0
LogToConsole  0
Seed  20260929
Threads  1

Optimize a model with 679959 rows, 81293 columns and 7164157 nonzeros (Min)
Model has 1 linear objective coefficients
Coefficient statistics:
  Matrix range     [1e-13, 4e+02]
  Objective range  [1e+00, 1e+00]
  Bounds range     [1e+00, 1e+00]
  RHS range        [2e-24, 2e+03]
Warning: Model contains large matrix coefficient range
         Consider reformulating model or setting NumericFocus parameter
         to avoid numerical issues.

LP warm-start: discard basis
Presolve time: 0.77s
Presolved: 31410 rows, 7126 columns, 240261 nonzeros

Ordering time: 0.02s

Barrier statistics:
 Dense cols : 314
 AA' NZ     : 3.250e+05
 Factor NZ  : 4.853e+05 (roughly 20 MB of memory)
 Factor Ops : 1.685e+07 (less than 1 second per iteration)
 Threads    : 1

                  Objective                Residual
Iter       Primal          Dual         Primal    Dual     Compl     Time
   0   1.26254809e+03 -9.04792208e+03  2.73e+04 1.38e-06  1.26e+02     1s
   1   1.26254478e+03 -1.84531448e+04  2.55e+04 8.36e+00  1.19e+02     1s
   2   1.26255347e+03 -2.06110874e+04  2.46e+04 9.65e+00  1.14e+02     1s
   3   1.26255698e+03 -2.07172601e+04  2.46e+04 9.65e+00  1.13e+02     1s
   4   1.26257782e+03 -2.07676594e+04  2.45e+04 9.61e+00  1.13e+02     1s
   5   1.26258219e+03 -2.08486804e+04  2.45e+04 9.62e+00  1.13e+02     1s
   6   1.26259814e+03 -2.08692876e+04  2.45e+04 9.58e+00  1.13e+02     1s
   7   1.26260316e+03 -2.09518041e+04  2.45e+04 9.59e+00  1.13e+02     1s
   8   1.26261085e+03 -2.09315465e+04  2.45e+04 9.56e+00  1.13e+02     1s
   9   1.26261556e+03 -2.10104073e+04  2.45e+04 9.58e+00  1.13e+02     1s
  10   1.26262112e+03 -2.09841121e+04  2.44e+04 9.55e+00  1.13e+02     1s
  11   1.26262583e+03 -2.10643225e+04  2.44e+04 9.57e+00  1.13e+02     1s
  12   1.26262560e+03 -2.09754537e+04  2.44e+04 9.54e+00  1.11e+02     1s
  13   1.26265189e+03 -2.12436170e+04  2.44e+04 9.55e+00  1.10e+02     1s
  14   1.26265162e+03 -2.11647386e+04  2.44e+04 9.52e+00  1.10e+02     1s
  15   1.26268994e+03 -2.43966732e+04  2.43e+04 2.31e+01  1.08e+02     1s
  16   1.30671689e+03 -2.73401973e+04  2.02e+04 2.60e+01  9.71e+01     1s
  17   1.30674694e+03 -2.79140322e+04  2.00e+04 2.52e+01  9.55e+01     1s
  18   1.30673678e+03 -2.76467977e+04  1.99e+04 2.50e+01  9.54e+01     1s
  19   1.30696073e+03 -3.09157497e+04  1.95e+04 2.64e+01  9.25e+01     1s
  20   1.30692770e+03 -3.09781999e+04  1.89e+04 2.46e+01  8.64e+01     1s
  21   1.30693166e+03 -3.14304036e+04  1.89e+04 2.61e+01  8.63e+01     1s
  22   1.30694877e+03 -3.12680713e+04  1.89e+04 2.52e+01  8.62e+01     1s
  23   1.30694715e+03 -3.10707295e+04  1.89e+04 2.46e+01  8.34e+01     1s
  24   1.30695653e+03 -3.16838031e+04  1.89e+04 2.66e+01  8.16e+01     1s
  25   1.30697395e+03 -3.14345739e+04  1.88e+04 2.55e+01  8.14e+01     1s
  26   1.30697607e+03 -3.15835202e+04  1.88e+04 2.59e+01  8.15e+01     1s
  27   1.30697830e+03 -3.11524047e+04  1.88e+04 2.45e+01  8.02e+01     1s
  28   1.30698503e+03 -3.17344754e+04  1.88e+04 2.63e+01  7.94e+01     1s
  29   1.30700135e+03 -3.13606572e+04  1.88e+04 2.48e+01  7.92e+01     1s
  30   1.30700517e+03 -3.16812399e+04  1.88e+04 2.59e+01  7.92e+01     1s

Barrier performed 30 iterations in 1.41 seconds (2.79 work units)
Numerical trouble encountered

Model may be infeasible or unbounded.  Consider using the
homogeneous algorithm (through parameter 'BarHomogeneous')

Iteration    Objective       Primal Inf.    Dual Inf.      Time
       0    1.0000000e+00   5.559869e+04   3.421661e+09      2s
Crossover changed status from Numeric to Optimal
    1452    6.6151095e-01   0.000000e+00   0.000000e+00      3s

Solved in 1452 iterations and 2.76 seconds (4.74 work units)
Optimal objective  6.615109533e-01
Set parameter Threads to value 1
Set parameter Method to value 2
Set parameter Crossover to value 1
Set parameter TimeLimit to value 300
Set parameter FeasibilityTol to value 1e-08
Set parameter OptimalityTol to value 1e-08
Set parameter BarConvTol to value 1e-11
Set parameter PreDual to value 0
Set parameter Seed to value 20260929
