
Gurobi 13.0.2 (win64) logging started Sun Oct  4 12:22:39 2026

Set parameter LogFile to value "docs/v42_m1_exact_dw_cg_root_pilot/logs/RMP_0138.log"
Gurobi Optimizer version 13.0.2 build v13.0.2rc1 (win64 - Windows 11+.0 (26200.2))

CPU model: 13th Gen Intel(R) Core(TM) i7-13620H, instruction set [SSE2|AVX|AVX2]
Thread count: 10 physical cores, 16 logical processors, using up to 1 threads

Non-default parameters:
TimeLimit  300
FeasibilityTol  1e-08
OptimalityTol  1e-08
Method  2
BarConvTol  1e-11
Crossover  1
PreDual  0
LogToConsole  0
Seed  20260929
Threads  1

Optimize a model with 679959 rows, 81769 columns and 7183310 nonzeros (Min)
Model has 1 linear objective coefficients
Coefficient statistics:
  Matrix range     [1e-13, 4e+02]
  Objective range  [1e+00, 1e+00]
  Bounds range     [1e+00, 1e+00]
  RHS range        [2e-24, 2e+03]
Warning: Model contains large matrix coefficient range
         Consider reformulating model or setting NumericFocus parameter
         to avoid numerical issues.

LP warm-start: discard basis
Presolve time: 1.09s
Presolved: 83599 rows, 24515 columns, 706828 nonzeros

Ordering time: 0.08s

Barrier statistics:
 Dense cols : 854
 AA' NZ     : 9.029e+05
 Factor NZ  : 1.518e+06 (roughly 60 MB of memory)
 Factor Ops : 1.954e+08 (less than 1 second per iteration)
 Threads    : 1

                  Objective                Residual
Iter       Primal          Dual         Primal    Dual     Compl     Time
   0   9.96243909e+01 -6.24403870e+04  7.93e+05 0.00e+00  1.27e+03     1s
   1   9.96537784e+01 -6.31246796e+04  7.92e+05 2.17e+01  1.27e+03     1s
   2   9.97672764e+01 -6.36186429e+04  7.92e+05 2.11e+01  1.27e+03     2s
   3   1.00100882e+02 -6.51869620e+04  7.89e+05 2.33e+01  1.27e+03     2s
   4   1.00337694e+02 -6.51011496e+04  7.87e+05 2.29e+01  1.27e+03     2s
   5   1.00798853e+02 -6.64682867e+04  7.83e+05 1.98e+01  1.26e+03     2s
   6   1.01420832e+02 -6.54832012e+04  7.78e+05 1.85e+01  1.25e+03     2s
   7   1.02159095e+02 -6.71321936e+04  7.71e+05 1.89e+01  1.24e+03     2s
   8   1.03445396e+02 -8.19499024e+04  7.61e+05 2.60e+01  1.21e+03     2s
   9   1.03599481e+02 -8.19726265e+04  7.59e+05 2.55e+01  1.21e+03     2s
  10   1.03615205e+02 -8.15559850e+04  7.59e+05 2.87e+01  1.21e+03     2s
  11   1.03621575e+02 -8.19615577e+04  7.59e+05 2.97e+01  1.21e+03     2s
  12   1.03628347e+02 -8.17952348e+04  7.59e+05 2.63e+01  1.20e+03     2s
  13   1.05674148e+02 -8.04047819e+04  7.41e+05 2.62e+01  1.18e+03     2s
  14   1.06472173e+02 -8.07277861e+04  7.35e+05 2.57e+01  1.17e+03     2s
  15   1.10137729e+02 -1.08261754e+05  7.05e+05 3.83e+01  1.11e+03     2s
  16   1.10881163e+02 -1.05726054e+05  6.98e+05 4.06e+01  1.10e+03     2s
  17   1.11254534e+02 -1.05792551e+05  6.95e+05 4.09e+01  1.10e+03     2s
  18   1.11959987e+02 -1.10016432e+05  6.90e+05 6.26e+01  1.09e+03     2s
  19   1.13727785e+02 -1.23959164e+05  6.75e+05 7.32e+01  1.04e+03     2s
  20   1.16091612e+02 -1.22163891e+05  6.55e+05 7.35e+01  1.02e+03     2s
  21   1.16336544e+02 -1.21937907e+05  6.52e+05 7.71e+01  1.01e+03     2s
  22   1.17511373e+02 -1.23768184e+05  6.43e+05 7.77e+01  1.01e+03     3s
  23   1.17552403e+02 -1.23421238e+05  6.43e+05 7.71e+01  1.00e+03     3s
  24   1.17756317e+02 -1.24122361e+05  6.41e+05 7.93e+01  9.94e+02     3s
  25   1.18150780e+02 -1.28552010e+05  6.38e+05 8.41e+01  9.86e+02     3s
  26   1.21190673e+02 -1.34019775e+05  6.12e+05 8.61e+01  9.55e+02     3s
  27   1.21245500e+02 -1.33569280e+05  6.12e+05 8.52e+01  9.49e+02     3s
  28   1.22295021e+02 -1.40727245e+05  6.03e+05 8.77e+01  9.36e+02     3s
  29   1.22331796e+02 -1.40497997e+05  6.03e+05 8.79e+01  9.33e+02     3s
  30   1.22576799e+02 -1.41298572e+05  6.01e+05 8.82e+01  9.29e+02     3s
  31   1.22578028e+02 -1.41143416e+05  6.01e+05 8.83e+01  9.28e+02     3s

Barrier performed 31 iterations in 2.96 seconds (5.63 work units)
Numerical trouble encountered

Model may be infeasible or unbounded.  Consider using the
homogeneous algorithm (through parameter 'BarHomogeneous')

Iteration    Objective       Primal Inf.    Dual Inf.      Time
       0    1.0000000e+00   2.665895e+05   1.731252e+10      3s
   10331    6.0411997e-01   0.000000e+00   5.930331e+00      5s
Crossover changed status from Numeric to Optimal
   10992    6.0065675e-01   0.000000e+00   0.000000e+00      6s

Solved in 10992 iterations and 6.44 seconds (15.98 work units)
Optimal objective  6.006567498e-01
Set parameter Threads to value 1
Set parameter Method to value 2
Set parameter Crossover to value 1
Set parameter TimeLimit to value 300
Set parameter FeasibilityTol to value 1e-08
Set parameter OptimalityTol to value 1e-08
Set parameter BarConvTol to value 1e-11
Set parameter PreDual to value 0
Set parameter Seed to value 20260929
