
Gurobi 13.0.2 (win64) logging started Sun Oct  4 12:06:14 2026

Set parameter LogFile to value "docs/v42_m1_exact_dw_cg_root_pilot/logs/RMP_0036.log"
Gurobi Optimizer version 13.0.2 build v13.0.2rc1 (win64 - Windows 11+.0 (26200.2))

CPU model: 13th Gen Intel(R) Core(TM) i7-13620H, instruction set [SSE2|AVX|AVX2]
Thread count: 10 physical cores, 16 logical processors, using up to 1 threads

Non-default parameters:
TimeLimit  300
FeasibilityTol  1e-08
OptimalityTol  1e-08
Method  2
BarConvTol  1e-11
Crossover  1
PreDual  0
LogToConsole  0
Seed  20260929
Threads  1

Optimize a model with 679959 rows, 81361 columns and 7165833 nonzeros (Min)
Model has 1 linear objective coefficients
Coefficient statistics:
  Matrix range     [1e-13, 4e+02]
  Objective range  [1e+00, 1e+00]
  Bounds range     [1e+00, 1e+00]
  RHS range        [2e-24, 2e+03]
Warning: Model contains large matrix coefficient range
         Consider reformulating model or setting NumericFocus parameter
         to avoid numerical issues.

LP warm-start: discard basis
Presolve time: 0.89s
Presolved: 48280 rows, 12033 columns, 381584 nonzeros

Ordering time: 0.03s

Barrier statistics:
 Dense cols : 515
 AA' NZ     : 5.016e+05
 Factor NZ  : 7.788e+05 (roughly 30 MB of memory)
 Factor Ops : 3.926e+07 (less than 1 second per iteration)
 Threads    : 1

                  Objective                Residual
Iter       Primal          Dual         Primal    Dual     Compl     Time
   0   2.28327686e+03 -2.05935302e+04  9.18e+04 1.37e-06  2.28e+02     1s
   1   2.28328063e+03 -2.69577457e+04  8.64e+04 1.45e+01  2.14e+02     1s
   2   2.28328384e+03 -2.99236463e+04  8.62e+04 1.20e+01  2.12e+02     1s
   3   2.34807205e+03 -3.31119232e+04  7.82e+04 2.16e+01  2.02e+02     1s
   4   2.34807417e+03 -3.35423778e+04  7.81e+04 2.05e+01  2.02e+02     1s
   5   2.34807931e+03 -3.27535957e+04  7.81e+04 2.41e+01  2.02e+02     1s
   6   2.34824819e+03 -3.62106152e+04  7.74e+04 2.93e+01  1.99e+02     1s
   7   2.34823645e+03 -3.59473556e+04  7.74e+04 2.62e+01  1.99e+02     1s
   8   2.34825062e+03 -3.60488188e+04  7.73e+04 2.64e+01  1.99e+02     1s
   9   2.34828469e+03 -3.61916403e+04  7.72e+04 2.94e+01  1.99e+02     1s
  10   2.34843374e+03 -3.66881381e+04  7.67e+04 3.06e+01  1.98e+02     1s
  11   2.34842345e+03 -3.59300272e+04  7.67e+04 2.71e+01  1.98e+02     1s
  12   2.34851476e+03 -3.55951207e+04  7.64e+04 2.76e+01  1.92e+02     1s
  13   2.34855657e+03 -3.51314133e+04  7.61e+04 2.81e+01  1.88e+02     1s
  14   2.34859020e+03 -3.52551379e+04  7.60e+04 2.83e+01  1.88e+02     1s
  15   2.34861703e+03 -3.63409470e+04  7.59e+04 2.36e+01  1.87e+02     1s
  16   2.34865921e+03 -4.03153603e+04  7.58e+04 4.23e+01  1.84e+02     1s
  17   2.34867777e+03 -4.02481311e+04  7.57e+04 4.20e+01  1.81e+02     2s
  18   2.34872107e+03 -4.00501963e+04  7.55e+04 3.87e+01  1.81e+02     2s
  19   2.34871969e+03 -3.99802745e+04  7.55e+04 3.78e+01  1.81e+02     2s
  20   2.34876038e+03 -4.29591303e+04  7.54e+04 5.24e+01  1.79e+02     2s
  21   2.34877044e+03 -4.23903467e+04  7.53e+04 5.03e+01  1.77e+02     2s
  22   2.34881996e+03 -4.27075741e+04  7.52e+04 5.11e+01  1.77e+02     2s

Barrier performed 22 iterations in 1.65 seconds (3.29 work units)
Numerical trouble encountered

Model may be infeasible or unbounded.  Consider using the
homogeneous algorithm (through parameter 'BarHomogeneous')

Iteration    Objective       Primal Inf.    Dual Inf.      Time
       0    1.0000000e+00   1.158582e+05   5.256631e+09      2s
Crossover changed status from Numeric to Optimal
    2979    6.3794109e-01   0.000000e+00   0.000000e+00      3s

Solved in 2979 iterations and 2.88 seconds (5.70 work units)
Optimal objective  6.379410871e-01
Set parameter Threads to value 1
Set parameter Method to value 2
Set parameter Crossover to value 1
Set parameter TimeLimit to value 300
Set parameter FeasibilityTol to value 1e-08
Set parameter OptimalityTol to value 1e-08
Set parameter BarConvTol to value 1e-11
Set parameter PreDual to value 0
Set parameter Seed to value 20260929
