
Gurobi 13.0.2 (win64) logging started Sun Oct  4 12:02:43 2026

Set parameter LogFile to value "docs/v42_m1_exact_dw_cg_root_pilot/logs/RMP_0006.log"
Gurobi Optimizer version 13.0.2 build v13.0.2rc1 (win64 - Windows 11+.0 (26200.2))

CPU model: 13th Gen Intel(R) Core(TM) i7-13620H, instruction set [SSE2|AVX|AVX2]
Thread count: 10 physical cores, 16 logical processors, using up to 1 threads

Non-default parameters:
TimeLimit  300
FeasibilityTol  1e-08
OptimalityTol  1e-08
Method  2
BarConvTol  1e-11
Crossover  1
PreDual  0
LogToConsole  0
Seed  20260929
Threads  1

Optimize a model with 679959 rows, 81241 columns and 7162739 nonzeros (Min)
Model has 1 linear objective coefficients
Coefficient statistics:
  Matrix range     [1e-13, 4e+02]
  Objective range  [1e+00, 1e+00]
  Bounds range     [1e+00, 1e+00]
  RHS range        [2e-24, 2e+03]
Warning: Model contains large matrix coefficient range
         Consider reformulating model or setting NumericFocus parameter
         to avoid numerical issues.

LP warm-start: discard basis
Presolve time: 0.65s
Presolved: 18243 rows, 3541 columns, 125716 nonzeros

Ordering time: 0.01s

Barrier statistics:
 Dense cols : 164
 AA' NZ     : 1.571e+05
 Factor NZ  : 2.248e+05 (roughly 10 MB of memory)
 Factor Ops : 4.019e+06 (less than 1 second per iteration)
 Threads    : 1

                  Objective                Residual
Iter       Primal          Dual         Primal    Dual     Compl     Time
   0   9.18146693e+02 -3.24647308e+03  6.11e+03 2.34e-06  9.20e+01     1s
   1   9.22063237e+02 -4.84421803e+03  5.49e+03 9.62e+00  8.67e+01     1s
   2   9.24498074e+02 -5.93310489e+03  5.17e+03 1.10e+01  8.21e+01     1s
   3   9.24401573e+02 -7.30020135e+03  4.57e+03 1.30e+01  7.53e+01     1s
   4   9.24319716e+02 -2.15211940e+04  4.07e+03 2.77e+01  5.33e+01     1s
   5   9.28261356e+02 -3.27685689e+04  3.09e+03 2.78e+01  3.57e+01     1s
   6   6.88914135e+00 -3.98792536e+04  2.02e+03 1.71e+01  2.63e+01     1s
   7   5.16103808e+00 -2.89855748e+04  9.61e+02 1.39e+01  1.25e+01     1s
   8   4.31224112e+00 -2.68619879e+04  7.63e+02 1.58e+01  9.91e+00     1s
   9   5.13846006e+00 -2.14654905e+04  5.18e+02 7.28e+00  6.64e+00     1s
  10   8.02166264e+00 -1.73255812e+04  3.09e+02 3.29e+00  4.11e+00     1s
  11   6.56755466e+00 -1.22395972e+04  2.22e+02 1.71e+00  2.80e+00     1s
  12   5.21710271e+00 -1.05911700e+04  1.05e+02 1.38e+00  1.56e+00     1s
  13   3.65831106e+00 -5.28783493e+03  6.10e+01 1.72e+00  7.97e-01     1s
  14   1.73636953e+00 -1.98372801e+03  1.24e+01 1.79e+00  1.99e-01     1s
  15   1.19367771e+00 -6.33896272e+02  6.32e+00 1.16e+00  7.41e-02     1s
  16   9.41070260e-01 -3.99574205e+02  3.36e+00 7.04e-01  3.99e-02     1s
  17   7.37620814e-01 -2.40272560e+02  1.05e+00 4.02e-01  1.72e-02     1s
  18   7.55925540e-01 -8.12545906e+01  9.02e-01 1.30e-01  6.36e-03     1s
  19   7.35766645e-01 -5.29735758e+01  4.34e-01 8.70e-02  3.53e-03     1s
  20   7.01401773e-01 -3.43995571e+01  1.85e-01 7.96e-02  2.03e-03     1s
  21   6.98083992e-01 -1.23162804e+01  3.18e-02 3.02e-02  6.85e-04     1s
  22   6.97712243e-01 -4.79090078e+00  2.65e-04 1.39e-02  2.81e-04     1s
  23   6.96085705e-01 -3.01081744e+00  7.04e-05 9.95e-03  1.87e-04     1s
  24   6.93849330e-01 -2.19730732e+00  2.09e-05 8.23e-03  1.44e-04     1s
  25   6.90497610e-01  1.23713836e-01  7.14e-11 3.51e-03  2.66e-05     1s
  26   6.89572635e-01  3.96259117e-01  1.51e-10 3.07e-03  1.46e-05     1s
  27   6.87820036e-01  4.56246838e-01  8.81e-11 2.58e-03  1.14e-05     1s
  28   6.87918143e-01  4.56665693e-01  8.60e-11 2.28e-03  1.02e-05     1s
  29   6.87586434e-01  5.37630791e-01  1.23e-10 2.02e-03  5.32e-06     1s
  30   6.86558428e-01  5.76676079e-01  2.21e-10 1.83e-03  4.12e-06     1s
  31   6.87145524e-01  6.12082899e-01  3.74e-10 2.77e-03  2.77e-06     1s
  32   6.85902387e-01  6.54757153e-01  1.82e-10 2.20e-03  4.07e-07     1s
  33   6.85063108e-01  6.55128694e-01  1.56e-10 2.17e-03  3.96e-07     1s
  34   6.85300772e-01  6.83306067e-01  3.13e-10 1.86e-03  3.83e-07     1s
  35   6.84012783e-01  6.73081654e-01  7.59e-10 1.80e-03  1.52e-07     1s
  36   6.83698772e-01  6.65483601e-01  7.95e-10 2.01e-03  1.42e-07     1s
  37   6.83695143e-01  6.50272538e-01  7.89e-10 1.98e-03  1.00e-07     1s
  38   6.81676682e-01  7.23386669e-01  4.32e-08 8.02e-04  2.32e-08     1s
  39   6.80872798e-01  7.21544805e-01  8.37e-09 8.59e-04  2.39e-08     1s
  40   6.79678246e-01  6.98931783e-01  1.02e-09 1.04e-03  1.43e-08     1s
  41   6.78317014e-01  6.45717711e-01  5.93e-09 1.52e-03  4.54e-09     1s
  42   6.78316073e-01  6.68812365e-01  2.38e-08 1.52e-03  3.79e-09     1s
  43   6.79333634e-01  7.29655151e-01  2.37e-08 1.41e-03  4.70e-08     1s
  44   6.78153624e-01  7.22808021e-01  7.12e-08 1.45e-03  3.48e-08     1s
  45   6.78435361e-01  7.31433858e-01  6.35e-08 1.65e-03  3.02e-08     1s
  46   6.78028085e-01  7.07483176e-01  2.74e-08 1.60e-03  1.90e-08     1s
  47   6.77632136e-01  6.33760462e-01  2.04e-08 1.99e-03  2.51e-09     1s
  48   6.77327698e-01  6.40075927e-01  6.19e-08 1.95e-03  2.13e-09     1s
  49   6.77140653e-01  6.52667327e-01  5.06e-08 1.70e-03  2.56e-09     1s
  50   6.78039947e-01  6.92083157e-01  3.42e-08 1.27e-03  1.24e-08     1s
  51   6.76735081e-01  6.88587456e-01  2.41e-08 1.41e-03  6.18e-10     1s
  52   6.76734971e-01  6.87104487e-01  2.41e-08 1.48e-03  6.70e-10     1s
  53   6.76794191e-01  6.83059845e-01  2.68e-08 1.50e-03  7.27e-10     1s
  54   6.76802184e-01  6.97256434e-01  1.36e-08 1.23e-03  4.28e-11     1s
  55   6.76802373e-01  7.39815095e-01  1.36e-08 1.15e-03  4.71e-11     1s
  56   6.76915848e-01  7.34536001e-01  5.34e-08 1.19e-03  1.57e-10     1s
  57   6.76050957e-01  7.38307678e-01  4.35e-08 1.26e-03  4.32e-11     1s
  58   6.75755850e-01  7.27132852e-01  7.84e-08 1.73e-03  2.95e-10     1s
  59   6.75567939e-01  7.16735358e-01  1.22e-07 9.93e-04  7.03e-10     1s
  60   6.75354480e-01  7.63743455e-01  1.21e-07 1.07e-03  9.58e-10     1s
  61   6.75236127e-01  7.18805054e-01  9.52e-08 1.34e-03  7.76e-10     1s
  62   6.75294736e-01  7.14802728e-01  6.79e-08 1.33e-03  5.38e-10     1s
  63   6.75305278e-01  7.14536902e-01  6.21e-08 1.36e-03  4.71e-10     1s
  64   6.75233344e-01  7.17064749e-01  6.15e-08 1.36e-03  5.30e-10     1s
  65   6.75626639e-01  7.12667194e-01  8.52e-08 1.33e-03  1.28e-09     1s
  66   6.75670364e-01  6.29524015e-01  7.22e-08 1.71e-03  1.19e-08     1s
  67   6.75266569e-01  6.34334818e-01  4.34e-08 1.64e-03  1.42e-08     1s
  68   6.74311102e-01  6.97045945e-01  8.70e-08 1.90e-03  3.82e-08     1s
  69   6.73265483e-01  6.96353850e-01  3.33e-08 1.42e-03  1.12e-08     1s
  70   6.73530359e-01  7.07670703e-01  8.46e-09 1.38e-03  4.02e-09     1s

Barrier performed 70 iterations in 1.23 seconds (2.51 work units)
Sub-optimal termination - objective 6.75567939e-01

Crossover log...

       7 DPushes remaining with DInf 0.0000000e+00                 1s
       0 DPushes remaining with DInf 0.0000000e+00                 1s

      17 PPushes remaining with PInf 0.0000000e+00                 1s
       0 PPushes remaining with PInf 0.0000000e+00                 1s

  Push phase complete: Pinf 0.0000000e+00, Dinf 7.8499853e-01      1s

Iteration    Objective       Primal Inf.    Dual Inf.      Time
      26    6.7197510e-01   0.000000e+00   7.849985e-01      1s
Crossover time: 0.02 seconds (0.04 work units)
Crossover changed status from Sub-Optimal to Optimal
      47    6.6317264e-01   0.000000e+00   0.000000e+00      2s

Solved in 47 iterations and 1.87 seconds (3.24 work units)
Optimal objective  6.631726395e-01
Set parameter Threads to value 1
Set parameter Method to value 2
Set parameter Crossover to value 1
Set parameter TimeLimit to value 300
Set parameter FeasibilityTol to value 1e-08
Set parameter OptimalityTol to value 1e-08
Set parameter BarConvTol to value 1e-11
Set parameter PreDual to value 0
Set parameter Seed to value 20260929
