
Gurobi 13.0.2 (win64) logging started Sun Oct  4 12:05:35 2026

Set parameter LogFile to value "docs/v42_m1_exact_dw_cg_root_pilot/logs/RMP_0030.log"
Gurobi Optimizer version 13.0.2 build v13.0.2rc1 (win64 - Windows 11+.0 (26200.2))

CPU model: 13th Gen Intel(R) Core(TM) i7-13620H, instruction set [SSE2|AVX|AVX2]
Thread count: 10 physical cores, 16 logical processors, using up to 1 threads

Non-default parameters:
TimeLimit  300
FeasibilityTol  1e-08
OptimalityTol  1e-08
Method  2
BarConvTol  1e-11
Crossover  1
PreDual  0
LogToConsole  0
Seed  20260929
Threads  1

Optimize a model with 679959 rows, 81337 columns and 7165259 nonzeros (Min)
Model has 1 linear objective coefficients
Coefficient statistics:
  Matrix range     [1e-13, 4e+02]
  Objective range  [1e+00, 1e+00]
  Bounds range     [1e+00, 1e+00]
  RHS range        [2e-24, 2e+03]
Warning: Model contains large matrix coefficient range
         Consider reformulating model or setting NumericFocus parameter
         to avoid numerical issues.

LP warm-start: discard basis
Presolve time: 0.86s
Presolved: 44326 rows, 10898 columns, 350390 nonzeros

Ordering time: 0.03s

Barrier statistics:
 Dense cols : 472
 AA' NZ     : 4.587e+05
 Factor NZ  : 7.015e+05 (roughly 30 MB of memory)
 Factor Ops : 2.678e+07 (less than 1 second per iteration)
 Threads    : 1

                  Objective                Residual
Iter       Primal          Dual         Primal    Dual     Compl     Time
   0   1.77911318e+03 -1.66465090e+04  5.83e+04 1.28e-06  1.78e+02     1s
   1   1.77914364e+03 -1.69667942e+04  5.83e+04 5.21e+00  1.77e+02     1s
   2   1.77940843e+03 -1.71836161e+04  5.75e+04 1.81e+01  1.76e+02     1s
   3   1.77940064e+03 -1.73165879e+04  5.71e+04 2.23e+01  1.75e+02     1s
   4   1.77939686e+03 -1.73885237e+04  5.71e+04 2.31e+01  1.75e+02     1s
   5   1.77944485e+03 -1.72701871e+04  5.69e+04 2.13e+01  1.75e+02     1s
   6   1.77946288e+03 -1.71971630e+04  5.69e+04 1.79e+01  1.75e+02     1s
   7   1.77947135e+03 -1.72644363e+04  5.67e+04 1.54e+01  1.74e+02     1s
   8   1.77949774e+03 -1.70327584e+04  5.67e+04 1.58e+01  1.74e+02     1s
   9   1.77949201e+03 -1.72912088e+04  5.67e+04 2.13e+01  1.74e+02     1s
  10   1.77968883e+03 -1.70718523e+04  5.60e+04 1.53e+01  1.73e+02     1s
  11   1.77970510e+03 -1.67929009e+04  5.60e+04 1.25e+01  1.73e+02     1s
  12   1.77975736e+03 -1.66964300e+04  5.56e+04 8.40e+00  1.69e+02     1s
  13   1.77979422e+03 -1.82535389e+04  5.55e+04 3.75e+01  1.67e+02     1s
  14   1.78004283e+03 -1.80825326e+04  5.46e+04 3.27e+01  1.65e+02     1s
  15   1.78004222e+03 -1.77988431e+04  5.46e+04 2.74e+01  1.65e+02     1s
  16   1.78004469e+03 -1.79779836e+04  5.46e+04 3.07e+01  1.63e+02     1s
  17   1.78004355e+03 -1.78140082e+04  5.46e+04 2.77e+01  1.61e+02     1s
  18   1.78004704e+03 -1.80072709e+04  5.46e+04 3.10e+01  1.61e+02     1s
  19   1.78004731e+03 -1.79185566e+04  5.46e+04 2.96e+01  1.61e+02     1s
  20   1.78004908e+03 -1.81129711e+04  5.46e+04 3.33e+01  1.60e+02     1s
  21   1.78000646e+03 -1.80685683e+04  5.46e+04 3.31e+01  1.59e+02     2s

Barrier performed 21 iterations in 1.52 seconds (3.08 work units)
Numerical trouble encountered

Model may be infeasible or unbounded.  Consider using the
homogeneous algorithm (through parameter 'BarHomogeneous')

Iteration    Objective       Primal Inf.    Dual Inf.      Time
       0    1.0000000e+00   9.009855e+04   5.021181e+09      2s
Crossover changed status from Numeric to Optimal
    2673    6.4322815e-01   0.000000e+00   0.000000e+00      3s

Solved in 2673 iterations and 2.71 seconds (5.29 work units)
Optimal objective  6.432281496e-01
Set parameter Threads to value 1
Set parameter Method to value 2
Set parameter Crossover to value 1
Set parameter TimeLimit to value 300
Set parameter FeasibilityTol to value 1e-08
Set parameter OptimalityTol to value 1e-08
Set parameter BarConvTol to value 1e-11
Set parameter PreDual to value 0
Set parameter Seed to value 20260929
