
Gurobi 13.0.2 (win64) logging started Sun Oct  4 12:35:33 2026

Set parameter LogFile to value "docs/v42_m1_exact_dw_cg_root_pilot/logs/RMP_0202.log"
Gurobi Optimizer version 13.0.2 build v13.0.2rc1 (win64 - Windows 11+.0 (26200.2))

CPU model: 13th Gen Intel(R) Core(TM) i7-13620H, instruction set [SSE2|AVX|AVX2]
Thread count: 10 physical cores, 16 logical processors, using up to 1 threads

Non-default parameters:
TimeLimit  300
FeasibilityTol  1e-08
OptimalityTol  1e-08
Method  2
BarConvTol  1e-11
Crossover  1
PreDual  0
LogToConsole  0
Seed  20260929
Threads  1

Optimize a model with 679959 rows, 82025 columns and 7195748 nonzeros (Min)
Model has 1 linear objective coefficients
Coefficient statistics:
  Matrix range     [1e-13, 4e+02]
  Objective range  [1e+00, 1e+00]
  Bounds range     [1e+00, 1e+00]
  RHS range        [2e-24, 2e+03]
Warning: Model contains large matrix coefficient range
         Consider reformulating model or setting NumericFocus parameter
         to avoid numerical issues.

LP warm-start: discard basis
Presolve time: 1.27s
Presolved: 86521 rows, 25816 columns, 762608 nonzeros

Ordering time: 0.09s

Barrier statistics:
 Dense cols : 931
 AA' NZ     : 9.647e+05
 Factor NZ  : 1.654e+06 (roughly 60 MB of memory)
 Factor Ops : 2.374e+08 (less than 1 second per iteration)
 Threads    : 1

                  Objective                Residual
Iter       Primal          Dual         Primal    Dual     Compl     Time
   0   1.44063586e+02 -9.11434651e+04  2.02e+06 0.00e+00  1.84e+03     2s
   1   1.44387257e+02 -9.16112394e+04  2.01e+06 2.06e+01  1.84e+03     2s
   2   1.46565765e+02 -1.10628779e+05  1.98e+06 6.57e+01  1.79e+03     2s
   3   1.48775465e+02 -1.16218988e+05  1.95e+06 6.24e+01  1.77e+03     2s
   4   1.53041599e+02 -1.12870378e+05  1.88e+06 5.48e+01  1.74e+03     2s
   5   1.53061271e+02 -1.12995308e+05  1.88e+06 5.08e+01  1.74e+03     2s
   6   1.53082316e+02 -1.13021825e+05  1.88e+06 5.55e+01  1.74e+03     2s
   7   1.55774131e+02 -1.10952841e+05  1.85e+06 4.91e+01  1.71e+03     2s
   8   1.55820445e+02 -1.11945752e+05  1.85e+06 6.34e+01  1.71e+03     2s
   9   1.57592222e+02 -1.20874805e+05  1.82e+06 4.36e+01  1.69e+03     2s
  10   1.57593988e+02 -1.20909126e+05  1.82e+06 4.19e+01  1.69e+03     2s
  11   1.65379302e+02 -1.16767346e+05  1.71e+06 4.22e+01  1.60e+03     2s
  12   1.68914591e+02 -1.15370679e+05  1.66e+06 6.82e+01  1.54e+03     2s
  13   1.70107863e+02 -1.15658857e+05  1.64e+06 6.74e+01  1.53e+03     2s
  14   1.73847652e+02 -1.18131211e+05  1.59e+06 5.90e+01  1.47e+03     2s
  15   1.73832920e+02 -1.17320090e+05  1.59e+06 5.93e+01  1.45e+03     3s
  16   1.78045124e+02 -1.45859203e+05  1.53e+06 4.15e+01  1.35e+03     3s
  17   1.78117754e+02 -1.46356764e+05  1.52e+06 4.10e+01  1.35e+03     3s
  18   1.78120228e+02 -1.45245253e+05  1.52e+06 4.07e+01  1.35e+03     3s
  19   1.84640474e+02 -1.43640271e+05  1.43e+06 4.06e+01  1.30e+03     3s
  20   1.84668551e+02 -1.44539879e+05  1.43e+06 4.25e+01  1.28e+03     3s
  21   1.85003668e+02 -1.48551534e+05  1.43e+06 5.22e+01  1.27e+03     3s
  22   1.85111703e+02 -1.48579702e+05  1.42e+06 5.04e+01  1.27e+03     3s
  23   1.85204210e+02 -1.47364331e+05  1.42e+06 4.47e+01  1.26e+03     3s
  24   1.85203026e+02 -1.47613825e+05  1.42e+06 4.45e+01  1.25e+03     3s
  25   1.85206774e+02 -1.47957857e+05  1.42e+06 4.44e+01  1.25e+03     3s
  26   1.87760275e+02 -1.56758671e+05  1.39e+06 5.27e+01  1.20e+03     3s
  27   1.89540714e+02 -1.56866824e+05  1.36e+06 4.51e+01  1.18e+03     3s
  28   1.90351936e+02 -1.53941454e+05  1.33e+06 4.58e+01  1.16e+03     3s
  29   1.78085982e+02 -1.71020112e+05  1.30e+06 5.35e+01  1.14e+03     4s
  30   1.63719663e+02 -1.67529890e+05  1.19e+06 4.91e+01  1.05e+03     4s
  31   1.63716335e+02 -1.66868469e+05  1.19e+06 4.81e+01  1.05e+03     4s
  32   1.63715450e+02 -1.67037419e+05  1.19e+06 4.78e+01  1.05e+03     4s
  33   1.61917837e+02 -1.70252499e+05  1.17e+06 4.65e+01  1.03e+03     4s
  34   1.59764967e+02 -1.78717107e+05  1.15e+06 5.00e+01  1.01e+03     4s
  35   1.56191086e+02 -1.75950548e+05  1.12e+06 5.03e+01  9.88e+02     4s
  36   1.56190324e+02 -1.75473766e+05  1.12e+06 5.01e+01  9.89e+02     4s
  37   1.55566224e+02 -1.75435318e+05  1.12e+06 4.99e+01  9.84e+02     4s
  38   1.55561512e+02 -1.74696768e+05  1.12e+06 4.95e+01  9.81e+02     4s
  39   1.55311388e+02 -1.76159126e+05  1.11e+06 5.02e+01  9.77e+02     4s
  40   1.55239422e+02 -1.76859002e+05  1.11e+06 5.06e+01  9.76e+02     4s

Barrier performed 40 iterations in 4.45 seconds (6.96 work units)
Numerical trouble encountered

Model may be infeasible or unbounded.  Consider using the
homogeneous algorithm (through parameter 'BarHomogeneous')

Iteration    Objective       Primal Inf.    Dual Inf.      Time
       0    1.0000000e+00   2.908286e+05   1.836370e+10      5s
    7445    1.0000000e+00   6.866815e+04   1.210769e+10      5s
Crossover changed status from Numeric to Optimal
   12387    5.9891969e-01   0.000000e+00   0.000000e+00      9s

Solved in 12387 iterations and 8.82 seconds (20.09 work units)
Optimal objective  5.989196851e-01
Set parameter Threads to value 1
Set parameter Method to value 2
Set parameter Crossover to value 1
Set parameter TimeLimit to value 300
Set parameter FeasibilityTol to value 1e-08
Set parameter OptimalityTol to value 1e-08
Set parameter BarConvTol to value 1e-11
Set parameter PreDual to value 0
Set parameter Seed to value 20260929
