
Gurobi 13.0.2 (win64) logging started Sun Oct  4 12:08:53 2026

Set parameter LogFile to value "docs/v42_m1_exact_dw_cg_root_pilot/logs/RMP_0057.log"
Gurobi Optimizer version 13.0.2 build v13.0.2rc1 (win64 - Windows 11+.0 (26200.2))

CPU model: 13th Gen Intel(R) Core(TM) i7-13620H, instruction set [SSE2|AVX|AVX2]
Thread count: 10 physical cores, 16 logical processors, using up to 1 threads

Non-default parameters:
TimeLimit  300
FeasibilityTol  1e-08
OptimalityTol  1e-08
Method  2
BarConvTol  1e-11
Crossover  1
PreDual  0
LogToConsole  0
Seed  20260929
Threads  1

Optimize a model with 679959 rows, 81445 columns and 7168301 nonzeros (Min)
Model has 1 linear objective coefficients
Coefficient statistics:
  Matrix range     [1e-13, 4e+02]
  Objective range  [1e+00, 1e+00]
  Bounds range     [1e+00, 1e+00]
  RHS range        [2e-24, 2e+03]
Warning: Model contains large matrix coefficient range
         Consider reformulating model or setting NumericFocus parameter
         to avoid numerical issues.

LP warm-start: discard basis
Presolve time: 0.94s
Presolved: 58169 rows, 15282 columns, 468728 nonzeros

Ordering time: 0.04s

Barrier statistics:
 Dense cols : 629
 AA' NZ     : 6.028e+05
 Factor NZ  : 9.707e+05 (roughly 40 MB of memory)
 Factor Ops : 6.728e+07 (less than 1 second per iteration)
 Threads    : 1

                  Objective                Residual
Iter       Primal          Dual         Primal    Dual     Compl     Time
   0   1.93824443e+03 -2.82488581e+04  1.09e+05 8.09e-07  1.94e+02     1s
   1   1.93827622e+03 -3.19968294e+04  1.05e+05 1.98e+01  1.86e+02     1s
   2   1.93831705e+03 -3.93648214e+04  1.03e+05 2.71e+01  1.80e+02     1s
   3   1.93834549e+03 -3.94652755e+04  9.87e+04 2.60e+01  1.75e+02     1s
   4   1.93832223e+03 -3.84657617e+04  9.84e+04 2.60e+01  1.75e+02     1s
   5   1.93838967e+03 -3.97767081e+04  9.83e+04 2.70e+01  1.75e+02     1s
   6   1.93866085e+03 -3.81588978e+04  9.64e+04 2.73e+01  1.73e+02     1s
   7   1.93867628e+03 -3.99059255e+04  9.58e+04 2.71e+01  1.72e+02     1s
   8   1.93868385e+03 -4.02158754e+04  9.57e+04 2.79e+01  1.71e+02     1s
   9   1.93867881e+03 -3.98311041e+04  9.57e+04 2.71e+01  1.71e+02     1s
  10   1.93869503e+03 -4.01790653e+04  9.57e+04 2.78e+01  1.71e+02     1s
  11   1.93869267e+03 -4.00036409e+04  9.57e+04 2.74e+01  1.71e+02     2s
  12   1.93871316e+03 -4.01529386e+04  9.56e+04 2.83e+01  1.69e+02     2s
  13   1.93871565e+03 -4.02884158e+04  9.56e+04 2.88e+01  1.67e+02     2s
  14   1.93871710e+03 -4.01813589e+04  9.55e+04 2.84e+01  1.67e+02     2s
  15   1.93871853e+03 -4.02688421e+04  9.55e+04 2.87e+01  1.67e+02     2s
  16   1.93871719e+03 -4.01652043e+04  9.55e+04 2.84e+01  1.66e+02     2s
  17   1.93871879e+03 -4.02559047e+04  9.55e+04 2.87e+01  1.65e+02     2s
  18   1.93871747e+03 -4.01631308e+04  9.55e+04 2.84e+01  1.64e+02     2s
  19   1.93871905e+03 -4.02518330e+04  9.55e+04 2.87e+01  1.64e+02     2s
  20   1.93871763e+03 -4.01587054e+04  9.55e+04 2.84e+01  1.63e+02     2s
  21   1.93871912e+03 -4.02428038e+04  9.55e+04 2.88e+01  1.63e+02     2s

Barrier performed 21 iterations in 1.86 seconds (3.62 work units)
Numerical trouble encountered

Model may be infeasible or unbounded.  Consider using the
homogeneous algorithm (through parameter 'BarHomogeneous')

Iteration    Objective       Primal Inf.    Dual Inf.      Time
       0    1.0000000e+00   1.436020e+05   7.617027e+09      2s
Crossover changed status from Numeric to Optimal
    4488    6.2515203e-01   0.000000e+00   0.000000e+00      3s

Solved in 4488 iterations and 3.51 seconds (7.30 work units)
Optimal objective  6.251520251e-01
Set parameter Threads to value 1
Set parameter Method to value 2
Set parameter Crossover to value 1
Set parameter TimeLimit to value 300
Set parameter FeasibilityTol to value 1e-08
Set parameter OptimalityTol to value 1e-08
Set parameter BarConvTol to value 1e-11
Set parameter PreDual to value 0
Set parameter Seed to value 20260929
