
Gurobi 13.0.2 (win64) logging started Sun Oct  4 12:08:30 2026

Set parameter LogFile to value "docs/v42_m1_exact_dw_cg_root_pilot/logs/RMP_0054.log"
Gurobi Optimizer version 13.0.2 build v13.0.2rc1 (win64 - Windows 11+.0 (26200.2))

CPU model: 13th Gen Intel(R) Core(TM) i7-13620H, instruction set [SSE2|AVX|AVX2]
Thread count: 10 physical cores, 16 logical processors, using up to 1 threads

Non-default parameters:
TimeLimit  300
FeasibilityTol  1e-08
OptimalityTol  1e-08
Method  2
BarConvTol  1e-11
Crossover  1
PreDual  0
LogToConsole  0
Seed  20260929
Threads  1

Optimize a model with 679959 rows, 81433 columns and 7167941 nonzeros (Min)
Model has 1 linear objective coefficients
Coefficient statistics:
  Matrix range     [1e-13, 4e+02]
  Objective range  [1e+00, 1e+00]
  Bounds range     [1e+00, 1e+00]
  RHS range        [2e-24, 2e+03]
Warning: Model contains large matrix coefficient range
         Consider reformulating model or setting NumericFocus parameter
         to avoid numerical issues.

LP warm-start: discard basis
Presolve time: 1.03s
Presolved: 58023 rows, 15215 columns, 467061 nonzeros

Ordering time: 0.05s

Barrier statistics:
 Dense cols : 626
 AA' NZ     : 6.009e+05
 Factor NZ  : 9.672e+05 (roughly 40 MB of memory)
 Factor Ops : 6.711e+07 (less than 1 second per iteration)
 Threads    : 1

                  Objective                Residual
Iter       Primal          Dual         Primal    Dual     Compl     Time
   0   1.95262931e+03 -2.77650149e+04  1.04e+05 8.03e-07  1.95e+02     1s
   1   1.95262683e+03 -3.00862965e+04  1.02e+05 2.04e+01  1.90e+02     1s
   2   1.95272348e+03 -4.10291367e+04  9.76e+04 3.86e+01  1.81e+02     1s
   3   1.95272141e+03 -4.25779559e+04  9.74e+04 3.39e+01  1.80e+02     1s
   4   1.95272758e+03 -4.23839397e+04  9.74e+04 3.26e+01  1.80e+02     1s
   5   1.95273053e+03 -4.22281022e+04  9.74e+04 3.27e+01  1.80e+02     1s
   6   1.95273072e+03 -4.22899975e+04  9.74e+04 3.23e+01  1.80e+02     1s
   7   1.95273066e+03 -4.22957192e+04  9.74e+04 3.23e+01  1.80e+02     1s
   8   1.95273066e+03 -4.22957192e+04  9.74e+04 3.23e+01  1.80e+02     2s
   9   1.95427318e+03 -2.77653009e+08  1.04e+05 0.00e+00  1.95e+06     2s
  10   2.09501101e+03 -2.31043731e+09  5.61e+04 2.69e+02  1.05e+06     2s
  11   7.88897248e+00 -2.53481505e+09  2.81e+04 1.05e+02  7.32e+06     2s
  12   3.64427507e+00 -1.86189557e+09  5.11e+03 6.83e+00  1.37e+06     2s
  13   5.16509054e+00 -1.33845837e+09  2.12e+03 3.69e+01  5.77e+05     2s
  14   3.98995138e+00 -9.99569858e+08  1.18e+03 2.32e+01  3.30e+05     2s
  15   2.82165498e+00 -7.01833991e+08  5.98e+02 5.63e+01  1.69e+05     2s
  16   1.88068604e+00 -5.87943491e+08  3.44e+02 1.69e+01  9.92e+04     2s
  17   1.36251323e+00 -4.85380819e+08  2.05e+02 1.40e+01  5.99e+04     2s
  18   1.08507530e+00 -4.27789181e+08  1.28e+02 8.15e+00  3.87e+04     2s
  19   8.76806793e-01 -3.51593293e+08  8.16e+01 8.68e+00  2.45e+04     2s
  20   7.13952706e-01 -2.72658630e+08  4.56e+01 3.26e+00  1.37e+04     2s
  21   6.81849116e-01 -2.59720314e+08  3.67e+01 2.94e+00  1.14e+04     2s
  22   6.53024058e-01 -2.19081612e+08  2.70e+01 2.03e+00  8.36e+03     2s
  23   6.47533235e-01 -1.94498047e+08  2.54e+01 1.62e+00  7.39e+03     2s
  24   6.45327764e-01 -1.74665427e+08  2.33e+01 1.33e+00  6.46e+03     2s
  25   6.36078811e-01 -1.33136983e+08  1.37e+01 2.20e+00  3.92e+03     2s
  26   6.34505822e-01 -7.85805539e+07  6.50e+00 2.51e+00  1.82e+03     2s
  27   6.32411069e-01 -3.29756367e+07  1.44e+00 4.37e-01  5.76e+02     2s
  28   6.32273327e-01 -2.38625770e+07  7.83e-01 3.01e-01  3.96e+02     2s
  29   6.32792073e-01 -8.45848359e+06  1.41e-01 1.08e-01  1.33e+02     2s
  30   6.33457576e-01 -3.79140080e+06  4.89e-02 5.93e-02  5.91e+01     2s
  31   6.33664115e-01 -1.92152478e+05  1.67e-04 1.01e-02  2.98e+00     2s
  32   6.33664410e-01 -4.27203111e+00  1.94e-07 1.89e-04  7.62e-05     2s
  33   6.32302632e-01 -3.08986963e+00  1.10e-07 2.46e-04  5.81e-05     2s
  34   6.31971278e-01 -2.89480364e+00  1.04e-07 1.61e-04  5.52e-05     2s
  35   6.31176623e-01 -2.37643327e+00  7.45e-08 1.74e-04  4.70e-05     2s
  36   6.29711889e-01 -1.83293810e+00  1.31e-08 1.79e-04  3.80e-05     2s
  37   6.29636577e-01 -1.63785289e+00  1.03e-08 1.63e-04  3.56e-05     2s
  38   6.28050149e-01 -9.41247373e-01  1.80e-09 3.21e-04  2.34e-05     3s
  39   6.27204179e-01 -3.30339279e-01  9.44e-10 3.23e-04  1.39e-05     3s
  40   6.26715783e-01 -2.08571722e-01  4.62e-10 4.82e-04  1.13e-05     3s
  41   6.26264330e-01  4.34826162e-01  2.80e-10 3.95e-04  3.23e-06     3s
  42   6.25994975e-01  4.88573867e-01  1.33e-10 2.74e-04  1.74e-06     3s
  43   6.25912946e-01  5.43047769e-01  1.21e-10 2.41e-04  1.18e-06     3s
  44   6.25856946e-01  6.15530930e-01  1.05e-10 2.66e-04  5.57e-07     3s
  45   6.25838582e-01  6.17528149e-01  1.47e-10 2.55e-04  5.27e-07     3s
  46   6.25728245e-01  6.04909636e-01  1.35e-10 2.41e-04  4.38e-07     3s
  47   6.25786118e-01  6.36311204e-01  2.30e-09 3.39e-04  4.12e-07     3s
  48   6.25754104e-01  6.14293275e-01  1.86e-09 2.19e-04  2.29e-07     3s
  49   6.25734406e-01  6.19665667e-01  1.56e-09 2.03e-04  2.26e-07     3s
  50   6.25781743e-01  6.24151492e-01  1.36e-09 2.22e-04  2.07e-07     3s
  51   6.25786170e-01  6.23588020e-01  1.43e-09 2.28e-04  2.01e-07     3s
  52   6.25771374e-01  6.25022604e-01  1.28e-09 2.14e-04  1.70e-07     3s
  53   6.25697479e-01  6.19982169e-01  3.78e-09 2.58e-04  1.50e-07     3s
  54   6.25701772e-01  6.09477919e-01  1.98e-08 1.18e-04  7.31e-08     3s
  55   6.25703164e-01  6.10398383e-01  1.94e-08 1.09e-04  6.72e-08     3s
  56   6.25697769e-01  6.12550421e-01  2.78e-08 1.01e-04  6.01e-08     3s
  57   6.25695796e-01  6.18735003e-01  2.35e-08 8.02e-05  4.50e-08     3s
  58   6.25672728e-01  6.18829324e-01  2.14e-08 7.84e-05  4.32e-08     3s
  59   6.25676795e-01  6.26676384e-01  1.06e-08 5.51e-05  9.27e-09     3s
  60   6.25680214e-01  6.30689902e-01  1.19e-08 8.62e-05  6.17e-09     3s
  61   6.25679438e-01  6.31316711e-01  1.14e-08 8.54e-05  6.00e-09     4s
  62   6.25670096e-01  6.35593599e-01  9.62e-09 1.05e-04  4.32e-09     4s
  63   6.25667133e-01  6.43707533e-01  9.02e-09 1.04e-04  4.17e-09     4s
  64   6.25666744e-01  6.43176987e-01  8.57e-09 1.04e-04  4.15e-09     4s
  65   6.25668558e-01  6.42728252e-01  8.07e-09 9.07e-05  3.52e-09     4s
  66   6.25669762e-01  6.42879918e-01  8.21e-09 9.10e-05  3.52e-09     4s
  67   6.25673610e-01  6.39793492e-01  7.23e-09 7.90e-05  3.39e-09     4s
  68   6.25673489e-01  6.36439080e-01  7.18e-09 6.44e-05  2.61e-09     4s
  69   6.25673202e-01  6.38077766e-01  6.85e-09 5.61e-05  2.43e-09     4s
  70   6.25676936e-01  6.37403167e-01  6.62e-09 5.51e-05  2.40e-09     4s
  71   6.25677437e-01  6.38880738e-01  6.63e-09 5.45e-05  2.37e-09     4s
  72   6.25674642e-01  6.33801030e-01  3.14e-09 8.76e-05  1.25e-09     4s
  73   6.25672749e-01  6.26981622e-01  2.95e-09 1.34e-04  1.02e-09     4s
  74   6.25661776e-01  6.33746829e-01  3.00e-09 1.29e-04  1.01e-09     4s
  75   6.25668283e-01  6.33911930e-01  2.88e-09 1.28e-04  1.01e-09     4s
  76   6.25668249e-01  6.33089690e-01  2.87e-09 1.19e-04  9.47e-10     4s
  77   6.25669387e-01  6.32578226e-01  2.69e-09 7.87e-05  5.94e-10     4s
  78   6.25670103e-01  6.33214219e-01  1.61e-09 7.44e-05  5.55e-10     5s
  79   6.25670374e-01  6.32490040e-01  1.56e-09 7.05e-05  5.54e-10     5s
  80   6.25670463e-01  6.32143955e-01  1.65e-09 6.51e-05  4.92e-10     5s
  81   6.25668194e-01  6.31146572e-01  1.68e-09 4.60e-05  4.62e-10     5s
  82   6.25667809e-01  6.29906854e-01  1.66e-09 3.62e-05  4.09e-10     5s
  83   6.25658701e-01  6.29276583e-01  1.85e-09 3.98e-05  4.01e-10     5s
  84   6.25656225e-01  6.29171622e-01  6.24e-09 4.25e-05  3.95e-10     5s
  85   6.25653531e-01  6.26928967e-01  3.78e-09 3.74e-05  3.37e-10     5s
  86   6.25654444e-01  6.32982380e-01  3.61e-09 3.17e-05  2.87e-10     5s
  87   6.25651898e-01  6.32982997e-01  2.19e-09 3.13e-05  2.76e-10     5s
  88   6.25652149e-01  6.29055736e-01  1.90e-09 3.29e-05  2.01e-10     5s
  89   6.25652190e-01  6.27049415e-01  1.83e-09 5.74e-05  1.75e-10     5s
  90   6.25652058e-01  6.26949236e-01  1.73e-09 5.74e-05  1.75e-10     5s
  91   6.25653095e-01  6.21816180e-01  2.32e-09 4.80e-05  1.07e-10     5s
  92   6.25651065e-01  6.21829773e-01  4.38e-09 4.78e-05  1.05e-10     5s
  93   6.25651086e-01  6.22029714e-01  4.41e-09 4.74e-05  1.02e-10     5s
  94   6.25651282e-01  6.22053151e-01  4.27e-09 4.62e-05  1.01e-10     6s
  95   6.25655054e-01  6.22400626e-01  5.16e-09 4.63e-05  1.01e-10     6s
  96   6.25643273e-01  6.21731019e-01  4.29e-09 5.71e-05  9.73e-11     6s
  97   6.25644940e-01  6.21239606e-01  2.93e-09 5.50e-05  9.48e-11     6s
  98   6.25645299e-01  6.23920794e-01  2.92e-09 5.48e-05  9.48e-11     6s

Barrier performed 98 iterations in 5.67 seconds (7.63 work units)
Sub-optimal termination - objective 6.25652149e-01

Crossover log...

     531 DPushes remaining with DInf 0.0000000e+00                 6s
       0 DPushes remaining with DInf 0.0000000e+00                 6s

     209 PPushes remaining with PInf 1.9543746e-05                 6s
       0 PPushes remaining with PInf 0.0000000e+00                 6s

  Push phase complete: Pinf 0.0000000e+00, Dinf 1.4743665e-01      6s

Iteration    Objective       Primal Inf.    Dual Inf.      Time
     722    6.2559145e-01   0.000000e+00   1.474367e-01      6s
Crossover time: 0.31 seconds (0.87 work units)
Crossover changed status from Sub-Optimal to Optimal
     845    6.2520403e-01   0.000000e+00   0.000000e+00      7s

Solved in 845 iterations and 6.60 seconds (9.19 work units)
Optimal objective  6.252040279e-01
Set parameter Threads to value 1
Set parameter Method to value 2
Set parameter Crossover to value 1
Set parameter TimeLimit to value 300
Set parameter FeasibilityTol to value 1e-08
Set parameter OptimalityTol to value 1e-08
Set parameter BarConvTol to value 1e-11
Set parameter PreDual to value 0
Set parameter Seed to value 20260929
