
Gurobi 13.0.2 (win64) logging started Sun Oct  4 12:34:38 2026

Set parameter LogFile to value "docs/v42_m1_exact_dw_cg_root_pilot/logs/RMP_0198.log"
Gurobi Optimizer version 13.0.2 build v13.0.2rc1 (win64 - Windows 11+.0 (26200.2))

CPU model: 13th Gen Intel(R) Core(TM) i7-13620H, instruction set [SSE2|AVX|AVX2]
Thread count: 10 physical cores, 16 logical processors, using up to 1 threads

Non-default parameters:
TimeLimit  300
FeasibilityTol  1e-08
OptimalityTol  1e-08
Method  2
BarConvTol  1e-11
Crossover  1
PreDual  0
LogToConsole  0
Seed  20260929
Threads  1

Optimize a model with 679959 rows, 82009 columns and 7194898 nonzeros (Min)
Model has 1 linear objective coefficients
Coefficient statistics:
  Matrix range     [1e-13, 4e+02]
  Objective range  [1e+00, 1e+00]
  Bounds range     [1e+00, 1e+00]
  RHS range        [2e-24, 2e+03]
Warning: Model contains large matrix coefficient range
         Consider reformulating model or setting NumericFocus parameter
         to avoid numerical issues.

LP warm-start: discard basis
Presolve time: 1.21s
Presolved: 86489 rows, 25797 columns, 761626 nonzeros

Ordering time: 0.09s

Barrier statistics:
 Dense cols : 931
 AA' NZ     : 9.643e+05
 Factor NZ  : 1.653e+06 (roughly 60 MB of memory)
 Factor Ops : 2.391e+08 (less than 1 second per iteration)
 Threads    : 1

                  Objective                Residual
Iter       Primal          Dual         Primal    Dual     Compl     Time
   0   1.39405803e+02 -9.11774350e+04  1.93e+06 0.00e+00  1.78e+03     2s
   1   1.39360424e+02 -9.10568930e+04  1.93e+06 1.19e+01  1.78e+03     2s
   2   1.39691908e+02 -9.35943298e+04  1.92e+06 6.58e+01  1.77e+03     2s
   3   1.41965983e+02 -9.53126232e+04  1.89e+06 6.23e+01  1.75e+03     2s
   4   1.44340396e+02 -9.52222721e+04  1.85e+06 5.89e+01  1.73e+03     2s
   5   1.44402031e+02 -9.57800122e+04  1.85e+06 6.49e+01  1.73e+03     2s
   6   1.44380717e+02 -9.59828217e+04  1.85e+06 6.65e+01  1.73e+03     2s
   7   1.44525390e+02 -9.77306062e+04  1.85e+06 6.61e+01  1.72e+03     2s
   8   1.46294733e+02 -9.92446075e+04  1.82e+06 6.35e+01  1.71e+03     2s
   9   1.46707685e+02 -9.64512086e+04  1.82e+06 3.83e+01  1.70e+03     2s
  10   1.47626674e+02 -9.74586055e+04  1.81e+06 4.04e+01  1.70e+03     2s
  11   1.47631197e+02 -9.74309262e+04  1.80e+06 4.45e+01  1.70e+03     2s
  12   1.47666134e+02 -9.54351582e+04  1.80e+06 4.89e+01  1.67e+03     2s
  13   1.47728075e+02 -9.42798649e+04  1.80e+06 2.66e+01  1.66e+03     2s
  14   1.47725884e+02 -9.44860875e+04  1.80e+06 2.46e+01  1.66e+03     2s
  15   1.47720483e+02 -9.40408779e+04  1.80e+06 2.43e+01  1.65e+03     2s
  16   1.47720623e+02 -9.41564003e+04  1.80e+06 2.12e+01  1.65e+03     2s
  17   1.47782534e+02 -9.42060939e+04  1.80e+06 2.33e+01  1.64e+03     3s
  18   1.49425753e+02 -1.05857998e+05  1.78e+06 2.29e+01  1.61e+03     3s
  19   1.49653348e+02 -9.75218079e+04  1.78e+06 3.37e+01  1.59e+03     3s
  20   1.51486542e+02 -9.96034147e+04  1.75e+06 3.02e+01  1.57e+03     3s
  21   1.53552609e+02 -1.07637796e+05  1.72e+06 2.56e+01  1.55e+03     3s
  22   1.53636473e+02 -1.08918597e+05  1.72e+06 2.54e+01  1.54e+03     3s
  23   1.53637384e+02 -1.09102747e+05  1.72e+06 2.55e+01  1.54e+03     3s
  24   1.64706261e+02 -1.10465685e+05  1.56e+06 3.14e+01  1.42e+03     3s
  25   1.64748573e+02 -1.10521409e+05  1.56e+06 3.06e+01  1.41e+03     3s
  26   1.68501061e+02 -1.11619626e+05  1.50e+06 3.06e+01  1.38e+03     3s
  27   1.70908549e+02 -1.10296933e+05  1.47e+06 2.77e+01  1.34e+03     3s
  28   1.72433515e+02 -1.16672627e+05  1.45e+06 3.09e+01  1.32e+03     3s
  29   1.72469632e+02 -1.16759589e+05  1.45e+06 3.02e+01  1.32e+03     3s
  30   1.75201350e+02 -1.13436708e+05  1.41e+06 3.01e+01  1.29e+03     3s
  31   1.78668516e+02 -1.21875895e+05  1.36e+06 3.49e+01  1.24e+03     3s
  32   1.78928481e+02 -1.22499243e+05  1.35e+06 3.51e+01  1.23e+03     3s
  33   1.80034527e+02 -1.22876182e+05  1.34e+06 3.52e+01  1.23e+03     3s
  34   1.83468336e+02 -1.19840331e+05  1.29e+06 3.73e+01  1.18e+03     4s
  35   1.83485662e+02 -1.19633955e+05  1.29e+06 3.74e+01  1.17e+03     4s
  36   1.83481187e+02 -1.20829471e+05  1.29e+06 3.64e+01  1.17e+03     4s
  37   1.83609746e+02 -1.20784458e+05  1.29e+06 3.65e+01  1.16e+03     4s
  38   1.84226499e+02 -1.22569918e+05  1.27e+06 3.74e+01  1.15e+03     4s
  39   1.63320716e+02 -1.14559659e+05  1.24e+06 3.99e+01  1.08e+03     4s
  40   1.63825035e+02 -1.28054662e+05  1.23e+06 4.28e+01  1.05e+03     4s
  41   1.64312265e+02 -1.37258868e+05  1.18e+06 4.47e+01  1.02e+03     4s
  42   1.64114266e+02 -1.38530485e+05  1.18e+06 4.52e+01  1.01e+03     4s
  43   1.64085783e+02 -1.40112225e+05  1.18e+06 4.57e+01  1.01e+03     4s
  44   1.63999490e+02 -1.36962297e+05  1.17e+06 4.50e+01  1.00e+03     4s
  45   1.63989086e+02 -1.37744332e+05  1.17e+06 4.52e+01  1.00e+03     4s
  46   1.63806804e+02 -1.37895786e+05  1.17e+06 4.55e+01  9.97e+02     4s
  47   1.63786114e+02 -1.36750518e+05  1.17e+06 4.53e+01  9.96e+02     4s
  48   1.63469428e+02 -1.36817226e+05  1.16e+06 4.54e+01  9.92e+02     4s
  49   1.61830674e+02 -1.44782179e+05  1.15e+06 4.65e+01  9.72e+02     4s

Barrier performed 49 iterations in 4.50 seconds (7.62 work units)
Numerical trouble encountered

Model may be infeasible or unbounded.  Consider using the
homogeneous algorithm (through parameter 'BarHomogeneous')

Iteration    Objective       Primal Inf.    Dual Inf.      Time
       0    1.0000000e+00   2.912463e+05   1.836696e+10      5s
Crossover changed status from Numeric to Optimal
   12352    5.9894150e-01   0.000000e+00   0.000000e+00      9s

Solved in 12352 iterations and 8.82 seconds (20.45 work units)
Optimal objective  5.989414954e-01
Set parameter Threads to value 1
Set parameter Method to value 2
Set parameter Crossover to value 1
Set parameter TimeLimit to value 300
Set parameter FeasibilityTol to value 1e-08
Set parameter OptimalityTol to value 1e-08
Set parameter BarConvTol to value 1e-11
Set parameter PreDual to value 0
Set parameter Seed to value 20260929
