
Gurobi 13.0.2 (win64) logging started Sun Oct  4 12:02:21 2026

Set parameter LogFile to value "docs/v42_m1_exact_dw_cg_root_pilot/logs/RMP_0002.log"
Gurobi Optimizer version 13.0.2 build v13.0.2rc1 (win64 - Windows 11+.0 (26200.2))

CPU model: 13th Gen Intel(R) Core(TM) i7-13620H, instruction set [SSE2|AVX|AVX2]
Thread count: 10 physical cores, 16 logical processors, using up to 1 threads

Non-default parameters:
TimeLimit  300
FeasibilityTol  1e-08
OptimalityTol  1e-08
Method  2
BarConvTol  1e-11
Crossover  1
PreDual  0
LogToConsole  0
Seed  20260929
Threads  1

Optimize a model with 679959 rows, 81225 columns and 7162248 nonzeros (Min)
Model has 1 linear objective coefficients
Coefficient statistics:
  Matrix range     [1e-13, 4e+02]
  Objective range  [1e+00, 1e+00]
  Bounds range     [1e+00, 1e+00]
  RHS range        [2e-24, 2e+03]
Warning: Model contains large matrix coefficient range
         Consider reformulating model or setting NumericFocus parameter
         to avoid numerical issues.

LP warm-start: discard basis
Presolve time: 0.61s
Presolved: 858 rows, 142 columns, 3927 nonzeros

Ordering time: 0.02s

Barrier statistics:
 AA' NZ     : 3.576e+05
 Factor NZ  : 3.594e+05 (roughly 3 MB of memory)
 Factor Ops : 2.029e+08 (less than 1 second per iteration)
 Threads    : 1

                  Objective                Residual
Iter       Primal          Dual         Primal    Dual     Compl     Time
   0   2.12337240e+02 -3.64555486e+02  5.38e+02 2.62e-05  2.13e+01     1s
   1   2.07986253e+02 -4.06375393e+02  2.69e+02 1.24e-02  6.27e+00     1s
   2   2.18809885e+00 -4.23025454e+02  9.40e+01 2.67e-03  2.14e+00     1s
   3   2.08659048e+00 -3.12964886e+02  7.02e+01 1.02e-03  1.44e+00     1s
   4   2.40741864e+00 -2.04685893e+02  2.47e+00 3.14e-15  2.64e-01     1s
   5   1.09347637e+00 -2.64992851e+00  3.09e-01 2.58e-15  5.44e-03     1s
   6   8.62168021e-01  4.30843277e-01  1.83e-03 2.21e-15  4.87e-04     1s
   7   7.25227705e-01  5.25746181e-01  3.19e-04 5.83e-16  2.24e-04     1s
   8   7.02847693e-01  5.48420236e-01  3.77e-05 1.19e-15  1.73e-04     1s
   9   6.76091988e-01  6.22360397e-01  8.56e-06 1.00e-17  6.03e-05     1s
  10   6.73249283e-01  6.60816997e-01  5.81e-06 2.79e-18  1.40e-05     1s
  11   6.70404754e-01  6.68624128e-01  2.44e-09 4.46e-16  2.00e-06     1s
  12   6.69426906e-01  6.69342104e-01  1.13e-09 5.44e-16  9.52e-08     1s
  13   6.69416023e-01  6.69415851e-01  3.04e-09 1.48e-15  1.94e-10     1s
  14   6.69415924e-01  6.69415924e-01  4.15e-10 8.94e-16  1.94e-13     1s
  15   6.69415924e-01  6.69415924e-01  1.39e-12 6.46e-16  1.94e-16     1s

Barrier solved model in 15 iterations and 0.80 seconds (1.69 work units)
Optimal objective 6.69415924e-01

Crossover log...

     187 DPushes remaining with DInf 0.0000000e+00                 1s
       0 DPushes remaining with DInf 0.0000000e+00                 1s

       0 PPushes remaining with PInf 0.0000000e+00                 1s

  Push phase complete: Pinf 0.0000000e+00, Dinf 0.0000000e+00      1s

Crossover time: 0.00 seconds (0.00 work units)
Iteration    Objective       Primal Inf.    Dual Inf.      Time
      27    6.6941592e-01   0.000000e+00   0.000000e+00      1s

Solved in 27 iterations and 1.43 seconds (2.40 work units)
Optimal objective  6.694159239e-01
Set parameter Threads to value 1
Set parameter Method to value 2
Set parameter Crossover to value 1
Set parameter TimeLimit to value 300
Set parameter FeasibilityTol to value 1e-08
Set parameter OptimalityTol to value 1e-08
Set parameter BarConvTol to value 1e-11
Set parameter PreDual to value 0
Set parameter Seed to value 20260929
