
Gurobi 13.0.2 (win64) logging started Sun Oct  4 12:06:36 2026

Set parameter LogFile to value "docs/v42_m1_exact_dw_cg_root_pilot/logs/RMP_0039.log"
Gurobi Optimizer version 13.0.2 build v13.0.2rc1 (win64 - Windows 11+.0 (26200.2))

CPU model: 13th Gen Intel(R) Core(TM) i7-13620H, instruction set [SSE2|AVX|AVX2]
Thread count: 10 physical cores, 16 logical processors, using up to 1 threads

Non-default parameters:
TimeLimit  300
FeasibilityTol  1e-08
OptimalityTol  1e-08
Method  2
BarConvTol  1e-11
Crossover  1
PreDual  0
LogToConsole  0
Seed  20260929
Threads  1

Optimize a model with 679959 rows, 81373 columns and 7166138 nonzeros (Min)
Model has 1 linear objective coefficients
Coefficient statistics:
  Matrix range     [1e-13, 4e+02]
  Objective range  [1e+00, 1e+00]
  Bounds range     [1e+00, 1e+00]
  RHS range        [2e-24, 2e+03]
Warning: Model contains large matrix coefficient range
         Consider reformulating model or setting NumericFocus parameter
         to avoid numerical issues.

LP warm-start: discard basis
Presolve time: 0.91s
Presolved: 49136 rows, 12248 columns, 387628 nonzeros

Ordering time: 0.04s

Barrier statistics:
 Dense cols : 522
 AA' NZ     : 5.065e+05
 Factor NZ  : 7.922e+05 (roughly 30 MB of memory)
 Factor Ops : 4.178e+07 (less than 1 second per iteration)
 Threads    : 1

                  Objective                Residual
Iter       Primal          Dual         Primal    Dual     Compl     Time
   0   1.84966682e+03 -2.08399803e+04  7.86e+04 1.31e-06  1.85e+02     1s
   1   1.84967058e+03 -2.44766045e+04  7.63e+04 1.06e+01  1.78e+02     1s
   2   1.84969447e+03 -2.70648949e+04  7.55e+04 1.20e+01  1.76e+02     1s
   3   1.84971351e+03 -3.23602250e+04  7.47e+04 2.10e+01  1.73e+02     1s
   4   1.84973694e+03 -3.16771210e+04  6.82e+04 2.21e+01  1.64e+02     1s
   5   1.84974650e+03 -3.39537721e+04  6.81e+04 2.97e+01  1.64e+02     1s
   6   1.84973265e+03 -3.34664259e+04  6.81e+04 3.01e+01  1.64e+02     1s
   7   1.84975372e+03 -3.41648713e+04  6.80e+04 2.95e+01  1.64e+02     1s
   8   1.84975910e+03 -3.45633308e+04  6.80e+04 2.92e+01  1.64e+02     1s
   9   1.84973712e+03 -3.42466183e+04  6.80e+04 2.95e+01  1.64e+02     1s
  10   1.84993640e+03 -3.40548949e+04  6.70e+04 2.37e+01  1.62e+02     1s
  11   1.84994780e+03 -3.55684359e+04  6.70e+04 2.59e+01  1.62e+02     1s
  12   1.84993737e+03 -3.42559442e+04  6.70e+04 2.45e+01  1.62e+02     1s
  13   1.84998747e+03 -3.51273970e+04  6.68e+04 2.44e+01  1.57e+02     1s
  14   1.84999805e+03 -3.56511749e+04  6.68e+04 2.58e+01  1.55e+02     1s
  15   1.84999210e+03 -3.52595271e+04  6.68e+04 2.47e+01  1.55e+02     2s
  16   1.84999792e+03 -3.55889801e+04  6.68e+04 2.56e+01  1.55e+02     2s
  17   1.84999244e+03 -3.52504907e+04  6.68e+04 2.47e+01  1.53e+02     2s
  18   1.84999897e+03 -3.55683214e+04  6.68e+04 2.56e+01  1.52e+02     2s
  19   1.84999352e+03 -3.52413477e+04  6.68e+04 2.47e+01  1.52e+02     2s
  20   1.85000135e+03 -3.55837245e+04  6.68e+04 2.56e+01  1.51e+02     2s
  21   1.84999587e+03 -3.52552089e+04  6.68e+04 2.47e+01  1.50e+02     2s

Barrier performed 21 iterations in 1.69 seconds (3.30 work units)
Numerical trouble encountered

Model may be infeasible or unbounded.  Consider using the
homogeneous algorithm (through parameter 'BarHomogeneous')

Iteration    Objective       Primal Inf.    Dual Inf.      Time
       0    1.0000000e+00   1.075777e+05   5.310759e+09      2s
Crossover changed status from Numeric to Optimal
    3084    6.3661327e-01   0.000000e+00   0.000000e+00      3s

Solved in 3084 iterations and 2.97 seconds (5.80 work units)
Optimal objective  6.366132739e-01
Set parameter Threads to value 1
Set parameter Method to value 2
Set parameter Crossover to value 1
Set parameter TimeLimit to value 300
Set parameter FeasibilityTol to value 1e-08
Set parameter OptimalityTol to value 1e-08
Set parameter BarConvTol to value 1e-11
Set parameter PreDual to value 0
Set parameter Seed to value 20260929
