
Gurobi 13.0.2 (win64) logging started Thu Oct  8 06:06:50 2026

Set parameter LogFile to value "C:\v42_m1_exact_solver_redesign_20261008\docs\v42_m_practical_exact_solver_overnight_20261008\external_production\external_nodes\0003\LP.log"
Gurobi Optimizer version 13.0.2 build v13.0.2rc1 (win64 - Windows 11+.0 (26200.2))

CPU model: 13th Gen Intel(R) Core(TM) i7-13620H, instruction set [SSE2|AVX|AVX2]
Thread count: 10 physical cores, 16 logical processors, using up to 1 threads

Non-default parameters:
TimeLimit  900
FeasibilityTol  1e-08
IntFeasTol  1e-08
MIPGap  0.005
OptimalityTol  1e-08
Method  2
LPWarmStart  0
Crossover  0
DegenMoves  0
MIPFocus  3
NodeMethod  1
LogToConsole  0
Seed  20260929
Threads  1

Optimize a model with 582808 rows, 306040 columns and 5351612 nonzeros (Min)
Model fingerprint: 0xa8d94179
Model has 1 linear objective coefficients
Coefficient statistics:
  Matrix range     [1e-13, 4e+02]
  Objective range  [1e+00, 1e+00]
  Bounds range     [3e-08, 2e+03]
  RHS range        [2e-24, 2e+03]
Warning: Model contains large matrix coefficient range
         Consider reformulating model or setting NumericFocus parameter
         to avoid numerical issues.

Presolve removed 175669 rows and 27297 columns
Presolve time: 2.05s
Presolved: 407139 rows, 299030 columns, 4428800 nonzeros
Elapsed ordering time = 5s
Ordering time: 5.53s

Barrier statistics:
 Dense cols : 961
 AA' NZ     : 3.785e+07
 Factor NZ  : 5.721e+07 (roughly 700 MB of memory)
 Factor Ops : 3.135e+10 (roughly 1 second per iteration)
 Threads    : 1

                  Objective                Residual
Iter       Primal          Dual         Primal    Dual     Compl     Time
   0   1.27525711e+03 -5.00172023e+05  6.52e+07 7.87e-07  1.02e+04    13s
   1   1.70157951e+03 -3.67326517e+05  4.36e+07 6.07e-03  4.39e+03    14s
   2   4.60714667e+02 -2.61930606e+05  1.80e+07 4.92e-04  5.58e+03    16s
   3   3.63307570e+01 -1.04221461e+05  1.39e+06 1.24e-10  4.40e+02    18s
   4   8.10325777e-01 -5.80222534e+04  4.16e+03 8.35e-15  9.19e+00    19s
   5   7.55326200e-01 -1.37906849e+04  1.99e+03 1.12e-10  2.16e+00    21s
   6   7.20452637e-01 -8.66941042e+02  2.61e+02 5.78e-11  1.40e-01    23s
   7   7.23425752e-01 -3.90403195e+02  8.63e+01 1.33e-11  6.10e-02    25s
   8   7.26804248e-01 -1.53455145e+02  4.13e+01 4.72e-12  2.54e-02    28s
   9   7.33297327e-01 -2.85666179e+01  1.30e+01 1.36e-10  5.45e-03    30s
  10   7.24201279e-01 -3.35200976e+00  6.11e-01 1.32e-08  6.18e-04    32s
  11   6.77823958e-01 -1.11937935e+00  3.88e-01 8.38e-09  2.64e-04    34s
  12   6.32166597e-01 -4.99533193e-01  2.65e-01 1.45e-08  1.62e-04    36s
  13   6.17105926e-01 -4.78090532e-02  1.79e-01 1.45e-08  9.27e-05    38s
  14   6.05910438e-01  2.47019070e-01  1.06e-01 2.94e-08  4.87e-05    40s
  15   5.97142535e-01  3.46109309e-01  7.21e-02 2.43e-08  3.36e-05    42s
  16   5.91719075e-01  4.00298195e-01  5.38e-02 2.80e-08  2.54e-05    44s
  17   5.87111399e-01  4.53169415e-01  4.05e-02 2.86e-08  1.76e-05    46s
  18   5.78754102e-01  4.97565418e-01  1.89e-02 2.06e-08  1.04e-05    48s
  19   5.75417215e-01  5.35464026e-01  1.32e-02 1.77e-08  4.86e-06    50s
  20   5.73202212e-01  5.47906573e-01  9.47e-03 1.37e-08  2.96e-06    52s
  21   5.72077783e-01  5.53528937e-01  7.48e-03 1.10e-08  2.14e-06    54s
  22   5.70970275e-01  5.57226779e-01  5.08e-03 9.36e-09  1.59e-06    56s
  23   5.70328622e-01  5.61781107e-01  3.69e-03 7.65e-09  1.01e-06    58s
  24   5.69934686e-01  5.63668877e-01  2.81e-03 7.15e-09  7.54e-07    59s
  25   5.69691078e-01  5.64820023e-01  2.24e-03 6.67e-09  5.99e-07    61s
  26   5.69423816e-01  5.66148952e-01  1.57e-03 6.09e-09  4.19e-07    63s
  27   5.69198678e-01  5.66827136e-01  1.05e-03 5.79e-09  3.16e-07    65s
  28   5.69038083e-01  5.67647963e-01  6.57e-04 6.65e-09  2.03e-07    67s
  29   5.68980090e-01  5.68015292e-01  5.27e-04 6.57e-09  1.54e-07    69s
  30   5.68898397e-01  5.68394519e-01  3.45e-04 6.52e-09  9.90e-08    71s
  31   5.68843508e-01  5.68754984e-01  2.29e-04 6.22e-09  4.86e-08    74s
  32   5.68808590e-01  5.68832898e-01  1.60e-04 5.93e-09  3.37e-08    75s
  33   5.68775407e-01  5.68878983e-01  9.70e-05 5.58e-09  2.22e-08    77s
  34   5.68761319e-01  5.68879825e-01  7.37e-05 5.34e-09  1.67e-08    80s
  35   5.68753481e-01  5.68898165e-01  6.14e-05 5.00e-09  1.38e-08    82s
  36   5.68748001e-01  5.68884337e-01  5.16e-05 4.28e-09  1.06e-08    84s
  37   5.68740556e-01  5.68881357e-01  3.57e-05 4.25e-09  8.69e-09    86s
  38   5.68736678e-01  5.68861312e-01  2.80e-05 4.67e-09  5.11e-09    87s
  39   5.68732255e-01  5.68850539e-01  1.90e-05 4.78e-09  3.54e-09    89s
  40   5.68729126e-01  5.68845624e-01  1.34e-05 4.84e-09  2.63e-09    91s
  41   5.68728799e-01  5.68840706e-01  1.29e-05 4.91e-09  2.24e-09    93s
  42   5.68726101e-01  5.68830497e-01  8.84e-06 4.98e-09  1.53e-09    95s
  43   5.68725634e-01  5.68828314e-01  8.08e-06 4.99e-09  1.38e-09    96s
  44   5.68725044e-01  5.68822745e-01  7.18e-06 5.02e-09  9.79e-10    98s
  45   5.68723580e-01  5.68810158e-01  4.71e-06 5.00e-09  5.50e-10   100s
  46   5.68722870e-01  5.68806752e-01  3.82e-06 4.90e-09  4.19e-10   102s
  47   5.68721811e-01  5.68798414e-01  2.58e-06 3.71e-09  1.88e-10   104s
  48   5.68719417e-01  5.68793592e-01  2.41e-07 3.77e-09  2.18e-11   106s
  49   5.68718714e-01  5.68793024e-01  1.52e-07 3.59e-09  1.12e-11   108s
  50   5.68718286e-01  5.68792966e-01  1.18e-07 3.49e-09  6.63e-12   110s
  51   5.68717954e-01  5.68791407e-01  9.29e-08 3.45e-09  5.31e-12   113s
  52   5.68717943e-01  5.68790267e-01  9.23e-08 3.41e-09  5.30e-12   114s
  53   5.68717697e-01  5.68789054e-01  7.41e-08 3.16e-09  4.14e-12   116s
  54   5.68717596e-01  5.68787650e-01  6.62e-08 2.83e-09  3.96e-12   118s
  55   5.68717501e-01  5.68787299e-01  5.95e-08 2.74e-09  3.61e-12   120s
  56   5.68717329e-01  5.68786851e-01  5.03e-08 2.52e-09  3.04e-12   122s
  57   5.68717174e-01  5.68786284e-01  4.34e-08 2.12e-09  2.83e-12   124s
  58   5.68717170e-01  5.68786036e-01  4.33e-08 2.04e-09  2.78e-12   126s
  59   5.68717150e-01  5.68785901e-01  4.27e-08 2.01e-09  2.74e-12   128s
  60   5.68717107e-01  5.68785547e-01  4.09e-08 1.93e-09  2.62e-12   130s
  61   5.68716876e-01  5.68784638e-01  3.64e-08 1.71e-09  2.30e-12   132s
  62   5.68716770e-01  5.68783832e-01  3.45e-08 1.77e-09  2.11e-12   134s
  63   5.68716665e-01  5.68781820e-01  3.10e-08 2.38e-09  1.82e-12   135s
  64   5.68716402e-01  5.68778944e-01  2.66e-08 2.91e-09  3.85e-12   138s
  65   5.68715891e-01  5.68777967e-01  1.98e-08 3.04e-09  2.78e-12   141s
  66   5.68715531e-01  5.68777111e-01  1.64e-08 3.27e-09  2.09e-12   143s
  67   5.68715003e-01  5.68777239e-01  8.15e-09 3.31e-09  1.06e-12   145s
  68   5.68714739e-01  5.68776520e-01  6.64e-09 3.35e-09  8.76e-13   147s
  69   5.68714477e-01  5.68776400e-01  4.70e-09 3.36e-09  6.50e-13   148s

Barrier solved model in 69 iterations and 148.47 seconds (280.70 work units)
Optimal objective 5.68714477e-01


User-callback calls 8952, time in user-callback 0.16 sec
Discarded solution information
Set parameter Method to value 2
Set parameter Crossover to value 0
Set parameter LPWarmStart to value 0
Set parameter NumericFocus to value 0
Set parameter DualReductions to value 1
Set parameter InfUnbdInfo to value 0
Set parameter TimeLimit to value 900
