
Gurobi 13.0.2 (win64) logging started Thu Oct  8 08:03:23 2026

Set parameter LogFile to value "C:\v42_m1_exact_solver_redesign_20261008\docs\v42_m_practical_exact_solver_overnight_20261008\external_production\external_nodes\0029\LP.log"
Gurobi Optimizer version 13.0.2 build v13.0.2rc1 (win64 - Windows 11+.0 (26200.2))

CPU model: 13th Gen Intel(R) Core(TM) i7-13620H, instruction set [SSE2|AVX|AVX2]
Thread count: 10 physical cores, 16 logical processors, using up to 1 threads

Non-default parameters:
TimeLimit  900
FeasibilityTol  1e-08
IntFeasTol  1e-08
MIPGap  0.005
OptimalityTol  1e-08
Method  2
LPWarmStart  0
Crossover  0
DegenMoves  0
MIPFocus  3
NodeMethod  1
LogToConsole  0
Seed  20260929
Threads  1

Optimize a model with 582808 rows, 306040 columns and 5351612 nonzeros (Min)
Model fingerprint: 0x9e47ae70
Model has 1 linear objective coefficients
Coefficient statistics:
  Matrix range     [1e-13, 4e+02]
  Objective range  [1e+00, 1e+00]
  Bounds range     [3e-08, 2e+03]
  RHS range        [2e-24, 2e+03]
Warning: Model contains large matrix coefficient range
         Consider reformulating model or setting NumericFocus parameter
         to avoid numerical issues.

Presolve removed 175671 rows and 27296 columns
Presolve time: 2.07s
Presolved: 407137 rows, 299039 columns, 4428795 nonzeros
Elapsed ordering time = 5s
Ordering time: 5.36s

Barrier statistics:
 Dense cols : 965
 AA' NZ     : 3.779e+07
 Factor NZ  : 5.717e+07 (roughly 700 MB of memory)
 Factor Ops : 3.124e+10 (roughly 1 second per iteration)
 Threads    : 1

                  Objective                Residual
Iter       Primal          Dual         Primal    Dual     Compl     Time
   0   1.27525703e+03 -5.00184364e+05  6.52e+07 7.87e-07  1.02e+04    13s
   1   1.70157945e+03 -3.67348186e+05  4.36e+07 6.07e-03  4.39e+03    14s
   2   4.60779751e+02 -2.61952126e+05  1.80e+07 4.92e-04  5.58e+03    16s
   3   3.63371964e+01 -1.04235361e+05  1.39e+06 7.49e-15  4.40e+02    17s
   4   8.17164197e-01 -5.80311850e+04  4.43e+03 1.59e-09  9.27e+00    19s
   5   7.49565933e-01 -9.53414997e+03  1.68e+03 1.28e-10  1.51e+00    21s
   6   7.21211445e-01 -6.32908390e+02  2.71e+02 5.70e-11  1.09e-01    23s
   7   7.24918639e-01 -2.15243947e+02  9.41e+01 2.21e-11  3.78e-02    25s
   8   7.27518490e-01 -7.27516857e+01  3.85e+01 8.32e-12  1.40e-02    27s
   9   7.34476744e-01 -2.16690869e+01  1.35e+01 1.08e-09  4.47e-03    30s
  10   7.09906105e-01 -2.05298809e+00  2.13e-01 1.35e-08  3.98e-04    32s
  11   6.40573925e-01 -8.54374499e-01  1.37e-01 9.02e-09  2.11e-04    34s
  12   6.23886118e-01 -2.56918550e-01  1.13e-01 3.92e-08  1.23e-04    36s
  13   6.16223793e-01 -3.75887239e-02  9.30e-02 4.31e-08  9.05e-05    38s
  14   6.12108273e-01  2.13648164e-01  5.61e-02 3.63e-08  5.42e-05    41s
  15   6.03547329e-01  2.85690341e-01  3.88e-02 3.40e-08  4.29e-05    42s
  16   6.00926825e-01  3.39345231e-01  3.47e-02 2.91e-08  3.52e-05    44s
  17   5.91456811e-01  3.93542455e-01  2.16e-02 3.17e-08  2.64e-05    46s
  18   5.86122850e-01  4.67564097e-01  1.57e-02 2.89e-08  1.56e-05    48s
  19   5.80380701e-01  5.12318973e-01  1.03e-02 2.78e-08  8.70e-06    50s
  20   5.77470542e-01  5.24366035e-01  7.75e-03 2.58e-08  6.72e-06    52s
  21   5.75742259e-01  5.39744992e-01  6.50e-03 2.00e-08  4.42e-06    54s
  22   5.73403800e-01  5.53055126e-01  4.60e-03 1.15e-08  2.38e-06    56s
  23   5.71215400e-01  5.59448114e-01  2.56e-03 1.03e-08  1.38e-06    58s
  24   5.70324368e-01  5.63699641e-01  1.67e-03 8.65e-09  7.83e-07    60s
  25   5.69787622e-01  5.65886701e-01  1.12e-03 7.38e-09  4.83e-07    62s
  26   5.69538064e-01  5.66483294e-01  8.40e-04 7.14e-09  3.88e-07    64s
  27   5.69408861e-01  5.67166590e-01  7.09e-04 5.77e-09  3.00e-07    66s
  28   5.69271150e-01  5.67609812e-01  5.60e-04 6.26e-09  2.35e-07    68s
  29   5.69120137e-01  5.68083179e-01  3.95e-04 6.59e-09  1.65e-07    70s
  30   5.69046273e-01  5.68403229e-01  3.10e-04 6.66e-09  1.20e-07    71s
  31   5.68948505e-01  5.68607919e-01  2.17e-04 6.63e-09  8.45e-08    73s
  32   5.68872387e-01  5.68845567e-01  1.38e-04 6.25e-09  4.57e-08    76s
  33   5.68834407e-01  5.68878343e-01  9.55e-05 6.02e-09  3.48e-08    78s
  34   5.68814524e-01  5.68894851e-01  7.36e-05 5.80e-09  2.75e-08    79s
  35   5.68803515e-01  5.68930629e-01  6.19e-05 5.46e-09  2.10e-08    81s
  36   5.68802033e-01  5.68932811e-01  6.03e-05 5.42e-09  2.04e-08    83s
  37   5.68782546e-01  5.68969508e-01  3.91e-05 4.77e-09  1.30e-08    85s
  38   5.68769035e-01  5.68987341e-01  2.67e-05 4.54e-09  7.94e-09    87s
  39   5.68766636e-01  5.68987880e-01  2.47e-05 4.55e-09  7.42e-09    90s
  40   5.68764389e-01  5.68988806e-01  2.29e-05 4.58e-09  6.52e-09    91s
  41   5.68762429e-01  5.68988925e-01  2.13e-05 4.60e-09  5.94e-09    93s
  42   5.68760938e-01  5.68975442e-01  1.96e-05 4.23e-09  4.61e-09    95s
  43   5.68754029e-01  5.68964513e-01  1.19e-05 4.11e-09  3.18e-09    97s
  44   5.68752486e-01  5.68925272e-01  1.06e-05 4.03e-09  1.91e-09    99s
  45   5.68751040e-01  5.68917671e-01  9.33e-06 4.10e-09  1.60e-09   101s
  46   5.68749635e-01  5.68914913e-01  7.60e-06 3.74e-09  1.19e-09   103s
  47   5.68744898e-01  5.68882486e-01  2.90e-06 4.60e-09  3.79e-10   106s
  48   5.68743444e-01  5.68870465e-01  2.00e-06 3.54e-09  2.46e-10   108s
  49   5.68741588e-01  5.68866998e-01  1.09e-06 3.61e-09  1.45e-10   110s
  50   5.68741409e-01  5.68862504e-01  1.04e-06 3.67e-09  1.21e-10   112s
  51   5.68740855e-01  5.68860972e-01  7.91e-07 3.68e-09  9.60e-11   114s
  52   5.68740501e-01  5.68854876e-01  6.43e-07 3.68e-09  7.67e-11   116s
  53   5.68740025e-01  5.68850789e-01  5.33e-07 3.69e-09  5.75e-11   118s
  54   5.68739648e-01  5.68846254e-01  4.57e-07 3.65e-09  4.31e-11   120s
  55   5.68738245e-01  5.68841917e-01  2.04e-07 3.59e-09  1.84e-11   122s
  56   5.68738086e-01  5.68843231e-01  1.91e-07 3.59e-09  1.81e-11   124s
  57   5.68737971e-01  5.68842130e-01  1.79e-07 3.58e-09  1.70e-11   126s
  58   5.68737944e-01  5.68841877e-01  1.77e-07 3.58e-09  1.68e-11   127s
  59   5.68737779e-01  5.68839304e-01  1.63e-07 3.56e-09  1.55e-11   129s
  60   5.68737576e-01  5.68837283e-01  1.43e-07 3.54e-09  1.48e-11   131s
  61   5.68737189e-01  5.68837013e-01  1.15e-07 3.54e-09  1.19e-11   133s
  62   5.68736914e-01  5.68831650e-01  9.81e-08 3.47e-09  1.01e-11   135s
  63   5.68736872e-01  5.68830848e-01  9.59e-08 3.45e-09  9.79e-12   136s
  64   5.68736791e-01  5.68829438e-01  9.18e-08 3.43e-09  9.18e-12   138s
  65   5.68736784e-01  5.68829011e-01  9.13e-08 3.39e-09  9.10e-12   140s
  66   5.68736640e-01  5.68824678e-01  8.26e-08 2.55e-09  8.19e-12   143s
  67   5.68736299e-01  5.68823497e-01  6.39e-08 2.31e-09  6.39e-12   145s
  68   5.68735777e-01  5.68821918e-01  4.15e-08 2.36e-09  4.31e-12   147s
  69   5.68734979e-01  5.68821108e-01  3.18e-08 2.41e-09  4.07e-12   149s
  70   5.68734507e-01  5.68818763e-01  2.67e-08 2.98e-09  3.08e-12   151s
  71   5.68734361e-01  5.68817393e-01  2.54e-08 3.26e-09  2.54e-12   153s
  72   5.68734180e-01  5.68816264e-01  2.38e-08 3.56e-09  2.24e-12   155s
  73   5.68734118e-01  5.68816160e-01  2.27e-08 3.59e-09  2.12e-12   157s
  74   5.68733492e-01  5.68815745e-01  1.30e-08 3.72e-09  1.26e-12   160s
  75   5.68733490e-01  5.68812262e-01  1.40e-08 3.34e-09  2.18e-12   162s
  76   5.68733484e-01  5.68812268e-01  1.39e-08 3.35e-09  2.14e-12   165s
  77   5.68733375e-01  5.68812269e-01  5.46e-08 3.37e-09  1.76e-12   167s
  78   5.68733215e-01  5.68811787e-01  5.12e-08 3.40e-09  1.74e-12   169s
  79   5.68733043e-01  5.68811013e-01  4.88e-08 3.51e-09  1.80e-12   171s
  80   5.68733016e-01  5.68810837e-01  4.83e-08 3.50e-09  1.75e-12   173s
  81   5.68732768e-01  5.68810331e-01  4.37e-08 3.49e-09  1.60e-12   175s
  82   5.68732401e-01  5.68808958e-01  3.76e-08 3.53e-09  1.37e-12   177s
  83   5.68732366e-01  5.68808484e-01  3.71e-08 3.54e-09  1.24e-12   179s
  84   5.68732322e-01  5.68808260e-01  3.59e-08 3.55e-09  1.17e-12   181s
  85   5.68732212e-01  5.68808051e-01  3.43e-08 3.56e-09  1.10e-12   184s
  86   5.68732133e-01  5.68807852e-01  3.33e-08 3.57e-09  1.05e-12   186s
  87   5.68731935e-01  5.68806995e-01  3.08e-08 3.62e-09  9.66e-13   188s
  88   5.68731867e-01  5.68806906e-01  3.00e-08 3.62e-09  9.43e-13   190s
  89   5.68731747e-01  5.68806762e-01  2.72e-08 3.63e-09  8.58e-13   192s

Barrier solved model in 89 iterations and 192.21 seconds (359.53 work units)
Optimal objective 5.68733043e-01


User-callback calls 12160, time in user-callback 0.21 sec
Discarded solution information
Set parameter Method to value 2
Set parameter Crossover to value 0
Set parameter LPWarmStart to value 0
Set parameter NumericFocus to value 0
Set parameter DualReductions to value 1
Set parameter InfUnbdInfo to value 0
Set parameter TimeLimit to value 900
