
Gurobi 13.0.2 (win64) logging started Sun Oct  4 21:07:32 2026

Set parameter LogFile to value "docs/v42_m1_dw_accelerated_root_integration/logs/PRICE_0046_MESS02.log"
Gurobi Optimizer version 13.0.2 build v13.0.2rc1 (win64 - Windows 11+.0 (26200.2))

CPU model: 13th Gen Intel(R) Core(TM) i7-13620H, instruction set [SSE2|AVX|AVX2]
Thread count: 10 physical cores, 16 logical processors, using up to 1 threads

Non-default parameters:
TimeLimit  20
FeasibilityTol  1e-08
IntFeasTol  1e-08
MIPGap  0
MIPGapAbs  0
OptimalityTol  1e-08
Method  2
Crossover  2
DegenMoves  0
MIPFocus  3
NodeMethod  1
CutPasses  1
LogToConsole  0
Seed  20260929
Threads  1

Optimize a model with 51527 rows, 58895 columns and 314932 nonzeros (Min)
Model fingerprint: 0x64543bdc
Model has 4105 linear objective coefficients and an objective constant of 8.9475553395817024e-03
Variable types: 6805 continuous, 52090 integer (52090 binary)
Coefficient statistics:
  Matrix range     [2e-01, 4e+02]
  Objective range  [1e-13, 9e-06]
  Bounds range     [1e+00, 1e+03]
  RHS range        [1e+00, 8e+02]

Loaded user MIP start with objective -0.00413413
MIP start from previous solve produced solution with objective -0.00419476 (0.45s)
MIP start from previous solve produced solution with objective -0.00422303 (0.64s)
Loaded MIP start from previous solve with objective -0.00422303

Presolve removed 8946 rows and 2 columns
Presolve time: 0.58s
Presolved: 42581 rows, 58893 columns, 292568 nonzeros
Variable types: 6803 continuous, 52090 integer (52090 binary)
Root relaxation presolve removed 1 rows and 1 columns
Root relaxation presolved: 42580 rows, 58892 columns, 292566 nonzeros

Root barrier log...

Ordering time: 0.04s

Barrier statistics:
 AA' NZ     : 5.996e+05
 Factor NZ  : 1.096e+06 (roughly 50 MB of memory)
 Factor Ops : 7.451e+07 (less than 1 second per iteration)
 Threads    : 1

                  Objective                Residual
Iter       Primal          Dual         Primal    Dual     Compl     Time
   0  -5.40440576e-03 -3.44919799e+04  1.80e+04 1.41e-04  3.80e+00     2s
   1  -3.67083369e-02 -2.94159932e+04  2.54e+03 3.23e-03  5.75e-01     2s
   2   7.11286545e-02 -1.16581785e+04  4.08e+02 2.75e-04  1.20e-01     2s
   3   2.11250487e-02 -2.59487452e+03  1.04e+02 1.45e-15  2.59e-02     2s
   4  -2.01884528e-02 -2.37254859e+03  6.64e+01 1.57e-15  2.12e-02     2s
   5  -5.64774784e-02 -2.01260375e+03  3.82e+01 1.54e-15  1.65e-02     2s
   6  -7.32483919e-02 -1.69239997e+03  2.43e+01 1.83e-15  1.34e-02     2s
   7  -7.75579449e-02 -1.38601410e+03  1.79e+01 2.16e-15  1.10e-02     2s
   8  -7.41827268e-02 -1.20625182e+03  1.39e+01 2.45e-15  9.67e-03     2s
   9  -6.72043970e-02 -1.15076657e+03  1.25e+01 2.55e-15  9.01e-03     2s
  10  -2.07099863e-03 -6.22527129e+02  6.47e+00 4.52e-15  4.92e-03     2s
  11   8.59479793e-03 -2.52502837e+02  2.22e+00 4.85e-15  2.01e-03     2s
  12   1.24851623e-02 -1.38804593e+02  5.04e-01 3.90e-15  9.64e-04     2s
  13   1.33209403e-02 -1.53817833e+01  4.40e-02 3.70e-15  1.01e-04     2s
  14   1.16397856e-02 -1.53052111e+00  8.88e-12 4.49e-15  9.76e-06     2s
  15   5.74517695e-03 -5.72687887e-01  7.47e-12 3.35e-15  3.66e-06     2s
  16   9.25824635e-03 -2.86651027e-01  1.35e-11 3.35e-15  1.87e-06     2s
  17   4.69396435e-03 -1.65589134e-01  3.23e-11 3.64e-15  1.08e-06     2s
  18   1.74633864e-03 -7.76246259e-02  1.55e-11 3.71e-15  5.02e-07     2s
  19  -1.86428438e-03 -4.83444229e-02  1.11e-11 3.61e-15  2.94e-07     2s
  20  -3.70995768e-03 -3.18598470e-02  1.89e-11 3.77e-15  1.78e-07     2s
  21  -4.35400278e-03 -2.63858165e-02  2.50e-11 4.27e-15  1.39e-07     2s
  22  -4.55125972e-03 -2.38343373e-02  4.38e-11 4.68e-15  1.22e-07     2s
  23  -4.81653229e-03 -1.87375835e-02  2.80e-11 5.14e-15  8.81e-08     2s
  24  -5.00950746e-03 -1.31148400e-02  2.05e-11 3.98e-15  5.13e-08     3s
  25  -5.33978912e-03 -1.09711179e-02  2.02e-11 3.95e-15  3.57e-08     3s
  26  -5.44016094e-03 -9.62707291e-03  1.27e-11 3.92e-15  2.65e-08     3s
  27  -5.62654249e-03 -8.65343522e-03  1.08e-11 4.40e-15  1.92e-08     3s
  28  -5.71088556e-03 -7.75250729e-03  8.45e-12 4.08e-15  1.29e-08     3s
  29  -5.78106561e-03 -7.25512388e-03  2.68e-11 1.15e-12  9.33e-09     3s
  30  -5.81764471e-03 -7.10037455e-03  3.87e-11 4.75e-15  8.12e-09     3s
  31  -5.90446837e-03 -6.83311811e-03  1.15e-10 4.51e-15  5.88e-09     3s
  32  -5.93449008e-03 -6.55444693e-03  1.30e-10 4.16e-15  3.92e-09     3s
  33  -5.97280935e-03 -6.39468208e-03  1.38e-10 4.05e-15  2.67e-09     3s
  34  -6.02249585e-03 -6.30426991e-03  2.81e-10 4.01e-15  1.78e-09     3s
  35  -6.06382682e-03 -6.24481478e-03  7.09e-10 4.26e-15  1.15e-09     3s
  36  -6.07671104e-03 -6.21114056e-03  3.86e-10 4.26e-15  8.51e-10     3s
  37  -6.08387732e-03 -6.16495475e-03  2.92e-10 3.90e-15  5.13e-10     3s
  38  -6.09191289e-03 -6.12890538e-03  1.72e-10 3.60e-15  2.34e-10     3s
  39  -6.09331249e-03 -6.11436481e-03  1.35e-10 3.64e-15  1.33e-10     3s
  40  -6.09478300e-03 -6.11202983e-03  9.44e-11 1.55e-13  1.09e-10     3s
  41  -6.09609854e-03 -6.10950601e-03  4.54e-11 3.88e-13  8.49e-11     3s
  42  -6.09700772e-03 -6.10626436e-03  1.72e-10 1.18e-12  5.87e-11     3s
  43  -6.09748536e-03 -6.10523343e-03  9.04e-11 2.23e-12  4.91e-11     3s
  44  -6.09770685e-03 -6.10187657e-03  6.14e-11 5.32e-12  2.65e-11     3s
  45  -6.09805168e-03 -6.10019132e-03  3.28e-11 4.49e-12  1.36e-11     3s
  46  -6.09810950e-03 -6.09917383e-03  1.83e-11 2.54e-12  6.79e-12     3s
  47  -6.09823225e-03 -6.09883118e-03  1.91e-11 2.28e-12  3.83e-12     3s
  48  -6.09826291e-03 -6.09828589e-03  4.80e-11 1.01e-12  1.54e-13     3s
  49  -6.09826769e-03 -6.09826759e-03  4.32e-12 1.81e-13  9.14e-16     3s

Barrier solved model in 49 iterations and 3.25 seconds (3.23 work units)
Optimal objective -6.09826769e-03

Crossover time: 0.29 seconds (0.42 work units)

Root relaxation: objective -6.098268e-03, 23620 iterations, 2.03 seconds (2.63 work units)

    Nodes    |    Current Node    |     Objective Bounds      |     Work
 Expl Unexpl |  Obj  Depth IntInf | Incumbent    BestBd   Gap | It/Node Time

     0     0   -0.00610    0  412   -0.00422   -0.00610  44.4%     -    3s
H    0     0                      -0.0043072   -0.00610  41.6%     -    4s
H    0     0                      -0.0043387   -0.00610  40.6%     -    4s
H    0     0                      -0.0043437   -0.00610  40.4%     -    4s

Explored 1 nodes (23620 simplex iterations) in 4.92 seconds (4.89 work units)
Thread count was 1 (of 16 available processors)

Solution count 3: -0.00434374 -0.00430722 -0.00422303 

Solve interrupted
Best objective -4.343743474702e-03, best bound -6.098267736612e-03, gap 40.3920%

User-callback calls 1233, time in user-callback 1.38 sec
Set parameter Threads to value 1
Set parameter Method to value 2
Set parameter NodeMethod to value 1
Set parameter Crossover to value 2
Set parameter DegenMoves to value 0
Set parameter CutPasses to value 1
Set parameter MIPFocus to value 3
Set parameter MIPGap to value 0
Set parameter MIPGapAbs to value 0
Set parameter FeasibilityTol to value 1e-08
Set parameter IntFeasTol to value 1e-08
Set parameter OptimalityTol to value 1e-08
Set parameter Seed to value 20260929
Set parameter TimeLimit to value 120
