
Gurobi 13.0.2 (win64) logging started Sun Oct  4 20:45:22 2026

Set parameter LogFile to value "docs/v42_m1_dw_accelerated_root_integration/logs/PRICE_0010_MESS02.log"
Gurobi Optimizer version 13.0.2 build v13.0.2rc1 (win64 - Windows 11+.0 (26200.2))

CPU model: 13th Gen Intel(R) Core(TM) i7-13620H, instruction set [SSE2|AVX|AVX2]
Thread count: 10 physical cores, 16 logical processors, using up to 1 threads

Non-default parameters:
TimeLimit  20
FeasibilityTol  1e-08
IntFeasTol  1e-08
MIPGap  0
MIPGapAbs  0
OptimalityTol  1e-08
Method  2
Crossover  2
DegenMoves  0
MIPFocus  3
NodeMethod  1
CutPasses  1
LogToConsole  0
Seed  20260929
Threads  1

Optimize a model with 51527 rows, 58895 columns and 314932 nonzeros (Min)
Model fingerprint: 0x12dc0979
Model has 3816 linear objective coefficients and an objective constant of 7.8150666166759437e-03
Variable types: 6805 continuous, 52090 integer (52090 binary)
Coefficient statistics:
  Matrix range     [2e-01, 4e+02]
  Objective range  [3e-13, 9e-06]
  Bounds range     [1e+00, 1e+03]
  RHS range        [1e+00, 8e+02]

Loaded user MIP start with objective -0.00636354
MIP start from previous solve did not produce a new incumbent solution

Presolve removed 8946 rows and 2 columns
Presolve time: 0.58s
Presolved: 42581 rows, 58893 columns, 292568 nonzeros
Variable types: 6803 continuous, 52090 integer (52090 binary)
Root relaxation presolve removed 1 rows and 1 columns
Root relaxation presolved: 42580 rows, 58892 columns, 292566 nonzeros

Root barrier log...

Ordering time: 0.04s

Barrier statistics:
 AA' NZ     : 5.996e+05
 Factor NZ  : 1.096e+06 (roughly 50 MB of memory)
 Factor Ops : 7.451e+07 (less than 1 second per iteration)
 Threads    : 1

                  Objective                Residual
Iter       Primal          Dual         Primal    Dual     Compl     Time
   0   3.24271664e-03 -3.44919814e+04  1.80e+04 1.50e-04  3.80e+00     1s
   1  -3.65311135e-02 -2.94161620e+04  2.54e+03 3.23e-03  5.75e-01     1s
   2   7.06222782e-02 -1.16581383e+04  4.08e+02 2.75e-04  1.20e-01     1s
   3   2.03707532e-02 -2.59460004e+03  1.04e+02 2.58e-15  2.59e-02     1s
   4  -2.12034118e-02 -2.37238080e+03  6.63e+01 3.05e-15  2.12e-02     1s
   5  -5.63458307e-02 -2.06911908e+03  3.91e+01 2.61e-15  1.69e-02     1s
   6  -7.42002738e-02 -1.71507719e+03  2.46e+01 2.46e-15  1.35e-02     1s
   7  -7.90669274e-02 -1.39995426e+03  1.79e+01 2.52e-15  1.11e-02     1s
   8  -7.61130107e-02 -1.21478958e+03  1.41e+01 2.83e-15  9.74e-03     1s
   9  -6.94212718e-02 -1.15899306e+03  1.26e+01 2.87e-15  9.09e-03     1s
  10  -6.13406885e-03 -7.67037906e+02  6.94e+00 2.78e-15  5.83e-03     2s
  11  -1.42737740e-03 -4.92667075e+02  4.96e+00 3.24e-15  3.86e-03     2s
  12   7.28257521e-03 -1.37437321e+02  2.20e+00 2.77e-15  1.24e-03     2s
  13   1.13701196e-02 -8.80900548e+01  4.51e-01 3.38e-15  6.26e-04     2s
  14   1.20761108e-02 -1.00364991e+01  1.49e-12 2.34e-15  6.36e-05     2s
  15   9.43699484e-03 -1.88084340e+00  1.03e-11 1.31e-15  1.20e-05     2s
  16   6.37375586e-03 -1.15064757e+00  6.73e-12 9.19e-16  7.33e-06     2s
  17   4.18410016e-03 -2.62379890e-01  7.34e-12 4.61e-16  1.69e-06     2s
  18   2.21711638e-03 -1.12011140e-01  1.11e-11 4.44e-16  7.23e-07     2s
  19  -8.95365992e-04 -6.12024184e-02  1.12e-11 4.41e-16  3.82e-07     2s
  20  -3.37650755e-03 -4.27667302e-02  6.01e-12 4.85e-16  2.49e-07     2s
  21  -5.20997559e-03 -3.11094982e-02  1.26e-11 4.90e-16  1.64e-07     2s
  22  -6.20681958e-03 -2.27452473e-02  9.87e-12 5.15e-16  1.05e-07     2s
  23  -6.80149457e-03 -1.85924390e-02  1.48e-11 4.88e-16  7.47e-08     2s
  24  -6.97835099e-03 -1.70874329e-02  1.34e-11 5.56e-16  6.40e-08     2s
  25  -7.35327102e-03 -1.47284996e-02  1.39e-11 5.72e-16  4.67e-08     2s
  26  -7.57817285e-03 -1.31539892e-02  1.11e-11 5.39e-16  3.53e-08     2s
  27  -7.70628351e-03 -1.16415074e-02  9.99e-12 5.41e-16  2.49e-08     2s
  28  -7.88545319e-03 -1.11198756e-02  9.94e-12 5.94e-16  2.05e-08     2s
  29  -7.92965233e-03 -1.05653180e-02  9.09e-12 5.89e-16  1.67e-08     2s
  30  -8.02867126e-03 -9.73123994e-03  7.15e-12 4.97e-16  1.08e-08     2s
  31  -8.09938265e-03 -9.20059549e-03  9.52e-12 5.29e-16  6.97e-09     2s
  32  -8.18320622e-03 -8.91793777e-03  7.74e-12 4.75e-16  4.65e-09     2s
  33  -8.32658009e-03 -8.79034188e-03  1.55e-11 5.08e-16  2.94e-09     2s
  34  -8.34656067e-03 -8.59517299e-03  1.16e-11 4.73e-16  1.57e-09     2s
  35  -8.38019997e-03 -8.50015780e-03  1.28e-11 4.37e-16  7.60e-10     2s
  36  -8.39038793e-03 -8.42467880e-03  1.56e-11 3.94e-16  2.17e-10     2s
  37  -8.39418972e-03 -8.40743421e-03  3.62e-11 4.16e-16  8.39e-11     2s
  38  -8.39435224e-03 -8.39789798e-03  1.15e-10 5.00e-13  2.25e-11     2s
  39  -8.39454161e-03 -8.39464941e-03  9.51e-12 3.77e-12  6.91e-13     2s
  40  -8.39457310e-03 -8.39457327e-03  2.23e-13 1.22e-13  1.52e-15     2s

Barrier solved model in 40 iterations and 2.34 seconds (2.86 work units)
Optimal objective -8.39457310e-03

Crossover time: 0.26 seconds (0.32 work units)

Root relaxation: objective -8.394573e-03, 19653 iterations, 1.67 seconds (2.16 work units)

    Nodes    |    Current Node    |     Objective Bounds      |     Work
 Expl Unexpl |  Obj  Depth IntInf | Incumbent    BestBd   Gap | It/Node Time

     0     0   -0.00839    0  295   -0.00636   -0.00839  31.9%     -    2s
H    0     0                      -0.0063831   -0.00839  31.5%     -    2s
H    0     0                      -0.0064233   -0.00839  30.7%     -    3s
H    0     0                      -0.0067107   -0.00839  25.1%     -    3s
H    0     0                      -0.0067773   -0.00839  23.9%     -    4s

Explored 1 nodes (19653 simplex iterations) in 4.16 seconds (3.96 work units)
Thread count was 1 (of 16 available processors)

Solution count 4: -0.00677726 -0.0067107 -0.0064233 -0.00636354 

Solve interrupted
Best objective -6.777257504102e-03, best bound -8.394573127296e-03, gap 23.8639%

User-callback calls 1057, time in user-callback 1.18 sec
Set parameter Threads to value 1
Set parameter Method to value 2
Set parameter NodeMethod to value 1
Set parameter Crossover to value 2
Set parameter DegenMoves to value 0
Set parameter CutPasses to value 1
Set parameter MIPFocus to value 3
Set parameter MIPGap to value 0
Set parameter MIPGapAbs to value 0
Set parameter FeasibilityTol to value 1e-08
Set parameter IntFeasTol to value 1e-08
Set parameter OptimalityTol to value 1e-08
Set parameter Seed to value 20260929
Set parameter TimeLimit to value 20
