
Gurobi 13.0.2 (win64) logging started Sun Oct  4 20:48:33 2026

Set parameter LogFile to value "docs/v42_m1_dw_accelerated_root_integration/logs/PRICE_0023_MESS03.log"
Gurobi Optimizer version 13.0.2 build v13.0.2rc1 (win64 - Windows 11+.0 (26200.2))

CPU model: 13th Gen Intel(R) Core(TM) i7-13620H, instruction set [SSE2|AVX|AVX2]
Thread count: 10 physical cores, 16 logical processors, using up to 1 threads

Non-default parameters:
TimeLimit  20
FeasibilityTol  1e-08
IntFeasTol  1e-08
MIPGap  0
MIPGapAbs  0
OptimalityTol  1e-08
Method  2
Crossover  2
DegenMoves  0
MIPFocus  3
NodeMethod  1
CutPasses  1
LogToConsole  0
Seed  20260929
Threads  1

Optimize a model with 51596 rows, 58976 columns and 315361 nonzeros (Min)
Model fingerprint: 0xb9e277cc
Model has 4035 linear objective coefficients and an objective constant of 0.0082448261288226
Variable types: 6814 continuous, 52162 integer (52162 binary)
Coefficient statistics:
  Matrix range     [2e-01, 4e+02]
  Objective range  [2e-13, 1e-05]
  Bounds range     [1e+00, 1e+03]
  RHS range        [1e+00, 8e+02]

Loaded user MIP start with objective -0.00553778
MIP start from previous solve produced solution with objective -0.00569485 (0.47s)
MIP start from previous solve produced solution with objective -0.00574027 (0.71s)
Loaded MIP start from previous solve with objective -0.00574027

Presolve removed 8958 rows and 2 columns
Presolve time: 0.60s
Presolved: 42638 rows, 58974 columns, 292967 nonzeros
Variable types: 6812 continuous, 52162 integer (52162 binary)
Root relaxation presolve removed 3 rows and 2 columns
Root relaxation presolved: 42635 rows, 58972 columns, 292915 nonzeros

Root barrier log...

Ordering time: 0.04s

Barrier statistics:
 AA' NZ     : 6.006e+05
 Factor NZ  : 1.080e+06 (roughly 50 MB of memory)
 Factor Ops : 6.927e+07 (less than 1 second per iteration)
 Threads    : 1

                  Objective                Residual
Iter       Primal          Dual         Primal    Dual     Compl     Time
   0  -3.05733315e-03 -3.45219731e+04  1.80e+04 1.65e-04  3.80e+00     2s
   1  -4.39579262e-02 -2.93379776e+04  2.38e+03 2.53e-03  5.43e-01     2s
   2   7.71215926e-02 -8.95782827e+03  3.44e+02 9.85e-05  9.27e-02     2s
   3  -1.15837741e-02 -2.39632819e+03  7.54e+01 2.56e-15  2.20e-02     2s
   4  -5.48591224e-02 -1.90133915e+03  3.93e+01 2.38e-15  1.58e-02     2s
   5  -6.95520277e-02 -1.46059010e+03  2.45e+01 2.64e-15  1.20e-02     2s
   6  -7.20933133e-02 -1.16472632e+03  1.69e+01 3.21e-15  9.57e-03     2s
   7  -3.81660207e-02 -1.02427016e+03  1.25e+01 3.24e-15  8.25e-03     2s
   8   9.50507205e-03 -3.22857608e+02  3.22e+00 3.52e-15  2.54e-03     2s
   9   1.27359706e-02 -1.28868755e+02  3.78e-01 3.60e-15  8.72e-04     2s
  10   1.29624793e-02 -2.55129219e+01  3.42e-02 2.29e-15  1.64e-04     2s
  11   1.15996606e-02 -2.84471303e+00  8.85e-05 1.67e-15  1.81e-05     2s
  12   5.17486382e-03 -1.00282207e+00  1.39e-05 5.67e-16  6.37e-06     2s
  13   5.81590316e-03 -3.06988985e-01  2.31e-06 1.91e-16  1.98e-06     2s
  14   1.06478629e-03 -1.62644416e-01  8.17e-07 9.41e-17  1.04e-06     2s
  15  -1.64971041e-03 -1.08564490e-01  3.28e-07 6.84e-17  6.76e-07     2s
  16  -3.21847427e-03 -6.68085365e-02  1.49e-07 3.48e-17  4.02e-07     2s
  17  -4.28443322e-03 -4.52760252e-02  7.62e-08 2.68e-17  2.59e-07     2s
  18  -5.24494565e-03 -3.84602324e-02  3.25e-08 2.32e-17  2.10e-07     2s
  19  -5.45873987e-03 -3.36892774e-02  2.66e-08 1.80e-17  1.79e-07     2s
  20  -5.69812756e-03 -2.65050128e-02  2.08e-08 1.30e-17  1.32e-07     2s
  21  -6.07405572e-03 -2.14196660e-02  1.28e-08 9.13e-18  9.70e-08     2s
  22  -6.28910874e-03 -1.75605716e-02  8.87e-09 7.68e-18  7.13e-08     2s
  23  -6.53539799e-03 -1.51089136e-02  5.28e-09 7.05e-18  5.42e-08     2s
  24  -6.68098196e-03 -1.25095133e-02  3.66e-09 5.39e-18  3.69e-08     3s
  25  -6.82718178e-03 -1.11955849e-02  2.53e-09 4.25e-18  2.76e-08     3s
  26  -6.88196709e-03 -1.09850160e-02  2.16e-09 4.97e-18  2.59e-08     3s
  27  -6.92272835e-03 -9.71307335e-03  1.89e-09 4.45e-18  1.76e-08     3s
  28  -7.10052337e-03 -8.99738699e-03  9.88e-10 3.58e-18  1.20e-08     3s
  29  -7.19452627e-03 -8.45107834e-03  6.47e-10 4.09e-18  7.95e-09     3s
  30  -7.28241448e-03 -8.11201739e-03  3.66e-10 3.45e-18  5.25e-09     3s
  31  -7.30549412e-03 -7.92905730e-03  3.02e-10 3.84e-18  3.94e-09     3s
  32  -7.34005876e-03 -7.75533340e-03  2.12e-10 3.97e-18  2.63e-09     3s
  33  -7.39837760e-03 -7.62249441e-03  8.92e-11 3.05e-18  1.42e-09     3s
  34  -7.42805597e-03 -7.51460773e-03  5.37e-11 2.72e-18  5.47e-10     3s
  35  -7.43654090e-03 -7.46589595e-03  4.23e-11 3.22e-18  1.86e-10     3s
  36  -7.44114861e-03 -7.44619827e-03  6.23e-11 9.81e-13  3.19e-11     3s
  37  -7.44202910e-03 -7.44244209e-03  2.48e-11 3.85e-12  2.64e-12     3s
  38  -7.44207882e-03 -7.44210421e-03  2.13e-11 5.67e-12  1.77e-13     3s
  39  -7.44208127e-03 -7.44208146e-03  1.11e-11 1.52e-12  5.56e-15     3s

Barrier solved model in 39 iterations and 2.91 seconds (2.74 work units)
Optimal objective -7.44208127e-03

Crossover time: 0.43 seconds (0.60 work units)

Root relaxation: objective -7.442081e-03, 19391 iterations, 1.77 seconds (2.32 work units)

    Nodes    |    Current Node    |     Objective Bounds      |     Work
 Expl Unexpl |  Obj  Depth IntInf | Incumbent    BestBd   Gap | It/Node Time

     0     0   -0.00744    0  366   -0.00574   -0.00744  29.6%     -    3s
H    0     0                      -0.0057742   -0.00744  28.9%     -    4s
H    0     0                      -0.0058225   -0.00744  27.8%     -    4s
     0     0   -0.00729    0  519   -0.00582   -0.00729  25.2%     -    6s
H    0     0                      -0.0058254   -0.00729  25.2%     -    7s
H    0     0                      -0.0058455   -0.00729  24.7%     -    7s

Cutting planes:
  Gomory: 3
  Lift-and-project: 5
  MIR: 19
  Flow cover: 13
  BQP: 45

Explored 1 nodes (19904 simplex iterations) in 7.55 seconds (8.48 work units)
Thread count was 1 (of 16 available processors)

Solution count 3: -0.0058455 -0.00582246 -0.00574027 

Solve interrupted
Best objective -5.845497175906e-03, best bound -7.291305411310e-03, gap 24.7337%

User-callback calls 1962, time in user-callback 1.54 sec
