
Gurobi 13.0.2 (win64) logging started Sun Oct  4 21:05:18 2026

Set parameter LogFile to value "docs/v42_m1_dw_accelerated_root_integration/logs/PRICE_0040_MESS04.log"
Gurobi Optimizer version 13.0.2 build v13.0.2rc1 (win64 - Windows 11+.0 (26200.2))

CPU model: 13th Gen Intel(R) Core(TM) i7-13620H, instruction set [SSE2|AVX|AVX2]
Thread count: 10 physical cores, 16 logical processors, using up to 1 threads

Non-default parameters:
TimeLimit  20
FeasibilityTol  1e-08
IntFeasTol  1e-08
MIPGap  0
MIPGapAbs  0
OptimalityTol  1e-08
Method  2
Crossover  2
DegenMoves  0
MIPFocus  3
NodeMethod  1
CutPasses  1
LogToConsole  0
Seed  20260929
Threads  1

Optimize a model with 51481 rows, 58841 columns and 314646 nonzeros (Min)
Model fingerprint: 0xbf9203b3
Model has 4035 linear objective coefficients and an objective constant of 0.0090931645673983
Variable types: 6799 continuous, 52042 integer (52042 binary)
Coefficient statistics:
  Matrix range     [2e-01, 4e+02]
  Objective range  [1e-13, 9e-06]
  Bounds range     [1e+00, 1e+03]
  RHS range        [1e+00, 8e+02]

Loaded user MIP start with objective -0.00416937
MIP start from previous solve did not produce a new incumbent solution

Presolve removed 8938 rows and 2 columns
Presolve time: 0.63s
Presolved: 42543 rows, 58839 columns, 292302 nonzeros
Variable types: 6797 continuous, 52042 integer (52042 binary)
Root relaxation presolve removed 2 rows and 2 columns
Root relaxation presolved: 42541 rows, 58837 columns, 292298 nonzeros

Root barrier log...

Ordering time: 0.04s

Barrier statistics:
 AA' NZ     : 5.993e+05
 Factor NZ  : 1.094e+06 (roughly 50 MB of memory)
 Factor Ops : 7.380e+07 (less than 1 second per iteration)
 Threads    : 1

                  Objective                Residual
Iter       Primal          Dual         Primal    Dual     Compl     Time
   0  -4.92666695e-03 -3.44574591e+04  1.81e+04 1.50e-04  3.81e+00     1s
   1  -4.33602256e-02 -2.87604133e+04  2.42e+03 4.12e-03  5.55e-01     1s
   2   7.22943028e-02 -1.10094808e+04  3.51e+02 1.80e-04  1.09e-01     1s
   3   2.58064435e-02 -3.04103135e+03  1.06e+02 2.91e-06  2.93e-02     1s
   4  -4.11752434e-02 -2.40216291e+03  4.86e+01 2.44e-15  2.01e-02     1s
   5  -6.44727000e-02 -1.87454310e+03  2.86e+01 2.22e-15  1.51e-02     1s
   6  -6.94278137e-02 -1.40787419e+03  2.18e+01 4.17e-15  1.17e-02     1s
   7  -7.01894228e-02 -1.28480044e+03  1.90e+01 4.39e-15  1.07e-02     1s
   8  -6.01509319e-02 -1.04277038e+03  1.61e+01 4.95e-15  9.02e-03     1s
   9  -2.55721122e-02 -5.25417431e+02  1.09e+01 3.75e-15  5.00e-03     2s
  10  -7.85817245e-03 -1.85179562e+02  5.91e+00 8.18e-15  2.31e-03     2s
  11   9.32519079e-03 -9.12036310e+01  1.22e+00 7.18e-15  8.11e-04     2s
  12   1.23558406e-02 -2.31777601e+01  3.05e-01 6.89e-15  1.83e-04     2s
  13   1.26155523e-02 -3.36305881e+00  4.41e-05 6.94e-15  2.14e-05     2s
  14   5.50018697e-03 -8.20025225e-01  4.39e-08 4.50e-15  5.23e-06     2s
  15   7.35524209e-03 -1.34847797e-01  3.73e-11 3.19e-15  9.01e-07     2s
  16   1.57536110e-03 -4.76304141e-02  2.26e-11 3.15e-15  3.12e-07     2s
  17  -6.87163162e-04 -3.70554668e-02  3.35e-11 3.77e-15  2.30e-07     2s
  18  -1.88582665e-03 -2.56544446e-02  1.76e-11 3.92e-15  1.51e-07     2s
  19  -2.60667523e-03 -2.18795330e-02  9.27e-11 4.25e-15  1.22e-07     2s
  20  -2.97933944e-03 -1.92337043e-02  2.43e-11 4.43e-15  1.03e-07     2s
  21  -3.10092064e-03 -1.86927157e-02  2.39e-11 5.22e-15  9.88e-08     2s
  22  -3.32743307e-03 -1.74430613e-02  2.19e-11 5.54e-15  8.94e-08     2s
  23  -3.51834114e-03 -1.60196400e-02  1.74e-11 5.63e-15  7.92e-08     2s
  24  -3.72090569e-03 -1.52645013e-02  1.51e-11 5.92e-15  7.31e-08     2s
  25  -4.02753084e-03 -1.41599520e-02  1.74e-11 6.17e-15  6.42e-08     2s
  26  -4.25019528e-03 -1.25662378e-02  1.33e-11 5.97e-15  5.27e-08     2s
  27  -4.40414494e-03 -1.17463676e-02  2.00e-11 5.78e-15  4.65e-08     2s
  28  -4.47922977e-03 -1.12326071e-02  1.90e-11 6.13e-15  4.28e-08     2s
  29  -4.63769103e-03 -1.08311842e-02  2.14e-11 7.36e-15  3.92e-08     2s
  30  -4.70049278e-03 -1.02790888e-02  2.72e-11 6.24e-15  3.53e-08     2s
  31  -4.89692984e-03 -9.65857394e-03  3.29e-11 5.97e-15  3.02e-08     2s
  32  -5.02761280e-03 -9.33435039e-03  2.45e-11 6.31e-15  2.73e-08     2s
  33  -5.24476750e-03 -8.82598990e-03  5.54e-11 6.55e-15  2.27e-08     2s
  34  -5.29611049e-03 -8.08011582e-03  4.35e-11 5.51e-15  1.76e-08     2s
  35  -5.38817634e-03 -7.30050603e-03  3.13e-11 4.75e-15  1.21e-08     2s
  36  -5.57773125e-03 -6.97969857e-03  4.45e-11 5.07e-15  8.88e-09     2s
  37  -5.64402202e-03 -6.77985951e-03  7.01e-11 4.58e-15  7.20e-09     2s
  38  -5.69737653e-03 -6.43814380e-03  4.63e-11 4.05e-15  4.69e-09     2s
  39  -5.75212633e-03 -6.28525942e-03  3.38e-10 4.70e-15  3.38e-09     2s
  40  -5.81013805e-03 -6.15923279e-03  2.43e-10 4.15e-15  2.21e-09     2s
  41  -5.83152848e-03 -6.06213655e-03  1.98e-10 4.17e-15  1.46e-09     2s
  42  -5.84820131e-03 -6.02558639e-03  1.91e-10 4.00e-15  1.12e-09     2s
  43  -5.87716544e-03 -5.99938145e-03  6.83e-10 3.87e-15  7.74e-10     2s
  44  -5.88995250e-03 -5.98237165e-03  5.04e-10 4.59e-15  5.85e-10     3s
  45  -5.90623108e-03 -5.95979381e-03  1.99e-10 4.13e-15  3.39e-10     3s
  46  -5.91750740e-03 -5.94280054e-03  4.72e-11 3.28e-15  1.60e-10     3s
  47  -5.91962191e-03 -5.93562500e-03  4.79e-11 3.91e-13  1.01e-10     3s
  48  -5.92342521e-03 -5.92959020e-03  6.69e-11 6.73e-13  3.91e-11     3s
  49  -5.92490681e-03 -5.92621667e-03  3.28e-10 2.01e-12  8.34e-12     3s
  50  -5.92538216e-03 -5.92557991e-03  7.12e-11 3.13e-12  1.28e-12     3s
  51  -5.92546111e-03 -5.92546472e-03  3.75e-12 2.89e-12  3.33e-14     3s

Barrier solved model in 51 iterations and 2.73 seconds (3.28 work units)
Optimal objective -5.92546111e-03

Crossover time: 0.39 seconds (0.64 work units)

Root relaxation: objective -5.925444e-03, 25913 iterations, 2.19 seconds (2.90 work units)

    Nodes    |    Current Node    |     Objective Bounds      |     Work
 Expl Unexpl |  Obj  Depth IntInf | Incumbent    BestBd   Gap | It/Node Time

     0     0   -0.00593    0  580   -0.00417   -0.00593  42.1%     -    3s
H    0     0                      -0.0041728   -0.00593  42.0%     -    3s
H    0     0                      -0.0041793   -0.00593  41.8%     -    4s
H    0     0                      -0.0041896   -0.00593  41.4%     -    4s
H    0     0                      -0.0042070   -0.00593  40.8%     -    4s
H    0     0                      -0.0042089   -0.00593  40.8%     -    4s
H    0     0                      -0.0042156   -0.00593  40.6%     -    5s
H    0     0                      -0.0042365   -0.00593  39.9%     -    5s

Explored 1 nodes (25913 simplex iterations) in 5.30 seconds (5.20 work units)
Thread count was 1 (of 16 available processors)

Solution count 6: -0.00423654 -0.00420891 -0.00420697 ... -0.00417283

Solve interrupted
Best objective -4.236541890557e-03, best bound -5.925444351113e-03, gap 39.8651%

User-callback calls 1312, time in user-callback 1.39 sec
Set parameter Threads to value 1
Set parameter Method to value 2
Set parameter NodeMethod to value 1
Set parameter Crossover to value 2
Set parameter DegenMoves to value 0
Set parameter CutPasses to value 1
Set parameter MIPFocus to value 3
Set parameter MIPGap to value 0
Set parameter MIPGapAbs to value 0
Set parameter FeasibilityTol to value 1e-08
Set parameter IntFeasTol to value 1e-08
Set parameter OptimalityTol to value 1e-08
Set parameter Seed to value 20260929
Set parameter TimeLimit to value 20
