
Gurobi 13.0.2 (win64) logging started Sun Oct  4 21:05:18 2026

Set parameter LogFile to value "docs/v42_m1_dw_accelerated_root_integration/logs/PRICE_0038_MESS02.log"
Gurobi Optimizer version 13.0.2 build v13.0.2rc1 (win64 - Windows 11+.0 (26200.2))

CPU model: 13th Gen Intel(R) Core(TM) i7-13620H, instruction set [SSE2|AVX|AVX2]
Thread count: 10 physical cores, 16 logical processors, using up to 1 threads

Non-default parameters:
TimeLimit  20
FeasibilityTol  1e-08
IntFeasTol  1e-08
MIPGap  0
MIPGapAbs  0
OptimalityTol  1e-08
Method  2
Crossover  2
DegenMoves  0
MIPFocus  3
NodeMethod  1
CutPasses  1
LogToConsole  0
Seed  20260929
Threads  1

Optimize a model with 51527 rows, 58895 columns and 314932 nonzeros (Min)
Model fingerprint: 0xea0ea80a
Model has 4035 linear objective coefficients and an objective constant of 8.6990713894588238e-03
Variable types: 6805 continuous, 52090 integer (52090 binary)
Coefficient statistics:
  Matrix range     [2e-01, 4e+02]
  Objective range  [1e-13, 9e-06]
  Bounds range     [1e+00, 1e+03]
  RHS range        [1e+00, 8e+02]

Loaded user MIP start with objective -0.00459244
MIP start from previous solve did not produce a new incumbent solution

Presolve removed 8946 rows and 2 columns
Presolve time: 0.59s
Presolved: 42581 rows, 58893 columns, 292568 nonzeros
Variable types: 6803 continuous, 52090 integer (52090 binary)
Root relaxation presolve removed 1 rows and 1 columns
Root relaxation presolved: 42580 rows, 58892 columns, 292566 nonzeros

Root barrier log...

Ordering time: 0.04s

Barrier statistics:
 AA' NZ     : 5.996e+05
 Factor NZ  : 1.096e+06 (roughly 50 MB of memory)
 Factor Ops : 7.451e+07 (less than 1 second per iteration)
 Threads    : 1

                  Objective                Residual
Iter       Primal          Dual         Primal    Dual     Compl     Time
   0  -5.25018374e-03 -3.44919799e+04  1.80e+04 1.50e-04  3.80e+00     1s
   1  -3.69005019e-02 -2.94161512e+04  2.54e+03 3.23e-03  5.75e-01     1s
   2   7.06325800e-02 -1.16581067e+04  4.08e+02 2.75e-04  1.20e-01     1s
   3   2.07624141e-02 -2.59446163e+03  1.04e+02 1.56e-15  2.59e-02     1s
   4  -2.04866329e-02 -2.37228654e+03  6.63e+01 1.66e-15  2.12e-02     1s
   5  -5.52377454e-02 -2.06910203e+03  3.91e+01 1.55e-15  1.69e-02     1s
   6  -7.28693511e-02 -1.71501754e+03  2.46e+01 2.03e-15  1.35e-02     1s
   7  -7.76351280e-02 -1.39990037e+03  1.79e+01 2.16e-15  1.11e-02     1s
   8  -7.46613591e-02 -1.21473877e+03  1.41e+01 2.24e-15  9.74e-03     2s
   9  -6.80004122e-02 -1.15892775e+03  1.26e+01 2.37e-15  9.09e-03     2s
  10  -5.10822343e-03 -7.65812086e+02  6.94e+00 3.88e-15  5.83e-03     2s
  11  -4.68013013e-04 -4.92624596e+02  4.97e+00 2.62e-15  3.86e-03     2s
  12   8.15401629e-03 -1.36861806e+02  2.20e+00 2.18e-15  1.24e-03     2s
  13   1.22460821e-02 -8.78921146e+01  4.52e-01 1.95e-15  6.25e-04     2s
  14   1.29644436e-02 -1.00302441e+01  1.69e-12 3.23e-15  6.36e-05     2s
  15   1.01728405e-02 -1.96608945e+00  1.29e-11 1.72e-15  1.25e-05     2s
  16   7.21676682e-03 -1.24537965e+00  2.18e-11 1.70e-15  7.93e-06     2s
  17   5.13917552e-03 -3.33119193e-01  6.98e-12 1.86e-15  2.14e-06     2s
  18   3.75643283e-03 -2.24851084e-01  9.21e-12 1.84e-15  1.45e-06     2s
  19   2.15103203e-03 -1.65719282e-01  7.79e-12 1.89e-15  1.06e-06     2s
  20   2.71473523e-04 -8.67143221e-02  8.34e-12 1.74e-15  5.51e-07     2s
  21  -1.80853768e-03 -4.36539813e-02  1.07e-11 1.74e-15  2.65e-07     2s
  22  -3.41737130e-03 -2.94359070e-02  8.49e-12 1.85e-15  1.65e-07     2s
  23  -4.33882368e-03 -2.34711301e-02  7.86e-12 2.03e-15  1.21e-07     2s
  24  -4.41853956e-03 -2.18276679e-02  7.48e-12 2.57e-15  1.10e-07     2s
  25  -4.71375199e-03 -1.94337582e-02  1.06e-11 2.58e-15  9.32e-08     2s
  26  -4.85832221e-03 -1.63377280e-02  1.15e-11 2.55e-15  7.27e-08     2s
  27  -4.99419004e-03 -1.54232437e-02  1.55e-11 3.05e-15  6.60e-08     2s
  28  -5.12000536e-03 -1.49118585e-02  7.96e-12 2.93e-15  6.20e-08     2s
  29  -5.32301330e-03 -1.47166103e-02  1.77e-11 3.35e-15  5.95e-08     2s
  30  -5.44493381e-03 -1.35089849e-02  1.41e-11 3.49e-15  5.11e-08     2s
  31  -5.67200246e-03 -1.12502438e-02  1.91e-11 2.63e-15  3.53e-08     2s
  32  -5.82343010e-03 -9.56265678e-03  1.88e-11 2.37e-15  2.37e-08     2s
  33  -5.89221146e-03 -8.16943158e-03  1.46e-11 1.89e-15  1.44e-08     2s
  34  -5.90829619e-03 -7.98083032e-03  5.84e-11 2.23e-15  1.31e-08     2s
  35  -5.99324628e-03 -7.82073745e-03  6.09e-11 2.34e-15  1.16e-08     2s
  36  -6.05479435e-03 -7.58052930e-03  4.91e-11 2.53e-15  9.66e-09     2s
  37  -6.14104847e-03 -7.05757004e-03  5.51e-11 2.23e-15  5.80e-09     2s
  38  -6.16549033e-03 -6.75479651e-03  7.28e-11 2.04e-15  3.73e-09     2s
  39  -6.21352977e-03 -6.57726815e-03  1.27e-10 1.99e-15  2.30e-09     2s
  40  -6.23800112e-03 -6.53636832e-03  7.46e-11 2.08e-15  1.89e-09     2s
  41  -6.26577319e-03 -6.44929195e-03  6.35e-11 1.87e-15  1.16e-09     2s
  42  -6.28579235e-03 -6.41765971e-03  2.27e-11 2.21e-15  8.35e-10     2s
  43  -6.29868626e-03 -6.40733630e-03  6.53e-11 2.54e-15  6.88e-10     3s
  44  -6.31081420e-03 -6.36304483e-03  8.87e-11 1.86e-15  3.31e-10     3s
  45  -6.31432415e-03 -6.33634897e-03  7.20e-11 1.79e-15  1.39e-10     3s
  46  -6.31602407e-03 -6.32437022e-03  5.98e-11 5.08e-13  5.28e-11     3s
  47  -6.31811046e-03 -6.32041822e-03  2.49e-11 3.61e-12  1.47e-11     3s
  48  -6.31829966e-03 -6.32028254e-03  2.19e-10 3.62e-12  1.26e-11     3s
  49  -6.31887054e-03 -6.32022750e-03  1.27e-10 3.62e-12  8.65e-12     3s
  50  -6.31958851e-03 -6.31969086e-03  2.31e-11 3.79e-12  6.81e-13     3s
  51  -6.31962704e-03 -6.31963003e-03  1.50e-10 4.14e-12  3.23e-14     3s

Barrier solved model in 51 iterations and 2.75 seconds (3.30 work units)
Optimal objective -6.31962704e-03

Crossover time: 0.55 seconds (0.95 work units)

Root relaxation: objective -6.319468e-03, 29242 iterations, 2.37 seconds (3.24 work units)

    Nodes    |    Current Node    |     Objective Bounds      |     Work
 Expl Unexpl |  Obj  Depth IntInf | Incumbent    BestBd   Gap | It/Node Time

     0     0   -0.00632    0  600   -0.00459   -0.00632  37.6%     -    3s
H    0     0                      -0.0045959   -0.00632  37.5%     -    3s
H    0     0                      -0.0048028   -0.00632  31.6%     -    4s
H    0     0                      -0.0049477   -0.00632  27.7%     -    5s
H    0     0                      -0.0049477   -0.00632  27.7%     -    5s
H    0     0                      -0.0049492   -0.00632  27.7%     -    5s
H    0     0                      -0.0049492   -0.00632  27.7%     -    5s
H    0     0                      -0.0049722   -0.00632  27.1%     -    5s
     0     0   -0.00620    0  196   -0.00497   -0.00620  24.7%     -    7s
H    0     0                      -0.0050053   -0.00620  23.8%     -    8s

Cutting planes:
  Gomory: 1
  Lift-and-project: 3
  MIR: 41
  Flow cover: 31
  BQP: 75

Explored 1 nodes (30063 simplex iterations) in 8.87 seconds (10.76 work units)
Thread count was 1 (of 16 available processors)

Solution count 7: -0.00500527 -0.00497215 -0.00494923 ... -0.00459589

Solve interrupted
Best objective -5.005265346099e-03, best bound -6.195845617259e-03, gap 23.7866%

User-callback calls 2250, time in user-callback 1.53 sec
Set parameter Threads to value 1
Set parameter Method to value 2
Set parameter NodeMethod to value 1
Set parameter Crossover to value 2
Set parameter DegenMoves to value 0
Set parameter CutPasses to value 1
Set parameter MIPFocus to value 3
Set parameter MIPGap to value 0
Set parameter MIPGapAbs to value 0
Set parameter FeasibilityTol to value 1e-08
Set parameter IntFeasTol to value 1e-08
Set parameter OptimalityTol to value 1e-08
Set parameter Seed to value 20260929
Set parameter TimeLimit to value 20
