
Gurobi 13.0.2 (win64) logging started Sun Oct  4 21:06:22 2026

Set parameter LogFile to value "docs/v42_m1_dw_accelerated_root_integration/logs/PRICE_0042_MESS02.log"
Gurobi Optimizer version 13.0.2 build v13.0.2rc1 (win64 - Windows 11+.0 (26200.2))

CPU model: 13th Gen Intel(R) Core(TM) i7-13620H, instruction set [SSE2|AVX|AVX2]
Thread count: 10 physical cores, 16 logical processors, using up to 1 threads

Non-default parameters:
TimeLimit  20
FeasibilityTol  1e-08
IntFeasTol  1e-08
MIPGap  0
MIPGapAbs  0
OptimalityTol  1e-08
Method  2
Crossover  2
DegenMoves  0
MIPFocus  3
NodeMethod  1
CutPasses  1
LogToConsole  0
Seed  20260929
Threads  1

Optimize a model with 51527 rows, 58895 columns and 314932 nonzeros (Min)
Model fingerprint: 0x512a46cc
Model has 4107 linear objective coefficients and an objective constant of 8.8103753050744575e-03
Variable types: 6805 continuous, 52090 integer (52090 binary)
Coefficient statistics:
  Matrix range     [2e-01, 4e+02]
  Objective range  [1e-13, 9e-06]
  Bounds range     [1e+00, 1e+03]
  RHS range        [1e+00, 8e+02]

Loaded user MIP start with objective -0.00450474
MIP start from previous solve produced solution with objective -0.00453481 (0.48s)
MIP start from previous solve produced solution with objective -0.00455166 (0.69s)
Loaded MIP start from previous solve with objective -0.00455166

Presolve removed 8946 rows and 2 columns
Presolve time: 0.58s
Presolved: 42581 rows, 58893 columns, 292568 nonzeros
Variable types: 6803 continuous, 52090 integer (52090 binary)
Root relaxation presolve removed 1 rows and 1 columns
Root relaxation presolved: 42580 rows, 58892 columns, 292566 nonzeros

Root barrier log...

Ordering time: 0.04s

Barrier statistics:
 AA' NZ     : 5.996e+05
 Factor NZ  : 1.096e+06 (roughly 50 MB of memory)
 Factor Ops : 7.451e+07 (less than 1 second per iteration)
 Threads    : 1

                  Objective                Residual
Iter       Primal          Dual         Primal    Dual     Compl     Time
   0  -5.58298339e-03 -3.44919803e+04  1.80e+04 1.46e-04  3.80e+00     2s
   1  -3.68160148e-02 -2.94160887e+04  2.54e+03 3.23e-03  5.75e-01     2s
   2   7.08572014e-02 -1.16581829e+04  4.08e+02 2.75e-04  1.20e-01     2s
   3   2.09354747e-02 -2.59468534e+03  1.04e+02 2.74e-15  2.59e-02     2s
   4  -2.03295020e-02 -2.37243438e+03  6.63e+01 2.55e-15  2.12e-02     2s
   5  -5.51535949e-02 -2.06895917e+03  3.91e+01 2.80e-15  1.69e-02     2s
   6  -7.27942700e-02 -1.71507507e+03  2.46e+01 2.61e-15  1.35e-02     2s
   7  -7.75710981e-02 -1.39996769e+03  1.79e+01 2.84e-15  1.11e-02     2s
   8  -7.46036047e-02 -1.21477167e+03  1.41e+01 2.60e-15  9.74e-03     2s
   9  -6.79432305e-02 -1.15895374e+03  1.26e+01 3.39e-15  9.09e-03     2s
  10  -5.01284990e-03 -7.66575784e+02  6.94e+00 1.08e-14  5.83e-03     2s
  11  -3.49290124e-04 -4.92624940e+02  4.96e+00 8.04e-15  3.86e-03     2s
  12   8.27794268e-03 -1.37076324e+02  2.20e+00 4.02e-15  1.24e-03     2s
  13   1.23532271e-02 -8.79474459e+01  4.51e-01 4.56e-15  6.25e-04     2s
  14   1.30641856e-02 -1.00127644e+01  2.65e-12 2.79e-15  6.35e-05     2s
  15   1.02824801e-02 -1.98047926e+00  1.70e-11 1.19e-15  1.26e-05     2s
  16   7.38508255e-03 -1.26622750e+00  1.42e-11 1.12e-15  8.06e-06     2s
  17   5.29310736e-03 -3.60515025e-01  1.01e-11 9.04e-16  2.32e-06     2s
  18   4.29620442e-03 -2.52656942e-01  2.27e-11 1.00e-15  1.63e-06     2s
  19   2.76710769e-03 -2.12598970e-01  9.88e-12 1.04e-15  1.36e-06     2s
  20   1.92474027e-03 -1.88164088e-01  9.24e-12 1.16e-15  1.20e-06     2s
  21   7.62294670e-04 -9.12292485e-02  6.45e-12 9.80e-16  5.82e-07     3s
  22  -2.36464363e-03 -4.21473652e-02  1.14e-11 9.39e-16  2.52e-07     3s
  23  -3.16400754e-03 -2.64071121e-02  7.65e-12 9.19e-16  1.47e-07     3s
  24  -3.52073507e-03 -2.32962107e-02  2.57e-10 1.03e-15  1.25e-07     3s
  25  -4.39512227e-03 -1.89382223e-02  1.15e-10 1.12e-15  9.21e-08     3s
  26  -4.81869850e-03 -1.72495046e-02  6.63e-11 1.15e-15  7.87e-08     3s
  27  -4.99108529e-03 -1.52647734e-02  5.16e-11 1.15e-15  6.51e-08     3s
  28  -5.12270691e-03 -1.42457818e-02  3.29e-11 1.28e-15  5.78e-08     3s
  29  -5.26279771e-03 -1.22599089e-02  3.68e-10 1.27e-15  4.43e-08     3s
  30  -5.38798158e-03 -9.91684629e-03  2.73e-10 1.03e-15  2.87e-08     3s
  31  -5.43508671e-03 -9.44674117e-03  2.42e-10 1.15e-15  2.54e-08     3s
  32  -5.56916152e-03 -8.46001847e-03  1.61e-10 1.11e-15  1.83e-08     3s
  33  -5.66028779e-03 -7.91174490e-03  1.14e-10 1.14e-15  1.43e-08     3s
  34  -5.70155783e-03 -7.34277501e-03  9.66e-11 1.07e-15  1.04e-08     3s
  35  -5.73028884e-03 -7.24186178e-03  8.13e-11 1.18e-15  9.57e-09     3s
  36  -5.78348273e-03 -6.85348127e-03  5.01e-11 1.35e-15  6.77e-09     3s
  37  -5.83299155e-03 -6.67177563e-03  2.42e-10 1.07e-15  5.31e-09     3s
  38  -5.87973979e-03 -6.43626422e-03  1.68e-10 1.03e-15  3.52e-09     3s
  39  -5.92863240e-03 -6.28416083e-03  1.46e-10 9.81e-16  2.25e-09     3s
  40  -5.97425338e-03 -6.25482577e-03  1.07e-10 1.10e-15  1.78e-09     3s
  41  -6.01239517e-03 -6.21597766e-03  1.67e-10 1.14e-15  1.29e-09     3s
  42  -6.02212077e-03 -6.14680881e-03  1.45e-10 9.69e-16  7.89e-10     3s
  43  -6.03130043e-03 -6.13508562e-03  8.44e-11 1.01e-15  6.57e-10     3s
  44  -6.03985042e-03 -6.12803693e-03  1.20e-10 1.17e-15  5.58e-10     3s
  45  -6.04876215e-03 -6.11212619e-03  5.58e-10 1.30e-15  4.01e-10     3s
  46  -6.05092439e-03 -6.10660117e-03  5.44e-10 1.20e-15  3.52e-10     3s
  47  -6.05851618e-03 -6.09941017e-03  3.47e-10 1.17e-15  2.59e-10     3s
  48  -6.06180682e-03 -6.09469247e-03  3.47e-10 1.20e-15  2.08e-10     3s
  49  -6.06581269e-03 -6.07975045e-03  4.69e-10 1.74e-12  8.84e-11     3s
  50  -6.06694853e-03 -6.07899625e-03  4.06e-10 1.99e-12  7.64e-11     3s
  51  -6.06712864e-03 -6.07781753e-03  3.98e-10 2.43e-12  6.78e-11     3s
  52  -6.06938240e-03 -6.07577876e-03  3.78e-10 3.09e-12  4.06e-11     3s
  53  -6.06957935e-03 -6.07566977e-03  3.74e-10 3.32e-12  3.87e-11     3s
  54  -6.07032773e-03 -6.07445199e-03  2.75e-10 3.77e-12  2.63e-11     4s
  55  -6.07246610e-03 -6.07333652e-03  1.68e-10 3.18e-12  5.65e-12     4s
  56  -6.07288696e-03 -6.07289303e-03  3.65e-11 8.83e-13  7.00e-14     4s

Barrier solved model in 56 iterations and 3.57 seconds (3.50 work units)
Optimal objective -6.07288696e-03

Crossover time: 0.78 seconds (1.33 work units)

Root relaxation: objective -6.072559e-03, 35554 iterations, 2.77 seconds (3.81 work units)

    Nodes    |    Current Node    |     Objective Bounds      |     Work
 Expl Unexpl |  Obj  Depth IntInf | Incumbent    BestBd   Gap | It/Node Time

     0     0   -0.00607    0  182   -0.00455   -0.00607  33.4%     -    4s
H    0     0                      -0.0045775   -0.00607  32.7%     -    5s
     0     0   -0.00602    0  163   -0.00458   -0.00602  31.5%     -    8s
     0     0   -0.00602    0  348   -0.00458   -0.00602  31.5%     -   15s
     0     0   -0.00602    0  308   -0.00458   -0.00602  31.5%     -   17s
     0     2   -0.00601    0  308   -0.00458   -0.00601  31.3%     -   19s
H    1     1                      -0.0045935   -0.00601  30.8%   0.0   20s

Cutting planes:
  Gomory: 2
  Lift-and-project: 3
  MIR: 19
  Flow cover: 30
  BQP: 48

Explored 2 nodes (61557 simplex iterations) in 20.04 seconds (26.06 work units)
Thread count was 1 (of 16 available processors)

Solution count 3: -0.00459348 -0.00457745 -0.00455166 

Solve interrupted
Best objective -4.593475095679e-03, best bound -6.010457250884e-03, gap 30.8477%

User-callback calls 3911, time in user-callback 1.51 sec
Set parameter Threads to value 1
Set parameter Method to value 2
Set parameter NodeMethod to value 1
Set parameter Crossover to value 2
Set parameter DegenMoves to value 0
Set parameter CutPasses to value 1
Set parameter MIPFocus to value 3
Set parameter MIPGap to value 0
Set parameter MIPGapAbs to value 0
Set parameter FeasibilityTol to value 1e-08
Set parameter IntFeasTol to value 1e-08
Set parameter OptimalityTol to value 1e-08
Set parameter Seed to value 20260929
Set parameter TimeLimit to value 20
