
Gurobi 13.0.2 (win64) logging started Sun Oct  4 20:43:15 2026

Set parameter LogFile to value "docs/v42_m1_dw_accelerated_root_integration/logs/PRICE_0002_MESS02.log"
Gurobi Optimizer version 13.0.2 build v13.0.2rc1 (win64 - Windows 11+.0 (26200.2))

CPU model: 13th Gen Intel(R) Core(TM) i7-13620H, instruction set [SSE2|AVX|AVX2]
Thread count: 10 physical cores, 16 logical processors, using up to 1 threads

Non-default parameters:
TimeLimit  20
FeasibilityTol  1e-08
IntFeasTol  1e-08
MIPGap  0
MIPGapAbs  0
OptimalityTol  1e-08
Method  2
Crossover  2
DegenMoves  0
MIPFocus  3
NodeMethod  1
CutPasses  1
LogToConsole  0
Seed  20260929
Threads  1

Optimize a model with 51527 rows, 58895 columns and 314932 nonzeros (Min)
Model fingerprint: 0x409ecfb8
Model has 3744 linear objective coefficients and an objective constant of 7.4950457500513861e-03
Variable types: 6805 continuous, 52090 integer (52090 binary)
Coefficient statistics:
  Matrix range     [2e-01, 4e+02]
  Objective range  [3e-13, 9e-06]
  Bounds range     [1e+00, 1e+03]
  RHS range        [1e+00, 8e+02]

Loaded user MIP start with objective -0.00735333

Presolve removed 8946 rows and 2 columns
Presolve time: 0.61s
Presolved: 42581 rows, 58893 columns, 292568 nonzeros
Variable types: 6803 continuous, 52090 integer (52090 binary)
Root relaxation presolve removed 1 rows and 1 columns
Root relaxation presolved: 42580 rows, 58892 columns, 292566 nonzeros

Root barrier log...

Ordering time: 0.04s

Barrier statistics:
 AA' NZ     : 5.996e+05
 Factor NZ  : 1.096e+06 (roughly 50 MB of memory)
 Factor Ops : 7.451e+07 (less than 1 second per iteration)
 Threads    : 1

                  Objective                Residual
Iter       Primal          Dual         Primal    Dual     Compl     Time
   0   1.69875843e-04 -3.44919812e+04  1.80e+04 1.47e-04  3.80e+00     1s
   1  -3.72323467e-02 -2.94161090e+04  2.54e+03 3.23e-03  5.75e-01     1s
   2   6.98157409e-02 -1.16580424e+04  4.08e+02 2.75e-04  1.20e-01     1s
   3   1.98445361e-02 -2.59449674e+03  1.04e+02 1.64e-15  2.59e-02     1s
   4  -2.15697246e-02 -2.37229262e+03  6.63e+01 1.52e-15  2.12e-02     1s
   5  -5.65316827e-02 -2.06904719e+03  3.91e+01 1.89e-15  1.69e-02     1s
   6  -7.42775078e-02 -1.71502423e+03  2.46e+01 1.62e-15  1.35e-02     1s
   7  -7.90886065e-02 -1.39991009e+03  1.79e+01 1.77e-15  1.11e-02     1s
   8  -7.61290960e-02 -1.21475194e+03  1.41e+01 2.63e-15  9.74e-03     1s
   9  -6.94535997e-02 -1.15894672e+03  1.26e+01 2.53e-15  9.09e-03     2s
  10  -6.39495653e-03 -7.66378053e+02  6.94e+00 6.27e-15  5.83e-03     2s
  11  -1.71812318e-03 -4.92609143e+02  4.96e+00 5.59e-15  3.86e-03     2s
  12   6.98374247e-03 -1.37266690e+02  2.20e+00 5.62e-15  1.24e-03     2s
  13   1.10694164e-02 -8.80579678e+01  4.51e-01 5.49e-15  6.26e-04     2s
  14   1.17854036e-02 -1.00294887e+01  3.47e-12 6.69e-15  6.36e-05     2s
  15   9.11619509e-03 -1.95456801e+00  1.11e-11 6.35e-15  1.24e-05     2s
  16   6.28537153e-03 -1.23692190e+00  8.01e-12 8.40e-15  7.87e-06     2s
  17   3.98144470e-03 -3.12775119e-01  6.12e-12 6.92e-15  2.01e-06     2s
  18   2.31902489e-03 -1.73763226e-01  6.70e-12 7.10e-15  1.11e-06     2s
  19   7.67588574e-04 -9.08293755e-02  6.07e-12 7.98e-15  5.80e-07     2s
  20  -2.13680257e-03 -5.82664452e-02  6.88e-12 7.46e-15  3.55e-07     2s
  21  -5.10973348e-03 -4.07595389e-02  9.29e-12 8.05e-15  2.26e-07     2s
  22  -6.42395181e-03 -2.73862618e-02  3.74e-11 7.80e-15  1.33e-07     2s
  23  -7.26493820e-03 -2.20855478e-02  1.94e-11 8.29e-15  9.38e-08     2s
  24  -7.64415451e-03 -1.94159283e-02  1.53e-11 8.65e-15  7.45e-08     2s
  25  -8.04559532e-03 -1.75813252e-02  1.83e-11 9.52e-15  6.04e-08     2s
  26  -8.42112428e-03 -1.39299364e-02  1.45e-11 7.94e-15  3.49e-08     2s
  27  -8.61980034e-03 -1.27435672e-02  7.83e-12 8.10e-15  2.61e-08     2s
  28  -8.73629445e-03 -1.25962741e-02  1.14e-11 1.10e-14  2.44e-08     2s
  29  -8.78367718e-03 -1.20335650e-02  1.07e-11 1.03e-14  2.06e-08     2s
  30  -8.92614380e-03 -1.15375850e-02  1.32e-11 1.06e-14  1.65e-08     2s
  31  -9.05559809e-03 -1.05297137e-02  1.00e-11 8.01e-15  9.33e-09     2s
  32  -9.26509864e-03 -1.00927338e-02  2.45e-11 8.23e-15  5.24e-09     2s
  33  -9.32118731e-03 -9.85787113e-03  1.52e-11 7.16e-15  3.40e-09     2s
  34  -9.34511715e-03 -9.75952265e-03  1.65e-11 8.01e-15  2.62e-09     2s
  35  -9.37910444e-03 -9.64176091e-03  2.36e-11 7.72e-15  1.66e-09     2s
  36  -9.40243946e-03 -9.58293046e-03  1.90e-11 8.06e-15  1.14e-09     2s
  37  -9.41489722e-03 -9.55069536e-03  1.52e-10 8.59e-15  8.60e-10     2s
  38  -9.44191634e-03 -9.47646118e-03  2.40e-11 6.60e-15  2.19e-10     2s
  39  -9.44658414e-03 -9.45519186e-03  5.49e-11 1.69e-12  5.45e-11     2s
  40  -9.44729990e-03 -9.44974773e-03  3.91e-11 3.90e-12  1.55e-11     2s
  41  -9.44741698e-03 -9.44766675e-03  3.94e-11 1.13e-12  1.58e-12     2s
  42  -9.44746997e-03 -9.44747373e-03  3.00e-12 4.49e-13  2.47e-14     2s

Barrier solved model in 42 iterations and 2.47 seconds (2.91 work units)
Optimal objective -9.44746997e-03

Crossover time: 0.50 seconds (0.76 work units)

Root relaxation: objective -9.447295e-03, 32048 iterations, 2.06 seconds (2.69 work units)

    Nodes    |    Current Node    |     Objective Bounds      |     Work
 Expl Unexpl |  Obj  Depth IntInf | Incumbent    BestBd   Gap | It/Node Time

     0     0   -0.00945    0  190   -0.00735   -0.00945  28.5%     -    3s
H    0     0                      -0.0075280   -0.00945  25.5%     -    3s
H    0     0                      -0.0075348   -0.00945  25.4%     -    4s
H    0     0                      -0.0075575   -0.00945  25.0%     -    4s
H    0     0                      -0.0075971   -0.00945  24.4%     -    4s
H    0     0                      -0.0076216   -0.00945  24.0%     -    4s
H    0     0                      -0.0076258   -0.00945  23.9%     -    4s
H    0     0                      -0.0076258   -0.00945  23.9%     -    5s
H    0     0                      -0.0076324   -0.00945  23.8%     -    5s

Explored 1 nodes (32048 simplex iterations) in 5.42 seconds (5.21 work units)
Thread count was 1 (of 16 available processors)

Solution count 8: -0.00763237 -0.00762576 -0.00762161 ... -0.00735333

Solve interrupted
Best objective -7.632373279547e-03, best bound -9.447295422879e-03, gap 23.7793%

User-callback calls 1347, time in user-callback 1.52 sec
Set parameter Threads to value 1
Set parameter Method to value 2
Set parameter NodeMethod to value 1
Set parameter Crossover to value 2
Set parameter DegenMoves to value 0
Set parameter CutPasses to value 1
Set parameter MIPFocus to value 3
Set parameter MIPGap to value 0
Set parameter MIPGapAbs to value 0
Set parameter FeasibilityTol to value 1e-08
Set parameter IntFeasTol to value 1e-08
Set parameter OptimalityTol to value 1e-08
Set parameter Seed to value 20260929
Set parameter TimeLimit to value 20
