
Gurobi 13.0.2 (win64) logging started Sun Oct  4 21:06:22 2026

Set parameter LogFile to value "docs/v42_m1_dw_accelerated_root_integration/logs/PRICE_0043_MESS03.log"
Gurobi Optimizer version 13.0.2 build v13.0.2rc1 (win64 - Windows 11+.0 (26200.2))

CPU model: 13th Gen Intel(R) Core(TM) i7-13620H, instruction set [SSE2|AVX|AVX2]
Thread count: 10 physical cores, 16 logical processors, using up to 1 threads

Non-default parameters:
TimeLimit  20
FeasibilityTol  1e-08
IntFeasTol  1e-08
MIPGap  0
MIPGapAbs  0
OptimalityTol  1e-08
Method  2
Crossover  2
DegenMoves  0
MIPFocus  3
NodeMethod  1
CutPasses  1
LogToConsole  0
Seed  20260929
Threads  1

Optimize a model with 51596 rows, 58976 columns and 315361 nonzeros (Min)
Model fingerprint: 0x450cd2f4
Model has 4107 linear objective coefficients and an objective constant of 8.7949254498682211e-03
Variable types: 6814 continuous, 52162 integer (52162 binary)
Coefficient statistics:
  Matrix range     [2e-01, 4e+02]
  Objective range  [1e-13, 9e-06]
  Bounds range     [1e+00, 1e+03]
  RHS range        [1e+00, 8e+02]

Loaded user MIP start with objective -0.0039791
MIP start from previous solve produced solution with objective -0.00407417 (0.48s)
MIP start from previous solve produced solution with objective -0.00408223 (0.69s)
Loaded MIP start from previous solve with objective -0.00408223

Presolve removed 8958 rows and 2 columns
Presolve time: 0.57s
Presolved: 42638 rows, 58974 columns, 292967 nonzeros
Variable types: 6812 continuous, 52162 integer (52162 binary)
Root relaxation presolve removed 3 rows and 2 columns
Root relaxation presolved: 42635 rows, 58972 columns, 292915 nonzeros

Root barrier log...

Ordering time: 0.04s

Barrier statistics:
 AA' NZ     : 6.006e+05
 Factor NZ  : 1.080e+06 (roughly 50 MB of memory)
 Factor Ops : 6.927e+07 (less than 1 second per iteration)
 Threads    : 1

                  Objective                Residual
Iter       Primal          Dual         Primal    Dual     Compl     Time
   0  -5.55618034e-03 -3.45219727e+04  1.80e+04 1.46e-04  3.80e+00     2s
   1  -4.35274342e-02 -2.93376778e+04  2.38e+03 2.53e-03  5.43e-01     2s
   2   7.75049936e-02 -8.95765459e+03  3.44e+02 9.85e-05  9.27e-02     2s
   3  -1.10303116e-02 -2.39615332e+03  7.54e+01 2.21e-15  2.20e-02     2s
   4  -5.41088773e-02 -1.90109328e+03  3.93e+01 2.35e-15  1.58e-02     2s
   5  -6.87315967e-02 -1.46028510e+03  2.45e+01 2.50e-15  1.20e-02     2s
   6  -7.12508777e-02 -1.16450169e+03  1.69e+01 3.31e-15  9.57e-03     2s
   7  -3.74102193e-02 -1.02410736e+03  1.25e+01 3.41e-15  8.25e-03     2s
   8   1.00445906e-02 -3.22803366e+02  3.22e+00 3.25e-15  2.54e-03     2s
   9   1.32565692e-02 -1.28832849e+02  3.78e-01 3.17e-15  8.72e-04     2s
  10   1.34905344e-02 -2.54899694e+01  3.42e-02 2.57e-15  1.64e-04     2s
  11   1.21038336e-02 -2.30799295e+00  6.87e-05 1.74e-15  1.47e-05     2s
  12   5.83280085e-03 -9.18695478e-01  2.11e-05 6.07e-16  5.85e-06     2s
  13   6.48880197e-03 -2.68185815e-01  6.50e-06 2.03e-16  1.74e-06     2s
  14   2.22122929e-03 -1.64080014e-01  2.52e-06 1.38e-16  1.05e-06     2s
  15  -2.28340569e-04 -1.23468184e-01  1.16e-06 9.18e-17  7.79e-07     2s
  16  -2.04193065e-03 -7.42559665e-02  5.18e-07 5.22e-17  4.57e-07     2s
  17  -3.31142044e-03 -5.26015254e-02  2.51e-07 3.76e-17  3.12e-07     2s
  18  -4.20008479e-03 -4.14009615e-02  1.20e-07 3.01e-17  2.35e-07     2s
  19  -4.36676520e-03 -3.61204684e-02  1.01e-07 2.64e-17  2.01e-07     2s
  20  -4.86274842e-03 -2.99983441e-02  4.78e-08 2.06e-17  1.59e-07     2s
  21  -5.14040604e-03 -2.40622964e-02  2.55e-08 1.60e-17  1.20e-07     2s
  22  -5.23590177e-03 -2.17542521e-02  1.99e-08 1.43e-17  1.04e-07     2s
  23  -5.30659023e-03 -2.14615835e-02  1.68e-08 1.35e-17  1.02e-07     2s
  24  -5.35991103e-03 -1.59624520e-02  1.45e-08 6.97e-11  6.71e-08     3s
  25  -5.48734546e-03 -1.48681101e-02  9.74e-09 4.04e-11  5.93e-08     3s
  26  -5.58692462e-03 -1.09290020e-02  6.14e-09 5.41e-18  3.38e-08     3s
  27  -5.69912193e-03 -9.23942585e-03  3.74e-09 4.44e-18  2.24e-08     3s
  28  -5.72951621e-03 -8.37407797e-03  3.20e-09 4.82e-18  1.67e-08     3s
  29  -5.80752848e-03 -7.89768718e-03  2.14e-09 3.87e-18  1.32e-08     3s
  30  -5.85677316e-03 -7.77974340e-03  1.57e-09 4.04e-18  1.22e-08     3s
  31  -5.88856196e-03 -7.23796260e-03  1.25e-09 4.05e-18  8.53e-09     3s
  32  -5.91199872e-03 -7.09679073e-03  1.04e-09 3.61e-18  7.49e-09     3s
  33  -5.95498909e-03 -6.64313572e-03  6.89e-10 2.41e-18  4.35e-09     3s
  34  -6.00729185e-03 -6.44067724e-03  3.52e-10 2.27e-18  2.74e-09     3s
  35  -6.03757773e-03 -6.33232047e-03  2.04e-10 2.19e-18  1.86e-09     3s
  36  -6.04404217e-03 -6.24926521e-03  1.79e-10 2.64e-18  1.30e-09     3s
  37  -6.05348619e-03 -6.20766749e-03  1.48e-10 3.43e-18  9.75e-10     3s
  38  -6.06339925e-03 -6.18807838e-03  8.71e-11 2.38e-18  7.88e-10     3s
  39  -6.06659868e-03 -6.15860615e-03  9.82e-11 2.57e-18  5.82e-10     3s
  40  -6.07250515e-03 -6.12911985e-03  9.05e-11 2.41e-18  3.58e-10     3s
  41  -6.07549139e-03 -6.12115121e-03  1.22e-10 1.29e-16  2.89e-10     3s
  42  -6.07929378e-03 -6.11265051e-03  2.27e-10 1.63e-15  2.11e-10     3s
  43  -6.08313328e-03 -6.09302718e-03  2.96e-10 7.62e-12  6.28e-11     3s
  44  -6.08370739e-03 -6.09263805e-03  2.53e-10 7.62e-12  5.67e-11     3s
  45  -6.08535540e-03 -6.09207872e-03  1.64e-10 7.65e-12  4.27e-11     3s
  46  -6.08546758e-03 -6.09109898e-03  1.64e-10 6.68e-12  3.58e-11     3s
  47  -6.08572198e-03 -6.09022489e-03  1.66e-10 5.53e-12  2.86e-11     3s
  48  -6.08755168e-03 -6.08935294e-03  6.53e-10 4.62e-12  1.16e-11     3s
  49  -6.08824852e-03 -6.08827931e-03  3.56e-11 2.92e-12  2.99e-13     3s
  50  -6.08826700e-03 -6.08826681e-03  1.36e-10 4.60e-14  4.70e-16     3s

Barrier solved model in 50 iterations and 3.33 seconds (3.19 work units)
Optimal objective -6.08826700e-03

Crossover time: 0.42 seconds (0.73 work units)

Root relaxation: objective -6.088267e-03, 22860 iterations, 2.19 seconds (2.90 work units)

    Nodes    |    Current Node    |     Objective Bounds      |     Work
 Expl Unexpl |  Obj  Depth IntInf | Incumbent    BestBd   Gap | It/Node Time

     0     0   -0.00609    0  590   -0.00408   -0.00609  49.1%     -    3s
H    0     0                      -0.0041288   -0.00609  47.5%     -    4s
     0     0   -0.00604    0  299   -0.00413   -0.00604  46.2%     -    6s
H    0     0                      -0.0042176   -0.00603  43.1%     -    8s
H    0     0                      -0.0042291   -0.00603  42.7%     -    8s
H    0     0                      -0.0042299   -0.00603  42.7%     -    8s

Cutting planes:
  Gomory: 1
  MIR: 67
  Flow cover: 21
  BQP: 62

Explored 1 nodes (24261 simplex iterations) in 8.36 seconds (9.64 work units)
Thread count was 1 (of 16 available processors)

Solution count 4: -0.00422993 -0.00421759 -0.00412877 -0.00408223 

Solve interrupted
Best objective -4.229933355688e-03, best bound -6.034163987833e-03, gap 42.6539%

User-callback calls 2056, time in user-callback 1.58 sec
Set parameter Threads to value 1
Set parameter Method to value 2
Set parameter NodeMethod to value 1
Set parameter Crossover to value 2
Set parameter DegenMoves to value 0
Set parameter CutPasses to value 1
Set parameter MIPFocus to value 3
Set parameter MIPGap to value 0
Set parameter MIPGapAbs to value 0
Set parameter FeasibilityTol to value 1e-08
Set parameter IntFeasTol to value 1e-08
Set parameter OptimalityTol to value 1e-08
Set parameter Seed to value 20260929
Set parameter TimeLimit to value 20
