
Gurobi 13.0.2 (win64) logging started Sun Oct  4 21:03:07 2026

Set parameter LogFile to value "docs/v42_m1_dw_accelerated_root_integration/logs/PRICE_0032_MESS04.log"
Gurobi Optimizer version 13.0.2 build v13.0.2rc1 (win64 - Windows 11+.0 (26200.2))

CPU model: 13th Gen Intel(R) Core(TM) i7-13620H, instruction set [SSE2|AVX|AVX2]
Thread count: 10 physical cores, 16 logical processors, using up to 1 threads

Non-default parameters:
TimeLimit  20
FeasibilityTol  1e-08
IntFeasTol  1e-08
MIPGap  0
MIPGapAbs  0
OptimalityTol  1e-08
Method  2
Crossover  2
DegenMoves  0
MIPFocus  3
NodeMethod  1
CutPasses  1
LogToConsole  0
Seed  20260929
Threads  1

Optimize a model with 51481 rows, 58841 columns and 314646 nonzeros (Min)
Model fingerprint: 0x1f492da3
Model has 4035 linear objective coefficients and an objective constant of 8.9971878023385014e-03
Variable types: 6799 continuous, 52042 integer (52042 binary)
Coefficient statistics:
  Matrix range     [2e-01, 4e+02]
  Objective range  [1e-13, 1e-05]
  Bounds range     [1e+00, 1e+03]
  RHS range        [1e+00, 8e+02]

Loaded user MIP start with objective -0.00486348
MIP start from previous solve did not produce a new incumbent solution

Presolve removed 8938 rows and 2 columns
Presolve time: 0.57s
Presolved: 42543 rows, 58839 columns, 292302 nonzeros
Variable types: 6797 continuous, 52042 integer (52042 binary)
Root relaxation presolve removed 2 rows and 2 columns
Root relaxation presolved: 42541 rows, 58837 columns, 292298 nonzeros

Root barrier log...

Ordering time: 0.04s

Barrier statistics:
 AA' NZ     : 5.993e+05
 Factor NZ  : 1.094e+06 (roughly 50 MB of memory)
 Factor Ops : 7.380e+07 (less than 1 second per iteration)
 Threads    : 1

                  Objective                Residual
Iter       Primal          Dual         Primal    Dual     Compl     Time
   0  -3.42385341e-03 -3.44574591e+04  1.81e+04 1.55e-04  3.81e+00     1s
   1  -4.33599236e-02 -2.87604975e+04  2.42e+03 4.12e-03  5.55e-01     1s
   2   7.23213062e-02 -1.10095722e+04  3.51e+02 1.80e-04  1.09e-01     1s
   3   2.57974453e-02 -3.04119535e+03  1.06e+02 2.91e-06  2.93e-02     1s
   4  -4.13361009e-02 -2.40220202e+03  4.86e+01 1.08e-14  2.01e-02     1s
   5  -6.47112438e-02 -1.87453399e+03  2.86e+01 1.18e-14  1.51e-02     1s
   6  -6.96795498e-02 -1.40850158e+03  2.17e+01 1.47e-14  1.17e-02     1s
   7  -7.04448458e-02 -1.28526242e+03  1.90e+01 1.70e-14  1.07e-02     1s
   8  -6.03991439e-02 -1.04326752e+03  1.61e+01 1.76e-14  9.02e-03     1s
   9  -2.58649665e-02 -5.25669569e+02  1.09e+01 1.29e-14  5.01e-03     1s
  10  -8.09946261e-03 -1.85033323e+02  5.94e+00 1.15e-14  2.31e-03     2s
  11   9.21692426e-03 -9.10014074e+01  1.22e+00 1.21e-14  8.11e-04     2s
  12   1.22501717e-02 -2.32224639e+01  3.06e-01 2.31e-14  1.84e-04     2s
  13   1.25064570e-02 -3.37838673e+00  4.52e-05 7.27e-15  2.15e-05     2s
  14   5.53687229e-03 -8.05605180e-01  4.61e-08 6.92e-15  5.14e-06     2s
  15   4.06611246e-03 -8.39468655e-02  3.49e-10 6.29e-15  5.58e-07     2s
  16   2.78353786e-04 -4.75524966e-02  8.49e-11 7.02e-15  3.03e-07     2s
  17  -1.77949680e-03 -3.28024727e-02  4.41e-11 7.69e-15  1.97e-07     2s
  18  -2.86189295e-03 -2.53806201e-02  2.63e-11 7.58e-15  1.43e-07     2s
  19  -3.99675613e-03 -2.24870514e-02  2.91e-11 8.86e-15  1.17e-07     2s
  20  -4.10459371e-03 -2.05891382e-02  2.92e-11 1.01e-14  1.04e-07     2s
  21  -4.15574304e-03 -2.01403238e-02  2.97e-11 1.18e-14  1.01e-07     2s
  22  -4.25906908e-03 -1.80437889e-02  2.67e-11 1.09e-14  8.73e-08     2s
  23  -4.86258524e-03 -1.51516171e-02  1.52e-10 1.07e-14  6.52e-08     2s
  24  -5.12656766e-03 -1.46198721e-02  8.91e-11 1.02e-14  6.01e-08     2s
  25  -5.24778233e-03 -1.28291407e-02  7.60e-11 1.05e-14  4.80e-08     2s
  26  -5.33237273e-03 -1.21803960e-02  6.59e-11 1.25e-14  4.34e-08     2s
  27  -5.49121354e-03 -1.10300918e-02  4.51e-11 1.11e-14  3.51e-08     2s
  28  -5.70788921e-03 -9.69468063e-03  1.11e-09 9.27e-15  2.53e-08     2s
  29  -5.83295676e-03 -8.81535317e-03  8.14e-10 9.97e-15  1.89e-08     2s
  30  -5.99955735e-03 -8.12038046e-03  4.47e-10 8.80e-15  1.34e-08     2s
  31  -6.04325342e-03 -7.94084703e-03  3.77e-10 9.78e-15  1.20e-08     2s
  32  -6.08671222e-03 -7.72638915e-03  3.27e-10 1.07e-14  1.04e-08     2s
  33  -6.18081839e-03 -7.35573378e-03  2.12e-10 9.21e-15  7.44e-09     2s
  34  -6.26476539e-03 -7.03392263e-03  1.45e-10 8.94e-15  4.87e-09     2s
  35  -6.31014691e-03 -6.85782470e-03  2.34e-10 8.36e-15  3.47e-09     2s
  36  -6.35900482e-03 -6.73953670e-03  1.63e-10 8.01e-15  2.41e-09     2s
  37  -6.40397783e-03 -6.68847689e-03  1.86e-10 9.11e-15  1.80e-09     2s
  38  -6.43437842e-03 -6.64332254e-03  1.19e-10 9.28e-15  1.32e-09     2s
  39  -6.44204528e-03 -6.55995594e-03  9.15e-11 7.81e-15  7.47e-10     2s
  40  -6.46400636e-03 -6.52652650e-03  9.39e-11 7.24e-15  3.96e-10     2s
  41  -6.47474349e-03 -6.49781729e-03  5.44e-11 6.58e-15  1.46e-10     2s
  42  -6.47709714e-03 -6.49534054e-03  3.68e-11 7.79e-15  1.16e-10     2s
  43  -6.48020265e-03 -6.48742159e-03  5.28e-09 5.28e-13  4.58e-11     2s
  44  -6.48045187e-03 -6.48718240e-03  4.71e-09 5.06e-13  4.27e-11     3s
  45  -6.48220030e-03 -6.48291503e-03  3.51e-09 1.19e-13  4.53e-12     3s
  46  -6.48251894e-03 -6.48276371e-03  2.31e-09 1.62e-12  1.56e-12     3s
  47  -6.48254935e-03 -6.48255074e-03  4.80e-10 5.21e-13  1.07e-14     3s

Barrier solved model in 47 iterations and 2.60 seconds (3.19 work units)
Optimal objective -6.48254935e-03

Crossover time: 0.37 seconds (0.60 work units)

Root relaxation: objective -6.482190e-03, 24359 iterations, 2.08 seconds (2.77 work units)

    Nodes    |    Current Node    |     Objective Bounds      |     Work
 Expl Unexpl |  Obj  Depth IntInf | Incumbent    BestBd   Gap | It/Node Time

     0     0   -0.00648    0  168   -0.00486   -0.00648  33.3%     -    3s
H    0     0                      -0.0048681   -0.00648  33.2%     -    3s
H    0     0                      -0.0049315   -0.00648  31.4%     -    3s
     0     0   -0.00642    0  160   -0.00493   -0.00642  30.2%     -    6s
     0     0   -0.00642    0  321   -0.00493   -0.00642  30.1%     -   13s
     0     0   -0.00642    0  150   -0.00493   -0.00642  30.1%     -   15s
H    0     0                      -0.0049399   -0.00642  29.9%     -   16s
H    0     0                      -0.0049512   -0.00642  29.6%     -   16s

Cutting planes:
  Lift-and-project: 1
  MIR: 72
  Flow cover: 25
  BQP: 12

Explored 1 nodes (47133 simplex iterations) in 16.91 seconds (20.65 work units)
Thread count was 1 (of 16 available processors)

Solution count 5: -0.00495125 -0.00493988 -0.00493152 ... -0.00486348

Solve interrupted
Best objective -4.951248163185e-03, best bound -6.416715870698e-03, gap 29.5979%

User-callback calls 3210, time in user-callback 1.24 sec
Set parameter Threads to value 1
Set parameter Method to value 2
Set parameter NodeMethod to value 1
Set parameter Crossover to value 2
Set parameter DegenMoves to value 0
Set parameter CutPasses to value 1
Set parameter MIPFocus to value 3
Set parameter MIPGap to value 0
Set parameter MIPGapAbs to value 0
Set parameter FeasibilityTol to value 1e-08
Set parameter IntFeasTol to value 1e-08
Set parameter OptimalityTol to value 1e-08
Set parameter Seed to value 20260929
Set parameter TimeLimit to value 20
