
Gurobi 13.0.2 (win64) logging started Sun Oct  4 20:45:55 2026

Set parameter LogFile to value "docs/v42_m1_dw_accelerated_root_integration/logs/RMP_0004.log"
Gurobi Optimizer version 13.0.2 build v13.0.2rc1 (win64 - Windows 11+.0 (26200.2))

CPU model: 13th Gen Intel(R) Core(TM) i7-13620H, instruction set [SSE2|AVX|AVX2]
Thread count: 10 physical cores, 16 logical processors, using up to 1 threads

Non-default parameters:
TimeLimit  60
FeasibilityTol  1e-08
IntFeasTol  1e-08
OptimalityTol  1e-08
Method  2
LPWarmStart  0
BarConvTol  1e-11
Crossover  1
PreDual  0
LogToConsole  0
Seed  20260929
Threads  1

Optimize a model with 679959 rows, 82509 columns and 7300160 nonzeros (Min)
Model fingerprint: 0x0ceb00e3
Model has 1 linear objective coefficients
Coefficient statistics:
  Matrix range     [1e-13, 4e+02]
  Objective range  [1e+00, 1e+00]
  Bounds range     [1e+00, 1e+00]
  RHS range        [2e-24, 2e+03]
Warning: Model contains large matrix coefficient range
         Consider reformulating model or setting NumericFocus parameter
         to avoid numerical issues.

Presolve time: 1.78s
Presolved: 158943 rows, 53608 columns, 2181141 nonzeros

Ordering time: 1.05s

Barrier statistics:
 Dense cols : 3289
 AA' NZ     : 2.821e+06
 Factor NZ  : 7.199e+06 (roughly 140 MB of memory)
 Factor Ops : 5.250e+09 (less than 1 second per iteration)
 Threads    : 1

                  Objective                Residual
Iter       Primal          Dual         Primal    Dual     Compl     Time
   0   7.47730063e+03 -2.76623300e+06  1.77e+08 0.00e+00  9.50e+04     4s
   1   7.47760388e+03 -2.77811265e+06  1.77e+08 7.16e+01  9.50e+04     4s
   2   7.47763092e+03 -2.77639302e+06  1.77e+08 1.08e+02  9.50e+04     4s
   3   7.47748151e+03 -2.78283335e+06  1.77e+08 1.12e+02  9.50e+04     5s
   4   7.47774632e+03 -2.79712285e+06  1.77e+08 1.16e+02  9.51e+04     5s
   5   7.47771750e+03 -2.80427317e+06  1.77e+08 1.18e+02  9.51e+04     5s
   6   7.47759460e+03 -2.80266181e+06  1.77e+08 1.19e+02  9.51e+04     5s
   7   7.47759020e+03 -2.80902402e+06  1.77e+08 1.33e+02  9.51e+04     6s
   8   7.47756230e+03 -2.81355092e+06  1.77e+08 1.25e+02  9.51e+04     6s
   9   7.47746355e+03 -2.81835141e+06  1.77e+08 1.19e+02  9.51e+04     6s
  10   7.47736836e+03 -2.83046816e+06  1.77e+08 1.17e+02  9.51e+04     6s
  11   7.47741800e+03 -2.83610293e+06  1.77e+08 1.17e+02  9.51e+04     7s
  12   7.47736557e+03 -2.83410244e+06  1.77e+08 1.15e+02  9.46e+04     7s
  13   7.47741966e+03 -2.83478183e+06  1.77e+08 1.17e+02  9.44e+04     7s
  14   7.47739230e+03 -2.83185874e+06  1.77e+08 1.17e+02  9.42e+04     7s
  15   7.47743864e+03 -2.83501945e+06  1.77e+08 1.17e+02  9.41e+04     8s
  16   7.47751955e+03 -2.84187635e+06  1.77e+08 1.53e+02  9.40e+04     8s
  17   7.47768248e+03 -2.84538167e+06  1.77e+08 1.53e+02  9.40e+04     8s
  18   7.47759200e+03 -2.84136483e+06  1.77e+08 1.53e+02  9.39e+04     8s
  19   7.47783089e+03 -2.84253942e+06  1.77e+08 1.53e+02  9.39e+04     9s
  20   7.47779486e+03 -2.84460605e+06  1.77e+08 1.53e+02  9.38e+04     9s
  21   7.47788913e+03 -2.84525247e+06  1.77e+08 1.53e+02  9.37e+04     9s

Barrier performed 21 iterations in 9.27 seconds (17.88 work units)
Numerical trouble encountered

Model may be infeasible or unbounded.  Consider using the
homogeneous algorithm (through parameter 'BarHomogeneous')

Iteration    Objective       Primal Inf.    Dual Inf.      Time
       0    1.0000000e+00   1.751896e+06   4.639015e+10     10s
   28016    1.0000000e+00   2.540570e+03   1.134108e+09     15s
   29576    1.0000000e+00   1.796382e+01   9.630183e+06     20s
Crossover changed status from Numeric to Optimal
   31158    5.7958623e-01   0.000000e+00   0.000000e+00     25s

Solved in 31158 iterations and 25.29 seconds (61.87 work units)
Optimal objective  5.795862346e-01

User-callback calls 32880, time in user-callback 1.58 sec
Discarded solution information including additional information
Set parameter Threads to value 1
Set parameter Method to value 2
Set parameter Crossover to value 1
Set parameter LPWarmStart to value 0
Set parameter PreDual to value 0
Set parameter BarConvTol to value 1e-11
Set parameter Seed to value 20260929
Set parameter FeasibilityTol to value 1e-08
Set parameter IntFeasTol to value 1e-08
Set parameter OptimalityTol to value 1e-08
Set parameter TimeLimit to value 60
