
Gurobi 13.0.2 (win64) logging started Thu Oct  8 17:01:23 2026

Set parameter LogFile to value "D:\v42_may12_p1_exact_rescue_20261008\docs\v42_may12_p1_exact_rescue_20261008\P1\S0\PRICE\B\e9f8f72bd001\NATIVE_SOLVER.log"
Set parameter TimeLimit to value 60
Gurobi Optimizer version 13.0.2 build v13.0.2rc1 (win64 - Windows 11+.0 (26200.2))

CPU model: 13th Gen Intel(R) Core(TM) i7-13620H, instruction set [SSE2|AVX|AVX2]
Thread count: 10 physical cores, 16 logical processors, using up to 1 threads

Non-default parameters:
TimeLimit  60
MIPGap  0.005
Method  2
MIPFocus  3
NodeMethod  1
LogToConsole  0
Seed  20260929
Threads  1

Optimize a model with 13949 rows, 14069 columns and 61987 nonzeros (Min)
Model fingerprint: 0x0e4ffdc8
Model has 1509 linear objective coefficients
Coefficient statistics:
  Matrix range     [1e+00, 8e+04]
  Objective range  [3e-21, 8e-05]
  Bounds range     [8e+00, 6e+05]
  RHS range        [8e+00, 6e+05]

Presolve removed 5603 rows and 3358 columns
Presolve time: 0.03s
Presolved: 8346 rows, 10711 columns, 44064 nonzeros

Ordering time: 0.01s

Barrier statistics:
 Dense cols : 25
 AA' NZ     : 5.282e+04
 Factor NZ  : 2.038e+05 (roughly 10 MB of memory)
 Factor Ops : 8.016e+06 (less than 1 second per iteration)
 Threads    : 1

                  Objective                Residual
Iter       Primal          Dual         Primal    Dual     Compl     Time
   0  -3.62695069e-01 -2.25111896e+01  2.02e+04 0.00e+00  3.14e+00     0s
   1  -2.24733897e-01 -1.23570814e+01  1.25e+04 6.58e-07  1.58e+00     0s
   2  -3.38252507e-02 -8.63096970e+00  1.83e+03 5.71e-07  3.50e-01     0s
   3  -8.72789956e-03 -2.62780336e+00  4.62e+02 8.61e-07  8.94e-02     0s
   4  -3.17965785e-03 -6.64293338e-01  1.62e+02 1.32e-06  2.54e-02     0s
   5  -3.96735094e-04 -2.12925810e-01  1.38e+01 2.48e-06  5.22e-03     0s
   6  -1.51640983e-04 -3.63941839e-02  6.94e-01 2.60e-07  7.57e-04     0s
   7  -1.48559988e-04 -8.26119153e-03  1.62e-01 5.35e-08  1.65e-04     0s
   8  -1.75092023e-04 -2.91454292e-03  6.32e-02 1.73e-08  5.56e-05     0s
   9  -2.86716694e-04 -2.33693438e-03  2.69e-02 1.31e-08  4.14e-05     0s
  10  -3.30232754e-04 -1.90136852e-03  2.07e-02 9.58e-09  3.18e-05     0s
  11  -3.53688666e-04 -1.83738993e-03  1.87e-02 8.81e-09  3.00e-05     0s
  12  -4.17232955e-04 -1.47210444e-03  1.32e-02 6.11e-09  2.14e-05     0s
  13  -5.29533700e-04 -8.40363556e-04  4.01e-03 1.50e-09  6.32e-06     0s
  14  -5.74842819e-04 -6.96786701e-04  1.66e-03 5.05e-10  2.49e-06     0s
  15  -6.00514731e-04 -6.56615823e-04  7.11e-04 2.47e-10  1.14e-06     0s
  16  -6.19744435e-04 -6.29201448e-04  8.37e-05 5.12e-11  1.92e-07     0s
  17  -6.22398095e-04 -6.23993331e-04  1.34e-05 6.20e-12  3.23e-08     0s
  18  -6.22917026e-04 -6.22981947e-04  4.16e-07 9.29e-13  1.31e-09     0s
  19  -6.22940244e-04 -6.22940247e-04  2.70e-11 1.02e-13  6.20e-14     0s

Barrier solved model in 19 iterations and 0.25 seconds (0.19 work units)
Optimal objective -6.22940244e-04

Crossover log...

    4279 DPushes remaining with DInf 0.0000000e+00                 0s
       0 DPushes remaining with DInf 0.0000000e+00                 0s

    1759 PPushes remaining with PInf 0.0000000e+00                 0s
       0 PPushes remaining with PInf 0.0000000e+00                 0s

  Push phase complete: Pinf 0.0000000e+00, Dinf 2.3911428e-14      0s

Crossover time: 0.11 seconds (0.05 work units)

Extra simplex iterations after uncrush: 2
Iteration    Objective       Primal Inf.    Dual Inf.      Time
    5325   -6.2294025e-04   0.000000e+00   0.000000e+00      0s

Solved in 5325 iterations and 0.37 seconds (0.24 work units)
Optimal objective -6.229402458e-04

User-callback calls 6342, time in user-callback 0.07 sec
