
Gurobi 13.0.2 (win64) logging started Thu Oct  8 07:38:03 2026

Set parameter LogFile to value "C:\v42_m1_exact_solver_redesign_20261008\docs\v42_m_practical_exact_solver_overnight_20261008\external_production\external_nodes\0022\LP.log"
Gurobi Optimizer version 13.0.2 build v13.0.2rc1 (win64 - Windows 11+.0 (26200.2))

CPU model: 13th Gen Intel(R) Core(TM) i7-13620H, instruction set [SSE2|AVX|AVX2]
Thread count: 10 physical cores, 16 logical processors, using up to 1 threads

Non-default parameters:
TimeLimit  900
FeasibilityTol  1e-08
IntFeasTol  1e-08
MIPGap  0.005
OptimalityTol  1e-08
Method  2
LPWarmStart  0
Crossover  0
DegenMoves  0
MIPFocus  3
NodeMethod  1
LogToConsole  0
Seed  20260929
Threads  1

Optimize a model with 582808 rows, 306040 columns and 5351612 nonzeros (Min)
Model fingerprint: 0x6e0974c1
Model has 1 linear objective coefficients
Coefficient statistics:
  Matrix range     [1e-13, 4e+02]
  Objective range  [1e+00, 1e+00]
  Bounds range     [3e-08, 2e+03]
  RHS range        [2e-24, 2e+03]
Warning: Model contains large matrix coefficient range
         Consider reformulating model or setting NumericFocus parameter
         to avoid numerical issues.

Presolve removed 175659 rows and 27291 columns
Presolve time: 2.06s
Presolved: 407149 rows, 299052 columns, 4428843 nonzeros
Elapsed ordering time = 5s
Ordering time: 5.47s

Barrier statistics:
 Dense cols : 965
 AA' NZ     : 3.779e+07
 Factor NZ  : 5.712e+07 (roughly 700 MB of memory)
 Factor Ops : 3.120e+10 (roughly 1 second per iteration)
 Threads    : 1

                  Objective                Residual
Iter       Primal          Dual         Primal    Dual     Compl     Time
   0   1.27525695e+03 -5.00196793e+05  6.52e+07 7.87e-07  1.02e+04    13s
   1   1.70157936e+03 -3.67359115e+05  4.36e+07 6.07e-03  4.39e+03    14s
   2   4.60788641e+02 -2.61962607e+05  1.80e+07 4.92e-04  5.58e+03    16s
   3   3.63380529e+01 -1.04244252e+05  1.39e+06 7.08e-15  4.40e+02    18s
   4   8.17439279e-01 -5.80364712e+04  4.44e+03 7.47e-15  9.27e+00    19s
   5   7.51383525e-01 -9.67205490e+03  1.73e+03 2.09e-10  1.53e+00    21s
   6   7.22216781e-01 -5.98451175e+02  2.61e+02 6.06e-11  1.04e-01    23s
   7   7.26072244e-01 -2.36884925e+02  9.20e+01 2.53e-11  4.06e-02    25s
   8   7.34132703e-01 -6.18790778e+01  3.77e+01 4.31e-12  1.23e-02    28s
   9   7.38201123e-01 -1.86949496e+01  9.09e+00 1.38e-09  3.59e-03    30s
  10   6.96668377e-01 -1.91824119e+00  2.11e-01 1.50e-08  3.75e-04    33s
  11   6.45089349e-01 -6.35369191e-01  1.36e-01 1.32e-08  1.81e-04    35s
  12   6.24078197e-01 -1.80966015e-01  1.11e-01 3.53e-08  1.12e-04    37s
  13   6.12117647e-01  1.12401970e-01  8.34e-02 4.23e-08  6.89e-05    39s
  14   6.02140976e-01  2.92759942e-01  4.59e-02 3.15e-08  4.20e-05    41s
  15   5.98543042e-01  3.39743751e-01  3.86e-02 2.82e-08  3.50e-05    43s
  16   5.93353174e-01  3.71036808e-01  3.12e-02 3.57e-08  3.00e-05    45s
  17   5.87593986e-01  4.34394371e-01  2.19e-02 3.38e-08  2.04e-05    47s
  18   5.84208517e-01  4.64656554e-01  1.71e-02 2.72e-08  1.58e-05    49s
  19   5.80820454e-01  4.82816968e-01  1.31e-02 2.25e-08  1.29e-05    51s
  20   5.79139587e-01  4.96009258e-01  1.11e-02 1.91e-08  1.09e-05    52s
  21   5.76926477e-01  5.17638333e-01  8.52e-03 1.35e-08  7.65e-06    54s
  22   5.74405969e-01  5.38711506e-01  6.09e-03 1.21e-08  4.48e-06    56s
  23   5.71781085e-01  5.53438642e-01  3.27e-03 1.14e-08  2.24e-06    58s
  24   5.70732474e-01  5.58230043e-01  2.12e-03 1.02e-08  1.54e-06    60s
  25   5.70002501e-01  5.61911407e-01  1.28e-03 8.90e-09  1.01e-06    62s
  26   5.69691721e-01  5.64082644e-01  9.31e-04 7.41e-09  7.13e-07    64s
  27   5.69524351e-01  5.65623471e-01  7.31e-04 5.91e-09  5.11e-07    66s
  28   5.69446835e-01  5.66108373e-01  6.45e-04 5.76e-09  4.44e-07    68s
  29   5.69342839e-01  5.66552577e-01  5.26e-04 5.44e-09  3.78e-07    70s
  30   5.69262230e-01  5.66894856e-01  4.38e-04 5.11e-09  3.27e-07    72s
  31   5.69244170e-01  5.66958451e-01  4.17e-04 5.06e-09  3.17e-07    73s
  32   5.69182901e-01  5.67453228e-01  3.48e-04 5.07e-09  2.50e-07    75s
  33   5.69140258e-01  5.67839673e-01  3.04e-04 5.07e-09  1.99e-07    77s
  34   5.69053814e-01  5.68322991e-01  2.09e-04 5.08e-09  1.28e-07    79s
  35   5.68981559e-01  5.68631016e-01  1.31e-04 5.00e-09  7.98e-08    82s
  36   5.68959677e-01  5.68759412e-01  1.07e-04 4.84e-09  5.97e-08    83s
  37   5.68926750e-01  5.68857902e-01  7.38e-05 4.65e-09  4.29e-08    85s
  38   5.68919984e-01  5.68882968e-01  6.73e-05 4.62e-09  3.84e-08    87s
  39   5.68918366e-01  5.68889488e-01  6.58e-05 4.61e-09  3.72e-08    89s
  40   5.68909587e-01  5.68935412e-01  5.74e-05 4.52e-09  2.87e-08    90s
  41   5.68895616e-01  5.68961907e-01  4.49e-05 4.49e-09  2.46e-08    92s
  42   5.68881573e-01  5.69001853e-01  3.25e-05 4.37e-09  1.75e-08    94s
  43   5.68867701e-01  5.69019762e-01  2.14e-05 4.44e-09  1.29e-08    96s
  44   5.68858647e-01  5.69039889e-01  1.49e-05 4.62e-09  7.40e-09    98s
  45   5.68853036e-01  5.69041620e-01  1.15e-05 4.68e-09  5.23e-09   100s
  46   5.68851180e-01  5.69038550e-01  1.04e-05 4.70e-09  4.79e-09   102s
  47   5.68845550e-01  5.69036809e-01  7.51e-06 4.66e-09  3.59e-09   104s
  48   5.68842414e-01  5.69031487e-01  6.15e-06 4.31e-09  2.46e-09   106s
  49   5.68842286e-01  5.69026096e-01  6.04e-06 4.29e-09  2.39e-09   108s
  50   5.68837762e-01  5.69026779e-01  4.28e-06 4.14e-09  1.78e-09   110s
  51   5.68837607e-01  5.69022926e-01  4.23e-06 4.09e-09  1.61e-09   111s
  52   5.68836557e-01  5.69023799e-01  3.95e-06 4.16e-09  1.54e-09   113s
  53   5.68835512e-01  5.69017787e-01  3.62e-06 4.17e-09  1.30e-09   115s
  54   5.68834917e-01  5.69012355e-01  3.34e-06 4.20e-09  1.10e-09   119s
  55   5.68834535e-01  5.69008526e-01  3.16e-06 4.21e-09  1.03e-09   121s
  56   5.68833427e-01  5.69000003e-01  2.52e-06 4.23e-09  8.15e-10   123s
  57   5.68833272e-01  5.68995298e-01  2.45e-06 4.28e-09  7.16e-10   124s
  58   5.68832649e-01  5.68989103e-01  2.20e-06 4.37e-09  6.21e-10   127s
  59   5.68831310e-01  5.68979656e-01  1.66e-06 4.43e-09  4.23e-10   129s
  60   5.68830779e-01  5.68977928e-01  1.47e-06 4.39e-09  3.82e-10   131s
  61   5.68830184e-01  5.68972949e-01  1.27e-06 4.38e-09  3.13e-10   133s
  62   5.68829703e-01  5.68971269e-01  1.11e-06 4.17e-09  2.80e-10   134s
  63   5.68828394e-01  5.68965024e-01  7.16e-07 4.30e-09  1.58e-10   137s
  64   5.68827411e-01  5.68961349e-01  4.90e-07 4.22e-09  1.14e-10   139s
  65   5.68826125e-01  5.68960818e-01  2.82e-07 4.25e-09  7.81e-11   142s
  66   5.68824991e-01  5.68960227e-01  1.75e-07 4.18e-09  4.69e-11   144s
  67   5.68824401e-01  5.68960141e-01  1.37e-07 4.02e-09  2.86e-11   146s
  68   5.68824028e-01  5.68959192e-01  1.27e-07 3.96e-09  2.66e-11   149s
  69   5.68823708e-01  5.68958880e-01  1.11e-07 3.69e-09  2.41e-11   151s
  70   5.68823694e-01  5.68956491e-01  1.10e-07 3.59e-09  2.24e-11   153s
  71   5.68823424e-01  5.68954493e-01  1.54e-07 3.20e-09  1.96e-11   155s
  72   5.68823422e-01  5.68953555e-01  1.54e-07 3.18e-09  1.95e-11   157s
  73   5.68822559e-01  5.68946300e-01  8.25e-08 2.30e-09  1.29e-11   159s
  74   5.68822552e-01  5.68945883e-01  8.22e-08 2.44e-09  1.29e-11   161s
  75   5.68822201e-01  5.68944498e-01  7.41e-08 2.27e-09  1.17e-11   163s
  76   5.68822080e-01  5.68943988e-01  7.15e-08 2.20e-09  1.13e-11   165s
  77   5.68821932e-01  5.68940131e-01  6.79e-08 2.10e-09  1.34e-11   167s
  78   5.68821921e-01  5.68937711e-01  6.75e-08 1.92e-09  1.22e-11   169s
  79   5.68821482e-01  5.68933471e-01  5.88e-08 2.05e-09  1.09e-11   171s
  80   5.68820975e-01  5.68931916e-01  4.44e-08 2.10e-09  8.48e-12   173s
  81   5.68820573e-01  5.68930284e-01  3.43e-08 2.15e-09  6.87e-12   175s
  82   5.68820450e-01  5.68926690e-01  3.21e-08 2.24e-09  5.68e-12   177s
  83   5.68820419e-01  5.68925689e-01  3.14e-08 2.26e-09  5.77e-12   179s
  84   5.68820360e-01  5.68925346e-01  3.03e-08 2.26e-09  5.56e-12   181s
  85   5.68820292e-01  5.68924526e-01  2.91e-08 2.31e-09  5.46e-12   183s
  86   5.68820221e-01  5.68930763e-01  2.86e-08 2.23e-09  8.30e-12   186s
  87   5.68820081e-01  5.68928053e-01  2.62e-08 2.30e-09  7.04e-12   187s
  88   5.68820068e-01  5.68926831e-01  2.59e-08 2.33e-09  6.67e-12   190s
  89   5.68819937e-01  5.68925815e-01  3.35e-08 2.36e-09  5.62e-12   191s
  90   5.68819852e-01  5.68924912e-01  3.28e-08 2.38e-09  5.44e-12   193s
  91   5.68819741e-01  5.68923550e-01  3.08e-08 2.42e-09  4.94e-12   195s
  92   5.68819607e-01  5.68921602e-01  2.82e-08 2.49e-09  4.34e-12   197s
  93   5.68819356e-01  5.68920301e-01  2.58e-08 2.52e-09  3.94e-12   199s
  94   5.68819337e-01  5.68918610e-01  2.57e-08 2.54e-09  3.92e-12   201s
  95   5.68819315e-01  5.68915544e-01  4.46e-08 2.38e-09  3.98e-12   203s
  96   5.68819185e-01  5.68914790e-01  5.08e-08 2.34e-09  3.42e-12   205s
  97   5.68819015e-01  5.68913013e-01  4.84e-08 2.26e-09  3.05e-12   207s
  98   5.68818930e-01  5.68912949e-01  4.68e-08 2.26e-09  3.03e-12   209s
  99   5.68818819e-01  5.68912672e-01  4.45e-08 2.27e-09  2.85e-12   211s
 100   5.68818816e-01  5.68912650e-01  4.62e-08 2.27e-09  2.85e-12   212s
 101   5.68818717e-01  5.68912096e-01  4.39e-08 2.29e-09  2.74e-12   214s
 102   5.68818694e-01  5.68912032e-01  4.35e-08 2.29e-09  2.73e-12   216s
 103   5.68818516e-01  5.68910698e-01  4.12e-08 2.38e-09  2.59e-12   218s
 104   5.68818408e-01  5.68909097e-01  3.91e-08 2.37e-09  2.34e-12   220s
 105   5.68818376e-01  5.68908967e-01  3.82e-08 2.37e-09  2.30e-12   222s
 106   5.68818313e-01  5.68908403e-01  4.17e-08 2.38e-09  2.16e-12   224s
 107   5.68818305e-01  5.68908323e-01  4.15e-08 2.38e-09  2.15e-12   226s

Barrier solved model in 107 iterations and 225.90 seconds (424.97 work units)
Optimal objective 5.68819015e-01


User-callback calls 14055, time in user-callback 0.26 sec
Discarded solution information
Set parameter Method to value 2
Set parameter Crossover to value 0
Set parameter LPWarmStart to value 0
Set parameter NumericFocus to value 0
Set parameter DualReductions to value 1
Set parameter InfUnbdInfo to value 0
Set parameter TimeLimit to value 900
