
Gurobi 13.0.2 (win64) logging started Thu Oct  8 07:12:56 2026

Set parameter LogFile to value "C:\v42_m1_exact_solver_redesign_20261008\docs\v42_m_practical_exact_solver_overnight_20261008\external_production\external_nodes\0019\LP.log"
Gurobi Optimizer version 13.0.2 build v13.0.2rc1 (win64 - Windows 11+.0 (26200.2))

CPU model: 13th Gen Intel(R) Core(TM) i7-13620H, instruction set [SSE2|AVX|AVX2]
Thread count: 10 physical cores, 16 logical processors, using up to 1 threads

Non-default parameters:
TimeLimit  900
FeasibilityTol  1e-08
IntFeasTol  1e-08
MIPGap  0.005
OptimalityTol  1e-08
Method  2
LPWarmStart  0
Crossover  0
DegenMoves  0
MIPFocus  3
NodeMethod  1
LogToConsole  0
Seed  20260929
Threads  1

Optimize a model with 582808 rows, 306040 columns and 5351612 nonzeros (Min)
Model fingerprint: 0x3a2af00c
Model has 1 linear objective coefficients
Coefficient statistics:
  Matrix range     [1e-13, 4e+02]
  Objective range  [1e+00, 1e+00]
  Bounds range     [3e-08, 2e+03]
  RHS range        [2e-24, 2e+03]
Warning: Model contains large matrix coefficient range
         Consider reformulating model or setting NumericFocus parameter
         to avoid numerical issues.

Presolve removed 175693 rows and 27301 columns
Presolve time: 2.06s
Presolved: 407115 rows, 299026 columns, 4428744 nonzeros
Elapsed ordering time = 5s
Ordering time: 5.53s

Barrier statistics:
 Dense cols : 963
 AA' NZ     : 3.783e+07
 Factor NZ  : 5.733e+07 (roughly 700 MB of memory)
 Factor Ops : 3.160e+10 (roughly 1 second per iteration)
 Threads    : 1

                  Objective                Residual
Iter       Primal          Dual         Primal    Dual     Compl     Time
   0   1.27525742e+03 -5.00168214e+05  6.52e+07 7.87e-07  1.02e+04    13s
   1   1.70157993e+03 -3.67346929e+05  4.36e+07 6.07e-03  4.39e+03    14s
   2   4.60707214e+02 -2.61949677e+05  1.80e+07 4.92e-04  5.58e+03    16s
   3   3.63300411e+01 -1.04231445e+05  1.39e+06 7.55e-15  4.40e+02    18s
   4   8.16801079e-01 -5.80200622e+04  4.42e+03 8.55e-10  9.27e+00    19s
   5   7.49407354e-01 -9.53893732e+03  1.68e+03 3.02e-10  1.51e+00    21s
   6   7.21163679e-01 -6.22152107e+02  2.76e+02 9.89e-12  1.07e-01    23s
   7   7.25265721e-01 -2.02878636e+02  9.90e+01 5.97e-13  3.59e-02    25s
   8   7.28113445e-01 -5.81610226e+01  4.17e+01 7.46e-13  1.20e-02    28s
   9   7.35962712e-01 -1.78499923e+01  1.05e+01 2.90e-09  3.55e-03    30s
  10   6.95093801e-01 -1.69161834e+00  1.31e-01 1.48e-08  3.36e-04    33s
  11   6.38398234e-01 -6.13801539e-01  8.41e-02 1.47e-08  1.74e-04    35s
  12   6.19809687e-01 -1.60195960e-01  6.78e-02 3.02e-08  1.08e-04    37s
  13   6.14436725e-01  3.39402009e-02  5.36e-02 2.65e-08  7.94e-05    39s
  14   6.07628314e-01  2.48075367e-01  3.44e-02 3.13e-08  4.87e-05    41s
  15   5.99428382e-01  3.31944894e-01  2.35e-02 2.94e-08  3.60e-05    43s
  16   5.93363057e-01  3.90129954e-01  1.80e-02 3.88e-08  2.72e-05    44s
  17   5.91392447e-01  4.19892048e-01  1.54e-02 3.68e-08  2.28e-05    46s
  18   5.84662918e-01  4.69614693e-01  1.01e-02 3.49e-08  1.51e-05    48s
  19   5.80414366e-01  5.14900619e-01  7.41e-03 2.53e-08  8.36e-06    51s
  20   5.76748613e-01  5.33958546e-01  5.18e-03 1.88e-08  5.33e-06    53s
  21   5.73987078e-01  5.47882971e-01  3.47e-03 1.55e-08  3.15e-06    55s
  22   5.71843860e-01  5.51788026e-01  2.06e-03 1.37e-08  2.40e-06    57s
  23   5.71477999e-01  5.55188813e-01  1.81e-03 1.07e-08  1.92e-06    58s
  24   5.70908697e-01  5.59397156e-01  1.43e-03 8.30e-09  1.34e-06    60s
  25   5.70364991e-01  5.60150649e-01  1.03e-03 7.95e-09  1.19e-06    62s
  26   5.70245016e-01  5.61356669e-01  9.35e-04 7.68e-09  1.03e-06    64s
  27   5.69875525e-01  5.62800704e-01  6.42e-04 7.22e-09  8.22e-07    66s
  28   5.69676235e-01  5.65404921e-01  4.88e-04 6.85e-09  5.00e-07    68s
  29   5.69553488e-01  5.65780820e-01  3.92e-04 6.84e-09  4.42e-07    70s
  30   5.69508207e-01  5.66312576e-01  3.56e-04 6.70e-09  3.76e-07    72s
  31   5.69426506e-01  5.66575422e-01  2.93e-04 6.58e-09  3.36e-07    73s
  32   5.69339884e-01  5.67113859e-01  2.27e-04 6.20e-09  2.67e-07    76s
  33   5.69265957e-01  5.67852743e-01  1.73e-04 5.88e-09  1.78e-07    78s
  34   5.69196047e-01  5.68118650e-01  1.22e-04 6.03e-09  1.42e-07    80s
  35   5.69157645e-01  5.68456510e-01  9.52e-05 5.75e-09  1.02e-07    82s
  36   5.69125561e-01  5.68477910e-01  7.38e-05 5.73e-09  9.48e-08    83s
  37   5.69112433e-01  5.68614879e-01  6.56e-05 5.49e-09  7.82e-08    85s
  38   5.69100793e-01  5.68698376e-01  5.81e-05 5.36e-09  6.75e-08    87s
  39   5.69083227e-01  5.68752477e-01  4.71e-05 5.19e-09  5.94e-08    89s
  40   5.69066499e-01  5.68862863e-01  3.66e-05 4.80e-09  4.51e-08    91s
  41   5.69039124e-01  5.68966092e-01  2.02e-05 4.52e-09  3.09e-08    93s
  42   5.69022676e-01  5.69025790e-01  1.20e-05 4.30e-09  2.17e-08    95s
  43   5.69015303e-01  5.69094685e-01  8.90e-06 4.47e-09  1.28e-08    97s
  44   5.69014190e-01  5.69100913e-01  8.55e-06 4.53e-09  1.18e-08    99s
  45   5.69009619e-01  5.69126275e-01  6.92e-06 5.08e-09  7.88e-09   101s
  46   5.69001560e-01  5.69154236e-01  4.19e-06 5.65e-09  3.90e-09   103s
  47   5.69001751e-01  5.69142839e-01  4.14e-06 5.20e-09  3.63e-09   105s
  48   5.68998696e-01  5.69133446e-01  2.97e-06 4.77e-09  2.63e-09   107s
  49   5.68997725e-01  5.69127930e-01  2.66e-06 4.48e-09  2.34e-09   109s
  50   5.68996196e-01  5.69116835e-01  2.20e-06 3.90e-09  1.90e-09   111s
  51   5.68993551e-01  5.69104549e-01  1.30e-06 2.85e-09  1.40e-09   114s
  52   5.68991915e-01  5.69102897e-01  8.36e-07 2.72e-09  1.04e-09   116s
  53   5.68990946e-01  5.69073535e-01  6.06e-07 2.59e-09  4.15e-10   118s
  54   5.68990356e-01  5.69057599e-01  4.88e-07 2.48e-09  2.95e-10   121s
  55   5.68990290e-01  5.69050852e-01  4.75e-07 2.51e-09  2.39e-10   122s
  56   5.68989825e-01  5.69033977e-01  3.87e-07 2.54e-09  1.19e-10   124s
  57   5.68989325e-01  5.69026801e-01  2.12e-07 2.18e-09  6.82e-11   126s
  58   5.68989234e-01  5.69025603e-01  1.84e-07 2.09e-09  6.06e-11   128s
  59   5.68988975e-01  5.69026408e-01  1.43e-07 2.02e-09  5.11e-11   130s
  60   5.68988769e-01  5.69016284e-01  1.13e-07 1.42e-09  3.68e-11   133s
  61   5.68988595e-01  5.69017511e-01  6.08e-08 1.16e-09  2.52e-11   135s
  62   5.68988325e-01  5.69020182e-01  4.51e-08 1.10e-09  1.92e-11   137s
  63   5.68988325e-01  5.69020182e-01  4.51e-08 1.10e-09  1.92e-11   139s
  64   5.68988223e-01  5.69020368e-01  3.55e-08 1.13e-09  1.48e-11   141s
  65   5.68988147e-01  5.69020494e-01  2.92e-08 1.15e-09  1.10e-11   145s
  66   5.68988100e-01  5.69020421e-01  8.26e-08 1.19e-09  9.36e-12   147s
  67   5.68988099e-01  5.69020420e-01  8.23e-08 1.19e-09  9.34e-12   149s
  68   5.68988051e-01  5.69020380e-01  6.97e-08 1.20e-09  8.46e-12   150s
  69   5.68988011e-01  5.69020359e-01  9.40e-08 1.21e-09  7.98e-12   152s
  70   5.68988000e-01  5.69020347e-01  9.05e-08 1.22e-09  7.80e-12   154s
  71   5.68987973e-01  5.69020291e-01  8.62e-08 1.23e-09  7.37e-12   156s
  72   5.68987914e-01  5.69020114e-01  6.96e-08 1.25e-09  6.32e-12   158s
  73   5.68987738e-01  5.69020680e-01  5.24e-08 1.22e-09  5.79e-12   160s
  74   5.68987731e-01  5.69020501e-01  5.10e-08 1.22e-09  5.62e-12   163s
  75   5.68987557e-01  5.69019857e-01  4.02e-08 1.25e-09  2.80e-12   166s
  76   5.68987368e-01  5.69012919e-01  2.62e-08 1.09e-09  2.52e-12   169s
  77   5.68987364e-01  5.69012006e-01  7.05e-08 1.05e-09  2.35e-12   171s
  78   5.68987343e-01  5.69011794e-01  6.59e-08 1.05e-09  2.20e-12   173s
  79   5.68987331e-01  5.69011430e-01  6.45e-08 1.05e-09  2.16e-12   175s
  80   5.68987298e-01  5.69011289e-01  2.84e-07 1.05e-09  1.95e-12   177s
  81   5.68987255e-01  5.69009858e-01  2.49e-07 1.06e-09  1.69e-12   179s
  82   5.68987210e-01  5.69007053e-01  2.16e-07 1.08e-09  1.50e-12   181s
  83   5.68987209e-01  5.69005875e-01  2.15e-07 1.04e-09  1.49e-12   183s
  84   5.68987154e-01  5.69002569e-01  1.63e-07 9.56e-10  1.14e-12   185s
  85   5.68987152e-01  5.69002523e-01  1.61e-07 9.55e-10  1.15e-12   187s
  86   5.68987036e-01  5.69003266e-01  1.32e-07 9.86e-10  1.98e-12   189s
  87   5.68986957e-01  5.69002173e-01  1.11e-07 9.70e-10  1.97e-12   192s
  88   5.68986919e-01  5.69001285e-01  9.58e-08 9.56e-10  1.74e-12   194s
  89   5.68986880e-01  5.69000922e-01  8.23e-08 9.54e-10  1.48e-12   196s
  90   5.68986877e-01  5.69000947e-01  8.18e-08 9.54e-10  1.44e-12   198s
  91   5.68986862e-01  5.69000932e-01  7.94e-08 9.53e-10  1.35e-12   201s
  92   5.68986856e-01  5.69001285e-01  7.84e-08 9.53e-10  1.26e-12   204s
  93   5.68986804e-01  5.69001478e-01  4.89e-08 9.43e-10  7.22e-13   207s

Barrier solved model in 93 iterations and 206.58 seconds (383.63 work units)
Optimal objective 5.68986804e-01


User-callback calls 11583, time in user-callback 0.21 sec
Discarded solution information
Set parameter Method to value 2
Set parameter Crossover to value 0
Set parameter LPWarmStart to value 0
Set parameter NumericFocus to value 0
Set parameter DualReductions to value 1
Set parameter InfUnbdInfo to value 0
Set parameter TimeLimit to value 900
