
Gurobi 13.0.2 (win64) logging started Wed Oct  7 12:35:40 2026

Set parameter OutputFlag to value 1
Gurobi Optimizer version 13.0.2 build v13.0.2rc1 (win64 - Windows 11+.0 (26200.2))

CPU model: 13th Gen Intel(R) Core(TM) i7-13620H, instruction set [SSE2|AVX|AVX2]
Thread count: 10 physical cores, 16 logical processors, using up to 1 threads

Non-default parameters:
TimeLimit  600
MIPGap  0.005
Method  1
DualReductions  0
InfUnbdInfo  1
Seed  20260929
Threads  1

Optimize a model with 2028 rows, 2136 columns and 8453 nonzeros (Min)
Model fingerprint: 0x266eee45
Model has 0 linear objective coefficients
Coefficient statistics:
  Matrix range     [1e+00, 8e+01]
  Objective range  [0e+00, 0e+00]
  Bounds range     [1e+00, 8e+01]
  RHS range        [1e+00, 1e+02]

Presolve time: 0.00s
Presolved: 1862 rows, 2135 columns, 8186 nonzeros

Iteration    Objective       Primal Inf.    Dual Inf.      Time
       0    0.0000000e+00   9.072900e+02   0.000000e+00      0s
    1126    0.0000000e+00   0.000000e+00   0.000000e+00      0s

Solved in 1126 iterations and 0.03 seconds (0.04 work units)
Optimal objective  0.000000000e+00
Gurobi Optimizer version 13.0.2 build v13.0.2rc1 (win64 - Windows 11+.0 (26200.2))

CPU model: 13th Gen Intel(R) Core(TM) i7-13620H, instruction set [SSE2|AVX|AVX2]
Thread count: 10 physical cores, 16 logical processors, using up to 1 threads

Non-default parameters:
TimeLimit  600
MIPGap  0.005
Method  1
DualReductions  0
InfUnbdInfo  1
Seed  20260929
Threads  1

Optimize a model with 2028 rows, 2136 columns and 8453 nonzeros (Min)
Model fingerprint: 0xe2def345
Model has 0 linear objective coefficients
Variable types: 1 continuous, 2135 integer (633 binary)
Coefficient statistics:
  Matrix range     [1e+00, 8e+01]
  Objective range  [0e+00, 0e+00]
  Bounds range     [1e+00, 8e+01]
  RHS range        [1e+00, 1e+02]

Presolve removed 182 rows and 1 columns
Presolve time: 0.01s
Presolved: 1846 rows, 2135 columns, 8050 nonzeros
Variable types: 1 continuous, 2134 integer (671 binary)

Root relaxation: objective 0.000000e+00, 1279 iterations, 0.03 seconds (0.04 work units)

    Nodes    |    Current Node    |     Objective Bounds      |     Work
 Expl Unexpl |  Obj  Depth IntInf | Incumbent    BestBd   Gap | It/Node Time

     0     0    0.00000    0   98          -    0.00000      -     -    0s
     0     0    0.00000    0  170          -    0.00000      -     -    0s
     0     0    0.00000    0  177          -    0.00000      -     -    0s
     0     0    0.00000    0   95          -    0.00000      -     -    0s
     0     0    0.00000    0  103          -    0.00000      -     -    0s
     0     0    0.00000    0  142          -    0.00000      -     -    0s
     0     0    0.00000    0  112          -    0.00000      -     -    0s
     0     0    0.00000    0  131          -    0.00000      -     -    0s
     0     0    0.00000    0  159          -    0.00000      -     -    0s
     0     0    0.00000    0   71          -    0.00000      -     -    0s
     0     0    0.00000    0   91          -    0.00000      -     -    0s
     0     0    0.00000    0  117          -    0.00000      -     -    0s
     0     0    0.00000    0   77          -    0.00000      -     -    0s
     0     0    0.00000    0  114          -    0.00000      -     -    0s
     0     0    0.00000    0  129          -    0.00000      -     -    0s
     0     0    0.00000    0   41          -    0.00000      -     -    0s
     0     0    0.00000    0   87          -    0.00000      -     -    0s
     0     0    0.00000    0  130          -    0.00000      -     -    0s
     0     0    0.00000    0   44          -    0.00000      -     -    0s
     0     0    0.00000    0   44          -    0.00000      -     -    0s
     0     0    0.00000    0   44          -    0.00000      -     -    0s
     0     2    0.00000    0   44          -    0.00000      -     -    0s
   676   341    0.00000   50  123          -    0.00000      -   178    5s
   996   457    0.00000   27  118          -    0.00000      -   185   10s
  1531   564    0.00000   54  107          -    0.00000      -   173   15s
  2307   743    0.00000   44   97          -    0.00000      -   161   20s
  3323  1087 infeasible   48               -    0.00000      -   151   25s
  4232  1317    0.00000   36   77          -    0.00000      -   151   30s
  5131  1520 infeasible   56               -    0.00000      -   148   35s
  6269  1727    0.00000   58  120          -    0.00000      -   147   40s
  7103  1794 infeasible   48               -    0.00000      -   146   45s
  7889  1966 infeasible   53               -    0.00000      -   146   50s
  8977  2125 infeasible   52               -    0.00000      -   146   55s
  9992  2361 infeasible   40               -    0.00000      -   145   60s
 10216  2368    0.00000   39   94          -    0.00000      -   145   65s
 11211  2677    0.00000   46   80          -    0.00000      -   146   70s
 12023  2840    0.00000   51   78          -    0.00000      -   147   75s
 12873  3026    0.00000   48   83          -    0.00000      -   148   80s
 13601  3227    0.00000   49   49          -    0.00000      -   149   85s
 14668  3516    0.00000   45   70          -    0.00000      -   150   90s
 15780  3794    0.00000   49   83          -    0.00000      -   150   95s
 16634  3967 infeasible   55               -    0.00000      -   151  100s
 17605  4138    0.00000   57  108          -    0.00000      -   151  105s
 18641  4344    0.00000   45   60          -    0.00000      -   151  110s
 19326  4444    0.00000   67  101          -    0.00000      -   152  115s
 20233  4554 infeasible   53               -    0.00000      -   153  120s
 21374  4751    0.00000   50   76          -    0.00000      -   153  125s
 22382  4965    0.00000   43  106          -    0.00000      -   153  130s
 23235  5209    0.00000   48   69          -    0.00000      -   153  135s
 24484  5573    0.00000   37  100          -    0.00000      -   153  140s
 25186  5741 infeasible   47               -    0.00000      -   153  145s
 26421  5997 infeasible   44               -    0.00000      -   153  150s
 27456  6203 infeasible   51               -    0.00000      -   154  155s
 28494  6390 infeasible   48               -    0.00000      -   154  160s
 29710  6664    0.00000   39   65          -    0.00000      -   153  165s
 30208  6848    0.00000   47  128          -    0.00000      -   153  170s
 31155  7246    0.00000   42  146          -    0.00000      -   154  175s
 32262  7659 infeasible   47               -    0.00000      -   154  180s
 33034  7913    0.00000   26  106          -    0.00000      -   153  185s
 34158  8155    0.00000   51  105          -    0.00000      -   153  190s
 35518  8413    0.00000   36   82          -    0.00000      -   153  195s
 36821  8720    0.00000   52   42          -    0.00000      -   153  200s
 37587  8932    0.00000   52   74          -    0.00000      -   154  205s
 38464  9125    0.00000   55   80          -    0.00000      -   154  210s
 39113  9222 infeasible   62               -    0.00000      -   154  215s
 40195  9408    0.00000   60  101          -    0.00000      -   154  220s
 41230  9487    0.00000   49  136          -    0.00000      -   154  226s
 42205  9642 infeasible   46               -    0.00000      -   154  230s
 43620  9895 infeasible   51               -    0.00000      -   154  235s
 44626  9999 infeasible   58               -    0.00000      -   154  240s
 45616 10076    0.00000   52  107          -    0.00000      -   154  246s
 46321 10273 infeasible   47               -    0.00000      -   154  250s
 47205 10351    0.00000   63   50          -    0.00000      -   154  255s
 48512 10528 infeasible   45               -    0.00000      -   154  260s
 49614 10696 infeasible   45               -    0.00000      -   154  265s
 50624 10823 infeasible   61               -    0.00000      -   154  270s
 51011 10903    0.00000   48   44          -    0.00000      -   154  291s
Exploring 50000 nodes in MinRel heuristic
MinRel: 353 nodes explored, relaxation 2.00e+00, total elapsed time 295s
MinRel: 836 nodes explored, relaxation 1.00e+00, total elapsed time 300s
MinRel: 1436 nodes explored, relaxation 1.00e+00, total elapsed time 305s
MinRel: 1998 nodes explored, relaxation 1.00e+00, total elapsed time 310s
MinRel: 2631 nodes explored, relaxation 1.00e+00, total elapsed time 315s
MinRel: 3086 nodes explored, relaxation 1.00e+00, total elapsed time 320s
MinRel: 3852 nodes explored, relaxation 1.00e+00, total elapsed time 325s
MinRel: 4386 nodes explored, relaxation 1.00e+00, total elapsed time 330s
MinRel: 5147 nodes explored, relaxation 1.00e+00, total elapsed time 335s
MinRel: 5906 nodes explored, relaxation 1.00e+00, total elapsed time 340s
MinRel: 6373 nodes explored, relaxation 1.00e+00, total elapsed time 345s
MinRel: 7296 nodes explored, relaxation 1.00e+00, total elapsed time 350s
MinRel: 8016 nodes explored, relaxation 1.00e+00, total elapsed time 355s
MinRel: 8765 nodes explored, relaxation 1.00e+00, total elapsed time 360s
MinRel: 9474 nodes explored, relaxation 1.00e+00, total elapsed time 365s
MinRel: 9979 nodes explored, relaxation 1.00e+00, total elapsed time 370s
MinRel: 10443 nodes explored, relaxation 1.00e+00, total elapsed time 375s
MinRel: 11168 nodes explored, relaxation 1.00e+00, total elapsed time 380s
MinRel: 11744 nodes explored, relaxation 1.00e+00, total elapsed time 385s
MinRel: 11851 nodes explored, relaxation 1.00e+00, total elapsed time 390s
MinRel: 12521 nodes explored, relaxation 1.00e+00, total elapsed time 395s
MinRel: 13108 nodes explored, relaxation 1.00e+00, total elapsed time 400s
MinRel: 13690 nodes explored, relaxation 1.00e+00, total elapsed time 405s
MinRel: 14327 nodes explored, relaxation 1.00e+00, total elapsed time 410s
MinRel: 15162 nodes explored, relaxation 1.00e+00, total elapsed time 415s
MinRel: 15302 nodes explored, relaxation 1.00e+00, total elapsed time 422s
MinRel: 15751 nodes explored, relaxation 1.00e+00, total elapsed time 425s
MinRel: 16767 nodes explored, relaxation 1.00e+00, total elapsed time 430s
MinRel: 17880 nodes explored, relaxation 1.00e+00, total elapsed time 435s
MinRel: 18863 nodes explored, relaxation 1.00e+00, total elapsed time 440s
MinRel: 19988 nodes explored, relaxation 1.00e+00, total elapsed time 445s
MinRel: 20994 nodes explored, relaxation 1.00e+00, total elapsed time 450s
MinRel: 21690 nodes explored, relaxation 1.00e+00, total elapsed time 455s
MinRel: 22566 nodes explored, relaxation 1.00e+00, total elapsed time 460s
MinRel: 23397 nodes explored, relaxation 1.00e+00, total elapsed time 465s
MinRel: 24364 nodes explored, relaxation 1.00e+00, total elapsed time 470s
MinRel: 25491 nodes explored, relaxation 1.00e+00, total elapsed time 475s
MinRel: 26064 nodes explored, relaxation 1.00e+00, total elapsed time 480s
MinRel: 27137 nodes explored, relaxation 1.00e+00, total elapsed time 485s
MinRel: 27979 nodes explored, relaxation 1.00e+00, total elapsed time 490s
MinRel: 28881 nodes explored, relaxation 1.00e+00, total elapsed time 495s
MinRel: 29585 nodes explored, relaxation 1.00e+00, total elapsed time 500s
MinRel: 30601 nodes explored, relaxation 1.00e+00, total elapsed time 505s
MinRel: 31672 nodes explored, relaxation 1.00e+00, total elapsed time 510s
MinRel: 32719 nodes explored, relaxation 1.00e+00, total elapsed time 515s
MinRel: 33621 nodes explored, relaxation 1.00e+00, total elapsed time 520s
MinRel: 34410 nodes explored, relaxation 1.00e+00, total elapsed time 525s
MinRel: 35397 nodes explored, relaxation 1.00e+00, total elapsed time 530s
MinRel: 36045 nodes explored, relaxation 1.00e+00, total elapsed time 535s
MinRel: 37052 nodes explored, relaxation 1.00e+00, total elapsed time 540s
MinRel: 38045 nodes explored, relaxation 1.00e+00, total elapsed time 545s
MinRel: 38941 nodes explored, relaxation 1.00e+00, total elapsed time 550s
MinRel: 39907 nodes explored, relaxation 1.00e+00, total elapsed time 555s
MinRel: 40200 nodes explored, relaxation 1.00e+00, total elapsed time 560s
MinRel: 41217 nodes explored, relaxation 1.00e+00, total elapsed time 565s
MinRel: 42300 nodes explored, relaxation 1.00e+00, total elapsed time 570s
MinRel: 43210 nodes explored, relaxation 1.00e+00, total elapsed time 575s
MinRel: 44258 nodes explored, relaxation 1.00e+00, total elapsed time 580s
MinRel: 45097 nodes explored, relaxation 1.00e+00, total elapsed time 585s
MinRel: 45970 nodes explored, relaxation 1.00e+00, total elapsed time 590s
MinRel: 46782 nodes explored, relaxation 1.00e+00, total elapsed time 595s
MinRel: 47713 nodes explored, relaxation 1.00e+00, total elapsed time 600s
No solution found by MinRel heuristic

Explored 51012 nodes (7885939 simplex iterations) in 600.01 seconds (866.51 work units)
Thread count was 1 (of 16 available processors)

Solution count 0

Time limit reached
Best objective -, best bound 0.000000000000e+00, gap -
