EXPLICIT_DEVICE_REQUEST gpu NVIDIA GeForce RTX 4060 Laptop GPU GPU index0; OpenCL platform0/device0 for D1
1 warning generated.
1 warning generated.
1 warning generated.
1 warning generated.
1 warning generated.
1 warning generated.
1 warning generated.
1 warning generated.
1 warning generated.
1 warning generated.
1 warning generated.
1 warning generated.
1 warning generated.
1 warning generated.
1 warning generated.
1 warning generated.
1 warning generated.
1 warning generated.
1 warning generated.
1 warning generated.
1 warning generated.
1 warning generated.
1 warning generated.
1 warning generated.
1 warning generated.
1 warning generated.
1 warning generated.
1 warning generated.
1 warning generated.
1 warning generated.
1 warning generated.
1 warning generated.
1 warning generated.
[LightGBM] [Info] Number of positive: 575081, number of negative: 2684869
[LightGBM] [Info] This is the GPU trainer!!
[LightGBM] [Info] Total Bins 1672
[LightGBM] [Info] Number of data points in the train set: 3259950, number of used features: 28
[LightGBM] [Info] Using requested OpenCL platform 0 device 0
[LightGBM] [Info] Using GPU Device: NVIDIA GeForce RTX 4060 Laptop GPU, Vendor: NVIDIA Corporation
[LightGBM] [Info] Compiling OpenCL Kernel with 256 bins...
[LightGBM] [Info] GPU programs have been built
[LightGBM] [Info] Size of histogram bin entry: 8
[LightGBM] [Info] 22 dense feature groups (74.61 MB) transferred to GPU in 0.079084 secs. 1 sparse feature groups
[LightGBM] [Info] [binary:BoostFromScore]: pavg=0.176408 -> initscore=-1.540876
[LightGBM] [Info] Start training from score -1.540876
TRAINING_SECONDS 23.66663300001528
