
Gurobi 13.0.2 (win64) logging started Mon Oct  5 23:43:03 2026

Set parameter LogFile to value "C:\v42_m1_accel_vnext\docs\v42_m1_accel_vnext\FINAL\PR152\TRUE_RMP.log"
Gurobi Optimizer version 13.0.2 build v13.0.2rc1 (win64 - Windows 11+.0 (26200.2))

CPU model: 13th Gen Intel(R) Core(TM) i7-13620H, instruction set [SSE2|AVX|AVX2]
Thread count: 10 physical cores, 16 logical processors, using up to 1 threads

Non-default parameters:
TimeLimit  120
FeasibilityTol  1e-08
IntFeasTol  1e-08
OptimalityTol  1e-08
Method  2
LPWarmStart  0
BarConvTol  1e-11
Crossover  1
PreDual  0
LogToConsole  0
Seed  20260929
Threads  1

Optimize a model with 679959 rows, 82836 columns and 7435165 nonzeros (Min)
Model fingerprint: 0x5d090212
Model has 1 linear objective coefficients
Coefficient statistics:
  Matrix range     [1e-13, 4e+02]
  Objective range  [1e+00, 1e+00]
  Bounds range     [1e+00, 1e+00]
  RHS range        [2e-24, 2e+03]
Warning: Model contains large matrix coefficient range
         Consider reformulating model or setting NumericFocus parameter
         to avoid numerical issues.

Presolve time: 2.33s
Presolved: 176404 rows, 59597 columns, 2530512 nonzeros

Ordering time: 1.96s

Barrier statistics:
 Dense cols : 3680
 AA' NZ     : 3.468e+06
 Factor NZ  : 1.218e+07 (roughly 200 MB of memory)
 Factor Ops : 1.787e+10 (less than 1 second per iteration)
 Threads    : 1

                  Objective                Residual
Iter       Primal          Dual         Primal    Dual     Compl     Time
   0   9.16915883e+03 -3.01332504e+06  2.99e+08 0.00e+00  1.17e+05     7s
   1   9.16940425e+03 -3.17134211e+06  2.99e+08 1.31e+02  1.17e+05     8s
   2   9.16945370e+03 -3.25365068e+06  2.99e+08 1.42e+02  1.17e+05     8s
   3   9.17174825e+03 -3.40466188e+06  2.99e+08 1.57e+02  1.17e+05     9s
   4   9.17149800e+03 -3.40371778e+06  2.99e+08 1.57e+02  1.17e+05    10s
   5   9.17151948e+03 -3.40140815e+06  2.99e+08 1.65e+02  1.17e+05    10s
   6   9.17210641e+03 -3.55274839e+06  2.99e+08 1.71e+02  1.18e+05    11s
   7   9.17167366e+03 -3.53455587e+06  2.99e+08 2.04e+02  1.18e+05    12s
   8   9.17164838e+03 -3.54372527e+06  2.99e+08 2.20e+02  1.18e+05    12s
   9   9.17169880e+03 -3.54382263e+06  2.99e+08 2.19e+02  1.18e+05    13s
  10   9.17184781e+03 -3.60863607e+06  2.99e+08 2.15e+02  1.18e+05    14s
  11   9.17249528e+03 -3.60078684e+06  2.99e+08 2.15e+02  1.18e+05    15s
  12   9.17254928e+03 -3.56296652e+06  2.99e+08 2.34e+02  1.17e+05    16s
  13   9.17258127e+03 -3.55959856e+06  2.99e+08 2.33e+02  1.17e+05    17s
  14   9.17256796e+03 -3.56012989e+06  2.99e+08 2.31e+02  1.17e+05    18s
  15   9.17263776e+03 -3.58282424e+06  2.99e+08 2.37e+02  1.17e+05    18s
  16   9.17245918e+03 -3.55653418e+06  2.99e+08 2.72e+02  1.17e+05    19s
  17   9.17245983e+03 -3.55847256e+06  2.99e+08 2.74e+02  1.17e+05    20s
  18   9.17243860e+03 -3.55723106e+06  2.99e+08 2.73e+02  1.17e+05    21s
  19   9.17254678e+03 -3.56357691e+06  2.99e+08 2.68e+02  1.17e+05    22s
  20   9.17267228e+03 -3.56240411e+06  2.99e+08 2.56e+02  1.17e+05    22s
  21   9.17270925e+03 -3.57057627e+06  2.99e+08 2.64e+02  1.17e+05    23s

Barrier performed 21 iterations in 23.17 seconds (28.40 work units)
Numerical trouble encountered

Model may be infeasible or unbounded.  Consider using the
homogeneous algorithm (through parameter 'BarHomogeneous')

Iteration    Objective       Primal Inf.    Dual Inf.      Time
       0    1.0000000e+00   1.686145e+06   5.692533e+10     25s
   26013    1.0000000e+00   1.493058e+05   9.855006e+09     25s
   31493    1.0000000e+00   4.181285e+03   1.115054e+10     30s
   32693    1.0000000e+00   4.157444e+02   1.033144e+09     35s
   33933    1.0000000e+00   3.806596e+01   1.021331e+08     40s
   35273    1.0000000e+00   1.489582e+01   2.635541e+09     45s
   36493    5.7584271e-01   0.000000e+00   1.166779e+00     50s
Crossover changed status from Numeric to Optimal
   37432    5.7411577e-01   0.000000e+00   0.000000e+00     55s

Solved in 37432 iterations and 55.44 seconds (102.67 work units)
Optimal objective  5.741157686e-01
