
Gurobi 13.0.2 (win64) logging started Thu Oct  8 11:21:41 2026

Set parameter LogFile to value "D:\v42_m1_joint_formulation_20261008\docs\v42_m1_joint_formulation_20261008\runs\ORIGINAL\NATIVE_SOLVER.log"
Gurobi Optimizer version 13.0.2 build v13.0.2rc1 (win64 - Windows 11+.0 (26200.2))

CPU model: 13th Gen Intel(R) Core(TM) i7-13620H, instruction set [SSE2|AVX|AVX2]
Thread count: 10 physical cores, 16 logical processors, using up to 1 threads

Non-default parameters:
TimeLimit  600
FeasibilityTol  1e-08
IntFeasTol  1e-08
MIPGap  0.005
OptimalityTol  1e-08
Method  2
Crossover  0
DegenMoves  0
MIPFocus  3
NodeMethod  1
LogToConsole  0
Seed  20260929
Threads  1

Optimize a model with 582808 rows, 306040 columns and 5351612 nonzeros (Min)
Model fingerprint: 0xd42c9e85
Model has 1 linear objective coefficients
Coefficient statistics:
  Matrix range     [1e-13, 4e+02]
  Objective range  [1e+00, 1e+00]
  Bounds range     [3e-08, 2e+03]
  RHS range        [2e-24, 2e+03]
Warning: Model contains large matrix coefficient range
         Consider reformulating model or setting NumericFocus parameter
         to avoid numerical issues.

Presolve removed 175553 rows and 27215 columns
Presolve time: 2.71s
Presolved: 407255 rows, 299112 columns, 4429517 nonzeros
Elapsed ordering time = 5s
Ordering time: 8.57s

Barrier statistics:
 Dense cols : 961
 AA' NZ     : 3.785e+07
 Factor NZ  : 5.717e+07 (roughly 700 MB of memory)
 Factor Ops : 3.116e+10 (roughly 2 seconds per iteration)
 Threads    : 1

                  Objective                Residual
Iter       Primal          Dual         Primal    Dual     Compl     Time
   0   1.27525633e+03 -5.00174915e+05  6.52e+07 7.87e-07  1.02e+04    21s
   1   1.70157837e+03 -3.67331838e+05  4.36e+07 6.07e-03  4.39e+03    24s
   2   4.60770117e+02 -2.61936372e+05  1.80e+07 4.92e-04  5.58e+03    28s
   3   3.63349000e+01 -1.04226608e+05  1.39e+06 9.09e-10  4.40e+02    31s
   4   8.09867475e-01 -5.80266838e+04  4.14e+03 7.23e-15  9.18e+00    35s
   5   7.50654444e-01 -1.17306359e+04  1.80e+03 1.65e-14  1.83e+00    39s
   6   7.19549876e-01 -7.60991405e+02  2.50e+02 2.60e-11  1.24e-01    43s
   7   7.23518524e-01 -2.61945450e+02  8.92e+01 7.53e-12  4.32e-02    47s
   8   7.26732034e-01 -9.79922104e+01  3.12e+01 2.61e-12  1.69e-02    52s
   9   7.33219353e-01 -3.00408164e+01  1.00e+01 2.15e-09  5.33e-03    56s
  10   7.26336328e-01 -2.70164732e+00  3.23e-01 1.15e-08  5.01e-04    61s
  11   6.80683205e-01 -1.04198214e+00  2.35e-01 7.79e-09  2.47e-04    64s
  12   6.31489383e-01 -4.31802308e-01  1.57e-01 1.45e-08  1.49e-04    68s
  13   6.31086833e-01 -7.50231191e-02  1.26e-01 1.44e-08  9.77e-05    72s
  14   6.17715782e-01  1.66182985e-01  9.66e-02 2.19e-08  6.16e-05    76s
  15   6.09738074e-01  2.96292738e-01  7.37e-02 1.66e-08  4.22e-05    80s
  16   6.02408312e-01  3.34170435e-01  5.65e-02 1.89e-08  3.59e-05    84s
  17   5.96277723e-01  3.82870181e-01  4.40e-02 2.67e-08  2.83e-05    87s
  18   5.89305556e-01  4.36098730e-01  3.14e-02 3.04e-08  2.01e-05    94s
  19   5.80596825e-01  4.80422141e-01  1.61e-02 2.50e-08  1.29e-05    98s
  20   5.76400453e-01  5.23218193e-01  1.08e-02 2.15e-08  6.56e-06   103s
  21   5.73753313e-01  5.46025856e-01  7.66e-03 1.56e-08  3.22e-06   107s
  22   5.71629395e-01  5.54992163e-01  4.98e-03 1.30e-08  1.83e-06   111s
  23   5.70854012e-01  5.61482134e-01  3.69e-03 1.05e-08  1.03e-06   115s
  24   5.70025290e-01  5.63152907e-01  2.35e-03 9.55e-09  7.54e-07   118s
  25   5.69643972e-01  5.65784363e-01  1.74e-03 7.14e-09  4.47e-07   124s
  26   5.69456501e-01  5.66854803e-01  1.35e-03 5.58e-09  3.19e-07   127s
  27   5.69194363e-01  5.67718421e-01  8.61e-04 6.02e-09  1.99e-07   132s
  28   5.69081506e-01  5.68327074e-01  6.53e-04 6.57e-09  1.24e-07   135s
  29   5.68957015e-01  5.68511088e-01  4.24e-04 6.70e-09  8.80e-08   139s
  30   5.68866691e-01  5.68765518e-01  2.54e-04 6.50e-09  4.91e-08   144s
  31   5.68826091e-01  5.68870952e-01  1.78e-04 6.13e-09  2.89e-08   148s
  32   5.68783906e-01  5.68920922e-01  9.52e-05 5.42e-09  1.41e-08   151s
  33   5.68765613e-01  5.68929631e-01  6.73e-05 5.11e-09  9.13e-09   155s
  34   5.68759113e-01  5.68926982e-01  5.65e-05 4.90e-09  5.38e-09   159s
  35   5.68752571e-01  5.68915433e-01  4.61e-05 5.14e-09  4.04e-09   162s
  36   5.68742390e-01  5.68920478e-01  3.09e-05 5.17e-09  2.92e-09   165s
  37   5.68740419e-01  5.68910814e-01  2.83e-05 5.35e-09  2.33e-09   168s
  38   5.68736214e-01  5.68913170e-01  2.28e-05 5.38e-09  1.86e-09   172s
  39   5.68734694e-01  5.68906529e-01  2.03e-05 5.37e-09  1.54e-09   175s
  40   5.68733700e-01  5.68893316e-01  1.86e-05 5.31e-09  1.36e-09   179s
  41   5.68733094e-01  5.68892985e-01  1.77e-05 5.31e-09  1.30e-09   183s
  42   5.68731091e-01  5.68881554e-01  1.46e-05 5.30e-09  1.03e-09   187s
  43   5.68729774e-01  5.68875890e-01  1.29e-05 5.28e-09  8.74e-10   191s
  44   5.68729469e-01  5.68854896e-01  1.23e-05 5.22e-09  7.83e-10   194s
  45   5.68725772e-01  5.68837203e-01  6.38e-06 5.23e-09  3.45e-10   199s
  46   5.68725628e-01  5.68814531e-01  6.17e-06 4.91e-09  3.37e-10   204s
  47   5.68725427e-01  5.68815917e-01  5.94e-06 4.93e-09  3.22e-10   208s
  48   5.68722700e-01  5.68813376e-01  2.54e-06 5.02e-09  1.48e-10   212s
  49   5.68722639e-01  5.68812667e-01  2.49e-06 5.04e-09  1.39e-10   215s
  50   5.68721276e-01  5.68798218e-01  1.23e-06 4.99e-09  8.38e-11   220s
  51   5.68721158e-01  5.68797345e-01  1.18e-06 5.01e-09  7.52e-11   224s
  52   5.68720696e-01  5.68796885e-01  8.93e-07 4.43e-09  5.85e-11   228s
  53   5.68719820e-01  5.68796331e-01  5.72e-07 4.09e-09  3.83e-11   232s
  54   5.68719160e-01  5.68795480e-01  3.99e-07 3.57e-09  2.64e-11   236s
  55   5.68718927e-01  5.68794294e-01  3.37e-07 3.47e-09  2.37e-11   241s
  56   5.68718248e-01  5.68792896e-01  2.15e-07 3.42e-09  1.53e-11   246s
  57   5.68717989e-01  5.68791661e-01  1.83e-07 3.39e-09  1.34e-11   249s
  58   5.68717796e-01  5.68790317e-01  1.52e-07 3.15e-09  1.16e-11   254s
  59   5.68717694e-01  5.68788473e-01  1.43e-07 3.14e-09  1.15e-11   258s
  60   5.68717296e-01  5.68786230e-01  9.08e-08 2.74e-09  8.40e-12   262s
  61   5.68716902e-01  5.68783889e-01  6.22e-08 2.42e-09  5.99e-12   266s
  62   5.68716830e-01  5.68783387e-01  5.89e-08 2.29e-09  5.71e-12   270s
  63   5.68716817e-01  5.68783352e-01  5.85e-08 2.28e-09  5.67e-12   274s
  64   5.68716811e-01  5.68783292e-01  5.83e-08 2.27e-09  5.66e-12   277s
  65   5.68716803e-01  5.68783271e-01  5.79e-08 2.26e-09  5.72e-12   281s
  66   5.68716788e-01  5.68783252e-01  5.72e-08 2.26e-09  5.63e-12   285s
  67   5.68716615e-01  5.68782251e-01  4.95e-08 1.91e-09  4.82e-12   290s
  68   5.68716530e-01  5.68781332e-01  4.54e-08 2.32e-09  4.80e-12   294s
  69   5.68716238e-01  5.68780919e-01  3.29e-08 2.52e-09  3.55e-12   298s
  70   5.68715987e-01  5.68780761e-01  2.52e-08 2.59e-09  2.77e-12   302s
  71   5.68715978e-01  5.68780637e-01  2.50e-08 2.65e-09  2.76e-12   306s
  72   5.68715918e-01  5.68780381e-01  2.37e-08 2.76e-09  2.64e-12   310s
  73   5.68715636e-01  5.68779063e-01  1.75e-08 3.03e-09  2.12e-12   315s
  74   5.68715254e-01  5.68778157e-01  1.43e-08 3.09e-09  1.76e-12   319s
  75   5.68715169e-01  5.68777608e-01  1.37e-08 3.13e-09  1.70e-12   323s
  76   5.68714437e-01  5.68776691e-01  8.83e-09 3.20e-09  2.05e-12   328s
  77   5.68714408e-01  5.68776485e-01  8.81e-09 3.21e-09  2.04e-12   332s
  78   5.68714093e-01  5.68775833e-01  6.79e-09 3.24e-09  1.53e-12   336s
  79   5.68713999e-01  5.68775667e-01  5.78e-09 3.25e-09  1.44e-12   340s
  80   5.68713799e-01  5.68775592e-01  5.60e-09 3.25e-09  1.39e-12   346s
  81   5.68713757e-01  5.68775517e-01  5.56e-09 3.25e-09  1.41e-12   351s
  82   5.68713624e-01  5.68775335e-01  5.43e-09 3.25e-09  1.47e-12   356s
  83   5.68713603e-01  5.68775098e-01  5.43e-09 3.25e-09  1.53e-12   360s
  84   5.68713312e-01  5.68774806e-01  6.27e-09 3.25e-09  1.06e-12   364s
  85   5.68713209e-01  5.68774771e-01  6.15e-09 3.26e-09  1.04e-12   369s
  86   5.68713099e-01  5.68774515e-01  6.01e-09 3.26e-09  1.10e-12   374s
  87   5.68712714e-01  5.68774203e-01  5.22e-09 3.26e-09  9.70e-13   379s
  88   5.68712657e-01  5.68773852e-01  5.05e-09 3.24e-09  9.65e-13   383s
  89   5.68712587e-01  5.68773458e-01  4.98e-09 3.21e-09  9.64e-13   390s
  90   5.68712572e-01  5.68773448e-01  4.96e-09 3.21e-09  9.63e-13   395s
  91   5.68712563e-01  5.68773367e-01  4.95e-09 3.20e-09  9.64e-13   400s
  92   5.68712554e-01  5.68773286e-01  4.94e-09 3.20e-09  9.66e-13   405s
  93   5.68712400e-01  5.68772806e-01  4.80e-09 3.16e-09  9.41e-13   411s
  94   5.68712307e-01  5.68772040e-01  4.66e-09 3.10e-09  9.33e-13   417s
  95   5.68712112e-01  5.68771717e-01  4.56e-09 3.08e-09  8.73e-13   422s
  96   5.68712097e-01  5.68771646e-01  4.55e-09 3.07e-09  8.73e-13   428s
  97   5.68712097e-01  5.68771036e-01  4.55e-09 3.05e-09  8.81e-13   433s
  98   5.68712112e-01  5.68764470e-01  1.18e-08 2.74e-09  1.29e-12   439s
  99   5.68712105e-01  5.68761209e-01  1.08e-08 2.58e-09  1.27e-12   445s
 100   5.68712099e-01  5.68759839e-01  1.05e-08 2.51e-09  1.27e-12   452s
 101   5.68712079e-01  5.68758384e-01  9.75e-09 2.43e-09  1.15e-12   458s
 102   5.68712026e-01  5.68755461e-01  8.27e-09 2.31e-09  8.70e-13   464s
 103   5.68712017e-01  5.68754887e-01  8.07e-09 2.28e-09  8.46e-13   470s
 104   5.68712017e-01  5.68754940e-01  8.07e-09 2.30e-09  8.49e-13   474s
 105   5.68712012e-01  5.68754535e-01  7.93e-09 2.30e-09  8.41e-13   480s
 106   5.68711999e-01  5.68754029e-01  7.79e-09 2.31e-09  8.27e-13   485s
 107   5.68711996e-01  5.68753104e-01  7.75e-09 2.33e-09  8.33e-13   489s
 108   5.68711980e-01  5.68752887e-01  7.52e-09 2.33e-09  8.04e-13   493s
 109   5.68711980e-01  5.68752646e-01  7.52e-09 2.33e-09  8.06e-13   498s
 110   5.68711970e-01  5.68751591e-01  7.39e-09 2.35e-09  8.02e-13   502s
 111   5.68711967e-01  5.68750965e-01  7.33e-09 2.36e-09  8.02e-13   506s
 112   5.68711943e-01  5.68749624e-01  7.01e-09 2.37e-09  7.73e-13   511s

Barrier solved model in 112 iterations and 511.48 seconds (478.45 work units)
Optimal objective 5.68711943e-01


User-callback calls 16523, time in user-callback 0.20 sec
