
Gurobi 13.0.2 (win64) logging started Mon Oct  5 22:44:15 2026

Set parameter LogFile to value "C:\v42_m1_accel_vnext\docs\v42_m1_accel_vnext\01_cold_2.log"
Gurobi Optimizer version 13.0.2 build v13.0.2rc1 (win64 - Windows 11+.0 (26200.2))

CPU model: 13th Gen Intel(R) Core(TM) i7-13620H, instruction set [SSE2|AVX|AVX2]
Thread count: 10 physical cores, 16 logical processors, using up to 1 threads

Non-default parameters:
TimeLimit  90
FeasibilityTol  1e-08
IntFeasTol  1e-08
OptimalityTol  1e-08
Method  2
LPWarmStart  0
BarConvTol  1e-11
Crossover  1
PreDual  0
LogToConsole  0
Seed  20260929
Threads  1

Optimize a model with 679959 rows, 82831 columns and 7432775 nonzeros (Min)
Model fingerprint: 0xee8a6d77
Model has 1 linear objective coefficients
Coefficient statistics:
  Matrix range     [1e-13, 4e+02]
  Objective range  [1e+00, 1e+00]
  Bounds range     [1e+00, 1e+00]
  RHS range        [2e-24, 2e+03]
Warning: Model contains large matrix coefficient range
         Consider reformulating model or setting NumericFocus parameter
         to avoid numerical issues.

Presolve time: 2.20s
Presolved: 176195 rows, 59536 columns, 2526200 nonzeros

Ordering time: 1.29s

Barrier statistics:
 Dense cols : 3671
 AA' NZ     : 3.458e+06
 Factor NZ  : 1.207e+07 (roughly 200 MB of memory)
 Factor Ops : 1.763e+10 (less than 1 second per iteration)
 Threads    : 1

                  Objective                Residual
Iter       Primal          Dual         Primal    Dual     Compl     Time
   0   7.30237585e+03 -2.98278659e+06  2.38e+08 0.00e+00  9.29e+04     6s
   1   7.30208159e+03 -3.01978086e+06  2.38e+08 2.24e+02  9.28e+04     6s
   2   7.30209742e+03 -3.03911231e+06  2.38e+08 2.30e+02  9.29e+04     7s
   3   7.30251459e+03 -3.06220148e+06  2.38e+08 2.37e+02  9.29e+04     8s
   4   7.30268431e+03 -3.08769202e+06  2.38e+08 2.41e+02  9.29e+04     8s
   5   7.30316782e+03 -3.14985481e+06  2.38e+08 2.38e+02  9.29e+04     9s
   6   7.30306732e+03 -3.15173525e+06  2.38e+08 3.51e+02  9.29e+04     9s
   7   7.30306502e+03 -3.18139471e+06  2.38e+08 3.80e+02  9.29e+04    10s
   8   7.30344901e+03 -3.22700488e+06  2.38e+08 4.04e+02  9.29e+04    11s
   9   7.30456055e+03 -3.28025193e+06  2.37e+08 3.70e+02  9.30e+04    11s
  10   7.30444930e+03 -3.28842776e+06  2.37e+08 4.16e+02  9.30e+04    12s
  11   7.30729950e+03 -3.31844916e+06  2.37e+08 3.99e+02  9.30e+04    12s
  12   7.30744737e+03 -3.24887722e+06  2.37e+08 3.86e+02  9.27e+04    13s
  13   7.30737271e+03 -3.24145394e+06  2.37e+08 3.82e+02  9.24e+04    13s
  14   7.30741284e+03 -3.23064352e+06  2.37e+08 3.91e+02  9.23e+04    14s
  15   7.30751519e+03 -3.24868305e+06  2.37e+08 3.90e+02  9.22e+04    15s
  16   7.30751634e+03 -3.25171291e+06  2.37e+08 3.91e+02  9.21e+04    15s
  17   7.30987770e+03 -3.35500351e+06  2.37e+08 3.53e+02  9.21e+04    16s
  18   7.31074294e+03 -3.39183836e+06  2.37e+08 3.65e+02  9.21e+04    16s
  19   7.31099878e+03 -3.38994357e+06  2.37e+08 3.66e+02  9.21e+04    17s
  20   7.31128755e+03 -3.43522885e+06  2.37e+08 3.86e+02  9.21e+04    17s
  21   7.31121656e+03 -3.42942724e+06  2.37e+08 3.80e+02  9.21e+04    18s

Barrier performed 21 iterations in 17.77 seconds (27.98 work units)
Numerical trouble encountered

Model may be infeasible or unbounded.  Consider using the
homogeneous algorithm (through parameter 'BarHomogeneous')

Iteration    Objective       Primal Inf.    Dual Inf.      Time
       0    1.0000000e+00   1.679485e+06   5.678383e+10     19s
   26223    1.0000000e+00   1.665947e+05   2.248222e+10     20s
   31623    1.0000000e+00   1.733406e+03   1.018221e+09     25s
   33103    1.0000000e+00   1.500760e+02   9.974092e+08     30s
   34903    1.0000000e+00   8.054852e+00   6.544631e+08     35s
   36383    5.7439124e-01   0.000000e+00   2.796306e+00     40s
Crossover changed status from Numeric to Optimal
   36838    5.7411633e-01   0.000000e+00   0.000000e+00     42s

Solved in 36838 iterations and 42.28 seconds (103.94 work units)
Optimal objective  5.741163264e-01
