
Gurobi 13.0.2 (win64) logging started Mon Oct  5 22:43:10 2026

Set parameter LogFile to value "C:\v42_m1_accel_vnext\docs\v42_m1_accel_vnext\01_cold_1.log"
Gurobi Optimizer version 13.0.2 build v13.0.2rc1 (win64 - Windows 11+.0 (26200.2))

CPU model: 13th Gen Intel(R) Core(TM) i7-13620H, instruction set [SSE2|AVX|AVX2]
Thread count: 10 physical cores, 16 logical processors, using up to 1 threads

Non-default parameters:
TimeLimit  90
FeasibilityTol  1e-08
IntFeasTol  1e-08
OptimalityTol  1e-08
Method  2
LPWarmStart  0
BarConvTol  1e-11
Crossover  1
PreDual  0
LogToConsole  0
Seed  20260929
Threads  1

Optimize a model with 679959 rows, 82826 columns and 7429073 nonzeros (Min)
Model fingerprint: 0x7db460c4
Model has 1 linear objective coefficients
Coefficient statistics:
  Matrix range     [1e-13, 4e+02]
  Objective range  [1e+00, 1e+00]
  Bounds range     [1e+00, 1e+00]
  RHS range        [2e-24, 2e+03]
Warning: Model contains large matrix coefficient range
         Consider reformulating model or setting NumericFocus parameter
         to avoid numerical issues.

Presolve time: 2.34s
Presolved: 176139 rows, 59493 columns, 2521681 nonzeros

Ordering time: 1.40s

Barrier statistics:
 Dense cols : 3665
 AA' NZ     : 3.452e+06
 Factor NZ  : 1.199e+07 (roughly 200 MB of memory)
 Factor Ops : 1.719e+10 (less than 1 second per iteration)
 Threads    : 1

                  Objective                Residual
Iter       Primal          Dual         Primal    Dual     Compl     Time
   0   7.29670403e+03 -2.98252568e+06  2.36e+08 0.00e+00  9.28e+04     7s
   1   7.29714466e+03 -3.07426195e+06  2.36e+08 1.18e+02  9.29e+04     7s
   2   7.29781335e+03 -3.15525177e+06  2.36e+08 1.23e+02  9.30e+04     8s
   3   7.29800950e+03 -3.15856915e+06  2.36e+08 1.28e+02  9.30e+04     8s
   4   7.29828770e+03 -3.16851086e+06  2.36e+08 1.39e+02  9.30e+04     9s
   5   7.29826169e+03 -3.16840454e+06  2.36e+08 1.31e+02  9.30e+04    10s
   6   7.29823086e+03 -3.17755958e+06  2.36e+08 1.32e+02  9.31e+04    10s
   7   7.29859228e+03 -3.21956620e+06  2.36e+08 1.53e+02  9.32e+04    11s
   8   7.29840368e+03 -3.21148565e+06  2.36e+08 1.50e+02  9.32e+04    11s
   9   7.29834725e+03 -3.23396441e+06  2.36e+08 1.61e+02  9.32e+04    12s
  10   7.29846218e+03 -3.23944448e+06  2.36e+08 1.47e+02  9.32e+04    13s
  11   7.29852129e+03 -3.23885987e+06  2.36e+08 1.47e+02  9.32e+04    13s
  12   7.29892627e+03 -3.19273980e+06  2.36e+08 1.55e+02  9.28e+04    14s
  13   7.29887457e+03 -3.19736505e+06  2.36e+08 1.67e+02  9.27e+04    14s
  14   7.29890899e+03 -3.19991077e+06  2.36e+08 1.65e+02  9.25e+04    15s
  15   7.29886477e+03 -3.20097608e+06  2.36e+08 1.46e+02  9.25e+04    16s
  16   7.29895201e+03 -3.20847748e+06  2.36e+08 1.52e+02  9.24e+04    16s
  17   7.30028387e+03 -3.22372995e+06  2.36e+08 1.61e+02  9.25e+04    17s
  18   7.30243527e+03 -3.31693477e+06  2.36e+08 1.92e+02  9.26e+04    18s
  19   7.30241686e+03 -3.29121594e+06  2.36e+08 1.96e+02  9.25e+04    18s
  20   7.30249531e+03 -3.34930442e+06  2.36e+08 2.11e+02  9.26e+04    19s
  21   7.30271027e+03 -3.35527313e+06  2.36e+08 2.10e+02  9.26e+04    19s

Barrier performed 21 iterations in 19.46 seconds (27.80 work units)
Numerical trouble encountered

Model may be infeasible or unbounded.  Consider using the
homogeneous algorithm (through parameter 'BarHomogeneous')

Iteration    Objective       Primal Inf.    Dual Inf.      Time
       0    1.0000000e+00   1.690314e+06   5.678974e+10     21s
   31324    1.0000000e+00   3.701147e+03   2.037477e+09     25s
   32724    1.0000000e+00   1.895107e+02   2.428883e+08     31s
   34214    1.0000000e+00   3.810437e+01   2.129046e+08     35s
   35714    5.7555666e-01   0.000000e+00   5.103321e-01     40s
Crossover changed status from Numeric to Optimal
   36476    5.7412513e-01   0.000000e+00   0.000000e+00     44s

Solved in 36476 iterations and 44.09 seconds (95.54 work units)
Optimal objective  5.741251310e-01
