
Gurobi 13.0.2 (win64) logging started Mon Oct  5 22:46:01 2026

Set parameter LogFile to value "C:\v42_m1_accel_vnext\docs\v42_m1_accel_vnext\01_persistent_1.log"
Gurobi Optimizer version 13.0.2 build v13.0.2rc1 (win64 - Windows 11+.0 (26200.2))

CPU model: 13th Gen Intel(R) Core(TM) i7-13620H, instruction set [SSE2|AVX|AVX2]
Thread count: 10 physical cores, 16 logical processors, using up to 1 threads

Non-default parameters:
TimeLimit  90
FeasibilityTol  1e-08
IntFeasTol  1e-08
OptimalityTol  1e-08
Method  1
LPWarmStart  2
BarConvTol  1e-11
Crossover  1
PreDual  0
LogToConsole  0
Seed  20260929
Threads  1

Optimize a model with 679959 rows, 82826 columns and 7429073 nonzeros (Min)
Model has 1 linear objective coefficients
Coefficient statistics:
  Matrix range     [1e-13, 4e+02]
  Objective range  [1e+00, 1e+00]
  Bounds range     [1e+00, 1e+00]
  RHS range        [2e-24, 2e+03]
Warning: Model contains large matrix coefficient range
         Consider reformulating model or setting NumericFocus parameter
         to avoid numerical issues.

LP warm-start: use basis
Presolve time: 2.02s
Presolved: 176139 rows, 59493 columns, 2521681 nonzeros

LP warm-start: get start vectors from basis, then crush them
Dual warm-start: 1599 superbasic variables.
Iteration    Objective       Primal Inf.    Dual Inf.      Time
       0      handle free variables                          3s
   24271    5.7226806e-01   3.220862e+05   0.000000e+00      5s
   26381    3.5127243e+02   1.557227e+07   0.000000e+00     10s
   27581    7.9597220e+02   2.060426e+08   0.000000e+00     15s
   28511    1.1309988e+03   2.730189e+08   0.000000e+00     20s
   29321    1.3507734e+03   5.067672e+07   0.000000e+00     25s
   30141    1.5069653e+03   7.999246e+08   0.000000e+00     30s
   31121    1.5982853e+03   1.689611e+07   0.000000e+00     35s
   33361    1.6403145e+03   5.143820e+07   0.000000e+00     40s
   34841    1.6988633e+03   1.781721e+07   0.000000e+00     45s
   37171    1.7446226e+03   1.803828e+06   0.000000e+00     50s
   38691    1.7807047e+03   1.586073e+05   0.000000e+00     55s
   40181    1.8001608e+03   1.092198e-03   0.000000e+00     60s
   41808    5.7412642e-01   0.000000e+00   1.061491e-02     65s
   41832    5.7412513e-01   0.000000e+00   0.000000e+00     66s

Solved in 41832 iterations and 65.76 seconds (192.60 work units)
Optimal objective  5.741251310e-01
Set parameter Threads to value 1
Set parameter Method to value 2
Set parameter Crossover to value 1
Set parameter LPWarmStart to value 0
Set parameter PreDual to value 0
Set parameter BarConvTol to value 1e-11
Set parameter Seed to value 20260929
Set parameter FeasibilityTol to value 1e-08
Set parameter IntFeasTol to value 1e-08
Set parameter OptimalityTol to value 1e-08
Set parameter TimeLimit to value 90
Set parameter Method to value 1
Set parameter LPWarmStart to value 2
