
Gurobi 13.0.2 (win64) logging started Mon Oct  5 22:47:12 2026

Set parameter LogFile to value "C:\v42_m1_accel_vnext\docs\v42_m1_accel_vnext\01_persistent_2.log"
Gurobi Optimizer version 13.0.2 build v13.0.2rc1 (win64 - Windows 11+.0 (26200.2))

CPU model: 13th Gen Intel(R) Core(TM) i7-13620H, instruction set [SSE2|AVX|AVX2]
Thread count: 10 physical cores, 16 logical processors, using up to 1 threads

Non-default parameters:
TimeLimit  90
FeasibilityTol  1e-08
IntFeasTol  1e-08
OptimalityTol  1e-08
Method  1
LPWarmStart  2
BarConvTol  1e-11
Crossover  1
PreDual  0
LogToConsole  0
Seed  20260929
Threads  1

Optimize a model with 679959 rows, 82831 columns and 7432775 nonzeros (Min)
Model has 1 linear objective coefficients
Coefficient statistics:
  Matrix range     [1e-13, 4e+02]
  Objective range  [1e+00, 1e+00]
  Bounds range     [1e+00, 1e+00]
  RHS range        [2e-24, 2e+03]
Warning: Model contains large matrix coefficient range
         Consider reformulating model or setting NumericFocus parameter
         to avoid numerical issues.

LP warm-start: use basis
Presolve time: 1.90s
Presolved: 176195 rows, 59536 columns, 2526200 nonzeros

LP warm-start: get start vectors from basis, then crush them
Dual warm-start: 1603 superbasic variables.
Iteration    Objective       Primal Inf.    Dual Inf.      Time
       0      handle free variables                          3s
   24306    5.7447821e-01   3.188331e+05   0.000000e+00      5s
   26306    4.3318966e+02   3.746581e+07   0.000000e+00     10s
   27506    8.5964234e+02   1.550552e+09   0.000000e+00     15s
   28376    1.1113312e+03   2.182170e+07   0.000000e+00     20s
   29246    1.2365384e+03   5.068705e+06   0.000000e+00     25s
   30026    1.3627963e+03   8.347029e+07   0.000000e+00     30s
   30806    1.4733373e+03   1.588952e+08   0.000000e+00     35s
   31596    1.5327261e+03   8.823458e+07   0.000000e+00     40s
   32376    1.5966814e+03   2.523077e+07   0.000000e+00     45s
   33506    1.6449361e+03   1.407127e+09   0.000000e+00     50s
   36296    1.6615903e+03   2.163671e+08   0.000000e+00     55s
   37706    1.7036124e+03   1.574610e+06   0.000000e+00     60s
   39326    1.7336471e+03   3.355787e+05   0.000000e+00     65s
   40606    1.7571704e+03   4.895280e+04   0.000000e+00     70s
   42042    5.8243165e-01   0.000000e+00   2.255631e+01     75s
   43199    5.7411633e-01   0.000000e+00   0.000000e+00     80s

Solved in 43199 iterations and 79.51 seconds (229.81 work units)
Optimal objective  5.741163263e-01
