
Gurobi 13.0.2 (win64) logging started Thu Oct  8 16:37:14 2026

Set parameter LogFile to value "D:\v42_may12_p1_exact_rescue_20261008\docs\v42_may12_p1_exact_rescue_20261008\P1\S0\PRICE\B\3e9d365ab43c\NATIVE_SOLVER.log"
Set parameter TimeLimit to value 60
Gurobi Optimizer version 13.0.2 build v13.0.2rc1 (win64 - Windows 11+.0 (26200.2))

CPU model: 13th Gen Intel(R) Core(TM) i7-13620H, instruction set [SSE2|AVX|AVX2]
Thread count: 10 physical cores, 16 logical processors, using up to 1 threads

Non-default parameters:
TimeLimit  60
MIPGap  0.005
Method  2
MIPFocus  3
NodeMethod  1
LogToConsole  0
Seed  20260929
Threads  1

Optimize a model with 13949 rows, 14069 columns and 61987 nonzeros (Min)
Model fingerprint: 0xee79f88c
Model has 1509 linear objective coefficients
Coefficient statistics:
  Matrix range     [1e+00, 8e+04]
  Objective range  [3e-21, 8e-05]
  Bounds range     [2e+00, 2e+05]
  RHS range        [2e+00, 2e+05]

Presolve removed 5603 rows and 3358 columns
Presolve time: 0.02s
Presolved: 8346 rows, 10711 columns, 44064 nonzeros

Ordering time: 0.01s

Barrier statistics:
 Dense cols : 25
 AA' NZ     : 5.282e+04
 Factor NZ  : 2.038e+05 (roughly 10 MB of memory)
 Factor Ops : 8.016e+06 (less than 1 second per iteration)
 Threads    : 1

                  Objective                Residual
Iter       Primal          Dual         Primal    Dual     Compl     Time
   0  -9.06737671e-02 -5.62779740e+00  5.05e+03 0.00e+00  7.86e-01     0s
   1  -5.61834743e-02 -3.08927034e+00  3.13e+03 6.58e-07  3.95e-01     0s
   2  -8.45631268e-03 -2.15774242e+00  4.58e+02 5.71e-07  8.74e-02     0s
   3  -2.18197489e-03 -6.56950839e-01  1.16e+02 8.61e-07  2.24e-02     0s
   4  -7.94914463e-04 -1.66073335e-01  4.05e+01 1.32e-06  6.34e-03     0s
   5  -9.91837734e-05 -5.32314526e-02  3.45e+00 2.48e-06  1.31e-03     0s
   6  -3.79102458e-05 -9.09854599e-03  1.74e-01 2.60e-07  1.89e-04     0s
   7  -3.71399970e-05 -2.06529788e-03  4.05e-02 5.35e-08  4.13e-05     0s
   8  -4.37730058e-05 -7.28635731e-04  1.58e-02 1.73e-08  1.39e-05     0s
   9  -7.16791734e-05 -5.84233595e-04  6.73e-03 1.31e-08  1.03e-05     0s
  10  -8.25581885e-05 -4.75342130e-04  5.18e-03 9.58e-09  7.94e-06     0s
  11  -8.84221665e-05 -4.59347483e-04  4.68e-03 8.81e-09  7.50e-06     0s
  12  -1.04308239e-04 -3.68026110e-04  3.30e-03 6.11e-09  5.34e-06     0s
  13  -1.32383425e-04 -2.10090889e-04  1.00e-03 1.50e-09  1.58e-06     0s
  14  -1.43710705e-04 -1.74196675e-04  4.15e-04 5.05e-10  6.21e-07     0s
  15  -1.50128679e-04 -1.64153963e-04  1.78e-04 2.44e-10  2.86e-07     0s
  16  -1.54936097e-04 -1.57300365e-04  2.09e-05 4.53e-11  4.79e-08     0s
  17  -1.55599520e-04 -1.55998330e-04  3.35e-06 5.77e-12  8.08e-09     0s
  18  -1.55729203e-04 -1.55745489e-04  1.05e-07 4.06e-13  3.29e-10     0s
  19  -1.55735061e-04 -1.55735062e-04  7.52e-12 1.19e-15  1.58e-14     0s

Barrier solved model in 19 iterations and 0.13 seconds (0.19 work units)
Optimal objective -1.55735061e-04

Crossover log...

    4279 DPushes remaining with DInf 0.0000000e+00                 0s
       0 DPushes remaining with DInf 0.0000000e+00                 0s

    1759 PPushes remaining with PInf 0.0000000e+00                 0s
       0 PPushes remaining with PInf 0.0000000e+00                 0s

  Push phase complete: Pinf 0.0000000e+00, Dinf 3.1539875e-14      0s

Crossover time: 0.05 seconds (0.05 work units)
Iteration    Objective       Primal Inf.    Dual Inf.      Time
    5325   -1.5573506e-04   0.000000e+00   0.000000e+00      0s

Solved in 5325 iterations and 0.19 seconds (0.24 work units)
Optimal objective -1.557350615e-04

User-callback calls 6308, time in user-callback 0.03 sec
