
Gurobi 13.0.2 (win64) logging started Thu Oct  8 06:19:59 2026

Set parameter LogFile to value "C:\v42_m1_exact_solver_redesign_20261008\docs\v42_m_practical_exact_solver_overnight_20261008\external_production\external_nodes\0007\LP.log"
Gurobi Optimizer version 13.0.2 build v13.0.2rc1 (win64 - Windows 11+.0 (26200.2))

CPU model: 13th Gen Intel(R) Core(TM) i7-13620H, instruction set [SSE2|AVX|AVX2]
Thread count: 10 physical cores, 16 logical processors, using up to 1 threads

Non-default parameters:
TimeLimit  900
FeasibilityTol  1e-08
IntFeasTol  1e-08
MIPGap  0.005
OptimalityTol  1e-08
Method  2
LPWarmStart  0
Crossover  0
DegenMoves  0
MIPFocus  3
NodeMethod  1
LogToConsole  0
Seed  20260929
Threads  1

Optimize a model with 582808 rows, 306040 columns and 5351612 nonzeros (Min)
Model fingerprint: 0xfb87d5ed
Model has 1 linear objective coefficients
Coefficient statistics:
  Matrix range     [1e-13, 4e+02]
  Objective range  [1e+00, 1e+00]
  Bounds range     [3e-08, 2e+03]
  RHS range        [2e-24, 2e+03]
Warning: Model contains large matrix coefficient range
         Consider reformulating model or setting NumericFocus parameter
         to avoid numerical issues.

Presolve removed 175698 rows and 27327 columns
Presolve time: 2.08s
Presolved: 407110 rows, 299000 columns, 4428609 nonzeros
Elapsed ordering time = 5s
Ordering time: 5.59s

Barrier statistics:
 Dense cols : 866
 AA' NZ     : 3.908e+07
 Factor NZ  : 5.838e+07 (roughly 800 MB of memory)
 Factor Ops : 3.187e+10 (roughly 1 second per iteration)
 Threads    : 1

                  Objective                Residual
Iter       Primal          Dual         Primal    Dual     Compl     Time
   0   1.27525791e+03 -5.00169094e+05  6.52e+07 7.87e-07  1.02e+04    13s
   1   1.70158046e+03 -3.67293291e+05  4.36e+07 6.07e-03  4.38e+03    14s
   2   4.60418579e+02 -2.61899977e+05  1.80e+07 4.91e-04  5.58e+03    16s
   3   3.63017218e+01 -1.04223357e+05  1.39e+06 6.98e-10  4.40e+02    18s
   4   8.09966644e-01 -5.80262819e+04  4.17e+03 7.55e-15  9.19e+00    20s
   5   7.55223687e-01 -1.39070253e+04  2.00e+03 3.09e-11  2.17e+00    22s
   6   7.20100565e-01 -8.69817211e+02  2.60e+02 1.74e-14  1.40e-01    24s
   7   7.23431308e-01 -3.34380229e+02  8.94e+01 1.90e-14  5.35e-02    26s
   8   7.26585065e-01 -1.14371330e+02  3.85e+01 1.42e-14  1.97e-02    28s
   9   7.31005007e-01 -3.92830971e+01  1.32e+01 2.16e-09  6.97e-03    31s
  10   7.30078970e-01 -4.13198500e+00  7.28e-01 1.18e-08  7.40e-04    33s
  11   6.78628389e-01 -1.41590108e+00  4.13e-01 8.66e-09  3.07e-04    35s
  12   6.32596943e-01 -5.84815960e-01  2.74e-01 1.55e-08  1.74e-04    37s
  13   6.21866744e-01 -2.25260989e-01  2.26e-01 1.62e-08  1.19e-04    39s
  14   6.08863879e-01  2.04504627e-01  1.19e-01 2.70e-08  5.52e-05    42s
  15   6.03668510e-01  3.17619005e-01  9.88e-02 3.08e-08  3.86e-05    43s
  16   5.92574996e-01  4.14764053e-01  6.35e-02 3.56e-08  2.36e-05    46s
  17   5.81398372e-01  4.68645900e-01  2.97e-02 3.03e-08  1.47e-05    48s
  18   5.79374702e-01  4.98601332e-01  2.44e-02 2.42e-08  1.04e-05    50s
  19   5.75639825e-01  5.35130818e-01  1.66e-02 1.33e-08  4.95e-06    52s
  20   5.73635419e-01  5.44923712e-01  1.23e-02 1.24e-08  3.42e-06    54s
  21   5.71162529e-01  5.56498630e-01  6.23e-03 8.03e-09  1.72e-06    57s
  22   5.70186794e-01  5.61979710e-01  3.69e-03 7.26e-09  9.57e-07    59s
  23   5.69844174e-01  5.63803721e-01  2.80e-03 6.49e-09  7.12e-07    61s
  24   5.69500218e-01  5.66061039e-01  1.92e-03 5.48e-09  4.33e-07    63s
  25   5.69337659e-01  5.66789184e-01  1.48e-03 5.07e-09  3.34e-07    65s
  26   5.69154714e-01  5.67463954e-01  1.03e-03 5.78e-09  2.38e-07    67s
  27   5.69074375e-01  5.67875116e-01  8.26e-04 5.96e-09  1.83e-07    68s
  28   5.69025633e-01  5.67994997e-01  7.10e-04 6.02e-09  1.64e-07    70s
  29   5.68952639e-01  5.68155557e-01  5.21e-04 6.06e-09  1.36e-07    72s
  30   5.68881013e-01  5.68445112e-01  3.39e-04 5.99e-09  9.36e-08    73s
  31   5.68829280e-01  5.68689515e-01  2.16e-04 5.73e-09  5.71e-08    75s
  32   5.68812658e-01  5.68794662e-01  1.78e-04 5.46e-09  4.06e-08    76s
  33   5.68793292e-01  5.68865362e-01  1.37e-04 5.20e-09  2.79e-08    78s
  34   5.68771454e-01  5.68884971e-01  9.16e-05 5.04e-09  2.10e-08    80s
  35   5.68756058e-01  5.68925653e-01  6.39e-05 4.69e-09  1.21e-08    82s
  36   5.68747031e-01  5.68935407e-01  4.83e-05 4.45e-09  7.62e-09    84s
  37   5.68739394e-01  5.68940576e-01  3.52e-05 4.26e-09  5.82e-09    86s
  38   5.68736457e-01  5.68934726e-01  3.07e-05 4.32e-09  3.72e-09    88s
  39   5.68731424e-01  5.68906244e-01  2.02e-05 4.30e-09  2.41e-09    91s
  40   5.68730569e-01  5.68905486e-01  1.86e-05 4.31e-09  2.30e-09    93s
  41   5.68729906e-01  5.68896424e-01  1.73e-05 4.27e-09  2.05e-09    94s
  42   5.68727381e-01  5.68864846e-01  1.21e-05 4.26e-09  1.29e-09    97s
  43   5.68724146e-01  5.68854149e-01  5.98e-06 4.31e-09  7.83e-10    99s
  44   5.68723543e-01  5.68847901e-01  5.11e-06 4.27e-09  7.00e-10   102s
  45   5.68722993e-01  5.68839899e-01  4.46e-06 4.26e-09  4.77e-10   104s
  46   5.68721487e-01  5.68836035e-01  2.78e-06 4.25e-09  3.09e-10   105s
  47   5.68721105e-01  5.68835250e-01  2.47e-06 4.25e-09  2.82e-10   107s
  48   5.68719954e-01  5.68830701e-01  1.61e-06 4.23e-09  1.25e-10   109s
  49   5.68719618e-01  5.68820946e-01  1.39e-06 4.11e-09  9.52e-11   111s
  50   5.68719074e-01  5.68816710e-01  1.07e-06 4.08e-09  7.55e-11   113s
  51   5.68718306e-01  5.68804783e-01  6.90e-07 3.67e-09  4.35e-11   115s
  52   5.68718034e-01  5.68801765e-01  5.97e-07 3.65e-09  3.61e-11   117s
  53   5.68718000e-01  5.68801133e-01  5.87e-07 3.65e-09  3.50e-11   119s
  54   5.68717842e-01  5.68800397e-01  5.41e-07 3.64e-09  3.21e-11   120s
  55   5.68717653e-01  5.68798754e-01  4.88e-07 3.59e-09  2.79e-11   123s
  56   5.68717513e-01  5.68797709e-01  4.52e-07 3.52e-09  2.57e-11   125s
  57   5.68717403e-01  5.68795842e-01  4.05e-07 3.35e-09  2.28e-11   127s
  58   5.68717316e-01  5.68795061e-01  3.80e-07 3.29e-09  2.14e-11   129s
  59   5.68717057e-01  5.68789630e-01  3.02e-07 3.29e-09  1.83e-11   132s
  60   5.68716911e-01  5.68788045e-01  2.69e-07 3.25e-09  1.60e-11   133s
  61   5.68716884e-01  5.68787590e-01  2.64e-07 3.22e-09  1.57e-11   135s
  62   5.68716505e-01  5.68785945e-01  1.74e-07 2.67e-09  1.16e-11   137s
  63   5.68716367e-01  5.68782962e-01  1.52e-07 2.13e-09  9.94e-12   139s
  64   5.68716227e-01  5.68782778e-01  1.33e-07 2.10e-09  8.92e-12   141s
  65   5.68716193e-01  5.68781632e-01  1.28e-07 2.42e-09  8.08e-12   143s
  66   5.68715886e-01  5.68780378e-01  9.16e-08 3.07e-09  5.59e-12   145s
  67   5.68715815e-01  5.68780260e-01  8.54e-08 3.10e-09  5.15e-12   146s
  68   5.68715757e-01  5.68780051e-01  8.07e-08 3.16e-09  4.68e-12   148s
  69   5.68715435e-01  5.68779983e-01  5.58e-08 3.21e-09  3.18e-12   150s
  70   5.68715363e-01  5.68779306e-01  5.10e-08 3.24e-09  3.18e-12   152s
  71   5.68714555e-01  5.68779595e-01  1.10e-08 3.26e-09  1.26e-12   154s
  72   5.68714544e-01  5.68779542e-01  1.10e-08 3.26e-09  1.28e-12   156s
  73   5.68714538e-01  5.68779328e-01  1.10e-08 3.27e-09  1.26e-12   158s
  74   5.68714012e-01  5.68778915e-01  8.68e-09 3.27e-09  1.09e-12   160s
  75   5.68713553e-01  5.68778530e-01  7.75e-09 3.29e-09  1.11e-12   164s
  76   5.68713517e-01  5.68777956e-01  7.64e-09 3.30e-09  1.02e-12   166s

Barrier solved model in 76 iterations and 166.16 seconds (313.81 work units)
Optimal objective 5.68715886e-01


User-callback calls 10654, time in user-callback 0.18 sec
Discarded solution information
Set parameter Method to value 2
Set parameter Crossover to value 0
Set parameter LPWarmStart to value 0
Set parameter NumericFocus to value 0
Set parameter DualReductions to value 1
Set parameter InfUnbdInfo to value 0
Set parameter TimeLimit to value 900
