
Gurobi 13.0.2 (win64) logging started Wed Oct  7 00:57:07 2026

Set parameter LogFile to value "C:\v42_m1_ultracompact_exact_20261006\docs\v42_m1_ultracompact_exact_20261006\C3A_PRESOLVE.log"
Gurobi Optimizer version 13.0.2 build v13.0.2rc1 (win64 - Windows 11+.0 (26200.2))

CPU model: 13th Gen Intel(R) Core(TM) i7-13620H, instruction set [SSE2|AVX|AVX2]
Thread count: 10 physical cores, 16 logical processors, using up to 1 threads

Non-default parameters:
TimeLimit  1800
FeasibilityTol  1e-08
IntFeasTol  1e-08
MIPGap  0.005
OptimalityTol  1e-08
Method  2
Crossover  2
DegenMoves  0
MIPFocus  3
NodeMethod  1
LogToConsole  0
PreCrush  1
Seed  20260929
Threads  1

Presolve a model with 582808 rows, 306040 columns and 5351612 nonzeros (Min)
Model fingerprint: 0x443bbdbc
Model has 1 linear objective coefficients
Variable types: 296718 continuous, 9322 integer (9322 binary)
Coefficient statistics:
  Matrix range     [1e-13, 4e+02]
  Objective range  [1e+00, 1e+00]
  Bounds range     [3e-08, 2e+03]
  RHS range        [2e-24, 2e+03]
Warning: Model contains large matrix coefficient range
         Consider reformulating model or setting NumericFocus parameter
         to avoid numerical issues.
Presolve removed 174948 rows and 18337 columns (presolve time = 5s)...
Presolve removed 174952 rows and 18341 columns
Presolve time: 8.26s
