
Gurobi 13.0.2 (win64) logging started Thu Oct  8 16:26:34 2026

Set parameter LogFile to value "D:\v42_may12_p1_exact_rescue_20261008\docs\v42_may12_p1_exact_rescue_20261008\P1\S0\PRICE\B\02f54d0a6806\NATIVE_SOLVER.log"
Set parameter TimeLimit to value 60
Gurobi Optimizer version 13.0.2 build v13.0.2rc1 (win64 - Windows 11+.0 (26200.2))

CPU model: 13th Gen Intel(R) Core(TM) i7-13620H, instruction set [SSE2|AVX|AVX2]
Thread count: 10 physical cores, 16 logical processors, using up to 1 threads

Non-default parameters:
TimeLimit  60
MIPGap  0.005
Method  2
MIPFocus  3
NodeMethod  1
LogToConsole  0
Seed  20260929
Threads  1

Optimize a model with 13949 rows, 14069 columns and 61987 nonzeros (Min)
Model fingerprint: 0x6e2031a1
Model has 1509 linear objective coefficients
Coefficient statistics:
  Matrix range     [1e+00, 8e+04]
  Objective range  [3e-21, 8e-05]
  Bounds range     [1e+01, 9e+05]
  RHS range        [1e+01, 9e+05]

Presolve removed 5603 rows and 3358 columns
Presolve time: 0.02s
Presolved: 8346 rows, 10711 columns, 44064 nonzeros

Ordering time: 0.01s

Barrier statistics:
 Dense cols : 25
 AA' NZ     : 5.282e+04
 Factor NZ  : 2.038e+05 (roughly 10 MB of memory)
 Factor Ops : 8.016e+06 (less than 1 second per iteration)
 Threads    : 1

                  Objective                Residual
Iter       Primal          Dual         Primal    Dual     Compl     Time
   0  -5.44042603e-01 -3.37667844e+01  3.03e+04 0.00e+00  4.72e+00     0s
   1  -3.37100845e-01 -1.85356220e+01  1.88e+04 2.44e-07  2.37e+00     0s
   2  -5.07378698e-02 -1.29464512e+01  2.75e+03 8.71e-07  5.24e-01     0s
   3  -1.30918515e-02 -3.94170442e+00  6.93e+02 5.46e-07  1.34e-01     0s
   4  -4.76948496e-03 -9.96439826e-01  2.43e+02 2.20e-06  3.80e-02     0s
   5  -5.95102604e-04 -3.19389090e-01  2.07e+01 1.58e-06  7.84e-03     0s
   6  -2.27461490e-04 -5.45913401e-02  1.04e+00 5.95e-08  1.14e-03     0s
   7  -2.22840004e-04 -1.23917926e-02  2.43e-01 1.20e-08  2.48e-04     0s
   8  -2.62638074e-04 -4.37181811e-03  9.48e-02 3.89e-09  8.35e-05     0s
   9  -4.30075184e-04 -3.50540527e-03  4.04e-02 3.06e-09  6.21e-05     0s
  10  -4.95349237e-04 -2.85205514e-03  3.11e-02 2.41e-09  4.77e-05     0s
  11  -5.30533128e-04 -2.75608698e-03  2.81e-02 2.11e-09  4.50e-05     0s
  12  -6.25849418e-04 -2.20815775e-03  1.98e-02 1.50e-09  3.21e-05     0s
  13  -7.94300861e-04 -1.26054578e-03  6.01e-03 4.49e-10  9.48e-06     0s
  14  -8.62264369e-04 -1.04518031e-03  2.49e-03 1.86e-10  3.73e-06     0s
  15  -9.00772195e-04 -9.84923784e-04  1.07e-03 8.84e-11  1.71e-06     0s
  16  -9.29616698e-04 -9.43802179e-04  1.26e-04 4.41e-11  2.87e-07     0s
  17  -9.33597153e-04 -9.35990008e-04  2.01e-05 5.92e-12  4.85e-08     0s
  18  -9.34375650e-04 -9.34472916e-04  6.21e-07 1.55e-12  1.97e-09     0s
  19  -9.34410366e-04 -9.34410371e-04  3.99e-11 1.17e-13  9.24e-14     0s

Barrier solved model in 19 iterations and 0.13 seconds (0.19 work units)
Optimal objective -9.34410366e-04

Crossover log...

    4279 DPushes remaining with DInf 0.0000000e+00                 0s
       0 DPushes remaining with DInf 0.0000000e+00                 0s

    1759 PPushes remaining with PInf 0.0000000e+00                 0s
       0 PPushes remaining with PInf 0.0000000e+00                 0s

  Push phase complete: Pinf 0.0000000e+00, Dinf 2.5448393e-14      0s

Crossover time: 0.05 seconds (0.04 work units)
Iteration    Objective       Primal Inf.    Dual Inf.      Time
    5337   -9.3441037e-04   0.000000e+00   0.000000e+00      0s

Solved in 5337 iterations and 0.19 seconds (0.23 work units)
Optimal objective -9.344103687e-04

User-callback calls 6309, time in user-callback 0.03 sec
