FIT 2024-09-01 167 140
FIT 2024-09-02 167 140
FIT 2024-09-03 168 140
FIT 2024-09-04 169 140
FIT 2024-09-05 170 140
FIT 2024-09-06 170 140
FIT 2024-09-07 172 141
FIT 2024-09-08 173 144
FIT 2024-09-09 173 144
FIT 2024-09-10 175 145
FIT 2024-09-11 176 145
FIT 2024-09-12 176 145
FIT 2024-09-13 179 152
FIT 2024-09-14 179 152
FIT 2024-09-15 180 153
FIT 2024-09-16 181 153
FIT 2024-09-17 181 153
FIT 2024-09-18 182 158
FIT 2024-09-19 183 158
FIT 2024-09-20 184 159
FIT 2024-09-21 185 160
FIT 2024-09-22 185 160
FIT 2024-09-23 187 166
FIT 2024-09-24 188 168
FIT 2024-09-25 189 170
FIT 2024-09-26 190 172
FIT 2024-09-27 191 173
FIT 2024-09-28 192 175
FIT 2024-09-29 192 175
FIT 2024-09-30 193 177
FIT 2024-10-01 193 177
FIT 2024-10-02 199 197
FIT 2024-10-03 199 197
FIT 2024-10-04 200 197
FIT 2024-10-05 201 197
FIT 2024-10-06 202 197
FIT 2024-10-07 203 197
FIT 2024-10-08 204 197
FIT 2024-10-09 205 197
FIT 2024-10-10 206 197
FIT 2024-10-11 206 197
FIT 2024-10-12 206 197
FIT 2024-10-13 206 197
FIT 2024-10-14 206 197
FIT 2024-10-15 207 199
FIT 2024-10-16 207 199
FIT 2024-10-17 210 202
FIT 2024-10-18 210 202
FIT 2024-10-19 211 202
FIT 2024-10-20 212 202
FIT 2024-10-21 213 205
FIT 2024-10-22 213 205
FIT 2024-10-23 216 212
FIT 2024-10-24 219 215
FIT 2024-10-25 220 216
FIT 2024-10-26 220 216
FIT 2024-10-27 220 216
FIT 2024-10-28 220 216
FIT 2024-10-29 221 217
FIT 2024-10-30 221 217
FIT 2024-10-31 225 225
FIT 2024-11-01 227 225
FIT 2024-11-02 227 225
FIT 2024-11-03 227 225
FIT 2024-11-04 227 225
FIT 2024-11-05 227 225
FIT 2024-11-06 228 227
FIT 2024-11-07 231 228
FIT 2024-11-08 231 228
FIT 2024-11-09 232 229
FIT 2024-11-10 234 232
FIT 2024-11-11 234 232
FIT 2024-11-12 234 232
FIT 2024-11-13 234 232
FIT 2024-11-14 234 232
FIT 2024-11-15 234 232
FIT 2024-11-16 234 232
FIT 2024-11-17 236 234
FIT 2024-11-18 238 236
FIT 2024-11-19 238 236
FIT 2024-11-20 240 240
FIT 2024-11-21 241 244
FIT 2024-11-22 242 245
FIT 2024-11-23 244 247
FIT 2024-11-24 246 252
FIT 2024-11-25 246 252
FIT 2024-11-26 246 252
FIT 2024-11-27 249 256
FIT 2024-11-28 252 261
FIT 2024-11-29 254 264
FIT 2024-11-30 254 264
