
Gurobi 13.0.2 (win64) logging started Wed Oct  7 12:31:09 2026

Set parameter LogFile to value "C:\v42_b1_adaptive_prescreening_rescue_20261007\2025-05-19\S2_SUPPORT_SECOND_BATCH\LP_NATIVE.log"
Set parameter InfUnbdInfo to value 1
Set parameter DualReductions to value 0
Gurobi Optimizer version 13.0.2 build v13.0.2rc1 (win64 - Windows 11+.0 (26200.2))

CPU model: 13th Gen Intel(R) Core(TM) i7-13620H, instruction set [SSE2|AVX|AVX2]
Thread count: 10 physical cores, 16 logical processors, using up to 1 threads

Non-default parameters:
TimeLimit  600
MIPGap  0.005
Method  1
DualReductions  0
InfUnbdInfo  1
Seed  20260929
Threads  1

Optimize a model with 3734319 rows, 2739401 columns and 27748964 nonzeros (Min)
Model fingerprint: 0xa8d80202
Model has 0 linear objective coefficients
Coefficient statistics:
  Matrix range     [1e-13, 5e+06]
  Objective range  [0e+00, 0e+00]
  Bounds range     [1e+00, 5e+06]
  RHS range        [1e-07, 5e+06]
Warning: Model contains large matrix coefficient range
         Consider reformulating model or setting NumericFocus parameter
         to avoid numerical issues.

Presolve time: 5.34s
Presolved: 2670907 rows, 2569630 columns, 14361691 nonzeros

Iteration    Objective       Primal Inf.    Dual Inf.      Time
       0    0.0000000e+00   3.193047e+04   0.000000e+00      8s
Iteration    Objective       Primal Inf.    Dual Inf.      Time
   25284    0.0000000e+00   2.626955e+04   0.000000e+00     10s
   39114    6.5905358e-04   5.768307e+03   0.000000e+00     15s
Iteration    Objective       Primal Inf.    Dual Inf.      Time
   43525    0.0000000e+00   3.227223e+04   0.000000e+00     21s
   66980    1.4170991e-03   2.314085e+05   0.000000e+00     25s
Iteration    Objective       Primal Inf.    Dual Inf.      Time
   69137    0.0000000e+00   2.548268e+05   0.000000e+00     35s
   90788    3.2061973e-03   3.509676e+04   0.000000e+00     40s
  101093    4.1338263e-03   3.483761e+04   0.000000e+00     45s
  108391    4.6427329e-03   2.594960e+04   0.000000e+00     50s
  114740    5.1297819e-03   3.801892e+04   0.000000e+00     56s
  119275    5.6859364e-03   2.828702e+04   0.000000e+00     60s
  122816    7.6792547e-03   7.715475e+05   0.000000e+00     68s
  123504    8.4615195e-03   1.622539e+05   0.000000e+00     71s
  124398    9.1747441e-03   1.396840e+05   0.000000e+00     76s
  125958    1.0549652e-02   4.663484e+05   0.000000e+00     82s
  126705    1.0879826e-02   5.201817e+05   0.000000e+00     86s
  127155    1.1571950e-02   5.598289e+05   0.000000e+00     91s
  128585    1.2773400e-02   1.059416e+06   0.000000e+00     99s
  129465    5.5018392e-02   2.235776e+06   0.000000e+00    103s
  130372    1.2152616e-01   5.664857e+06   0.000000e+00    107s
  132186    2.9818918e-01   1.905504e+07   0.000000e+00    111s
  133694    2.2959639e+02   8.096629e+08   0.000000e+00    116s
  134983    1.2989269e+03   4.721516e+09   0.000000e+00    123s
  135138    6.4594195e+03   2.389690e+10   0.000000e+00    125s
  135682    8.1892574e+03   3.502732e+10   0.000000e+00    131s
  135975    8.1893182e+03   3.506899e+10   0.000000e+00    136s
  136244    8.1893491e+03   3.501729e+10   0.000000e+00    140s
  136506    8.1893608e+03   3.542967e+10   0.000000e+00    146s
  136807    8.1893755e+03   3.521872e+10   0.000000e+00    151s
  137164    8.1893802e+03   3.523363e+10   0.000000e+00    156s
  137453    8.1893963e+03   3.531132e+10   0.000000e+00    161s
  137759    8.1894110e+03   3.547211e+10   0.000000e+00    165s
  138082    8.1894182e+03   3.559586e+10   0.000000e+00    172s
  138231    8.1894230e+03   3.507705e+10   0.000000e+00    176s
  138414    8.1894250e+03   3.509502e+10   0.000000e+00    181s
  138617    8.1894277e+03   3.514505e+10   0.000000e+00    186s
  138695    8.1894297e+03   3.511002e+10   0.000000e+00    190s
  138935    8.1894303e+03   3.507341e+10   0.000000e+00    196s
  139247    8.1894310e+03   3.508416e+10   0.000000e+00    204s
  139328    8.1894313e+03   3.508382e+10   0.000000e+00    205s
  139625    8.1894349e+03   3.507036e+10   0.000000e+00    211s
  140007    8.1894361e+03   3.507434e+10   0.000000e+00    217s
  140230    8.1894409e+03   3.515264e+10   0.000000e+00    221s
  140568    8.1894467e+03   3.521358e+10   0.000000e+00    226s
  140735    8.1894502e+03   3.553764e+10   0.000000e+00    231s
  141048    8.1894540e+03   3.539467e+10   0.000000e+00    236s
  141404    8.1894637e+03   3.544650e+10   0.000000e+00    241s
  141632    8.1894654e+03   3.547433e+10   0.000000e+00    246s
  142186    8.1894782e+03   3.559040e+10   0.000000e+00    251s
Warning: very big Kappa = 5.01243e+15, try parameter NumericFocus

Solved in 142266 iterations and 251.98 seconds (595.26 work units)
Infeasible model
