
Gurobi 13.0.2 (win64) logging started Thu Oct  8 07:57:34 2026

Set parameter LogFile to value "C:\v42_m1_exact_solver_redesign_20261008\docs\v42_m_practical_exact_solver_overnight_20261008\external_production\external_nodes\0027\LP.log"
Gurobi Optimizer version 13.0.2 build v13.0.2rc1 (win64 - Windows 11+.0 (26200.2))

CPU model: 13th Gen Intel(R) Core(TM) i7-13620H, instruction set [SSE2|AVX|AVX2]
Thread count: 10 physical cores, 16 logical processors, using up to 1 threads

Non-default parameters:
TimeLimit  900
FeasibilityTol  1e-08
IntFeasTol  1e-08
MIPGap  0.005
OptimalityTol  1e-08
Method  2
LPWarmStart  0
Crossover  0
DegenMoves  0
MIPFocus  3
NodeMethod  1
LogToConsole  0
Seed  20260929
Threads  1

Optimize a model with 582808 rows, 306040 columns and 5351612 nonzeros (Min)
Model fingerprint: 0x26a11aa7
Model has 1 linear objective coefficients
Coefficient statistics:
  Matrix range     [1e-13, 4e+02]
  Objective range  [1e+00, 1e+00]
  Bounds range     [3e-08, 2e+03]
  RHS range        [2e-24, 2e+03]
Warning: Model contains large matrix coefficient range
         Consider reformulating model or setting NumericFocus parameter
         to avoid numerical issues.

Presolve removed 175693 rows and 27301 columns
Presolve time: 2.05s
Presolved: 407115 rows, 299026 columns, 4428744 nonzeros
Elapsed ordering time = 5s
Ordering time: 5.40s

Barrier statistics:
 Dense cols : 962
 AA' NZ     : 3.784e+07
 Factor NZ  : 5.721e+07 (roughly 700 MB of memory)
 Factor Ops : 3.127e+10 (roughly 1 second per iteration)
 Threads    : 1

                  Objective                Residual
Iter       Primal          Dual         Primal    Dual     Compl     Time
   0   1.27525733e+03 -5.00168724e+05  6.52e+07 7.87e-07  1.02e+04    13s
   1   1.70157983e+03 -3.67356039e+05  4.36e+07 6.07e-03  4.39e+03    14s
   2   4.60759658e+02 -2.61958703e+05  1.80e+07 4.92e-04  5.58e+03    16s
   3   3.63352749e+01 -1.04234307e+05  1.39e+06 1.01e-09  4.40e+02    17s
   4   8.16885750e-01 -5.80219056e+04  4.42e+03 8.35e-15  9.27e+00    19s
   5   7.49476080e-01 -9.53791704e+03  1.68e+03 2.07e-14  1.51e+00    21s
   6   7.21167181e-01 -6.31879578e+02  2.72e+02 2.37e-14  1.09e-01    23s
   7   7.25731230e-01 -2.08263665e+02  9.91e+01 2.66e-14  3.69e-02    25s
   8   7.28080326e-01 -8.27122436e+01  4.11e+01 2.46e-14  1.55e-02    27s
   9   7.34908990e-01 -2.39613600e+01  8.27e+00 1.70e-09  4.27e-03    30s
  10   7.11493792e-01 -2.31414133e+00  1.90e-01 1.35e-08  4.30e-04    32s
  11   6.76751311e-01 -1.17074249e+00  1.44e-01 7.79e-09  2.60e-04    34s
  12   6.29443508e-01 -5.19455521e-01  9.64e-02 1.21e-08  1.60e-04    36s
  13   6.12592029e-01 -3.97345809e-02  5.97e-02 4.71e-08  8.93e-05    38s
  14   6.03471288e-01  2.35841386e-01  3.55e-02 3.91e-08  4.96e-05    40s
  15   5.95349627e-01  3.55631559e-01  2.49e-02 3.33e-08  3.21e-05    42s
  16   5.90290812e-01  3.84308008e-01  1.82e-02 2.89e-08  2.75e-05    44s
  17   5.83494695e-01  4.78372013e-01  1.19e-02 2.19e-08  1.37e-05    47s
  18   5.78591582e-01  5.18537743e-01  7.43e-03 1.61e-08  7.59e-06    49s
  19   5.74658275e-01  5.47294846e-01  4.57e-03 1.45e-08  3.28e-06    51s
  20   5.72951091e-01  5.53750765e-01  3.30e-03 1.27e-08  2.25e-06    53s
  21   5.71708978e-01  5.58702953e-01  2.37e-03 9.94e-09  1.49e-06    55s
  22   5.71340810e-01  5.61003404e-01  2.07e-03 9.36e-09  1.18e-06    57s
  23   5.70680430e-01  5.62666260e-01  1.52e-03 9.49e-09  9.11e-07    59s
  24   5.70202835e-01  5.64057055e-01  1.11e-03 9.06e-09  6.98e-07    60s
  25   5.69875477e-01  5.65784709e-01  8.25e-04 8.49e-09  4.66e-07    62s
  26   5.69654561e-01  5.66380874e-01  6.28e-04 7.82e-09  3.74e-07    64s
  27   5.69521469e-01  5.67331517e-01  4.95e-04 6.22e-09  2.57e-07    66s
  28   5.69411529e-01  5.67654582e-01  3.92e-04 5.76e-09  2.09e-07    68s
  29   5.69381690e-01  5.67927473e-01  3.64e-04 5.68e-09  1.78e-07    69s
  30   5.69327613e-01  5.68110790e-01  3.11e-04 5.81e-09  1.53e-07    71s
  31   5.69258654e-01  5.68309441e-01  2.45e-04 5.88e-09  1.23e-07    73s
  32   5.69212791e-01  5.68587151e-01  2.03e-04 5.93e-09  8.92e-08    75s
  33   5.69152388e-01  5.68764615e-01  1.42e-04 6.02e-09  6.32e-08    76s
  34   5.69126452e-01  5.68868768e-01  1.19e-04 5.89e-09  4.95e-08    78s
  35   5.69072570e-01  5.69064089e-01  6.43e-05 5.28e-09  2.31e-08    81s
  36   5.69062436e-01  5.69091814e-01  5.50e-05 5.23e-09  1.90e-08    82s
  37   5.69046642e-01  5.69108327e-01  4.12e-05 5.14e-09  1.52e-08    84s
  38   5.69033830e-01  5.69124636e-01  3.04e-05 4.95e-09  1.12e-08    86s
  39   5.69010111e-01  5.69142314e-01  1.17e-05 5.19e-09  6.54e-09    88s
  40   5.69005958e-01  5.69157603e-01  9.26e-06 5.78e-09  3.48e-09    90s
  41   5.69005931e-01  5.69157781e-01  9.24e-06 5.79e-09  3.44e-09    92s
  42   5.69005467e-01  5.69157803e-01  8.99e-06 5.79e-09  3.39e-09    94s
  43   5.69001137e-01  5.69155846e-01  6.71e-06 5.71e-09  2.69e-09    95s
  44   5.68995796e-01  5.69147382e-01  4.22e-06 5.30e-09  2.02e-09    98s
  45   5.68997323e-01  5.69121649e-01  4.06e-06 3.61e-09  1.46e-09   100s
  46   5.68994992e-01  5.69121484e-01  3.11e-06 3.54e-09  9.19e-10   102s
  47   5.68994254e-01  5.69117133e-01  2.81e-06 3.49e-09  8.29e-10   104s
  48   5.68993578e-01  5.69108456e-01  2.54e-06 3.54e-09  7.65e-10   105s
  49   5.68992166e-01  5.69096831e-01  2.00e-06 3.08e-09  5.70e-10   107s
  50   5.68991194e-01  5.69087266e-01  1.66e-06 2.87e-09  4.45e-10   110s
  51   5.68990554e-01  5.69064685e-01  1.28e-06 3.00e-09  3.16e-10   112s
  52   5.68990080e-01  5.69067573e-01  1.04e-06 2.95e-09  2.77e-10   114s
  53   5.68989843e-01  5.69063734e-01  9.07e-07 2.89e-09  2.44e-10   116s
  54   5.68989147e-01  5.69046171e-01  5.00e-07 1.94e-09  1.23e-10   119s
  55   5.68988880e-01  5.69038527e-01  3.49e-07 1.84e-09  8.27e-11   120s
  56   5.68988792e-01  5.69038217e-01  3.28e-07 1.84e-09  7.99e-11   122s
  57   5.68988713e-01  5.69033779e-01  2.60e-07 1.21e-09  6.64e-11   124s
  58   5.68988665e-01  5.69030869e-01  2.07e-07 1.24e-09  4.99e-11   127s
  59   5.68988337e-01  5.69029314e-01  8.25e-08 1.25e-09  2.83e-11   129s
  60   5.68988165e-01  5.69028246e-01  4.83e-08 1.26e-09  2.03e-11   132s
  61   5.68988125e-01  5.69027422e-01  4.41e-08 1.24e-09  1.78e-11   133s
  62   5.68988074e-01  5.69024112e-01  4.12e-08 1.13e-09  1.59e-11   136s
  63   5.68987979e-01  5.69023957e-01  3.57e-08 1.13e-09  1.45e-11   137s
  64   5.68987926e-01  5.69023345e-01  3.07e-08 1.11e-09  1.30e-11   139s
  65   5.68987634e-01  5.69021565e-01  2.08e-07 1.06e-09  9.11e-12   141s
  66   5.68987573e-01  5.69020161e-01  1.72e-07 1.03e-09  7.24e-12   143s
  67   5.68987543e-01  5.69018835e-01  1.57e-07 9.99e-10  5.88e-12   145s
  68   5.68987538e-01  5.69018497e-01  1.55e-07 9.90e-10  5.57e-12   147s
  69   5.68987495e-01  5.69013745e-01  1.44e-07 9.87e-10  4.48e-12   150s
  70   5.68987478e-01  5.69013714e-01  1.39e-07 9.87e-10  4.36e-12   151s
  71   5.68987479e-01  5.69012213e-01  1.34e-07 9.59e-10  5.11e-12   153s
  72   5.68987461e-01  5.69011052e-01  1.23e-07 9.17e-10  4.64e-12   155s
  73   5.68987441e-01  5.69010248e-01  1.15e-07 9.13e-10  4.46e-12   157s
  74   5.68987390e-01  5.69008692e-01  9.58e-08 9.26e-10  3.67e-12   159s
  75   5.68987316e-01  5.69007885e-01  8.48e-08 9.32e-10  2.07e-12   161s
  76   5.68987221e-01  5.69006354e-01  5.54e-08 9.45e-10  1.37e-12   163s
  77   5.68987143e-01  5.69004701e-01  3.97e-08 9.39e-10  9.96e-13   165s
  78   5.68987109e-01  5.69004100e-01  3.64e-08 9.33e-10  9.56e-13   168s
  79   5.68987107e-01  5.69003231e-01  3.62e-08 9.42e-10  8.29e-13   170s
  80   5.68987077e-01  5.69002776e-01  3.24e-08 9.33e-10  7.55e-13   172s

Barrier solved model in 80 iterations and 171.70 seconds (323.28 work units)
Optimal objective 5.68987077e-01


User-callback calls 10898, time in user-callback 0.21 sec
Discarded solution information
Set parameter Method to value 2
Set parameter Crossover to value 0
Set parameter LPWarmStart to value 0
Set parameter NumericFocus to value 0
Set parameter DualReductions to value 1
Set parameter InfUnbdInfo to value 0
Set parameter TimeLimit to value 900
