
Gurobi 13.0.2 (win64) logging started Thu Oct  8 06:28:33 2026

Set parameter LogFile to value "C:\v42_m1_exact_solver_redesign_20261008\docs\v42_m_practical_exact_solver_overnight_20261008\external_production\external_nodes\0009\LP.log"
Gurobi Optimizer version 13.0.2 build v13.0.2rc1 (win64 - Windows 11+.0 (26200.2))

CPU model: 13th Gen Intel(R) Core(TM) i7-13620H, instruction set [SSE2|AVX|AVX2]
Thread count: 10 physical cores, 16 logical processors, using up to 1 threads

Non-default parameters:
TimeLimit  900
FeasibilityTol  1e-08
IntFeasTol  1e-08
MIPGap  0.005
OptimalityTol  1e-08
Method  2
LPWarmStart  0
Crossover  0
DegenMoves  0
MIPFocus  3
NodeMethod  1
LogToConsole  0
Seed  20260929
Threads  1

Optimize a model with 582808 rows, 306040 columns and 5351612 nonzeros (Min)
Model fingerprint: 0x95b3f6ca
Model has 1 linear objective coefficients
Coefficient statistics:
  Matrix range     [1e-13, 4e+02]
  Objective range  [1e+00, 1e+00]
  Bounds range     [3e-08, 2e+03]
  RHS range        [2e-24, 2e+03]
Warning: Model contains large matrix coefficient range
         Consider reformulating model or setting NumericFocus parameter
         to avoid numerical issues.

Presolve removed 175662 rows and 27270 columns
Presolve time: 2.02s
Presolved: 407146 rows, 299061 columns, 4428921 nonzeros
Elapsed ordering time = 5s
Ordering time: 5.57s

Barrier statistics:
 Dense cols : 961
 AA' NZ     : 3.785e+07
 Factor NZ  : 5.732e+07 (roughly 700 MB of memory)
 Factor Ops : 3.147e+10 (roughly 1 second per iteration)
 Threads    : 1

                  Objective                Residual
Iter       Primal          Dual         Primal    Dual     Compl     Time
   0   1.27525698e+03 -5.00178387e+05  6.52e+07 7.87e-07  1.02e+04    13s
   1   1.70157930e+03 -3.67331493e+05  4.36e+07 6.07e-03  4.39e+03    14s
   2   4.60735077e+02 -2.61935584e+05  1.80e+07 4.92e-04  5.58e+03    16s
   3   3.63322797e+01 -1.04226677e+05  1.39e+06 1.13e-10  4.40e+02    18s
   4   8.17055467e-01 -5.80257039e+04  4.43e+03 7.11e-15  9.27e+00    20s
   5   7.49500892e-01 -9.52725412e+03  1.68e+03 2.19e-14  1.51e+00    22s
   6   7.21224453e-01 -6.22155892e+02  2.77e+02 2.33e-14  1.07e-01    23s
   7   7.25344654e-01 -2.05688704e+02  9.93e+01 2.39e-14  3.64e-02    26s
   8   7.28661481e-01 -5.77618359e+01  3.84e+01 3.04e-14  1.17e-02    28s
   9   7.34039168e-01 -1.58270647e+01  6.88e+00 4.02e-09  2.94e-03    31s
  10   6.89926082e-01 -1.25951411e+00  2.46e-01 1.46e-08  2.84e-04    33s
  11   6.34843667e-01 -3.42359766e-01  1.54e-01 1.74e-08  1.38e-04    35s
  12   6.34163887e-01 -1.52921809e-01  1.35e-01 1.89e-08  1.11e-04    37s
  13   6.15537746e-01  1.34211265e-01  8.17e-02 2.91e-08  6.62e-05    39s
  14   6.06133543e-01  2.97687592e-01  5.34e-02 2.06e-08  4.18e-05    41s
  15   5.97780925e-01  3.78103298e-01  3.74e-02 2.37e-08  2.95e-05    43s
  16   5.94096834e-01  4.12796727e-01  3.18e-02 2.73e-08  2.42e-05    45s
  17   5.86767283e-01  4.48009492e-01  2.02e-02 2.92e-08  1.84e-05    47s
  18   5.85312530e-01  4.65006606e-01  1.82e-02 2.74e-08  1.58e-05    49s
  19   5.79064232e-01  5.12281541e-01  1.07e-02 1.91e-08  8.54e-06    51s
  20   5.76292556e-01  5.41559156e-01  8.16e-03 1.77e-08  4.26e-06    53s
  21   5.73257906e-01  5.52786413e-01  5.06e-03 1.20e-08  2.43e-06    55s
  22   5.71714773e-01  5.60703036e-01  3.35e-03 8.61e-09  1.25e-06    57s
  23   5.71019592e-01  5.62495339e-01  2.57e-03 8.77e-09  9.68e-07    58s
  24   5.70278241e-01  5.63736180e-01  1.70e-03 8.97e-09  7.32e-07    60s
  25   5.70219215e-01  5.64711719e-01  1.60e-03 8.64e-09  6.16e-07    62s
  26   5.69816984e-01  5.65454244e-01  1.11e-03 8.78e-09  4.85e-07    63s
  27   5.69687741e-01  5.66716667e-01  9.39e-04 7.63e-09  3.37e-07    65s
  28   5.69549522e-01  5.67533562e-01  7.56e-04 6.90e-09  2.36e-07    67s
  29   5.69488497e-01  5.67666826e-01  6.75e-04 6.77e-09  2.14e-07    68s
  30   5.69366739e-01  5.68191270e-01  5.19e-04 7.05e-09  1.48e-07    70s
  31   5.69317737e-01  5.68359573e-01  4.45e-04 7.18e-09  1.25e-07    72s
  32   5.69237182e-01  5.68614432e-01  3.27e-04 7.23e-09  9.11e-08    74s
  33   5.69201906e-01  5.68717374e-01  2.72e-04 7.03e-09  7.70e-08    75s
  34   5.69154923e-01  5.68803988e-01  2.09e-04 6.69e-09  6.22e-08    77s
  35   5.69089109e-01  5.68981766e-01  1.04e-04 4.99e-09  3.52e-08    80s
  36   5.69059531e-01  5.69108523e-01  6.41e-05 4.75e-09  1.92e-08    82s
  37   5.69044286e-01  5.69145789e-01  4.54e-05 4.48e-09  1.36e-08    84s
  38   5.69034724e-01  5.69183279e-01  3.51e-05 4.13e-09  7.97e-09    86s
  39   5.69026205e-01  5.69182459e-01  2.67e-05 3.98e-09  5.66e-09    88s
  40   5.69014091e-01  5.69187406e-01  1.47e-05 4.03e-09  2.66e-09    90s
  41   5.69007615e-01  5.69189382e-01  9.96e-06 3.89e-09  1.73e-09    93s
  42   5.69004160e-01  5.69187301e-01  7.98e-06 3.72e-09  1.37e-09    95s
  43   5.69001580e-01  5.69185354e-01  6.72e-06 4.12e-09  1.09e-09    97s
  44   5.69000628e-01  5.69175728e-01  6.20e-06 5.07e-09  8.68e-10    99s
  45   5.68996349e-01  5.69144791e-01  2.90e-06 4.87e-09  4.31e-10   102s
  46   5.68995396e-01  5.69140804e-01  2.51e-06 4.75e-09  3.68e-10   104s
  47   5.68994766e-01  5.69132410e-01  2.16e-06 4.16e-09  3.16e-10   105s
  48   5.68994767e-01  5.69129393e-01  2.16e-06 4.04e-09  3.09e-10   108s
  49   5.68993274e-01  5.69101924e-01  1.14e-06 2.81e-09  2.14e-10   110s
  50   5.68992222e-01  5.69087704e-01  6.88e-07 3.11e-09  9.48e-11   112s
  51   5.68990568e-01  5.69079517e-01  2.09e-07 3.36e-09  3.76e-11   115s
  52   5.68990387e-01  5.69078953e-01  2.01e-07 3.33e-09  3.53e-11   116s
  53   5.68990296e-01  5.69078736e-01  1.97e-07 3.33e-09  3.43e-11   118s
  54   5.68990193e-01  5.69076520e-01  1.92e-07 3.25e-09  2.60e-11   120s
  55   5.68989877e-01  5.69065587e-01  1.61e-07 2.76e-09  2.01e-11   122s
  56   5.68989581e-01  5.69059486e-01  1.44e-07 2.54e-09  1.84e-11   124s
  57   5.68989265e-01  5.69059111e-01  1.26e-07 2.53e-09  1.66e-11   125s
  58   5.68989906e-01  5.69051456e-01  1.22e-07 2.26e-09  1.95e-11   128s
  59   5.68989578e-01  5.69051344e-01  1.03e-07 2.25e-09  1.65e-11   130s
  60   5.68989074e-01  5.69044465e-01  8.15e-08 2.05e-09  1.27e-11   132s
  61   5.68989065e-01  5.69042043e-01  7.93e-08 1.92e-09  1.24e-11   133s
  62   5.68989033e-01  5.69038072e-01  7.35e-08 1.71e-09  1.13e-11   135s
  63   5.68988910e-01  5.69038073e-01  7.33e-08 1.72e-09  1.13e-11   137s
  64   5.68988919e-01  5.69032440e-01  7.24e-08 1.39e-09  1.14e-11   140s
  65   5.68988991e-01  5.69028601e-01  6.05e-08 1.32e-09  1.36e-11   142s
  66   5.68988988e-01  5.69028376e-01  5.99e-08 1.31e-09  1.35e-11   144s
  67   5.68988946e-01  5.69028431e-01  5.91e-08 1.32e-09  1.32e-11   146s
  68   5.68988746e-01  5.69028279e-01  4.20e-08 1.32e-09  9.76e-12   148s
  69   5.68988513e-01  5.69028417e-01  2.78e-08 1.33e-09  7.48e-12   150s
  70   5.68988454e-01  5.69028352e-01  2.73e-08 1.30e-09  8.07e-12   152s
  71   5.68988342e-01  5.69027299e-01  2.38e-08 1.28e-09  6.18e-12   154s
  72   5.68988290e-01  5.69026997e-01  2.21e-08 1.28e-09  5.72e-12   157s
  73   5.68988225e-01  5.69026451e-01  1.86e-08 1.25e-09  4.72e-12   160s
  74   5.68988225e-01  5.69026278e-01  1.86e-08 1.25e-09  4.61e-12   162s
  75   5.68988184e-01  5.69025560e-01  1.74e-08 1.27e-09  4.23e-12   164s
  76   5.68988183e-01  5.69025552e-01  1.73e-08 1.27e-09  4.22e-12   165s
  77   5.68988107e-01  5.69024662e-01  3.59e-08 1.29e-09  3.26e-12   168s
  78   5.68988096e-01  5.69023970e-01  3.41e-08 1.29e-09  3.10e-12   170s
  79   5.68988071e-01  5.69023703e-01  2.81e-08 1.29e-09  2.85e-12   172s
  80   5.68988033e-01  5.69023904e-01  1.87e-08 1.24e-09  3.23e-12   174s
  81   5.68988032e-01  5.69023898e-01  1.86e-08 1.24e-09  3.23e-12   176s
  82   5.68988018e-01  5.69023041e-01  1.74e-08 1.22e-09  3.02e-12   178s
  83   5.68988006e-01  5.69022708e-01  1.63e-08 1.22e-09  2.90e-12   180s
  84   5.68987922e-01  5.69020195e-01  1.36e-08 1.17e-09  1.98e-12   181s
  85   5.68987908e-01  5.69019703e-01  1.32e-08 1.15e-09  1.86e-12   183s
  86   5.68987887e-01  5.69018811e-01  1.33e-08 1.12e-09  1.68e-12   185s
  87   5.68987884e-01  5.69018437e-01  1.49e-08 1.12e-09  1.63e-12   187s
  88   5.68987578e-01  5.69017639e-01  2.08e-08 1.09e-09  1.11e-12   190s
  89   5.68987568e-01  5.69017062e-01  2.01e-08 1.07e-09  1.02e-12   192s
  90   5.68987537e-01  5.69016836e-01  1.90e-08 1.06e-09  9.70e-13   194s
  91   5.68987494e-01  5.69014710e-01  1.74e-08 1.01e-09  6.93e-13   196s

Barrier solved model in 91 iterations and 196.45 seconds (366.47 work units)
Optimal objective 5.68987494e-01


User-callback calls 11751, time in user-callback 0.23 sec
Discarded solution information
Set parameter Method to value 2
Set parameter Crossover to value 0
Set parameter LPWarmStart to value 0
Set parameter NumericFocus to value 0
Set parameter DualReductions to value 1
Set parameter InfUnbdInfo to value 0
Set parameter TimeLimit to value 900
