
Gurobi 13.0.2 (win64) logging started Sun Oct  4 19:18:54 2026

Set parameter LogFile to value "docs/v42_m1_certified_arc_lp_floor_and_threshold_cg/logs/ARC_LP_PRIMARY.log"
Gurobi Optimizer version 13.0.2 build v13.0.2rc1 (win64 - Windows 11+.0 (26200.2))

CPU model: 13th Gen Intel(R) Core(TM) i7-13620H, instruction set [SSE2|AVX|AVX2]
Thread count: 10 physical cores, 16 logical processors, using up to 1 threads

Non-default parameters:
TimeLimit  5.9799760870006867e+02
FeasibilityTol  1e-08
OptimalityTol  1e-08
Method  2
BarConvTol  1e-11
Crossover  0
PreDual  0
LogToConsole  0
Threads  1

Optimize a model with 961472 rows, 316743 columns and 8587630 nonzeros (Min)
Model fingerprint: 0x3654c89a
Model has 1 linear objective coefficients
Coefficient statistics:
  Matrix range     [1e-13, 4e+02]
  Objective range  [1e+00, 1e+00]
  Bounds range     [1e+00, 1e+03]
  RHS range        [2e-24, 2e+03]
Warning: Model contains large matrix coefficient range
         Consider reformulating model or setting NumericFocus parameter
         to avoid numerical issues.

Presolve removed 383981 rows and 36155 columns
Presolve time: 4.62s
Presolved: 577491 rows, 331695 columns, 5163014 nonzeros
Elapsed ordering time = 5s
Ordering time: 9.27s

Barrier statistics:
 Dense cols : 1875
 AA' NZ     : 4.315e+07
 Factor NZ  : 6.394e+07 (roughly 900 MB of memory)
 Factor Ops : 4.178e+10 (roughly 3 seconds per iteration)
 Threads    : 1

                  Objective                Residual
Iter       Primal          Dual         Primal    Dual     Compl     Time
   0   3.54495487e+03 -2.95723234e+04  1.81e+08 5.71e-05  1.65e+05    25s
   1   4.72808869e+03 -2.85808799e+04  1.21e+08 7.45e-02  9.54e+04    29s
   2   1.57412982e+02 -2.90703610e+04  1.17e+08 2.19e-02  2.86e+05    33s
   3   2.24028084e+01 -2.12005238e+04  1.25e+07 6.23e-04  3.08e+04    37s
   4   2.51266718e+00 -1.20319726e+04  1.02e+06 4.07e-05  2.59e+03    42s
   5   1.36980155e+00 -1.00148980e+04  2.32e+05 2.04e-06  6.40e+02    46s
   6   8.44980745e-01 -7.23679811e+03  6.28e+04 1.51e-06  2.02e+02    51s
   7   6.05318147e-01 -5.38808574e+03  1.87e+04 1.18e-14  8.02e+01    55s
   8   5.30573885e-01 -2.85809783e+03  8.61e+03 2.36e-09  3.40e+01    60s
   9   4.91053722e-01 -1.27780600e+03  3.17e+03 2.91e-10  1.25e+01    66s
  10   4.77624686e-01 -2.38319785e+02  3.59e+02 3.05e-15  1.96e+00    71s
  11   4.78038572e-01 -1.10314822e+02  2.04e+02 1.65e-12  9.07e-01    76s
  12   4.78401686e-01 -8.20895916e+01  1.23e+02 1.26e-12  6.66e-01    81s
  13   4.77630540e-01 -5.13430684e+01  7.81e+01 4.55e-12  4.25e-01    86s
  14   4.76823041e-01 -3.02582455e+01  4.91e+01 1.93e-11  2.66e-01    91s
  15   4.78917037e-01 -1.75655645e+01  2.71e+01 1.41e-11  1.60e-01    96s
  16   5.42302658e-01 -4.32648587e+00  7.58e+00 1.81e-08  4.43e-02   102s
  17   5.63939401e-01 -1.75040433e+00  3.10e+00 2.25e-08  2.03e-02   106s
  18   5.70803802e-01 -1.23723484e+00  1.67e+00 1.96e-08  1.50e-02   110s
  19   5.79053352e-01  3.05738971e-01  1.51e-01 1.10e-08  2.12e-03   116s
  20   5.74226749e-01  4.92317323e-01  3.14e-02 2.24e-09  6.21e-04   121s
  21   5.72401998e-01  5.22938798e-01  1.77e-02 4.41e-09  3.74e-04   126s
  22   5.71226596e-01  5.35436762e-01  1.10e-02 5.79e-09  2.70e-04   131s
  23   5.70738988e-01  5.40937817e-01  8.46e-03 6.05e-09  2.24e-04   135s
  24   5.70188640e-01  5.50015530e-01  5.89e-03 7.94e-09  1.52e-04   139s
  25   5.69949299e-01  5.55241644e-01  4.73e-03 7.41e-09  1.11e-04   143s
  26   5.69622530e-01  5.58239717e-01  3.38e-03 8.57e-09  8.57e-05   147s
  27   5.69534825e-01  5.59675559e-01  3.04e-03 8.43e-09  7.42e-05   152s
  28   5.69320544e-01  5.62189580e-01  2.24e-03 7.84e-09  5.37e-05   156s
  29   5.69214127e-01  5.63644024e-01  1.79e-03 8.44e-09  4.19e-05   160s
  30   5.69091725e-01  5.64988065e-01  1.28e-03 1.03e-08  3.09e-05   162s
  31   5.69001601e-01  5.66163955e-01  9.55e-04 1.36e-08  2.14e-05   164s
  32   5.68902593e-01  5.66964579e-01  6.24e-04 1.71e-08  1.46e-05   167s
  33   5.68859307e-01  5.67374169e-01  4.68e-04 1.33e-08  1.12e-05   171s
  34   5.68826698e-01  5.67817280e-01  3.54e-04 1.13e-08  7.62e-06   176s
  35   5.68804427e-01  5.68050436e-01  2.83e-04 9.69e-09  5.70e-06   181s
  36   5.68768471e-01  5.68265038e-01  1.67e-04 8.22e-09  3.81e-06   185s
  37   5.68742918e-01  5.68456986e-01  8.61e-05 5.73e-09  2.17e-06   190s
  38   5.68733258e-01  5.68577987e-01  5.84e-05 4.28e-09  1.19e-06   195s
  39   5.68726179e-01  5.68671951e-01  3.81e-05 4.01e-09  4.22e-07   200s
  40   5.68718916e-01  5.68680720e-01  1.77e-05 3.71e-09  2.98e-07   204s
  41   5.68716946e-01  5.68686497e-01  1.25e-05 3.41e-09  2.39e-07   210s
  42   5.68714419e-01  5.68696991e-01  6.25e-06 2.75e-09  1.39e-07   215s
  43   5.68713286e-01  5.68702685e-01  3.72e-06 2.28e-09  8.55e-08   219s
  44   5.68711946e-01  5.68711478e-01  9.69e-07 7.46e-10  5.69e-09   224s
  45   5.68711627e-01  5.68711564e-01  1.30e-06 3.49e-10  1.36e-09   230s
  46   5.68711622e-01  5.68711574e-01  3.46e-05 2.94e-10  1.08e-09   235s
  47   5.68711611e-01  5.68711610e-01  1.44e-06 1.24e-10  9.60e-11   239s
  48   5.68711610e-01  5.68711607e-01  3.46e-07 2.45e-10  9.51e-12   244s
  49   5.68711610e-01  5.68711607e-01  3.41e-07 2.41e-10  9.32e-12   248s
  50   5.68711610e-01  5.68711607e-01  3.40e-07 2.41e-10  9.30e-12   253s
  51   5.68711610e-01  5.68711607e-01  3.37e-07 2.37e-10  9.25e-12   257s
  52   5.68711610e-01  5.68711608e-01  2.12e-07 2.16e-10  8.12e-12   261s
  53   5.68711610e-01  5.68711608e-01  2.11e-07 2.16e-10  8.10e-12   266s
  54   5.68711610e-01  5.68711608e-01  2.09e-07 2.15e-10  8.09e-12   270s
  55   5.68711610e-01  5.68711608e-01  2.06e-07 2.13e-10  8.03e-12   275s
  56   5.68711610e-01  5.68711608e-01  1.42e-07 1.71e-10  6.14e-12   279s
  57   5.68711610e-01  5.68711609e-01  1.33e-07 1.45e-10  5.11e-12   284s
  58   5.68711610e-01  5.68711609e-01  1.27e-07 1.37e-10  4.81e-12   288s
  59   5.68711610e-01  5.68711609e-01  1.27e-07 1.37e-10  4.81e-12   293s
  60   5.68711610e-01  5.68711609e-01  1.25e-07 1.29e-10  4.63e-12   297s
  61   5.68711610e-01  5.68711609e-01  9.12e-08 1.20e-10  4.15e-12   302s
  62   5.68711610e-01  5.68711609e-01  8.71e-08 1.18e-10  4.09e-12   306s
  63   5.68711610e-01  5.68711609e-01  1.21e-07 1.18e-10  4.07e-12   310s
  64   5.68711610e-01  5.68711609e-01  1.21e-07 1.18e-10  4.07e-12   315s
  65   5.68711610e-01  5.68711609e-01  1.20e-07 1.17e-10  4.07e-12   319s

Barrier solved model in 65 iterations and 319.45 seconds (287.64 work units)
Optimal objective 5.68711610e-01


User-callback calls 5582, time in user-callback 0.96 sec
