
Gurobi 13.0.2 (win64) logging started Sun Oct  4 19:27:02 2026

Set parameter LogFile to value "docs/v42_m1_certified_arc_lp_floor_and_threshold_cg/logs/PRICE_0004_MESS04.log"
Gurobi Optimizer version 13.0.2 build v13.0.2rc1 (win64 - Windows 11+.0 (26200.2))

CPU model: 13th Gen Intel(R) Core(TM) i7-13620H, instruction set [SSE2|AVX|AVX2]
Thread count: 10 physical cores, 16 logical processors, using up to 1 threads

Non-default parameters:
TimeLimit  20
FeasibilityTol  1e-08
IntFeasTol  1e-08
MIPGap  0
MIPGapAbs  0
OptimalityTol  1e-08
Method  2
Crossover  2
DegenMoves  0
MIPFocus  3
NodeMethod  1
CutPasses  1
LogToConsole  0
Seed  20260929
Threads  1

Optimize a model with 51481 rows, 58841 columns and 314646 nonzeros (Min)
Model fingerprint: 0x9d7b46f7
Model has 3600 linear objective coefficients and an objective constant of 7.3755264871093913e-03
Variable types: 6799 continuous, 52042 integer (52042 binary)
Coefficient statistics:
  Matrix range     [2e-01, 4e+02]
  Objective range  [1e-12, 9e-06]
  Bounds range     [1e+00, 1e+03]
  RHS range        [1e+00, 8e+02]

Loaded user MIP start with objective -0.00717809

Presolve removed 8938 rows and 2 columns
Presolve time: 1.20s
Presolved: 42543 rows, 58839 columns, 292302 nonzeros
Variable types: 6797 continuous, 52042 integer (52042 binary)
Root relaxation presolve removed 2 rows and 2 columns
Root relaxation presolved: 42541 rows, 58837 columns, 292298 nonzeros

Root barrier log...

Ordering time: 0.07s

Barrier statistics:
 AA' NZ     : 5.993e+05
 Factor NZ  : 1.094e+06 (roughly 50 MB of memory)
 Factor Ops : 7.380e+07 (less than 1 second per iteration)
 Threads    : 1

                  Objective                Residual
Iter       Primal          Dual         Primal    Dual     Compl     Time
   0  -3.35089616e-03 -3.44574567e+04  1.81e+04 1.43e-04  3.81e+00     2s
   1  -4.48989016e-02 -2.87602689e+04  2.42e+03 4.12e-03  5.55e-01     2s
   2   7.23503742e-02 -1.10094362e+04  3.51e+02 1.80e-04  1.09e-01     2s
   3   2.51560742e-02 -3.03989415e+03  1.06e+02 2.90e-06  2.93e-02     2s
   4  -4.31813817e-02 -2.40160089e+03  4.85e+01 1.21e-15  2.01e-02     2s
   5  -6.70330373e-02 -1.87428140e+03  2.86e+01 1.89e-15  1.51e-02     2s
   6  -7.22979632e-02 -1.40869841e+03  2.17e+01 2.30e-15  1.17e-02     2s
   7  -7.31618561e-02 -1.28539017e+03  1.89e+01 2.09e-15  1.07e-02     2s
   8  -6.31136897e-02 -1.04422800e+03  1.61e+01 2.23e-15  9.03e-03     3s
   9  -2.84915405e-02 -5.27086233e+02  1.10e+01 2.06e-15  5.02e-03     3s
  10  -1.04196791e-02 -1.86719588e+02  6.01e+00 3.51e-15  2.34e-03     3s
  11   7.53230621e-03 -9.15815297e+01  1.24e+00 3.26e-15  8.19e-04     3s
  12   1.06306008e-02 -2.35545965e+01  3.12e-01 2.45e-15  1.87e-04     3s
  13   1.09618449e-02 -3.48118809e+00  4.92e-05 3.87e-15  2.21e-05     3s
  14   3.73599071e-03 -8.60328465e-01  3.51e-08 2.13e-15  5.47e-06     3s
  15   7.55804865e-03 -2.80109997e-01  1.16e-10 1.67e-15  1.82e-06     3s
  16  -1.60541412e-04 -1.17220743e-01  3.30e-11 1.65e-15  7.42e-07     3s
  17  -2.20606478e-03 -6.73348966e-02  2.96e-11 1.75e-15  4.13e-07     3s
  18  -5.51146073e-03 -4.79774996e-02  2.87e-10 1.92e-15  2.69e-07     3s
  19  -7.11990647e-03 -3.52529120e-02  1.57e-10 2.26e-15  1.78e-07     3s
  20  -7.91103046e-03 -2.96054990e-02  1.11e-10 2.15e-15  1.37e-07     3s
  21  -8.29095286e-03 -2.67231371e-02  9.50e-11 2.26e-15  1.17e-07     3s
  22  -9.14317078e-03 -2.46354266e-02  5.64e-11 2.69e-15  9.81e-08     3s
  23  -9.43660573e-03 -2.12658370e-02  4.87e-11 2.56e-15  7.49e-08     3s
  24  -9.81712131e-03 -2.06330703e-02  3.67e-11 2.53e-15  6.85e-08     4s
  25  -9.88225291e-03 -1.72510962e-02  3.48e-11 2.22e-15  4.67e-08     4s
  26  -1.00762481e-02 -1.64208702e-02  2.88e-11 2.42e-15  4.02e-08     4s
  27  -1.04576426e-02 -1.54897379e-02  1.97e-11 2.57e-15  3.19e-08     4s
  28  -1.06659407e-02 -1.44427870e-02  2.26e-11 2.44e-15  2.39e-08     4s
  29  -1.10009893e-02 -1.36387597e-02  1.60e-11 2.28e-15  1.67e-08     4s
  30  -1.12095568e-02 -1.34017137e-02  1.42e-11 2.53e-15  1.39e-08     4s
  31  -1.13882993e-02 -1.27330122e-02  1.78e-11 2.13e-15  8.52e-09     4s
  32  -1.15914129e-02 -1.25195846e-02  1.71e-11 2.08e-15  5.88e-09     4s
  33  -1.16199052e-02 -1.23152428e-02  1.84e-11 2.04e-15  4.40e-09     4s
  34  -1.16834256e-02 -1.21378544e-02  1.75e-11 2.19e-15  2.88e-09     4s
  35  -1.17479125e-02 -1.20256841e-02  2.49e-11 1.95e-15  1.76e-09     4s
  36  -1.18292490e-02 -1.19555014e-02  6.67e-11 1.77e-15  8.00e-10     4s
  37  -1.18404040e-02 -1.19117046e-02  3.80e-11 1.32e-14  4.52e-10     4s
  38  -1.18563153e-02 -1.18947096e-02  1.17e-10 4.44e-15  2.43e-10     4s
  39  -1.18611339e-02 -1.18896699e-02  1.32e-10 9.37e-15  1.81e-10     4s
  40  -1.18654665e-02 -1.18815623e-02  9.56e-11 7.44e-13  1.02e-10     5s
  41  -1.18665674e-02 -1.18746021e-02  2.98e-10 1.23e-12  5.09e-11     5s
  42  -1.18679059e-02 -1.18726389e-02  5.75e-10 2.47e-12  3.00e-11     5s
  43  -1.18681454e-02 -1.18682833e-02  1.04e-10 1.93e-12  8.77e-13     5s
  44  -1.18681865e-02 -1.18681866e-02  1.18e-12 1.87e-13  1.39e-15     5s

Barrier solved model in 44 iterations and 4.80 seconds (2.97 work units)
Optimal objective -1.18681865e-02


Root crossover log...

       0 PPushes remaining with PInf 0.0000000e+00                 5s

  Push phase complete: Pinf 0.0000000e+00, Dinf 2.4559986e-03      5s


Root simplex log...

Iteration    Objective       Primal Inf.    Dual Inf.      Time
   31040   -1.1868187e-02   0.000000e+00   0.000000e+00      5s
   31111   -1.1868187e-02   0.000000e+00   0.000000e+00      5s
Crossover time: 0.69 seconds (0.45 work units)
   31111   -1.1868187e-02   0.000000e+00   0.000000e+00      6s

Root relaxation: objective -1.186819e-02, 31111 iterations, 4.13 seconds (2.44 work units)

    Nodes    |    Current Node    |     Objective Bounds      |     Work
 Expl Unexpl |  Obj  Depth IntInf | Incumbent    BestBd   Gap | It/Node Time

     0     0   -0.01187    0 1058   -0.00718   -0.01187  65.3%     -    5s
H    0     0                      -0.0101631   -0.01187  16.8%     -    5s
H    0     0                      -0.0102092   -0.01187  16.2%     -    5s
H    0     0                      -0.0103240   -0.01187  15.0%     -    6s
H    0     0                      -0.0105648   -0.01187  12.3%     -    7s
H    0     0                      -0.0106448   -0.01187  11.5%     -    7s
H    0     0                      -0.0111202   -0.01187  6.73%     -    8s
     0     0   -0.01184    0  963   -0.01112   -0.01184  6.51%     -   14s

Cutting planes:
  Projected implied bound: 5
  MIR: 112
  Flow cover: 79
  BQP: 53

Explored 1 nodes (31662 simplex iterations) in 20.05 seconds (13.10 work units)
Thread count was 1 (of 16 available processors)

Solution count 6: -0.0111202 -0.0106448 -0.0105648 ... -0.00717809

Time limit reached
Best objective -1.112019128183e-02, best bound -1.184425475827e-02, gap 6.5113%

User-callback calls 3524, time in user-callback 0.49 sec
Set parameter Threads to value 1
Set parameter Method to value 2
Set parameter NodeMethod to value 1
Set parameter Crossover to value 2
Set parameter DegenMoves to value 0
Set parameter CutPasses to value 1
Set parameter MIPFocus to value 3
Set parameter MIPGap to value 0
Set parameter MIPGapAbs to value 0
Set parameter FeasibilityTol to value 1e-08
Set parameter IntFeasTol to value 1e-08
Set parameter OptimalityTol to value 1e-08
Set parameter Seed to value 20260929
Set parameter TimeLimit to value 20
