
Gurobi 13.0.2 (win64) logging started Sun Oct  4 19:34:17 2026

Set parameter LogFile to value "docs/v42_m1_certified_arc_lp_floor_and_threshold_cg/logs/PRICE_0027_MESS03.log"
Gurobi Optimizer version 13.0.2 build v13.0.2rc1 (win64 - Windows 11+.0 (26200.2))

CPU model: 13th Gen Intel(R) Core(TM) i7-13620H, instruction set [SSE2|AVX|AVX2]
Thread count: 10 physical cores, 16 logical processors, using up to 1 threads

Non-default parameters:
TimeLimit  90
FeasibilityTol  1e-08
IntFeasTol  1e-08
MIPGap  0
MIPGapAbs  0
OptimalityTol  1e-08
Method  2
Crossover  2
DegenMoves  0
MIPFocus  3
NodeMethod  1
CutPasses  1
LogToConsole  0
Seed  20260929
Threads  1

Optimize a model with 51596 rows, 58976 columns and 315361 nonzeros (Min)
Model fingerprint: 0xef741840
Model has 2736 linear objective coefficients and an objective constant of 8.7887244001795678e-03
Variable types: 6814 continuous, 52162 integer (52162 binary)
Coefficient statistics:
  Matrix range     [2e-01, 4e+02]
  Objective range  [3e-13, 1e-05]
  Bounds range     [1e+00, 1e+03]
  RHS range        [1e+00, 8e+02]

Loaded user MIP start with objective 0.000829868
MIP start from previous solve produced solution with objective -0.00639909 (0.07s)
MIP start from previous solve produced solution with objective -0.00639909 (0.08s)
Loaded MIP start from previous solve with objective -0.00639909

Presolve removed 8958 rows and 2 columns
Presolve time: 1.20s
Presolved: 42638 rows, 58974 columns, 292967 nonzeros
Variable types: 6812 continuous, 52162 integer (52162 binary)
Root relaxation presolve removed 3 rows and 2 columns
Root relaxation presolved: 42635 rows, 58972 columns, 292915 nonzeros

Root barrier log...

Ordering time: 0.08s

Barrier statistics:
 AA' NZ     : 6.006e+05
 Factor NZ  : 1.080e+06 (roughly 50 MB of memory)
 Factor Ops : 6.927e+07 (less than 1 second per iteration)
 Threads    : 1

                  Objective                Residual
Iter       Primal          Dual         Primal    Dual     Compl     Time
   0  -4.18692241e-03 -3.45219736e+04  1.80e+04 1.61e-04  3.80e+00     2s
   1  -4.36469349e-02 -2.93379271e+04  2.38e+03 2.53e-03  5.43e-01     2s
   2   7.66703640e-02 -8.95702455e+03  3.44e+02 9.84e-05  9.27e-02     2s
   3  -1.11317459e-02 -2.39549710e+03  7.54e+01 2.44e-15  2.20e-02     2s
   4  -5.43002988e-02 -1.90047653e+03  3.93e+01 2.22e-15  1.58e-02     2s
   5  -6.89749044e-02 -1.45958462e+03  2.45e+01 2.52e-15  1.20e-02     2s
   6  -7.15127772e-02 -1.16397613e+03  1.69e+01 3.84e-15  9.56e-03     2s
   7  -3.74002523e-02 -1.02373862e+03  1.25e+01 3.56e-15  8.25e-03     2s
   8   9.64537335e-03 -3.22571371e+02  3.20e+00 3.51e-15  2.54e-03     2s
   9   1.31274529e-02 -1.27967163e+02  3.75e-01 3.17e-15  8.66e-04     3s
  10   1.33357983e-02 -2.53985319e+01  3.23e-02 2.63e-15  1.63e-04     3s
  11   1.17097278e-02 -2.80355657e+00  8.43e-05 1.69e-15  1.78e-05     3s
  12   4.48052948e-03 -1.03677489e+00  1.91e-05 5.57e-16  6.58e-06     3s
  13   3.95310083e-03 -3.34042491e-01  4.03e-06 2.15e-16  2.14e-06     3s
  14  -3.09143240e-03 -1.84768425e-01  6.90e-07 1.09e-16  1.15e-06     3s
  15  -5.95307255e-03 -1.27998099e-01  2.62e-07 7.12e-17  7.72e-07     3s
  16  -7.95384742e-03 -9.34613005e-02  8.53e-08 5.32e-17  5.41e-07     3s
  17  -9.29030630e-03 -5.40046285e-02  3.03e-08 2.97e-17  2.83e-07     3s
  18  -9.76611134e-03 -4.89357049e-02  2.00e-08 2.47e-17  2.48e-07     3s
  19  -9.94992643e-03 -4.78749819e-02  1.68e-08 2.31e-17  2.40e-07     3s
  20  -1.02538378e-02 -4.01252017e-02  1.25e-08 1.95e-17  1.89e-07     3s
  21  -1.06959727e-02 -3.08602823e-02  8.37e-09 1.31e-17  1.28e-07     3s
  22  -1.08077914e-02 -2.99102107e-02  7.61e-09 1.23e-17  1.21e-07     3s
  23  -1.10434657e-02 -2.75421331e-02  6.10e-09 1.39e-17  1.04e-07     3s
  24  -1.11235319e-02 -2.65961664e-02  5.64e-09 1.14e-17  9.78e-08     3s
  25  -1.11652237e-02 -2.62768731e-02  5.39e-09 1.28e-17  9.56e-08     3s
  26  -1.12681929e-02 -2.45547032e-02  4.78e-09 1.09e-17  8.40e-08     4s
  27  -1.15411519e-02 -2.14963726e-02  3.21e-09 8.58e-18  6.30e-08     4s
  28  -1.17082289e-02 -2.13682697e-02  2.52e-09 9.50e-18  6.11e-08     4s
  29  -1.17417367e-02 -1.90659088e-02  2.38e-09 7.26e-18  4.63e-08     4s
  30  -1.19324734e-02 -1.84132638e-02  1.52e-09 6.16e-18  4.10e-08     4s
  31  -1.20622300e-02 -1.76630896e-02  1.10e-09 6.46e-18  3.54e-08     4s
  32  -1.21087916e-02 -1.71083612e-02  9.51e-10 5.57e-18  3.16e-08     4s
  33  -1.22049483e-02 -1.62489606e-02  6.99e-10 5.06e-18  2.56e-08     4s
  34  -1.22963921e-02 -1.45199626e-02  4.93e-10 3.75e-18  1.41e-08     4s
  35  -1.23246999e-02 -1.43466784e-02  4.23e-10 4.52e-18  1.28e-08     4s
  36  -1.23433802e-02 -1.41687768e-02  3.78e-10 4.84e-18  1.15e-08     4s
  37  -1.23831889e-02 -1.34452698e-02  3.08e-10 3.87e-18  6.72e-09     4s
  38  -1.24196457e-02 -1.33165603e-02  2.35e-10 4.26e-18  5.67e-09     4s
  39  -1.24366463e-02 -1.31701776e-02  1.93e-10 4.24e-18  4.64e-09     4s
  40  -1.24437779e-02 -1.31334821e-02  1.86e-10 4.92e-18  4.36e-09     4s
  41  -1.24495843e-02 -1.31078733e-02  1.88e-10 5.02e-18  4.16e-09     4s
  42  -1.24762185e-02 -1.30103516e-02  1.86e-10 5.43e-18  3.38e-09     5s
  43  -1.25006208e-02 -1.27083520e-02  1.31e-10 3.30e-18  1.31e-09     5s
  44  -1.25367124e-02 -1.26491549e-02  3.88e-10 3.37e-18  7.11e-10     5s
  45  -1.25514472e-02 -1.25975637e-02  1.64e-10 3.28e-18  2.92e-10     5s
  46  -1.25536053e-02 -1.25934847e-02  3.61e-10 3.40e-18  2.52e-10     5s
  47  -1.25601390e-02 -1.25745420e-02  3.61e-09 3.53e-18  9.11e-11     5s
  48  -1.25625295e-02 -1.25632310e-02  4.24e-09 3.27e-12  4.45e-12     5s
  49  -1.25628998e-02 -1.25629014e-02  6.67e-12 6.84e-13  1.46e-14     5s

Barrier solved model in 49 iterations and 5.04 seconds (3.11 work units)
Optimal objective -1.25628998e-02


Root crossover log...

   17892 DPushes remaining with DInf 0.0000000e+00                 5s
       0 DPushes remaining with DInf 0.0000000e+00                 5s

   23993 PPushes remaining with PInf 4.0387222e-04                 5s
       0 PPushes remaining with PInf 0.0000000e+00                 6s

  Push phase complete: Pinf 0.0000000e+00, Dinf 4.5349910e-03      6s


Root simplex log...

Iteration    Objective       Primal Inf.    Dual Inf.      Time
   36111   -1.2562842e-02   0.000000e+00   0.000000e+00      6s
   36346   -1.2562900e-02   0.000000e+00   0.000000e+00      6s
Crossover time: 0.88 seconds (0.59 work units)
   36346   -1.2562900e-02   0.000000e+00   0.000000e+00      6s

Root relaxation: objective -1.256290e-02, 36346 iterations, 4.47 seconds (2.69 work units)

    Nodes    |    Current Node    |     Objective Bounds      |     Work
 Expl Unexpl |  Obj  Depth IntInf | Incumbent    BestBd   Gap | It/Node Time

     0     0   -0.01256    0 1209   -0.00640   -0.01256  96.3%     -    6s
H    0     0                      -0.0111537   -0.01256  12.6%     -    6s
H    0     0                      -0.0111888   -0.01256  12.3%     -    6s
H    0     0                      -0.0121547   -0.01256  3.36%     -    6s
H    0     0                      -0.0122148   -0.01256  2.85%     -    6s
H    0     0                      -0.0122514   -0.01256  2.54%     -    7s
H    0     0                      -0.0122524   -0.01256  2.53%     -    7s
     0     0   -0.01255    0  130   -0.01225   -0.01255  2.47%     -   14s
     0     0   -0.01255    0  589   -0.01225   -0.01255  2.47%     -   33s
H    0     0                      -0.0122534   -0.01255  2.46%     -   34s
     0     0   -0.01254    0  407   -0.01225   -0.01254  2.34%     -   38s
     0     0   -0.01254    0  660   -0.01225   -0.01254  2.30%     -   55s
     0     0   -0.01249    0  158   -0.01225   -0.01249  1.95%     -   62s
     0     0   -0.01248    0  154   -0.01225   -0.01248  1.87%     -   77s
     0     0   -0.01248    0  321   -0.01225   -0.01248  1.87%     -   85s
     0     2   -0.01248    0  321   -0.01225   -0.01248  1.87%     -   87s

Cutting planes:
  Lift-and-project: 1
  Projected implied bound: 2
  MIR: 8
  Flow cover: 4

Explored 4 nodes (130211 simplex iterations) in 90.01 seconds (60.29 work units)
Thread count was 1 (of 16 available processors)

Solution count 5: -0.0122534 -0.0122524 -0.0122148 ... -0.00639909

Time limit reached
Best objective -1.225336289770e-02, best bound -1.238334687384e-02, gap 1.0608%

User-callback calls 11384, time in user-callback 0.98 sec
