
Gurobi 13.0.2 (win64) logging started Sun Oct  4 19:33:07 2026

Set parameter LogFile to value "docs/v42_m1_certified_arc_lp_floor_and_threshold_cg/logs/PRICE_0021_MESS01.log"
Gurobi Optimizer version 13.0.2 build v13.0.2rc1 (win64 - Windows 11+.0 (26200.2))

CPU model: 13th Gen Intel(R) Core(TM) i7-13620H, instruction set [SSE2|AVX|AVX2]
Thread count: 10 physical cores, 16 logical processors, using up to 1 threads

Non-default parameters:
TimeLimit  20
FeasibilityTol  1e-08
IntFeasTol  1e-08
MIPGap  0
MIPGapAbs  0
OptimalityTol  1e-08
Method  2
Crossover  2
DegenMoves  0
MIPFocus  3
NodeMethod  1
CutPasses  1
LogToConsole  0
Seed  20260929
Threads  1

Optimize a model with 51458 rows, 58814 columns and 314503 nonzeros (Min)
Model fingerprint: 0xe34d54a5
Model has 3744 linear objective coefficients and an objective constant of 7.5843570112200465e-03
Variable types: 6796 continuous, 52018 integer (52018 binary)
Coefficient statistics:
  Matrix range     [2e-01, 4e+02]
  Objective range  [4e-13, 9e-06]
  Bounds range     [1e+00, 1e+03]
  RHS range        [1e+00, 8e+02]

Loaded user MIP start with objective -0.00790678
MIP start from previous solve did not produce a new incumbent solution

Presolve removed 8934 rows and 2 columns
Presolve time: 1.28s
Presolved: 42524 rows, 58812 columns, 292169 nonzeros
Variable types: 6794 continuous, 52018 integer (52018 binary)
Root relaxation presolve removed 2 rows and 2 columns
Root relaxation presolved: 42522 rows, 58810 columns, 292165 nonzeros

Root barrier log...

Ordering time: 0.07s

Barrier statistics:
 AA' NZ     : 5.988e+05
 Factor NZ  : 1.086e+06 (roughly 50 MB of memory)
 Factor Ops : 7.173e+07 (less than 1 second per iteration)
 Threads    : 1

                  Objective                Residual
Iter       Primal          Dual         Primal    Dual     Compl     Time
   0   9.76117934e-04 -3.44328628e+04  1.80e+04 1.45e-04  3.80e+00     2s
   1  -4.39362256e-02 -2.95271355e+04  2.42e+03 3.01e-03  5.56e-01     2s
   2   7.70069766e-02 -9.26935263e+03  3.51e+02 1.56e-04  9.62e-02     2s
   3  -9.26046366e-03 -2.43478016e+03  8.38e+01 1.23e-15  2.33e-02     2s
   4  -5.51793901e-02 -1.93624445e+03  4.22e+01 1.32e-15  1.66e-02     2s
   5  -7.10757240e-02 -1.52722764e+03  2.56e+01 2.35e-15  1.26e-02     2s
   6  -7.48282736e-02 -1.20923117e+03  1.69e+01 2.61e-15  9.95e-03     2s
   7  -6.92721595e-02 -1.04166173e+03  1.38e+01 3.04e-15  8.69e-03     3s
   8  -5.37385408e-02 -9.33670891e+02  1.10e+01 3.54e-15  7.48e-03     3s
   9   6.54700600e-03 -3.84640758e+02  3.37e+00 3.24e-15  2.88e-03     3s
  10   1.04315466e-02 -1.47093961e+02  1.11e+00 3.04e-15  1.09e-03     3s
  11   1.16409311e-02 -1.01086282e+02  3.23e-01 3.41e-15  6.83e-04     3s
  12   1.18729804e-02 -1.43645825e+01  5.27e-04 2.55e-15  9.12e-05     3s
  13   9.03308620e-03 -2.13092593e+00  9.43e-07 1.76e-15  1.36e-05     3s
  14   4.21975349e-03 -3.03040838e-01  3.64e-07 1.68e-15  1.95e-06     3s
  15   7.58581743e-04 -1.20273293e-01  1.27e-07 1.81e-15  7.67e-07     3s
  16  -3.16763486e-03 -6.18308514e-02  4.42e-08 1.74e-15  3.72e-07     3s
  17  -5.20682873e-03 -4.77987918e-02  2.17e-08 2.03e-15  2.70e-07     3s
  18  -6.20970206e-03 -3.23461235e-02  1.41e-08 2.00e-15  1.66e-07     3s
  19  -7.32585482e-03 -2.55551629e-02  7.43e-09 2.04e-15  1.16e-07     3s
  20  -7.88613879e-03 -2.27325208e-02  4.56e-09 2.22e-15  9.41e-08     3s
  21  -8.08817989e-03 -2.10721343e-02  3.64e-09 2.29e-15  8.23e-08     3s
  22  -8.37105458e-03 -1.77380814e-02  2.48e-09 2.16e-15  5.94e-08     4s
  23  -8.46587958e-03 -1.74227284e-02  2.17e-09 2.46e-15  5.68e-08     4s
  24  -8.69922575e-03 -1.53762823e-02  1.46e-09 2.46e-15  4.23e-08     4s
  25  -8.93319635e-03 -1.40362673e-02  8.66e-10 2.27e-15  3.23e-08     4s
  26  -8.99869060e-03 -1.29932690e-02  7.29e-10 2.39e-15  2.53e-08     4s
  27  -9.24724370e-03 -1.17308846e-02  3.15e-10 2.44e-15  1.57e-08     4s
  28  -9.32817986e-03 -1.09802716e-02  2.25e-10 1.99e-15  1.05e-08     4s
  29  -9.35523914e-03 -1.09360366e-02  2.00e-10 2.61e-15  1.00e-08     4s
  30  -9.46462737e-03 -1.05982149e-02  1.04e-10 2.20e-15  7.19e-09     4s
  31  -9.52657706e-03 -1.01728036e-02  6.18e-11 1.94e-15  4.10e-09     4s
  32  -9.53496613e-03 -9.98838340e-03  5.59e-11 2.01e-15  2.87e-09     4s
  33  -9.56392508e-03 -9.91268199e-03  3.95e-11 2.18e-15  2.21e-09     4s
  34  -9.58551752e-03 -9.78164910e-03  2.67e-11 1.80e-15  1.24e-09     4s
  35  -9.60288856e-03 -9.71099394e-03  3.20e-11 1.81e-15  6.85e-10     4s
  36  -9.61906622e-03 -9.67403168e-03  2.47e-11 1.11e-12  3.48e-10     4s
  37  -9.62246150e-03 -9.67045422e-03  1.98e-11 9.56e-13  3.04e-10     5s
  38  -9.62591843e-03 -9.65619559e-03  1.62e-11 2.61e-12  1.92e-10     5s
  39  -9.63074870e-03 -9.64912321e-03  2.21e-11 2.83e-12  1.16e-10     5s
  40  -9.63683121e-03 -9.63922856e-03  3.16e-10 8.35e-12  1.53e-11     5s
  41  -9.63794710e-03 -9.63800044e-03  6.08e-11 3.51e-12  3.58e-13     5s
  42  -9.63797299e-03 -9.63797307e-03  5.65e-12 6.68e-14  9.13e-16     5s

Barrier solved model in 42 iterations and 4.87 seconds (2.93 work units)
Optimal objective -9.63797299e-03


Root crossover log...

       0 DPushes remaining with DInf 0.0000000e+00                 5s

   15645 PPushes remaining with PInf 4.2871392e-05                 5s
       0 PPushes remaining with PInf 0.0000000e+00                 5s

  Push phase complete: Pinf 0.0000000e+00, Dinf 5.3181651e-03      5s


Root simplex log...

Iteration    Objective       Primal Inf.    Dual Inf.      Time
   24974   -9.6379730e-03   0.000000e+00   0.000000e+00      5s
   25093   -9.6379730e-03   0.000000e+00   0.000000e+00      6s
Crossover time: 0.66 seconds (0.48 work units)
   25093   -9.6379730e-03   0.000000e+00   0.000000e+00      6s

Root relaxation: objective -9.637973e-03, 25093 iterations, 4.01 seconds (2.39 work units)

    Nodes    |    Current Node    |     Objective Bounds      |     Work
 Expl Unexpl |  Obj  Depth IntInf | Incumbent    BestBd   Gap | It/Node Time

     0     0   -0.00964    0  892   -0.00791   -0.00964  21.9%     -    5s
     0     0   -0.00962    0  716   -0.00791   -0.00962  21.6%     -   13s

Cutting planes:
  Projected implied bound: 1
  MIR: 74
  Flow cover: 43
  BQP: 141

Explored 1 nodes (25541 simplex iterations) in 20.06 seconds (14.56 work units)
Thread count was 1 (of 16 available processors)

Solution count 1: -0.00790678 

Time limit reached
Best objective -7.906784739421e-03, best bound -9.617647627596e-03, gap 21.6379%

User-callback calls 4928, time in user-callback 0.49 sec
Set parameter Threads to value 1
Set parameter Method to value 2
Set parameter NodeMethod to value 1
Set parameter Crossover to value 2
Set parameter DegenMoves to value 0
Set parameter CutPasses to value 1
Set parameter MIPFocus to value 3
Set parameter MIPGap to value 0
Set parameter MIPGapAbs to value 0
Set parameter FeasibilityTol to value 1e-08
Set parameter IntFeasTol to value 1e-08
Set parameter OptimalityTol to value 1e-08
Set parameter Seed to value 20260929
Set parameter TimeLimit to value 90
