
Gurobi 13.0.2 (win64) logging started Sun Oct  4 19:30:21 2026

Set parameter LogFile to value "docs/v42_m1_certified_arc_lp_floor_and_threshold_cg/logs/PRICE_0013_MESS01.log"
Gurobi Optimizer version 13.0.2 build v13.0.2rc1 (win64 - Windows 11+.0 (26200.2))

CPU model: 13th Gen Intel(R) Core(TM) i7-13620H, instruction set [SSE2|AVX|AVX2]
Thread count: 10 physical cores, 16 logical processors, using up to 1 threads

Non-default parameters:
TimeLimit  20
FeasibilityTol  1e-08
IntFeasTol  1e-08
MIPGap  0
MIPGapAbs  0
OptimalityTol  1e-08
Method  2
Crossover  2
DegenMoves  0
MIPFocus  3
NodeMethod  1
CutPasses  1
LogToConsole  0
Seed  20260929
Threads  1

Optimize a model with 51458 rows, 58814 columns and 314503 nonzeros (Min)
Model fingerprint: 0xe643fdd7
Model has 3744 linear objective coefficients and an objective constant of 7.2918357458472338e-03
Variable types: 6796 continuous, 52018 integer (52018 binary)
Coefficient statistics:
  Matrix range     [2e-01, 4e+02]
  Objective range  [4e-13, 9e-06]
  Bounds range     [1e+00, 1e+03]
  RHS range        [1e+00, 8e+02]

Loaded user MIP start with objective -0.00903375
MIP start from previous solve produced solution with objective -0.00905713 (0.05s)
MIP start from previous solve produced solution with objective -0.00906466 (0.06s)
Loaded MIP start from previous solve with objective -0.00906466

Presolve removed 8934 rows and 2 columns
Presolve time: 0.67s
Presolved: 42524 rows, 58812 columns, 292169 nonzeros
Variable types: 6794 continuous, 52018 integer (52018 binary)
Root relaxation presolve removed 2 rows and 2 columns
Root relaxation presolved: 42522 rows, 58810 columns, 292165 nonzeros

Root barrier log...

Ordering time: 0.05s

Barrier statistics:
 AA' NZ     : 5.988e+05
 Factor NZ  : 1.086e+06 (roughly 50 MB of memory)
 Factor Ops : 7.173e+07 (less than 1 second per iteration)
 Threads    : 1

                  Objective                Residual
Iter       Primal          Dual         Primal    Dual     Compl     Time
   0   1.80315841e-03 -3.44328626e+04  1.80e+04 1.52e-04  3.80e+00     1s
   1  -4.41482931e-02 -2.95272383e+04  2.42e+03 3.01e-03  5.56e-01     1s
   2   7.70792716e-02 -9.26956166e+03  3.51e+02 1.56e-04  9.62e-02     1s
   3  -9.54248557e-03 -2.43483122e+03  8.38e+01 2.43e-15  2.33e-02     1s
   4  -5.56131046e-02 -1.93628335e+03  4.22e+01 2.38e-15  1.66e-02     1s
   5  -7.16038287e-02 -1.52723668e+03  2.56e+01 1.93e-15  1.26e-02     1s
   6  -7.54215075e-02 -1.20924531e+03  1.69e+01 2.19e-15  9.95e-03     1s
   7  -6.98904510e-02 -1.04167823e+03  1.38e+01 3.22e-15  8.69e-03     1s
   8  -5.43293612e-02 -9.33776712e+02  1.10e+01 3.58e-15  7.48e-03     1s
   9   6.25571133e-03 -3.84718892e+02  3.37e+00 2.63e-15  2.88e-03     1s
  10   1.01505412e-02 -1.47093218e+02  1.11e+00 2.76e-15  1.09e-03     2s
  11   1.13565529e-02 -1.01064718e+02  3.22e-01 1.76e-15  6.83e-04     2s
  12   1.15817331e-02 -1.43336522e+01  5.24e-04 4.26e-15  9.10e-05     2s
  13   8.76857375e-03 -2.23873628e+00  9.81e-07 3.63e-15  1.42e-05     2s
  14   3.95303087e-03 -3.15772149e-01  3.98e-07 1.46e-15  2.03e-06     2s
  15   1.41325040e-03 -1.94578226e-01  2.15e-07 1.11e-15  1.24e-06     2s
  16  -2.58565585e-03 -7.51418470e-02  7.70e-08 7.99e-16  4.60e-07     2s
  17  -5.11474655e-03 -5.78808165e-02  3.90e-08 1.05e-15  3.34e-07     2s
  18  -6.87794435e-03 -3.68158488e-02  2.06e-08 9.15e-16  1.90e-07     2s
  19  -8.59792019e-03 -2.94894835e-02  5.96e-09 9.25e-16  1.32e-07     2s
  20  -9.17612526e-03 -2.13162597e-02  3.26e-09 9.61e-16  7.69e-08     2s
  21  -9.46368790e-03 -1.94397088e-02  2.25e-09 1.12e-15  6.32e-08     2s
  22  -9.76401098e-03 -1.69487770e-02  1.44e-09 1.13e-15  4.55e-08     2s
  23  -9.98452035e-03 -1.54404811e-02  9.99e-10 1.07e-15  3.46e-08     2s
  24  -1.01874960e-02 -1.38262265e-02  6.63e-10 1.09e-15  2.31e-08     2s
  25  -1.03949335e-02 -1.28743217e-02  4.19e-10 1.10e-15  1.57e-08     2s
  26  -1.05424133e-02 -1.25115824e-02  2.75e-10 1.20e-15  1.25e-08     2s
  27  -1.05452632e-02 -1.23605908e-02  2.72e-10 1.20e-15  1.15e-08     2s
  28  -1.05723981e-02 -1.21694173e-02  2.46e-10 1.33e-15  1.01e-08     2s
  29  -1.06764598e-02 -1.18866492e-02  1.51e-10 1.42e-15  7.67e-09     2s
  30  -1.07847605e-02 -1.14860997e-02  6.17e-11 1.06e-15  4.45e-09     2s
  31  -1.08108769e-02 -1.13590846e-02  4.43e-11 1.13e-15  3.47e-09     2s
  32  -1.08288845e-02 -1.13136915e-02  3.45e-11 1.24e-15  3.07e-09     2s
  33  -1.08365414e-02 -1.12166347e-02  2.97e-11 1.17e-15  2.41e-09     2s
  34  -1.08492391e-02 -1.10957348e-02  2.59e-11 9.67e-16  1.56e-09     2s
  35  -1.08724235e-02 -1.09587872e-02  2.26e-11 8.37e-16  5.47e-10     2s
  36  -1.08777722e-02 -1.09199459e-02  1.19e-11 8.67e-16  2.67e-10     2s
  37  -1.08788261e-02 -1.09168334e-02  1.04e-11 1.07e-15  2.41e-10     2s
  38  -1.08834012e-02 -1.09049078e-02  1.37e-11 1.52e-15  1.36e-10     2s
  39  -1.08865206e-02 -1.08930949e-02  1.09e-11 3.21e-12  4.17e-11     2s
  40  -1.08878265e-02 -1.08889366e-02  2.58e-11 4.01e-12  7.05e-12     3s
  41  -1.08879330e-02 -1.08879462e-02  1.34e-11 1.42e-12  8.58e-14     3s
  42  -1.08879376e-02 -1.08879376e-02  2.65e-12 1.86e-14  8.58e-17     3s

Barrier solved model in 42 iterations and 2.60 seconds (2.92 work units)
Optimal objective -1.08879376e-02

Crossover time: 0.84 seconds (0.43 work units)

Root relaxation: objective -1.088794e-02, 24321 iterations, 2.66 seconds (2.34 work units)

    Nodes    |    Current Node    |     Objective Bounds      |     Work
 Expl Unexpl |  Obj  Depth IntInf | Incumbent    BestBd   Gap | It/Node Time

     0     0   -0.01089    0  883   -0.00906   -0.01089  20.1%     -    3s
H    0     0                      -0.0091141   -0.01089  19.5%     -    4s
H    0     0                      -0.0091604   -0.01089  18.9%     -    5s
     0     0   -0.01088    0  708   -0.00916   -0.01088  18.8%     -    8s
     0     0          -    0        -0.00916   -0.01088  18.7%     -   20s

Explored 1 nodes (52132 simplex iterations) in 20.02 seconds (17.99 work units)
Thread count was 1 (of 16 available processors)

Solution count 3: -0.00916039 -0.00911412 -0.00906466 

Time limit reached
Best objective -9.160394764889e-03, best bound -1.087777829435e-02, gap 18.7479%

User-callback calls 3464, time in user-callback 0.28 sec
Set parameter Threads to value 1
Set parameter Method to value 2
Set parameter NodeMethod to value 1
Set parameter Crossover to value 2
Set parameter DegenMoves to value 0
Set parameter CutPasses to value 1
Set parameter MIPFocus to value 3
Set parameter MIPGap to value 0
Set parameter MIPGapAbs to value 0
Set parameter FeasibilityTol to value 1e-08
Set parameter IntFeasTol to value 1e-08
Set parameter OptimalityTol to value 1e-08
Set parameter Seed to value 20260929
Set parameter TimeLimit to value 20
