
Gurobi 13.0.2 (win64) logging started Sun Oct  4 19:29:26 2026

Set parameter LogFile to value "docs/v42_m1_certified_arc_lp_floor_and_threshold_cg/logs/PRICE_0010_MESS02.log"
Gurobi Optimizer version 13.0.2 build v13.0.2rc1 (win64 - Windows 11+.0 (26200.2))

CPU model: 13th Gen Intel(R) Core(TM) i7-13620H, instruction set [SSE2|AVX|AVX2]
Thread count: 10 physical cores, 16 logical processors, using up to 1 threads

Non-default parameters:
TimeLimit  20
FeasibilityTol  1e-08
IntFeasTol  1e-08
MIPGap  0
MIPGapAbs  0
OptimalityTol  1e-08
Method  2
Crossover  2
DegenMoves  0
MIPFocus  3
NodeMethod  1
CutPasses  1
LogToConsole  0
Seed  20260929
Threads  1

Optimize a model with 51527 rows, 58895 columns and 314932 nonzeros (Min)
Model fingerprint: 0xc47911c1
Model has 3744 linear objective coefficients and an objective constant of 6.9406027554577612e-03
Variable types: 6805 continuous, 52090 integer (52090 binary)
Coefficient statistics:
  Matrix range     [2e-01, 4e+02]
  Objective range  [2e-13, 9e-06]
  Bounds range     [1e+00, 1e+03]
  RHS range        [1e+00, 8e+02]

Loaded user MIP start with objective -0.0101156
MIP start from previous solve produced solution with objective -0.0102877 (0.10s)
MIP start from previous solve produced solution with objective -0.0103103 (0.12s)
Loaded MIP start from previous solve with objective -0.0103103

Presolve removed 8946 rows and 2 columns
Presolve time: 1.19s
Presolved: 42581 rows, 58893 columns, 292568 nonzeros
Variable types: 6803 continuous, 52090 integer (52090 binary)
Root relaxation presolve removed 1 rows and 1 columns
Root relaxation presolved: 42580 rows, 58892 columns, 292566 nonzeros

Root barrier log...

Ordering time: 0.07s

Barrier statistics:
 AA' NZ     : 5.996e+05
 Factor NZ  : 1.096e+06 (roughly 50 MB of memory)
 Factor Ops : 7.451e+07 (less than 1 second per iteration)
 Threads    : 1

                  Objective                Residual
Iter       Primal          Dual         Primal    Dual     Compl     Time
   0  -1.19894951e-03 -3.44919799e+04  1.80e+04 1.45e-04  3.80e+00     2s
   1  -3.79918968e-02 -2.94160656e+04  2.54e+03 3.23e-03  5.75e-01     2s
   2   7.01077426e-02 -1.16583027e+04  4.08e+02 2.75e-04  1.20e-01     2s
   3   1.97194861e-02 -2.59497255e+03  1.04e+02 1.71e-15  2.59e-02     2s
   4  -2.20407072e-02 -2.37263336e+03  6.64e+01 2.18e-15  2.12e-02     2s
   5  -5.88267586e-02 -2.01266700e+03  3.82e+01 2.23e-15  1.65e-02     2s
   6  -7.58834248e-02 -1.69245268e+03  2.43e+01 2.64e-15  1.34e-02     2s
   7  -8.03412060e-02 -1.38606322e+03  1.79e+01 2.93e-15  1.10e-02     3s
   8  -7.70455485e-02 -1.20630103e+03  1.39e+01 2.87e-15  9.67e-03     3s
   9  -7.00406964e-02 -1.15085163e+03  1.25e+01 3.22e-15  9.01e-03     3s
  10  -4.16937885e-03 -6.22734772e+02  6.47e+00 1.75e-14  4.92e-03     3s
  11   6.54144765e-03 -2.53189231e+02  2.23e+00 9.04e-15  2.01e-03     3s
  12   1.04980646e-02 -1.38679314e+02  5.06e-01 7.24e-15  9.64e-04     3s
  13   1.13366138e-02 -1.53998276e+01  4.50e-02 1.04e-14  1.01e-04     3s
  14   9.76597718e-03 -1.47535867e+00  1.31e-11 6.53e-15  9.40e-06     3s
  15   3.78282241e-03 -6.63230664e-01  8.13e-12 7.17e-15  4.22e-06     3s
  16   7.12300681e-03 -2.80175551e-01  1.65e-11 6.39e-15  1.82e-06     3s
  17   5.37671874e-03 -1.50894750e-01  1.35e-11 7.59e-15  9.89e-07     3s
  18  -1.31842910e-03 -8.56049656e-02  1.43e-11 7.73e-15  5.34e-07     3s
  19  -5.54723364e-03 -5.83207470e-02  1.07e-11 7.49e-15  3.34e-07     3s
  20  -7.81550933e-03 -3.84877658e-02  7.76e-12 7.95e-15  1.94e-07     3s
  21  -8.72191194e-03 -2.88284190e-02  1.42e-11 7.22e-15  1.27e-07     3s
  22  -9.25989258e-03 -2.37282509e-02  1.05e-11 8.86e-15  9.16e-08     3s
  23  -9.69337606e-03 -2.11657984e-02  7.74e-12 8.55e-15  7.26e-08     3s
  24  -9.96833690e-03 -1.83619269e-02  6.53e-12 9.26e-15  5.31e-08     4s
  25  -1.04833566e-02 -1.58770310e-02  7.68e-12 8.07e-15  3.41e-08     4s
  26  -1.07798084e-02 -1.40859407e-02  2.21e-10 7.63e-15  2.09e-08     4s
  27  -1.10901081e-02 -1.33353824e-02  1.41e-10 8.35e-15  1.42e-08     4s
  28  -1.11937190e-02 -1.29597479e-02  1.07e-10 7.99e-15  1.12e-08     4s
  29  -1.12617507e-02 -1.29198463e-02  1.24e-10 1.04e-14  1.05e-08     4s
  30  -1.13779806e-02 -1.25302662e-02  8.03e-11 9.01e-15  7.29e-09     4s
  31  -1.14870906e-02 -1.23759299e-02  5.04e-11 9.37e-15  5.63e-09     4s
  32  -1.14928777e-02 -1.23030251e-02  4.89e-11 9.53e-15  5.13e-09     4s
  33  -1.15650448e-02 -1.22126788e-02  3.15e-11 1.11e-14  4.10e-09     4s
  34  -1.16228452e-02 -1.21295015e-02  2.34e-11 1.08e-14  3.21e-09     4s
  35  -1.16494827e-02 -1.20284741e-02  2.78e-11 9.64e-15  2.40e-09     4s
  36  -1.16613595e-02 -1.20156811e-02  2.26e-11 2.61e-13  2.24e-09     4s
  37  -1.16646409e-02 -1.18944609e-02  2.06e-11 1.84e-12  1.46e-09     4s
  38  -1.16890579e-02 -1.18504562e-02  3.20e-11 2.31e-12  1.02e-09     4s
  39  -1.17056330e-02 -1.17721239e-02  7.38e-11 1.85e-12  4.21e-10     5s
  40  -1.17100182e-02 -1.17309401e-02  4.25e-11 1.50e-12  1.32e-10     5s
  41  -1.17112704e-02 -1.17192540e-02  5.82e-11 7.55e-13  5.05e-11     5s
  42  -1.17118286e-02 -1.17137116e-02  4.01e-11 3.47e-13  1.19e-11     5s
  43  -1.17119518e-02 -1.17119579e-02  5.60e-12 2.79e-13  3.94e-14     5s

Barrier solved model in 43 iterations and 4.80 seconds (2.98 work units)
Optimal objective -1.17119518e-02


Root crossover log...

       0 PPushes remaining with PInf 0.0000000e+00                 5s

  Push phase complete: Pinf 0.0000000e+00, Dinf 9.3045061e-02      5s


Root simplex log...

Iteration    Objective       Primal Inf.    Dual Inf.      Time
   31505   -1.1710103e-02   0.000000e+00   0.000000e+00      5s
   32154   -1.1711494e-02   0.000000e+00   0.000000e+00      5s
Crossover time: 0.70 seconds (0.50 work units)
   32154   -1.1711494e-02   0.000000e+00   0.000000e+00      6s

Root relaxation: objective -1.171149e-02, 32154 iterations, 4.02 seconds (2.46 work units)

    Nodes    |    Current Node    |     Objective Bounds      |     Work
 Expl Unexpl |  Obj  Depth IntInf | Incumbent    BestBd   Gap | It/Node Time

     0     0   -0.01171    0  786   -0.01031   -0.01171  13.6%     -    5s
     0     0   -0.01170    0  690   -0.01031   -0.01170  13.4%     -   11s
     0     0   -0.01169    0  148   -0.01031   -0.01169  13.4%     -   19s

Cutting planes:
  Lift-and-project: 1
  MIR: 8
  Flow cover: 14
  BQP: 1

Explored 1 nodes (58211 simplex iterations) in 20.02 seconds (16.96 work units)
Thread count was 1 (of 16 available processors)

Solution count 1: -0.0103103 

Time limit reached
Best objective -1.031033229244e-02, best bound -1.169474789095e-02, gap 13.4275%

User-callback calls 4051, time in user-callback 0.42 sec
Set parameter Threads to value 1
Set parameter Method to value 2
Set parameter NodeMethod to value 1
Set parameter Crossover to value 2
Set parameter DegenMoves to value 0
Set parameter CutPasses to value 1
Set parameter MIPFocus to value 3
Set parameter MIPGap to value 0
Set parameter MIPGapAbs to value 0
Set parameter FeasibilityTol to value 1e-08
Set parameter IntFeasTol to value 1e-08
Set parameter OptimalityTol to value 1e-08
Set parameter Seed to value 20260929
Set parameter TimeLimit to value 20
