
Gurobi 13.0.2 (win64) logging started Sun Oct  4 19:34:17 2026

Set parameter LogFile to value "docs/v42_m1_certified_arc_lp_floor_and_threshold_cg/logs/PRICE_0025_MESS01.log"
Gurobi Optimizer version 13.0.2 build v13.0.2rc1 (win64 - Windows 11+.0 (26200.2))

CPU model: 13th Gen Intel(R) Core(TM) i7-13620H, instruction set [SSE2|AVX|AVX2]
Thread count: 10 physical cores, 16 logical processors, using up to 1 threads

Non-default parameters:
TimeLimit  90
FeasibilityTol  1e-08
IntFeasTol  1e-08
MIPGap  0
MIPGapAbs  0
OptimalityTol  1e-08
Method  2
Crossover  2
DegenMoves  0
MIPFocus  3
NodeMethod  1
CutPasses  1
LogToConsole  0
Seed  20260929
Threads  1

Optimize a model with 51458 rows, 58814 columns and 314503 nonzeros (Min)
Model fingerprint: 0x0f140cc1
Model has 2736 linear objective coefficients and an objective constant of 8.7893151597506058e-03
Variable types: 6796 continuous, 52018 integer (52018 binary)
Coefficient statistics:
  Matrix range     [2e-01, 4e+02]
  Objective range  [3e-13, 1e-05]
  Bounds range     [1e+00, 1e+03]
  RHS range        [1e+00, 8e+02]

Loaded user MIP start with objective 0.000182305
MIP start from previous solve produced solution with objective -0.00661553 (0.07s)
MIP start from previous solve produced solution with objective -0.00668342 (0.08s)
Loaded MIP start from previous solve with objective -0.00668342

Presolve removed 8934 rows and 2 columns
Presolve time: 1.19s
Presolved: 42524 rows, 58812 columns, 292169 nonzeros
Variable types: 6794 continuous, 52018 integer (52018 binary)
Root relaxation presolve removed 2 rows and 2 columns
Root relaxation presolved: 42522 rows, 58810 columns, 292165 nonzeros

Root barrier log...

Ordering time: 0.08s

Barrier statistics:
 AA' NZ     : 5.988e+05
 Factor NZ  : 1.086e+06 (roughly 50 MB of memory)
 Factor Ops : 7.173e+07 (less than 1 second per iteration)
 Threads    : 1

                  Objective                Residual
Iter       Primal          Dual         Primal    Dual     Compl     Time
   0  -4.13570433e-03 -3.44328630e+04  1.80e+04 1.61e-04  3.80e+00     2s
   1  -4.37444186e-02 -2.95273884e+04  2.42e+03 3.01e-03  5.56e-01     2s
   2   7.69936539e-02 -9.26915094e+03  3.51e+02 1.56e-04  9.62e-02     2s
   3  -8.31856573e-03 -2.43445742e+03  8.38e+01 5.20e-15  2.33e-02     2s
   4  -5.42041426e-02 -1.93595991e+03  4.22e+01 5.50e-15  1.65e-02     2s
   5  -7.01076160e-02 -1.52705980e+03  2.56e+01 5.60e-15  1.26e-02     2s
   6  -7.38358158e-02 -1.20907813e+03  1.69e+01 4.97e-15  9.95e-03     2s
   7  -6.81924908e-02 -1.04151998e+03  1.38e+01 5.71e-15  8.69e-03     2s
   8  -5.26484879e-02 -9.33252476e+02  1.10e+01 5.36e-15  7.47e-03     2s
   9   7.15834611e-03 -3.84252438e+02  3.36e+00 3.36e-15  2.88e-03     3s
  10   1.13446889e-02 -1.47054798e+02  1.11e+00 3.99e-15  1.09e-03     3s
  11   1.26328671e-02 -1.01144916e+02  3.26e-01 6.74e-15  6.84e-04     3s
  12   1.28480779e-02 -1.45183126e+01  1.22e-03 4.36e-15  9.22e-05     3s
  13   9.46346238e-03 -2.38665732e+00  2.40e-06 3.16e-15  1.52e-05     3s
  14   4.09450988e-03 -5.12375965e-01  9.62e-07 3.20e-15  3.27e-06     3s
  15   9.44977967e-05 -1.57401085e-01  3.16e-07 3.22e-15  9.98e-07     3s
  16  -4.97861903e-03 -9.46305465e-02  1.07e-07 3.48e-15  5.68e-07     3s
  17  -7.48403785e-03 -6.29547777e-02  4.46e-08 3.69e-15  3.52e-07     3s
  18  -8.96988587e-03 -4.41875037e-02  2.24e-08 3.80e-15  2.23e-07     3s
  19  -1.01563364e-02 -3.59966646e-02  9.29e-09 4.30e-15  1.64e-07     3s
  20  -1.06441783e-02 -3.04621761e-02  6.74e-09 4.48e-15  1.26e-07     3s
  21  -1.08077159e-02 -2.70812633e-02  5.96e-09 4.82e-15  1.03e-07     3s
  22  -1.12782028e-02 -2.26808214e-02  3.61e-09 4.52e-15  7.23e-08     3s
  23  -1.16433568e-02 -2.13536449e-02  2.10e-09 4.54e-15  6.15e-08     3s
  24  -1.17414325e-02 -1.89054359e-02  1.79e-09 4.55e-15  4.54e-08     3s
  25  -1.20048829e-02 -1.80925259e-02  9.88e-10 5.29e-15  3.86e-08     4s
  26  -1.21217031e-02 -1.72269435e-02  6.99e-10 4.73e-15  3.24e-08     4s
  27  -1.21648803e-02 -1.67329887e-02  6.04e-10 5.32e-15  2.90e-08     4s
  28  -1.22459970e-02 -1.57258987e-02  4.23e-10 5.51e-15  2.21e-08     4s
  29  -1.23065232e-02 -1.51718371e-02  3.12e-10 5.29e-15  1.82e-08     4s
  30  -1.23380212e-02 -1.42926337e-02  2.60e-10 4.73e-15  1.24e-08     4s
  31  -1.23584051e-02 -1.38035504e-02  2.33e-10 4.46e-15  9.16e-09     4s
  32  -1.23659616e-02 -1.37397017e-02  2.21e-10 4.93e-15  8.71e-09     4s
  33  -1.24103709e-02 -1.31129694e-02  1.66e-10 3.85e-15  4.45e-09     4s
  34  -1.24622553e-02 -1.29670652e-02  1.12e-10 4.20e-15  3.20e-09     4s
  35  -1.24755342e-02 -1.29131114e-02  9.23e-11 5.38e-15  2.77e-09     4s
  36  -1.25334925e-02 -1.28962556e-02  5.75e-11 5.32e-15  2.30e-09     4s
  37  -1.25362787e-02 -1.26712855e-02  5.39e-11 3.50e-15  8.56e-10     4s
  38  -1.25470853e-02 -1.26323962e-02  3.23e-10 3.75e-15  5.41e-10     4s
  39  -1.25562563e-02 -1.25869427e-02  3.42e-10 1.87e-14  1.94e-10     4s
  40  -1.25592197e-02 -1.25780579e-02  6.19e-10 1.69e-13  1.19e-10     5s
  41  -1.25616742e-02 -1.25660010e-02  9.37e-10 5.91e-13  2.74e-11     5s
  42  -1.25622661e-02 -1.25626611e-02  1.06e-10 2.09e-12  2.51e-12     5s
  43  -1.25623094e-02 -1.25623100e-02  5.69e-12 1.36e-13  4.70e-15     5s

Barrier solved model in 43 iterations and 4.74 seconds (2.98 work units)
Optimal objective -1.25623094e-02


Root crossover log...

       0 PPushes remaining with PInf 0.0000000e+00                 6s

  Push phase complete: Pinf 0.0000000e+00, Dinf 2.7023816e-04      6s


Root simplex log...

Iteration    Objective       Primal Inf.    Dual Inf.      Time
   33039   -1.2562309e-02   0.000000e+00   0.000000e+00      6s
   33115   -1.2562309e-02   0.000000e+00   0.000000e+00      6s
Crossover time: 0.98 seconds (0.68 work units)
   33115   -1.2562309e-02   0.000000e+00   0.000000e+00      6s

Root relaxation: objective -1.256231e-02, 33115 iterations, 4.31 seconds (2.65 work units)

    Nodes    |    Current Node    |     Objective Bounds      |     Work
 Expl Unexpl |  Obj  Depth IntInf | Incumbent    BestBd   Gap | It/Node Time

     0     0   -0.01256    0 1181   -0.00668   -0.01256  88.0%     -    5s
H    0     0                      -0.0113113   -0.01256  11.1%     -    6s
H    0     0                      -0.0113359   -0.01256  10.8%     -    6s
H    0     0                      -0.0122088   -0.01256  2.90%     -    6s
H    0     0                      -0.0122440   -0.01256  2.60%     -    6s
     0     0   -0.01255    0  153   -0.01224   -0.01255  2.53%     -   15s
     0     0   -0.01255    0 1129   -0.01224   -0.01255  2.53%     -   27s
H    0     0                      -0.0122518   -0.01255  2.47%     -   28s
     0     0   -0.01255    0  680   -0.01225   -0.01255  2.47%     -   32s
     0     0   -0.01255    0 1123   -0.01225   -0.01255  2.47%     -   45s
     0     0   -0.01255    0  200   -0.01225   -0.01255  2.47%     -   51s
     0     0   -0.01255    0 1082   -0.01225   -0.01255  2.47%     -   63s
     0     0   -0.01249    0  349   -0.01225   -0.01249  1.96%     -   68s
H    0     0                      -0.0122521   -0.01249  1.96%     -   69s
     0     2   -0.01249    0  349   -0.01225   -0.01249  1.96%     -   69s
     1     3   -0.01242    1  606   -0.01225   -0.01249  1.91%   341   70s
    15     6   -0.01226    6   82   -0.01225   -0.01226  0.03%   164   75s
    22    13   -0.01226    9  101   -0.01225   -0.01226  0.03%   188   80s
*   29     0              16      -0.0122553   -0.01226  0.00%   188   83s

Cutting planes:
  Projected implied bound: 2
  MIR: 511
  Flow cover: 67
  BQP: 228

Explored 30 nodes (131631 simplex iterations) in 83.23 seconds (54.52 work units)
Thread count was 1 (of 16 available processors)

Solution count 7: -0.0122553 -0.0122521 -0.0122518 ... -0.00668342

Optimal solution found (tolerance 0.00e+00)
Best objective -1.225534197992e-02, best bound -1.225534197992e-02, gap 0.0000%

User-callback calls 12604, time in user-callback 1.09 sec
