
Gurobi 13.0.2 (win64) logging started Sun Oct  4 19:34:17 2026

Set parameter LogFile to value "docs/v42_m1_certified_arc_lp_floor_and_threshold_cg/logs/PRICE_0028_MESS04.log"
Gurobi Optimizer version 13.0.2 build v13.0.2rc1 (win64 - Windows 11+.0 (26200.2))

CPU model: 13th Gen Intel(R) Core(TM) i7-13620H, instruction set [SSE2|AVX|AVX2]
Thread count: 10 physical cores, 16 logical processors, using up to 1 threads

Non-default parameters:
TimeLimit  90
FeasibilityTol  1e-08
IntFeasTol  1e-08
MIPGap  0
MIPGapAbs  0
OptimalityTol  1e-08
Method  2
Crossover  2
DegenMoves  0
MIPFocus  3
NodeMethod  1
CutPasses  1
LogToConsole  0
Seed  20260929
Threads  1

Optimize a model with 51481 rows, 58841 columns and 314646 nonzeros (Min)
Model fingerprint: 0x287a1241
Model has 2736 linear objective coefficients and an objective constant of 9.2398682276016112e-03
Variable types: 6799 continuous, 52042 integer (52042 binary)
Coefficient statistics:
  Matrix range     [2e-01, 4e+02]
  Objective range  [3e-13, 1e-05]
  Bounds range     [1e+00, 1e+03]
  RHS range        [1e+00, 8e+02]

Loaded user MIP start with objective 4.38885e-16
MIP start from previous solve produced solution with objective -0.00638926 (0.08s)
MIP start from previous solve produced solution with objective -0.00646955 (0.09s)
Loaded MIP start from previous solve with objective -0.00646955

Presolve removed 8938 rows and 2 columns
Presolve time: 1.21s
Presolved: 42543 rows, 58839 columns, 292302 nonzeros
Variable types: 6797 continuous, 52042 integer (52042 binary)
Root relaxation presolve removed 2 rows and 2 columns
Root relaxation presolved: 42541 rows, 58837 columns, 292298 nonzeros

Root barrier log...

Ordering time: 0.09s

Barrier statistics:
 AA' NZ     : 5.993e+05
 Factor NZ  : 1.094e+06 (roughly 50 MB of memory)
 Factor Ops : 7.380e+07 (less than 1 second per iteration)
 Threads    : 1

                  Objective                Residual
Iter       Primal          Dual         Primal    Dual     Compl     Time
   0  -3.84681153e-03 -3.44574603e+04  1.81e+04 1.61e-04  3.81e+00     2s
   1  -4.33549474e-02 -2.87606177e+04  2.42e+03 4.12e-03  5.55e-01     2s
   2   7.17273993e-02 -1.10094907e+04  3.51e+02 1.80e-04  1.09e-01     2s
   3   2.57073883e-02 -3.04020308e+03  1.06e+02 2.88e-06  2.93e-02     2s
   4  -4.13171703e-02 -2.40205585e+03  4.85e+01 1.19e-15  2.01e-02     2s
   5  -6.46475512e-02 -1.87472924e+03  2.86e+01 1.62e-15  1.51e-02     2s
   6  -6.96286846e-02 -1.40665652e+03  2.18e+01 1.71e-15  1.17e-02     2s
   7  -7.03914572e-02 -1.28397583e+03  1.90e+01 1.98e-15  1.07e-02     2s
   8  -6.01865828e-02 -1.04158725e+03  1.61e+01 2.27e-15  9.01e-03     3s
   9  -2.54714032e-02 -5.25028851e+02  1.09e+01 2.15e-15  4.99e-03     3s
  10  -7.85383143e-03 -1.85788058e+02  5.86e+00 3.04e-15  2.30e-03     3s
  11   9.34465646e-03 -9.17561810e+01  1.21e+00 3.33e-15  8.13e-04     3s
  12   1.23729337e-02 -2.31198409e+01  3.03e-01 2.49e-15  1.82e-04     3s
  13   1.24766153e-02 -3.32234168e+00  4.10e-05 2.16e-15  2.11e-05     3s
  14   4.42705995e-03 -7.56600278e-01  4.17e-08 6.49e-16  4.82e-06     3s
  15   5.78524196e-03 -6.43894460e-01  3.62e-08 6.26e-16  4.12e-06     3s
  16   2.88220284e-03 -9.01973314e-02  1.02e-08 4.80e-16  5.90e-07     3s
  17  -2.74219157e-03 -5.46409769e-02  4.58e-09 4.62e-16  3.29e-07     3s
  18  -7.00348401e-03 -3.72485480e-02  1.24e-09 4.43e-16  1.92e-07     3s
  19  -8.21514120e-03 -2.88831957e-02  7.82e-10 4.47e-16  1.31e-07     3s
  20  -8.48100904e-03 -2.43821983e-02  6.95e-10 5.10e-16  1.01e-07     3s
  21  -9.03655820e-03 -2.26121761e-02  5.51e-10 5.29e-16  8.60e-08     3s
  22  -9.71189886e-03 -2.14516044e-02  4.07e-10 5.56e-16  7.44e-08     3s
  23  -1.00595705e-02 -1.90463585e-02  3.37e-10 6.33e-16  5.69e-08     4s
  24  -1.04784567e-02 -1.69041234e-02  2.48e-10 6.08e-16  4.07e-08     4s
  25  -1.08524067e-02 -1.61110687e-02  1.75e-10 5.67e-16  3.33e-08     4s
  26  -1.09779972e-02 -1.58631736e-02  1.59e-10 6.56e-16  3.09e-08     4s
  27  -1.10968675e-02 -1.46833593e-02  1.38e-10 5.67e-16  2.27e-08     4s
  28  -1.12679772e-02 -1.44152539e-02  1.08e-10 5.83e-16  1.99e-08     4s
  29  -1.15643647e-02 -1.42997028e-02  6.84e-11 6.53e-16  1.73e-08     4s
  30  -1.16473759e-02 -1.37829173e-02  5.90e-11 5.21e-16  1.35e-08     4s
  31  -1.17323970e-02 -1.36879706e-02  4.53e-11 5.45e-16  1.24e-08     4s
  32  -1.17863357e-02 -1.34940716e-02  5.01e-11 5.13e-16  1.08e-08     4s
  33  -1.18296905e-02 -1.33126304e-02  1.09e-10 4.59e-16  9.39e-09     4s
  34  -1.18770814e-02 -1.31140306e-02  1.59e-10 3.86e-16  7.84e-09     4s
  35  -1.18810320e-02 -1.29756127e-02  1.53e-10 3.76e-16  6.93e-09     4s
  36  -1.19111318e-02 -1.27614382e-02  1.85e-10 3.61e-16  5.39e-09     4s
  37  -1.19843312e-02 -1.27007873e-02  2.15e-10 3.43e-16  4.54e-09     4s
  38  -1.20269357e-02 -1.23213674e-02  1.46e-10 2.19e-16  1.87e-09     4s
  39  -1.20748547e-02 -1.22472643e-02  3.47e-10 2.44e-16  1.09e-09     5s
  40  -1.20920682e-02 -1.21816908e-02  1.78e-10 2.32e-16  5.68e-10     5s
  41  -1.20969484e-02 -1.21662750e-02  4.38e-10 2.62e-16  4.39e-10     5s
  42  -1.21070808e-02 -1.21303057e-02  2.63e-10 3.34e-13  1.47e-10     5s
  43  -1.21111298e-02 -1.21201014e-02  2.39e-09 6.06e-13  5.68e-11     5s
  44  -1.21114763e-02 -1.21134014e-02  1.05e-09 6.41e-13  1.22e-11     5s
  45  -1.21117409e-02 -1.21118468e-02  4.63e-11 1.97e-12  6.79e-13     5s
  46  -1.21117563e-02 -1.21117566e-02  2.90e-12 1.14e-13  1.97e-15     5s

Barrier solved model in 46 iterations and 5.08 seconds (3.10 work units)
Optimal objective -1.21117563e-02


Root crossover log...

   17847 DPushes remaining with DInf 3.5898227e-06                 5s
       0 DPushes remaining with DInf 0.0000000e+00                 5s

   22026 PPushes remaining with PInf 2.2652321e-04                 5s
       0 PPushes remaining with PInf 0.0000000e+00                 6s

  Push phase complete: Pinf 0.0000000e+00, Dinf 7.0754504e-05      6s


Root simplex log...

Iteration    Objective       Primal Inf.    Dual Inf.      Time
   30628   -1.2111756e-02   0.000000e+00   0.000000e+00      6s
   30662   -1.2111756e-02   0.000000e+00   0.000000e+00      6s
Crossover time: 0.80 seconds (0.59 work units)
   30662   -1.2111756e-02   0.000000e+00   0.000000e+00      6s

Root relaxation: objective -1.211176e-02, 30662 iterations, 4.43 seconds (2.67 work units)

    Nodes    |    Current Node    |     Objective Bounds      |     Work
 Expl Unexpl |  Obj  Depth IntInf | Incumbent    BestBd   Gap | It/Node Time

     0     0   -0.01211    0 1131   -0.00647   -0.01211  87.2%     -    6s
H    0     0                      -0.0112279   -0.01211  7.87%     -    6s
H    0     0                      -0.0112574   -0.01211  7.59%     -    6s
H    0     0                      -0.0117333   -0.01211  3.23%     -    6s
H    0     0                      -0.0117934   -0.01211  2.70%     -    6s
H    0     0                      -0.0118016   -0.01211  2.63%     -    7s
     0     0   -0.01210    0  122   -0.01180   -0.01210  2.56%     -   14s
     0     0   -0.01210    0 1151   -0.01180   -0.01210  2.56%     -   27s
     0     0   -0.01204    0  122   -0.01180   -0.01204  2.03%     -   30s
     0     0   -0.01202    0  745   -0.01180   -0.01202  1.89%     -   49s
     0     0   -0.01202    0  605   -0.01180   -0.01202  1.89%     -   62s
     0     0   -0.01201    0   69   -0.01180   -0.01201  1.79%     -   78s
     0     0   -0.01201    0   81   -0.01180   -0.01201  1.79%     -   82s
H    0     0                      -0.0118048   -0.01201  1.76%     -   83s
     0     2   -0.01201    0   81   -0.01180   -0.01201  1.76%     -   84s
     2     2   -0.01191    1   83   -0.01180   -0.01191  0.91%   160   85s

Cutting planes:
  Gomory: 1
  Lift-and-project: 2
  Projected implied bound: 2
  MIR: 22
  Flow cover: 23

Explored 11 nodes (131764 simplex iterations) in 86.28 seconds (59.04 work units)
Thread count was 1 (of 16 available processors)

Solution count 5: -0.0118048 -0.0118016 -0.0117934 ... -0.00646955

Optimal solution found (tolerance 0.00e+00)
Best objective -1.180478891207e-02, best bound -1.180478891207e-02, gap 0.0000%

User-callback calls 10405, time in user-callback 0.92 sec
