
Gurobi 13.0.2 (win64) logging started Sun Oct  4 19:30:21 2026

Set parameter LogFile to value "docs/v42_m1_certified_arc_lp_floor_and_threshold_cg/logs/PRICE_0015_MESS03.log"
Gurobi Optimizer version 13.0.2 build v13.0.2rc1 (win64 - Windows 11+.0 (26200.2))

CPU model: 13th Gen Intel(R) Core(TM) i7-13620H, instruction set [SSE2|AVX|AVX2]
Thread count: 10 physical cores, 16 logical processors, using up to 1 threads

Non-default parameters:
TimeLimit  20
FeasibilityTol  1e-08
IntFeasTol  1e-08
MIPGap  0
MIPGapAbs  0
OptimalityTol  1e-08
Method  2
Crossover  2
DegenMoves  0
MIPFocus  3
NodeMethod  1
CutPasses  1
LogToConsole  0
Seed  20260929
Threads  1

Optimize a model with 51596 rows, 58976 columns and 315361 nonzeros (Min)
Model fingerprint: 0xa379e08c
Model has 3744 linear objective coefficients and an objective constant of 7.0389767722283609e-03
Variable types: 6814 continuous, 52162 integer (52162 binary)
Coefficient statistics:
  Matrix range     [2e-01, 4e+02]
  Objective range  [4e-13, 9e-06]
  Bounds range     [1e+00, 1e+03]
  RHS range        [1e+00, 8e+02]

Loaded user MIP start with objective -0.00925014
MIP start from previous solve did not produce a new incumbent solution

Presolve removed 8958 rows and 2 columns
Presolve time: 0.67s
Presolved: 42638 rows, 58974 columns, 292967 nonzeros
Variable types: 6812 continuous, 52162 integer (52162 binary)
Root relaxation presolve removed 3 rows and 2 columns
Root relaxation presolved: 42635 rows, 58972 columns, 292915 nonzeros

Root barrier log...

Ordering time: 0.05s

Barrier statistics:
 AA' NZ     : 6.006e+05
 Factor NZ  : 1.080e+06 (roughly 50 MB of memory)
 Factor Ops : 6.927e+07 (less than 1 second per iteration)
 Threads    : 1

                  Objective                Residual
Iter       Primal          Dual         Primal    Dual     Compl     Time
   0   1.50463831e-03 -3.45219734e+04  1.80e+04 1.52e-04  3.80e+00     1s
   1  -4.43193240e-02 -2.93377743e+04  2.38e+03 2.53e-03  5.43e-01     1s
   2   7.64858780e-02 -8.95777612e+03  3.44e+02 9.85e-05  9.27e-02     1s
   3  -1.25957141e-02 -2.39452282e+03  7.54e+01 2.64e-15  2.20e-02     1s
   4  -5.60615344e-02 -1.89923355e+03  3.93e+01 2.44e-15  1.58e-02     1s
   5  -7.08672152e-02 -1.45803280e+03  2.45e+01 2.31e-15  1.20e-02     1s
   6  -7.34753137e-02 -1.16285092e+03  1.69e+01 2.83e-15  9.56e-03     1s
   7  -3.92337356e-02 -1.02291148e+03  1.25e+01 3.61e-15  8.24e-03     1s
   8   8.33347811e-03 -3.22330455e+02  3.20e+00 3.30e-15  2.54e-03     1s
   9   1.15959030e-02 -1.27264549e+02  3.74e-01 3.27e-15  8.61e-04     1s
  10   1.18028998e-02 -2.53578582e+01  3.11e-02 2.76e-15  1.62e-04     1s
  11   1.04766168e-02 -2.55632859e+00  7.24e-05 1.80e-15  1.62e-05     1s
  12   4.12587337e-03 -8.73974042e-01  1.56e-05 6.12e-16  5.55e-06     2s
  13   4.07871210e-03 -5.95484117e-01  1.08e-05 4.17e-16  3.79e-06     2s
  14   4.55639951e-04 -2.10387716e-01  2.60e-06 1.36e-16  1.33e-06     2s
  15  -3.05037241e-03 -1.27356595e-01  1.21e-06 8.10e-17  7.86e-07     2s
  16  -5.78182185e-03 -7.64573625e-02  4.28e-07 4.63e-17  4.47e-07     2s
  17  -7.54860725e-03 -4.77275591e-02  1.54e-07 2.47e-17  2.54e-07     2s
  18  -8.19234307e-03 -3.88840354e-02  1.06e-07 1.97e-17  1.94e-07     2s
  19  -8.66029417e-03 -3.62955513e-02  7.60e-08 1.91e-17  1.75e-07     2s
  20  -9.43744299e-03 -3.10117908e-02  3.04e-08 1.59e-17  1.36e-07     2s
  21  -9.81064239e-03 -2.65067874e-02  1.33e-08 1.14e-17  1.06e-07     2s
  22  -9.99137045e-03 -2.26433077e-02  8.47e-09 9.52e-18  8.00e-08     2s
  23  -1.01673296e-02 -1.88476243e-02  5.52e-09 7.04e-18  5.49e-08     2s
  24  -1.02779490e-02 -1.76486060e-02  4.38e-09 7.88e-18  4.66e-08     2s
  25  -1.03422164e-02 -1.60525246e-02  3.84e-09 5.49e-18  3.61e-08     2s
  26  -1.06259388e-02 -1.38311034e-02  1.87e-09 5.10e-18  2.03e-08     2s
  27  -1.07445662e-02 -1.30859460e-02  1.34e-09 3.50e-18  1.48e-08     2s
  28  -1.07672185e-02 -1.29597017e-02  1.24e-09 4.41e-18  1.39e-08     2s
  29  -1.08609040e-02 -1.26453561e-02  8.53e-10 4.05e-18  1.13e-08     2s
  30  -1.09580742e-02 -1.20708751e-02  4.82e-10 3.74e-18  7.04e-09     2s
  31  -1.10075427e-02 -1.17211041e-02  3.22e-10 3.56e-18  4.51e-09     2s
  32  -1.10365343e-02 -1.16906710e-02  2.45e-10 3.92e-18  4.14e-09     2s
  33  -1.10496186e-02 -1.16017445e-02  2.11e-10 4.60e-18  3.49e-09     2s
  34  -1.10938150e-02 -1.13353056e-02  9.68e-11 3.27e-18  1.53e-09     2s
  35  -1.11263543e-02 -1.11980551e-02  4.77e-11 3.00e-18  4.53e-10     2s
  36  -1.11393190e-02 -1.11778019e-02  2.87e-11 3.01e-18  2.43e-10     2s
  37  -1.11400066e-02 -1.11664833e-02  1.07e-10 3.21e-18  1.67e-10     2s
  38  -1.11404363e-02 -1.11509039e-02  7.26e-11 3.01e-18  6.62e-11     2s
  39  -1.11406542e-02 -1.11417301e-02  1.52e-10 4.83e-12  6.81e-12     2s
  40  -1.11407873e-02 -1.11408455e-02  5.49e-12 2.52e-12  3.71e-13     2s
  41  -1.11407965e-02 -1.11407966e-02  5.46e-13 1.80e-13  3.71e-16     2s

Barrier solved model in 41 iterations and 2.50 seconds (2.82 work units)
Optimal objective -1.11407965e-02

Crossover time: 0.63 seconds (0.43 work units)

Root relaxation: objective -1.114080e-02, 24661 iterations, 2.38 seconds (2.24 work units)

    Nodes    |    Current Node    |     Objective Bounds      |     Work
 Expl Unexpl |  Obj  Depth IntInf | Incumbent    BestBd   Gap | It/Node Time

     0     0   -0.01114    0  501   -0.00925   -0.01114  20.4%     -    3s
H    0     0                      -0.0093481   -0.01114  19.2%     -    4s
H    0     0                      -0.0093958   -0.01114  18.6%     -    5s
H    0     0                      -0.0094442   -0.01114  18.0%     -    5s
H    0     0                      -0.0094667   -0.01114  17.7%     -    5s
     0     0   -0.01110    0  418   -0.00947   -0.01110  17.3%     -    7s
     0     0   -0.01110    0  816   -0.00947   -0.01110  17.3%     -   19s

Cutting planes:
  Lift-and-project: 1
  Projected implied bound: 1
  MIR: 10
  Flow cover: 4
  BQP: 37

Explored 1 nodes (51923 simplex iterations) in 20.03 seconds (17.48 work units)
Thread count was 1 (of 16 available processors)

Solution count 4: -0.00946671 -0.00939583 -0.00934805 -0.00925014 

Time limit reached
Best objective -9.466711302110e-03, best bound -1.110326154347e-02, gap 17.2874%

User-callback calls 3677, time in user-callback 0.43 sec
Set parameter Threads to value 1
Set parameter Method to value 2
Set parameter NodeMethod to value 1
Set parameter Crossover to value 2
Set parameter DegenMoves to value 0
Set parameter CutPasses to value 1
Set parameter MIPFocus to value 3
Set parameter MIPGap to value 0
Set parameter MIPGapAbs to value 0
Set parameter FeasibilityTol to value 1e-08
Set parameter IntFeasTol to value 1e-08
Set parameter OptimalityTol to value 1e-08
Set parameter Seed to value 20260929
Set parameter TimeLimit to value 20
