
Gurobi 13.0.2 (win64) logging started Sun Oct  4 19:27:02 2026

Set parameter LogFile to value "docs/v42_m1_certified_arc_lp_floor_and_threshold_cg/logs/PRICE_0002_MESS02.log"
Gurobi Optimizer version 13.0.2 build v13.0.2rc1 (win64 - Windows 11+.0 (26200.2))

CPU model: 13th Gen Intel(R) Core(TM) i7-13620H, instruction set [SSE2|AVX|AVX2]
Thread count: 10 physical cores, 16 logical processors, using up to 1 threads

Non-default parameters:
TimeLimit  20
FeasibilityTol  1e-08
IntFeasTol  1e-08
MIPGap  0
MIPGapAbs  0
OptimalityTol  1e-08
Method  2
Crossover  2
DegenMoves  0
MIPFocus  3
NodeMethod  1
CutPasses  1
LogToConsole  0
Seed  20260929
Threads  1

Optimize a model with 51527 rows, 58895 columns and 314932 nonzeros (Min)
Model fingerprint: 0x96745fe0
Model has 3600 linear objective coefficients and an objective constant of 0.00672673277722576
Variable types: 6805 continuous, 52090 integer (52090 binary)
Coefficient statistics:
  Matrix range     [2e-01, 4e+02]
  Objective range  [1e-12, 9e-06]
  Bounds range     [1e+00, 1e+03]
  RHS range        [1e+00, 8e+02]

Loaded user MIP start with objective -0.0077138

Presolve removed 8946 rows and 2 columns
Presolve time: 1.20s
Presolved: 42581 rows, 58893 columns, 292568 nonzeros
Variable types: 6803 continuous, 52090 integer (52090 binary)
Root relaxation presolve removed 1 rows and 1 columns
Root relaxation presolved: 42580 rows, 58892 columns, 292566 nonzeros

Root barrier log...

Ordering time: 0.07s

Barrier statistics:
 AA' NZ     : 5.996e+05
 Factor NZ  : 1.096e+06 (roughly 50 MB of memory)
 Factor Ops : 7.451e+07 (less than 1 second per iteration)
 Threads    : 1

                  Objective                Residual
Iter       Primal          Dual         Primal    Dual     Compl     Time
   0  -3.93186992e-03 -3.44919778e+04  1.80e+04 1.43e-04  3.80e+00     2s
   1  -3.85917872e-02 -2.94160141e+04  2.54e+03 3.23e-03  5.75e-01     2s
   2   7.04008895e-02 -1.16584829e+04  4.08e+02 2.75e-04  1.20e-01     2s
   3   1.98734956e-02 -2.59534138e+03  1.04e+02 2.30e-15  2.59e-02     2s
   4  -2.21213338e-02 -2.37289796e+03  6.64e+01 2.57e-15  2.12e-02     2s
   5  -5.92591883e-02 -2.01302526e+03  3.82e+01 2.77e-15  1.65e-02     2s
   6  -7.64544141e-02 -1.69294440e+03  2.43e+01 2.75e-15  1.34e-02     2s
   7  -8.10199296e-02 -1.38646959e+03  1.78e+01 2.70e-15  1.10e-02     2s
   8  -7.77624328e-02 -1.20669068e+03  1.39e+01 2.29e-15  9.67e-03     3s
   9  -7.07512024e-02 -1.15130642e+03  1.25e+01 2.60e-15  9.01e-03     3s
  10  -4.55377036e-03 -6.23701116e+02  6.47e+00 4.38e-15  4.93e-03     3s
  11   6.14663210e-03 -2.54576409e+02  2.25e+00 3.13e-15  2.02e-03     3s
  12   1.02215855e-02 -1.38792419e+02  5.10e-01 2.77e-15  9.65e-04     3s
  13   1.10927497e-02 -1.54357186e+01  4.65e-02 2.38e-15  1.01e-04     3s
  14   9.51555557e-03 -1.53417914e+00  9.01e-12 2.45e-15  9.77e-06     3s
  15   4.70420348e-03 -7.84468131e-01  5.65e-12 1.99e-15  5.00e-06     3s
  16   3.70857810e-03 -5.67251582e-01  9.44e-12 1.95e-15  3.61e-06     3s
  17   7.04147770e-04 -2.26467067e-01  1.36e-11 1.85e-15  1.44e-06     3s
  18  -2.24798286e-03 -9.60492800e-02  7.70e-12 1.67e-15  5.94e-07     3s
  19  -6.81431653e-03 -6.59330299e-02  1.78e-11 1.70e-15  3.74e-07     3s
  20  -8.77776773e-03 -3.97535821e-02  7.78e-12 1.86e-15  1.96e-07     3s
  21  -9.75102605e-03 -3.29475279e-02  1.00e-11 1.86e-15  1.47e-07     3s
  22  -1.03090602e-02 -2.73732780e-02  1.02e-11 1.98e-15  1.08e-07     3s
  23  -1.04719498e-02 -2.23923620e-02  8.63e-12 2.04e-15  7.55e-08     3s
  24  -1.08499616e-02 -2.01059609e-02  5.99e-12 2.28e-15  5.86e-08     4s
  25  -1.12620071e-02 -1.83799792e-02  8.33e-12 2.25e-15  4.51e-08     4s
  26  -1.16104720e-02 -1.63658421e-02  1.34e-11 2.27e-15  3.01e-08     4s
  27  -1.18466038e-02 -1.51457111e-02  1.17e-11 2.26e-15  2.09e-08     4s
  28  -1.20511854e-02 -1.40973435e-02  1.07e-11 1.94e-15  1.30e-08     4s
  29  -1.22031056e-02 -1.36774541e-02  9.97e-12 1.91e-15  9.33e-09     4s
  30  -1.23451663e-02 -1.34382616e-02  1.37e-11 2.22e-15  6.92e-09     4s
  31  -1.23934819e-02 -1.32760957e-02  1.41e-11 2.41e-15  5.59e-09     4s
  32  -1.24028391e-02 -1.31294540e-02  1.06e-11 2.50e-15  4.60e-09     4s
  33  -1.24392802e-02 -1.28867821e-02  1.34e-11 2.00e-15  2.83e-09     4s
  34  -1.24710547e-02 -1.27467335e-02  2.19e-11 2.11e-15  1.75e-09     4s
  35  -1.25001344e-02 -1.26209888e-02  3.48e-11 1.85e-15  7.65e-10     4s
  36  -1.25011675e-02 -1.26106132e-02  3.22e-11 2.03e-15  6.93e-10     4s
  37  -1.25032410e-02 -1.25622064e-02  2.74e-11 1.87e-15  3.73e-10     4s
  38  -1.25146929e-02 -1.25552344e-02  1.23e-10 1.91e-15  2.57e-10     4s
  39  -1.25163050e-02 -1.25247188e-02  7.17e-11 2.38e-13  5.33e-11     5s
  40  -1.25168375e-02 -1.25223223e-02  1.16e-10 3.24e-12  3.47e-11     5s
  41  -1.25168187e-02 -1.25211073e-02  7.32e-10 2.78e-12  2.72e-11     5s
  42  -1.25169285e-02 -1.25170882e-02  2.32e-10 1.27e-12  1.01e-12     5s
  43  -1.25169802e-02 -1.25169803e-02  1.22e-12 1.38e-13  1.09e-15     5s

Barrier solved model in 43 iterations and 4.75 seconds (2.94 work units)
Optimal objective -1.25169802e-02


Root crossover log...

       0 PPushes remaining with PInf 0.0000000e+00                 5s

  Push phase complete: Pinf 0.0000000e+00, Dinf 2.5885790e-03      5s


Root simplex log...

Iteration    Objective       Primal Inf.    Dual Inf.      Time
   31935   -1.2516980e-02   0.000000e+00   0.000000e+00      5s
   32100   -1.2516980e-02   0.000000e+00   0.000000e+00      6s
Crossover time: 0.75 seconds (0.49 work units)
   32100   -1.2516980e-02   0.000000e+00   0.000000e+00      6s

Root relaxation: objective -1.251698e-02, 32100 iterations, 4.14 seconds (2.45 work units)

    Nodes    |    Current Node    |     Objective Bounds      |     Work
 Expl Unexpl |  Obj  Depth IntInf | Incumbent    BestBd   Gap | It/Node Time

     0     0   -0.01252    0 1009   -0.00771   -0.01252  62.3%     -    5s
H    0     0                      -0.0106414   -0.01252  17.6%     -    6s
H    0     0                      -0.0107026   -0.01252  17.0%     -    6s
H    0     0                      -0.0109280   -0.01252  14.5%     -    6s
H    0     0                      -0.0112002   -0.01252  11.8%     -    6s
H    0     0                      -0.0114134   -0.01252  9.67%     -    7s
H    0     0                      -0.0115402   -0.01252  8.46%     -    8s
H    0     0                      -0.0116480   -0.01252  7.46%     -    8s
H    0     0                      -0.0116495   -0.01252  7.45%     -    8s
     0     0   -0.01250    0  932   -0.01165   -0.01250  7.30%     -   14s

Cutting planes:
  Projected implied bound: 11
  MIR: 105
  Flow cover: 77
  BQP: 135

Explored 1 nodes (32812 simplex iterations) in 20.05 seconds (12.51 work units)
Thread count was 1 (of 16 available processors)

Solution count 7: -0.0116495 -0.0115402 -0.0114134 ... -0.0077138

Time limit reached
Best objective -1.164951186790e-02, best bound -1.250045101479e-02, gap 7.3045%

User-callback calls 3292, time in user-callback 0.55 sec
Set parameter Threads to value 1
Set parameter Method to value 2
Set parameter NodeMethod to value 1
Set parameter Crossover to value 2
Set parameter DegenMoves to value 0
Set parameter CutPasses to value 1
Set parameter MIPFocus to value 3
Set parameter MIPGap to value 0
Set parameter MIPGapAbs to value 0
Set parameter FeasibilityTol to value 1e-08
Set parameter IntFeasTol to value 1e-08
Set parameter OptimalityTol to value 1e-08
Set parameter Seed to value 20260929
Set parameter TimeLimit to value 20
