
Gurobi 13.0.2 (win64) logging started Sun Oct  4 19:28:13 2026

Set parameter LogFile to value "docs/v42_m1_certified_arc_lp_floor_and_threshold_cg/logs/PRICE_0008_MESS04.log"
Gurobi Optimizer version 13.0.2 build v13.0.2rc1 (win64 - Windows 11+.0 (26200.2))

CPU model: 13th Gen Intel(R) Core(TM) i7-13620H, instruction set [SSE2|AVX|AVX2]
Thread count: 10 physical cores, 16 logical processors, using up to 1 threads

Non-default parameters:
TimeLimit  20
FeasibilityTol  1e-08
IntFeasTol  1e-08
MIPGap  0
MIPGapAbs  0
OptimalityTol  1e-08
Method  2
Crossover  2
DegenMoves  0
MIPFocus  3
NodeMethod  1
CutPasses  1
LogToConsole  0
Seed  20260929
Threads  1

Optimize a model with 51481 rows, 58841 columns and 314646 nonzeros (Min)
Model fingerprint: 0x59b0271e
Model has 3672 linear objective coefficients and an objective constant of 7.4400283847654153e-03
Variable types: 6799 continuous, 52042 integer (52042 binary)
Coefficient statistics:
  Matrix range     [2e-01, 4e+02]
  Objective range  [4e-12, 9e-06]
  Bounds range     [1e+00, 1e+03]
  RHS range        [1e+00, 8e+02]

Loaded user MIP start with objective -0.00936407
MIP start from previous solve produced solution with objective -0.0100079 (0.10s)
MIP start from previous solve produced solution with objective -0.0100231 (0.12s)
Loaded MIP start from previous solve with objective -0.0100231

Presolve removed 8938 rows and 2 columns
Presolve time: 1.24s
Presolved: 42543 rows, 58839 columns, 292302 nonzeros
Variable types: 6797 continuous, 52042 integer (52042 binary)
Root relaxation presolve removed 2 rows and 2 columns
Root relaxation presolved: 42541 rows, 58837 columns, 292298 nonzeros

Root barrier log...

Ordering time: 0.07s

Barrier statistics:
 AA' NZ     : 5.993e+05
 Factor NZ  : 1.094e+06 (roughly 50 MB of memory)
 Factor Ops : 7.380e+07 (less than 1 second per iteration)
 Threads    : 1

                  Objective                Residual
Iter       Primal          Dual         Primal    Dual     Compl     Time
   0  -2.67343982e-03 -3.44574582e+04  1.81e+04 1.39e-04  3.81e+00     2s
   1  -4.47709833e-02 -2.87602009e+04  2.42e+03 4.12e-03  5.55e-01     2s
   2   7.21613075e-02 -1.10093372e+04  3.51e+02 1.80e-04  1.09e-01     2s
   3   2.50268980e-02 -3.03923196e+03  1.06e+02 2.89e-06  2.93e-02     2s
   4  -4.31300561e-02 -2.40141696e+03  4.85e+01 1.03e-15  2.01e-02     2s
   5  -6.68592587e-02 -1.87429305e+03  2.86e+01 1.70e-15  1.51e-02     2s
   6  -7.20800474e-02 -1.40950819e+03  2.17e+01 4.73e-15  1.17e-02     2s
   7  -7.37412211e-02 -1.16915802e+03  1.62e+01 4.61e-15  9.75e-03     3s
   8  -5.98323786e-02 -8.67629379e+02  1.45e+01 4.34e-15  8.02e-03     3s
   9   3.38464690e-03 -5.88245164e+02  4.50e+00 3.96e-15  4.40e-03     3s
  10   6.83532552e-03 -2.13389115e+02  2.56e+00 3.94e-15  1.81e-03     3s
  11   1.01044529e-02 -2.97630503e+01  9.75e-01 2.98e-15  3.43e-04     3s
  12   1.21738248e-02 -1.23677720e+01  6.49e-02 3.22e-15  8.48e-05     3s
  13   1.09705865e-02 -1.37714122e+00  1.04e-04 3.52e-15  8.79e-06     3s
  14   5.56090368e-03 -8.65509937e-01  3.79e-05 3.74e-15  5.52e-06     3s
  15   4.49142672e-03 -1.84553024e-01  2.15e-05 3.24e-15  1.20e-06     3s
  16  -9.43541527e-04 -7.08895485e-02  4.23e-06 3.37e-15  4.43e-07     3s
  17  -4.17183405e-03 -4.94686571e-02  2.22e-06 3.88e-15  2.87e-07     3s
  18  -6.54877891e-03 -3.16488577e-02  9.81e-07 3.38e-15  1.59e-07     3s
  19  -8.34336724e-03 -2.48978653e-02  4.01e-07 3.64e-15  1.05e-07     3s
  20  -9.00925956e-03 -2.16493527e-02  2.59e-07 4.39e-15  8.01e-08     3s
  21  -9.42824297e-03 -1.90644539e-02  1.84e-07 4.09e-15  6.10e-08     3s
  22  -9.83054261e-03 -1.64170838e-02  1.25e-07 4.27e-15  4.17e-08     3s
  23  -1.05443240e-02 -1.44816400e-02  5.04e-08 3.93e-15  2.49e-08     4s
  24  -1.07223215e-02 -1.37382567e-02  3.78e-08 4.41e-15  1.91e-08     4s
  25  -1.07570990e-02 -1.36400287e-02  3.58e-08 5.16e-15  1.83e-08     4s
  26  -1.08984823e-02 -1.31406751e-02  2.79e-08 4.97e-15  1.42e-08     4s
  27  -1.11245068e-02 -1.24526883e-02  1.74e-08 4.34e-15  8.41e-09     4s
  28  -1.12945074e-02 -1.21965888e-02  1.05e-08 4.01e-15  5.71e-09     4s
  29  -1.13663122e-02 -1.21306826e-02  7.79e-09 4.69e-15  4.84e-09     4s
  30  -1.13832420e-02 -1.20090879e-02  7.16e-09 4.77e-15  3.96e-09     4s
  31  -1.14011681e-02 -1.19546752e-02  6.46e-09 4.89e-15  3.51e-09     4s
  32  -1.14475411e-02 -1.18802838e-02  4.69e-09 4.93e-15  2.74e-09     4s
  33  -1.14815503e-02 -1.18025951e-02  3.47e-09 4.74e-15  2.03e-09     4s
  34  -1.15046074e-02 -1.17971256e-02  2.67e-09 5.14e-15  1.85e-09     4s
  35  -1.15110756e-02 -1.17778630e-02  2.43e-09 1.20e-12  1.69e-09     4s
  36  -1.15223510e-02 -1.17566719e-02  2.05e-09 4.34e-12  1.48e-09     4s
  37  -1.15418752e-02 -1.17273351e-02  1.36e-09 9.49e-12  1.17e-09     5s
  38  -1.15436531e-02 -1.16883906e-02  1.31e-09 7.87e-12  9.17e-10     5s
  39  -1.15621706e-02 -1.16263196e-02  8.39e-10 4.97e-12  4.06e-10     5s
  40  -1.15795788e-02 -1.16183371e-02  1.61e-10 4.63e-12  2.46e-10     5s
  41  -1.15829777e-02 -1.15981041e-02  1.37e-10 1.21e-12  9.58e-11     5s
  42  -1.15839538e-02 -1.15876606e-02  7.11e-11 8.43e-12  2.35e-11     5s
  43  -1.15840414e-02 -1.15841185e-02  8.28e-11 6.79e-12  4.99e-13     5s
  44  -1.15840628e-02 -1.15840638e-02  1.09e-12 4.75e-13  6.83e-15     5s

Barrier solved model in 44 iterations and 4.99 seconds (3.02 work units)
Optimal objective -1.15840628e-02


Root crossover log...

   20719 DPushes remaining with DInf 0.0000000e+00                 5s
       0 DPushes remaining with DInf 0.0000000e+00                 5s

   20027 PPushes remaining with PInf 6.0024293e-04                 5s
       0 PPushes remaining with PInf 0.0000000e+00                 6s

  Push phase complete: Pinf 0.0000000e+00, Dinf 3.3693519e-04      6s


Root simplex log...

Iteration    Objective       Primal Inf.    Dual Inf.      Time
   33421   -1.1584063e-02   0.000000e+00   0.000000e+00      6s
   33580   -1.1584063e-02   0.000000e+00   0.000000e+00      6s
Crossover time: 0.77 seconds (0.54 work units)
   33580   -1.1584063e-02   0.000000e+00   0.000000e+00      6s

Root relaxation: objective -1.158406e-02, 33580 iterations, 4.24 seconds (2.54 work units)

    Nodes    |    Current Node    |     Objective Bounds      |     Work
 Expl Unexpl |  Obj  Depth IntInf | Incumbent    BestBd   Gap | It/Node Time

     0     0   -0.01158    0 1030   -0.01002   -0.01158  15.6%     -    5s
H    0     0                      -0.0101402   -0.01158  14.2%     -    7s
H    0     0                      -0.0102718   -0.01158  12.8%     -    7s
H    0     0                      -0.0102845   -0.01158  12.6%     -    7s
H    0     0                      -0.0103257   -0.01158  12.2%     -    7s
H    0     0                      -0.0103541   -0.01158  11.9%     -    8s
H    0     0                      -0.0103953   -0.01158  11.4%     -    8s
     0     0   -0.01158    0  622   -0.01040   -0.01158  11.4%     -   16s
H    0     0                      -0.0104893   -0.01157  10.3%     -   17s

Cutting planes:
  Projected implied bound: 7
  MIR: 191
  Flow cover: 67
  BQP: 136

Explored 1 nodes (36505 simplex iterations) in 20.04 seconds (15.72 work units)
Thread count was 1 (of 16 available processors)

Solution count 8: -0.0104893 -0.0104893 -0.0103953 ... -0.0100231

Time limit reached
Best objective -1.048934718857e-02, best bound -1.157427409559e-02, gap 10.3431%

User-callback calls 4292, time in user-callback 0.54 sec
Set parameter Threads to value 1
Set parameter Method to value 2
Set parameter NodeMethod to value 1
Set parameter Crossover to value 2
Set parameter DegenMoves to value 0
Set parameter CutPasses to value 1
Set parameter MIPFocus to value 3
Set parameter MIPGap to value 0
Set parameter MIPGapAbs to value 0
Set parameter FeasibilityTol to value 1e-08
Set parameter IntFeasTol to value 1e-08
Set parameter OptimalityTol to value 1e-08
Set parameter Seed to value 20260929
Set parameter TimeLimit to value 20
