
Gurobi 13.0.2 (win64) logging started Sun Oct  4 19:33:07 2026

Set parameter LogFile to value "docs/v42_m1_certified_arc_lp_floor_and_threshold_cg/logs/PRICE_0024_MESS04.log"
Gurobi Optimizer version 13.0.2 build v13.0.2rc1 (win64 - Windows 11+.0 (26200.2))

CPU model: 13th Gen Intel(R) Core(TM) i7-13620H, instruction set [SSE2|AVX|AVX2]
Thread count: 10 physical cores, 16 logical processors, using up to 1 threads

Non-default parameters:
TimeLimit  20
FeasibilityTol  1e-08
IntFeasTol  1e-08
MIPGap  0
MIPGapAbs  0
OptimalityTol  1e-08
Method  2
Crossover  2
DegenMoves  0
MIPFocus  3
NodeMethod  1
CutPasses  1
LogToConsole  0
Seed  20260929
Threads  1

Optimize a model with 51481 rows, 58841 columns and 314646 nonzeros (Min)
Model fingerprint: 0xc2cae02a
Model has 3744 linear objective coefficients and an objective constant of 7.9473092140594278e-03
Variable types: 6799 continuous, 52042 integer (52042 binary)
Coefficient statistics:
  Matrix range     [2e-01, 4e+02]
  Objective range  [4e-13, 9e-06]
  Bounds range     [1e+00, 1e+03]
  RHS range        [1e+00, 8e+02]

Loaded user MIP start with objective -0.00751748
MIP start from previous solve produced solution with objective -0.00759994 (0.09s)
MIP start from previous solve produced solution with objective -0.00761008 (0.12s)
Loaded MIP start from previous solve with objective -0.00761008

Presolve removed 8938 rows and 2 columns
Presolve time: 1.24s
Presolved: 42543 rows, 58839 columns, 292302 nonzeros
Variable types: 6797 continuous, 52042 integer (52042 binary)
Root relaxation presolve removed 2 rows and 2 columns
Root relaxation presolved: 42541 rows, 58837 columns, 292298 nonzeros

Root barrier log...

Ordering time: 0.07s

Barrier statistics:
 AA' NZ     : 5.993e+05
 Factor NZ  : 1.094e+06 (roughly 50 MB of memory)
 Factor Ops : 7.380e+07 (less than 1 second per iteration)
 Threads    : 1

                  Objective                Residual
Iter       Primal          Dual         Primal    Dual     Compl     Time
   0   1.19100122e-03 -3.44574601e+04  1.81e+04 1.45e-04  3.81e+00     2s
   1  -4.36350714e-02 -2.87603378e+04  2.42e+03 4.12e-03  5.55e-01     2s
   2   7.16226919e-02 -1.10094012e+04  3.51e+02 1.80e-04  1.09e-01     2s
   3   2.49696438e-02 -3.03980470e+03  1.06e+02 2.89e-06  2.93e-02     2s
   4  -4.23820821e-02 -2.40174717e+03  4.85e+01 2.50e-15  2.01e-02     2s
   5  -6.57661784e-02 -1.87449035e+03  2.86e+01 2.17e-15  1.51e-02     2s
   6  -7.08003622e-02 -1.40803395e+03  2.17e+01 2.35e-15  1.17e-02     3s
   7  -7.15902626e-02 -1.28494859e+03  1.89e+01 2.68e-15  1.07e-02     3s
   8  -6.15347854e-02 -1.04324855e+03  1.61e+01 2.88e-15  9.02e-03     3s
   9  -2.70301419e-02 -5.26540196e+02  1.09e+01 2.68e-15  5.01e-03     3s
  10  -9.17601800e-03 -1.86381342e+02  5.94e+00 4.11e-15  2.32e-03     3s
  11   8.22527369e-03 -9.17109331e+01  1.23e+00 3.60e-15  8.16e-04     3s
  12   1.12393359e-02 -2.34247893e+01  3.08e-01 3.25e-15  1.85e-04     3s
  13   1.15230526e-02 -3.41709945e+00  4.60e-05 2.15e-15  2.17e-05     3s
  14   4.94773014e-03 -8.01874886e-01  4.79e-08 2.05e-15  5.11e-06     3s
  15   3.07457827e-03 -7.25149333e-02  4.45e-11 2.94e-16  4.79e-07     3s
  16  -1.29859383e-03 -4.39680335e-02  6.11e-11 2.31e-16  2.70e-07     3s
  17  -3.56672219e-03 -3.29673406e-02  4.73e-11 2.40e-16  1.86e-07     3s
  18  -5.41859700e-03 -2.74523244e-02  1.83e-11 2.53e-16  1.40e-07     3s
  19  -6.61360687e-03 -2.07051915e-02  1.81e-11 2.65e-16  8.93e-08     3s
  20  -7.09072327e-03 -1.76640401e-02  1.46e-11 2.31e-16  6.70e-08     3s
  21  -7.44497496e-03 -1.59621754e-02  1.89e-11 2.80e-16  5.40e-08     4s
  22  -7.83571517e-03 -1.49158436e-02  2.62e-11 3.29e-16  4.49e-08     4s
  23  -8.00664236e-03 -1.34028602e-02  2.41e-11 2.99e-16  3.42e-08     4s
  24  -8.21223990e-03 -1.22171192e-02  1.82e-11 2.74e-16  2.54e-08     4s
  25  -8.39162565e-03 -1.12303476e-02  2.19e-11 2.49e-16  1.80e-08     4s
  26  -8.49100899e-03 -1.10499677e-02  2.26e-11 3.51e-16  1.62e-08     4s
  27  -8.57071915e-03 -1.06744829e-02  1.88e-11 3.35e-16  1.33e-08     4s
  28  -8.67254682e-03 -1.02197876e-02  2.29e-11 2.67e-16  9.80e-09     4s
  29  -8.80639760e-03 -9.93714297e-03  1.52e-11 2.66e-16  7.16e-09     4s
  30  -8.92556184e-03 -9.67297205e-03  1.71e-11 2.81e-16  4.73e-09     4s
  31  -9.04949426e-03 -9.59938089e-03  8.97e-11 2.80e-16  3.48e-09     4s
  32  -9.08179250e-03 -9.46998425e-03  8.20e-11 2.46e-16  2.46e-09     4s
  33  -9.11582428e-03 -9.39844261e-03  7.18e-11 2.38e-16  1.79e-09     4s
  34  -9.19755085e-03 -9.35708608e-03  3.37e-11 2.64e-16  1.01e-09     4s
  35  -9.20661204e-03 -9.33893696e-03  3.01e-11 2.67e-16  8.38e-10     4s
  36  -9.23774018e-03 -9.33521668e-03  2.29e-11 9.70e-13  6.17e-10     5s
  37  -9.24638728e-03 -9.32751894e-03  4.67e-11 8.49e-13  5.14e-10     5s
  38  -9.26642346e-03 -9.31645835e-03  6.69e-11 7.01e-13  3.17e-10     5s
  39  -9.27076094e-03 -9.28741323e-03  2.68e-11 2.13e-13  1.05e-10     5s
  40  -9.27400807e-03 -9.28323205e-03  7.61e-11 1.00e-12  5.84e-11     5s
  41  -9.27449425e-03 -9.27795873e-03  3.36e-10 1.99e-12  2.20e-11     5s
  42  -9.27457489e-03 -9.27792593e-03  3.02e-10 2.15e-12  2.12e-11     5s
  43  -9.27492474e-03 -9.27603260e-03  1.33e-10 3.59e-12  7.03e-12     5s
  44  -9.27501613e-03 -9.27504076e-03  2.87e-11 1.17e-12  1.58e-13     5s
  45  -9.27502079e-03 -9.27502080e-03  5.83e-13 3.31e-14  1.58e-16     5s

Barrier solved model in 45 iterations and 5.09 seconds (3.05 work units)
Optimal objective -9.27502079e-03


Root crossover log...

   22530 DPushes remaining with DInf 7.3246928e-07                 5s
       0 DPushes remaining with DInf 0.0000000e+00                 5s

   15481 PPushes remaining with PInf 2.3976010e-05                 5s
       0 PPushes remaining with PInf 0.0000000e+00                 6s

  Push phase complete: Pinf 0.0000000e+00, Dinf 7.4588834e-07      6s


Root simplex log...

Iteration    Objective       Primal Inf.    Dual Inf.      Time
   24480   -9.2750208e-03   0.000000e+00   0.000000e+00      6s
   24484   -9.2750208e-03   0.000000e+00   0.000000e+00      6s
Crossover time: 0.57 seconds (0.41 work units)
   24484   -9.2750208e-03   0.000000e+00   0.000000e+00      6s

Root relaxation: objective -9.275021e-03, 24484 iterations, 4.12 seconds (2.45 work units)

    Nodes    |    Current Node    |     Objective Bounds      |     Work
 Expl Unexpl |  Obj  Depth IntInf | Incumbent    BestBd   Gap | It/Node Time

     0     0   -0.00928    0  601   -0.00761   -0.00928  21.9%     -    5s
H    0     0                      -0.0076134   -0.00928  21.8%     -    7s
     0     0   -0.00925    0  407   -0.00761   -0.00925  21.6%     -   13s
H    0     0                      -0.0076176   -0.00925  21.5%     -   16s

Cutting planes:
  MIR: 92
  Flow cover: 29
  BQP: 50

Explored 1 nodes (24759 simplex iterations) in 20.05 seconds (13.68 work units)
Thread count was 1 (of 16 available processors)

Solution count 2: -0.0076176 -0.00761008 

Time limit reached
Best objective -7.617602578350e-03, best bound -9.254695424756e-03, gap 21.4909%

User-callback calls 4494, time in user-callback 0.57 sec
Set parameter Threads to value 1
Set parameter Method to value 2
Set parameter NodeMethod to value 1
Set parameter Crossover to value 2
Set parameter DegenMoves to value 0
Set parameter CutPasses to value 1
Set parameter MIPFocus to value 3
Set parameter MIPGap to value 0
Set parameter MIPGapAbs to value 0
Set parameter FeasibilityTol to value 1e-08
Set parameter IntFeasTol to value 1e-08
Set parameter OptimalityTol to value 1e-08
Set parameter Seed to value 20260929
Set parameter TimeLimit to value 90
