
Gurobi 13.0.2 (win64) logging started Sun Oct  4 19:27:02 2026

Set parameter LogFile to value "docs/v42_m1_certified_arc_lp_floor_and_threshold_cg/logs/PRICE_0001_MESS01.log"
Gurobi Optimizer version 13.0.2 build v13.0.2rc1 (win64 - Windows 11+.0 (26200.2))

CPU model: 13th Gen Intel(R) Core(TM) i7-13620H, instruction set [SSE2|AVX|AVX2]
Thread count: 10 physical cores, 16 logical processors, using up to 1 threads

Non-default parameters:
TimeLimit  20
FeasibilityTol  1e-08
IntFeasTol  1e-08
MIPGap  0
MIPGapAbs  0
OptimalityTol  1e-08
Method  2
Crossover  2
DegenMoves  0
MIPFocus  3
NodeMethod  1
CutPasses  1
LogToConsole  0
Seed  20260929
Threads  1

Optimize a model with 51458 rows, 58814 columns and 314503 nonzeros (Min)
Model fingerprint: 0x33ceda94
Model has 3600 linear objective coefficients and an objective constant of 0.00710823899596976
Variable types: 6796 continuous, 52018 integer (52018 binary)
Coefficient statistics:
  Matrix range     [2e-01, 4e+02]
  Objective range  [1e-12, 9e-06]
  Bounds range     [1e+00, 1e+03]
  RHS range        [1e+00, 8e+02]

Loaded user MIP start with objective -0.00751166

Presolve removed 8934 rows and 2 columns
Presolve time: 1.19s
Presolved: 42524 rows, 58812 columns, 292169 nonzeros
Variable types: 6794 continuous, 52018 integer (52018 binary)
Root relaxation presolve removed 2 rows and 2 columns
Root relaxation presolved: 42522 rows, 58810 columns, 292165 nonzeros

Root barrier log...

Ordering time: 0.08s

Barrier statistics:
 AA' NZ     : 5.988e+05
 Factor NZ  : 1.086e+06 (roughly 50 MB of memory)
 Factor Ops : 7.173e+07 (less than 1 second per iteration)
 Threads    : 1

                  Objective                Residual
Iter       Primal          Dual         Primal    Dual     Compl     Time
   0  -3.46027284e-03 -3.44328593e+04  1.80e+04 1.43e-04  3.80e+00     2s
   1  -4.51038110e-02 -2.95270731e+04  2.42e+03 3.01e-03  5.56e-01     2s
   2   7.78882218e-02 -9.26947825e+03  3.51e+02 1.56e-04  9.62e-02     2s
   3  -9.42992236e-03 -2.43498073e+03  8.38e+01 1.84e-15  2.33e-02     2s
   4  -5.60893017e-02 -1.93637732e+03  4.22e+01 2.07e-15  1.66e-02     2s
   5  -7.23553380e-02 -1.52732562e+03  2.56e+01 2.01e-15  1.26e-02     2s
   6  -7.63306234e-02 -1.20931211e+03  1.69e+01 2.28e-15  9.95e-03     2s
   7  -7.08202699e-02 -1.04172920e+03  1.38e+01 2.37e-15  8.69e-03     2s
   8  -5.51801492e-02 -9.33832101e+02  1.10e+01 2.26e-15  7.48e-03     2s
   9   5.88458288e-03 -3.84805335e+02  3.37e+00 2.35e-15  2.88e-03     3s
  10   9.88159031e-03 -1.47119429e+02  1.12e+00 2.25e-15  1.09e-03     3s
  11   1.11317290e-02 -1.01059255e+02  3.21e-01 2.16e-15  6.82e-04     3s
  12   1.13746017e-02 -1.43248216e+01  5.22e-04 1.72e-15  9.09e-05     3s
  13   8.52612595e-03 -2.08399404e+00  9.15e-07 9.76e-16  1.33e-05     3s
  14   3.58595867e-03 -4.90019175e-01  3.68e-07 3.53e-16  3.13e-06     3s
  15   1.95612169e-03 -2.09460995e-01  2.32e-07 2.29e-16  1.34e-06     3s
  16  -2.36186914e-03 -1.23559917e-01  9.62e-08 2.22e-16  7.68e-07     3s
  17  -5.72251418e-03 -8.66974316e-02  4.24e-08 2.55e-16  5.13e-07     3s
  18  -7.87443280e-03 -5.48624148e-02  1.59e-08 2.47e-16  2.98e-07     3s
  19  -9.19236179e-03 -3.51923641e-02  7.63e-09 2.27e-16  1.65e-07     3s
  20  -1.00826428e-02 -2.90533007e-02  3.60e-09 2.60e-16  1.20e-07     3s
  21  -1.01830905e-02 -2.72051335e-02  3.29e-09 2.97e-16  1.08e-07     3s
  22  -1.04228428e-02 -2.23420928e-02  2.61e-09 3.20e-16  7.56e-08     3s
  23  -1.06974604e-02 -2.00897370e-02  1.94e-09 2.66e-16  5.95e-08     3s
  24  -1.08018137e-02 -1.80979489e-02  1.71e-09 2.71e-16  4.62e-08     3s
  25  -1.10635838e-02 -1.61467943e-02  1.27e-09 2.55e-16  3.22e-08     4s
  26  -1.13435189e-02 -1.49659359e-02  8.69e-10 2.90e-16  2.30e-08     4s
  27  -1.14050827e-02 -1.41331752e-02  7.87e-10 3.03e-16  1.73e-08     4s
  28  -1.16342769e-02 -1.33107270e-02  5.16e-10 2.34e-16  1.06e-08     4s
  29  -1.18464075e-02 -1.29908828e-02  2.86e-10 2.65e-16  7.25e-09     4s
  30  -1.19451221e-02 -1.27623265e-02  1.86e-10 2.52e-16  5.18e-09     4s
  31  -1.19911715e-02 -1.25009157e-02  1.43e-10 2.58e-16  3.23e-09     4s
  32  -1.20493300e-02 -1.23953831e-02  8.58e-11 2.60e-16  2.19e-09     4s
  33  -1.21152239e-02 -1.23218589e-02  2.83e-11 2.76e-16  1.31e-09     4s
  34  -1.21178013e-02 -1.22680480e-02  2.51e-11 2.76e-16  9.52e-10     4s
  35  -1.21228136e-02 -1.21860077e-02  2.33e-11 2.05e-16  4.01e-10     4s
  36  -1.21320403e-02 -1.21617936e-02  9.69e-11 1.67e-13  1.89e-10     4s
  37  -1.21347814e-02 -1.21403807e-02  1.55e-10 1.54e-11  3.55e-11     4s
  38  -1.21350044e-02 -1.21365488e-02  1.89e-10 1.40e-11  9.81e-12     4s
  39  -1.21352943e-02 -1.21364665e-02  4.90e-11 1.36e-11  7.45e-12     4s
  40  -1.21354734e-02 -1.21354904e-02  1.23e-11 3.54e-12  1.14e-13     5s
  41  -1.21354740e-02 -1.21354740e-02  2.87e-13 4.67e-15  1.14e-16     5s

Barrier solved model in 41 iterations and 4.59 seconds (2.84 work units)
Optimal objective -1.21354740e-02


Root crossover log...

       0 PPushes remaining with PInf 0.0000000e+00                 5s

  Push phase complete: Pinf 0.0000000e+00, Dinf 2.1736944e-08      5s


Root simplex log...

Iteration    Objective       Primal Inf.    Dual Inf.      Time
   27707   -1.2135474e-02   0.000000e+00   0.000000e+00      5s
   27708   -1.2135474e-02   0.000000e+00   0.000000e+00      5s
Crossover time: 0.71 seconds (0.42 work units)
   27708   -1.2135474e-02   0.000000e+00   0.000000e+00      5s

Root relaxation: objective -1.213547e-02, 27708 iterations, 3.96 seconds (2.29 work units)

    Nodes    |    Current Node    |     Objective Bounds      |     Work
 Expl Unexpl |  Obj  Depth IntInf | Incumbent    BestBd   Gap | It/Node Time

     0     0   -0.01214    0 1050   -0.00751   -0.01214  61.6%     -    5s
H    0     0                      -0.0102893   -0.01214  17.9%     -    5s
H    0     0                      -0.0103893   -0.01214  16.8%     -    5s
H    0     0                      -0.0108707   -0.01214  11.6%     -    6s
H    0     0                      -0.0113063   -0.01214  7.33%     -    7s
     0     0   -0.01206    0  993   -0.01131   -0.01206  6.64%     -   13s
     0     0          -    0        -0.01131   -0.01206  6.64%     -   20s

Explored 1 nodes (28502 simplex iterations) in 20.04 seconds (12.58 work units)
Thread count was 1 (of 16 available processors)

Solution count 4: -0.0113063 -0.0108707 -0.0103893 -0.00751166 

Time limit reached
Best objective -1.130627935663e-02, best bound -1.205750780819e-02, gap 6.6443%

User-callback calls 3114, time in user-callback 0.46 sec
Set parameter Threads to value 1
Set parameter Method to value 2
Set parameter NodeMethod to value 1
Set parameter Crossover to value 2
Set parameter DegenMoves to value 0
Set parameter CutPasses to value 1
Set parameter MIPFocus to value 3
Set parameter MIPGap to value 0
Set parameter MIPGapAbs to value 0
Set parameter FeasibilityTol to value 1e-08
Set parameter IntFeasTol to value 1e-08
Set parameter OptimalityTol to value 1e-08
Set parameter Seed to value 20260929
Set parameter TimeLimit to value 20
