
Gurobi 13.0.2 (win64) logging started Sun Oct  4 19:31:46 2026

Set parameter LogFile to value "docs/v42_m1_certified_arc_lp_floor_and_threshold_cg/logs/PRICE_0019_MESS03.log"
Gurobi Optimizer version 13.0.2 build v13.0.2rc1 (win64 - Windows 11+.0 (26200.2))

CPU model: 13th Gen Intel(R) Core(TM) i7-13620H, instruction set [SSE2|AVX|AVX2]
Thread count: 10 physical cores, 16 logical processors, using up to 1 threads

Non-default parameters:
TimeLimit  20
FeasibilityTol  1e-08
IntFeasTol  1e-08
MIPGap  0
MIPGapAbs  0
OptimalityTol  1e-08
Method  2
Crossover  2
DegenMoves  0
MIPFocus  3
NodeMethod  1
CutPasses  1
LogToConsole  0
Seed  20260929
Threads  1

Optimize a model with 51596 rows, 58976 columns and 315361 nonzeros (Min)
Model fingerprint: 0xd015237d
Model has 3744 linear objective coefficients and an objective constant of 7.2109027843220786e-03
Variable types: 6814 continuous, 52162 integer (52162 binary)
Coefficient statistics:
  Matrix range     [2e-01, 4e+02]
  Objective range  [4e-13, 9e-06]
  Bounds range     [1e+00, 1e+03]
  RHS range        [1e+00, 8e+02]

Loaded user MIP start with objective -0.00852004
MIP start from previous solve produced solution with objective -0.00866729 (0.10s)
MIP start from previous solve produced solution with objective -0.00868571 (0.12s)
Loaded MIP start from previous solve with objective -0.00868571

Presolve removed 8958 rows and 2 columns
Presolve time: 1.24s
Presolved: 42638 rows, 58974 columns, 292967 nonzeros
Variable types: 6812 continuous, 52162 integer (52162 binary)
Root relaxation presolve removed 3 rows and 2 columns
Root relaxation presolved: 42635 rows, 58972 columns, 292915 nonzeros

Root barrier log...

Ordering time: 0.08s

Barrier statistics:
 AA' NZ     : 6.006e+05
 Factor NZ  : 1.080e+06 (roughly 50 MB of memory)
 Factor Ops : 6.927e+07 (less than 1 second per iteration)
 Threads    : 1

                  Objective                Residual
Iter       Primal          Dual         Primal    Dual     Compl     Time
   0   4.82737569e-04 -3.45219734e+04  1.80e+04 1.48e-04  3.80e+00     2s
   1  -4.42510569e-02 -2.93377115e+04  2.38e+03 2.53e-03  5.43e-01     2s
   2   7.64941531e-02 -8.95769885e+03  3.44e+02 9.85e-05  9.27e-02     2s
   3  -1.24241065e-02 -2.39501919e+03  7.54e+01 2.00e-15  2.20e-02     2s
   4  -5.58139211e-02 -1.89980057e+03  3.93e+01 2.22e-15  1.58e-02     2s
   5  -7.05765962e-02 -1.45872995e+03  2.45e+01 1.98e-15  1.20e-02     2s
   6  -7.31642511e-02 -1.16335974e+03  1.69e+01 2.93e-15  9.56e-03     2s
   7  -3.90497815e-02 -1.02328497e+03  1.25e+01 3.63e-15  8.24e-03     3s
   8   8.49420242e-03 -3.22493982e+02  3.20e+00 3.42e-15  2.54e-03     3s
   9   1.17540956e-02 -1.27729788e+02  3.75e-01 3.33e-15  8.64e-04     3s
  10   1.19706392e-02 -2.53978126e+01  3.19e-02 2.55e-15  1.63e-04     3s
  11   1.06467560e-02 -2.42971388e+00  6.98e-05 1.63e-15  1.54e-05     3s
  12   4.33241818e-03 -9.02141402e-01  1.73e-05 5.62e-16  5.73e-06     3s
  13   4.58445846e-03 -2.85742103e-01  3.62e-06 2.00e-16  1.84e-06     3s
  14   6.21674692e-04 -2.16486981e-01  1.83e-06 1.39e-16  1.37e-06     3s
  15  -2.25455787e-03 -1.26814287e-01  8.73e-07 8.25e-17  7.88e-07     3s
  16  -5.21049383e-03 -8.94369170e-02  2.88e-07 5.43e-17  5.33e-07     3s
  17  -6.97726184e-03 -5.36379756e-02  1.20e-07 3.09e-17  2.95e-07     3s
  18  -7.53294657e-03 -4.13903103e-02  8.77e-08 2.34e-17  2.14e-07     3s
  19  -7.74599915e-03 -3.50607475e-02  7.72e-08 1.73e-10  1.73e-07     3s
  20  -7.99017794e-03 -3.34230522e-02  6.62e-08 2.26e-10  1.61e-07     3s
  21  -8.70453938e-03 -3.02451153e-02  3.40e-08 1.57e-17  1.36e-07     3s
  22  -8.81677618e-03 -2.58013964e-02  2.95e-08 6.62e-11  1.07e-07     3s
  23  -9.10819644e-03 -2.08692610e-02  1.98e-08 9.50e-18  7.44e-08     4s
  24  -9.51203481e-03 -1.77872027e-02  9.98e-09 6.87e-18  5.23e-08     4s
  25  -9.69190722e-03 -1.65400869e-02  6.81e-09 6.05e-18  4.33e-08     4s
  26  -9.70255606e-03 -1.47554976e-02  6.61e-09 5.05e-18  3.20e-08     4s
  27  -9.81199942e-03 -1.39153236e-02  5.31e-09 5.59e-18  2.59e-08     4s
  28  -9.92022088e-03 -1.35237652e-02  4.17e-09 5.87e-18  2.28e-08     4s
  29  -1.00589806e-02 -1.24485575e-02  2.87e-09 6.28e-12  1.51e-08     4s
  30  -1.01995612e-02 -1.14909876e-02  1.72e-09 3.51e-18  8.17e-09     4s
  31  -1.02533317e-02 -1.12021606e-02  1.36e-09 3.50e-18  6.00e-09     4s
  32  -1.02628647e-02 -1.11587193e-02  1.28e-09 3.98e-18  5.66e-09     4s
  33  -1.03043458e-02 -1.10505045e-02  1.01e-09 4.77e-18  4.72e-09     4s
  34  -1.03741088e-02 -1.09324971e-02  5.73e-10 3.82e-18  3.53e-09     4s
  35  -1.04284512e-02 -1.07157979e-02  2.73e-10 3.76e-18  1.82e-09     4s
  36  -1.04466538e-02 -1.06883941e-02  2.46e-10 4.13e-18  1.53e-09     4s
  37  -1.04667177e-02 -1.06035929e-02  1.44e-10 3.64e-18  8.66e-10     5s
  38  -1.04815055e-02 -1.05201321e-02  5.16e-11 3.08e-18  2.44e-10     5s
  39  -1.04832724e-02 -1.05066829e-02  1.86e-11 3.24e-18  1.48e-10     5s
  40  -1.04845578e-02 -1.04922096e-02  5.93e-11 3.93e-14  4.84e-11     5s
  41  -1.04852024e-02 -1.04866121e-02  1.54e-10 4.79e-12  8.92e-12     5s
  42  -1.04854755e-02 -1.04855104e-02  7.47e-12 1.74e-12  2.25e-13     5s
  43  -1.04854832e-02 -1.04854832e-02  2.17e-13 8.58e-14  4.21e-16     5s

Barrier solved model in 43 iterations and 5.06 seconds (2.89 work units)
Optimal objective -1.04854832e-02


Root crossover log...

   14098 DPushes remaining with DInf 1.0648139e-05                 5s
       0 DPushes remaining with DInf 8.4381089e-07                 5s

   15842 PPushes remaining with PInf 1.8193638e-05                 5s
       0 PPushes remaining with PInf 0.0000000e+00                 6s

  Push phase complete: Pinf 0.0000000e+00, Dinf 4.9957881e-04      6s


Root simplex log...

Iteration    Objective       Primal Inf.    Dual Inf.      Time
   21998   -1.0485483e-02   0.000000e+00   0.000000e+00      6s
   22101   -1.0485483e-02   0.000000e+00   0.000000e+00      6s
Crossover time: 0.68 seconds (0.43 work units)
   22101   -1.0485483e-02   0.000000e+00   0.000000e+00      6s

Root relaxation: objective -1.048548e-02, 22101 iterations, 4.20 seconds (2.30 work units)

    Nodes    |    Current Node    |     Objective Bounds      |     Work
 Expl Unexpl |  Obj  Depth IntInf | Incumbent    BestBd   Gap | It/Node Time

     0     0   -0.01049    0  544   -0.00869   -0.01049  20.7%     -    5s
H    0     0                      -0.0088986   -0.01049  17.8%     -    7s
H    0     0                      -0.0089379   -0.01049  17.3%     -    8s
H    0     0                      -0.0089486   -0.01049  17.2%     -    9s
H    0     0                      -0.0090359   -0.01049  16.0%     -    9s
H    0     0                      -0.0090364   -0.01049  16.0%     -    9s
H    0     0                      -0.0090417   -0.01049  16.0%     -   10s
     0     0   -0.01047    0  510   -0.00904   -0.01047  15.8%     -   15s

Cutting planes:
  Gomory: 2
  Projected implied bound: 2
  MIR: 41
  Mixing: 1
  Flow cover: 27
  BQP: 143

Explored 1 nodes (22564 simplex iterations) in 20.05 seconds (14.27 work units)
Thread count was 1 (of 16 available processors)

Solution count 5: -0.00904172 -0.00903645 -0.00894865 ... -0.00868571

Time limit reached
Best objective -9.041720344229e-03, best bound -1.047384907796e-02, gap 15.8391%

User-callback calls 4722, time in user-callback 0.64 sec
Set parameter Threads to value 1
Set parameter Method to value 2
Set parameter NodeMethod to value 1
Set parameter Crossover to value 2
Set parameter DegenMoves to value 0
Set parameter CutPasses to value 1
Set parameter MIPFocus to value 3
Set parameter MIPGap to value 0
Set parameter MIPGapAbs to value 0
Set parameter FeasibilityTol to value 1e-08
Set parameter IntFeasTol to value 1e-08
Set parameter OptimalityTol to value 1e-08
Set parameter Seed to value 20260929
Set parameter TimeLimit to value 20
