
Gurobi 13.0.2 (win64) logging started Sun Oct  4 19:28:13 2026

Set parameter LogFile to value "docs/v42_m1_certified_arc_lp_floor_and_threshold_cg/logs/PRICE_0005_MESS01.log"
Gurobi Optimizer version 13.0.2 build v13.0.2rc1 (win64 - Windows 11+.0 (26200.2))

CPU model: 13th Gen Intel(R) Core(TM) i7-13620H, instruction set [SSE2|AVX|AVX2]
Thread count: 10 physical cores, 16 logical processors, using up to 1 threads

Non-default parameters:
TimeLimit  20
FeasibilityTol  1e-08
IntFeasTol  1e-08
MIPGap  0
MIPGapAbs  0
OptimalityTol  1e-08
Method  2
Crossover  2
DegenMoves  0
MIPFocus  3
NodeMethod  1
CutPasses  1
LogToConsole  0
Seed  20260929
Threads  1

Optimize a model with 51458 rows, 58814 columns and 314503 nonzeros (Min)
Model fingerprint: 0x78e0608d
Model has 3672 linear objective coefficients and an objective constant of 7.1837197577381230e-03
Variable types: 6796 continuous, 52018 integer (52018 binary)
Coefficient statistics:
  Matrix range     [2e-01, 4e+02]
  Objective range  [4e-12, 9e-06]
  Bounds range     [1e+00, 1e+03]
  RHS range        [1e+00, 8e+02]

Loaded user MIP start with objective -0.00953967
MIP start from previous solve produced solution with objective -0.0101448 (0.10s)
MIP start from previous solve produced solution with objective -0.0102156 (0.12s)
Loaded MIP start from previous solve with objective -0.0102156

Presolve removed 8934 rows and 2 columns
Presolve time: 1.25s
Presolved: 42524 rows, 58812 columns, 292169 nonzeros
Variable types: 6794 continuous, 52018 integer (52018 binary)
Root relaxation presolve removed 2 rows and 2 columns
Root relaxation presolved: 42522 rows, 58810 columns, 292165 nonzeros

Root barrier log...

Ordering time: 0.07s

Barrier statistics:
 AA' NZ     : 5.988e+05
 Factor NZ  : 1.086e+06 (roughly 50 MB of memory)
 Factor Ops : 7.173e+07 (less than 1 second per iteration)
 Threads    : 1

                  Objective                Residual
Iter       Primal          Dual         Primal    Dual     Compl     Time
   0  -2.77348184e-03 -3.44328608e+04  1.80e+04 1.39e-04  3.80e+00     2s
   1  -4.49641285e-02 -2.95270117e+04  2.42e+03 3.01e-03  5.56e-01     2s
   2   7.77003169e-02 -9.26934755e+03  3.51e+02 1.56e-04  9.62e-02     2s
   3  -9.47405987e-03 -2.43497684e+03  8.38e+01 1.00e-14  2.33e-02     2s
   4  -5.59658720e-02 -1.93638043e+03  4.22e+01 9.57e-15  1.66e-02     2s
   5  -7.21507869e-02 -1.52732073e+03  2.56e+01 1.07e-14  1.26e-02     2s
   6  -7.60727561e-02 -1.20931142e+03  1.69e+01 9.44e-15  9.95e-03     2s
   7  -7.05489104e-02 -1.04173142e+03  1.38e+01 1.03e-14  8.69e-03     2s
   8  -5.49224652e-02 -9.33883487e+02  1.10e+01 1.03e-14  7.48e-03     3s
   9   6.03181240e-03 -3.84856122e+02  3.37e+00 7.67e-15  2.88e-03     3s
  10   9.99625622e-03 -1.47126546e+02  1.12e+00 5.99e-15  1.09e-03     3s
  11   1.12285012e-02 -1.01057576e+02  3.21e-01 6.97e-15  6.82e-04     3s
  12   1.14608929e-02 -1.43121782e+01  5.21e-04 8.09e-15  9.08e-05     3s
  13   8.65063792e-03 -2.02450383e+00  8.89e-07 6.48e-15  1.29e-05     3s
  14   3.74072241e-03 -4.38054670e-01  3.53e-07 6.64e-15  2.80e-06     3s
  15   7.37789634e-04 -1.49625408e-01  6.52e-08 6.79e-15  9.53e-07     3s
  16  -3.71925307e-03 -8.89821120e-02  2.40e-08 7.11e-15  5.40e-07     3s
  17  -6.32383307e-03 -5.85861061e-02  1.07e-08 7.67e-15  3.31e-07     3s
  18  -7.55642607e-03 -3.81645329e-02  6.72e-09 7.11e-15  1.94e-07     3s
  19  -9.10880141e-03 -2.91186912e-02  2.86e-09 7.57e-15  1.27e-07     3s
  20  -9.70101127e-03 -2.20770251e-02  1.82e-09 7.81e-15  7.84e-08     3s
  21  -1.01006150e-02 -1.92240622e-02  1.30e-09 7.78e-15  5.78e-08     3s
  22  -1.06726432e-02 -1.72271076e-02  6.61e-10 7.97e-15  4.15e-08     3s
  23  -1.12251110e-02 -1.50134507e-02  2.54e-10 7.79e-15  2.40e-08     4s
  24  -1.13842262e-02 -1.41629285e-02  1.72e-10 8.29e-15  1.76e-08     4s
  25  -1.14940996e-02 -1.37188720e-02  1.25e-10 8.30e-15  1.41e-08     4s
  26  -1.15699707e-02 -1.32774144e-02  9.40e-11 9.16e-15  1.08e-08     4s
  27  -1.16092798e-02 -1.31591811e-02  8.00e-11 9.53e-15  9.82e-09     4s
  28  -1.16807841e-02 -1.27716216e-02  5.39e-11 9.37e-15  6.91e-09     4s
  29  -1.17150249e-02 -1.24125589e-02  4.02e-11 8.57e-15  4.42e-09     4s
  30  -1.17336714e-02 -1.23792308e-02  3.56e-11 1.06e-14  4.09e-09     4s
  31  -1.17387104e-02 -1.21622190e-02  3.37e-11 7.84e-15  2.68e-09     4s
  32  -1.17864824e-02 -1.20964094e-02  2.49e-11 9.12e-15  1.96e-09     4s
  33  -1.17988540e-02 -1.19708371e-02  4.16e-11 8.17e-15  1.09e-09     4s
  34  -1.18221390e-02 -1.19280444e-02  1.05e-10 7.67e-15  6.71e-10     4s
  35  -1.18375199e-02 -1.18702742e-02  8.51e-11 6.55e-15  2.08e-10     4s
  36  -1.18392930e-02 -1.18611348e-02  3.43e-11 7.20e-15  1.38e-10     4s
  37  -1.18401048e-02 -1.18419486e-02  8.77e-11 7.34e-12  1.17e-11     4s
  38  -1.18403697e-02 -1.18403824e-02  1.24e-11 3.96e-12  8.78e-14     5s
  39  -1.18403716e-02 -1.18403716e-02  5.54e-13 7.36e-14  1.89e-16     5s

Barrier solved model in 39 iterations and 4.60 seconds (2.81 work units)
Optimal objective -1.18403716e-02


Root crossover log...

       0 PPushes remaining with PInf 0.0000000e+00                 5s

  Push phase complete: Pinf 0.0000000e+00, Dinf 5.7642769e-17      5s


Root simplex log...

Iteration    Objective       Primal Inf.    Dual Inf.      Time
   26902   -1.1840372e-02   0.000000e+00   0.000000e+00      5s
Crossover time: 0.65 seconds (0.45 work units)
   26902   -1.1840372e-02   0.000000e+00   0.000000e+00      5s

Root relaxation: objective -1.184037e-02, 26902 iterations, 3.72 seconds (2.24 work units)

    Nodes    |    Current Node    |     Objective Bounds      |     Work
 Expl Unexpl |  Obj  Depth IntInf | Incumbent    BestBd   Gap | It/Node Time

     0     0   -0.01184    0 1029   -0.01022   -0.01184  15.9%     -    5s
H    0     0                      -0.0103426   -0.01184  14.5%     -    6s
H    0     0                      -0.0103969   -0.01184  13.9%     -    6s
H    0     0                      -0.0105323   -0.01184  12.4%     -    7s
H    0     0                      -0.0106505   -0.01184  11.2%     -    7s
     0     0   -0.01184    0  925   -0.01065   -0.01184  11.1%     -   15s

Cutting planes:
  Projected implied bound: 10
  MIR: 172
  Flow cover: 63
  BQP: 172

Explored 1 nodes (29593 simplex iterations) in 20.03 seconds (15.88 work units)
Thread count was 1 (of 16 available processors)

Solution count 5: -0.0106505 -0.0105323 -0.0103969 ... -0.0102156

Time limit reached
Best objective -1.065045380092e-02, best bound -1.183415087980e-02, gap 11.1141%

User-callback calls 4809, time in user-callback 0.56 sec
Set parameter Threads to value 1
Set parameter Method to value 2
Set parameter NodeMethod to value 1
Set parameter Crossover to value 2
Set parameter DegenMoves to value 0
Set parameter CutPasses to value 1
Set parameter MIPFocus to value 3
Set parameter MIPGap to value 0
Set parameter MIPGapAbs to value 0
Set parameter FeasibilityTol to value 1e-08
Set parameter IntFeasTol to value 1e-08
Set parameter OptimalityTol to value 1e-08
Set parameter Seed to value 20260929
Set parameter TimeLimit to value 20
