
Gurobi 13.0.2 (win64) logging started Sun Oct  4 19:26:20 2026

Set parameter LogFile to value "docs/v42_m1_certified_arc_lp_floor_and_threshold_cg/logs/RMP_0001.log"
Gurobi Optimizer version 13.0.2 build v13.0.2rc1 (win64 - Windows 11+.0 (26200.2))

CPU model: 13th Gen Intel(R) Core(TM) i7-13620H, instruction set [SSE2|AVX|AVX2]
Thread count: 10 physical cores, 16 logical processors, using up to 1 threads

Non-default parameters:
TimeLimit  60
FeasibilityTol  1e-08
IntFeasTol  1e-08
OptimalityTol  1e-08
Method  2
LPWarmStart  0
BarConvTol  1e-11
Crossover  1
PreDual  0
LogToConsole  0
Seed  20260929
Threads  1

Optimize a model with 679959 rows, 82375 columns and 7242177 nonzeros (Min)
Model fingerprint: 0xa48b101d
Model has 1 linear objective coefficients
Coefficient statistics:
  Matrix range     [1e-13, 4e+02]
  Objective range  [1e+00, 1e+00]
  Bounds range     [1e+00, 1e+00]
  RHS range        [2e-24, 2e+03]
Warning: Model contains large matrix coefficient range
         Consider reformulating model or setting NumericFocus parameter
         to avoid numerical issues.

Presolve time: 2.67s
Presolved: 138011 rows, 48597 columns, 1926000 nonzeros

Ordering time: 0.84s

Barrier statistics:
 Dense cols : 3030
 AA' NZ     : 2.366e+06
 Factor NZ  : 4.876e+06 (roughly 120 MB of memory)
 Factor Ops : 1.856e+09 (less than 1 second per iteration)
 Threads    : 1

                  Objective                Residual
Iter       Primal          Dual         Primal    Dual     Compl     Time
   0   4.48316077e+03 -2.53178319e+06  9.27e+07 0.00e+00  5.70e+04     6s
   1   4.48309711e+03 -2.54615947e+06  9.27e+07 1.37e+02  5.69e+04     6s
   2   4.48304578e+03 -2.54618706e+06  9.27e+07 1.58e+02  5.69e+04     6s
   3   4.48334197e+03 -2.54424120e+06  9.27e+07 1.59e+02  5.69e+04     7s
   4   4.48424258e+03 -2.55187687e+06  9.27e+07 1.51e+02  5.69e+04     7s
   5   4.48418491e+03 -2.59831272e+06  9.27e+07 4.92e+02  5.69e+04     7s
   6   4.48422992e+03 -2.60029407e+06  9.27e+07 4.91e+02  5.69e+04     7s
   7   4.48426980e+03 -2.60018104e+06  9.27e+07 4.91e+02  5.69e+04     8s
   8   4.48432211e+03 -2.60038820e+06  9.27e+07 4.91e+02  5.69e+04     8s
   9   4.48428743e+03 -2.60111451e+06  9.27e+07 4.89e+02  5.69e+04     8s
  10   4.48431973e+03 -2.59937595e+06  9.27e+07 4.90e+02  5.69e+04     9s
  11   4.48500858e+03 -2.59968611e+06  9.27e+07 4.91e+02  5.70e+04     9s
  12   4.48527206e+03 -2.58374718e+06  9.27e+07 5.04e+02  5.66e+04     9s
  13   4.48528129e+03 -2.56781424e+06  9.27e+07 5.70e+02  5.64e+04    10s
  14   4.48765156e+03 -2.59360188e+06  9.26e+07 5.67e+02  5.63e+04    10s
  15   4.48839477e+03 -2.55881200e+06  9.26e+07 5.67e+02  5.62e+04    10s
  16   4.48853434e+03 -2.56892746e+06  9.26e+07 5.67e+02  5.62e+04    10s
  17   4.49030343e+03 -2.59310370e+06  9.25e+07 5.01e+02  5.63e+04    11s
  18   4.49047269e+03 -2.55868586e+06  9.25e+07 5.00e+02  5.62e+04    11s
  19   4.49148937e+03 -2.58734958e+06  9.25e+07 4.82e+02  5.62e+04    11s
  20   4.49148636e+03 -2.58174547e+06  9.25e+07 4.82e+02  5.62e+04    12s
  21   4.49169639e+03 -2.58774785e+06  9.25e+07 4.81e+02  5.62e+04    12s

Barrier performed 21 iterations in 12.00 seconds (11.81 work units)
Numerical trouble encountered

Model may be infeasible or unbounded.  Consider using the
homogeneous algorithm (through parameter 'BarHomogeneous')

Iteration    Objective       Primal Inf.    Dual Inf.      Time
       0    1.0000000e+00   1.551060e+06   4.016668e+10     13s
   19244    1.0000000e+00   2.346853e+05   2.187300e+10     15s
   24036    1.0000000e+00   1.770484e+04   4.318138e+09     21s
   25403    1.0000000e+00   7.637888e+02   3.136804e+09     25s
   26673    1.0000000e+00   2.329733e-02   4.396809e+07     31s
   27713    5.8508572e-01   0.000000e+00   1.025792e+00     35s
Crossover changed status from Numeric to Optimal
   28182    5.8368180e-01   0.000000e+00   0.000000e+00     38s

Solved in 28182 iterations and 38.31 seconds (54.41 work units)
Optimal objective  5.836817975e-01

User-callback calls 29985, time in user-callback 3.02 sec
Discarded solution information including additional information
Set parameter Threads to value 1
Set parameter Method to value 2
Set parameter Crossover to value 1
Set parameter LPWarmStart to value 0
Set parameter PreDual to value 0
Set parameter BarConvTol to value 1e-11
Set parameter Seed to value 20260929
Set parameter FeasibilityTol to value 1e-08
Set parameter IntFeasTol to value 1e-08
Set parameter OptimalityTol to value 1e-08
Set parameter TimeLimit to value 60
