
Gurobi 13.0.2 (win64) logging started Sun Oct  4 19:27:32 2026

Set parameter LogFile to value "docs/v42_m1_certified_arc_lp_floor_and_threshold_cg/logs/RMP_0002.log"
Gurobi Optimizer version 13.0.2 build v13.0.2rc1 (win64 - Windows 11+.0 (26200.2))

CPU model: 13th Gen Intel(R) Core(TM) i7-13620H, instruction set [SSE2|AVX|AVX2]
Thread count: 10 physical cores, 16 logical processors, using up to 1 threads

Non-default parameters:
TimeLimit  60
FeasibilityTol  1e-08
IntFeasTol  1e-08
OptimalityTol  1e-08
Method  2
LPWarmStart  0
BarConvTol  1e-11
Crossover  1
PreDual  0
LogToConsole  0
Seed  20260929
Threads  1

Optimize a model with 679959 rows, 82391 columns and 7248759 nonzeros (Min)
Model fingerprint: 0x7304205f
Model has 1 linear objective coefficients
Coefficient statistics:
  Matrix range     [1e-13, 4e+02]
  Objective range  [1e+00, 1e+00]
  Bounds range     [1e+00, 1e+00]
  RHS range        [2e-24, 2e+03]
Warning: Model contains large matrix coefficient range
         Consider reformulating model or setting NumericFocus parameter
         to avoid numerical issues.

Presolve time: 2.50s
Presolved: 140931 rows, 49728 columns, 1978568 nonzeros

Ordering time: 0.91s

Barrier statistics:
 Dense cols : 3093
 AA' NZ     : 2.452e+06
 Factor NZ  : 5.316e+06 (roughly 120 MB of memory)
 Factor Ops : 2.381e+09 (less than 1 second per iteration)
 Threads    : 1

                  Objective                Residual
Iter       Primal          Dual         Primal    Dual     Compl     Time
   0   4.48890838e+03 -2.60342402e+06  9.28e+07 0.00e+00  5.71e+04     5s
   1   4.49028696e+03 -2.61558441e+06  9.28e+07 5.36e+01  5.72e+04     6s
   2   4.49033962e+03 -2.61111206e+06  9.28e+07 5.36e+01  5.72e+04     6s
   3   4.49052145e+03 -2.61519028e+06  9.28e+07 5.86e+01  5.71e+04     6s
   4   4.49052297e+03 -2.61461616e+06  9.28e+07 5.46e+01  5.71e+04     7s
   5   4.49037142e+03 -2.61581093e+06  9.28e+07 6.17e+01  5.71e+04     7s
   6   4.49015329e+03 -2.61592419e+06  9.28e+07 6.66e+01  5.71e+04     7s
   7   4.49017693e+03 -2.61057352e+06  9.28e+07 1.00e+02  5.71e+04     8s
   8   4.49012879e+03 -2.60948986e+06  9.28e+07 9.62e+01  5.71e+04     8s
   9   4.49063673e+03 -2.60641543e+06  9.28e+07 9.35e+01  5.71e+04     9s
  10   4.49136078e+03 -2.61583100e+06  9.28e+07 7.44e+01  5.71e+04     9s
  11   4.49130932e+03 -2.61025052e+06  9.28e+07 7.43e+01  5.71e+04     9s
  12   4.49186651e+03 -2.56326352e+06  9.27e+07 7.29e+01  5.68e+04    10s
  13   4.49293857e+03 -2.58382836e+06  9.27e+07 7.85e+01  5.67e+04    10s
  14   4.49283166e+03 -2.55913693e+06  9.27e+07 9.87e+01  5.66e+04    10s
  15   4.49300955e+03 -2.55765963e+06  9.27e+07 9.88e+01  5.65e+04    11s
  16   4.49386102e+03 -2.57945784e+06  9.27e+07 1.08e+02  5.65e+04    11s
  17   4.49394587e+03 -2.59157155e+06  9.27e+07 1.42e+02  5.65e+04    11s
  18   4.49403644e+03 -2.59051485e+06  9.27e+07 1.59e+02  5.64e+04    12s
  19   4.49412852e+03 -2.59140762e+06  9.27e+07 1.57e+02  5.64e+04    12s
  20   4.49420610e+03 -2.59082496e+06  9.27e+07 1.48e+02  5.64e+04    12s
  21   4.49429608e+03 -2.60986427e+06  9.27e+07 2.60e+02  5.64e+04    13s

Barrier performed 21 iterations in 12.66 seconds (12.63 work units)
Numerical trouble encountered

Model may be infeasible or unbounded.  Consider using the
homogeneous algorithm (through parameter 'BarHomogeneous')

Iteration    Objective       Primal Inf.    Dual Inf.      Time
       0    1.0000000e+00   1.596362e+06   4.104735e+10     14s
   14703    1.0000000e+00   6.690945e+05   7.489958e+09     15s
   23511    1.0000000e+00   4.241129e+04   4.186382e+09     20s
   25667    1.0000000e+00   5.997725e+02   3.025720e+08     26s
   26765    6.0610815e-01   0.000000e+00   1.505280e+00     30s
   27915    5.8316354e-01   0.000000e+00   1.288122e-02     36s
Crossover changed status from Numeric to Optimal
   28078    5.8304349e-01   0.000000e+00   0.000000e+00     37s

Solved in 28078 iterations and 37.25 seconds (53.06 work units)
Optimal objective  5.830434913e-01

User-callback calls 29879, time in user-callback 2.91 sec
Discarded solution information including additional information
Set parameter Threads to value 1
Set parameter Method to value 2
Set parameter Crossover to value 1
Set parameter LPWarmStart to value 0
Set parameter PreDual to value 0
Set parameter BarConvTol to value 1e-11
Set parameter Seed to value 20260929
Set parameter FeasibilityTol to value 1e-08
Set parameter IntFeasTol to value 1e-08
Set parameter OptimalityTol to value 1e-08
Set parameter TimeLimit to value 60
