
Gurobi 13.0.2 (win64) logging started Thu Oct  8 06:00:49 2026

Set parameter LogFile to value "C:\v42_m1_exact_solver_redesign_20261008\docs\v42_m_practical_exact_solver_overnight_20261008\external_production\external_nodes\0001\LP.log"
Gurobi Optimizer version 13.0.2 build v13.0.2rc1 (win64 - Windows 11+.0 (26200.2))

CPU model: 13th Gen Intel(R) Core(TM) i7-13620H, instruction set [SSE2|AVX|AVX2]
Thread count: 10 physical cores, 16 logical processors, using up to 1 threads

Non-default parameters:
TimeLimit  900
FeasibilityTol  1e-08
IntFeasTol  1e-08
MIPGap  0.005
OptimalityTol  1e-08
Method  2
LPWarmStart  0
Crossover  0
DegenMoves  0
MIPFocus  3
NodeMethod  1
LogToConsole  0
Seed  20260929
Threads  1

Optimize a model with 582808 rows, 306040 columns and 5351612 nonzeros (Min)
Model fingerprint: 0x46560287
Model has 1 linear objective coefficients
Coefficient statistics:
  Matrix range     [1e-13, 4e+02]
  Objective range  [1e+00, 1e+00]
  Bounds range     [3e-08, 2e+03]
  RHS range        [2e-24, 2e+03]
Warning: Model contains large matrix coefficient range
         Consider reformulating model or setting NumericFocus parameter
         to avoid numerical issues.

Presolve removed 175625 rows and 27240 columns
Presolve time: 1.88s
Presolved: 407183 rows, 299087 columns, 4429133 nonzeros
Elapsed ordering time = 5s
Ordering time: 5.43s

Barrier statistics:
 Dense cols : 961
 AA' NZ     : 3.785e+07
 Factor NZ  : 5.717e+07 (roughly 700 MB of memory)
 Factor Ops : 3.123e+10 (roughly 1 second per iteration)
 Threads    : 1

                  Objective                Residual
Iter       Primal          Dual         Primal    Dual     Compl     Time
   0   1.27525670e+03 -5.00174665e+05  6.52e+07 7.87e-07  1.02e+04    12s
   1   1.70157889e+03 -3.67327734e+05  4.36e+07 6.07e-03  4.39e+03    14s
   2   4.60752651e+02 -2.61931830e+05  1.80e+07 4.92e-04  5.58e+03    16s
   3   3.63335687e+01 -1.04222920e+05  1.39e+06 6.66e-15  4.40e+02    17s
   4   8.09831993e-01 -5.80235591e+04  4.14e+03 3.27e-11  9.18e+00    19s
   5   7.50625675e-01 -1.17306486e+04  1.80e+03 1.70e-14  1.83e+00    21s
   6   7.19522451e-01 -7.60958781e+02  2.50e+02 7.95e-11  1.24e-01    23s
   7   7.23491458e-01 -2.61804782e+02  8.92e+01 1.95e-11  4.32e-02    25s
   8   7.26609495e-01 -9.85221944e+01  3.15e+01 9.72e-12  1.69e-02    28s
   9   7.33702088e-01 -2.74518881e+01  1.07e+01 2.28e-09  5.04e-03    30s
  10   7.24724185e-01 -2.37281573e+00  5.34e-01 1.18e-08  4.76e-04    32s
  11   6.79990502e-01 -9.28957088e-01  3.87e-01 9.21e-09  2.41e-04    34s
  12   6.36078988e-01 -3.56491844e-01  2.71e-01 1.58e-08  1.44e-04    36s
  13   6.25463809e-01  7.21061536e-03  2.08e-01 1.57e-08  8.73e-05    38s
  14   6.11488751e-01  3.31397702e-01  1.32e-01 3.09e-08  3.80e-05    41s
  15   5.99394129e-01  4.20339930e-01  8.66e-02 3.51e-08  2.38e-05    43s
  16   5.90054143e-01  4.79622757e-01  5.61e-02 3.49e-08  1.43e-05    46s
  17   5.79079861e-01  5.39890664e-01  2.49e-02 1.79e-08  4.65e-06    49s
  18   5.75622242e-01  5.50683547e-01  1.76e-02 1.41e-08  2.83e-06    51s
  19   5.71989204e-01  5.60424497e-01  8.54e-03 1.20e-08  1.19e-06    53s
  20   5.70924072e-01  5.63896111e-01  6.09e-03 1.04e-08  7.23e-07    55s
  21   5.69915996e-01  5.66426234e-01  3.46e-03 8.43e-09  3.84e-07    58s
  22   5.69546537e-01  5.67806973e-01  2.45e-03 6.21e-09  2.22e-07    60s
  23   5.69451690e-01  5.68116758e-01  2.16e-03 6.66e-09  1.83e-07    62s
  24   5.69243684e-01  5.68359509e-01  1.57e-03 7.36e-09  1.33e-07    63s
  25   5.69145867e-01  5.68446009e-01  1.27e-03 7.41e-09  1.12e-07    65s
  26   5.69130395e-01  5.68561887e-01  1.22e-03 7.31e-09  9.98e-08    67s
  27   5.69050403e-01  5.68720290e-01  9.61e-04 7.26e-09  7.53e-08    68s
  28   5.68904381e-01  5.68823893e-01  5.20e-04 7.09e-09  4.54e-08    70s
  29   5.68883593e-01  5.68892424e-01  4.53e-04 6.74e-09  3.45e-08    72s
  30   5.68841404e-01  5.68930608e-01  3.23e-04 6.40e-09  2.36e-08    73s
  31   5.68811032e-01  5.68942226e-01  2.39e-04 6.07e-09  1.71e-08    75s
  32   5.68790793e-01  5.68953121e-01  1.79e-04 5.64e-09  1.14e-08    77s
  33   5.68771794e-01  5.68940828e-01  1.28e-04 4.95e-09  6.15e-09    78s
  34   5.68755753e-01  5.68941369e-01  8.29e-05 4.61e-09  3.64e-09    80s
  35   5.68751973e-01  5.68945141e-01  7.27e-05 4.54e-09  3.22e-09    82s
  36   5.68741500e-01  5.68945324e-01  4.74e-05 4.54e-09  2.11e-09    83s
  37   5.68737090e-01  5.68937439e-01  3.83e-05 4.54e-09  1.71e-09    85s
  38   5.68737189e-01  5.68921506e-01  3.83e-05 4.13e-09  1.70e-09    87s
  39   5.68731321e-01  5.68909847e-01  2.12e-05 3.95e-09  1.07e-09    89s
  40   5.68729440e-01  5.68892003e-01  1.69e-05 3.81e-09  8.51e-10    91s
  41   5.68728153e-01  5.68869029e-01  1.38e-05 3.82e-09  6.42e-10    93s
  42   5.68726405e-01  5.68857050e-01  1.05e-05 4.04e-09  4.54e-10    95s
  43   5.68725299e-01  5.68839269e-01  8.25e-06 4.54e-09  3.18e-10    97s
  44   5.68722982e-01  5.68834269e-01  4.32e-06 4.73e-09  1.67e-10    99s
  45   5.68722610e-01  5.68821621e-01  3.89e-06 4.69e-09  1.39e-10   101s
  46   5.68722087e-01  5.68816888e-01  3.28e-06 4.68e-09  1.13e-10   103s
  47   5.68721137e-01  5.68805485e-01  2.12e-06 4.53e-09  7.01e-11   105s
  48   5.68721012e-01  5.68799242e-01  2.01e-06 4.44e-09  6.49e-11   106s
  49   5.68719608e-01  5.68790177e-01  6.32e-07 3.49e-09  2.07e-11   109s
  50   5.68718830e-01  5.68789173e-01  3.55e-07 3.40e-09  1.15e-11   111s
  51   5.68718501e-01  5.68788886e-01  2.87e-07 3.33e-09  9.11e-12   113s
  52   5.68718155e-01  5.68788829e-01  2.29e-07 3.30e-09  7.15e-12   115s
  53   5.68718137e-01  5.68788633e-01  2.26e-07 3.24e-09  7.06e-12   116s
  54   5.68718086e-01  5.68786455e-01  2.15e-07 3.14e-09  7.10e-12   118s
  55   5.68718083e-01  5.68784690e-01  2.14e-07 2.99e-09  7.43e-12   120s
  56   5.68717990e-01  5.68783912e-01  1.97e-07 2.79e-09  6.93e-12   122s
  57   5.68717633e-01  5.68782837e-01  1.40e-07 2.44e-09  4.82e-12   124s
  58   5.68717600e-01  5.68782106e-01  1.35e-07 2.15e-09  4.74e-12   126s
  59   5.68717547e-01  5.68782063e-01  1.29e-07 2.13e-09  4.51e-12   128s
  60   5.68717510e-01  5.68781830e-01  1.24e-07 2.03e-09  4.36e-12   130s
  61   5.68717505e-01  5.68781803e-01  1.24e-07 2.02e-09  4.34e-12   132s
  62   5.68717416e-01  5.68781502e-01  1.14e-07 1.88e-09  4.02e-12   134s
  63   5.68717183e-01  5.68780517e-01  8.87e-08 2.07e-09  3.21e-12   136s
  64   5.68716986e-01  5.68779001e-01  7.28e-08 2.62e-09  2.71e-12   138s
  65   5.68716979e-01  5.68778987e-01  7.23e-08 2.63e-09  2.69e-12   140s
  66   5.68716961e-01  5.68778985e-01  7.11e-08 2.63e-09  2.64e-12   142s
  67   5.68716933e-01  5.68778901e-01  7.02e-08 2.65e-09  2.64e-12   144s
  68   5.68716928e-01  5.68778886e-01  7.00e-08 2.65e-09  2.63e-12   146s
  69   5.68716891e-01  5.68778854e-01  6.79e-08 2.66e-09  2.54e-12   148s
  70   5.68716891e-01  5.68778853e-01  6.78e-08 2.66e-09  2.54e-12   151s
  71   5.68716891e-01  5.68778853e-01  6.78e-08 2.66e-09  2.54e-12   153s
  72   5.68716884e-01  5.68778799e-01  6.76e-08 2.67e-09  2.53e-12   156s
  73   5.68716680e-01  5.68777433e-01  6.11e-08 2.91e-09  2.41e-12   159s
  74   5.68716351e-01  5.68776195e-01  4.19e-08 3.11e-09  1.68e-12   161s
  75   5.68716008e-01  5.68775873e-01  3.48e-08 3.16e-09  1.38e-12   163s
  76   5.68715527e-01  5.68775697e-01  2.64e-08 3.18e-09  1.03e-12   166s
  77   5.68714445e-01  5.68774221e-01  1.20e-08 3.37e-09  4.95e-13   168s

Barrier solved model in 77 iterations and 167.92 seconds (312.96 work units)
Optimal objective 5.68714445e-01


User-callback calls 10424, time in user-callback 0.23 sec
Discarded solution information
Set parameter Method to value 2
Set parameter Crossover to value 0
Set parameter LPWarmStart to value 0
Set parameter NumericFocus to value 0
Set parameter DualReductions to value 1
Set parameter InfUnbdInfo to value 0
Set parameter TimeLimit to value 900
