
Gurobi 13.0.2 (win64) logging started Sun Oct  4 10:06:38 2026

Set parameter LogFile to value "docs/v42_m1_movement_grid_epigraph_strengthening/M1_FIXED_DISCRETE_POLISH.log"
Gurobi Optimizer version 13.0.2 build v13.0.2rc1 (win64 - Windows 11+.0 (26200.2))

CPU model: 13th Gen Intel(R) Core(TM) i7-13620H, instruction set [SSE2|AVX|AVX2]
Thread count: 10 physical cores, 16 logical processors, using up to 1 threads

Non-default parameters:
TimeLimit  300
FeasibilityTol  1e-08
OptimalityTol  1e-08
Method  2
BarConvTol  1e-11
Crossover  1
PreDual  0
LogToConsole  0
Seed  20260929
Threads  1

Optimize a model with 886017 rows, 316743 columns and 8447855 nonzeros (Min)
Model fingerprint: 0x85c641c4
Model has 1 linear objective coefficients
Coefficient statistics:
  Matrix range     [1e-13, 4e+02]
  Objective range  [1e+00, 1e+00]
  Bounds range     [1e+00, 1e+03]
  RHS range        [2e-24, 2e+03]
Warning: Model contains large matrix coefficient range
         Consider reformulating model or setting NumericFocus parameter
         to avoid numerical issues.

Presolve time: 0.79s
Presolved: 16736 rows, 1258 columns, 70078 nonzeros

Ordering time: 0.00s

Barrier statistics:
 Dense cols : 381
 AA' NZ     : 7.089e+04
 Factor NZ  : 9.139e+04 (roughly 8 MB of memory)
 Factor Ops : 5.068e+05 (less than 1 second per iteration)
 Threads    : 1

                  Objective                Residual
Iter       Primal          Dual         Primal    Dual     Compl     Time
   0   1.41604940e+01 -1.01830330e+02  5.76e+01 3.28e-05  1.29e+00     1s
   1   1.41310025e+01 -1.18828511e+02  2.77e+01 1.12e-02  1.96e-01     1s
   2   7.46212680e-01 -2.05385382e+02  1.88e+01 9.86e-04  1.23e-01     1s
   3   7.10955312e-01 -1.43976246e+02  2.65e+00 9.54e-17  2.11e-02     1s
   4   6.71890840e-01 -5.20593850e+01  4.78e-01 4.16e-17  4.63e-03     1s
   5   6.73745350e-01 -3.36356690e+01  2.42e-01 2.78e-17  2.57e-03     1s
   6   6.72618546e-01 -1.57988601e+01  1.62e-03 9.54e-17  9.43e-04     1s
   7   6.72222291e-01  4.71540244e-01  7.11e-15 9.54e-18  1.15e-05     1s
   8   6.71201449e-01  5.15727713e-01  1.07e-14 7.21e-18  8.87e-06     1s
   9   6.69608473e-01  6.01645461e-01  7.11e-15 3.09e-18  3.88e-06     1s
  10   6.69543203e-01  6.59733928e-01  7.11e-15 5.72e-15  5.60e-07     1s
  11   6.69416236e-01  6.69405278e-01  1.07e-14 1.79e-15  6.25e-10     1s
  12   6.69415924e-01  6.69415913e-01  3.30e-11 4.77e-13  6.25e-13     1s
  13   6.69415924e-01  6.69415924e-01  4.36e-14 1.41e-13  6.25e-16     1s

Barrier solved model in 13 iterations and 0.86 seconds (1.70 work units)
Optimal objective 6.69415924e-01

Crossover log...

       2 DPushes remaining with DInf 0.0000000e+00                 1s
       0 DPushes remaining with DInf 0.0000000e+00                 1s

     288 PPushes remaining with PInf 0.0000000e+00                 1s
       0 PPushes remaining with PInf 0.0000000e+00                 1s

  Push phase complete: Pinf 0.0000000e+00, Dinf 1.6263033e-19      1s

Crossover time: 0.01 seconds (0.02 work units)
Iteration    Objective       Primal Inf.    Dual Inf.      Time
     293    6.6941592e-01   0.000000e+00   0.000000e+00      2s

Solved in 293 iterations and 1.55 seconds (2.50 work units)
Optimal objective  6.694159239e-01
