BENCHMARK_START CPU_SINGLE
BENCHMARK_DONE CPU_SINGLE 35.481235300016124 None
BENCHMARK_START CPU_MULTIPROCESS
BENCHMARK_DONE CPU_MULTIPROCESS 14.053612499963492 None
BENCHMARK_START GPU
1 warning generated.
1 warning generated.
1 warning generated.
1 warning generated.
1 warning generated.
1 warning generated.
1 warning generated.
1 warning generated.
1 warning generated.
1 warning generated.
1 warning generated.
1 warning generated.
1 warning generated.
1 warning generated.
1 warning generated.
1 warning generated.
1 warning generated.
1 warning generated.
1 warning generated.
1 warning generated.
1 warning generated.
1 warning generated.
1 warning generated.
1 warning generated.
1 warning generated.
1 warning generated.
1 warning generated.
1 warning generated.
1 warning generated.
1 warning generated.
1 warning generated.
1 warning generated.
1 warning generated.
BENCHMARK_DONE GPU 70.49693770002341 None
BENCHMARK_FROZEN CPU_MULTIPROCESS
