
Gurobi 13.0.2 (win64) logging started Thu Oct  8 18:20:46 2026

Set parameter OutputFlag to value 1
Gurobi Optimizer version 13.0.2 build v13.0.2rc1 (win64 - Windows 11+.0 (26200.2))

CPU model: 13th Gen Intel(R) Core(TM) i7-13620H, instruction set [SSE2|AVX|AVX2]
Thread count: 10 physical cores, 16 logical processors, using up to 1 threads

Non-default parameters:
TimeLimit  480
FeasibilityTol  1e-08
IntFeasTol  1e-08
MIPGap  0.005
OptimalityTol  1e-08
Method  2
Crossover  0
DegenMoves  0
MIPFocus  3
NodeMethod  1
LogToConsole  0
Seed  20260929
Threads  1

Optimize a model with 583459 rows, 306040 columns and 5352914 nonzeros (Min)
Model fingerprint: 0xc53be238
Model has 1 linear objective coefficients
Coefficient statistics:
  Matrix range     [1e-13, 4e+02]
  Objective range  [1e+00, 1e+00]
  Bounds range     [3e-08, 2e+03]
  RHS range        [2e-24, 2e+03]
Warning: Model contains large matrix coefficient range
         Consider reformulating model or setting NumericFocus parameter
         to avoid numerical issues.

Presolve removed 175553 rows and 27215 columns
Presolve time: 1.99s
Presolved: 407906 rows, 299112 columns, 4430819 nonzeros
Elapsed ordering time = 5s
Ordering time: 5.43s

Barrier statistics:
 Dense cols : 961
 AA' NZ     : 3.791e+07
 Factor NZ  : 5.765e+07 (roughly 700 MB of memory)
 Factor Ops : 3.160e+10 (roughly 1 second per iteration)
 Threads    : 1

                  Objective                Residual
Iter       Primal          Dual         Primal    Dual     Compl     Time
   0   1.27525373e+03 -5.00174575e+05  6.52e+07 7.87e-07  1.02e+04    12s
   1   1.71563194e+03 -3.65284136e+05  4.40e+07 3.63e-03  4.31e+03    14s
   2   2.86503825e+02 -2.64516518e+05  7.51e+06 3.85e-04  7.67e+02    16s
   3   3.63985851e+01 -5.91678580e+04  9.32e+05 5.44e-16  9.68e+01    17s
   4   2.99860466e+00 -2.61951179e+04  5.26e+04 5.05e-10  8.15e+00    19s
   5   1.22256040e+00 -6.72763066e+03  6.04e+03 1.97e-10  1.37e+00    21s
   6   1.01460097e+00 -8.90384876e+02  5.68e+02 4.72e-16  1.59e-01    23s
   7   1.00309217e+00 -2.87197327e+02  2.67e+02 2.81e-16  5.49e-02    24s
   8   9.95646182e-01 -9.49946952e+01  6.58e+01 1.00e-15  1.75e-02    27s
   9   9.89060550e-01 -7.52397936e+00  8.71e+00 2.20e-09  1.84e-03    29s
  10   7.18349589e-01 -1.30632602e+00  2.19e+00 1.02e-08  4.05e-04    32s
  11   6.56480460e-01 -6.70590905e-01  1.49e+00 1.97e-08  2.44e-04    34s
  12   6.43734768e-01 -3.44462627e-02  1.20e+00 2.27e-08  1.22e-04    36s
  13   6.16851552e-01  2.78122050e-01  4.23e-01 3.91e-08  5.06e-05    38s
  14   6.05024176e-01  3.84701777e-01  2.83e-01 3.53e-08  3.14e-05    40s
  15   6.00523138e-01  4.24421430e-01  2.41e-01 4.08e-08  2.47e-05    42s
  16   5.95445408e-01  4.43146871e-01  1.87e-01 4.06e-08  2.09e-05    43s
  17   5.90786357e-01  4.81353232e-01  1.45e-01 3.76e-08  1.47e-05    45s
  18   5.86426694e-01  4.98515843e-01  1.16e-01 3.01e-08  1.16e-05    47s
  19   5.81200483e-01  5.23530144e-01  8.45e-02 1.89e-08  7.35e-06    49s
  20   5.76999684e-01  5.37454030e-01  6.16e-02 1.88e-08  4.88e-06    51s
  21   5.74261217e-01  5.51652198e-01  4.36e-02 1.96e-08  2.68e-06    53s
  22   5.71706225e-01  5.58083356e-01  2.61e-02 1.34e-08  1.52e-06    55s
  23   5.70834372e-01  5.61056207e-01  2.01e-02 9.46e-09  1.06e-06    57s
  24   5.70494920e-01  5.62750936e-01  1.70e-02 7.62e-09  8.45e-07    58s
  25   5.70127761e-01  5.63961816e-01  1.36e-02 7.46e-09  6.80e-07    60s
  26   5.69981565e-01  5.65060555e-01  1.21e-02 6.76e-09  5.60e-07    62s
  27   5.69879334e-01  5.65156789e-01  1.12e-02 6.72e-09  5.35e-07    63s
  28   5.69749496e-01  5.65884984e-01  9.67e-03 6.03e-09  4.49e-07    65s
  29   5.69616587e-01  5.66492324e-01  8.28e-03 5.73e-09  3.75e-07    67s
  30   5.69393114e-01  5.66898636e-01  6.23e-03 5.91e-09  3.01e-07    69s
  31   5.69250390e-01  5.67396028e-01  4.61e-03 6.07e-09  2.33e-07    70s
  32   5.69103680e-01  5.67858048e-01  3.05e-03 6.21e-09  1.68e-07    72s
  33   5.69052737e-01  5.68138232e-01  2.51e-03 6.18e-09  1.35e-07    74s
  34   5.68998059e-01  5.68370526e-01  2.02e-03 6.15e-09  1.06e-07    76s
  35   5.68932698e-01  5.68691611e-01  1.33e-03 6.02e-09  6.77e-08    78s
  36   5.68903873e-01  5.68804207e-01  1.06e-03 5.87e-09  5.36e-08    80s
  37   5.68883073e-01  5.68885206e-01  8.64e-04 5.61e-09  4.20e-08    82s
  38   5.68861099e-01  5.68970953e-01  6.84e-04 5.39e-09  3.08e-08    84s
  39   5.68839573e-01  5.69046723e-01  4.89e-04 5.08e-09  2.05e-08    85s
  40   5.68816933e-01  5.69098757e-01  3.04e-04 4.67e-09  1.08e-08    88s
  41   5.68803354e-01  5.69109957e-01  2.20e-04 4.41e-09  5.09e-09    91s
  42   5.68789231e-01  5.69101729e-01  1.35e-04 4.42e-09  2.47e-09    93s
  43   5.68789422e-01  5.69070266e-01  1.31e-04 4.21e-09  2.41e-09    95s
  44   5.68786823e-01  5.69051605e-01  1.12e-04 4.17e-09  2.08e-09    97s
  45   5.68783584e-01  5.69046086e-01  9.48e-05 4.18e-09  1.72e-09    99s
  46   5.68783418e-01  5.69029497e-01  9.37e-05 4.19e-09  1.63e-09   100s
  47   5.68779573e-01  5.68992948e-01  6.81e-05 4.27e-09  1.13e-09   103s
  48   5.68777150e-01  5.68980702e-01  5.34e-05 4.31e-09  8.38e-10   105s
  49   5.68775749e-01  5.68953834e-01  4.45e-05 4.28e-09  6.95e-10   107s
  50   5.68775125e-01  5.68947554e-01  4.09e-05 4.28e-09  6.26e-10   109s
  51   5.68773506e-01  5.68932168e-01  3.23e-05 4.25e-09  4.68e-10   111s
  52   5.68770779e-01  5.68912525e-01  1.82e-05 4.18e-09  2.48e-10   113s
  53   5.68770328e-01  5.68910866e-01  1.66e-05 4.18e-09  2.26e-10   115s
  54   5.68768146e-01  5.68911635e-01  8.78e-06 4.31e-09  1.42e-10   117s
  55   5.68766681e-01  5.68902498e-01  5.78e-06 4.24e-09  8.36e-11   119s
  56   5.68766657e-01  5.68901211e-01  5.74e-06 4.24e-09  8.06e-11   121s
  57   5.68766197e-01  5.68899058e-01  5.05e-06 4.22e-09  6.76e-11   123s
  58   5.68765665e-01  5.68895283e-01  4.34e-06 4.21e-09  6.06e-11   124s
  59   5.68765655e-01  5.68893838e-01  4.32e-06 4.21e-09  6.04e-11   126s
  60   5.68764005e-01  5.68877967e-01  2.23e-06 4.24e-09  3.90e-11   128s
  61   5.68763516e-01  5.68878448e-01  1.90e-06 4.25e-09  3.37e-11   129s
  62   5.68763422e-01  5.68878628e-01  1.85e-06 4.23e-09  3.27e-11   131s
  63   5.68763333e-01  5.68878683e-01  1.80e-06 4.23e-09  3.17e-11   133s
  64   5.68762639e-01  5.68878918e-01  1.41e-06 4.19e-09  2.49e-11   135s
  65   5.68762273e-01  5.68879567e-01  1.25e-06 4.13e-09  2.16e-11   137s
  66   5.68761955e-01  5.68879344e-01  1.12e-06 4.11e-09  1.99e-11   138s
  67   5.68761835e-01  5.68878556e-01  1.07e-06 3.70e-09  1.91e-11   140s
  68   5.68761107e-01  5.68875063e-01  7.48e-07 3.45e-09  1.40e-11   142s
  69   5.68760965e-01  5.68874371e-01  7.01e-07 3.44e-09  1.31e-11   144s
  70   5.68760722e-01  5.68873276e-01  6.27e-07 3.43e-09  1.17e-11   147s
  71   5.68760524e-01  5.68870501e-01  5.74e-07 3.41e-09  1.08e-11   149s
  72   5.68760374e-01  5.68869588e-01  5.34e-07 3.40e-09  1.01e-11   151s
  73   5.68759931e-01  5.68867891e-01  4.23e-07 3.37e-09  8.10e-12   153s
  74   5.68759306e-01  5.68863078e-01  2.95e-07 3.38e-09  7.43e-12   155s
  75   5.68759288e-01  5.68862375e-01  2.92e-07 3.40e-09  7.33e-12   156s
  76   5.68759036e-01  5.68855725e-01  2.16e-07 3.31e-09  5.69e-12   158s
  77   5.68759037e-01  5.68853528e-01  2.14e-07 3.23e-09  6.19e-12   160s
  78   5.68759001e-01  5.68853301e-01  2.07e-07 3.23e-09  6.03e-12   162s
  79   5.68758914e-01  5.68853643e-01  1.97e-07 3.25e-09  5.76e-12   164s
  80   5.68758905e-01  5.68853602e-01  1.96e-07 3.25e-09  5.73e-12   166s
  81   5.68758900e-01  5.68853034e-01  1.95e-07 3.24e-09  5.72e-12   168s
  82   5.68758878e-01  5.68852650e-01  1.88e-07 3.22e-09  5.56e-12   170s
  83   5.68758875e-01  5.68852393e-01  1.88e-07 3.22e-09  5.55e-12   172s
  84   5.68758874e-01  5.68852019e-01  1.88e-07 3.20e-09  5.55e-12   175s
  85   5.68758870e-01  5.68851997e-01  1.87e-07 3.20e-09  5.55e-12   177s
  86   5.68758869e-01  5.68851981e-01  1.87e-07 3.20e-09  5.55e-12   179s
  87   5.68758866e-01  5.68851959e-01  1.87e-07 3.20e-09  5.54e-12   182s
  88   5.68758915e-01  5.68850560e-01  1.72e-07 3.15e-09  5.85e-12   186s
  89   5.68758785e-01  5.68848826e-01  1.49e-07 3.11e-09  5.67e-12   189s
  90   5.68758727e-01  5.68842424e-01  1.44e-07 3.10e-09  5.43e-12   191s
  91   5.68758690e-01  5.68835500e-01  1.32e-07 3.10e-09  5.28e-12   194s
  92   5.68758612e-01  5.68830443e-01  1.18e-07 3.09e-09  4.71e-12   196s
  93   5.68758480e-01  5.68822235e-01  1.02e-07 3.05e-09  4.50e-12   199s
  94   5.68758372e-01  5.68818836e-01  9.38e-08 3.04e-09  4.36e-12   201s
  95   5.68757706e-01  5.68809100e-01  4.07e-08 3.21e-09  7.08e-12   204s
  96   5.68757705e-01  5.68808917e-01  4.06e-08 3.20e-09  6.94e-12   206s
  97   5.68757680e-01  5.68796855e-01  3.98e-08 3.02e-09  8.59e-12   210s
  98   5.68757432e-01  5.68791106e-01  2.41e-08 3.01e-09  5.67e-12   211s
  99   5.68757426e-01  5.68790762e-01  2.38e-08 3.01e-09  5.79e-12   214s
 100   5.68757489e-01  5.68782493e-01  2.28e-08 1.58e-09  1.35e-11   216s
 101   5.68757475e-01  5.68779665e-01  2.19e-08 1.36e-09  1.37e-11   218s
 102   5.68757450e-01  5.68775206e-01  1.97e-08 1.03e-09  1.37e-11   221s
 103   5.68757413e-01  5.68770000e-01  1.68e-08 6.78e-10  1.25e-11   223s
 104   5.68757412e-01  5.68765085e-01  1.68e-08 3.82e-10  1.32e-11   225s
 105   5.68757400e-01  5.68763950e-01  1.39e-08 3.79e-10  1.16e-11   228s
 106   5.68757361e-01  5.68761177e-01  3.10e-08 2.79e-10  9.79e-12   230s
 107   5.68757294e-01  5.68762051e-01  1.26e-07 3.75e-10  1.60e-12   232s
 108   5.68757289e-01  5.68760472e-01  8.30e-08 2.30e-10  1.03e-12   234s
 109   5.68757287e-01  5.68760099e-01  6.23e-08 1.97e-10  8.23e-13   236s
 110   5.68757283e-01  5.68758794e-01  3.18e-08 1.05e-10  4.07e-13   238s

Barrier solved model in 110 iterations and 237.66 seconds (456.58 work units)
Optimal objective 5.68757283e-01


User-callback calls 14315, time in user-callback 0.13 sec
